[21:18:14] starting issue #4345 run run-4345-reval-v01050-20261009-2111
[21:18:14] ServerHello: version=0.105.0 build=965e243 protocol=120 mode=Full
[21:18:17] parse_evidence.json written (Ghostly Prison parse captured)
[21:18:17] game Y7DFQA P0seat=0 P1seat=1
[21:18:18] [P0] keep 7: ['grizzly bears', 'forest', 'grizzly bears', 'grizzly bears', 'forest', 'forest', 'forest']
[21:18:18] [P1] mulligan #2 (7: ['plains', 'plains', 'plains', 'plains', 'plains', 'plains', 'plains'])
[21:18:18] DIAG turn=1 active=1 phase=Untap decline_mode=False P0bears=0 P1prison=False life1=20 taxwaits=0 vikind='mulligan'
[21:18:18] [P1] mulligan #3 (7: ['plains', 'plains', 'plains', 'plains', 'plains', 'plains', 'plains'])
[21:18:18] [P1] keep 7: ['plains', 'plains', 'plains', 'plains', 'plains', 'plains', 'plains']
[21:18:18] [P1] bottoming 2 via vi
[21:18:18] [P1] vi choose (pass): choice=Y7DFQA.0.7.c0 action=passPriority obj=None
[21:18:18] [P0] vi choose (pass): choice=Y7DFQA.0.8.c0 action=passPriority obj=None
[21:18:19] [P1] vi choose (play plains): choice=Y7DFQA.0.9.c1 action=playLand obj=plains
[21:18:19] [P1] vi choose (pass): choice=Y7DFQA.0.10.c0 action=passPriority obj=None
[21:18:19] [P0] vi choose (pass): choice=Y7DFQA.0.11.c0 action=passPriority obj=None
[21:18:19] [P1] vi choose (pass): choice=Y7DFQA.0.12.c0 action=passPriority obj=None
[21:18:19] [P0] vi choose (pass): choice=Y7DFQA.0.13.c0 action=passPriority obj=None
[21:18:19] [P1] vi choose (pass): choice=Y7DFQA.0.14.c0 action=passPriority obj=None
[21:18:20] [P0] vi choose (pass): choice=Y7DFQA.0.15.c0 action=passPriority obj=None
[21:18:20] [P1] vi choose (pass): choice=Y7DFQA.0.16.c0 action=passPriority obj=None
[21:18:20] [P0] vi choose (pass): choice=Y7DFQA.0.17.c0 action=passPriority obj=None
[21:18:20] [P1] vi choose (pass): choice=Y7DFQA.0.18.c0 action=passPriority obj=None
[21:18:20] [P0] vi choose (pass): choice=Y7DFQA.0.19.c0 action=passPriority obj=None
[21:18:20] [P0] vi choose (pass): choice=Y7DFQA.0.20.c0 action=passPriority obj=None
[21:18:20] [P1] vi choose (pass): choice=Y7DFQA.0.21.c0 action=passPriority obj=None
[21:18:21] [P0] vi choose (pass): choice=Y7DFQA.0.22.c0 action=passPriority obj=None
[21:18:21] [P1] vi choose (pass): choice=Y7DFQA.0.23.c0 action=passPriority obj=None
[21:18:21] [P0] discarding 1 to hand size
[21:18:21] [P0] vi choose (pass): choice=Y7DFQA.0.25.c0 action=passPriority obj=None
[21:18:21] [P1] vi choose (pass): choice=Y7DFQA.0.26.c0 action=passPriority obj=None
[21:18:22] [P0] vi choose (pass): choice=Y7DFQA.0.27.c0 action=passPriority obj=None
[21:18:22] [P1] vi choose (pass): choice=Y7DFQA.0.28.c0 action=passPriority obj=None
[21:18:22] [P0] vi choose (pass): choice=Y7DFQA.0.29.c0 action=passPriority obj=None
[21:18:22] [P1] vi choose (pass): choice=Y7DFQA.0.30.c0 action=passPriority obj=None
[21:18:22] [P0] vi choose (pass): choice=Y7DFQA.0.31.c0 action=passPriority obj=None
[21:18:22] [P1] vi choose (pass): choice=Y7DFQA.0.32.c0 action=passPriority obj=None
[21:18:22] [P0] vi choose (pass): choice=Y7DFQA.0.33.c0 action=passPriority obj=None
[21:18:23] [P1] vi choose (pass): choice=Y7DFQA.0.34.c0 action=passPriority obj=None
[21:18:23] [P1] vi choose (pass): choice=Y7DFQA.0.35.c0 action=passPriority obj=None
[21:18:23] [P0] vi choose (pass): choice=Y7DFQA.0.36.c0 action=passPriority obj=None
[21:18:23] [P1] vi choose (pass): choice=Y7DFQA.0.37.c0 action=passPriority obj=None
[21:18:23] [P0] vi choose (pass): choice=Y7DFQA.0.38.c0 action=passPriority obj=None
[21:18:24] [P1] vi choose (play plains): choice=Y7DFQA.0.39.c1 action=playLand obj=plains
[21:18:24] [P1] vi choose (pass): choice=Y7DFQA.0.40.c0 action=passPriority obj=None
[21:18:24] [P0] vi choose (pass): choice=Y7DFQA.0.41.c0 action=passPriority obj=None
[21:18:24] [P1] vi choose (pass): choice=Y7DFQA.0.42.c0 action=passPriority obj=None
[21:18:25] [P0] vi choose (pass): choice=Y7DFQA.0.43.c0 action=passPriority obj=None
[21:18:25] [P1] vi choose (pass): choice=Y7DFQA.0.44.c0 action=passPriority obj=None
[21:18:25] [P0] vi choose (pass): choice=Y7DFQA.0.45.c0 action=passPriority obj=None
[21:18:25] [P1] vi choose (pass): choice=Y7DFQA.0.46.c0 action=passPriority obj=None
[21:18:26] [P0] vi choose (pass): choice=Y7DFQA.0.47.c0 action=passPriority obj=None
[21:18:26] [P1] vi choose (pass): choice=Y7DFQA.0.48.c0 action=passPriority obj=None
[21:18:26] [P0] vi choose (pass): choice=Y7DFQA.0.49.c0 action=passPriority obj=None
[21:18:26] [P0] vi choose (pass): choice=Y7DFQA.0.50.c0 action=passPriority obj=None
[21:18:26] [P1] vi choose (pass): choice=Y7DFQA.0.51.c0 action=passPriority obj=None
[21:18:26] [P0] vi choose (pass): choice=Y7DFQA.0.52.c0 action=passPriority obj=None
[21:18:26] [P1] vi choose (pass): choice=Y7DFQA.0.53.c0 action=passPriority obj=None
[21:18:27] [P0] discarding 1 to hand size
[21:18:27] [P0] vi choose (cast grizzly bears): choice=Y7DFQA.0.55.c1 action=castSpell obj=grizzly bears
[21:18:27] [P0] vi choose (pass): choice=Y7DFQA.0.56.c0 action=passPriority obj=None
[21:18:27] [P1] vi choose (pass): choice=Y7DFQA.0.57.c0 action=passPriority obj=None
[21:18:27] [P0] vi choose (pass): choice=Y7DFQA.0.58.c0 action=passPriority obj=None
[21:18:27] [P1] vi choose (pass): choice=Y7DFQA.0.59.c0 action=passPriority obj=None
[21:18:28] [P0] vi choose (pass): choice=Y7DFQA.0.60.c0 action=passPriority obj=None
[21:18:28] [P1] vi choose (pass): choice=Y7DFQA.0.61.c0 action=passPriority obj=None
[21:18:28] [P0] vi choose (pass): choice=Y7DFQA.0.62.c0 action=passPriority obj=None
[21:18:28] [P1] vi choose (pass): choice=Y7DFQA.0.63.c0 action=passPriority obj=None
[21:18:28] [P0] vi choose (pass): choice=Y7DFQA.0.64.c0 action=passPriority obj=None
[21:18:28] [P1] vi choose (pass): choice=Y7DFQA.0.65.c0 action=passPriority obj=None
[21:18:28] [P0] vi choose (pass): choice=Y7DFQA.0.66.c0 action=passPriority obj=None
[21:18:29] [P1] vi choose (pass): choice=Y7DFQA.0.67.c0 action=passPriority obj=None
[21:18:29] [P1] vi choose (pass): choice=Y7DFQA.0.68.c0 action=passPriority obj=None
[21:18:29] [P0] vi choose (pass): choice=Y7DFQA.0.69.c0 action=passPriority obj=None
[21:18:29] [P1] vi choose (pass): choice=Y7DFQA.0.70.c0 action=passPriority obj=None
[21:18:29] [P0] vi choose (pass): choice=Y7DFQA.0.71.c0 action=passPriority obj=None
[21:18:30] [P1] vi choose (play plains): choice=Y7DFQA.0.72.c1 action=playLand obj=plains
[21:18:30] [P1] vi choose (pass): choice=Y7DFQA.0.73.c0 action=passPriority obj=None
[21:18:30] [P0] vi choose (pass): choice=Y7DFQA.0.74.c0 action=passPriority obj=None
[21:18:30] [P1] vi choose (pass): choice=Y7DFQA.0.75.c0 action=passPriority obj=None
[21:18:30] [P0] vi choose (pass): choice=Y7DFQA.0.76.c0 action=passPriority obj=None
[21:18:30] [P1] vi choose (pass): choice=Y7DFQA.0.77.c0 action=passPriority obj=None
[21:18:31] [P0] vi choose (pass): choice=Y7DFQA.0.78.c0 action=passPriority obj=None
[21:18:31] [P1] vi choose (pass): choice=Y7DFQA.0.79.c0 action=passPriority obj=None
[21:18:31] [P0] vi choose (pass): choice=Y7DFQA.0.80.c0 action=passPriority obj=None
[21:18:31] [P1] vi choose (pass): choice=Y7DFQA.0.81.c0 action=passPriority obj=None
[21:18:31] [P0] vi choose (pass): choice=Y7DFQA.0.82.c0 action=passPriority obj=None
[21:18:31] [P0] vi choose (pass): choice=Y7DFQA.0.83.c0 action=passPriority obj=None
[21:18:32] [P1] vi choose (pass): choice=Y7DFQA.0.84.c0 action=passPriority obj=None
[21:18:32] [P0] vi choose (pass): choice=Y7DFQA.0.85.c0 action=passPriority obj=None
[21:18:32] [P1] vi choose (pass): choice=Y7DFQA.0.86.c0 action=passPriority obj=None
[21:18:32] [P0] vi choose (cast grizzly bears): choice=Y7DFQA.0.87.c4 action=castSpell obj=grizzly bears
[21:18:32] [P0] vi choose (pass): choice=Y7DFQA.0.88.c0 action=passPriority obj=None
[21:18:32] [P1] vi choose (pass): choice=Y7DFQA.0.89.c0 action=passPriority obj=None
[21:18:32] [P0] vi choose (play forest): choice=Y7DFQA.0.90.c1 action=playLand obj=forest
[21:18:33] [P0] vi choose (pass): choice=Y7DFQA.0.91.c0 action=passPriority obj=None
[21:18:33] [P1] vi choose (pass): choice=Y7DFQA.0.92.c0 action=passPriority obj=None
[21:18:33] [P0] vi choose (pass): choice=Y7DFQA.0.93.c0 action=passPriority obj=None
[21:18:33] [P1] vi choose (pass): choice=Y7DFQA.0.94.c0 action=passPriority obj=None
[21:18:33] [P0] declares no attackers (prison=False ready=1 mana_ok=False decline_mode=False)
[21:18:33] [P0] vi choose (pass): choice=Y7DFQA.0.96.c0 action=passPriority obj=None
[21:18:33] [P1] vi choose (pass): choice=Y7DFQA.0.97.c0 action=passPriority obj=None
[21:18:34] [P0] vi choose (pass): choice=Y7DFQA.0.98.c0 action=passPriority obj=None
[21:18:34] [P1] vi choose (pass): choice=Y7DFQA.0.99.c0 action=passPriority obj=None
[21:18:34] [P0] vi choose (pass): choice=Y7DFQA.0.100.c0 action=passPriority obj=None
[21:18:34] [P1] vi choose (pass): choice=Y7DFQA.0.101.c0 action=passPriority obj=None
[21:18:34] [P1] vi choose (pass): choice=Y7DFQA.0.102.c0 action=passPriority obj=None
[21:18:35] [P0] vi choose (pass): choice=Y7DFQA.0.103.c0 action=passPriority obj=None
[21:18:35] [P1] vi choose (pass): choice=Y7DFQA.0.104.c0 action=passPriority obj=None
[21:18:35] [P0] vi choose (pass): choice=Y7DFQA.0.105.c0 action=passPriority obj=None
[21:18:36] [P1] vi choose (play plains): choice=Y7DFQA.0.106.c1 action=playLand obj=plains
[21:18:36] [P1] vi choose (pass): choice=Y7DFQA.0.107.c0 action=passPriority obj=None
[21:18:36] [P0] vi choose (pass): choice=Y7DFQA.0.108.c0 action=passPriority obj=None
[21:18:36] [P1] vi choose (pass): choice=Y7DFQA.0.109.c0 action=passPriority obj=None
[21:18:36] [P0] vi choose (pass): choice=Y7DFQA.0.110.c0 action=passPriority obj=None
[21:18:37] [P1] vi choose (pass): choice=Y7DFQA.0.111.c0 action=passPriority obj=None
[21:18:37] [P0] vi choose (pass): choice=Y7DFQA.0.112.c0 action=passPriority obj=None
[21:18:37] [P1] vi choose (pass): choice=Y7DFQA.0.113.c0 action=passPriority obj=None
[21:18:37] [P0] vi choose (pass): choice=Y7DFQA.0.114.c0 action=passPriority obj=None
[21:18:37] [P1] vi choose (pass): choice=Y7DFQA.0.115.c0 action=passPriority obj=None
[21:18:37] [P0] vi choose (pass): choice=Y7DFQA.0.116.c0 action=passPriority obj=None
[21:18:37] [P0] vi choose (pass): choice=Y7DFQA.0.117.c0 action=passPriority obj=None
[21:18:38] [P1] vi choose (pass): choice=Y7DFQA.0.118.c0 action=passPriority obj=None
[21:18:38] [P0] vi choose (pass): choice=Y7DFQA.0.119.c0 action=passPriority obj=None
[21:18:38] [P1] vi choose (pass): choice=Y7DFQA.0.120.c0 action=passPriority obj=None
[21:18:38] [P0] vi choose (cast grizzly bears): choice=Y7DFQA.0.121.c4 action=castSpell obj=grizzly bears
[21:18:38] [P0] vi choose (pass): choice=Y7DFQA.0.122.c0 action=passPriority obj=None
[21:18:38] [P1] vi choose (pass): choice=Y7DFQA.0.123.c0 action=passPriority obj=None
[21:18:39] [P0] vi choose (play forest): choice=Y7DFQA.0.124.c1 action=playLand obj=forest
[21:18:39] [P0] vi choose (cast grizzly bears): choice=Y7DFQA.0.125.c1 action=castSpell obj=grizzly bears
[21:18:39] [P0] vi choose (pass): choice=Y7DFQA.0.126.c0 action=passPriority obj=None
[21:18:39] [P1] vi choose (pass): choice=Y7DFQA.0.127.c0 action=passPriority obj=None
[21:18:39] [P0] vi choose (pass): choice=Y7DFQA.0.128.c0 action=passPriority obj=None
[21:18:39] [P1] vi choose (pass): choice=Y7DFQA.0.129.c0 action=passPriority obj=None
[21:18:39] [P0] vi choose (pass): choice=Y7DFQA.0.130.c0 action=passPriority obj=None
[21:18:40] [P1] vi choose (pass): choice=Y7DFQA.0.131.c0 action=passPriority obj=None
[21:18:40] [P0] declares no attackers (prison=False ready=2 mana_ok=False decline_mode=False)
[21:18:40] [P0] vi choose (pass): choice=Y7DFQA.0.133.c0 action=passPriority obj=None
[21:18:40] [P1] vi choose (pass): choice=Y7DFQA.0.134.c0 action=passPriority obj=None
[21:18:40] [P0] vi choose (pass): choice=Y7DFQA.0.135.c0 action=passPriority obj=None
[21:18:40] [P1] vi choose (pass): choice=Y7DFQA.0.136.c0 action=passPriority obj=None
[21:18:40] [P0] vi choose (pass): choice=Y7DFQA.0.137.c0 action=passPriority obj=None
[21:18:41] [P1] vi choose (pass): choice=Y7DFQA.0.138.c0 action=passPriority obj=None
[21:18:41] [P1] vi choose (pass): choice=Y7DFQA.0.139.c0 action=passPriority obj=None
[21:18:41] [P0] vi choose (pass): choice=Y7DFQA.0.140.c0 action=passPriority obj=None
[21:18:41] [P1] vi choose (pass): choice=Y7DFQA.0.141.c0 action=passPriority obj=None
[21:18:41] [P0] vi choose (pass): choice=Y7DFQA.0.142.c0 action=passPriority obj=None
[21:18:42] [P1] vi choose (play plains): choice=Y7DFQA.0.143.c1 action=playLand obj=plains
[21:18:42] [P1] vi choose (pass): choice=Y7DFQA.0.144.c0 action=passPriority obj=None
[21:18:42] [P0] vi choose (pass): choice=Y7DFQA.0.145.c0 action=passPriority obj=None
[21:18:42] [P1] vi choose (pass): choice=Y7DFQA.0.146.c0 action=passPriority obj=None
[21:18:42] [P0] vi choose (pass): choice=Y7DFQA.0.147.c0 action=passPriority obj=None
[21:18:42] [P1] vi choose (pass): choice=Y7DFQA.0.148.c0 action=passPriority obj=None
[21:18:43] [P0] vi choose (pass): choice=Y7DFQA.0.149.c0 action=passPriority obj=None
[21:18:43] [P1] vi choose (pass): choice=Y7DFQA.0.150.c0 action=passPriority obj=None
[21:18:43] [P0] vi choose (pass): choice=Y7DFQA.0.151.c0 action=passPriority obj=None
[21:18:43] [P1] vi choose (pass): choice=Y7DFQA.0.152.c0 action=passPriority obj=None
[21:18:43] [P0] vi choose (pass): choice=Y7DFQA.0.153.c0 action=passPriority obj=None
[21:18:44] [P0] vi choose (pass): choice=Y7DFQA.0.154.c0 action=passPriority obj=None
[21:18:44] [P1] vi choose (pass): choice=Y7DFQA.0.155.c0 action=passPriority obj=None
[21:18:44] [P0] vi choose (pass): choice=Y7DFQA.0.156.c0 action=passPriority obj=None
[21:18:44] [P1] vi choose (pass): choice=Y7DFQA.0.157.c0 action=passPriority obj=None
[21:18:44] [P0] vi choose (cast grizzly bears): choice=Y7DFQA.0.158.c4 action=castSpell obj=grizzly bears
[21:18:44] [P0] vi choose (pass): choice=Y7DFQA.0.159.c0 action=passPriority obj=None
[21:18:44] [P1] vi choose (pass): choice=Y7DFQA.0.160.c0 action=passPriority obj=None
[21:18:45] [P0] vi choose (play forest): choice=Y7DFQA.0.161.c1 action=playLand obj=forest
[21:18:45] [P0] vi choose (pass): choice=Y7DFQA.0.162.c0 action=passPriority obj=None
[21:18:45] [P1] vi choose (pass): choice=Y7DFQA.0.163.c0 action=passPriority obj=None
[21:18:45] [P0] vi choose (pass): choice=Y7DFQA.0.164.c0 action=passPriority obj=None
[21:18:45] [P1] vi choose (pass): choice=Y7DFQA.0.165.c0 action=passPriority obj=None
[21:18:45] [P0] declares no attackers (prison=False ready=4 mana_ok=True decline_mode=False)
[21:18:46] [P0] vi choose (pass): choice=Y7DFQA.0.167.c0 action=passPriority obj=None
[21:18:46] [P1] vi choose (pass): choice=Y7DFQA.0.168.c0 action=passPriority obj=None
[21:18:46] [P0] vi choose (pass): choice=Y7DFQA.0.169.c0 action=passPriority obj=None
[21:18:46] [P1] vi choose (pass): choice=Y7DFQA.0.170.c0 action=passPriority obj=None
[21:18:46] [P0] vi choose (pass): choice=Y7DFQA.0.171.c0 action=passPriority obj=None
[21:18:46] [P1] vi choose (pass): choice=Y7DFQA.0.172.c0 action=passPriority obj=None
[21:18:46] [P1] vi choose (pass): choice=Y7DFQA.0.173.c0 action=passPriority obj=None
[21:18:47] [P0] vi choose (pass): choice=Y7DFQA.0.174.c0 action=passPriority obj=None
[21:18:47] [P1] vi choose (pass): choice=Y7DFQA.0.175.c0 action=passPriority obj=None
[21:18:47] [P0] vi choose (pass): choice=Y7DFQA.0.176.c0 action=passPriority obj=None
[21:18:47] [P1] vi choose (play plains): choice=Y7DFQA.0.177.c1 action=playLand obj=plains
[21:18:47] [P1] vi choose (pass): choice=Y7DFQA.0.178.c0 action=passPriority obj=None
[21:18:48] [P0] vi choose (pass): choice=Y7DFQA.0.179.c0 action=passPriority obj=None
[21:18:48] [P1] vi choose (pass): choice=Y7DFQA.0.180.c0 action=passPriority obj=None
[21:18:48] [P0] vi choose (pass): choice=Y7DFQA.0.181.c0 action=passPriority obj=None
[21:18:48] [P1] vi choose (pass): choice=Y7DFQA.0.182.c0 action=passPriority obj=None
[21:18:48] [P0] vi choose (pass): choice=Y7DFQA.0.183.c0 action=passPriority obj=None
[21:18:48] [P1] vi choose (pass): choice=Y7DFQA.0.184.c0 action=passPriority obj=None
[21:18:48] [P0] vi choose (pass): choice=Y7DFQA.0.185.c0 action=passPriority obj=None
[21:18:49] [P1] vi choose (pass): choice=Y7DFQA.0.186.c0 action=passPriority obj=None
[21:18:49] [P0] vi choose (pass): choice=Y7DFQA.0.187.c0 action=passPriority obj=None
[21:18:49] [P0] vi choose (pass): choice=Y7DFQA.0.188.c0 action=passPriority obj=None
[21:18:49] [P1] vi choose (pass): choice=Y7DFQA.0.189.c0 action=passPriority obj=None
[21:18:49] [P0] vi choose (pass): choice=Y7DFQA.0.190.c0 action=passPriority obj=None
[21:18:49] [P1] vi choose (pass): choice=Y7DFQA.0.191.c0 action=passPriority obj=None
[21:18:49] [P0] vi choose (cast grizzly bears): choice=Y7DFQA.0.192.c3 action=castSpell obj=grizzly bears
[21:18:50] [P0] vi choose (pass): choice=Y7DFQA.0.193.c0 action=passPriority obj=None
[21:18:50] [P1] vi choose (pass): choice=Y7DFQA.0.194.c0 action=passPriority obj=None
[21:18:50] [P0] vi choose (play forest): choice=Y7DFQA.0.195.c1 action=playLand obj=forest
[21:18:50] [P0] vi choose (pass): choice=Y7DFQA.0.196.c0 action=passPriority obj=None
[21:18:50] [P1] vi choose (pass): choice=Y7DFQA.0.197.c0 action=passPriority obj=None
[21:18:50] [P0] vi choose (pass): choice=Y7DFQA.0.198.c0 action=passPriority obj=None
[21:18:51] [P1] vi choose (pass): choice=Y7DFQA.0.199.c0 action=passPriority obj=None
[21:18:51] [P0] declares no attackers (prison=False ready=5 mana_ok=True decline_mode=False)
[21:18:51] [P0] vi choose (pass): choice=Y7DFQA.0.201.c0 action=passPriority obj=None
[21:18:51] [P1] vi choose (pass): choice=Y7DFQA.0.202.c0 action=passPriority obj=None
[21:18:51] [P0] vi choose (pass): choice=Y7DFQA.0.203.c0 action=passPriority obj=None
[21:18:51] [P1] vi choose (pass): choice=Y7DFQA.0.204.c0 action=passPriority obj=None
[21:18:51] [P0] vi choose (pass): choice=Y7DFQA.0.205.c0 action=passPriority obj=None
[21:18:52] [P1] vi choose (pass): choice=Y7DFQA.0.206.c0 action=passPriority obj=None
[21:18:52] [P1] vi choose (pass): choice=Y7DFQA.0.207.c0 action=passPriority obj=None
[21:18:52] [P0] vi choose (pass): choice=Y7DFQA.0.208.c0 action=passPriority obj=None
[21:18:52] [P1] vi choose (pass): choice=Y7DFQA.0.209.c0 action=passPriority obj=None
[21:18:52] [P0] vi choose (pass): choice=Y7DFQA.0.210.c0 action=passPriority obj=None
[21:18:52] [P1] vi choose (cast ghostly prison): choice=Y7DFQA.0.211.c5 action=castSpell obj=ghostly prison
[21:18:53] [P1] vi choose (pass): choice=Y7DFQA.0.212.c0 action=passPriority obj=None
[21:18:53] [P0] vi choose (pass): choice=Y7DFQA.0.213.c0 action=passPriority obj=None
[21:18:53] [P1] vi choose (play plains): choice=Y7DFQA.0.214.c1 action=playLand obj=plains
[21:18:53] [P1] vi choose (pass): choice=Y7DFQA.0.215.c0 action=passPriority obj=None
[21:18:53] [P0] vi choose (pass): choice=Y7DFQA.0.216.c0 action=passPriority obj=None
[21:18:53] [P1] vi choose (pass): choice=Y7DFQA.0.217.c0 action=passPriority obj=None
[21:18:53] [P0] vi choose (pass): choice=Y7DFQA.0.218.c0 action=passPriority obj=None
[21:18:54] [P1] vi choose (pass): choice=Y7DFQA.0.219.c0 action=passPriority obj=None
[21:18:54] [P0] vi choose (pass): choice=Y7DFQA.0.220.c0 action=passPriority obj=None
[21:18:54] [P1] vi choose (pass): choice=Y7DFQA.0.221.c0 action=passPriority obj=None
[21:18:54] [P0] vi choose (pass): choice=Y7DFQA.0.222.c0 action=passPriority obj=None
[21:18:54] [P1] vi choose (pass): choice=Y7DFQA.0.223.c0 action=passPriority obj=None
[21:18:54] [P0] vi choose (pass): choice=Y7DFQA.0.224.c0 action=passPriority obj=None
[21:18:55] [P0] vi choose (pass): choice=Y7DFQA.0.225.c0 action=passPriority obj=None
[21:18:55] [P1] vi choose (pass): choice=Y7DFQA.0.226.c0 action=passPriority obj=None
[21:18:55] [P0] vi choose (pass): choice=Y7DFQA.0.227.c0 action=passPriority obj=None
[21:18:55] [P1] vi choose (pass): choice=Y7DFQA.0.228.c0 action=passPriority obj=None
[21:18:55] [P0] vi choose (play forest): choice=Y7DFQA.0.229.c1 action=playLand obj=forest
[21:18:56] [P0] vi choose (pass): choice=Y7DFQA.0.230.c0 action=passPriority obj=None
[21:18:56] [P1] vi choose (pass): choice=Y7DFQA.0.231.c0 action=passPriority obj=None
[21:18:56] [P0] vi choose (pass): choice=Y7DFQA.0.232.c0 action=passPriority obj=None
[21:18:56] [P1] vi choose (pass): choice=Y7DFQA.0.233.c0 action=passPriority obj=None
[21:18:56] [P0] declares attack: Bear 6 -> P1 (mode=pay)
[21:18:56] [P0] CombatTaxPayment wait (mode=pay): avail=2 pay_offered=True decline_offered=True
[21:18:56] [P0] dumped tax_decision_dump.json
[21:18:56] [P0] exported mid_tax.json (first tax wait, pre-answer)
[21:18:56] [P0] exported pre.json (first taxed DeclareAttackers; P1 life 20)
[21:18:56] [P0] vi choose (tax pay): choice=Y7DFQA.0.235.c1 action=payCombatTax obj=None
[21:18:57] [P0] vi choose (pass): choice=Y7DFQA.0.236.c0 action=passPriority obj=None
[21:18:57] [P1] vi choose (pass): choice=Y7DFQA.0.237.c0 action=passPriority obj=None
[21:18:57] [P0] vi choose (pass): choice=Y7DFQA.0.238.c0 action=passPriority obj=None
[21:18:57] [P1] vi choose (pass): choice=Y7DFQA.0.239.c0 action=passPriority obj=None
[21:18:57] [P0] vi choose (pass): choice=Y7DFQA.0.240.c0 action=passPriority obj=None
[21:18:57] switched to DECLINE mode
[21:18:57] [P1] vi choose (pass): choice=Y7DFQA.0.241.c0 action=passPriority obj=None
[21:18:58] [P0] vi choose (pass): choice=Y7DFQA.0.242.c0 action=passPriority obj=None
[21:18:58] [P1] vi choose (pass): choice=Y7DFQA.0.243.c0 action=passPriority obj=None
[21:18:58] [P0] vi choose (pass): choice=Y7DFQA.0.244.c0 action=passPriority obj=None
[21:18:58] [P1] vi choose (pass): choice=Y7DFQA.0.245.c0 action=passPriority obj=None
[21:18:58] [P0] vi choose (pass): choice=Y7DFQA.0.246.c0 action=passPriority obj=None
[21:18:58] [P1] vi choose (pass): choice=Y7DFQA.0.247.c0 action=passPriority obj=None
[21:18:59] [P1] vi choose (pass): choice=Y7DFQA.0.248.c0 action=passPriority obj=None
[21:18:59] [P0] vi choose (pass): choice=Y7DFQA.0.249.c0 action=passPriority obj=None
[21:18:59] [P1] vi choose (pass): choice=Y7DFQA.0.250.c0 action=passPriority obj=None
[21:18:59] [P0] vi choose (pass): choice=Y7DFQA.0.251.c0 action=passPriority obj=None
[21:18:59] [P1] vi choose (play plains): choice=Y7DFQA.0.252.c1 action=playLand obj=plains
[21:18:59] [P1] vi choose (pass): choice=Y7DFQA.0.253.c0 action=passPriority obj=None
[21:18:59] [P0] vi choose (pass): choice=Y7DFQA.0.254.c0 action=passPriority obj=None
[21:19:00] [P1] vi choose (pass): choice=Y7DFQA.0.255.c0 action=passPriority obj=None
[21:19:00] [P0] vi choose (pass): choice=Y7DFQA.0.256.c0 action=passPriority obj=None
[21:19:00] [P1] vi choose (pass): choice=Y7DFQA.0.257.c0 action=passPriority obj=None
[21:19:00] [P0] vi choose (pass): choice=Y7DFQA.0.258.c0 action=passPriority obj=None
[21:19:00] [P1] vi choose (pass): choice=Y7DFQA.0.259.c0 action=passPriority obj=None
[21:19:00] [P0] vi choose (pass): choice=Y7DFQA.0.260.c0 action=passPriority obj=None
[21:19:00] [P1] vi choose (pass): choice=Y7DFQA.0.261.c0 action=passPriority obj=None
[21:19:01] [P0] vi choose (pass): choice=Y7DFQA.0.262.c0 action=passPriority obj=None
[21:19:01] [P0] vi choose (pass): choice=Y7DFQA.0.263.c0 action=passPriority obj=None
[21:19:01] [P1] vi choose (pass): choice=Y7DFQA.0.264.c0 action=passPriority obj=None
[21:19:01] [P0] vi choose (pass): choice=Y7DFQA.0.265.c0 action=passPriority obj=None
[21:19:01] [P1] vi choose (pass): choice=Y7DFQA.0.266.c0 action=passPriority obj=None
[21:19:01] [P0] vi choose (play forest): choice=Y7DFQA.0.267.c1 action=playLand obj=forest
[21:19:02] [P0] vi choose (pass): choice=Y7DFQA.0.268.c0 action=passPriority obj=None
[21:19:02] [P1] vi choose (pass): choice=Y7DFQA.0.269.c0 action=passPriority obj=None
[21:19:02] [P0] vi choose (pass): choice=Y7DFQA.0.270.c0 action=passPriority obj=None
[21:19:02] [P1] vi choose (pass): choice=Y7DFQA.0.271.c0 action=passPriority obj=None
[21:19:02] [P0] declares attack: Bear 6 -> P1 (mode=decline)
[21:19:02] [P0] CombatTaxPayment wait (mode=decline): avail=2 pay_offered=True decline_offered=True
[21:19:02] [P0] vi choose (tax decline): choice=Y7DFQA.0.273.c0 action=payCombatTax obj=None
[21:19:02] [P0] declares no attackers (prison=True ready=6 mana_ok=True decline_mode=True)
[21:19:03] [P0] vi choose (pass): choice=Y7DFQA.0.275.c0 action=passPriority obj=None
[21:19:03] [P1] vi choose (pass): choice=Y7DFQA.0.276.c0 action=passPriority obj=None
[21:19:03] [P0] vi choose (pass): choice=Y7DFQA.0.277.c0 action=passPriority obj=None
[21:19:03] exported post.json (P1 life 18)
[21:19:03] done flag set; finishing
[21:19:03] game finished ok=True decline_mode=True
[21:19:03] server excerpts: 563 game-code lines, 0 CastSpell-applied lines
[21:19:03] rendered summary.png
