data-level check: trigger mode={'Planeswalked': {'role': 'To'}}, head=Unimplemented/unparsed_verb_arguments, sub=ChangeZoneAll/Library/TrackedSetFiltered, subsub=Unimplemented/unparsed_verb_arguments
game Y5C2CJ (attempt 1); P0 seat=0 P1 seat=1
[P0] keep 7
[P1] keep 7
starting plane is elvish impersonation contest; phase -> seeking (will planeswalk until Interplanar Tunnel is encountered)
[P0] playing land (turn 1)
[P0] rolling planar die (roll #1, cost={'type': 'Cost', 'shards': [], 'generic': 0})
blank roll (roll #1)
[P0] playing land (turn 3)
[P0] rolling planar die (roll #2, cost={'type': 'Cost', 'shards': [], 'generic': 0})
ENCOUNTER: 'When you encounter Interplanar Tunnel' trigger on the stack; exporting pre.json
exported pre.json
[encounter_window/P0] prompt seen: {"interactionId": "Y5C2CJ.0.47", "response": {"type": "exactChoices", "data": {"choices": [{"id": "Y5C2CJ.0.47.c0", "surfaces": [{"type": "summary", "data": {"code": "candidate"}}, {"type": "action", "data": {"code": "passPriority", "action
[encounter_window/P1] prompt seen: {"interactionId": "Y5C2CJ.0.48", "response": {"type": "exactChoices", "data": {"choices": [{"id": "Y5C2CJ.0.48.c0", "surfaces": [{"type": "summary", "data": {"code": "candidate"}}, {"type": "action", "data": {"code": "passPriority", "action
[encounter_window/P0] prompt seen: {"interactionId": "Y5C2CJ.0.49", "response": {"type": "exactChoices", "data": {"choices": [{"id": "Y5C2CJ.0.49.c0", "surfaces": [{"type": "summary", "data": {"code": "candidate"}}, {"type": "action", "data": {"code": "passPriority", "action
[encounter_window/P1] prompt seen: {"interactionId": "Y5C2CJ.0.50", "response": {"type": "exactChoices", "data": {"choices": [{"id": "Y5C2CJ.0.50.c0", "surfaces": [{"type": "summary", "data": {"code": "candidate"}}, {"type": "action", "data": {"code": "passPriority", "action
[encounter_window/P0] prompt seen: {"interactionId": "Y5C2CJ.0.51", "response": {"type": "exactChoices", "data": {"choices": [{"id": "Y5C2CJ.0.51.c0", "surfaces": [{"type": "summary", "data": {"code": "candidate"}}, {"type": "action", "data": {"code": "passPriority", "action
window_end.json written from observed state (turn 3, phase PreCombatMain, tunnel_face_up=False)
[encounter_window/P1] prompt seen: {"interactionId": "Y5C2CJ.0.52", "response": {"type": "exactChoices", "data": {"choices": [{"id": "Y5C2CJ.0.52.c0", "surfaces": [{"type": "summary", "data": {"code": "candidate"}}, {"type": "action", "data": {"code": "passPriority", "action
[encounter_window/P0] prompt seen: {"interactionId": "Y5C2CJ.0.53", "response": {"type": "exactChoices", "data": {"choices": [{"id": "Y5C2CJ.0.53.c0", "surfaces": [{"type": "summary", "data": {"code": "candidate"}}, {"type": "action", "data": {"code": "passPriority", "action
[encounter_window/P1] prompt seen: {"interactionId": "Y5C2CJ.0.54", "response": {"type": "exactChoices", "data": {"choices": [{"id": "Y5C2CJ.0.54.c0", "surfaces": [{"type": "summary", "data": {"code": "candidate"}}, {"type": "action", "data": {"code": "passPriority", "action
[encounter_window/P0] prompt seen: {"interactionId": "Y5C2CJ.0.55", "response": {"type": "exactChoices", "data": {"choices": [{"id": "Y5C2CJ.0.55.c0", "surfaces": [{"type": "summary", "data": {"code": "candidate"}}, {"type": "action", "data": {"code": "passPriority", "action
[encounter_window/P1] prompt seen: {"interactionId": "Y5C2CJ.0.56", "response": {"type": "exactChoices", "data": {"choices": [{"id": "Y5C2CJ.0.56.c0", "surfaces": [{"type": "summary", "data": {"code": "candidate"}}, {"type": "action", "data": {"code": "passPriority", "action
[encounter_window/P0] prompt seen: {"interactionId": "Y5C2CJ.0.57", "response": {"type": "exactChoices", "data": {"choices": [{"id": "Y5C2CJ.0.57.c0", "surfaces": [{"type": "summary", "data": {"code": "candidate"}}, {"type": "action", "data": {"code": "passPriority", "action
[encounter_window/P1] prompt seen: {"interactionId": "Y5C2CJ.0.58", "response": {"type": "exactChoices", "data": {"choices": [{"id": "Y5C2CJ.0.58.c0", "surfaces": [{"type": "summary", "data": {"code": "candidate"}}, {"type": "action", "data": {"code": "passPriority", "action
[encounter_window/P0] prompt seen: {"interactionId": "Y5C2CJ.0.59", "response": {"type": "exactChoices", "data": {"choices": [{"id": "Y5C2CJ.0.59.c0", "surfaces": [{"type": "summary", "data": {"code": "candidate"}}, {"type": "action", "data": {"code": "passPriority", "action
[encounter_window/P1] prompt seen: {"interactionId": "Y5C2CJ.0.60", "response": {"type": "exactChoices", "data": {"choices": [{"id": "Y5C2CJ.0.60.c0", "surfaces": [{"type": "summary", "data": {"code": "candidate"}}, {"type": "action", "data": {"code": "passPriority", "action
[encounter_window/P1] prompt seen: {"interactionId": "Y5C2CJ.0.61", "response": {"type": "exactChoices", "data": {"choices": [{"id": "Y5C2CJ.0.61.c0", "surfaces": [{"type": "summary", "data": {"code": "candidate"}}, {"type": "action", "data": {"code": "passPriority", "action
[encounter_window/P0] prompt seen: {"interactionId": "Y5C2CJ.0.62", "response": {"type": "exactChoices", "data": {"choices": [{"id": "Y5C2CJ.0.62.c0", "surfaces": [{"type": "summary", "data": {"code": "candidate"}}, {"type": "action", "data": {"code": "passPriority", "action
[encounter_window/P1] prompt seen: {"interactionId": "Y5C2CJ.0.63", "response": {"type": "exactChoices", "data": {"choices": [{"id": "Y5C2CJ.0.63.c0", "surfaces": [{"type": "summary", "data": {"code": "candidate"}}, {"type": "action", "data": {"code": "passPriority", "action
[encounter_window/P0] prompt seen: {"interactionId": "Y5C2CJ.0.64", "response": {"type": "exactChoices", "data": {"choices": [{"id": "Y5C2CJ.0.64.c0", "surfaces": [{"type": "summary", "data": {"code": "candidate"}}, {"type": "action", "data": {"code": "passPriority", "action
[encounter_window/P1] prompt seen: {"interactionId": "Y5C2CJ.0.65", "response": {"type": "exactChoices", "data": {"choices": [{"id": "Y5C2CJ.0.65.c0", "surfaces": [{"type": "summary", "data": {"code": "candidate"}}, {"type": "action", "data": {"code": "passPriority", "action
[encounter_window/P1] prompt seen: {"interactionId": "Y5C2CJ.0.66", "response": {"type": "exactChoices", "data": {"choices": [{"id": "Y5C2CJ.0.66.c0", "surfaces": [{"type": "summary", "data": {"code": "candidate"}}, {"type": "action", "data": {"code": "passPriority", "action
[encounter_window/P0] prompt seen: {"interactionId": "Y5C2CJ.0.67", "response": {"type": "exactChoices", "data": {"choices": [{"id": "Y5C2CJ.0.67.c0", "surfaces": [{"type": "summary", "data": {"code": "candidate"}}, {"type": "action", "data": {"code": "passPriority", "action
[encounter_window/P1] prompt seen: {"interactionId": "Y5C2CJ.0.68", "response": {"type": "exactChoices", "data": {"choices": [{"id": "Y5C2CJ.0.68.c0", "surfaces": [{"type": "summary", "data": {"code": "candidate"}}, {"type": "action", "data": {"code": "passPriority", "action
[encounter_window/P0] prompt seen: {"interactionId": "Y5C2CJ.0.69", "response": {"type": "exactChoices", "data": {"choices": [{"id": "Y5C2CJ.0.69.c0", "surfaces": [{"type": "summary", "data": {"code": "candidate"}}, {"type": "action", "data": {"code": "passPriority", "action
[encounter_window/P1] prompt seen: {"interactionId": "Y5C2CJ.0.70", "response": {"type": "exactChoices", "data": {"choices": [{"id": "Y5C2CJ.0.70.c0", "surfaces": [{"type": "summary", "data": {"code": "candidate"}}, {"type": "action", "data": {"code": "passPriority", "action
[encounter_window/P0] prompt seen: {"interactionId": "Y5C2CJ.0.71", "response": {"type": "exactChoices", "data": {"choices": [{"id": "Y5C2CJ.0.71.c0", "surfaces": [{"type": "summary", "data": {"code": "candidate"}}, {"type": "action", "data": {"code": "passPriority", "action
[encounter_window/P1] prompt seen: {"interactionId": "Y5C2CJ.0.72", "response": {"type": "exactChoices", "data": {"choices": [{"id": "Y5C2CJ.0.72.c0", "surfaces": [{"type": "summary", "data": {"code": "candidate"}}, {"type": "action", "data": {"code": "passPriority", "action
[encounter_window/P0] prompt seen: {"interactionId": "Y5C2CJ.0.73", "response": {"type": "exactChoices", "data": {"choices": [{"id": "Y5C2CJ.0.73.c0", "surfaces": [{"type": "summary", "data": {"code": "candidate"}}, {"type": "action", "data": {"code": "passPriority", "action
[encounter_window/P1] prompt seen: {"interactionId": "Y5C2CJ.0.74", "response": {"type": "exactChoices", "data": {"choices": [{"id": "Y5C2CJ.0.74.c0", "surfaces": [{"type": "summary", "data": {"code": "candidate"}}, {"type": "action", "data": {"code": "passPriority", "action
[encounter_window/P0] prompt seen: {"interactionId": "Y5C2CJ.0.75", "response": {"type": "exactChoices", "data": {"choices": [{"id": "Y5C2CJ.0.75.c0", "surfaces": [{"type": "summary", "data": {"code": "candidate"}}, {"type": "action", "data": {"code": "passPriority", "action
[encounter_window/P0] prompt seen: {"interactionId": "Y5C2CJ.0.76", "response": {"type": "exactChoices", "data": {"choices": [{"id": "Y5C2CJ.0.76.c0", "surfaces": [{"type": "summary", "data": {"code": "candidate"}}, {"type": "action", "data": {"code": "passPriority", "action
[encounter_window/P1] prompt seen: {"interactionId": "Y5C2CJ.0.77", "response": {"type": "exactChoices", "data": {"choices": [{"id": "Y5C2CJ.0.77.c0", "surfaces": [{"type": "summary", "data": {"code": "candidate"}}, {"type": "action", "data": {"code": "passPriority", "action
[encounter_window/P0] prompt seen: {"interactionId": "Y5C2CJ.0.78", "response": {"type": "exactChoices", "data": {"choices": [{"id": "Y5C2CJ.0.78.c0", "surfaces": [{"type": "summary", "data": {"code": "candidate"}}, {"type": "action", "data": {"code": "passPriority", "action
[encounter_window/P1] prompt seen: {"interactionId": "Y5C2CJ.0.79", "response": {"type": "exactChoices", "data": {"choices": [{"id": "Y5C2CJ.0.79.c0", "surfaces": [{"type": "summary", "data": {"code": "candidate"}}, {"type": "action", "data": {"code": "passPriority", "action
[encounter_window/P0] prompt seen: {"interactionId": "Y5C2CJ.0.80", "response": {"type": "exactChoices", "data": {"choices": [{"id": "Y5C2CJ.0.80.c0", "surfaces": [{"type": "summary", "data": {"code": "candidate"}}, {"type": "action", "data": {"code": "passPriority", "action
[P0] playing land (turn 5)
[encounter_window/P0] prompt seen: {"interactionId": "Y5C2CJ.0.81", "response": {"type": "exactChoices", "data": {"choices": [{"id": "Y5C2CJ.0.81.c0", "surfaces": [{"type": "summary", "data": {"code": "candidate"}}, {"type": "action", "data": {"code": "passPriority", "action
[encounter_window/P1] prompt seen: {"interactionId": "Y5C2CJ.0.82", "response": {"type": "exactChoices", "data": {"choices": [{"id": "Y5C2CJ.0.82.c0", "surfaces": [{"type": "summary", "data": {"code": "candidate"}}, {"type": "action", "data": {"code": "passPriority", "action
[encounter_window/P0] prompt seen: {"interactionId": "Y5C2CJ.0.83", "response": {"type": "exactChoices", "data": {"choices": [{"id": "Y5C2CJ.0.83.c0", "surfaces": [{"type": "summary", "data": {"code": "candidate"}}, {"type": "action", "data": {"code": "passPriority", "action
[encounter_window/P1] prompt seen: {"interactionId": "Y5C2CJ.0.84", "response": {"type": "exactChoices", "data": {"choices": [{"id": "Y5C2CJ.0.84.c0", "surfaces": [{"type": "summary", "data": {"code": "candidate"}}, {"type": "action", "data": {"code": "passPriority", "action
[encounter_window/P0] prompt seen: {"interactionId": "Y5C2CJ.0.85", "response": {"type": "exactChoices", "data": {"choices": [{"id": "Y5C2CJ.0.85.c0", "surfaces": [{"type": "summary", "data": {"code": "candidate"}}, {"type": "action", "data": {"code": "passPriority", "action
[encounter_window/P1] prompt seen: {"interactionId": "Y5C2CJ.0.86", "response": {"type": "exactChoices", "data": {"choices": [{"id": "Y5C2CJ.0.86.c0", "surfaces": [{"type": "summary", "data": {"code": "candidate"}}, {"type": "action", "data": {"code": "passPriority", "action
[encounter_window/P0] prompt seen: {"interactionId": "Y5C2CJ.0.87", "response": {"type": "exactChoices", "data": {"choices": [{"id": "Y5C2CJ.0.87.c0", "surfaces": [{"type": "summary", "data": {"code": "candidate"}}, {"type": "action", "data": {"code": "passPriority", "action
[encounter_window/P1] prompt seen: {"interactionId": "Y5C2CJ.0.88", "response": {"type": "exactChoices", "data": {"choices": [{"id": "Y5C2CJ.0.88.c0", "surfaces": [{"type": "summary", "data": {"code": "candidate"}}, {"type": "action", "data": {"code": "passPriority", "action
[encounter_window/P0] prompt seen: {"interactionId": "Y5C2CJ.0.89", "response": {"type": "exactChoices", "data": {"choices": [{"id": "Y5C2CJ.0.89.c0", "surfaces": [{"type": "summary", "data": {"code": "candidate"}}, {"type": "action", "data": {"code": "passPriority", "action
[encounter_window/P1] prompt seen: {"interactionId": "Y5C2CJ.0.90", "response": {"type": "exactChoices", "data": {"choices": [{"id": "Y5C2CJ.0.90.c0", "surfaces": [{"type": "summary", "data": {"code": "candidate"}}, {"type": "action", "data": {"code": "passPriority", "action
[encounter_window/P1] prompt seen: {"interactionId": "Y5C2CJ.0.91", "response": {"type": "exactChoices", "data": {"choices": [{"id": "Y5C2CJ.0.91.c0", "surfaces": [{"type": "summary", "data": {"code": "candidate"}}, {"type": "action", "data": {"code": "passPriority", "action
[encounter_window/P0] prompt seen: {"interactionId": "Y5C2CJ.0.92", "response": {"type": "exactChoices", "data": {"choices": [{"id": "Y5C2CJ.0.92.c0", "surfaces": [{"type": "summary", "data": {"code": "candidate"}}, {"type": "action", "data": {"code": "passPriority", "action
[encounter_window/P1] prompt seen: {"interactionId": "Y5C2CJ.0.93", "response": {"type": "exactChoices", "data": {"choices": [{"id": "Y5C2CJ.0.93.c0", "surfaces": [{"type": "summary", "data": {"code": "candidate"}}, {"type": "action", "data": {"code": "passPriority", "action
[encounter_window/P0] prompt seen: {"interactionId": "Y5C2CJ.0.94", "response": {"type": "exactChoices", "data": {"choices": [{"id": "Y5C2CJ.0.94.c0", "surfaces": [{"type": "summary", "data": {"code": "candidate"}}, {"type": "action", "data": {"code": "passPriority", "action
[encounter_window/P1] prompt seen: {"interactionId": "Y5C2CJ.0.95", "response": {"type": "exactChoices", "data": {"choices": [{"id": "Y5C2CJ.0.95.c0", "surfaces": [{"type": "summary", "data": {"code": "candidate"}}, {"type": "action", "data": {"code": "passPriority", "action
[encounter_window/P1] prompt seen: {"interactionId": "Y5C2CJ.0.96", "response": {"type": "exactChoices", "data": {"choices": [{"id": "Y5C2CJ.0.96.c0", "surfaces": [{"type": "summary", "data": {"code": "candidate"}}, {"type": "action", "data": {"code": "passPriority", "action
[encounter_window/P0] prompt seen: {"interactionId": "Y5C2CJ.0.97", "response": {"type": "exactChoices", "data": {"choices": [{"id": "Y5C2CJ.0.97.c0", "surfaces": [{"type": "summary", "data": {"code": "candidate"}}, {"type": "action", "data": {"code": "passPriority", "action
[encounter_window/P1] prompt seen: {"interactionId": "Y5C2CJ.0.98", "response": {"type": "exactChoices", "data": {"choices": [{"id": "Y5C2CJ.0.98.c0", "surfaces": [{"type": "summary", "data": {"code": "candidate"}}, {"type": "action", "data": {"code": "passPriority", "action
[encounter_window/P0] prompt seen: {"interactionId": "Y5C2CJ.0.99", "response": {"type": "exactChoices", "data": {"choices": [{"id": "Y5C2CJ.0.99.c0", "surfaces": [{"type": "summary", "data": {"code": "candidate"}}, {"type": "action", "data": {"code": "passPriority", "action
[encounter_window/P1] prompt seen: {"interactionId": "Y5C2CJ.0.100", "response": {"type": "exactChoices", "data": {"choices": [{"id": "Y5C2CJ.0.100.c0", "surfaces": [{"type": "summary", "data": {"code": "candidate"}}, {"type": "action", "data": {"code": "passPriority", "acti
[encounter_window/P0] prompt seen: {"interactionId": "Y5C2CJ.0.101", "response": {"type": "exactChoices", "data": {"choices": [{"id": "Y5C2CJ.0.101.c0", "surfaces": [{"type": "summary", "data": {"code": "candidate"}}, {"type": "action", "data": {"code": "passPriority", "acti
settled: stack empty, Priority, 8s idle; exporting post
exported post.json
