ServerHello: version=0.102.0 build=e17f6fd protocol=106 mode=Full
data-level check: ok=True notes=[]
P0 creating game...
P1 joining...
game D2NMM9; seats 0/1
[P0] keep 7: ['savannah', 'grizzly bears', 'taiga', 'taiga', 'plateau', 'grizzly bears', 'taiga']
[P1] keep 7: ['forest', 'forest', 'forest', 'forest', 'forest', 'forest', 'forest']
[P0] playing land savannah
[P1] playing land forest
[P1] tap land for mana used_for=any needs_left=None
[P1] submitting interaction iid=D2NMM9.0.22 choice=D2NMM9.0.22.c1 (Forest)
[P0] playing land taiga
[P0] casting Grizzly Bears (oid 27)
[P1] tap land for mana used_for=any needs_left=None
[P1] submitting interaction iid=D2NMM9.0.51 choice=D2NMM9.0.51.c1 (Forest)
[P1] playing land forest
[P1] tap land for mana used_for=any needs_left=None
[P1] submitting interaction iid=D2NMM9.0.57 choice=D2NMM9.0.57.c1 (Forest)
[P0] tap land for mana used_for=G needs_left={'generic': 1, 'G': 0}
[P0] submitting interaction iid=D2NMM9.0.68 choice=D2NMM9.0.68.c2 (Taiga)
[P0] tap land for mana used_for=generic needs_left={'generic': 0, 'G': 0}
[P0] submitting interaction iid=D2NMM9.0.69 choice=D2NMM9.0.69.c1 (Savannah)
[P0] playing land taiga
[P1] tap land for mana used_for=any needs_left=None
[P1] submitting interaction iid=D2NMM9.0.86 choice=D2NMM9.0.86.c1 (Forest)
[P1] tap land for mana used_for=any needs_left=None
[P1] submitting interaction iid=D2NMM9.0.87 choice=D2NMM9.0.87.c1 (Forest)
[P1] playing land forest
[P1] tap land for mana used_for=any needs_left=None
[P1] submitting interaction iid=D2NMM9.0.93 choice=D2NMM9.0.93.c1 (Forest)
[P0] playing land plateau
[P0] casting Grizzly Bears (oid 60)
[P0] tap land for mana used_for=G needs_left={'generic': 1, 'G': 0}
[P0] submitting interaction iid=D2NMM9.0.110 choice=D2NMM9.0.110.c4 (Taiga)
[P0] tap land for mana used_for=generic needs_left={'generic': 0, 'G': 0}
[P0] submitting interaction iid=D2NMM9.0.111 choice=D2NMM9.0.111.c1 (Plateau)
[P1] tap land for mana used_for=any needs_left=None
[P1] submitting interaction iid=D2NMM9.0.125 choice=D2NMM9.0.125.c1 (Forest)
[P1] tap land for mana used_for=any needs_left=None
[P1] submitting interaction iid=D2NMM9.0.126 choice=D2NMM9.0.126.c1 (Forest)
[P1] tap land for mana used_for=any needs_left=None
[P1] submitting interaction iid=D2NMM9.0.127 choice=D2NMM9.0.127.c1 (Forest)
[P1] playing land forest
[P1] tap land for mana used_for=any needs_left=None
[P1] submitting interaction iid=D2NMM9.0.133 choice=D2NMM9.0.133.c1 (Forest)
[P0] playing land taiga
[P1] tap land for mana used_for=any needs_left=None
[P1] submitting interaction iid=D2NMM9.0.160 choice=D2NMM9.0.160.c1 (Forest)
[P1] tap land for mana used_for=any needs_left=None
[P1] submitting interaction iid=D2NMM9.0.161 choice=D2NMM9.0.161.c1 (Forest)
[P1] tap land for mana used_for=any needs_left=None
[P1] submitting interaction iid=D2NMM9.0.162 choice=D2NMM9.0.162.c1 (Forest)
[P1] tap land for mana used_for=any needs_left=None
[P1] submitting interaction iid=D2NMM9.0.163 choice=D2NMM9.0.163.c1 (Forest)
[P1] playing land forest
[P1] tap land for mana used_for=any needs_left=None
[P1] submitting interaction iid=D2NMM9.0.169 choice=D2NMM9.0.169.c1 (Forest)
[P0] playing land plateau
[P1] tap land for mana used_for=any needs_left=None
[P1] submitting interaction iid=D2NMM9.0.196 choice=D2NMM9.0.196.c1 (Forest)
[P1] tap land for mana used_for=any needs_left=None
[P1] submitting interaction iid=D2NMM9.0.197 choice=D2NMM9.0.197.c1 (Forest)
[P1] tap land for mana used_for=any needs_left=None
[P1] submitting interaction iid=D2NMM9.0.198 choice=D2NMM9.0.198.c1 (Forest)
[P1] tap land for mana used_for=any needs_left=None
[P1] submitting interaction iid=D2NMM9.0.199 choice=D2NMM9.0.199.c1 (Forest)
[P1] tap land for mana used_for=any needs_left=None
[P1] submitting interaction iid=D2NMM9.0.200 choice=D2NMM9.0.200.c1 (Forest)
[P1] playing land forest
[P1] tap land for mana used_for=any needs_left=None
[P1] submitting interaction iid=D2NMM9.0.206 choice=D2NMM9.0.206.c1 (Forest)
[P0] playing land taiga
[P1] tap land for mana used_for=any needs_left=None
[P1] submitting interaction iid=D2NMM9.0.233 choice=D2NMM9.0.233.c1 (Forest)
[P1] tap land for mana used_for=any needs_left=None
[P1] submitting interaction iid=D2NMM9.0.234 choice=D2NMM9.0.234.c1 (Forest)
[P1] tap land for mana used_for=any needs_left=None
[P1] submitting interaction iid=D2NMM9.0.235 choice=D2NMM9.0.235.c1 (Forest)
[P1] tap land for mana used_for=any needs_left=None
[P1] submitting interaction iid=D2NMM9.0.236 choice=D2NMM9.0.236.c1 (Forest)
[P1] tap land for mana used_for=any needs_left=None
[P1] submitting interaction iid=D2NMM9.0.237 choice=D2NMM9.0.237.c1 (Forest)
[P1] tap land for mana used_for=any needs_left=None
[P1] submitting interaction iid=D2NMM9.0.238 choice=D2NMM9.0.238.c1 (Forest)
[P1] playing land forest
[P1] tap land for mana used_for=any needs_left=None
[P1] submitting interaction iid=D2NMM9.0.244 choice=D2NMM9.0.244.c1 (Forest)
[P0] playing land savannah
[P0] casting Duskana, the Rage Mother (oid 25)
[P0] tap land for mana used_for=W needs_left={'generic': 2, 'R': 1, 'G': 1, 'W': 0}
[P0] submitting interaction iid=D2NMM9.0.261 choice=D2NMM9.0.261.c1 (Plateau)
[P0] tap land for mana used_for=R needs_left={'generic': 2, 'R': 0, 'G': 1, 'W': 0}
[P0] submitting interaction iid=D2NMM9.0.262 choice=D2NMM9.0.262.c1 (Taiga)
[P0] tap land for mana used_for=G needs_left={'generic': 2, 'R': 0, 'G': 0, 'W': 0}
[P0] submitting interaction iid=D2NMM9.0.263 choice=D2NMM9.0.263.c2 (Savannah)
[note] Duskana ETB with 2 other 2/2 Bears on BF; P0 hand=3 (oracle: draw 2; parsed trigger: fixed 1)
exported pre.json
DeclareAttackers advertised data keys: ['attacks', 'bands'] :: {"attacks": [], "bands": []}
[P0] attacks P1 with Bear oid 27 (turn 15)
exported mid_combat.json
[mid] attacker 27 P/T=(2, 2) phase=DeclareBlockers
exported post.json
[post] phase=PostCombatMain turn=15 attacker P/T=(2, 2)
A1_setup_ok: passed
A2_attack_declared: passed
A3_trigger_fires: failed
A4_pump_correct: failed
A5_cleanup: passed
verdict: reproduced
