P0 creating game...
P1 joining...
game BG42EU; seats 0/1
[P0] keeps
[P0] surveil -> mill 3
[P0] surveil -> mill 3
[P0] casts Ultimecia, Time Sorceress
[P0] surveil -> keep on top
[P0] optional transform -> DECLINE (BG42EU.0.166.c0)
[P0] declined transform (not ready yet)
[P0] surveil -> keep on top
[P0] optional transform -> DECLINE (BG42EU.0.204.c0)
[P0] declined transform (not ready yet)
[P0] optional transform -> DECLINE (BG42EU.0.238.c0)
[P0] declined transform (not ready yet)
[P0] optional transform -> DECLINE (BG42EU.0.272.c0)
[P0] declined transform (not ready yet)
[P0] optional transform -> DECLINE (BG42EU.0.305.c0)
[P0] declined transform (not ready yet)
[P0] optional transform -> DECLINE (BG42EU.0.339.c0)
[P0] declined transform (not ready yet)
[P0] optional transform -> DECLINE (BG42EU.0.373.c0)
[P0] declined transform (not ready yet)
[P0] optional transform -> DECLINE (BG42EU.0.407.c0)
[P0] declined transform (not ready yet)
[P0] surveil -> keep on top
[P0] optional transform -> DECLINE (BG42EU.0.444.c0)
[P0] declined transform (not ready yet)
[P0] surveil -> keep on top
[P0] optional transform -> DECLINE (BG42EU.0.481.c0)
[P0] declined transform (not ready yet)
[P0] optional transform -> DECLINE (BG42EU.0.514.c0)
[P0] declined transform (not ready yet)
[P0] optional transform -> DECLINE (BG42EU.0.547.c0)
[P0] declined transform (not ready yet)
[P0] optional transform -> DECLINE (BG42EU.0.581.c0)
[P0] declined transform (not ready yet)
exported pre_transform.json
[pre] exported turn 36 gy=11
[P0] optional transform -> ACCEPT (BG42EU.0.615.c1)
[P0] exile 8 from graveyard (schema select)
[observed] Ultimecia, Omnipotent on battlefield (turn 36)
exported post_extra_turn.json
[post] exported turn 38 active=0
A1_setup_ok: passed
A2_transform_resolved: passed
A3_extra_turn_next: failed
A4_extra_turn_taken: failed
A5_single_extra: failed
A6_cleanup: passed
WF sequence: ['MulliganDecision', 'Priority', 'SurveilChoice', 'Priority', 'SurveilChoice', 'Priority', 'SurveilChoice', 'Priority', 'OptionalEffectChoice', 'Priority', 'SurveilChoice', 'Priority', 'DeclareAttackers', 'Priority', 'OptionalEffectChoice', 'Priority', 'DeclareAttackers', 'Priority', 'OptionalEffectChoice', 'Priority', 'DeclareAttackers', 'Priority', 'OptionalEffectChoice', 'Priority', 'DeclareAttackers', 'Priority', 'OptionalEffectChoice', 'Priority', 'DeclareAttackers', 'Priority', 'OptionalEffectChoice', 'Priority', 'DeclareAttackers', 'Priority', 'OptionalEffectChoice', 'Priority', 'DeclareAttackers', 'Priority', 'OptionalEffectChoice', 'Priority', 'SurveilChoice', 'Priority', 'DeclareAttackers', 'Priority', 'OptionalEffectChoice', 'Priority', 'SurveilChoice', 'Priority', 'DeclareAttackers', 'Priority', 'OptionalEffectChoice', 'Priority', 'DeclareAttackers', 'Priority', 'OptionalEffectChoice', 'Priority', 'DeclareAttackers', 'Priority', 'OptionalEffectChoice', 'Priority', 'DeclareAttackers', 'Priority', 'OptionalEffectChoice', 'Priority', 'DeclareAttackers', 'Priority', 'OptionalEffectChoice', 'EffectZoneChoice', 'Priority']
Turn sequence: [(1, 1), (2, 0), (3, 1), (4, 0), (5, 1), (6, 0), (7, 1), (8, 0), (9, 1), (10, 0), (11, 1), (12, 0), (13, 1), (14, 0), (15, 1), (16, 0), (17, 1), (18, 0), (19, 1), (20, 0), (21, 1), (22, 0), (23, 1), (24, 0), (25, 1), (26, 0), (27, 1), (28, 0), (29, 1), (30, 0), (31, 1), (32, 0), (33, 1), (34, 0), (35, 1), (36, 0), (37, 1), (38, 0)]
verdict: reproduced
