[12:22:42] server identity hashes recomputed against on-disk pinned artifacts
[12:22:42] ServerHello: version=0.102.0 build=e17f6fd protocol=106 mode=Full
[12:22:42] data-level: parse_ok=True
[12:22:43] P0 creating 4-player game...
[12:22:44] game LJ3RC9; seats [('P0', 0), ('P1', 1), ('P2', 2), ('P3', 3)]
[12:22:44] [P0] mulligan -> keep (7 cards) iid=LJ3RC9.0.5
[12:22:44] [P1] mulligan -> keep (7 cards) iid=LJ3RC9.0.2
[12:22:44] [P2] mulligan -> keep (7 cards) iid=LJ3RC9.0.3
[12:22:44] [P3] mulligan -> keep (7 cards) iid=LJ3RC9.0.4
[12:22:49] [P1] playing land forest
[12:22:59] [P2] playing land forest
[12:23:08] [P3] playing land forest
[12:23:15] [P0] playing land mountain
[12:23:23] [P1] playing land forest
[12:23:23] [P1] casting Grizzly Bears (oid 84)
[12:23:24] [P1] Grizzly Bears on battlefield (oid 84)
[12:23:24] === stage -> MANEUVER (Bears on P1's battlefield) ===
[12:23:29] [P2] playing land forest
[12:23:37] [P3] playing land forest
[12:23:43] [P0] playing land mountain
[12:23:44] [P0] DIAG rev=228 turn=8 phase=PreCombatMain act=0 stack=0 stage=MANEUVER hp_cast=False etb=False fired=False
[12:23:49] [P1] tap land for mana used_for=G
[12:23:49] [P1] submitting interaction iid=LJ3RC9.0.243 choice=LJ3RC9.0.243.c1 (Forest)
[12:23:50] [P1] tap land for mana used_for=generic
[12:23:50] [P1] submitting interaction iid=LJ3RC9.0.244 choice=LJ3RC9.0.244.c1 (Forest)
[12:23:51] [P1] playing land forest
[12:23:53] [P1] declares attackers: Bears -> P0 (turn 9)
[12:23:53] === stage -> READY (Bears tapped on P1's side) ===
[12:24:01] [P2] playing land forest
[12:24:09] [P3] playing land forest
[12:24:15] [P0] playing land mountain
[12:24:15] [P0] exported pre.json
[12:24:16] === stage -> CASTING (pre.json; 13 bf permanents) ===
[12:24:16] [P0] casting Hot Pursuit (oid 16) on turn 12
[12:24:16] [P0] tap land for mana used_for=R
[12:24:16] [P0] submitting interaction iid=LJ3RC9.0.355 choice=LJ3RC9.0.355.c1 (Mountain)
[12:24:17] [P0] Hot Pursuit on battlefield (oid 16)
[12:24:26] [P0] exported post_cast.json
[12:24:26] === stage -> OBSERVE (HP settled; bears suspected=True; etb_answered=False) ===
[12:24:27] [P1] playing land forest
[12:24:32] [P1] declare no attackers via vi relations
[12:24:39] [P2] playing land forest
[12:24:44] [P0] DIAG rev=453 turn=15 phase=Draw act=3 stack=0 stage=OBSERVE hp_cast=True etb=False fired=False
[12:24:46] [P3] playing land forest
[12:24:51] [P0] tap land for mana used_for=generic
[12:24:51] [P0] submitting interaction iid=LJ3RC9.0.476 choice=LJ3RC9.0.476.c1 (Mountain)
[12:24:55] [P0] playing land mountain
[12:25:05] [P0] exported post.json
[12:25:05] === P0 combat passed with no control change; stop ===
[12:25:06] server excerpts: 1022 lines for game LJ3RC9
[12:25:06] VERDICT: not-reproduced
