data-level check: head=Unimplemented/unparsed_quantity/'reveal a number of cards from the top of their library equal'; sub=ChangeZoneAll/-> Battlefield target={"type": "TrackedSetFiltered", "id": 0, "filter": {"type": "Typed", "type_filter; sub2=ChangeZoneAll Exile->Graveyard target={"type": "TrackedSet", "id": 0}; mana={"type": "Cost", "shards": ["Red", "Red"], "generic": 5}; types=['Sorcery']
game created: code=LPXRW7
[P0] keep 7
[P1] keep 7
[P1] casting Memnite (oid 67)
[P0] casting Memnite (oid 28)
[P0] casting Memnite (oid 40)
[P1] casting Memnite (oid 109)
exported pre.json
[arm] pre.json exported: P0 nonland=2 P1 nonland=2 (would-be reveal counts); libraries 46/47
[P0] casting Over the Top (oid 12)
[window] Over the Top observed on the stack
exported mid_stack.json
[window] stack dump written (ott_on_stack); 1 entries
[resolving/P0] prompt: {"interactionId": "LPXRW7.0.226", "response": {"type": "exactChoices", "data": {"choices": [{"id": "LPXRW7.0.226.c0", "surfaces": [{"type": "summary", "data": {"code": "candidate"}}, {"type": "action", "data": {"code": "passPriority", "actionId": "aa9063230e9a
[resolving/P1] prompt: {"interactionId": "LPXRW7.0.227", "response": {"type": "exactChoices", "data": {"choices": [{"id": "LPXRW7.0.227.c0", "surfaces": [{"type": "summary", "data": {"code": "candidate"}}, {"type": "action", "data": {"code": "passPriority", "actionId": "aa9063230e9a
[window] Over the Top resolved; starting settle clock
[resolving/P0] prompt: {"interactionId": "LPXRW7.0.228", "response": {"type": "exactChoices", "data": {"choices": [{"id": "LPXRW7.0.228.c0", "surfaces": [{"type": "summary", "data": {"code": "candidate"}}, {"type": "action", "data": {"code": "passPriority", "actionId": "aa9063230e9a
[resolving/P1] prompt: {"interactionId": "LPXRW7.0.229", "response": {"type": "exactChoices", "data": {"choices": [{"id": "LPXRW7.0.229.c0", "surfaces": [{"type": "summary", "data": {"code": "candidate"}}, {"type": "action", "data": {"code": "passPriority", "actionId": "aa9063230e9a
[resolving/P0] prompt: {"interactionId": "LPXRW7.0.230", "response": {"type": "exactChoices", "data": {"choices": [{"id": "LPXRW7.0.230.c0", "surfaces": [{"type": "summary", "data": {"code": "candidate"}}, {"type": "action", "data": {"code": "passPriority", "actionId": "aa9063230e9a
[resolving/P1] prompt: {"interactionId": "LPXRW7.0.231", "response": {"type": "exactChoices", "data": {"choices": [{"id": "LPXRW7.0.231.c0", "surfaces": [{"type": "summary", "data": {"code": "candidate"}}, {"type": "action", "data": {"code": "passPriority", "actionId": "aa9063230e9a
[resolving/P0] prompt: {"interactionId": "LPXRW7.0.232", "response": {"type": "schema", "data": {"spec": {"type": "relations", "data": {"edges": [{"sourceId": "LPXRW7.0.232.r0", "targetIds": ["LPXRW7.0.232.d0"]}, {"sourceId": "LPXRW7.0.232.r1", "targetIds": ["LPXRW7.0.232.d0"]}], "m
[resolving/P0] prompt: {"interactionId": "LPXRW7.0.233", "response": {"type": "exactChoices", "data": {"choices": [{"id": "LPXRW7.0.233.c0", "surfaces": [{"type": "summary", "data": {"code": "candidate"}}, {"type": "action", "data": {"code": "passPriority", "actionId": "aa9063230e9a
[resolving/P1] prompt: {"interactionId": "LPXRW7.0.234", "response": {"type": "exactChoices", "data": {"choices": [{"id": "LPXRW7.0.234.c0", "surfaces": [{"type": "summary", "data": {"code": "candidate"}}, {"type": "action", "data": {"code": "passPriority", "actionId": "aa9063230e9a
[resolving/P0] prompt: {"interactionId": "LPXRW7.0.235", "response": {"type": "exactChoices", "data": {"choices": [{"id": "LPXRW7.0.235.c0", "surfaces": [{"type": "summary", "data": {"code": "candidate"}}, {"type": "action", "data": {"code": "passPriority", "actionId": "aa9063230e9a
[resolving/P1] prompt: {"interactionId": "LPXRW7.0.236", "response": {"type": "exactChoices", "data": {"choices": [{"id": "LPXRW7.0.236.c0", "surfaces": [{"type": "summary", "data": {"code": "candidate"}}, {"type": "action", "data": {"code": "passPriority", "actionId": "aa9063230e9a
[resolving/P0] prompt: {"interactionId": "LPXRW7.0.237", "response": {"type": "exactChoices", "data": {"choices": [{"id": "LPXRW7.0.237.c0", "surfaces": [{"type": "summary", "data": {"code": "candidate"}}, {"type": "action", "data": {"code": "passPriority", "actionId": "aa9063230e9a
[resolving/P1] prompt: {"interactionId": "LPXRW7.0.238", "response": {"type": "exactChoices", "data": {"choices": [{"id": "LPXRW7.0.238.c0", "surfaces": [{"type": "summary", "data": {"code": "candidate"}}, {"type": "action", "data": {"code": "passPriority", "actionId": "aa9063230e9a
[resolving/P1] prompt: {"interactionId": "LPXRW7.0.239", "response": {"type": "exactChoices", "data": {"choices": [{"id": "LPXRW7.0.239.c0", "surfaces": [{"type": "summary", "data": {"code": "candidate"}}, {"type": "action", "data": {"code": "passPriority", "actionId": "aa9063230e9a
[resolving/P0] prompt: {"interactionId": "LPXRW7.0.240", "response": {"type": "exactChoices", "data": {"choices": [{"id": "LPXRW7.0.240.c0", "surfaces": [{"type": "summary", "data": {"code": "candidate"}}, {"type": "action", "data": {"code": "passPriority", "actionId": "aa9063230e9a
[resolving/P1] prompt: {"interactionId": "LPXRW7.0.241", "response": {"type": "exactChoices", "data": {"choices": [{"id": "LPXRW7.0.241.c0", "surfaces": [{"type": "summary", "data": {"code": "candidate"}}, {"type": "action", "data": {"code": "passPriority", "actionId": "aa9063230e9a
[resolving/P0] prompt: {"interactionId": "LPXRW7.0.242", "response": {"type": "exactChoices", "data": {"choices": [{"id": "LPXRW7.0.242.c0", "surfaces": [{"type": "summary", "data": {"code": "candidate"}}, {"type": "action", "data": {"code": "passPriority", "actionId": "aa9063230e9a
[resolving/P1] prompt: {"interactionId": "LPXRW7.0.243", "response": {"type": "exactChoices", "data": {"choices": [{"id": "LPXRW7.0.243.c0", "surfaces": [{"type": "summary", "data": {"code": "candidate"}}, {"type": "action", "data": {"code": "passPriority", "actionId": "aa9063230e9a
[resolving/P0] prompt: {"interactionId": "LPXRW7.0.244", "response": {"type": "exactChoices", "data": {"choices": [{"id": "LPXRW7.0.244.c0", "surfaces": [{"type": "summary", "data": {"code": "candidate"}}, {"type": "action", "data": {"code": "passPriority", "actionId": "aa9063230e9a
[resolving/P1] prompt: {"interactionId": "LPXRW7.0.245", "response": {"type": "exactChoices", "data": {"choices": [{"id": "LPXRW7.0.245.c0", "surfaces": [{"type": "summary", "data": {"code": "candidate"}}, {"type": "action", "data": {"code": "passPriority", "actionId": "aa9063230e9a
[resolving/P0] prompt: {"interactionId": "LPXRW7.0.246", "response": {"type": "exactChoices", "data": {"choices": [{"id": "LPXRW7.0.246.c0", "surfaces": [{"type": "summary", "data": {"code": "candidate"}}, {"type": "action", "data": {"code": "passPriority", "actionId": "aa9063230e9a
[resolving/P1] prompt: {"interactionId": "LPXRW7.0.247", "response": {"type": "schema", "data": {"spec": {"type": "relations", "data": {"edges": [{"sourceId": "LPXRW7.0.247.r0", "targetIds": ["LPXRW7.0.247.d0"]}, {"sourceId": "LPXRW7.0.247.r1", "targetIds": ["LPXRW7.0.247.d0"]}], "m
[resolving/P1] prompt: {"interactionId": "LPXRW7.0.248", "response": {"type": "exactChoices", "data": {"choices": [{"id": "LPXRW7.0.248.c0", "surfaces": [{"type": "summary", "data": {"code": "candidate"}}, {"type": "action", "data": {"code": "passPriority", "actionId": "aa9063230e9a
[resolving/P0] prompt: {"interactionId": "LPXRW7.0.249", "response": {"type": "exactChoices", "data": {"choices": [{"id": "LPXRW7.0.249.c0", "surfaces": [{"type": "summary", "data": {"code": "candidate"}}, {"type": "action", "data": {"code": "passPriority", "actionId": "aa9063230e9a
[resolving/P1] prompt: {"interactionId": "LPXRW7.0.250", "response": {"type": "exactChoices", "data": {"choices": [{"id": "LPXRW7.0.250.c0", "surfaces": [{"type": "summary", "data": {"code": "candidate"}}, {"type": "action", "data": {"code": "passPriority", "actionId": "aa9063230e9a
[resolving/P0] prompt: {"interactionId": "LPXRW7.0.251", "response": {"type": "exactChoices", "data": {"choices": [{"id": "LPXRW7.0.251.c0", "surfaces": [{"type": "summary", "data": {"code": "candidate"}}, {"type": "action", "data": {"code": "passPriority", "actionId": "aa9063230e9a
[resolving/P1] prompt: {"interactionId": "LPXRW7.0.252", "response": {"type": "exactChoices", "data": {"choices": [{"id": "LPXRW7.0.252.c0", "surfaces": [{"type": "summary", "data": {"code": "candidate"}}, {"type": "action", "data": {"code": "passPriority", "actionId": "aa9063230e9a
[resolving/P0] prompt: {"interactionId": "LPXRW7.0.253", "response": {"type": "exactChoices", "data": {"choices": [{"id": "LPXRW7.0.253.c0", "surfaces": [{"type": "summary", "data": {"code": "candidate"}}, {"type": "action", "data": {"code": "passPriority", "actionId": "aa9063230e9a
[resolving/P0] prompt: {"interactionId": "LPXRW7.0.254", "response": {"type": "exactChoices", "data": {"choices": [{"id": "LPXRW7.0.254.c0", "surfaces": [{"type": "summary", "data": {"code": "candidate"}}, {"type": "action", "data": {"code": "passPriority", "actionId": "aa9063230e9a
[P0] tap land for mana: LPXRW7.0.254.c1 symbols=['R'] used_for=R needs={'R': 1, 'generic': 5}
[resolving/P0] prompt: {"interactionId": "LPXRW7.0.255", "response": {"type": "exactChoices", "data": {"choices": [{"id": "LPXRW7.0.255.c0", "surfaces": [{"type": "summary", "data": {"code": "candidate"}}, {"type": "action", "data": {"code": "passPriority", "actionId": "aa9063230e9a
[P0] tap land for mana: LPXRW7.0.255.c1 symbols=['R'] used_for=R needs={'R': 0, 'generic': 5}
[resolving/P0] prompt: {"interactionId": "LPXRW7.0.256", "response": {"type": "exactChoices", "data": {"choices": [{"id": "LPXRW7.0.256.c0", "surfaces": [{"type": "summary", "data": {"code": "candidate"}}, {"type": "action", "data": {"code": "passPriority", "actionId": "aa9063230e9a
[P0] tap land for mana: LPXRW7.0.256.c1 symbols=['R'] used_for=generic needs={'R': 0, 'generic': 4}
[resolving/P0] prompt: {"interactionId": "LPXRW7.0.257", "response": {"type": "exactChoices", "data": {"choices": [{"id": "LPXRW7.0.257.c0", "surfaces": [{"type": "summary", "data": {"code": "candidate"}}, {"type": "action", "data": {"code": "passPriority", "actionId": "aa9063230e9a
[P0] tap land for mana: LPXRW7.0.257.c1 symbols=['R'] used_for=generic needs={'R': 0, 'generic': 3}
[resolving/P0] prompt: {"interactionId": "LPXRW7.0.258", "response": {"type": "exactChoices", "data": {"choices": [{"id": "LPXRW7.0.258.c0", "surfaces": [{"type": "summary", "data": {"code": "candidate"}}, {"type": "action", "data": {"code": "passPriority", "actionId": "aa9063230e9a
[P0] tap land for mana: LPXRW7.0.258.c1 symbols=['R'] used_for=generic needs={'R': 0, 'generic': 2}
[resolving/P0] prompt: {"interactionId": "LPXRW7.0.259", "response": {"type": "exactChoices", "data": {"choices": [{"id": "LPXRW7.0.259.c0", "surfaces": [{"type": "summary", "data": {"code": "candidate"}}, {"type": "action", "data": {"code": "passPriority", "actionId": "aa9063230e9a
[P0] tap land for mana: LPXRW7.0.259.c1 symbols=['R'] used_for=generic needs={'R': 0, 'generic': 1}
[resolving/P0] prompt: {"interactionId": "LPXRW7.0.260", "response": {"type": "exactChoices", "data": {"choices": [{"id": "LPXRW7.0.260.c0", "surfaces": [{"type": "summary", "data": {"code": "candidate"}}, {"type": "action", "data": {"code": "passPriority", "actionId": "aa9063230e9a
[P0] tap land for mana: LPXRW7.0.260.c1 symbols=['R'] used_for=generic needs={'R': 0, 'generic': 0}
[resolving/P0] prompt: {"interactionId": "LPXRW7.0.261", "response": {"type": "exactChoices", "data": {"choices": [{"id": "LPXRW7.0.261.c0", "surfaces": [{"type": "summary", "data": {"code": "candidate"}}, {"type": "action", "data": {"code": "passPriority", "actionId": "aa9063230e9a
[resolving/P1] prompt: {"interactionId": "LPXRW7.0.262", "response": {"type": "exactChoices", "data": {"choices": [{"id": "LPXRW7.0.262.c0", "surfaces": [{"type": "summary", "data": {"code": "candidate"}}, {"type": "action", "data": {"code": "passPriority", "actionId": "aa9063230e9a
[resolving/P0] prompt: {"interactionId": "LPXRW7.0.263", "response": {"type": "exactChoices", "data": {"choices": [{"id": "LPXRW7.0.263.c0", "surfaces": [{"type": "summary", "data": {"code": "candidate"}}, {"type": "action", "data": {"code": "passPriority", "actionId": "aa9063230e9a
[resolving/P1] prompt: {"interactionId": "LPXRW7.0.264", "response": {"type": "exactChoices", "data": {"choices": [{"id": "LPXRW7.0.264.c0", "surfaces": [{"type": "summary", "data": {"code": "candidate"}}, {"type": "action", "data": {"code": "passPriority", "actionId": "aa9063230e9a
[resolving/P0] prompt: {"interactionId": "LPXRW7.0.265", "response": {"type": "exactChoices", "data": {"choices": [{"id": "LPXRW7.0.265.c0", "surfaces": [{"type": "summary", "data": {"code": "candidate"}}, {"type": "action", "data": {"code": "passPriority", "actionId": "aa9063230e9a
[resolving/P1] prompt: {"interactionId": "LPXRW7.0.266", "response": {"type": "exactChoices", "data": {"choices": [{"id": "LPXRW7.0.266.c0", "surfaces": [{"type": "summary", "data": {"code": "candidate"}}, {"type": "action", "data": {"code": "passPriority", "actionId": "aa9063230e9a
[resolving/P0] prompt: {"interactionId": "LPXRW7.0.267", "response": {"type": "exactChoices", "data": {"choices": [{"id": "LPXRW7.0.267.c0", "surfaces": [{"type": "summary", "data": {"code": "candidate"}}, {"type": "action", "data": {"code": "passPriority", "actionId": "aa9063230e9a
[resolving/P1] prompt: {"interactionId": "LPXRW7.0.268", "response": {"type": "exactChoices", "data": {"choices": [{"id": "LPXRW7.0.268.c0", "surfaces": [{"type": "summary", "data": {"code": "candidate"}}, {"type": "action", "data": {"code": "passPriority", "actionId": "aa9063230e9a
[resolving/P0] prompt: {"interactionId": "LPXRW7.0.269", "response": {"type": "schema", "data": {"spec": {"type": "relations", "data": {"edges": [{"sourceId": "LPXRW7.0.269.r0", "targetIds": ["LPXRW7.0.269.d0"]}, {"sourceId": "LPXRW7.0.269.r1", "targetIds": ["LPXRW7.0.269.d0"]}], "m
[resolving/P0] prompt: {"interactionId": "LPXRW7.0.270", "response": {"type": "exactChoices", "data": {"choices": [{"id": "LPXRW7.0.270.c0", "surfaces": [{"type": "summary", "data": {"code": "candidate"}}, {"type": "action", "data": {"code": "passPriority", "actionId": "aa9063230e9a
[resolving/P1] prompt: {"interactionId": "LPXRW7.0.271", "response": {"type": "exactChoices", "data": {"choices": [{"id": "LPXRW7.0.271.c0", "surfaces": [{"type": "summary", "data": {"code": "candidate"}}, {"type": "action", "data": {"code": "passPriority", "actionId": "aa9063230e9a
[resolving/P0] prompt: {"interactionId": "LPXRW7.0.272", "response": {"type": "exactChoices", "data": {"choices": [{"id": "LPXRW7.0.272.c0", "surfaces": [{"type": "summary", "data": {"code": "candidate"}}, {"type": "action", "data": {"code": "passPriority", "actionId": "aa9063230e9a
[resolving/P1] prompt: {"interactionId": "LPXRW7.0.273", "response": {"type": "exactChoices", "data": {"choices": [{"id": "LPXRW7.0.273.c0", "surfaces": [{"type": "summary", "data": {"code": "candidate"}}, {"type": "action", "data": {"code": "passPriority", "actionId": "aa9063230e9a
[resolving/P0] prompt: {"interactionId": "LPXRW7.0.274", "response": {"type": "exactChoices", "data": {"choices": [{"id": "LPXRW7.0.274.c0", "surfaces": [{"type": "summary", "data": {"code": "candidate"}}, {"type": "action", "data": {"code": "passPriority", "actionId": "aa9063230e9a
[resolving/P1] prompt: {"interactionId": "LPXRW7.0.275", "response": {"type": "exactChoices", "data": {"choices": [{"id": "LPXRW7.0.275.c0", "surfaces": [{"type": "summary", "data": {"code": "candidate"}}, {"type": "action", "data": {"code": "passPriority", "actionId": "aa9063230e9a
[resolving/P1] prompt: {"interactionId": "LPXRW7.0.276", "response": {"type": "exactChoices", "data": {"choices": [{"id": "LPXRW7.0.276.c0", "surfaces": [{"type": "summary", "data": {"code": "candidate"}}, {"type": "action", "data": {"code": "passPriority", "actionId": "aa9063230e9a
[resolving/P0] prompt: {"interactionId": "LPXRW7.0.277", "response": {"type": "exactChoices", "data": {"choices": [{"id": "LPXRW7.0.277.c0", "surfaces": [{"type": "summary", "data": {"code": "candidate"}}, {"type": "action", "data": {"code": "passPriority", "actionId": "aa9063230e9a
[resolving/P1] prompt: {"interactionId": "LPXRW7.0.278", "response": {"type": "exactChoices", "data": {"choices": [{"id": "LPXRW7.0.278.c0", "surfaces": [{"type": "summary", "data": {"code": "candidate"}}, {"type": "action", "data": {"code": "passPriority", "actionId": "aa9063230e9a
[resolving/P0] prompt: {"interactionId": "LPXRW7.0.279", "response": {"type": "exactChoices", "data": {"choices": [{"id": "LPXRW7.0.279.c0", "surfaces": [{"type": "summary", "data": {"code": "candidate"}}, {"type": "action", "data": {"code": "passPriority", "actionId": "aa9063230e9a
[resolving/P1] prompt: {"interactionId": "LPXRW7.0.280", "response": {"type": "exactChoices", "data": {"choices": [{"id": "LPXRW7.0.280.c0", "surfaces": [{"type": "summary", "data": {"code": "candidate"}}, {"type": "action", "data": {"code": "passPriority", "actionId": "aa9063230e9a
[window] settle clock done; exporting post
[window] settle clock done; exporting post
exported post.json
exported post.json
