[15:49:22] ServerHello: version=0.104.0 build=4227122 protocol=118 mode=Full
[15:49:22] data-level check: ok=True notes=[]
[15:49:22] ===== GAME A: cabal ritual {1}{B} =====
[15:49:23] [A] game 2E84XS; P0 seat=0 P1 seat=1
[15:49:23] [P0A] keep 7: ['swamp', 'swamp', 'cabal ritual', 'cabal ritual', 'phyrexian altar', 'swamp', 'phyrexian altar']
[15:49:23] [P1A] keep 7: ['forest', 'forest', 'forest', 'forest', 'forest', 'forest', 'forest']
[15:49:24] [A] playing land swamp
[15:49:26] [P1A] NOTE: hand=8>7 but vi kind code='choose'; not answering yet
[15:49:26] [P1A] playing land forest
[15:49:26] [P1A] tap land for mana used_for=any
[15:49:26] [P1A] submitting interaction iid=2E84XS.0.22 choice=2E84XS.0.22.c1 (Forest)
[15:49:29] [A] playing land swamp
[15:49:32] [P1A] tap land for mana used_for=any
[15:49:32] [P1A] submitting interaction iid=2E84XS.0.48 choice=2E84XS.0.48.c1 (Forest)
[15:49:33] [P1A] playing land forest
[15:49:33] [P1A] tap land for mana used_for=any
[15:49:33] [P1A] submitting interaction iid=2E84XS.0.54 choice=2E84XS.0.54.c1 (Forest)
[15:49:35] [A] playing land swamp
[15:49:35] [A] P0 casts phyrexian altar (oid 6) needs={'generic': 3}
[15:49:38] [P1A] tap land for mana used_for=any
[15:49:38] [P1A] submitting interaction iid=2E84XS.0.83 choice=2E84XS.0.83.c1 (Forest)
[15:49:38] [P1A] tap land for mana used_for=any
[15:49:38] [P1A] submitting interaction iid=2E84XS.0.84 choice=2E84XS.0.84.c1 (Forest)
[15:49:39] [P1A] playing land forest
[15:49:39] [P1A] tap land for mana used_for=any
[15:49:39] [P1A] submitting interaction iid=2E84XS.0.90 choice=2E84XS.0.90.c1 (Forest)
[15:49:41] [A] tap land for mana used_for=generic
[15:49:41] [A] submitting interaction iid=2E84XS.0.101 choice=2E84XS.0.101.c9 (Swamp)
[15:49:41] [A] tap land for mana used_for=generic
[15:49:41] [A] submitting interaction iid=2E84XS.0.102 choice=2E84XS.0.102.c9 (Swamp)
[15:49:42] [A] tap land for mana used_for=generic
[15:49:42] [A] submitting interaction iid=2E84XS.0.103 choice=2E84XS.0.103.c9 (Swamp)
[15:49:42] [A] playing land swamp
[15:49:45] [P1A] tap land for mana used_for=any
[15:49:45] [P1A] submitting interaction iid=2E84XS.0.119 choice=2E84XS.0.119.c1 (Forest)
[15:49:45] [P1A] tap land for mana used_for=any
[15:49:45] [P1A] submitting interaction iid=2E84XS.0.120 choice=2E84XS.0.120.c1 (Forest)
[15:49:45] [P1A] tap land for mana used_for=any
[15:49:45] [P1A] submitting interaction iid=2E84XS.0.121 choice=2E84XS.0.121.c1 (Forest)
[15:49:46] [P1A] playing land forest
[15:49:46] [P1A] tap land for mana used_for=any
[15:49:46] [P1A] submitting interaction iid=2E84XS.0.127 choice=2E84XS.0.127.c1 (Forest)
[15:49:49] [A] playing land swamp
[15:49:51] [P1A] tap land for mana used_for=any
[15:49:51] [P1A] submitting interaction iid=2E84XS.0.153 choice=2E84XS.0.153.c1 (Forest)
[15:49:51] [P1A] tap land for mana used_for=any
[15:49:51] [P1A] submitting interaction iid=2E84XS.0.154 choice=2E84XS.0.154.c1 (Forest)
[15:49:51] [P1A] tap land for mana used_for=any
[15:49:51] [P1A] submitting interaction iid=2E84XS.0.155 choice=2E84XS.0.155.c1 (Forest)
[15:49:51] [P1A] tap land for mana used_for=any
[15:49:51] [P1A] submitting interaction iid=2E84XS.0.156 choice=2E84XS.0.156.c1 (Forest)
[15:49:52] [P1A] playing land forest
[15:49:52] [P1A] tap land for mana used_for=any
[15:49:52] [P1A] submitting interaction iid=2E84XS.0.162 choice=2E84XS.0.162.c1 (Forest)
[15:49:54] [A] playing land swamp
[15:49:56] [P1A] tap land for mana used_for=any
[15:49:56] [P1A] submitting interaction iid=2E84XS.0.188 choice=2E84XS.0.188.c1 (Forest)
[15:49:56] [P1A] tap land for mana used_for=any
[15:49:56] [P1A] submitting interaction iid=2E84XS.0.189 choice=2E84XS.0.189.c1 (Forest)
[15:49:57] [P1A] tap land for mana used_for=any
[15:49:57] [P1A] submitting interaction iid=2E84XS.0.190 choice=2E84XS.0.190.c1 (Forest)
[15:49:57] [P1A] tap land for mana used_for=any
[15:49:57] [P1A] submitting interaction iid=2E84XS.0.191 choice=2E84XS.0.191.c1 (Forest)
[15:49:57] [P1A] tap land for mana used_for=any
[15:49:57] [P1A] submitting interaction iid=2E84XS.0.192 choice=2E84XS.0.192.c1 (Forest)
[15:49:58] [P1A] playing land forest
[15:49:58] [P1A] tap land for mana used_for=any
[15:49:58] [P1A] submitting interaction iid=2E84XS.0.198 choice=2E84XS.0.198.c1 (Forest)
[15:50:02] [A] playing land swamp
[15:50:03] [P1A] tap land for mana used_for=any
[15:50:03] [P1A] submitting interaction iid=2E84XS.0.224 choice=2E84XS.0.224.c1 (Forest)
[15:50:03] [P1A] tap land for mana used_for=any
[15:50:03] [P1A] submitting interaction iid=2E84XS.0.225 choice=2E84XS.0.225.c1 (Forest)
[15:50:04] [P1A] tap land for mana used_for=any
[15:50:04] [P1A] submitting interaction iid=2E84XS.0.226 choice=2E84XS.0.226.c1 (Forest)
[15:50:04] [P1A] tap land for mana used_for=any
[15:50:04] [P1A] submitting interaction iid=2E84XS.0.227 choice=2E84XS.0.227.c1 (Forest)
[15:50:04] [P1A] tap land for mana used_for=any
[15:50:04] [P1A] submitting interaction iid=2E84XS.0.228 choice=2E84XS.0.228.c1 (Forest)
[15:50:04] [P1A] tap land for mana used_for=any
[15:50:04] [P1A] submitting interaction iid=2E84XS.0.229 choice=2E84XS.0.229.c1 (Forest)
[15:50:05] [P1A] playing land forest
[15:50:05] [P1A] tap land for mana used_for=any
[15:50:05] [P1A] submitting interaction iid=2E84XS.0.235 choice=2E84XS.0.235.c1 (Forest)
[15:50:08] [A] P0 casts diregraf ghoul (oid 42) needs={'B': 1}
[15:50:09] [A] tap land for mana used_for=B
[15:50:09] [A] submitting interaction iid=2E84XS.0.251 choice=2E84XS.0.251.c9 (Swamp)
[15:50:09] [A] setup complete -> assert phase
[15:50:09] [A] exported pre_A.json
[15:50:09] [A] PRE exported; setup ready (turn 15)
[15:50:11] [P1A] tap land for mana used_for=any
[15:50:11] [P1A] submitting interaction iid=2E84XS.0.264 choice=2E84XS.0.264.c1 (Forest)
[15:50:11] [P1A] tap land for mana used_for=any
[15:50:11] [P1A] submitting interaction iid=2E84XS.0.265 choice=2E84XS.0.265.c1 (Forest)
[15:50:11] [P1A] tap land for mana used_for=any
[15:50:11] [P1A] submitting interaction iid=2E84XS.0.266 choice=2E84XS.0.266.c1 (Forest)
[15:50:11] [P1A] tap land for mana used_for=any
[15:50:11] [P1A] submitting interaction iid=2E84XS.0.267 choice=2E84XS.0.267.c1 (Forest)
[15:50:11] [P1A] tap land for mana used_for=any
[15:50:11] [P1A] submitting interaction iid=2E84XS.0.268 choice=2E84XS.0.268.c1 (Forest)
[15:50:11] [P1A] tap land for mana used_for=any
[15:50:11] [P1A] submitting interaction iid=2E84XS.0.269 choice=2E84XS.0.269.c1 (Forest)
[15:50:12] [P1A] tap land for mana used_for=any
[15:50:12] [P1A] submitting interaction iid=2E84XS.0.270 choice=2E84XS.0.270.c1 (Forest)
[15:50:13] [P1A] playing land forest
[15:50:13] [P1A] tap land for mana used_for=any
[15:50:13] [P1A] submitting interaction iid=2E84XS.0.276 choice=2E84XS.0.276.c1 (Forest)
[15:50:15] [A] gate assertion A2a_gate_offers_1B: offered_seen=True want_offered=True -> passed (obs=4)
[15:50:15] [A] -> act phase
[15:50:15] [A] activating phyrexian altar via ActivateAbility legal_action
[15:50:16] [A] submitting interaction iid=2E84XS.0.292 choice=2E84XS.0.292.s0 (Diregraf Ghoul)
[15:50:16] [A] sacrificed for phyrexian altar (#1): Diregraf Ghoul
[15:50:17] [A] submitting interaction iid=2E84XS.0.293 choice=2E84XS.0.293.m2 ()
[15:50:17] [A] chose mana color: 
[15:50:23] [A] casting cabal ritual
[15:50:24] [A] tap land for mana used_for=B
[15:50:24] [A] submitting interaction iid=2E84XS.0.295 choice=2E84XS.0.295.c7 (Swamp)
[15:50:24] [A] tap land for mana used_for=generic
[15:50:24] [A] submitting interaction iid=2E84XS.0.296 choice=2E84XS.0.296.c7 (Swamp)
[15:50:24] [A] A2b: ritual resolved; ghoul in gy=True; black pool=5 (want >=3: 1 altar + 1 swamp tap + 3 ritual) -> passed
[15:50:24] [A] exported post_A.json
[15:50:24] [A] POST exported
[15:50:24] ===== GAME B: sign in blood {B}{B} =====
[15:50:25] [B] game 4VTYA2; P0 seat=0 P1 seat=1
[15:50:25] [P0B] mulligan (7 cards, hand=['phyrexian altar', 'forest', 'memnite', 'forest', 'memnite', 'forest', 'forest'])
[15:50:25] [P1B] keep 7: ['forest', 'forest', 'forest', 'forest', 'forest', 'forest', 'forest']
[15:50:25] [P0B] keep 7: ['memnite', 'forest', 'memnite', 'phyrexian altar', 'sign in blood', 'forest', 'forest']
[15:50:25] [P0B] bottoming ['forest'] via vi
[15:50:26] [B] playing land forest
[15:50:26] [B] P0 casts memnite (oid 10) needs={'generic': 0}
[15:50:27] [B] P0 casts memnite (oid 26) needs={'generic': 0}
[15:50:31] [P1B] NOTE: hand=8>7 but vi kind code='choose'; not answering yet
[15:50:31] [P1B] playing land forest
[15:50:31] [P1B] tap land for mana used_for=any
[15:50:31] [P1B] submitting interaction iid=4VTYA2.0.30 choice=4VTYA2.0.30.c1 (Forest)
[15:50:34] [B] playing land forest
[15:50:36] [P1B] tap land for mana used_for=any
[15:50:36] [P1B] submitting interaction iid=4VTYA2.0.57 choice=4VTYA2.0.57.c1 (Forest)
[15:50:36] [P1B] playing land forest
[15:50:37] [P1B] tap land for mana used_for=any
[15:50:37] [P1B] submitting interaction iid=4VTYA2.0.63 choice=4VTYA2.0.63.c1 (Forest)
[15:50:39] [B] playing land forest
[15:50:39] [B] P0 casts phyrexian altar (oid 6) needs={'generic': 3}
[15:50:40] [B] setup complete -> assert phase
[15:50:40] [B] exported pre_B.json
[15:50:40] [B] PRE exported; setup ready (turn 5)
[15:50:43] [P1B] tap land for mana used_for=any
[15:50:43] [P1B] submitting interaction iid=4VTYA2.0.93 choice=4VTYA2.0.93.c1 (Forest)
[15:50:43] [P1B] tap land for mana used_for=any
[15:50:43] [P1B] submitting interaction iid=4VTYA2.0.94 choice=4VTYA2.0.94.c1 (Forest)
[15:50:44] [P1B] playing land forest
[15:50:44] [P1B] tap land for mana used_for=any
[15:50:44] [P1B] submitting interaction iid=4VTYA2.0.100 choice=4VTYA2.0.100.c1 (Forest)
[15:50:46] [B] tap land for mana used_for=generic
[15:50:46] [B] submitting interaction iid=4VTYA2.0.111 choice=4VTYA2.0.111.c2 (Forest)
[15:50:46] [B] tap land for mana used_for=generic
[15:50:46] [B] submitting interaction iid=4VTYA2.0.112 choice=4VTYA2.0.112.c2 (Forest)
[15:50:46] [B] tap land for mana used_for=generic
[15:50:46] [B] submitting interaction iid=4VTYA2.0.113 choice=4VTYA2.0.113.c2 (Forest)
[15:50:47] [B] gate assertion A3a_gate_offers_BB: offered_seen=False want_offered=True -> failed (obs=4)
[15:50:47] [B] -> act phase
[15:50:47] [B] activating phyrexian altar via ActivateAbility legal_action
[15:50:47] [B] submitting interaction iid=4VTYA2.0.119 choice=4VTYA2.0.119.s0 (Memnite)
[15:50:47] [B] sacrificed for phyrexian altar (#1): Memnite
[15:50:48] [B] submitting interaction iid=4VTYA2.0.120 choice=4VTYA2.0.120.m2 ()
[15:50:48] [B] chose mana color: 
[15:50:54] [B] activating phyrexian altar via ActivateAbility legal_action
[15:50:55] [B] submitting interaction iid=4VTYA2.0.122 choice=4VTYA2.0.122.s0 (Memnite)
[15:50:55] [B] sacrificed for phyrexian altar (#2): Memnite
[15:50:56] [B] submitting interaction iid=4VTYA2.0.123 choice=4VTYA2.0.123.m2 ()
[15:50:56] [B] chose mana color: 
[15:50:57] [B] both activations done; pool={'B': 2}
[15:51:02] [B] exported mid_B.json
[15:51:02] [B] MID exported; pool={'B': 2}
[15:51:02] [B] A3b: with {B}{B} floating, gate now offers sign in blood -> passed (bug confirmed: feasibility analysis, not resources, blocked the offer)
[15:51:02] [B] casting sign in blood
[15:51:03] [B] submitting interaction iid=4VTYA2.0.125 choice=4VTYA2.0.125.t1 ()
[15:51:03] [B] targeted P1 for sign in blood
[15:51:04] [B] Sign in Blood resolved: P1 life=18 (want 18) -> passed
[15:51:04] [B] exported post_B.json
[15:51:04] [B] POST exported
[15:51:04] ===== GAME C: dark ritual {B} =====
[15:51:05] [C] game PWPO7M; P0 seat=0 P1 seat=1
[15:51:05] [P0C] keep 7: ['forest', 'dark ritual', 'phyrexian altar', 'forest', 'forest', 'forest', 'forest']
[15:51:05] [P1C] keep 7: ['forest', 'forest', 'forest', 'forest', 'forest', 'forest', 'forest']
[15:51:05] [P1C] playing land forest
[15:51:06] [P1C] tap land for mana used_for=any
[15:51:06] [P1C] submitting interaction iid=PWPO7M.0.7 choice=PWPO7M.0.7.c1 (Forest)
[15:51:08] [P0C] NOTE: hand=8>7 but vi kind code='choose'; not answering yet
[15:51:08] [C] playing land forest
[15:51:10] [P1C] tap land for mana used_for=any
[15:51:10] [P1C] submitting interaction iid=PWPO7M.0.33 choice=PWPO7M.0.33.c1 (Forest)
[15:51:10] [P1C] playing land forest
[15:51:11] [P1C] tap land for mana used_for=any
[15:51:11] [P1C] submitting interaction iid=PWPO7M.0.39 choice=PWPO7M.0.39.c1 (Forest)
[15:51:14] [C] playing land forest
[15:51:16] [P1C] tap land for mana used_for=any
[15:51:16] [P1C] submitting interaction iid=PWPO7M.0.65 choice=PWPO7M.0.65.c1 (Forest)
[15:51:16] [P1C] tap land for mana used_for=any
[15:51:16] [P1C] submitting interaction iid=PWPO7M.0.66 choice=PWPO7M.0.66.c1 (Forest)
[15:51:17] [P1C] playing land forest
[15:51:17] [P1C] tap land for mana used_for=any
[15:51:17] [P1C] submitting interaction iid=PWPO7M.0.72 choice=PWPO7M.0.72.c1 (Forest)
[15:51:19] [C] playing land forest
[15:51:19] [C] P0 casts phyrexian altar (oid 6) needs={'generic': 3}
[15:51:20] [C] setup complete -> assert phase
[15:51:20] [C] exported pre_C.json
[15:51:21] [C] PRE exported; setup ready (turn 6)
[15:51:22] [P1C] tap land for mana used_for=any
[15:51:22] [P1C] submitting interaction iid=PWPO7M.0.101 choice=PWPO7M.0.101.c1 (Forest)
[15:51:22] [P1C] tap land for mana used_for=any
[15:51:22] [P1C] submitting interaction iid=PWPO7M.0.102 choice=PWPO7M.0.102.c1 (Forest)
[15:51:22] [P1C] tap land for mana used_for=any
[15:51:22] [P1C] submitting interaction iid=PWPO7M.0.103 choice=PWPO7M.0.103.c1 (Forest)
[15:51:23] [P1C] playing land forest
[15:51:23] [P1C] tap land for mana used_for=any
[15:51:23] [P1C] submitting interaction iid=PWPO7M.0.109 choice=PWPO7M.0.109.c1 (Forest)
[15:51:26] [C] tap land for mana used_for=generic
[15:51:26] [C] submitting interaction iid=PWPO7M.0.120 choice=PWPO7M.0.120.c1 (Forest)
[15:51:26] [C] tap land for mana used_for=generic
[15:51:26] [C] submitting interaction iid=PWPO7M.0.121 choice=PWPO7M.0.121.c1 (Forest)
[15:51:26] [C] tap land for mana used_for=generic
[15:51:26] [C] submitting interaction iid=PWPO7M.0.122 choice=PWPO7M.0.122.c1 (Forest)
[15:51:27] [C] gate assertion A4_gate_rejects_B: offered_seen=False want_offered=False -> passed (obs=4)
[15:51:27] [C] exported post_C.json
[15:51:27] [C] POST exported (observe-only)
[15:51:27] ===== GAME D: steel overseer {2} =====
[15:51:27] [D] game 46SHAQ; P0 seat=0 P1 seat=1
[15:51:27] [P0D] mulligan (7 cards, hand=['forest', 'memnite', 'forest', 'forest', 'forest', 'forest', 'forest'])
[15:51:27] [P1D] keep 7: ['forest', 'forest', 'forest', 'forest', 'forest', 'forest', 'forest']
[15:51:27] [P0D] keep 7: ['steel overseer', 'memnite', 'forest', 'forest', 'steel overseer', 'memnite', 'forest']
[15:51:27] [P0D] bottoming ['forest'] via vi
[15:51:28] [D] playing land forest
[15:51:28] [D] P0 casts memnite (oid 4) needs={'generic': 0}
[15:51:29] [D] P0 casts memnite (oid 51) needs={'generic': 0}
[15:51:32] [P1D] NOTE: hand=8>7 but vi kind code='choose'; not answering yet
[15:51:32] [P1D] playing land forest
[15:51:32] [P1D] tap land for mana used_for=any
[15:51:32] [P1D] submitting interaction iid=46SHAQ.0.30 choice=46SHAQ.0.30.c1 (Forest)
[15:51:35] [D] playing land forest
[15:51:36] [P1D] tap land for mana used_for=any
[15:51:36] [P1D] submitting interaction iid=46SHAQ.0.57 choice=46SHAQ.0.57.c1 (Forest)
[15:51:37] [P1D] playing land forest
[15:51:37] [P1D] tap land for mana used_for=any
[15:51:37] [P1D] submitting interaction iid=46SHAQ.0.63 choice=46SHAQ.0.63.c1 (Forest)
[15:51:41] [D] playing land forest
[15:51:43] [P1D] tap land for mana used_for=any
[15:51:43] [P1D] submitting interaction iid=46SHAQ.0.90 choice=46SHAQ.0.90.c1 (Forest)
[15:51:43] [P1D] tap land for mana used_for=any
[15:51:43] [P1D] submitting interaction iid=46SHAQ.0.91 choice=46SHAQ.0.91.c1 (Forest)
[15:51:44] [P1D] playing land forest
[15:51:44] [P1D] tap land for mana used_for=any
[15:51:44] [P1D] submitting interaction iid=46SHAQ.0.97 choice=46SHAQ.0.97.c1 (Forest)
[15:51:46] [D] playing land forest
[15:51:48] [P1D] tap land for mana used_for=any
[15:51:48] [P1D] submitting interaction iid=46SHAQ.0.124 choice=46SHAQ.0.124.c1 (Forest)
[15:51:48] [P1D] tap land for mana used_for=any
[15:51:48] [P1D] submitting interaction iid=46SHAQ.0.125 choice=46SHAQ.0.125.c1 (Forest)
[15:51:48] [P1D] tap land for mana used_for=any
[15:51:48] [P1D] submitting interaction iid=46SHAQ.0.126 choice=46SHAQ.0.126.c1 (Forest)
[15:51:49] [P1D] playing land forest
[15:51:49] [P1D] tap land for mana used_for=any
[15:51:49] [P1D] submitting interaction iid=46SHAQ.0.132 choice=46SHAQ.0.132.c1 (Forest)
[15:51:51] [D] playing land forest
[15:51:53] [P1D] tap land for mana used_for=any
[15:51:53] [P1D] submitting interaction iid=46SHAQ.0.159 choice=46SHAQ.0.159.c1 (Forest)
[15:51:54] [P1D] tap land for mana used_for=any
[15:51:54] [P1D] submitting interaction iid=46SHAQ.0.160 choice=46SHAQ.0.160.c1 (Forest)
[15:51:55] [P1D] tap land for mana used_for=any
[15:51:55] [P1D] submitting interaction iid=46SHAQ.0.161 choice=46SHAQ.0.161.c1 (Forest)
[15:51:55] [P1D] tap land for mana used_for=any
[15:51:55] [P1D] submitting interaction iid=46SHAQ.0.162 choice=46SHAQ.0.162.c1 (Forest)
[15:51:56] [P1D] playing land forest
[15:51:56] [P1D] tap land for mana used_for=any
[15:51:56] [P1D] submitting interaction iid=46SHAQ.0.168 choice=46SHAQ.0.168.c1 (Forest)
[15:52:00] [P1D] tap land for mana used_for=any
[15:52:00] [P1D] submitting interaction iid=46SHAQ.0.194 choice=46SHAQ.0.194.c1 (Forest)
[15:52:00] [P1D] tap land for mana used_for=any
[15:52:00] [P1D] submitting interaction iid=46SHAQ.0.195 choice=46SHAQ.0.195.c1 (Forest)
[15:52:00] [P1D] tap land for mana used_for=any
[15:52:00] [P1D] submitting interaction iid=46SHAQ.0.196 choice=46SHAQ.0.196.c1 (Forest)
[15:52:00] [P1D] tap land for mana used_for=any
[15:52:00] [P1D] submitting interaction iid=46SHAQ.0.197 choice=46SHAQ.0.197.c1 (Forest)
[15:52:00] [P1D] tap land for mana used_for=any
[15:52:00] [P1D] submitting interaction iid=46SHAQ.0.198 choice=46SHAQ.0.198.c1 (Forest)
[15:52:01] [P1D] playing land forest
[15:52:01] [P1D] tap land for mana used_for=any
[15:52:01] [P1D] submitting interaction iid=46SHAQ.0.204 choice=46SHAQ.0.204.c1 (Forest)
[15:52:05] [P1D] tap land for mana used_for=any
[15:52:05] [P1D] submitting interaction iid=46SHAQ.0.230 choice=46SHAQ.0.230.c1 (Forest)
[15:52:05] [P1D] tap land for mana used_for=any
[15:52:05] [P1D] submitting interaction iid=46SHAQ.0.231 choice=46SHAQ.0.231.c1 (Forest)
[15:52:05] [P1D] tap land for mana used_for=any
[15:52:05] [P1D] submitting interaction iid=46SHAQ.0.232 choice=46SHAQ.0.232.c1 (Forest)
[15:52:06] [P1D] tap land for mana used_for=any
[15:52:06] [P1D] submitting interaction iid=46SHAQ.0.233 choice=46SHAQ.0.233.c1 (Forest)
[15:52:06] [P1D] tap land for mana used_for=any
[15:52:06] [P1D] submitting interaction iid=46SHAQ.0.234 choice=46SHAQ.0.234.c1 (Forest)
[15:52:06] [P1D] tap land for mana used_for=any
[15:52:06] [P1D] submitting interaction iid=46SHAQ.0.235 choice=46SHAQ.0.235.c1 (Forest)
[15:52:07] [P1D] playing land forest
[15:52:07] [P1D] tap land for mana used_for=any
[15:52:07] [P1D] submitting interaction iid=46SHAQ.0.241 choice=46SHAQ.0.241.c1 (Forest)
[15:52:09] [D] playing land forest
[15:52:12] [P1D] tap land for mana used_for=any
[15:52:12] [P1D] submitting interaction iid=46SHAQ.0.268 choice=46SHAQ.0.268.c1 (Forest)
[15:52:12] [P1D] tap land for mana used_for=any
[15:52:12] [P1D] submitting interaction iid=46SHAQ.0.269 choice=46SHAQ.0.269.c1 (Forest)
[15:52:13] [P1D] tap land for mana used_for=any
[15:52:13] [P1D] submitting interaction iid=46SHAQ.0.270 choice=46SHAQ.0.270.c1 (Forest)
[15:52:13] [P1D] tap land for mana used_for=any
[15:52:13] [P1D] submitting interaction iid=46SHAQ.0.271 choice=46SHAQ.0.271.c1 (Forest)
[15:52:13] [P1D] tap land for mana used_for=any
[15:52:13] [P1D] submitting interaction iid=46SHAQ.0.272 choice=46SHAQ.0.272.c1 (Forest)
[15:52:13] [P1D] tap land for mana used_for=any
[15:52:13] [P1D] submitting interaction iid=46SHAQ.0.273 choice=46SHAQ.0.273.c1 (Forest)
[15:52:13] [P1D] tap land for mana used_for=any
[15:52:13] [P1D] submitting interaction iid=46SHAQ.0.274 choice=46SHAQ.0.274.c1 (Forest)
[15:52:14] [P1D] playing land forest
[15:52:14] [P1D] tap land for mana used_for=any
[15:52:14] [P1D] submitting interaction iid=46SHAQ.0.280 choice=46SHAQ.0.280.c1 (Forest)
[15:52:17] [D] playing land forest
[15:52:18] [P1D] tap land for mana used_for=any
[15:52:18] [P1D] submitting interaction iid=46SHAQ.0.307 choice=46SHAQ.0.307.c1 (Forest)
[15:52:19] [P1D] tap land for mana used_for=any
[15:52:19] [P1D] submitting interaction iid=46SHAQ.0.308 choice=46SHAQ.0.308.c1 (Forest)
[15:52:19] [P1D] tap land for mana used_for=any
[15:52:19] [P1D] submitting interaction iid=46SHAQ.0.309 choice=46SHAQ.0.309.c1 (Forest)
[15:52:19] [P1D] tap land for mana used_for=any
[15:52:19] [P1D] submitting interaction iid=46SHAQ.0.310 choice=46SHAQ.0.310.c1 (Forest)
[15:52:19] [P1D] tap land for mana used_for=any
[15:52:19] [P1D] submitting interaction iid=46SHAQ.0.311 choice=46SHAQ.0.311.c1 (Forest)
[15:52:19] [P1D] tap land for mana used_for=any
[15:52:19] [P1D] submitting interaction iid=46SHAQ.0.312 choice=46SHAQ.0.312.c1 (Forest)
[15:52:19] [P1D] tap land for mana used_for=any
[15:52:19] [P1D] submitting interaction iid=46SHAQ.0.313 choice=46SHAQ.0.313.c1 (Forest)
[15:52:19] [P1D] tap land for mana used_for=any
[15:52:19] [P1D] submitting interaction iid=46SHAQ.0.314 choice=46SHAQ.0.314.c1 (Forest)
[15:52:21] [P1D] playing land forest
[15:52:21] [P1D] tap land for mana used_for=any
[15:52:21] [P1D] submitting interaction iid=46SHAQ.0.320 choice=46SHAQ.0.320.c1 (Forest)
[15:52:25] [P1D] tap land for mana used_for=any
[15:52:25] [P1D] submitting interaction iid=46SHAQ.0.346 choice=46SHAQ.0.346.c1 (Forest)
[15:52:25] [P1D] tap land for mana used_for=any
[15:52:25] [P1D] submitting interaction iid=46SHAQ.0.347 choice=46SHAQ.0.347.c1 (Forest)
[15:52:25] [P1D] tap land for mana used_for=any
[15:52:25] [P1D] submitting interaction iid=46SHAQ.0.348 choice=46SHAQ.0.348.c1 (Forest)
[15:52:25] [P1D] tap land for mana used_for=any
[15:52:25] [P1D] submitting interaction iid=46SHAQ.0.349 choice=46SHAQ.0.349.c1 (Forest)
[15:52:25] [P1D] tap land for mana used_for=any
[15:52:25] [P1D] submitting interaction iid=46SHAQ.0.350 choice=46SHAQ.0.350.c1 (Forest)
[15:52:26] [P1D] tap land for mana used_for=any
[15:52:26] [P1D] submitting interaction iid=46SHAQ.0.351 choice=46SHAQ.0.351.c1 (Forest)
[15:52:26] [P1D] tap land for mana used_for=any
[15:52:26] [P1D] submitting interaction iid=46SHAQ.0.352 choice=46SHAQ.0.352.c1 (Forest)
[15:52:26] [P1D] tap land for mana used_for=any
[15:52:26] [P1D] submitting interaction iid=46SHAQ.0.353 choice=46SHAQ.0.353.c1 (Forest)
[15:52:26] [P1D] tap land for mana used_for=any
[15:52:26] [P1D] submitting interaction iid=46SHAQ.0.354 choice=46SHAQ.0.354.c1 (Forest)
[15:52:28] [P1D] playing land forest
[15:52:28] [P1D] tap land for mana used_for=any
[15:52:28] [P1D] submitting interaction iid=46SHAQ.0.360 choice=46SHAQ.0.360.c1 (Forest)
[15:52:30] [D] playing land forest
[15:52:32] [P1D] tap land for mana used_for=any
[15:52:32] [P1D] submitting interaction iid=46SHAQ.0.387 choice=46SHAQ.0.387.c1 (Forest)
[15:52:32] [P1D] tap land for mana used_for=any
[15:52:32] [P1D] submitting interaction iid=46SHAQ.0.388 choice=46SHAQ.0.388.c1 (Forest)
[15:52:34] [P1D] tap land for mana used_for=any
[15:52:34] [P1D] submitting interaction iid=46SHAQ.0.389 choice=46SHAQ.0.389.c1 (Forest)
[15:52:34] [P1D] tap land for mana used_for=any
[15:52:34] [P1D] submitting interaction iid=46SHAQ.0.390 choice=46SHAQ.0.390.c1 (Forest)
[15:52:34] [P1D] tap land for mana used_for=any
[15:52:34] [P1D] submitting interaction iid=46SHAQ.0.391 choice=46SHAQ.0.391.c1 (Forest)
[15:52:34] [P1D] tap land for mana used_for=any
[15:52:34] [P1D] submitting interaction iid=46SHAQ.0.392 choice=46SHAQ.0.392.c1 (Forest)
[15:52:34] [P1D] tap land for mana used_for=any
[15:52:34] [P1D] submitting interaction iid=46SHAQ.0.393 choice=46SHAQ.0.393.c1 (Forest)
[15:52:34] [P1D] tap land for mana used_for=any
[15:52:34] [P1D] submitting interaction iid=46SHAQ.0.394 choice=46SHAQ.0.394.c1 (Forest)
[15:52:35] [P1D] tap land for mana used_for=any
[15:52:35] [P1D] submitting interaction iid=46SHAQ.0.395 choice=46SHAQ.0.395.c1 (Forest)
[15:52:35] [P1D] tap land for mana used_for=any
[15:52:35] [P1D] submitting interaction iid=46SHAQ.0.396 choice=46SHAQ.0.396.c1 (Forest)
[15:52:36] [P1D] playing land forest
[15:52:36] [P1D] tap land for mana used_for=any
[15:52:36] [P1D] submitting interaction iid=46SHAQ.0.402 choice=46SHAQ.0.402.c1 (Forest)
[15:52:40] [P1D] tap land for mana used_for=any
[15:52:40] [P1D] submitting interaction iid=46SHAQ.0.428 choice=46SHAQ.0.428.c1 (Forest)
[15:52:40] [P1D] tap land for mana used_for=any
[15:52:40] [P1D] submitting interaction iid=46SHAQ.0.429 choice=46SHAQ.0.429.c1 (Forest)
[15:52:41] [P1D] tap land for mana used_for=any
[15:52:41] [P1D] submitting interaction iid=46SHAQ.0.430 choice=46SHAQ.0.430.c1 (Forest)
[15:52:41] [P1D] tap land for mana used_for=any
[15:52:41] [P1D] submitting interaction iid=46SHAQ.0.431 choice=46SHAQ.0.431.c1 (Forest)
[15:52:41] [P1D] tap land for mana used_for=any
[15:52:41] [P1D] submitting interaction iid=46SHAQ.0.432 choice=46SHAQ.0.432.c1 (Forest)
[15:52:41] [P1D] tap land for mana used_for=any
[15:52:41] [P1D] submitting interaction iid=46SHAQ.0.433 choice=46SHAQ.0.433.c1 (Forest)
[15:52:41] [P1D] tap land for mana used_for=any
[15:52:41] [P1D] submitting interaction iid=46SHAQ.0.434 choice=46SHAQ.0.434.c1 (Forest)
[15:52:41] [P1D] tap land for mana used_for=any
[15:52:41] [P1D] submitting interaction iid=46SHAQ.0.435 choice=46SHAQ.0.435.c1 (Forest)
[15:52:41] [P1D] tap land for mana used_for=any
[15:52:41] [P1D] submitting interaction iid=46SHAQ.0.436 choice=46SHAQ.0.436.c1 (Forest)
[15:52:42] [P1D] tap land for mana used_for=any
[15:52:42] [P1D] submitting interaction iid=46SHAQ.0.437 choice=46SHAQ.0.437.c1 (Forest)
[15:52:42] [P1D] tap land for mana used_for=any
[15:52:42] [P1D] submitting interaction iid=46SHAQ.0.438 choice=46SHAQ.0.438.c1 (Forest)
[15:52:43] [P1D] playing land forest
[15:52:43] [P1D] tap land for mana used_for=any
[15:52:43] [P1D] submitting interaction iid=46SHAQ.0.444 choice=46SHAQ.0.444.c1 (Forest)
[15:52:45] [P0D] NOTE: hand=8>7 but vi kind code='choose'; not answering yet
[15:52:45] [D] playing land forest
[15:52:47] [P1D] tap land for mana used_for=any
[15:52:47] [P1D] submitting interaction iid=46SHAQ.0.471 choice=46SHAQ.0.471.c1 (Forest)
[15:52:47] [P1D] tap land for mana used_for=any
[15:52:47] [P1D] submitting interaction iid=46SHAQ.0.472 choice=46SHAQ.0.472.c1 (Forest)
[15:52:48] [P1D] tap land for mana used_for=any
[15:52:48] [P1D] submitting interaction iid=46SHAQ.0.473 choice=46SHAQ.0.473.c1 (Forest)
[15:52:48] [P1D] tap land for mana used_for=any
[15:52:48] [P1D] submitting interaction iid=46SHAQ.0.474 choice=46SHAQ.0.474.c1 (Forest)
[15:52:48] [P1D] tap land for mana used_for=any
[15:52:48] [P1D] submitting interaction iid=46SHAQ.0.475 choice=46SHAQ.0.475.c1 (Forest)
[15:52:48] [P1D] tap land for mana used_for=any
[15:52:48] [P1D] submitting interaction iid=46SHAQ.0.476 choice=46SHAQ.0.476.c1 (Forest)
[15:52:48] [P1D] tap land for mana used_for=any
[15:52:48] [P1D] submitting interaction iid=46SHAQ.0.477 choice=46SHAQ.0.477.c1 (Forest)
[15:52:48] [P1D] tap land for mana used_for=any
[15:52:48] [P1D] submitting interaction iid=46SHAQ.0.478 choice=46SHAQ.0.478.c1 (Forest)
[15:52:48] [P1D] tap land for mana used_for=any
[15:52:48] [P1D] submitting interaction iid=46SHAQ.0.479 choice=46SHAQ.0.479.c1 (Forest)
[15:52:49] [P1D] tap land for mana used_for=any
[15:52:49] [P1D] submitting interaction iid=46SHAQ.0.480 choice=46SHAQ.0.480.c1 (Forest)
[15:52:49] [P1D] tap land for mana used_for=any
[15:52:49] [P1D] submitting interaction iid=46SHAQ.0.481 choice=46SHAQ.0.481.c1 (Forest)
[15:52:49] [P1D] tap land for mana used_for=any
[15:52:49] [P1D] submitting interaction iid=46SHAQ.0.482 choice=46SHAQ.0.482.c1 (Forest)
[15:52:50] [P1D] playing land forest
[15:52:50] [P1D] tap land for mana used_for=any
[15:52:50] [P1D] submitting interaction iid=46SHAQ.0.488 choice=46SHAQ.0.488.c1 (Forest)
[15:52:53] [D] playing land forest
[15:52:55] [P1D] tap land for mana used_for=any
[15:52:55] [P1D] submitting interaction iid=46SHAQ.0.515 choice=46SHAQ.0.515.c1 (Forest)
[15:52:55] [P1D] tap land for mana used_for=any
[15:52:55] [P1D] submitting interaction iid=46SHAQ.0.516 choice=46SHAQ.0.516.c1 (Forest)
[15:52:55] [P1D] tap land for mana used_for=any
[15:52:55] [P1D] submitting interaction iid=46SHAQ.0.517 choice=46SHAQ.0.517.c1 (Forest)
[15:52:55] [P1D] tap land for mana used_for=any
[15:52:55] [P1D] submitting interaction iid=46SHAQ.0.518 choice=46SHAQ.0.518.c1 (Forest)
[15:52:55] [P1D] tap land for mana used_for=any
[15:52:55] [P1D] submitting interaction iid=46SHAQ.0.519 choice=46SHAQ.0.519.c1 (Forest)
[15:52:55] [P1D] tap land for mana used_for=any
[15:52:55] [P1D] submitting interaction iid=46SHAQ.0.520 choice=46SHAQ.0.520.c1 (Forest)
[15:52:56] [P1D] tap land for mana used_for=any
[15:52:56] [P1D] submitting interaction iid=46SHAQ.0.521 choice=46SHAQ.0.521.c1 (Forest)
[15:52:56] [P1D] tap land for mana used_for=any
[15:52:56] [P1D] submitting interaction iid=46SHAQ.0.522 choice=46SHAQ.0.522.c1 (Forest)
[15:52:56] [P1D] tap land for mana used_for=any
[15:52:56] [P1D] submitting interaction iid=46SHAQ.0.523 choice=46SHAQ.0.523.c1 (Forest)
[15:52:56] [P1D] tap land for mana used_for=any
[15:52:56] [P1D] submitting interaction iid=46SHAQ.0.524 choice=46SHAQ.0.524.c1 (Forest)
[15:52:56] [P1D] tap land for mana used_for=any
[15:52:56] [P1D] submitting interaction iid=46SHAQ.0.525 choice=46SHAQ.0.525.c1 (Forest)
[15:52:56] [P1D] tap land for mana used_for=any
[15:52:56] [P1D] submitting interaction iid=46SHAQ.0.526 choice=46SHAQ.0.526.c1 (Forest)
[15:52:57] [P1D] tap land for mana used_for=any
[15:52:57] [P1D] submitting interaction iid=46SHAQ.0.527 choice=46SHAQ.0.527.c1 (Forest)
[15:52:57] [P1D] playing land forest
[15:52:58] [P1D] tap land for mana used_for=any
[15:52:58] [P1D] submitting interaction iid=46SHAQ.0.533 choice=46SHAQ.0.533.c1 (Forest)
[15:53:02] [D] playing land forest
[15:53:04] [P1D] tap land for mana used_for=any
[15:53:04] [P1D] submitting interaction iid=46SHAQ.0.560 choice=46SHAQ.0.560.c1 (Forest)
[15:53:04] [P1D] tap land for mana used_for=any
[15:53:04] [P1D] submitting interaction iid=46SHAQ.0.561 choice=46SHAQ.0.561.c1 (Forest)
[15:53:04] [P1D] tap land for mana used_for=any
[15:53:04] [P1D] submitting interaction iid=46SHAQ.0.562 choice=46SHAQ.0.562.c1 (Forest)
[15:53:04] [P1D] tap land for mana used_for=any
[15:53:04] [P1D] submitting interaction iid=46SHAQ.0.563 choice=46SHAQ.0.563.c1 (Forest)
[15:53:04] [P1D] tap land for mana used_for=any
[15:53:04] [P1D] submitting interaction iid=46SHAQ.0.564 choice=46SHAQ.0.564.c1 (Forest)
[15:53:05] [P1D] tap land for mana used_for=any
[15:53:05] [P1D] submitting interaction iid=46SHAQ.0.565 choice=46SHAQ.0.565.c1 (Forest)
[15:53:05] [P1D] tap land for mana used_for=any
[15:53:05] [P1D] submitting interaction iid=46SHAQ.0.566 choice=46SHAQ.0.566.c1 (Forest)
[15:53:05] [P1D] tap land for mana used_for=any
[15:53:05] [P1D] submitting interaction iid=46SHAQ.0.567 choice=46SHAQ.0.567.c1 (Forest)
[15:53:05] [P1D] tap land for mana used_for=any
[15:53:05] [P1D] submitting interaction iid=46SHAQ.0.568 choice=46SHAQ.0.568.c1 (Forest)
[15:53:05] [P1D] tap land for mana used_for=any
[15:53:05] [P1D] submitting interaction iid=46SHAQ.0.569 choice=46SHAQ.0.569.c1 (Forest)
[15:53:06] [P1D] tap land for mana used_for=any
[15:53:06] [P1D] submitting interaction iid=46SHAQ.0.570 choice=46SHAQ.0.570.c1 (Forest)
[15:53:06] [P1D] tap land for mana used_for=any
[15:53:06] [P1D] submitting interaction iid=46SHAQ.0.571 choice=46SHAQ.0.571.c1 (Forest)
[15:53:06] [P1D] tap land for mana used_for=any
[15:53:06] [P1D] submitting interaction iid=46SHAQ.0.572 choice=46SHAQ.0.572.c1 (Forest)
[15:53:06] [P1D] tap land for mana used_for=any
[15:53:06] [P1D] submitting interaction iid=46SHAQ.0.573 choice=46SHAQ.0.573.c1 (Forest)
[15:53:07] [P1D] playing land forest
[15:53:07] [P1D] tap land for mana used_for=any
[15:53:07] [P1D] submitting interaction iid=46SHAQ.0.579 choice=46SHAQ.0.579.c1 (Forest)
[15:53:10] [D] playing land forest
[15:53:11] [P1D] tap land for mana used_for=any
[15:53:11] [P1D] submitting interaction iid=46SHAQ.0.606 choice=46SHAQ.0.606.c1 (Forest)
[15:53:12] [P1D] tap land for mana used_for=any
[15:53:12] [P1D] submitting interaction iid=46SHAQ.0.607 choice=46SHAQ.0.607.c1 (Forest)
[15:53:12] [P1D] tap land for mana used_for=any
[15:53:12] [P1D] submitting interaction iid=46SHAQ.0.608 choice=46SHAQ.0.608.c1 (Forest)
[15:53:12] [P1D] tap land for mana used_for=any
[15:53:12] [P1D] submitting interaction iid=46SHAQ.0.609 choice=46SHAQ.0.609.c1 (Forest)
[15:53:12] [P1D] tap land for mana used_for=any
[15:53:12] [P1D] submitting interaction iid=46SHAQ.0.610 choice=46SHAQ.0.610.c1 (Forest)
[15:53:12] [P1D] tap land for mana used_for=any
[15:53:12] [P1D] submitting interaction iid=46SHAQ.0.611 choice=46SHAQ.0.611.c1 (Forest)
[15:53:13] [P1D] tap land for mana used_for=any
[15:53:13] [P1D] submitting interaction iid=46SHAQ.0.612 choice=46SHAQ.0.612.c1 (Forest)
[15:53:13] [P1D] tap land for mana used_for=any
[15:53:13] [P1D] submitting interaction iid=46SHAQ.0.613 choice=46SHAQ.0.613.c1 (Forest)
[15:53:13] [P1D] tap land for mana used_for=any
[15:53:13] [P1D] submitting interaction iid=46SHAQ.0.614 choice=46SHAQ.0.614.c1 (Forest)
[15:53:13] [P1D] tap land for mana used_for=any
[15:53:13] [P1D] submitting interaction iid=46SHAQ.0.615 choice=46SHAQ.0.615.c1 (Forest)
[15:53:13] [P1D] tap land for mana used_for=any
[15:53:13] [P1D] submitting interaction iid=46SHAQ.0.616 choice=46SHAQ.0.616.c1 (Forest)
[15:53:13] [P1D] tap land for mana used_for=any
[15:53:13] [P1D] submitting interaction iid=46SHAQ.0.617 choice=46SHAQ.0.617.c1 (Forest)
[15:53:13] [P1D] tap land for mana used_for=any
[15:53:13] [P1D] submitting interaction iid=46SHAQ.0.618 choice=46SHAQ.0.618.c1 (Forest)
[15:53:14] [P1D] tap land for mana used_for=any
[15:53:14] [P1D] submitting interaction iid=46SHAQ.0.619 choice=46SHAQ.0.619.c1 (Forest)
[15:53:14] [P1D] tap land for mana used_for=any
[15:53:14] [P1D] submitting interaction iid=46SHAQ.0.620 choice=46SHAQ.0.620.c1 (Forest)
[15:53:15] [P1D] playing land forest
[15:53:15] [P1D] tap land for mana used_for=any
[15:53:15] [P1D] submitting interaction iid=46SHAQ.0.626 choice=46SHAQ.0.626.c1 (Forest)
[15:53:18] [P0D] NOTE: hand=8>7 but vi kind code='relations'; not answering yet
[15:53:19] [P0D] NOTE: hand=8>7 but vi kind code='select'; not answering yet
[15:54:04] WATCHDOG stale P0D: rev 652 turn=33 phase=Cleanup legal=['SelectCards', 'SelectCards', 'SelectCards', 'SelectCards', 'SelectCards', 'SelectCards', 'SelectCards', 'SelectCards'] vikind=select
[15:54:04] WATCHDOG stale P1D: rev 652 turn=33 phase=Cleanup legal=[] vikind=select
[15:54:49] WATCHDOG stale P0D: rev 652 turn=33 phase=Cleanup legal=['SelectCards', 'SelectCards', 'SelectCards', 'SelectCards', 'SelectCards', 'SelectCards', 'SelectCards', 'SelectCards'] vikind=select
[15:54:49] WATCHDOG stale P1D: rev 652 turn=33 phase=Cleanup legal=[] vikind=select
[15:55:34] WATCHDOG stale P0D: rev 652 turn=33 phase=Cleanup legal=['SelectCards', 'SelectCards', 'SelectCards', 'SelectCards', 'SelectCards', 'SelectCards', 'SelectCards', 'SelectCards'] vikind=select
[15:55:34] WATCHDOG stale P1D: rev 652 turn=33 phase=Cleanup legal=[] vikind=select
[15:56:20] WATCHDOG stale P0D: rev 652 turn=33 phase=Cleanup legal=['SelectCards', 'SelectCards', 'SelectCards', 'SelectCards', 'SelectCards', 'SelectCards', 'SelectCards', 'SelectCards'] vikind=select
[15:56:20] WATCHDOG stale P1D: rev 652 turn=33 phase=Cleanup legal=[] vikind=select
[15:57:05] WATCHDOG stale P0D: rev 652 turn=33 phase=Cleanup legal=['SelectCards', 'SelectCards', 'SelectCards', 'SelectCards', 'SelectCards', 'SelectCards', 'SelectCards', 'SelectCards'] vikind=select
[15:57:05] WATCHDOG stale P1D: rev 652 turn=33 phase=Cleanup legal=[] vikind=select
[15:57:50] WATCHDOG stale P0D: rev 652 turn=33 phase=Cleanup legal=['SelectCards', 'SelectCards', 'SelectCards', 'SelectCards', 'SelectCards', 'SelectCards', 'SelectCards', 'SelectCards'] vikind=select
[15:57:50] WATCHDOG stale P1D: rev 652 turn=33 phase=Cleanup legal=[] vikind=select
[15:58:35] WATCHDOG stale P0D: rev 652 turn=33 phase=Cleanup legal=['SelectCards', 'SelectCards', 'SelectCards', 'SelectCards', 'SelectCards', 'SelectCards', 'SelectCards', 'SelectCards'] vikind=select
[15:58:35] WATCHDOG stale P1D: rev 652 turn=33 phase=Cleanup legal=[] vikind=select
[15:59:20] WATCHDOG stale P0D: rev 652 turn=33 phase=Cleanup legal=['SelectCards', 'SelectCards', 'SelectCards', 'SelectCards', 'SelectCards', 'SelectCards', 'SelectCards', 'SelectCards'] vikind=select
[15:59:20] WATCHDOG stale P1D: rev 652 turn=33 phase=Cleanup legal=[] vikind=select
[16:00:05] WATCHDOG stale P0D: rev 652 turn=33 phase=Cleanup legal=['SelectCards', 'SelectCards', 'SelectCards', 'SelectCards', 'SelectCards', 'SelectCards', 'SelectCards', 'SelectCards'] vikind=select
[16:00:05] WATCHDOG stale P1D: rev 652 turn=33 phase=Cleanup legal=[] vikind=select
[16:00:47] [D] TIMEOUT
[16:00:47] [D] exported pre_D.json at teardown
[16:00:47] [D] exported post_D.json at teardown
[16:00:47] VERDICT: blocked
