[17:01:26] server identity hashes recomputed against on-disk pinned artifacts
[17:01:26] ServerHello: version=0.102.0 build=e17f6fd protocol=106 mode=Full
[17:01:26] ===== attempt 1 =====
[17:01:27] game KDKJ8M attempt=1; P0 seat=0 P1 seat=1
[17:01:27] [6765-a1] phase 1: ramp to Yidris
[17:01:27] [6765-a1] mulligans opening hand (lands=4 mulls=0 hand=7 shock=False)
[17:01:27] [P16765-a1] keeps opening hand (lands=7 mulls=0 hand=7 shock=False)
[17:01:27] [6765-a1] DIAG rev=2 turn=1 phase=Untap prio=False vikind='mulligan' real_decision=False yidris_cast=None stage=ramp a4=not-run
[17:01:27] [6765-a1] mulligans opening hand (lands=4 mulls=1 hand=7 shock=False)
[17:01:27] [6765-a1] keeps opening hand (lands=5 mulls=2 hand=7 shock=True)
[17:01:28] [6765-a1] bottoming ['island', 'island'] via vi
[17:01:32] [P16765-a1] playing land mountain (legacy)
[17:01:35] [6765-a1] playing land island (legacy)
[17:01:37] [P16765-a1] playing land mountain (legacy)
[17:01:39] [6765-a1] playing land mountain (legacy)
[17:01:42] [P16765-a1] playing land mountain (legacy)
[17:01:47] [P16765-a1] playing land mountain (legacy)
[17:01:49] [6765-a1] playing land island (legacy)
[17:01:52] [P16765-a1] playing land mountain (legacy)
[17:01:55] [6765-a1] playing land island (legacy)
[17:01:57] [P16765-a1] playing land mountain (legacy)
[17:01:57] [6765-a1] DIAG rev=173 turn=12 phase=PreCombatMain prio=False vikind='choose' real_decision=False yidris_cast=None stage=ramp a4=not-run
[17:01:59] [6765-a1] playing land forest (legacy)
[17:02:03] [P16765-a1] playing land mountain (legacy)
[17:02:09] [P16765-a1] playing land mountain (legacy)
[17:02:13] [6765-a1] discarding to hand size via vi (select)
[17:02:15] [P16765-a1] playing land mountain (legacy)
[17:02:18] [6765-a1] playing land forest (legacy)
[17:02:21] [P16765-a1] playing land mountain (legacy)
[17:02:24] [6765-a1] playing land forest (legacy)
[17:02:27] [6765-a1] DIAG rev=319 turn=22 phase=Draw prio=False vikind='choose' real_decision=False yidris_cast=None stage=ramp a4=not-run
[17:02:28] [P16765-a1] playing land mountain (legacy)
[17:02:35] [6765-a1] discarding to hand size via vi (select)
[17:02:36] [P16765-a1] playing land mountain (legacy)
[17:02:40] [6765-a1] playing land swamp (legacy)
[17:02:43] [P16765-a1] playing land mountain (legacy)
[17:02:47] [6765-a1] playing land mountain (legacy)
[17:02:50] [P16765-a1] playing land mountain (legacy)
[17:02:53] [6765-a1] playing land forest (legacy)
[17:02:56] [P16765-a1] playing land mountain (legacy)
[17:02:57] [6765-a1] DIAG rev=446 turn=30 phase=EndCombat prio=False vikind='choose' real_decision=False yidris_cast=None stage=ramp a4=not-run
[17:03:00] [6765-a1] playing land via vi playLand: Mountain
[17:03:00] [6765-a1] submitting interaction iid=KDKJ8M.0.456 choice=KDKJ8M.0.456.c1 (Mountain)
[17:03:03] [P16765-a1] playing land mountain (legacy)
[17:03:07] [6765-a1] playing land via vi playLand: Mountain
[17:03:07] [6765-a1] submitting interaction iid=KDKJ8M.0.486 choice=KDKJ8M.0.486.c1 (Mountain)
[17:03:10] [P16765-a1] playing land mountain (legacy)
[17:03:16] [6765-a1] discarding to hand size via vi (select)
[17:03:17] [P16765-a1] playing land mountain (legacy)
[17:03:21] [6765-a1] playing land via vi playLand: Mountain
[17:03:21] [6765-a1] submitting interaction iid=KDKJ8M.0.546 choice=KDKJ8M.0.546.c1 (Mountain)
[17:03:24] [P16765-a1] playing land mountain (legacy)
[17:03:27] [6765-a1] DIAG rev=573 turn=39 phase=Upkeep prio=False vikind='choose' real_decision=False yidris_cast=None stage=ramp a4=not-run
[17:03:30] [6765-a1] discarding to hand size via vi (select)
[17:03:32] [P16765-a1] playing land mountain (legacy)
[17:03:42] [6765-a1] discarding to hand size via vi (select)
[17:03:43] [P16765-a1] playing land mountain (legacy)
[17:03:50] [6765-a1] discarding to hand size via vi (select)
[17:03:51] [P16765-a1] playing land mountain (legacy)
[17:03:55] [6765-a1] casting Yidris, Maelstrom Wielder (oid 18)
[17:03:55] [6765-a1] tap land for mana used_for=G
[17:03:55] [6765-a1] submitting interaction iid=KDKJ8M.0.666 choice=KDKJ8M.0.666.c17 (Forest)
[17:03:56] [6765-a1] tap land for mana used_for=U
[17:03:56] [6765-a1] submitting interaction iid=KDKJ8M.0.667 choice=KDKJ8M.0.667.c16 (Island)
[17:03:56] [6765-a1] tap land for mana used_for=R
[17:03:56] [6765-a1] submitting interaction iid=KDKJ8M.0.668 choice=KDKJ8M.0.668.c16 (Mountain)
[17:03:56] [6765-a1] Yidris on battlefield (oid 18); mana needs cleared
[17:03:56] [6765-a1] A1 passed: Yidris on battlefield
[17:03:56] [6765-a1] phase 2: hunt + post-damage window
[17:03:57] [6765-a1] DIAG rev=670 turn=45 phase=PreCombatMain prio=True vikind='choose' real_decision=False yidris_cast=True stage=hunt a4=not-run
[17:04:01] [P16765-a1] playing land mountain (legacy)
[17:04:05] [6765-a1] hunt window staged on turn 47 (shocks in hand: 7)
[17:04:05] [6765-a1] A3: casting pre-damage Shock (oid 4)
[17:04:05] [6765-a1] submitting Shock target: P1 (seat 1)
[17:04:05] [6765-a1] submitting advertised target: id=KDKJ8M.0.700.t1 kind=sequence ()
[17:04:06] [6765-a1] tap land for mana used_for=R
[17:04:06] [6765-a1] submitting interaction iid=KDKJ8M.0.701 choice=KDKJ8M.0.701.c15 (Mountain)
[17:04:07] [6765-a1] declaring attackers: Yidris -> P1 (turn 47, P1 life 18)
[17:04:09] [6765-a1] YIDRIS TRIGGER ON STACK: {"id": 307, "source_id": 18, "controller": 0, "kind": {"type": "TriggeredAbility", "data": {"source_id": 18, "ability": {"effect": {"type": "Unimplemented", "name": "unrecognized_clause_head", "descri
[17:04:09] [6765-a1] combat damage observed: P1 life 18->13 (turn 47)
[17:04:09] [6765-a1] exported post_damage.json (grant window should be active)
[17:04:11] [6765-a1] Yidris stood down (attack_live=False); P1 must survive for A5
[17:04:11] [6765-a1] A4: casting post-damage Shock (oid 14)
[17:04:11] [6765-a1] submitting Shock target: P1 (seat 1)
[17:04:11] [6765-a1] submitting advertised target: id=KDKJ8M.0.720.t1 kind=sequence ()
[17:04:11] [6765-a1] tap land for mana used_for=R
[17:04:11] [6765-a1] submitting interaction iid=KDKJ8M.0.721 choice=KDKJ8M.0.721.c14 (Mountain)
[17:04:14] [P16765-a1] playing land mountain (legacy)
[17:04:23] [P16765-a1] playing land mountain (legacy)
[17:04:27] [6765-a1] DIAG rev=776 turn=51 phase=Draw prio=False vikind='choose' real_decision=False yidris_cast=True stage=hunt a4=not-run
[17:04:30] [6765-a1] discarding to hand size via vi (select)
[17:04:30] [6765-a1] a3_watch: concluded (trigger=None may=None kind=None)
[17:04:30] [6765-a1] A3: cascade before damage = False (expect False) -> passed
[17:04:31] [P16765-a1] playing land mountain (legacy)
[17:04:36] [6765-a1] playing land via vi playLand: Mountain
[17:04:36] [6765-a1] submitting interaction iid=KDKJ8M.0.808 choice=KDKJ8M.0.808.c1 (Mountain)
[17:04:41] [P16765-a1] playing land mountain (legacy)
[17:04:48] [6765-a1] discarding to hand size via vi (select)
[17:04:49] [P16765-a1] playing land mountain (legacy)
[17:04:57] [6765-a1] DIAG rev=880 turn=57 phase=End prio=False vikind='choose' real_decision=False yidris_cast=True stage=hunt a4=not-run
[17:04:57] [6765-a1] discarding to hand size via vi (select)
[17:04:58] [P16765-a1] playing land mountain (legacy)
[17:05:06] [6765-a1] discarding to hand size via vi (select)
[17:05:07] [P16765-a1] playing land mountain (legacy)
[17:05:11] [6765-a1] a4_watch: concluded (trigger=None may=None kind=None)
[17:05:11] [6765-a1] A4: cascade after Yidris damage = False (expect True) -> failed
[17:05:11] [6765-a1] advancing to control phase
[17:05:11] [6765-a1] A2: combat damage -> passed
[17:05:11] [6765-a1] phase 3: Bloodbraid control
[17:05:11] [6765-a1] DIAG rev=930 turn=61 phase=Draw prio=True vikind='choose' real_decision=False yidris_cast=True stage=control a4=failed
[17:05:12] [6765-a1] A5: casting Bloodbraid Elf (oid 97)
[17:05:12] [6765-a1] tap land for mana used_for=G
[17:05:12] [6765-a1] submitting interaction iid=KDKJ8M.0.932 choice=KDKJ8M.0.932.c16 (Forest)
[17:05:12] [6765-a1] tap land for mana used_for=R
[17:05:12] [6765-a1] submitting interaction iid=KDKJ8M.0.933 choice=KDKJ8M.0.933.c12 (Mountain)
[17:05:12] [6765-a1] tap land for mana used_for=generic
[17:05:12] [6765-a1] submitting interaction iid=KDKJ8M.0.934 choice=KDKJ8M.0.934.c11 (Forest)
[17:05:12] [6765-a1] tap land for mana used_for=generic
[17:05:12] [6765-a1] submitting interaction iid=KDKJ8M.0.935 choice=KDKJ8M.0.935.c11 (Mountain)
[17:05:13] [6765-a1] control_watch: CASCADE TRIGGER ON STACK: Bloodbraid Elf (entry 308)
[17:05:13] [6765-a1] control_watch: concluded (trigger=True may=None kind=None)
[17:05:13] [6765-a1] A5: native cascade works = True (expect True) -> passed
[17:05:13] [6765-a1] settle complete; advancing to phase done
[17:05:41] [6765-a1] DIAG rev=938 turn=61 phase=PreCombatMain prio=False vikind='choose' real_decision=True yidris_cast=True stage=done a4=failed
[17:05:59] [6765-a1] phase 3: parked 45s at rev=938 (cascade card choice deliberately unanswered)
[17:05:59] [6765-a1] phase 4: cleanup
[17:05:59] [6765-a1] DIAG rev=938 turn=61 phase=PreCombatMain prio=False vikind='choose' real_decision=True yidris_cast=True stage=done a4=failed
[17:06:29] [6765-a1] DIAG rev=938 turn=61 phase=PreCombatMain prio=False vikind='choose' real_decision=True yidris_cast=True stage=done a4=failed
[17:06:44] [6765-a1] A6: stack_empty=False no_pending=False -> failed
[17:06:44] attempt 1 assertions: {"A0_connect": "passed", "A1_setup_ok": "passed", "A2_combat_damage": "passed", "A3_pre_damage_control": "passed", "A4_yidris_grant": "failed", "A5_control_cascade": "passed", "A6_cleanup": "failed"}
[17:06:44] DONE verdict=reproduced assertions={"A0_connect": "passed", "A1_setup_ok": "passed", "A2_combat_damage": "passed", "A3_pre_damage_control": "passed", "A4_yidris_grant": "failed", "A5_control_cascade": "passed", "A6_cleanup": "failed"}
