server identity hashes recorded: {'validated_version': 'v0.99.0', 'build_commit': 'd919616', 'protocol_version': 98, 'server_binary_sha256': '37fa78a8db1a...', 'card_data_sha256': 'ccfcf9e6d19d...', 'draft_pools_sha256': '8ce01364ee46...', 'signature_verified': True}
creating game (P0: 24x Counterbalance + 36x Island)
P1 joining (24x Lightning Bolt + 36x Mountain)
game SIXYIX mode=accept; P0 seat=0 P1 seat=1
[P0] mulligan keep (hand: ['Island', 'Island', 'Counterbalance', 'Counterbalance', 'Counterbalance', 'Counterbalance', 'Island'])
[P1] mulligan keep (hand: ['Mountain', 'Lightning Bolt', 'Mountain', 'Mountain', 'Mountain', 'Lightning Bolt', 'Mountain'])
[P1] played Mountain
[P0] played Island (bf lands=1)
[P1] played Mountain
[P0] played Island (bf lands=2)
[P0] casting Counterbalance
Counterbalance on battlefield
[P1] casting Lightning Bolt: {"object_id": 65, "card_id": 65, "targets": [], "payment_mode": {"type": "Auto"}}
Bolt on stack; selecting target (P0)
[P1] TargetSelection pending; interaction={"waitingForKind": {"simultaneous": null, "terminal": false, "code": "sequence"}, "authorizedSubmitters": [1], "canSubmit": true, "autoPassRecommended": false, "opportunities": [{"interactionId": "SIXYIX.0.70", "response": {"type": "schema", "data": {"spec": {"type": "sequence", "data": {"min": 1, "max": 1, "unique": true, "includeAll": false, "engineValidated": false, "escape": null, "confirm": "explicit"}}, "candidates": [{"id": "SIXYIX.0.70.t0", "surfaces": [{"type": "summary", "data": {"code": "candidate"}}, {"type": "player", "data": {"role": "candidate", "index": null, "seat": 0}}], "status": {"type": "available"}}, {"id": "SIXYIX.0.70.t1", "surfaces": [{"type": "summary", "data": {"code": "candidate"}}, {"type": "player", "data": {"role": "candidate", "index": null, "seat": 1}}], "status": {"type": "available"}}]}}, "surfaces": [{"type": "summary", "data": {"code": "decision"}}, {"type": "selection", "data": {"intent": "damage", "constraint": {"type": "count", "data": {"min": 1, "max": 1}}, "confirm": "explicit"}}], "progress": {"selected": 0, "minimum": 1, "maximum": 1, "aggregate": null, "confirmable": false}}], "attachmentFans": {}, "attachmentViews": {}, "availability": {"type": "inputRequired"}}
[P1] candidate lists: [["vi/opportunities[0]/response/data/candidates", [{"id": "SIXYIX.0.70.t0", "txt": "?:code=candidate"}, {"id": "SIXYIX.0.70.t1", "txt": "?:code=candidate"}]]]
[P1] submitting Bolt target: id=SIXYIX.0.70.t0 kind=sequence
Bolt target selected; exporting PRE_TRIGGER state
may-reveal prompt pending; opportunity= {"waitingForKind": {"simultaneous": null, "terminal": false, "code": "choose"}, "authorizedSubmitters": [0], "canSubmit": true, "autoPassRecommended": false, "opportunities": [{"interactionId": "SIXYIX.0.73", "response": {"type": "exactChoices", "data": {"choices": [{"id": "SIXYIX.0.73.c0", "surfaces": [{"type": "summary", "data": {"code": "candidate"}}, {"type": "action", "data": {"code": "decideOptionalEffect", "actionId": "a21597a222451f334797f81dca5f18326bda34e8410993aa92644113a12ae7ea4"}}, {"type": "value", "data": {"role": "accept", "index": null, "value": "false"}}], "status": {"type": "available"}}, {"id": "SIXYIX.0.73.c1", "surfaces": [{"type": "summary", "data": {"code": "candidate"}}, {"type": "action", "data": {"code": "decideOptionalEffect", "actionId": "afe7ffdd7a65ab9fb0fe13fbfa5dadb0892a0da13e1b40a0ed0cbadc8c58d9b12"}}, {"type": "value", "data": {"role": "accept", "index": null, "value": "true"}}], "status": {"type": "available"}}]}}, "surfaces": [{"type": "summary", "data": {"code": "decision"}}], "progress": {"selected": 0, "minimum": 0, "maximum": null, "aggregate": null, "confirmable": false}}], "attachmentFans": {}, "attachmentViews": {}, "availability": {"type": "progressAvailable", "data": {"witness": {"interactionId": "SIXYIX.0.73", "response": {"type": "choose", "data": {"choiceId": "SIXYIX.0.73.c0"}}}}}}
P0 submitting accept: choice id=SIXYIX.0.73.c1
exporting POST state
server identity hashes recorded: {'validated_version': 'v0.99.0', 'build_commit': 'd919616', 'protocol_version': 98, 'server_binary_sha256': '37fa78a8db1a...', 'card_data_sha256': 'ccfcf9e6d19d...', 'draft_pools_sha256': '8ce01364ee46...', 'signature_verified': True}
creating game (P0: 24x Counterbalance + 36x Island)
P1 joining (24x Lightning Bolt + 36x Mountain)
game 354JCH mode=decline; P0 seat=0 P1 seat=1
[P0] mulligan keep (hand: ['Island', 'Island', 'Counterbalance', 'Island', 'Counterbalance', 'Island', 'Counterbalance'])
[P1] mulligan keep (hand: ['Mountain', 'Mountain', 'Mountain', 'Lightning Bolt', 'Mountain', 'Lightning Bolt', 'Mountain'])
[P0] played Island (bf lands=1)
[P1] played Mountain
[P0] played Island (bf lands=2)
[P0] casting Counterbalance
Counterbalance on battlefield
[P1] casting Lightning Bolt: {"object_id": 96, "card_id": 96, "targets": [], "payment_mode": {"type": "Auto"}}
Bolt on stack; selecting target (P0)
[P1] TargetSelection pending; interaction={"waitingForKind": {"simultaneous": null, "terminal": false, "code": "sequence"}, "authorizedSubmitters": [1], "canSubmit": true, "autoPassRecommended": false, "opportunities": [{"interactionId": "354JCH.0.55", "response": {"type": "schema", "data": {"spec": {"type": "sequence", "data": {"min": 1, "max": 1, "unique": true, "includeAll": false, "engineValidated": false, "escape": null, "confirm": "explicit"}}, "candidates": [{"id": "354JCH.0.55.t0", "surfaces": [{"type": "summary", "data": {"code": "candidate"}}, {"type": "player", "data": {"role": "candidate", "index": null, "seat": 0}}], "status": {"type": "available"}}, {"id": "354JCH.0.55.t1", "surfaces": [{"type": "summary", "data": {"code": "candidate"}}, {"type": "player", "data": {"role": "candidate", "index": null, "seat": 1}}], "status": {"type": "available"}}]}}, "surfaces": [{"type": "summary", "data": {"code": "decision"}}, {"type": "selection", "data": {"intent": "damage", "constraint": {"type": "count", "data": {"min": 1, "max": 1}}, "confirm": "explicit"}}], "progress": {"selected": 0, "minimum": 1, "maximum": 1, "aggregate": null, "confirmable": false}}], "attachmentFans": {}, "attachmentViews": {}, "availability": {"type": "inputRequired"}}
[P1] candidate lists: [["vi/opportunities[0]/response/data/candidates", [{"id": "354JCH.0.55.t0", "txt": "?:code=candidate"}, {"id": "354JCH.0.55.t1", "txt": "?:code=candidate"}]]]
[P1] submitting Bolt target: id=354JCH.0.55.t0 kind=sequence
Bolt target selected; exporting PRE_TRIGGER state
may-reveal prompt pending; opportunity= {"waitingForKind": {"simultaneous": null, "terminal": false, "code": "choose"}, "authorizedSubmitters": [0], "canSubmit": true, "autoPassRecommended": false, "opportunities": [{"interactionId": "354JCH.0.58", "response": {"type": "exactChoices", "data": {"choices": [{"id": "354JCH.0.58.c0", "surfaces": [{"type": "summary", "data": {"code": "candidate"}}, {"type": "action", "data": {"code": "decideOptionalEffect", "actionId": "a21597a222451f334797f81dca5f18326bda34e8410993aa92644113a12ae7ea4"}}, {"type": "value", "data": {"role": "accept", "index": null, "value": "false"}}], "status": {"type": "available"}}, {"id": "354JCH.0.58.c1", "surfaces": [{"type": "summary", "data": {"code": "candidate"}}, {"type": "action", "data": {"code": "decideOptionalEffect", "actionId": "afe7ffdd7a65ab9fb0fe13fbfa5dadb0892a0da13e1b40a0ed0cbadc8c58d9b12"}}, {"type": "value", "data": {"role": "accept", "index": null, "value": "true"}}], "status": {"type": "available"}}]}}, "surfaces": [{"type": "summary", "data": {"code": "decision"}}], "progress": {"selected": 0, "minimum": 0, "maximum": null, "aggregate": null, "confirmable": false}}], "attachmentFans": {}, "attachmentViews": {}, "availability": {"type": "progressAvailable", "data": {"witness": {"interactionId": "354JCH.0.58", "response": {"type": "choose", "data": {"choiceId": "354JCH.0.58.c0"}}}}}}
P0 submitting decline: choice id=354JCH.0.58.c0
exporting POST state
