[21:47:34] server identity hashes recomputed against on-disk pinned artifacts
[21:47:34] server identity pinned: v0.102.0 (e17f6fd) protocol 106, mode Full; fresh server on 127.0.0.1:9374 started by this run
[21:47:37] game VI7MV3; P0 seat=0 P1 seat=1
[21:47:38] [P0] keep 7: ['mountain', 'mountain', 'mountain', 'mountain', 'mountain', 'mountain', 'mountain']
[21:47:38] [P1] keep 7: ['mountain', 'mountain', 'mountain', 'mountain', 'mountain', 'mountain', 'mountain']
[21:47:38] DIAG turn=1 active=0 phase=Untap stage=SETUP dualcaster_cast=False stack=0 P0untapM=0 P0mage_in_hand=False P1bolt_in_hand=False vikind='mulligan' real_decision=False
[21:47:38] [P0] playing land mountain
[21:47:41] [P1] playing land mountain
[21:47:43] [P0] playing land mountain
[21:47:46] [P1] playing land mountain
[21:47:48] [P0] playing land mountain
[21:47:51] [P1] playing land mountain
[21:47:53] [P0] playing land mountain
[21:47:55] [P1] playing land mountain
[21:47:59] [P0] playing land mountain
[21:48:01] [P1] playing land mountain
[21:48:04] [P0] playing land mountain
[21:48:06] [P1] playing land mountain
[21:48:09] [P0] playing land mountain
[21:48:11] [P1] playing land mountain
[21:48:15] [P0] playing land mountain
[21:48:18] [P1] playing land mountain
[21:48:21] [P0] playing land mountain
[21:48:23] [P1] playing land mountain
[21:48:25] [P0] playing land mountain
[21:48:28] [P1] playing land mountain
[21:48:30] [P0] playing land mountain
[21:48:34] [P1] playing land mountain
[21:48:37] [P0] playing land mountain
[21:48:38] DIAG turn=23 active=0 phase=EndCombat stage=SETUP dualcaster_cast=False stack=0 P0untapM=12 P0mage_in_hand=False P1bolt_in_hand=False vikind='choose' real_decision=False
[21:48:39] [P1] playing land mountain
[21:48:42] [P0] playing land mountain
[21:48:44] [P1] playing land mountain
[21:48:46] [P0] playing land mountain
[21:48:49] [P1] playing land mountain
[21:48:51] [P0] playing land mountain
[21:48:54] [P1] playing land mountain
[21:48:57] [P0] playing land mountain
[21:49:00] [P1] playing land mountain
[21:49:02] [P0] playing land mountain
[21:49:04] [P1] playing land mountain
[21:49:07] [P0] playing land mountain
[21:49:09] [P1] playing land mountain
[21:49:12] [P0] playing land mountain
[21:49:15] [P1] playing land mountain
[21:49:17] [P0] playing land mountain
[21:49:20] [P1] playing land mountain
[21:49:22] [P0] playing land mountain
[21:49:27] [P1] playing land mountain
[21:49:29] [P0] playing land mountain
[21:49:32] [P1] playing land mountain
[21:49:34] [P0] playing land mountain
[21:49:37] [P1] playing land mountain
[21:49:38] DIAG turn=46 active=1 phase=PostCombatMain stage=SETUP dualcaster_cast=False stack=0 P0untapM=23 P0mage_in_hand=False P1bolt_in_hand=False vikind='choose' real_decision=False
[21:49:39] [P0] playing land mountain
[21:49:41] [P1] playing land mountain
[21:49:44] [P0] playing land mountain
[21:49:46] [P1] playing land mountain
[21:49:48] [P0] playing land mountain
[21:49:51] [P1] playing land mountain
[21:49:53] [P0] playing land mountain
[21:49:58] [P1] playing land mountain
[21:50:00] [P0] playing land mountain
[21:50:03] [P1] playing land mountain
[21:50:05] [P0] playing land mountain
[21:50:08] [P1] playing land mountain
[21:50:10] [P0] playing land mountain
[21:50:12] [P1] playing land mountain
[21:50:15] [P0] playing land mountain
[21:50:18] [P1] playing land mountain
[21:50:20] [P0] playing land mountain
[21:50:23] [P1] playing land mountain
[21:50:27] [P0] playing land mountain
[21:50:29] [P1] casting Lightning Bolt (P0 untapped mountains: 33, mage in P0 hand)
[21:50:29] [P1] bolt target opportunity VI7MV3.0.982: preferred pick seat=0
[21:50:29] [P1] submitting advertised target: id=VI7MV3.0.982.t0 kind=sequence ()
[21:50:30] [P1] tap land for mana used_for=generic
[21:50:30] [P1] submitting interaction iid=VI7MV3.0.983 choice=VI7MV3.0.983.c3 (Mountain)
[21:50:30] exporting PRE (bolt on stack, P0 responding)
[21:50:31] [P0] casting Dualcaster Mage in response (active P1, phase=PreCombatMain)
[21:50:31] [OBS] vi waitingForKind -> 'choose'
[21:50:31] [P0] tap land for mana used_for=generic
[21:50:31] [P0] submitting interaction iid=VI7MV3.0.986 choice=VI7MV3.0.986.c1 (Mountain)
[21:50:31] [P0] tap land for mana used_for=generic
[21:50:31] [P0] submitting interaction iid=VI7MV3.0.987 choice=VI7MV3.0.987.c1 (Mountain)
[21:50:31] [P0] tap land for mana used_for=generic
[21:50:31] [P0] submitting interaction iid=VI7MV3.0.988 choice=VI7MV3.0.988.c1 (Mountain)
[21:50:32] [OBS] Dualcaster on P0 battlefield
[21:50:32] [OBS] copy on stack: ids=[67, 122]
[21:50:32] [OBS] CopyRetarget: copy_id=None
[21:50:32]   retarget candidate: codes=['candidate', 'chooseTarget'] seat=None text=Dualcaster Mage
[21:50:32]   retarget candidate: codes=['candidate', 'chooseTarget'] seat=0 text=
[21:50:32]   retarget candidate: codes=['candidate', 'chooseTarget'] seat=1 text=
[21:50:32] [retarget_p1] submitting interaction iid=VI7MV3.0.993 choice=VI7MV3.0.993.c3 ()
[21:50:32] [OBS] retarget submitted (retarget_p1) seat 1 ()
[21:50:32] [OBS] retarget confirmed (prompt gone): (retarget_p1) seat 1 ()
[21:50:33] [P1] playing land mountain
[21:50:35] exporting POST (stack empty, nothing pending)
[21:50:35] wrote run.json verdict=not-reproduced
[21:50:35] rendered summary.png
[21:50:35] wrote server_excerpts.log (300 lines)
