[14:15:10] ServerHello: version=0.105.0 build=965e243 protocol=120 mode=Full
[14:15:10] data-level check: ok=True notes=[]
[14:15:11] game=3N67M7 run=run-650-reval-v01050-20261009-1411
[14:15:11] [P0] keep 7: ['forest', 'forest', 'swamp', 'llanowar elves', 'llanowar elves', 'forest', 'tyvar the bellicose']
[14:15:11] [P1] keep 7: ['island', 'island', 'island', 'island', 'island', 'island', 'island']
[14:15:12] [P1] playing land island
[14:15:15] [P0] playing land forest
[14:15:15] [P0] casting llanowar elves (oid 8) needs={'G': 1, 'generic': 0}
[14:15:18] [P1] playing land island
[14:15:21] [P0] tap land for mana used_for=G needs={'G': 0, 'generic': 0}
[14:15:21] [P0] submitting interaction iid=3N67M7.0.50 choice=3N67M7.0.50.c2 (Forest)
[14:15:22] [P0] playing land forest
[14:15:22] [P0] casting llanowar elves (oid 17) needs={'G': 1, 'generic': 0}
[14:15:26] [P1] playing land island
[14:15:28] [P0] tap land for mana used_for=G needs={'G': 0, 'generic': 0}
[14:15:28] [P0] submitting interaction iid=3N67M7.0.85 choice=3N67M7.0.85.c3 (Forest)
[14:15:29] [P0] playing land swamp
[14:15:33] [P1] playing land island
[14:15:37] [P0] playing land forest
[14:15:37] [P0] casting tyvar the bellicose (oid 28) needs={'B': 1, 'G': 1, 'generic': 2}
[14:15:37] setup ok at turn 8 (Tyvar + 2 Elves)
[14:15:37] PRE export at turn 8; activating Elves A mana ability (oid 8) via ActivateAbility legal_action
[14:15:38] exported pre.json
[14:15:38] exported mid.json
[14:15:38] A2 = passed (tapped=True pool 0->1)
[14:15:41] [P1] playing land island
[14:15:43] [P0] tap land for mana used_for=B needs={'B': 0, 'G': 1, 'generic': 2}
[14:15:43] [P0] submitting interaction iid=3N67M7.0.152 choice=3N67M7.0.152.c3 (Swamp)
[14:15:43] [P0] tap land for mana used_for=G needs={'B': 0, 'G': 0, 'generic': 2}
[14:15:43] [P0] submitting interaction iid=3N67M7.0.153 choice=3N67M7.0.153.c3 (Forest)
[14:15:43] [P0] tap land for mana used_for=generic needs={'B': 0, 'G': 0, 'generic': 1}
[14:15:43] [P0] submitting interaction iid=3N67M7.0.154 choice=3N67M7.0.154.c3 (Forest)
[14:15:44] [P0] tap land for mana used_for=generic needs={'B': 0, 'G': 0, 'generic': 0}
[14:15:44] [P0] submitting interaction iid=3N67M7.0.155 choice=3N67M7.0.155.c3 (Forest)
[14:15:45] [P0] playing land forest
[14:15:47] exported post.json
[14:15:47] A3 = failed (counters=0)
[14:15:47] VERDICT: reproduced
[14:15:47] closing logs before manifest computation
