P0 creating game...
P1 joining...
game J97QPZ; seats 0/1
[P0] keeps
[P0] plays Island
[P0] plays Island
[P0] plays Island
[P0] plays Island
[P0] plays Island
exported pre_cast.json
[armed] pre_cast exported turn 9 hand=6 lib=49
[P0] casts Breakthrough
[P0] Breakthrough X-choice -> X=2
exported post_cast.json
[post] post_cast exported turn 9 phase=PreCombatMain hand=9 lib=45
A1_setup_ok: passed
A2_x_announced: passed
A3_draw_completed: passed
A4_choose_prompted: failed
A5_discard_happened: failed
A6_cleanup: passed
WF sequence: ['MulliganDecision', 'Priority', 'ChooseXValue', 'Priority']
verdict: reproduced
