[03:03:05] server identity hashes verified against on-disk pinned artifacts
[03:03:08] ServerHello: version=0.102.0 build=e17f6fd protocol=106 mode=Full
[03:03:08] data-level: grant kind=Activated effect=ControlNextTurn mana_generic=15 exile_filter=GrantingObject restrictions=['AsSorcery']
[03:03:09] P0 creating game...
[03:03:09] P1 joining...
[03:03:10] game 6HG1EC; P0 seat=0 P1 seat=1
[03:03:10] [P0] mulligan -> Keep (hand=['swamp', 'swamp', 'swamp', 'swamp', 'the dominion bracelet', 'yargle, glutton of urborg', 'yargle, glutton of urborg'])
[03:03:10] [P1] mulligan -> Keep (hand=['swamp', 'swamp', 'swamp', 'swamp', 'swamp', 'swamp', 'swamp'])
[03:03:11] [P1] playing land swamp
[03:03:14] [P0] playing land swamp
[03:03:18] [P1] playing land swamp
[03:03:23] [P0] playing land swamp
[03:03:26] [P1] playing land swamp
[03:03:30] [P0] playing land swamp
[03:03:34] [P1] playing land swamp
[03:03:38] [P0] playing land swamp
[03:03:42] [P1] playing land swamp
[03:03:45] [P0] playing land swamp
[03:03:46] P0 casts Yargle, Glutton of Urborg (oid 26)
[03:03:46] Yargle on BF turn 10
[03:03:50] [P1] playing land swamp
[03:03:53] [P0] tap land for mana used_for=B
[03:03:53] [P0] submitting interaction iid=6HG1EC.0.170 choice=6HG1EC.0.170.c1 (Swamp)
[03:03:53] [P0] tap land for mana used_for=B
[03:03:53] [P0] submitting interaction iid=6HG1EC.0.171 choice=6HG1EC.0.171.c1 (Swamp)
[03:03:53] [P0] tap land for mana used_for=B
[03:03:53] [P0] submitting interaction iid=6HG1EC.0.172 choice=6HG1EC.0.172.c1 (Swamp)
[03:03:54] [P0] tap land for mana used_for=B
[03:03:54] [P0] submitting interaction iid=6HG1EC.0.173 choice=6HG1EC.0.173.c1 (Swamp)
[03:03:54] [P0] tap land for mana used_for=B
[03:03:54] [P0] submitting interaction iid=6HG1EC.0.174 choice=6HG1EC.0.174.c1 (Swamp)
[03:03:55] [P0] playing land swamp
[03:03:56] [P0] declare no attackers
[03:03:59] [P1] playing land swamp
[03:04:03] [P0] playing land swamp
[03:04:03] P0 casts The Dominion Bracelet (oid 39)
[03:04:03] [P0] tap land for mana used_for=B
[03:04:03] [P0] submitting interaction iid=6HG1EC.0.212 choice=6HG1EC.0.212.c1 (Swamp)
[03:04:04] [P0] tap land for mana used_for=B
[03:04:04] [P0] submitting interaction iid=6HG1EC.0.213 choice=6HG1EC.0.213.c1 (Swamp)
[03:04:04] [P0] equip options: 2
[03:04:04] P0 activates Equip {1}
[03:04:05] [P0] tap land for mana used_for=B
[03:04:05] [P0] submitting interaction iid=6HG1EC.0.217 choice=6HG1EC.0.217.c1 (Swamp)
[03:04:06] [P0] equip auto-targeted Yargle (no prompt)
[03:04:06] Bracelet attached to Yargle turn 14
[03:04:06] === stage -> PROOF ===
[03:04:07] [P0] declare no attackers
[03:04:09] [P1] playing land swamp
[03:04:10] DIAG P0: rev=236 turn=15 phase=PreCombatMain prio=False decision=False stage=PROOF attached=True grant_act=False untapped_swamps=2
[03:04:13] [P0] playing land swamp
[03:04:14] exported pre_grant.json
[03:04:14] [P0] pre_grant exported (turn 16); Yargle oid=26
[03:04:19] [P0] grant probe (turn 16): advertised ActivateAbility on Yargle = 0; object abilities = 1
[03:04:19]     obj ability: {15}, Exile The Dominion Bracelet: You control target opponent during their next turn. This ability 
[03:04:19] [P0] granted ability NOT advertised on equipped Yargle
[03:04:20] [P0] declare no attackers
[03:04:23] [P1] playing land swamp
[03:04:27] [P0] playing land swamp
[03:04:28] [P0] grant probe (turn 18): advertised ActivateAbility on Yargle = 0; object abilities = 1
[03:04:28]     obj ability: {15}, Exile The Dominion Bracelet: You control target opponent during their next turn. This ability 
[03:04:29] [P0] declare no attackers
[03:04:31] [P1] playing land swamp
[03:04:35] [P0] playing land swamp
[03:04:35] [P0] grant probe (turn 20): advertised ActivateAbility on Yargle = 0; object abilities = 1
[03:04:35]     obj ability: {15}, Exile The Dominion Bracelet: You control target opponent during their next turn. This ability 
[03:04:36] [P0] declare no attackers
[03:04:39] [P1] playing land swamp
[03:04:43] [P0] playing land swamp
[03:04:43] [P0] grant probe (turn 22): advertised ActivateAbility on Yargle = 0; object abilities = 1
[03:04:43]     obj ability: {15}, Exile The Dominion Bracelet: You control target opponent during their next turn. This ability 
[03:04:44] [P0] declare no attackers
[03:04:47] [P1] playing land swamp
[03:04:51] [P0] playing land swamp
[03:04:51] [P0] grant probe (turn 24): advertised ActivateAbility on Yargle = 0; object abilities = 1
[03:04:51]     obj ability: {15}, Exile The Dominion Bracelet: You control target opponent during their next turn. This ability 
[03:04:52] [P0] declare no attackers
[03:04:55] [P1] playing land swamp
[03:04:59] [P0] playing land swamp
[03:04:59] [P0] grant probe (turn 26): advertised ActivateAbility on Yargle = 0; object abilities = 1
[03:04:59]     obj ability: {15}, Exile The Dominion Bracelet: You control target opponent during their next turn. This ability 
[03:05:00] [P0] declare no attackers
[03:05:03] [P1] playing land swamp
[03:05:07] [P0] playing land swamp
[03:05:07] [P0] grant probe (turn 28): advertised ActivateAbility on Yargle = 0; object abilities = 1
[03:05:07]     obj ability: {15}, Exile The Dominion Bracelet: You control target opponent during their next turn. This ability 
[03:05:08] [P0] declare no attackers
[03:05:10] DIAG P0: rev=449 turn=29 phase=Upkeep prio=True decision=False stage=PROOF attached=True grant_act=False untapped_swamps=14
[03:05:11] [P1] playing land swamp
[03:05:14] [P0] playing land swamp
[03:05:15] [P0] grant probe (turn 30): advertised ActivateAbility on Yargle = 0; object abilities = 1
[03:05:15]     obj ability: {15}, Exile The Dominion Bracelet: You control target opponent during their next turn. This ability 
[03:05:16] [P0] declare no attackers
[03:05:19] [P1] playing land swamp
[03:05:23] [P0] playing land swamp
[03:05:23] [P0] grant probe (turn 32): advertised ActivateAbility on Yargle = 0; object abilities = 1
[03:05:23]     obj ability: {15}, Exile The Dominion Bracelet: You control target opponent during their next turn. This ability 
[03:05:24] [P0] declare no attackers
[03:05:27] [P1] playing land swamp
[03:05:31] [P0] playing land swamp
[03:05:31] [P0] grant probe (turn 34): advertised ActivateAbility on Yargle = 0; object abilities = 1
[03:05:31]     obj ability: {15}, Exile The Dominion Bracelet: You control target opponent during their next turn. This ability 
[03:05:32] [P0] declare no attackers
[03:05:35] [P1] playing land swamp
[03:05:39] [P0] playing land swamp
[03:05:39] [P0] grant probe (turn 36): advertised ActivateAbility on Yargle = 0; object abilities = 1
[03:05:39]     obj ability: {15}, Exile The Dominion Bracelet: You control target opponent during their next turn. This ability 
[03:05:40] [P0] declare no attackers
[03:05:43] [P1] playing land swamp
[03:05:46] [P0] playing land swamp
[03:05:47] [P0] grant probe (turn 38): advertised ActivateAbility on Yargle = 0; object abilities = 1
[03:05:47]     obj ability: {15}, Exile The Dominion Bracelet: You control target opponent during their next turn. This ability 
[03:05:48] [P0] declare no attackers
[03:05:49] granted ability never offered after 90s; exporting post (captured failure)
[03:05:49] exported post.json
[03:05:49] A1_setup_ok: passed
[03:05:49] A2_granted_exposed: failed
[03:05:49] A3_activation_completes: not-run
[03:05:49] A4_control_recorded: not-run
[03:05:49] A5_cleanup: passed
[03:05:49] verdict: reproduced
[03:05:50] DONE verdict=reproduced assertions={"A1_setup_ok": "passed", "A2_granted_exposed": "failed", "A3_activation_completes": "not-run", "A4_control_recorded": "not-run", "A5_cleanup": "passed"}
[03:05:50] rendered /home/hatch/workspace/dev/phase-backfill/evidence/6872/20261006-6872b/summary.png
[03:05:50] copied driver into evidence dir
[03:05:50] manifest written (11 files)
