both clients connected (protocol 72)
game created: LN7B1G
P1 joined
[P0] mulligan: keep
[P1] mulligan: keep
[diag] t=1s stage=setup turn=1 phase=PreCombatMain wf=Priority chosen=None forest_on_bf=None
exported pre.json (turn=4)
[P0] casting Three Visits oid=36 (turn 4)
[P0] SEARCH seen: iid=LN7B1G.0.55 rtype=schema total=9 available=9 forest_avail=9 NONFOREST_avail=0 unknown=0
exported mid.json (turn=4)
[P0] answering search with Forest: Forest
[obs] Forest on P0 BF oid=16 (turn 4)
[P0] stage -> observed (submitted Forest on BF)
[P0] observation window closed; stage -> done
exported post.json (turn=5)
loaded pre.json
loaded mid.json
loaded post.json
server run dir: runs/run-20260918-011144
wrote server.log excerpts (136 lines)
wrote summary.png
