2026-09-18T06:15:11.621048Z  INFO ws_message: server_core::session: game session created game=LN7B1G player_count=2
2026-09-18T06:15:11.642620Z  INFO ws_message: phase_server: game created via lobby game=LN7B1G host=P0-visits players=2
2026-09-18T06:15:11.720516Z  INFO ws_message: phase_server: JoinGameWithPassword game=LN7B1G joiner=P1-idle
2026-09-18T06:15:11.720721Z  INFO ws_message: server_core::session: player joined session game=LN7B1G player=PlayerId(1) seat=1
2026-09-18T06:15:11.740727Z  INFO ws_message: phase_server: player joined via lobby game=LN7B1G player=PlayerId(1)
2026-09-18T06:15:11.971025Z  WARN phase_server: Full snapshot was no longer current game=LN7B1G disposition=SupersededOrRetired
2026-09-18T06:15:12.200512Z  INFO ws_message:game_session{game=LN7B1G player=PlayerId(0)}: server_core::session: action applied game=LN7B1G player=PlayerId(0) action_type="MulliganDecision" event_count=0
2026-09-18T06:15:12.213200Z  INFO ws_message:game_session{game=LN7B1G player=PlayerId(0)}: phase_server: game submission processed (lock held) game=LN7B1G kind="action" lock_ms=13 ai_actions=0
2026-09-18T06:15:12.325138Z  INFO ws_message:game_session{game=LN7B1G player=PlayerId(1)}: server_core::session: action applied game=LN7B1G player=PlayerId(1) action_type="MulliganDecision" event_count=1
2026-09-18T06:15:12.326782Z  INFO ws_message:game_session{game=LN7B1G player=PlayerId(1)}: phase_server: game submission processed (lock held) game=LN7B1G kind="action" lock_ms=7 ai_actions=0
2026-09-18T06:15:12.452305Z  INFO ws_message:game_session{game=LN7B1G player=PlayerId(1)}: server_core::session: action applied game=LN7B1G player=PlayerId(1) action_type="PassPriority" event_count=1
2026-09-18T06:15:12.455025Z  INFO ws_message:game_session{game=LN7B1G player=PlayerId(1)}: phase_server: game submission processed (lock held) game=LN7B1G kind="action" lock_ms=3 ai_actions=0
2026-09-18T06:15:12.703446Z  INFO ws_message:game_session{game=LN7B1G player=PlayerId(0)}: server_core::session: action applied game=LN7B1G player=PlayerId(0) action_type="PassPriority" event_count=2
2026-09-18T06:15:12.749505Z  INFO ws_message:game_session{game=LN7B1G player=PlayerId(0)}: phase_server: game submission processed (lock held) game=LN7B1G kind="action" lock_ms=46 ai_actions=0
2026-09-18T06:15:12.959403Z  INFO ws_message:game_session{game=LN7B1G player=PlayerId(1)}: server_core::session: action applied game=LN7B1G player=PlayerId(1) action_type="PlayLand" event_count=2
2026-09-18T06:15:12.961959Z  INFO ws_message:game_session{game=LN7B1G player=PlayerId(1)}: phase_server: game submission processed (lock held) game=LN7B1G kind="action" lock_ms=7 ai_actions=0
2026-09-18T06:15:13.206191Z  INFO ws_message:game_session{game=LN7B1G player=PlayerId(1)}: server_core::session: action applied game=LN7B1G player=PlayerId(1) action_type="PassPriority" event_count=1
2026-09-18T06:15:13.208928Z  INFO ws_message:game_session{game=LN7B1G player=PlayerId(1)}: phase_server: game submission processed (lock held) game=LN7B1G kind="action" lock_ms=3 ai_actions=0
2026-09-18T06:15:13.457018Z  INFO ws_message:game_session{game=LN7B1G player=PlayerId(0)}: server_core::session: action applied game=LN7B1G player=PlayerId(0) action_type="PassPriority" event_count=1
2026-09-18T06:15:13.460469Z  INFO ws_message:game_session{game=LN7B1G player=PlayerId(0)}: phase_server: game submission processed (lock held) game=LN7B1G kind="action" lock_ms=4 ai_actions=0
2026-09-18T06:15:13.709672Z  INFO ws_message:game_session{game=LN7B1G player=PlayerId(1)}: server_core::session: action applied game=LN7B1G player=PlayerId(1) action_type="PassPriority" event_count=1
2026-09-18T06:15:13.712556Z  INFO ws_message:game_session{game=LN7B1G player=PlayerId(1)}: phase_server: game submission processed (lock held) game=LN7B1G kind="action" lock_ms=3 ai_actions=0
2026-09-18T06:15:13.963996Z  INFO ws_message:game_session{game=LN7B1G player=PlayerId(0)}: server_core::session: action applied game=LN7B1G player=PlayerId(0) action_type="PassPriority" event_count=3
2026-09-18T06:15:13.967508Z  INFO ws_message:game_session{game=LN7B1G player=PlayerId(0)}: phase_server: game submission processed (lock held) game=LN7B1G kind="action" lock_ms=8 ai_actions=0
2026-09-18T06:15:14.211438Z  INFO ws_message:game_session{game=LN7B1G player=PlayerId(1)}: server_core::session: action applied game=LN7B1G player=PlayerId(1) action_type="PassPriority" event_count=1
2026-09-18T06:15:14.213920Z  INFO ws_message:game_session{game=LN7B1G player=PlayerId(1)}: phase_server: game submission processed (lock held) game=LN7B1G kind="action" lock_ms=3 ai_actions=0
2026-09-18T06:15:14.465992Z  INFO ws_message:game_session{game=LN7B1G player=PlayerId(0)}: server_core::session: action applied game=LN7B1G player=PlayerId(0) action_type="PassPriority" event_count=1
2026-09-18T06:15:14.468828Z  INFO ws_message:game_session{game=LN7B1G player=PlayerId(0)}: phase_server: game submission processed (lock held) game=LN7B1G kind="action" lock_ms=6 ai_actions=0
2026-09-18T06:15:14.716233Z  INFO ws_message:game_session{game=LN7B1G player=PlayerId(1)}: server_core::session: action applied game=LN7B1G player=PlayerId(1) action_type="PassPriority" event_count=1
2026-09-18T06:15:14.718900Z  INFO ws_message:game_session{game=LN7B1G player=PlayerId(1)}: phase_server: game submission processed (lock held) game=LN7B1G kind="action" lock_ms=3 ai_actions=0
2026-09-18T06:15:14.970654Z  INFO ws_message:game_session{game=LN7B1G player=PlayerId(0)}: server_core::session: action applied game=LN7B1G player=PlayerId(0) action_type="PassPriority" event_count=1
2026-09-18T06:15:14.973814Z  INFO ws_message:game_session{game=LN7B1G player=PlayerId(0)}: phase_server: game submission processed (lock held) game=LN7B1G kind="action" lock_ms=7 ai_actions=0
2026-09-18T06:15:15.219986Z  INFO ws_message:game_session{game=LN7B1G player=PlayerId(1)}: server_core::session: action applied game=LN7B1G player=PlayerId(1) action_type="PassPriority" event_count=1
2026-09-18T06:15:15.222581Z  INFO ws_message:game_session{game=LN7B1G player=PlayerId(1)}: phase_server: game submission processed (lock held) game=LN7B1G kind="action" lock_ms=4 ai_actions=0
2026-09-18T06:15:15.473524Z  INFO ws_message:game_session{game=LN7B1G player=PlayerId(0)}: server_core::session: action applied game=LN7B1G player=PlayerId(0) action_type="PassPriority" event_count=4
2026-09-18T06:15:15.475400Z  INFO ws_message:game_session{game=LN7B1G player=PlayerId(0)}: phase_server: game submission processed (lock held) game=LN7B1G kind="action" lock_ms=6 ai_actions=0
2026-09-18T06:15:15.720880Z  INFO ws_message:game_session{game=LN7B1G player=PlayerId(0)}: server_core::session: action applied game=LN7B1G player=PlayerId(0) action_type="PassPriority" event_count=1
2026-09-18T06:15:15.723436Z  INFO ws_message:game_session{game=LN7B1G player=PlayerId(0)}: phase_server: game submission processed (lock held) game=LN7B1G kind="action" lock_ms=3 ai_actions=0
2026-09-18T06:15:15.977935Z  INFO ws_message:game_session{game=LN7B1G player=PlayerId(1)}: server_core::session: action applied game=LN7B1G player=PlayerId(1) action_type="PassPriority" event_count=4
2026-09-18T06:15:15.979340Z  INFO ws_message:game_session{game=LN7B1G player=PlayerId(1)}: phase_server: game submission processed (lock held) game=LN7B1G kind="action" lock_ms=6 ai_actions=0
2026-09-18T06:15:16.224233Z  INFO ws_message:game_session{game=LN7B1G player=PlayerId(0)}: server_core::session: action applied game=LN7B1G player=PlayerId(0) action_type="PassPriority" event_count=1
2026-09-18T06:15:16.226877Z  INFO ws_message:game_session{game=LN7B1G player=PlayerId(0)}: phase_server: game submission processed (lock held) game=LN7B1G kind="action" lock_ms=3 ai_actions=0
2026-09-18T06:15:16.477898Z  INFO ws_message:game_session{game=LN7B1G player=PlayerId(1)}: server_core::session: action applied game=LN7B1G player=PlayerId(1) action_type="PassPriority" event_count=1
2026-09-18T06:15:16.505725Z  INFO ws_message:game_session{game=LN7B1G player=PlayerId(1)}: phase_server: game submission processed (lock held) game=LN7B1G kind="action" lock_ms=28 ai_actions=0
2026-09-18T06:15:16.732346Z  INFO ws_message:game_session{game=LN7B1G player=PlayerId(0)}: server_core::session: action applied game=LN7B1G player=PlayerId(0) action_type="PlayLand" event_count=2
2026-09-18T06:15:16.737573Z  INFO ws_message:game_session{game=LN7B1G player=PlayerId(0)}: phase_server: game submission processed (lock held) game=LN7B1G kind="action" lock_ms=9 ai_actions=0
2026-09-18T06:15:16.981248Z  INFO ws_message:game_session{game=LN7B1G player=PlayerId(0)}: server_core::session: action applied game=LN7B1G player=PlayerId(0) action_type="PassPriority" event_count=1
2026-09-18T06:15:16.983987Z  INFO ws_message:game_session{game=LN7B1G player=PlayerId(0)}: phase_server: game submission processed (lock held) game=LN7B1G kind="action" lock_ms=4 ai_actions=0
2026-09-18T06:15:17.232222Z  INFO ws_message:game_session{game=LN7B1G player=PlayerId(1)}: server_core::session: action applied game=LN7B1G player=PlayerId(1) action_type="PassPriority" event_count=1
2026-09-18T06:15:17.235116Z  INFO ws_message:game_session{game=LN7B1G player=PlayerId(1)}: phase_server: game submission processed (lock held) game=LN7B1G kind="action" lock_ms=4 ai_actions=0
2026-09-18T06:15:17.484946Z  INFO ws_message:game_session{game=LN7B1G player=PlayerId(0)}: server_core::session: action applied game=LN7B1G player=PlayerId(0) action_type="PassPriority" event_count=1
2026-09-18T06:15:17.488154Z  INFO ws_message:game_session{game=LN7B1G player=PlayerId(0)}: phase_server: game submission processed (lock held) game=LN7B1G kind="action" lock_ms=5 ai_actions=0
2026-09-18T06:15:17.745337Z  INFO ws_message:game_session{game=LN7B1G player=PlayerId(1)}: server_core::session: action applied game=LN7B1G player=PlayerId(1) action_type="PassPriority" event_count=3
2026-09-18T06:15:17.750711Z  INFO ws_message:game_session{game=LN7B1G player=PlayerId(1)}: phase_server: game submission processed (lock held) game=LN7B1G kind="action" lock_ms=15 ai_actions=0
2026-09-18T06:15:17.987492Z  INFO ws_message:game_session{game=LN7B1G player=PlayerId(0)}: server_core::session: action applied game=LN7B1G player=PlayerId(0) action_type="PassPriority" event_count=1
2026-09-18T06:15:17.990045Z  INFO ws_message:game_session{game=LN7B1G player=PlayerId(0)}: phase_server: game submission processed (lock held) game=LN7B1G kind="action" lock_ms=4 ai_actions=0
2026-09-18T06:15:18.241620Z  INFO ws_message:game_session{game=LN7B1G player=PlayerId(1)}: server_core::session: action applied game=LN7B1G player=PlayerId(1) action_type="PassPriority" event_count=1
2026-09-18T06:15:18.246407Z  INFO ws_message:game_session{game=LN7B1G player=PlayerId(1)}: phase_server: game submission processed (lock held) game=LN7B1G kind="action" lock_ms=9 ai_actions=0
2026-09-18T06:15:18.490431Z  INFO ws_message:game_session{game=LN7B1G player=PlayerId(0)}: server_core::session: action applied game=LN7B1G player=PlayerId(0) action_type="PassPriority" event_count=1
2026-09-18T06:15:18.492670Z  INFO ws_message:game_session{game=LN7B1G player=PlayerId(0)}: phase_server: game submission processed (lock held) game=LN7B1G kind="action" lock_ms=4 ai_actions=0
2026-09-18T06:15:18.744388Z  INFO ws_message:game_session{game=LN7B1G player=PlayerId(1)}: server_core::session: action applied game=LN7B1G player=PlayerId(1) action_type="PassPriority" event_count=1
2026-09-18T06:15:18.747003Z  INFO ws_message:game_session{game=LN7B1G player=PlayerId(1)}: phase_server: game submission processed (lock held) game=LN7B1G kind="action" lock_ms=6 ai_actions=0
2026-09-18T06:15:18.992492Z  INFO ws_message:game_session{game=LN7B1G player=PlayerId(0)}: server_core::session: action applied game=LN7B1G player=PlayerId(0) action_type="PassPriority" event_count=1
2026-09-18T06:15:18.994942Z  INFO ws_message:game_session{game=LN7B1G player=PlayerId(0)}: phase_server: game submission processed (lock held) game=LN7B1G kind="action" lock_ms=3 ai_actions=0
2026-09-18T06:15:19.247355Z  INFO ws_message:game_session{game=LN7B1G player=PlayerId(1)}: server_core::session: action applied game=LN7B1G player=PlayerId(1) action_type="PassPriority" event_count=4
2026-09-18T06:15:19.248900Z  INFO ws_message:game_session{game=LN7B1G player=PlayerId(1)}: phase_server: game submission processed (lock held) game=LN7B1G kind="action" lock_ms=6 ai_actions=0
2026-09-18T06:15:19.494939Z  INFO ws_message:game_session{game=LN7B1G player=PlayerId(1)}: server_core::session: action applied game=LN7B1G player=PlayerId(1) action_type="PassPriority" event_count=1
2026-09-18T06:15:19.498019Z  INFO ws_message:game_session{game=LN7B1G player=PlayerId(1)}: phase_server: game submission processed (lock held) game=LN7B1G kind="action" lock_ms=4 ai_actions=0
2026-09-18T06:15:19.752035Z  INFO ws_message:game_session{game=LN7B1G player=PlayerId(0)}: server_core::session: action applied game=LN7B1G player=PlayerId(0) action_type="PassPriority" event_count=4
2026-09-18T06:15:19.754129Z  INFO ws_message:game_session{game=LN7B1G player=PlayerId(0)}: phase_server: game submission processed (lock held) game=LN7B1G kind="action" lock_ms=7 ai_actions=0
2026-09-18T06:15:19.999250Z  INFO ws_message:game_session{game=LN7B1G player=PlayerId(1)}: server_core::session: action applied game=LN7B1G player=PlayerId(1) action_type="PassPriority" event_count=1
2026-09-18T06:15:20.004221Z  INFO ws_message:game_session{game=LN7B1G player=PlayerId(1)}: phase_server: game submission processed (lock held) game=LN7B1G kind="action" lock_ms=6 ai_actions=0
2026-09-18T06:15:20.250193Z  INFO ws_message:game_session{game=LN7B1G player=PlayerId(0)}: server_core::session: action applied game=LN7B1G player=PlayerId(0) action_type="PassPriority" event_count=1
2026-09-18T06:15:20.280516Z  INFO ws_message:game_session{game=LN7B1G player=PlayerId(0)}: phase_server: game submission processed (lock held) game=LN7B1G kind="action" lock_ms=31 ai_actions=0
2026-09-18T06:15:20.505428Z  INFO ws_message:game_session{game=LN7B1G player=PlayerId(1)}: server_core::session: action applied game=LN7B1G player=PlayerId(1) action_type="PlayLand" event_count=2
2026-09-18T06:15:20.507967Z  INFO ws_message:game_session{game=LN7B1G player=PlayerId(1)}: phase_server: game submission processed (lock held) game=LN7B1G kind="action" lock_ms=7 ai_actions=0
2026-09-18T06:15:20.755266Z  INFO ws_message:game_session{game=LN7B1G player=PlayerId(1)}: server_core::session: action applied game=LN7B1G player=PlayerId(1) action_type="PassPriority" event_count=1
2026-09-18T06:15:20.758251Z  INFO ws_message:game_session{game=LN7B1G player=PlayerId(1)}: phase_server: game submission processed (lock held) game=LN7B1G kind="action" lock_ms=5 ai_actions=0
2026-09-18T06:15:21.004928Z  INFO ws_message:game_session{game=LN7B1G player=PlayerId(0)}: server_core::session: action applied game=LN7B1G player=PlayerId(0) action_type="PassPriority" event_count=1
2026-09-18T06:15:21.007908Z  INFO ws_message:game_session{game=LN7B1G player=PlayerId(0)}: phase_server: game submission processed (lock held) game=LN7B1G kind="action" lock_ms=4 ai_actions=0
2026-09-18T06:15:21.257346Z  INFO ws_message:game_session{game=LN7B1G player=PlayerId(1)}: server_core::session: action applied game=LN7B1G player=PlayerId(1) action_type="PassPriority" event_count=1
2026-09-18T06:15:21.260215Z  INFO ws_message:game_session{game=LN7B1G player=PlayerId(1)}: phase_server: game submission processed (lock held) game=LN7B1G kind="action" lock_ms=4 ai_actions=0
2026-09-18T06:15:21.510891Z  INFO ws_message:game_session{game=LN7B1G player=PlayerId(0)}: server_core::session: action applied game=LN7B1G player=PlayerId(0) action_type="PassPriority" event_count=3
2026-09-18T06:15:21.514838Z  INFO ws_message:game_session{game=LN7B1G player=PlayerId(0)}: phase_server: game submission processed (lock held) game=LN7B1G kind="action" lock_ms=8 ai_actions=0
2026-09-18T06:15:21.761263Z  INFO ws_message:game_session{game=LN7B1G player=PlayerId(1)}: server_core::session: action applied game=LN7B1G player=PlayerId(1) action_type="PassPriority" event_count=1
2026-09-18T06:15:21.765116Z  INFO ws_message:game_session{game=LN7B1G player=PlayerId(1)}: phase_server: game submission processed (lock held) game=LN7B1G kind="action" lock_ms=6 ai_actions=0
2026-09-18T06:15:22.013483Z  INFO ws_message:game_session{game=LN7B1G player=PlayerId(0)}: server_core::session: action applied game=LN7B1G player=PlayerId(0) action_type="PassPriority" event_count=1
2026-09-18T06:15:22.016178Z  INFO ws_message:game_session{game=LN7B1G player=PlayerId(0)}: phase_server: game submission processed (lock held) game=LN7B1G kind="action" lock_ms=6 ai_actions=0
2026-09-18T06:15:22.850858Z  INFO ws_message:game_session{game=LN7B1G player=PlayerId(1)}: server_core::session: action applied game=LN7B1G player=PlayerId(1) action_type="PassPriority" event_count=1
2026-09-18T06:15:22.855716Z  INFO ws_message:game_session{game=LN7B1G player=PlayerId(1)}: phase_server: game submission processed (lock held) game=LN7B1G kind="action" lock_ms=6 ai_actions=0
2026-09-18T06:15:23.105154Z  INFO ws_message:game_session{game=LN7B1G player=PlayerId(0)}: server_core::session: action applied game=LN7B1G player=PlayerId(0) action_type="PassPriority" event_count=1
2026-09-18T06:15:23.108882Z  INFO ws_message:game_session{game=LN7B1G player=PlayerId(0)}: phase_server: game submission processed (lock held) game=LN7B1G kind="action" lock_ms=9 ai_actions=0
2026-09-18T06:15:23.352500Z  INFO ws_message:game_session{game=LN7B1G player=PlayerId(1)}: server_core::session: action applied game=LN7B1G player=PlayerId(1) action_type="PassPriority" event_count=1
2026-09-18T06:15:23.355376Z  INFO ws_message:game_session{game=LN7B1G player=PlayerId(1)}: phase_server: game submission processed (lock held) game=LN7B1G kind="action" lock_ms=4 ai_actions=0
2026-09-18T06:15:23.607094Z  INFO ws_message:game_session{game=LN7B1G player=PlayerId(0)}: server_core::session: action applied game=LN7B1G player=PlayerId(0) action_type="PassPriority" event_count=4
2026-09-18T06:15:23.608581Z  INFO ws_message:game_session{game=LN7B1G player=PlayerId(0)}: phase_server: game submission processed (lock held) game=LN7B1G kind="action" lock_ms=6 ai_actions=0
2026-09-18T06:15:23.855122Z  INFO ws_message:game_session{game=LN7B1G player=PlayerId(0)}: server_core::session: action applied game=LN7B1G player=PlayerId(0) action_type="PassPriority" event_count=1
2026-09-18T06:15:23.858467Z  INFO ws_message:game_session{game=LN7B1G player=PlayerId(0)}: phase_server: game submission processed (lock held) game=LN7B1G kind="action" lock_ms=4 ai_actions=0
2026-09-18T06:15:24.112424Z  INFO ws_message:game_session{game=LN7B1G player=PlayerId(1)}: server_core::session: action applied game=LN7B1G player=PlayerId(1) action_type="PassPriority" event_count=4
2026-09-18T06:15:24.113955Z  INFO ws_message:game_session{game=LN7B1G player=PlayerId(1)}: phase_server: game submission processed (lock held) game=LN7B1G kind="action" lock_ms=7 ai_actions=0
2026-09-18T06:15:24.358944Z  INFO ws_message:game_session{game=LN7B1G player=PlayerId(0)}: server_core::session: action applied game=LN7B1G player=PlayerId(0) action_type="PassPriority" event_count=1
2026-09-18T06:15:24.361516Z  INFO ws_message:game_session{game=LN7B1G player=PlayerId(0)}: phase_server: game submission processed (lock held) game=LN7B1G kind="action" lock_ms=3 ai_actions=0
2026-09-18T06:15:24.611612Z  INFO ws_message:game_session{game=LN7B1G player=PlayerId(1)}: server_core::session: action applied game=LN7B1G player=PlayerId(1) action_type="PassPriority" event_count=1
2026-09-18T06:15:24.641835Z  INFO ws_message:game_session{game=LN7B1G player=PlayerId(1)}: phase_server: game submission processed (lock held) game=LN7B1G kind="action" lock_ms=31 ai_actions=0
2026-09-18T06:15:24.865495Z  INFO ws_message:game_session{game=LN7B1G player=PlayerId(0)}: server_core::session: action applied game=LN7B1G player=PlayerId(0) action_type="PlayLand" event_count=2
2026-09-18T06:15:24.870772Z  INFO ws_message:game_session{game=LN7B1G player=PlayerId(0)}: phase_server: game submission processed (lock held) game=LN7B1G kind="action" lock_ms=10 ai_actions=0
2026-09-18T06:15:25.193457Z  INFO ws_message:game_session{game=LN7B1G player=PlayerId(0)}: server_core::session: action applied game=LN7B1G player=PlayerId(0) action_type="CastSpell" event_count=12
2026-09-18T06:15:25.194749Z  INFO ws_message:game_session{game=LN7B1G player=PlayerId(0)}: phase_server: game submission processed (lock held) game=LN7B1G kind="action" lock_ms=8 ai_actions=0
2026-09-18T06:15:25.439588Z  INFO ws_message:game_session{game=LN7B1G player=PlayerId(0)}: server_core::session: action applied game=LN7B1G player=PlayerId(0) action_type="PassPriority" event_count=1
2026-09-18T06:15:25.442956Z  INFO ws_message:game_session{game=LN7B1G player=PlayerId(0)}: phase_server: game submission processed (lock held) game=LN7B1G kind="action" lock_ms=5 ai_actions=0
2026-09-18T06:15:25.619794Z  INFO ws_message:game_session{game=LN7B1G player=PlayerId(1)}: server_core::session: action applied game=LN7B1G player=PlayerId(1) action_type="PassPriority" event_count=5
2026-09-18T06:15:25.621713Z  INFO ws_message:game_session{game=LN7B1G player=PlayerId(1)}: phase_server: game submission processed (lock held) game=LN7B1G kind="action" lock_ms=5 ai_actions=0
2026-09-18T06:15:25.788591Z  INFO ws_message:game_session{game=LN7B1G player=PlayerId(0)}: server_core::session: interaction applied game=LN7B1G player=PlayerId(0) action_type="SelectCards" event_count=4
2026-09-18T06:15:25.792460Z  INFO ws_message:game_session{game=LN7B1G player=PlayerId(0)}: phase_server: game submission processed (lock held) game=LN7B1G kind="interaction" lock_ms=15 ai_actions=0
2026-09-18T06:15:26.032532Z  INFO ws_message:game_session{game=LN7B1G player=PlayerId(0)}: server_core::session: action applied game=LN7B1G player=PlayerId(0) action_type="PassPriority" event_count=1
2026-09-18T06:15:26.038157Z  INFO ws_message:game_session{game=LN7B1G player=PlayerId(0)}: phase_server: game submission processed (lock held) game=LN7B1G kind="action" lock_ms=9 ai_actions=0
2026-09-18T06:15:26.120815Z  INFO ws_message:game_session{game=LN7B1G player=PlayerId(1)}: server_core::session: action applied game=LN7B1G player=PlayerId(1) action_type="PassPriority" event_count=1
2026-09-18T06:15:26.123671Z  INFO ws_message:game_session{game=LN7B1G player=PlayerId(1)}: phase_server: game submission processed (lock held) game=LN7B1G kind="action" lock_ms=4 ai_actions=0
2026-09-18T06:15:26.285908Z  INFO ws_message:game_session{game=LN7B1G player=PlayerId(0)}: server_core::session: action applied game=LN7B1G player=PlayerId(0) action_type="PassPriority" event_count=1
2026-09-18T06:15:26.290171Z  INFO ws_message:game_session{game=LN7B1G player=PlayerId(0)}: phase_server: game submission processed (lock held) game=LN7B1G kind="action" lock_ms=6 ai_actions=0
2026-09-18T06:15:26.374775Z  INFO ws_message:game_session{game=LN7B1G player=PlayerId(1)}: server_core::session: action applied game=LN7B1G player=PlayerId(1) action_type="PassPriority" event_count=3
2026-09-18T06:15:26.377873Z  INFO ws_message:game_session{game=LN7B1G player=PlayerId(1)}: phase_server: game submission processed (lock held) game=LN7B1G kind="action" lock_ms=7 ai_actions=0
2026-09-18T06:15:26.537218Z  INFO ws_message:game_session{game=LN7B1G player=PlayerId(0)}: server_core::session: action applied game=LN7B1G player=PlayerId(0) action_type="PassPriority" event_count=1
2026-09-18T06:15:26.542965Z  INFO ws_message:game_session{game=LN7B1G player=PlayerId(0)}: phase_server: game submission processed (lock held) game=LN7B1G kind="action" lock_ms=7 ai_actions=0
2026-09-18T06:15:26.626468Z  INFO ws_message:game_session{game=LN7B1G player=PlayerId(1)}: server_core::session: action applied game=LN7B1G player=PlayerId(1) action_type="PassPriority" event_count=1
2026-09-18T06:15:26.630391Z  INFO ws_message:game_session{game=LN7B1G player=PlayerId(1)}: phase_server: game submission processed (lock held) game=LN7B1G kind="action" lock_ms=8 ai_actions=0
2026-09-18T06:15:26.789083Z  INFO ws_message:game_session{game=LN7B1G player=PlayerId(0)}: server_core::session: action applied game=LN7B1G player=PlayerId(0) action_type="PassPriority" event_count=1
2026-09-18T06:15:26.793173Z  INFO ws_message:game_session{game=LN7B1G player=PlayerId(0)}: phase_server: game submission processed (lock held) game=LN7B1G kind="action" lock_ms=5 ai_actions=0
2026-09-18T06:15:26.878782Z  INFO ws_message:game_session{game=LN7B1G player=PlayerId(1)}: server_core::session: action applied game=LN7B1G player=PlayerId(1) action_type="PassPriority" event_count=1
2026-09-18T06:15:26.882169Z  INFO ws_message:game_session{game=LN7B1G player=PlayerId(1)}: phase_server: game submission processed (lock held) game=LN7B1G kind="action" lock_ms=8 ai_actions=0
2026-09-18T06:15:27.042796Z  INFO ws_message:game_session{game=LN7B1G player=PlayerId(0)}: server_core::session: action applied game=LN7B1G player=PlayerId(0) action_type="PassPriority" event_count=1
2026-09-18T06:15:27.046279Z  INFO ws_message:game_session{game=LN7B1G player=PlayerId(0)}: phase_server: game submission processed (lock held) game=LN7B1G kind="action" lock_ms=6 ai_actions=0
2026-09-18T06:15:27.130853Z  INFO ws_message:game_session{game=LN7B1G player=PlayerId(1)}: server_core::session: action applied game=LN7B1G player=PlayerId(1) action_type="PassPriority" event_count=4
2026-09-18T06:15:27.132295Z  INFO ws_message:game_session{game=LN7B1G player=PlayerId(1)}: phase_server: game submission processed (lock held) game=LN7B1G kind="action" lock_ms=6 ai_actions=0
2026-09-18T06:15:27.378841Z  INFO ws_message:game_session{game=LN7B1G player=PlayerId(1)}: server_core::session: action applied game=LN7B1G player=PlayerId(1) action_type="PassPriority" event_count=1
2026-09-18T06:15:27.381740Z  INFO ws_message:game_session{game=LN7B1G player=PlayerId(1)}: phase_server: game submission processed (lock held) game=LN7B1G kind="action" lock_ms=4 ai_actions=0
