[01:49:29] server identity hashes recomputed against on-disk pinned artifacts
[01:49:30] server identity pinned: v0.102.0 (e17f6fd) protocol 106, mode Full; reusing the healthy v0.102.0 server on 127.0.0.1:9374 started by run 20261005-0011
[01:49:32] game 2Q1TXE; P0 seat=0 P1 seat=1
[01:49:32] [OBS] vi waitingForKind -> 'mulligan'
[01:49:32] [P0] mulligan 7: ['mountain', 'swamp', 'swamp', 'swamp', 'asmoranomardicadaistinaculdacar', 'mountain', 'swamp']
[01:49:32] [P1] keep 7: ['island', 'island', 'island', 'island', 'island', 'island', 'island']
[01:49:32] DIAG turn=1 active=0 phase=Untap stage=NEG P0asmo_in_hand=True P0looting_in_hand=False P1hand=7 vikind='mulligan' real_decision=False
[01:49:32] [P0] keep 7: ['mountain', 'faithless looting', 'mountain', 'mountain', 'mountain', 'swamp', 'mountain']
[01:49:33] [P0] bottoming ['mountain'] via vi
[01:49:33] [OBS] vi waitingForKind -> 'choose'
[01:49:33] [P0] playing land mountain
[01:49:36] [P1] playing land island
[01:49:38] [P0] playing land mountain
[01:49:42] [P1] playing land island
[01:49:44] [P0] playing land mountain
[01:49:46] [P1] playing land island
[01:49:49] [P0] playing land swamp
[01:49:51] [P1] playing land island
[01:49:53] [P0] playing land mountain
[01:49:56] [P1] playing land island
[01:49:58] [P0] playing land swamp
[01:50:00] [P1] playing land island
[01:50:02] [P0] playing land mountain
[01:50:05] [P1] playing land island
[01:50:07] [P0] playing land swamp
[01:50:09] [P1] playing land island
[01:50:12] [P0] playing land swamp
[01:50:15] [P1] playing land island
[01:50:17] [P0] playing land mountain
[01:50:19] [P1] playing land island
[01:50:22] [P0] playing land swamp
[01:50:24] [P1] playing land island
[01:50:26] [P0] playing land mountain
[01:50:29] [P1] playing land island
[01:50:31] [P0] playing land mountain
[01:50:32] DIAG turn=25 active=0 phase=End stage=NEG P0asmo_in_hand=False P0looting_in_hand=True P1hand=7 vikind='choose' real_decision=False
[01:50:33] [P1] playing land island
[01:50:36] [P0] playing land mountain
[01:50:38] [P1] playing land island
[01:50:40] [P0] playing land mountain
[01:50:43] [P1] playing land island
[01:50:46] [P0] playing land swamp
[01:50:48] [P1] playing land island
[01:50:51] [P0] playing land mountain
[01:50:53] [P1] playing land island
[01:50:55] exported pre_neg.json
[01:50:55] PRE_NEG captured turn 35 (Asmo in hand, no discard this turn, no cast offered)
[01:50:55] [P0] playing land swamp
[01:50:56] [P0] casting Faithless Looting (turn 35; discard-turn #1)
[01:50:57] [P0] tap land for mana used_for=R
[01:50:57] [P0] submitting interaction iid=2Q1TXE.0.526 choice=2Q1TXE.0.526.c1 (Mountain)
[01:50:57] [OBS] vi waitingForKind -> 'select'
[01:50:57] [P0] looting discard (2): ['swamp', 'swamp']
[01:50:57] [P0] Looting resolved with discards ['swamp', 'swamp'] (turn 35; discard-turn #1)
[01:50:57] exported post_discard.json
[01:50:57] [P0] Asmo NOT offered right after discard; watching (turn 35)
[01:50:58] discard turn 35 ended without CastSpell(Asmo) offered (1 observations)
[01:50:58] [P0] seeking second Looting (turn 36)
[01:50:59] [P1] playing land island
[01:51:01] [P0] casting Faithless Looting (turn 37; discard-turn #2)
[01:51:01] [P0] tap land for mana used_for=R
[01:51:01] [P0] submitting interaction iid=2Q1TXE.0.554 choice=2Q1TXE.0.554.c1 (Mountain)
[01:51:02] [P0] looting discard (2): ['swamp', 'swamp']
[01:51:02] [P0] Looting resolved with discards ['swamp', 'swamp'] (turn 37; discard-turn #2)
[01:51:02] exported post_discard.json
[01:51:02] [P0] Asmo NOT offered right after discard; watching (turn 37)
[01:51:02] [P0] playing land swamp
[01:51:04] discard turn 37 ended without CastSpell(Asmo) offered (3 observations)
[01:51:04] exported post.json
[01:51:04] rendered summary.png
[01:51:04] wrote server_excerpts.log (300 lines)
