game created: SEWEUY
P1 joined
[P0] mulligan: keep 7
[P1] mulligan: keep 7
[diag] t=1s casts=0/0 resolved turn=1 phase=PreCombatMain wf=Priority life=20/20 tokens=0
exported pre_1.json (turn=5)
[P0] casting circuits act (leg 1, pre_gy=0, oid=2)
[P0] roll sighting: {'id': 2, 'source_id': 2, 'controller': 0, 'kind': {'type': 'Spell', 'data': {'card_id': 2, 'ability': {'effect': {'type': 'RollDie', 'count': {'type': 'Fixed', 'value': 3}, 'sides': 6, 'results': []}
exported post_1.json (turn=5)
[P0] leg 1 RESOLVED: gy 0->1, clown tokens now 0
exported pre_2.json (turn=7)
[P0] casting circuits act (leg 2, pre_gy=1, oid=18)
[P0] roll sighting: {'id': 18, 'source_id': 18, 'controller': 0, 'kind': {'type': 'Spell', 'data': {'card_id': 18, 'ability': {'effect': {'type': 'RollDie', 'count': {'type': 'Fixed', 'value': 3}, 'sides': 6, 'results': 
exported post_2.json (turn=7)
[P0] leg 2 RESOLVED: gy 1->2, clown tokens now 0
exported pre_3.json (turn=9)
[P0] casting circuits act (leg 3, pre_gy=2, oid=22)
[P0] roll sighting: {'id': 22, 'source_id': 22, 'controller': 0, 'kind': {'type': 'Spell', 'data': {'card_id': 22, 'ability': {'effect': {'type': 'RollDie', 'count': {'type': 'Fixed', 'value': 3}, 'sides': 6, 'results': 
exported post_3.json (turn=9)
[P0] leg 3 RESOLVED: gy 2->3, clown tokens now 0
all casts resolved; exporting post and finishing
exported post.json (turn=9)
loaded pre_1.json
loaded post_1.json
loaded pre_2.json
loaded post_2.json
loaded pre_3.json
loaded post_3.json
loaded post.json
wrote server.log excerpts (272 lines)
saved summary.png (53841 bytes)
writing manifest.sha256 (last log line before hashing)
