2026-09-15T12:56:51.247543Z  INFO ws_message: server_core::session: game session created game=SEWEUY player_count=2
2026-09-15T12:56:51.269081Z  INFO ws_message: phase_server: game created via lobby game=SEWEUY host=P0 players=2
2026-09-15T12:56:51.331121Z  INFO ws_message: phase_server: JoinGameWithPassword game=SEWEUY joiner=P1
2026-09-15T12:56:51.331420Z  INFO ws_message: server_core::session: player joined session game=SEWEUY player=PlayerId(1) seat=1
2026-09-15T12:56:51.350855Z  INFO ws_message: phase_server: player joined via lobby game=SEWEUY player=PlayerId(1)
2026-09-15T12:56:51.534683Z  WARN phase_server: Full snapshot was no longer current game=SEWEUY disposition=SupersededOrRetired
2026-09-15T12:56:51.762429Z  INFO ws_message:game_session{game=SEWEUY player=PlayerId(0)}: server_core::session: action applied game=SEWEUY player=PlayerId(0) action_type="MulliganDecision" event_count=0
2026-09-15T12:56:51.775530Z  INFO ws_message:game_session{game=SEWEUY player=PlayerId(0)}: phase_server: game submission processed (lock held) game=SEWEUY kind="action" lock_ms=13 ai_actions=0
2026-09-15T12:56:51.840842Z  INFO ws_message:game_session{game=SEWEUY player=PlayerId(1)}: server_core::session: action applied game=SEWEUY player=PlayerId(1) action_type="MulliganDecision" event_count=1
2026-09-15T12:56:51.843152Z  INFO ws_message:game_session{game=SEWEUY player=PlayerId(1)}: phase_server: game submission processed (lock held) game=SEWEUY kind="action" lock_ms=5 ai_actions=0
2026-09-15T12:56:52.015081Z  INFO ws_message:game_session{game=SEWEUY player=PlayerId(0)}: server_core::session: action applied game=SEWEUY player=PlayerId(0) action_type="PassPriority" event_count=1
2026-09-15T12:56:52.017718Z  INFO ws_message:game_session{game=SEWEUY player=PlayerId(0)}: phase_server: game submission processed (lock held) game=SEWEUY kind="action" lock_ms=3 ai_actions=0
2026-09-15T12:56:52.266872Z  INFO ws_message:game_session{game=SEWEUY player=PlayerId(1)}: server_core::session: action applied game=SEWEUY player=PlayerId(1) action_type="PassPriority" event_count=2
2026-09-15T12:56:52.288456Z  INFO ws_message:game_session{game=SEWEUY player=PlayerId(1)}: phase_server: game submission processed (lock held) game=SEWEUY kind="action" lock_ms=22 ai_actions=0
2026-09-15T12:56:52.522032Z  INFO ws_message:game_session{game=SEWEUY player=PlayerId(0)}: server_core::session: action applied game=SEWEUY player=PlayerId(0) action_type="PlayLand" event_count=2
2026-09-15T12:56:52.530952Z  INFO ws_message:game_session{game=SEWEUY player=PlayerId(0)}: phase_server: game submission processed (lock held) game=SEWEUY kind="action" lock_ms=13 ai_actions=0
2026-09-15T12:56:52.769429Z  INFO ws_message:game_session{game=SEWEUY player=PlayerId(0)}: server_core::session: action applied game=SEWEUY player=PlayerId(0) action_type="PassPriority" event_count=1
2026-09-15T12:56:52.771355Z  INFO ws_message:game_session{game=SEWEUY player=PlayerId(0)}: phase_server: game submission processed (lock held) game=SEWEUY kind="action" lock_ms=2 ai_actions=0
2026-09-15T12:56:53.021453Z  INFO ws_message:game_session{game=SEWEUY player=PlayerId(1)}: server_core::session: action applied game=SEWEUY player=PlayerId(1) action_type="PassPriority" event_count=1
2026-09-15T12:56:53.024336Z  INFO ws_message:game_session{game=SEWEUY player=PlayerId(1)}: phase_server: game submission processed (lock held) game=SEWEUY kind="action" lock_ms=3 ai_actions=0
2026-09-15T12:56:53.272529Z  INFO ws_message:game_session{game=SEWEUY player=PlayerId(0)}: server_core::session: action applied game=SEWEUY player=PlayerId(0) action_type="PassPriority" event_count=1
2026-09-15T12:56:53.274401Z  INFO ws_message:game_session{game=SEWEUY player=PlayerId(0)}: phase_server: game submission processed (lock held) game=SEWEUY kind="action" lock_ms=2 ai_actions=0
2026-09-15T12:56:53.527728Z  INFO ws_message:game_session{game=SEWEUY player=PlayerId(1)}: server_core::session: action applied game=SEWEUY player=PlayerId(1) action_type="PassPriority" event_count=3
2026-09-15T12:56:53.531538Z  INFO ws_message:game_session{game=SEWEUY player=PlayerId(1)}: phase_server: game submission processed (lock held) game=SEWEUY kind="action" lock_ms=8 ai_actions=0
2026-09-15T12:56:53.774347Z  INFO ws_message:game_session{game=SEWEUY player=PlayerId(0)}: server_core::session: action applied game=SEWEUY player=PlayerId(0) action_type="PassPriority" event_count=1
2026-09-15T12:56:53.776382Z  INFO ws_message:game_session{game=SEWEUY player=PlayerId(0)}: phase_server: game submission processed (lock held) game=SEWEUY kind="action" lock_ms=2 ai_actions=0
2026-09-15T12:56:54.032750Z  INFO ws_message:game_session{game=SEWEUY player=PlayerId(1)}: server_core::session: action applied game=SEWEUY player=PlayerId(1) action_type="PassPriority" event_count=1
2026-09-15T12:56:54.043274Z  INFO ws_message:game_session{game=SEWEUY player=PlayerId(1)}: phase_server: game submission processed (lock held) game=SEWEUY kind="action" lock_ms=17 ai_actions=0
2026-09-15T12:56:54.277462Z  INFO ws_message:game_session{game=SEWEUY player=PlayerId(0)}: server_core::session: action applied game=SEWEUY player=PlayerId(0) action_type="PassPriority" event_count=1
2026-09-15T12:56:54.279525Z  INFO ws_message:game_session{game=SEWEUY player=PlayerId(0)}: phase_server: game submission processed (lock held) game=SEWEUY kind="action" lock_ms=2 ai_actions=0
2026-09-15T12:56:54.532426Z  INFO ws_message:game_session{game=SEWEUY player=PlayerId(1)}: server_core::session: action applied game=SEWEUY player=PlayerId(1) action_type="PassPriority" event_count=1
2026-09-15T12:56:54.535621Z  INFO ws_message:game_session{game=SEWEUY player=PlayerId(1)}: phase_server: game submission processed (lock held) game=SEWEUY kind="action" lock_ms=7 ai_actions=0
2026-09-15T12:56:54.780510Z  INFO ws_message:game_session{game=SEWEUY player=PlayerId(0)}: server_core::session: action applied game=SEWEUY player=PlayerId(0) action_type="PassPriority" event_count=1
2026-09-15T12:56:54.782670Z  INFO ws_message:game_session{game=SEWEUY player=PlayerId(0)}: phase_server: game submission processed (lock held) game=SEWEUY kind="action" lock_ms=4 ai_actions=0
2026-09-15T12:56:55.037535Z  INFO ws_message:game_session{game=SEWEUY player=PlayerId(1)}: server_core::session: action applied game=SEWEUY player=PlayerId(1) action_type="PassPriority" event_count=4
2026-09-15T12:56:55.038651Z  INFO ws_message:game_session{game=SEWEUY player=PlayerId(1)}: phase_server: game submission processed (lock held) game=SEWEUY kind="action" lock_ms=5 ai_actions=0
2026-09-15T12:56:55.285367Z  INFO ws_message:game_session{game=SEWEUY player=PlayerId(1)}: server_core::session: action applied game=SEWEUY player=PlayerId(1) action_type="PassPriority" event_count=1
2026-09-15T12:56:55.288151Z  INFO ws_message:game_session{game=SEWEUY player=PlayerId(1)}: phase_server: game submission processed (lock held) game=SEWEUY kind="action" lock_ms=3 ai_actions=0
2026-09-15T12:56:55.539855Z  INFO ws_message:game_session{game=SEWEUY player=PlayerId(0)}: server_core::session: action applied game=SEWEUY player=PlayerId(0) action_type="PassPriority" event_count=4
2026-09-15T12:56:55.541047Z  INFO ws_message:game_session{game=SEWEUY player=PlayerId(0)}: phase_server: game submission processed (lock held) game=SEWEUY kind="action" lock_ms=6 ai_actions=0
2026-09-15T12:56:55.788029Z  INFO ws_message:game_session{game=SEWEUY player=PlayerId(1)}: server_core::session: action applied game=SEWEUY player=PlayerId(1) action_type="PassPriority" event_count=1
2026-09-15T12:56:55.790819Z  INFO ws_message:game_session{game=SEWEUY player=PlayerId(1)}: phase_server: game submission processed (lock held) game=SEWEUY kind="action" lock_ms=3 ai_actions=0
2026-09-15T12:56:56.038201Z  INFO ws_message:game_session{game=SEWEUY player=PlayerId(0)}: server_core::session: action applied game=SEWEUY player=PlayerId(0) action_type="PassPriority" event_count=1
2026-09-15T12:56:56.073425Z  INFO ws_message:game_session{game=SEWEUY player=PlayerId(0)}: phase_server: game submission processed (lock held) game=SEWEUY kind="action" lock_ms=36 ai_actions=0
2026-09-15T12:56:56.296539Z  INFO ws_message:game_session{game=SEWEUY player=PlayerId(1)}: server_core::session: action applied game=SEWEUY player=PlayerId(1) action_type="PlayLand" event_count=2
2026-09-15T12:56:56.299774Z  INFO ws_message:game_session{game=SEWEUY player=PlayerId(1)}: phase_server: game submission processed (lock held) game=SEWEUY kind="action" lock_ms=11 ai_actions=0
2026-09-15T12:56:56.542849Z  INFO ws_message:game_session{game=SEWEUY player=PlayerId(1)}: server_core::session: action applied game=SEWEUY player=PlayerId(1) action_type="PassPriority" event_count=1
2026-09-15T12:56:56.547157Z  INFO ws_message:game_session{game=SEWEUY player=PlayerId(1)}: phase_server: game submission processed (lock held) game=SEWEUY kind="action" lock_ms=7 ai_actions=0
2026-09-15T12:56:56.791545Z  INFO ws_message:game_session{game=SEWEUY player=PlayerId(0)}: server_core::session: action applied game=SEWEUY player=PlayerId(0) action_type="PassPriority" event_count=1
2026-09-15T12:56:56.793889Z  INFO ws_message:game_session{game=SEWEUY player=PlayerId(0)}: phase_server: game submission processed (lock held) game=SEWEUY kind="action" lock_ms=3 ai_actions=0
2026-09-15T12:56:57.045157Z  INFO ws_message:game_session{game=SEWEUY player=PlayerId(1)}: server_core::session: action applied game=SEWEUY player=PlayerId(1) action_type="PassPriority" event_count=1
2026-09-15T12:56:57.048424Z  INFO ws_message:game_session{game=SEWEUY player=PlayerId(1)}: phase_server: game submission processed (lock held) game=SEWEUY kind="action" lock_ms=5 ai_actions=0
2026-09-15T12:56:57.298448Z  INFO ws_message:game_session{game=SEWEUY player=PlayerId(0)}: server_core::session: action applied game=SEWEUY player=PlayerId(0) action_type="PassPriority" event_count=3
2026-09-15T12:56:57.303143Z  INFO ws_message:game_session{game=SEWEUY player=PlayerId(0)}: phase_server: game submission processed (lock held) game=SEWEUY kind="action" lock_ms=9 ai_actions=0
2026-09-15T12:56:57.547941Z  INFO ws_message:game_session{game=SEWEUY player=PlayerId(1)}: server_core::session: action applied game=SEWEUY player=PlayerId(1) action_type="PassPriority" event_count=1
2026-09-15T12:56:57.550681Z  INFO ws_message:game_session{game=SEWEUY player=PlayerId(1)}: phase_server: game submission processed (lock held) game=SEWEUY kind="action" lock_ms=4 ai_actions=0
2026-09-15T12:56:57.801374Z  INFO ws_message:game_session{game=SEWEUY player=PlayerId(0)}: server_core::session: action applied game=SEWEUY player=PlayerId(0) action_type="PassPriority" event_count=1
2026-09-15T12:56:57.804038Z  INFO ws_message:game_session{game=SEWEUY player=PlayerId(0)}: phase_server: game submission processed (lock held) game=SEWEUY kind="action" lock_ms=6 ai_actions=0
2026-09-15T12:56:58.052951Z  INFO ws_message:game_session{game=SEWEUY player=PlayerId(1)}: server_core::session: action applied game=SEWEUY player=PlayerId(1) action_type="PassPriority" event_count=1
2026-09-15T12:56:58.056677Z  INFO ws_message:game_session{game=SEWEUY player=PlayerId(1)}: phase_server: game submission processed (lock held) game=SEWEUY kind="action" lock_ms=5 ai_actions=0
2026-09-15T12:56:58.307226Z  INFO ws_message:game_session{game=SEWEUY player=PlayerId(0)}: server_core::session: action applied game=SEWEUY player=PlayerId(0) action_type="PassPriority" event_count=1
2026-09-15T12:56:58.314778Z  INFO ws_message:game_session{game=SEWEUY player=PlayerId(0)}: phase_server: game submission processed (lock held) game=SEWEUY kind="action" lock_ms=14 ai_actions=0
2026-09-15T12:56:58.555678Z  INFO ws_message:game_session{game=SEWEUY player=PlayerId(1)}: server_core::session: action applied game=SEWEUY player=PlayerId(1) action_type="PassPriority" event_count=1
2026-09-15T12:56:58.559065Z  INFO ws_message:game_session{game=SEWEUY player=PlayerId(1)}: phase_server: game submission processed (lock held) game=SEWEUY kind="action" lock_ms=4 ai_actions=0
2026-09-15T12:56:58.811443Z  INFO ws_message:game_session{game=SEWEUY player=PlayerId(0)}: server_core::session: action applied game=SEWEUY player=PlayerId(0) action_type="PassPriority" event_count=4
2026-09-15T12:56:58.815383Z  INFO ws_message:game_session{game=SEWEUY player=PlayerId(0)}: phase_server: game submission processed (lock held) game=SEWEUY kind="action" lock_ms=10 ai_actions=0
2026-09-15T12:56:59.057535Z  INFO ws_message:game_session{game=SEWEUY player=PlayerId(0)}: server_core::session: action applied game=SEWEUY player=PlayerId(0) action_type="PassPriority" event_count=1
2026-09-15T12:56:59.067423Z  INFO ws_message:game_session{game=SEWEUY player=PlayerId(0)}: phase_server: game submission processed (lock held) game=SEWEUY kind="action" lock_ms=10 ai_actions=0
2026-09-15T12:56:59.316336Z  INFO ws_message:game_session{game=SEWEUY player=PlayerId(1)}: server_core::session: action applied game=SEWEUY player=PlayerId(1) action_type="PassPriority" event_count=4
2026-09-15T12:56:59.318277Z  INFO ws_message:game_session{game=SEWEUY player=PlayerId(1)}: phase_server: game submission processed (lock held) game=SEWEUY kind="action" lock_ms=7 ai_actions=0
2026-09-15T12:56:59.562624Z  INFO ws_message:game_session{game=SEWEUY player=PlayerId(0)}: server_core::session: action applied game=SEWEUY player=PlayerId(0) action_type="PassPriority" event_count=1
2026-09-15T12:56:59.565277Z  INFO ws_message:game_session{game=SEWEUY player=PlayerId(0)}: phase_server: game submission processed (lock held) game=SEWEUY kind="action" lock_ms=3 ai_actions=0
2026-09-15T12:56:59.815248Z  INFO ws_message:game_session{game=SEWEUY player=PlayerId(1)}: server_core::session: action applied game=SEWEUY player=PlayerId(1) action_type="PassPriority" event_count=1
2026-09-15T12:56:59.852162Z  INFO ws_message:game_session{game=SEWEUY player=PlayerId(1)}: phase_server: game submission processed (lock held) game=SEWEUY kind="action" lock_ms=38 ai_actions=0
2026-09-15T12:57:00.068659Z  INFO ws_message:game_session{game=SEWEUY player=PlayerId(0)}: server_core::session: action applied game=SEWEUY player=PlayerId(0) action_type="PlayLand" event_count=2
2026-09-15T12:57:00.088784Z  INFO ws_message:game_session{game=SEWEUY player=PlayerId(0)}: phase_server: game submission processed (lock held) game=SEWEUY kind="action" lock_ms=24 ai_actions=0
2026-09-15T12:57:00.317723Z  INFO ws_message:game_session{game=SEWEUY player=PlayerId(0)}: server_core::session: action applied game=SEWEUY player=PlayerId(0) action_type="PassPriority" event_count=1
2026-09-15T12:57:00.320108Z  INFO ws_message:game_session{game=SEWEUY player=PlayerId(0)}: phase_server: game submission processed (lock held) game=SEWEUY kind="action" lock_ms=4 ai_actions=0
2026-09-15T12:57:00.568507Z  INFO ws_message:game_session{game=SEWEUY player=PlayerId(1)}: server_core::session: action applied game=SEWEUY player=PlayerId(1) action_type="PassPriority" event_count=1
2026-09-15T12:57:00.572229Z  INFO ws_message:game_session{game=SEWEUY player=PlayerId(1)}: phase_server: game submission processed (lock held) game=SEWEUY kind="action" lock_ms=5 ai_actions=0
2026-09-15T12:57:00.821461Z  INFO ws_message:game_session{game=SEWEUY player=PlayerId(0)}: server_core::session: action applied game=SEWEUY player=PlayerId(0) action_type="PassPriority" event_count=1
2026-09-15T12:57:00.823996Z  INFO ws_message:game_session{game=SEWEUY player=PlayerId(0)}: phase_server: game submission processed (lock held) game=SEWEUY kind="action" lock_ms=4 ai_actions=0
2026-09-15T12:57:01.076047Z  INFO ws_message:game_session{game=SEWEUY player=PlayerId(1)}: server_core::session: action applied game=SEWEUY player=PlayerId(1) action_type="PassPriority" event_count=3
2026-09-15T12:57:01.080766Z  INFO ws_message:game_session{game=SEWEUY player=PlayerId(1)}: phase_server: game submission processed (lock held) game=SEWEUY kind="action" lock_ms=9 ai_actions=0
2026-09-15T12:57:01.324609Z  INFO ws_message:game_session{game=SEWEUY player=PlayerId(0)}: server_core::session: action applied game=SEWEUY player=PlayerId(0) action_type="PassPriority" event_count=1
2026-09-15T12:57:01.326921Z  INFO ws_message:game_session{game=SEWEUY player=PlayerId(0)}: phase_server: game submission processed (lock held) game=SEWEUY kind="action" lock_ms=4 ai_actions=0
2026-09-15T12:57:01.584305Z  INFO ws_message:game_session{game=SEWEUY player=PlayerId(1)}: server_core::session: action applied game=SEWEUY player=PlayerId(1) action_type="PassPriority" event_count=1
2026-09-15T12:57:01.623044Z  INFO ws_message:game_session{game=SEWEUY player=PlayerId(1)}: phase_server: game submission processed (lock held) game=SEWEUY kind="action" lock_ms=47 ai_actions=0
2026-09-15T12:57:01.830162Z  INFO ws_message:game_session{game=SEWEUY player=PlayerId(0)}: server_core::session: action applied game=SEWEUY player=PlayerId(0) action_type="PassPriority" event_count=1
2026-09-15T12:57:01.832937Z  INFO ws_message:game_session{game=SEWEUY player=PlayerId(0)}: phase_server: game submission processed (lock held) game=SEWEUY kind="action" lock_ms=6 ai_actions=0
2026-09-15T12:57:02.083504Z  INFO ws_message:game_session{game=SEWEUY player=PlayerId(1)}: server_core::session: action applied game=SEWEUY player=PlayerId(1) action_type="PassPriority" event_count=1
2026-09-15T12:57:02.087366Z  INFO ws_message:game_session{game=SEWEUY player=PlayerId(1)}: phase_server: game submission processed (lock held) game=SEWEUY kind="action" lock_ms=7 ai_actions=0
2026-09-15T12:57:02.329185Z  INFO ws_message:game_session{game=SEWEUY player=PlayerId(0)}: server_core::session: action applied game=SEWEUY player=PlayerId(0) action_type="PassPriority" event_count=1
2026-09-15T12:57:02.331888Z  INFO ws_message:game_session{game=SEWEUY player=PlayerId(0)}: phase_server: game submission processed (lock held) game=SEWEUY kind="action" lock_ms=3 ai_actions=0
2026-09-15T12:57:02.588039Z  INFO ws_message:game_session{game=SEWEUY player=PlayerId(1)}: server_core::session: action applied game=SEWEUY player=PlayerId(1) action_type="PassPriority" event_count=4
2026-09-15T12:57:02.589442Z  INFO ws_message:game_session{game=SEWEUY player=PlayerId(1)}: phase_server: game submission processed (lock held) game=SEWEUY kind="action" lock_ms=7 ai_actions=0
2026-09-15T12:57:02.834184Z  INFO ws_message:game_session{game=SEWEUY player=PlayerId(1)}: server_core::session: action applied game=SEWEUY player=PlayerId(1) action_type="PassPriority" event_count=1
2026-09-15T12:57:02.837643Z  INFO ws_message:game_session{game=SEWEUY player=PlayerId(1)}: phase_server: game submission processed (lock held) game=SEWEUY kind="action" lock_ms=4 ai_actions=0
2026-09-15T12:57:03.086377Z  INFO ws_message:game_session{game=SEWEUY player=PlayerId(0)}: server_core::session: action applied game=SEWEUY player=PlayerId(0) action_type="PassPriority" event_count=4
2026-09-15T12:57:03.088361Z  INFO ws_message:game_session{game=SEWEUY player=PlayerId(0)}: phase_server: game submission processed (lock held) game=SEWEUY kind="action" lock_ms=7 ai_actions=0
2026-09-15T12:57:03.336412Z  INFO ws_message:game_session{game=SEWEUY player=PlayerId(1)}: server_core::session: action applied game=SEWEUY player=PlayerId(1) action_type="PassPriority" event_count=1
2026-09-15T12:57:03.339678Z  INFO ws_message:game_session{game=SEWEUY player=PlayerId(1)}: phase_server: game submission processed (lock held) game=SEWEUY kind="action" lock_ms=4 ai_actions=0
2026-09-15T12:57:03.586465Z  INFO ws_message:game_session{game=SEWEUY player=PlayerId(0)}: server_core::session: action applied game=SEWEUY player=PlayerId(0) action_type="PassPriority" event_count=1
2026-09-15T12:57:03.620786Z  INFO ws_message:game_session{game=SEWEUY player=PlayerId(0)}: phase_server: game submission processed (lock held) game=SEWEUY kind="action" lock_ms=35 ai_actions=0
2026-09-15T12:57:03.842112Z  INFO ws_message:game_session{game=SEWEUY player=PlayerId(1)}: server_core::session: action applied game=SEWEUY player=PlayerId(1) action_type="PlayLand" event_count=2
2026-09-15T12:57:03.845154Z  INFO ws_message:game_session{game=SEWEUY player=PlayerId(1)}: phase_server: game submission processed (lock held) game=SEWEUY kind="action" lock_ms=7 ai_actions=0
2026-09-15T12:57:04.090713Z  INFO ws_message:game_session{game=SEWEUY player=PlayerId(1)}: server_core::session: action applied game=SEWEUY player=PlayerId(1) action_type="PassPriority" event_count=1
2026-09-15T12:57:04.094105Z  INFO ws_message:game_session{game=SEWEUY player=PlayerId(1)}: phase_server: game submission processed (lock held) game=SEWEUY kind="action" lock_ms=5 ai_actions=0
2026-09-15T12:57:04.341922Z  INFO ws_message:game_session{game=SEWEUY player=PlayerId(0)}: server_core::session: action applied game=SEWEUY player=PlayerId(0) action_type="PassPriority" event_count=1
2026-09-15T12:57:04.344801Z  INFO ws_message:game_session{game=SEWEUY player=PlayerId(0)}: phase_server: game submission processed (lock held) game=SEWEUY kind="action" lock_ms=4 ai_actions=0
2026-09-15T12:57:04.594273Z  INFO ws_message:game_session{game=SEWEUY player=PlayerId(1)}: server_core::session: action applied game=SEWEUY player=PlayerId(1) action_type="PassPriority" event_count=1
2026-09-15T12:57:04.597555Z  INFO ws_message:game_session{game=SEWEUY player=PlayerId(1)}: phase_server: game submission processed (lock held) game=SEWEUY kind="action" lock_ms=5 ai_actions=0
2026-09-15T12:57:04.848017Z  INFO ws_message:game_session{game=SEWEUY player=PlayerId(0)}: server_core::session: action applied game=SEWEUY player=PlayerId(0) action_type="PassPriority" event_count=3
2026-09-15T12:57:04.853613Z  INFO ws_message:game_session{game=SEWEUY player=PlayerId(0)}: phase_server: game submission processed (lock held) game=SEWEUY kind="action" lock_ms=10 ai_actions=0
2026-09-15T12:57:05.097241Z  INFO ws_message:game_session{game=SEWEUY player=PlayerId(1)}: server_core::session: action applied game=SEWEUY player=PlayerId(1) action_type="PassPriority" event_count=1
2026-09-15T12:57:05.100811Z  INFO ws_message:game_session{game=SEWEUY player=PlayerId(1)}: phase_server: game submission processed (lock held) game=SEWEUY kind="action" lock_ms=5 ai_actions=0
2026-09-15T12:57:05.349816Z  INFO ws_message:game_session{game=SEWEUY player=PlayerId(0)}: server_core::session: action applied game=SEWEUY player=PlayerId(0) action_type="PassPriority" event_count=1
2026-09-15T12:57:05.352632Z  INFO ws_message:game_session{game=SEWEUY player=PlayerId(0)}: phase_server: game submission processed (lock held) game=SEWEUY kind="action" lock_ms=7 ai_actions=0
2026-09-15T12:57:05.599329Z  INFO ws_message:game_session{game=SEWEUY player=PlayerId(1)}: server_core::session: action applied game=SEWEUY player=PlayerId(1) action_type="PassPriority" event_count=1
2026-09-15T12:57:05.602908Z  INFO ws_message:game_session{game=SEWEUY player=PlayerId(1)}: phase_server: game submission processed (lock held) game=SEWEUY kind="action" lock_ms=5 ai_actions=0
2026-09-15T12:57:05.852466Z  INFO ws_message:game_session{game=SEWEUY player=PlayerId(0)}: server_core::session: action applied game=SEWEUY player=PlayerId(0) action_type="PassPriority" event_count=1
2026-09-15T12:57:05.855264Z  INFO ws_message:game_session{game=SEWEUY player=PlayerId(0)}: phase_server: game submission processed (lock held) game=SEWEUY kind="action" lock_ms=7 ai_actions=0
2026-09-15T12:57:06.102525Z  INFO ws_message:game_session{game=SEWEUY player=PlayerId(1)}: server_core::session: action applied game=SEWEUY player=PlayerId(1) action_type="PassPriority" event_count=1
2026-09-15T12:57:06.105847Z  INFO ws_message:game_session{game=SEWEUY player=PlayerId(1)}: phase_server: game submission processed (lock held) game=SEWEUY kind="action" lock_ms=4 ai_actions=0
2026-09-15T12:57:06.356356Z  INFO ws_message:game_session{game=SEWEUY player=PlayerId(0)}: server_core::session: action applied game=SEWEUY player=PlayerId(0) action_type="PassPriority" event_count=4
2026-09-15T12:57:06.358442Z  INFO ws_message:game_session{game=SEWEUY player=PlayerId(0)}: phase_server: game submission processed (lock held) game=SEWEUY kind="action" lock_ms=6 ai_actions=0
2026-09-15T12:57:06.604593Z  INFO ws_message:game_session{game=SEWEUY player=PlayerId(0)}: server_core::session: action applied game=SEWEUY player=PlayerId(0) action_type="PassPriority" event_count=1
2026-09-15T12:57:06.607819Z  INFO ws_message:game_session{game=SEWEUY player=PlayerId(0)}: phase_server: game submission processed (lock held) game=SEWEUY kind="action" lock_ms=4 ai_actions=0
2026-09-15T12:57:06.860692Z  INFO ws_message:game_session{game=SEWEUY player=PlayerId(1)}: server_core::session: action applied game=SEWEUY player=PlayerId(1) action_type="PassPriority" event_count=4
2026-09-15T12:57:06.863422Z  INFO ws_message:game_session{game=SEWEUY player=PlayerId(1)}: phase_server: game submission processed (lock held) game=SEWEUY kind="action" lock_ms=8 ai_actions=0
2026-09-15T12:57:07.108896Z  INFO ws_message:game_session{game=SEWEUY player=PlayerId(0)}: server_core::session: action applied game=SEWEUY player=PlayerId(0) action_type="PassPriority" event_count=1
2026-09-15T12:57:07.112515Z  INFO ws_message:game_session{game=SEWEUY player=PlayerId(0)}: phase_server: game submission processed (lock held) game=SEWEUY kind="action" lock_ms=5 ai_actions=0
2026-09-15T12:57:07.361394Z  INFO ws_message:game_session{game=SEWEUY player=PlayerId(1)}: server_core::session: action applied game=SEWEUY player=PlayerId(1) action_type="PassPriority" event_count=1
2026-09-15T12:57:07.397759Z  INFO ws_message:game_session{game=SEWEUY player=PlayerId(1)}: phase_server: game submission processed (lock held) game=SEWEUY kind="action" lock_ms=37 ai_actions=0
2026-09-15T12:57:07.615308Z  INFO ws_message:game_session{game=SEWEUY player=PlayerId(0)}: server_core::session: action applied game=SEWEUY player=PlayerId(0) action_type="PlayLand" event_count=2
2026-09-15T12:57:07.627295Z  INFO ws_message:game_session{game=SEWEUY player=PlayerId(0)}: phase_server: game submission processed (lock held) game=SEWEUY kind="action" lock_ms=16 ai_actions=0
2026-09-15T12:57:07.950979Z  INFO ws_message:game_session{game=SEWEUY player=PlayerId(0)}: server_core::session: action applied game=SEWEUY player=PlayerId(0) action_type="CastSpell" event_count=16
2026-09-15T12:57:07.955151Z  INFO ws_message:game_session{game=SEWEUY player=PlayerId(0)}: phase_server: game submission processed (lock held) game=SEWEUY kind="action" lock_ms=18 ai_actions=0
2026-09-15T12:57:08.192012Z  INFO ws_message:game_session{game=SEWEUY player=PlayerId(0)}: server_core::session: action applied game=SEWEUY player=PlayerId(0) action_type="PassPriority" event_count=1
2026-09-15T12:57:08.197226Z  INFO ws_message:game_session{game=SEWEUY player=PlayerId(0)}: phase_server: game submission processed (lock held) game=SEWEUY kind="action" lock_ms=7 ai_actions=0
2026-09-15T12:57:08.367897Z  INFO ws_message:game_session{game=SEWEUY player=PlayerId(1)}: server_core::session: action applied game=SEWEUY player=PlayerId(1) action_type="PassPriority" event_count=6
2026-09-15T12:57:08.371285Z  INFO ws_message:game_session{game=SEWEUY player=PlayerId(1)}: phase_server: game submission processed (lock held) game=SEWEUY kind="action" lock_ms=6 ai_actions=0
2026-09-15T12:57:08.763600Z  INFO ws_message:game_session{game=SEWEUY player=PlayerId(0)}: server_core::session: action applied game=SEWEUY player=PlayerId(0) action_type="PassPriority" event_count=1
2026-09-15T12:57:08.767081Z  INFO ws_message:game_session{game=SEWEUY player=PlayerId(0)}: phase_server: game submission processed (lock held) game=SEWEUY kind="action" lock_ms=5 ai_actions=0
2026-09-15T12:57:08.869530Z  INFO ws_message:game_session{game=SEWEUY player=PlayerId(1)}: server_core::session: action applied game=SEWEUY player=PlayerId(1) action_type="PassPriority" event_count=1
2026-09-15T12:57:08.871861Z  INFO ws_message:game_session{game=SEWEUY player=PlayerId(1)}: phase_server: game submission processed (lock held) game=SEWEUY kind="action" lock_ms=4 ai_actions=0
2026-09-15T12:57:09.015505Z  INFO ws_message:game_session{game=SEWEUY player=PlayerId(0)}: server_core::session: action applied game=SEWEUY player=PlayerId(0) action_type="PassPriority" event_count=1
2026-09-15T12:57:09.019485Z  INFO ws_message:game_session{game=SEWEUY player=PlayerId(0)}: phase_server: game submission processed (lock held) game=SEWEUY kind="action" lock_ms=5 ai_actions=0
2026-09-15T12:57:09.124436Z  INFO ws_message:game_session{game=SEWEUY player=PlayerId(1)}: server_core::session: action applied game=SEWEUY player=PlayerId(1) action_type="PassPriority" event_count=3
2026-09-15T12:57:09.126834Z  INFO ws_message:game_session{game=SEWEUY player=PlayerId(1)}: phase_server: game submission processed (lock held) game=SEWEUY kind="action" lock_ms=8 ai_actions=0
2026-09-15T12:57:09.266962Z  INFO ws_message:game_session{game=SEWEUY player=PlayerId(0)}: server_core::session: action applied game=SEWEUY player=PlayerId(0) action_type="PassPriority" event_count=1
2026-09-15T12:57:09.270530Z  INFO ws_message:game_session{game=SEWEUY player=PlayerId(0)}: phase_server: game submission processed (lock held) game=SEWEUY kind="action" lock_ms=5 ai_actions=0
2026-09-15T12:57:09.374910Z  INFO ws_message:game_session{game=SEWEUY player=PlayerId(1)}: server_core::session: action applied game=SEWEUY player=PlayerId(1) action_type="PassPriority" event_count=1
2026-09-15T12:57:09.378590Z  INFO ws_message:game_session{game=SEWEUY player=PlayerId(1)}: phase_server: game submission processed (lock held) game=SEWEUY kind="action" lock_ms=8 ai_actions=0
2026-09-15T12:57:09.518935Z  INFO ws_message:game_session{game=SEWEUY player=PlayerId(0)}: server_core::session: action applied game=SEWEUY player=PlayerId(0) action_type="PassPriority" event_count=1
2026-09-15T12:57:09.522216Z  INFO ws_message:game_session{game=SEWEUY player=PlayerId(0)}: phase_server: game submission processed (lock held) game=SEWEUY kind="action" lock_ms=4 ai_actions=0
2026-09-15T12:57:09.628700Z  INFO ws_message:game_session{game=SEWEUY player=PlayerId(1)}: server_core::session: action applied game=SEWEUY player=PlayerId(1) action_type="PassPriority" event_count=1
2026-09-15T12:57:09.634165Z  INFO ws_message:game_session{game=SEWEUY player=PlayerId(1)}: phase_server: game submission processed (lock held) game=SEWEUY kind="action" lock_ms=10 ai_actions=0
2026-09-15T12:57:09.771860Z  INFO ws_message:game_session{game=SEWEUY player=PlayerId(0)}: server_core::session: action applied game=SEWEUY player=PlayerId(0) action_type="PassPriority" event_count=1
2026-09-15T12:57:09.778675Z  INFO ws_message:game_session{game=SEWEUY player=PlayerId(0)}: phase_server: game submission processed (lock held) game=SEWEUY kind="action" lock_ms=9 ai_actions=0
2026-09-15T12:57:09.882673Z  INFO ws_message:game_session{game=SEWEUY player=PlayerId(1)}: server_core::session: action applied game=SEWEUY player=PlayerId(1) action_type="PassPriority" event_count=4
2026-09-15T12:57:09.884274Z  INFO ws_message:game_session{game=SEWEUY player=PlayerId(1)}: phase_server: game submission processed (lock held) game=SEWEUY kind="action" lock_ms=7 ai_actions=0
2026-09-15T12:57:10.130053Z  INFO ws_message:game_session{game=SEWEUY player=PlayerId(1)}: server_core::session: action applied game=SEWEUY player=PlayerId(1) action_type="PassPriority" event_count=1
2026-09-15T12:57:10.132587Z  INFO ws_message:game_session{game=SEWEUY player=PlayerId(1)}: phase_server: game submission processed (lock held) game=SEWEUY kind="action" lock_ms=4 ai_actions=0
2026-09-15T12:57:10.279088Z  INFO ws_message:game_session{game=SEWEUY player=PlayerId(0)}: server_core::session: action applied game=SEWEUY player=PlayerId(0) action_type="PassPriority" event_count=4
2026-09-15T12:57:10.281323Z  INFO ws_message:game_session{game=SEWEUY player=PlayerId(0)}: phase_server: game submission processed (lock held) game=SEWEUY kind="action" lock_ms=7 ai_actions=0
2026-09-15T12:57:10.383407Z  INFO ws_message:game_session{game=SEWEUY player=PlayerId(1)}: server_core::session: action applied game=SEWEUY player=PlayerId(1) action_type="PassPriority" event_count=1
2026-09-15T12:57:10.385641Z  INFO ws_message:game_session{game=SEWEUY player=PlayerId(1)}: phase_server: game submission processed (lock held) game=SEWEUY kind="action" lock_ms=4 ai_actions=0
2026-09-15T12:57:10.530438Z  INFO ws_message:game_session{game=SEWEUY player=PlayerId(0)}: server_core::session: action applied game=SEWEUY player=PlayerId(0) action_type="PassPriority" event_count=1
2026-09-15T12:57:10.565426Z  INFO ws_message:game_session{game=SEWEUY player=PlayerId(0)}: phase_server: game submission processed (lock held) game=SEWEUY kind="action" lock_ms=36 ai_actions=0
2026-09-15T12:57:10.893217Z  INFO ws_message:game_session{game=SEWEUY player=PlayerId(1)}: server_core::session: action applied game=SEWEUY player=PlayerId(1) action_type="PlayLand" event_count=2
2026-09-15T12:57:10.899631Z  INFO ws_message:game_session{game=SEWEUY player=PlayerId(1)}: phase_server: game submission processed (lock held) game=SEWEUY kind="action" lock_ms=13 ai_actions=0
2026-09-15T12:57:11.140663Z  INFO ws_message:game_session{game=SEWEUY player=PlayerId(1)}: server_core::session: action applied game=SEWEUY player=PlayerId(1) action_type="PassPriority" event_count=1
2026-09-15T12:57:11.142896Z  INFO ws_message:game_session{game=SEWEUY player=PlayerId(1)}: phase_server: game submission processed (lock held) game=SEWEUY kind="action" lock_ms=5 ai_actions=0
2026-09-15T12:57:11.284878Z  INFO ws_message:game_session{game=SEWEUY player=PlayerId(0)}: server_core::session: action applied game=SEWEUY player=PlayerId(0) action_type="PassPriority" event_count=1
2026-09-15T12:57:11.290978Z  INFO ws_message:game_session{game=SEWEUY player=PlayerId(0)}: phase_server: game submission processed (lock held) game=SEWEUY kind="action" lock_ms=8 ai_actions=0
2026-09-15T12:57:11.392528Z  INFO ws_message:game_session{game=SEWEUY player=PlayerId(1)}: server_core::session: action applied game=SEWEUY player=PlayerId(1) action_type="PassPriority" event_count=1
2026-09-15T12:57:11.394869Z  INFO ws_message:game_session{game=SEWEUY player=PlayerId(1)}: phase_server: game submission processed (lock held) game=SEWEUY kind="action" lock_ms=4 ai_actions=0
2026-09-15T12:57:11.539059Z  INFO ws_message:game_session{game=SEWEUY player=PlayerId(0)}: server_core::session: action applied game=SEWEUY player=PlayerId(0) action_type="PassPriority" event_count=3
2026-09-15T12:57:11.543111Z  INFO ws_message:game_session{game=SEWEUY player=PlayerId(0)}: phase_server: game submission processed (lock held) game=SEWEUY kind="action" lock_ms=8 ai_actions=0
2026-09-15T12:57:11.655989Z  INFO ws_message:game_session{game=SEWEUY player=PlayerId(1)}: server_core::session: action applied game=SEWEUY player=PlayerId(1) action_type="PassPriority" event_count=1
2026-09-15T12:57:11.669308Z  INFO ws_message:game_session{game=SEWEUY player=PlayerId(1)}: phase_server: game submission processed (lock held) game=SEWEUY kind="action" lock_ms=23 ai_actions=0
2026-09-15T12:57:11.789840Z  INFO ws_message:game_session{game=SEWEUY player=PlayerId(0)}: server_core::session: action applied game=SEWEUY player=PlayerId(0) action_type="PassPriority" event_count=1
2026-09-15T12:57:11.794152Z  INFO ws_message:game_session{game=SEWEUY player=PlayerId(0)}: phase_server: game submission processed (lock held) game=SEWEUY kind="action" lock_ms=8 ai_actions=0
2026-09-15T12:57:11.900013Z  INFO ws_message:game_session{game=SEWEUY player=PlayerId(1)}: server_core::session: action applied game=SEWEUY player=PlayerId(1) action_type="PassPriority" event_count=1
2026-09-15T12:57:11.902260Z  INFO ws_message:game_session{game=SEWEUY player=PlayerId(1)}: phase_server: game submission processed (lock held) game=SEWEUY kind="action" lock_ms=4 ai_actions=0
2026-09-15T12:57:12.041406Z  INFO ws_message:game_session{game=SEWEUY player=PlayerId(0)}: server_core::session: action applied game=SEWEUY player=PlayerId(0) action_type="PassPriority" event_count=1
2026-09-15T12:57:12.047015Z  INFO ws_message:game_session{game=SEWEUY player=PlayerId(0)}: phase_server: game submission processed (lock held) game=SEWEUY kind="action" lock_ms=9 ai_actions=0
2026-09-15T12:57:12.150704Z  INFO ws_message:game_session{game=SEWEUY player=PlayerId(1)}: server_core::session: action applied game=SEWEUY player=PlayerId(1) action_type="PassPriority" event_count=1
2026-09-15T12:57:12.152867Z  INFO ws_message:game_session{game=SEWEUY player=PlayerId(1)}: phase_server: game submission processed (lock held) game=SEWEUY kind="action" lock_ms=4 ai_actions=0
2026-09-15T12:57:12.294398Z  INFO ws_message:game_session{game=SEWEUY player=PlayerId(0)}: server_core::session: action applied game=SEWEUY player=PlayerId(0) action_type="PassPriority" event_count=7
2026-09-15T12:57:12.303182Z  INFO ws_message:game_session{game=SEWEUY player=PlayerId(0)}: phase_server: game submission processed (lock held) game=SEWEUY kind="action" lock_ms=13 ai_actions=0
2026-09-15T12:57:12.542403Z  INFO ws_message:game_session{game=SEWEUY player=PlayerId(0)}: server_core::session: action applied game=SEWEUY player=PlayerId(0) action_type="PassPriority" event_count=1
2026-09-15T12:57:12.547837Z  INFO ws_message:game_session{game=SEWEUY player=PlayerId(0)}: phase_server: game submission processed (lock held) game=SEWEUY kind="action" lock_ms=7 ai_actions=0
2026-09-15T12:57:12.657707Z  INFO ws_message:game_session{game=SEWEUY player=PlayerId(1)}: server_core::session: action applied game=SEWEUY player=PlayerId(1) action_type="PassPriority" event_count=4
2026-09-15T12:57:12.659499Z  INFO ws_message:game_session{game=SEWEUY player=PlayerId(1)}: phase_server: game submission processed (lock held) game=SEWEUY kind="action" lock_ms=7 ai_actions=0
2026-09-15T12:57:12.793940Z  INFO ws_message:game_session{game=SEWEUY player=PlayerId(0)}: server_core::session: action applied game=SEWEUY player=PlayerId(0) action_type="PassPriority" event_count=1
2026-09-15T12:57:12.797582Z  INFO ws_message:game_session{game=SEWEUY player=PlayerId(0)}: phase_server: game submission processed (lock held) game=SEWEUY kind="action" lock_ms=5 ai_actions=0
2026-09-15T12:57:12.905898Z  INFO ws_message:game_session{game=SEWEUY player=PlayerId(1)}: server_core::session: action applied game=SEWEUY player=PlayerId(1) action_type="PassPriority" event_count=1
2026-09-15T12:57:12.925507Z  INFO ws_message:game_session{game=SEWEUY player=PlayerId(1)}: phase_server: game submission processed (lock held) game=SEWEUY kind="action" lock_ms=21 ai_actions=0
2026-09-15T12:57:13.109070Z  INFO ws_message:game_session{game=SEWEUY player=PlayerId(0)}: server_core::session: action applied game=SEWEUY player=PlayerId(0) action_type="CastSpell" event_count=16
2026-09-15T12:57:13.110706Z  INFO ws_message:game_session{game=SEWEUY player=PlayerId(0)}: phase_server: game submission processed (lock held) game=SEWEUY kind="action" lock_ms=8 ai_actions=0
2026-09-15T12:57:13.359063Z  INFO ws_message:game_session{game=SEWEUY player=PlayerId(0)}: server_core::session: action applied game=SEWEUY player=PlayerId(0) action_type="PassPriority" event_count=1
2026-09-15T12:57:13.363856Z  INFO ws_message:game_session{game=SEWEUY player=PlayerId(0)}: phase_server: game submission processed (lock held) game=SEWEUY kind="action" lock_ms=9 ai_actions=0
2026-09-15T12:57:13.409372Z  INFO ws_message:game_session{game=SEWEUY player=PlayerId(1)}: server_core::session: action applied game=SEWEUY player=PlayerId(1) action_type="PassPriority" event_count=6
2026-09-15T12:57:13.427665Z  INFO ws_message:game_session{game=SEWEUY player=PlayerId(1)}: phase_server: game submission processed (lock held) game=SEWEUY kind="action" lock_ms=21 ai_actions=0
2026-09-15T12:57:13.928886Z  INFO ws_message:game_session{game=SEWEUY player=PlayerId(0)}: server_core::session: action applied game=SEWEUY player=PlayerId(0) action_type="PlayLand" event_count=2
2026-09-15T12:57:13.944688Z  INFO ws_message:game_session{game=SEWEUY player=PlayerId(0)}: phase_server: game submission processed (lock held) game=SEWEUY kind="action" lock_ms=22 ai_actions=0
2026-09-15T12:57:14.176215Z  INFO ws_message:game_session{game=SEWEUY player=PlayerId(0)}: server_core::session: action applied game=SEWEUY player=PlayerId(0) action_type="PassPriority" event_count=1
2026-09-15T12:57:14.180565Z  INFO ws_message:game_session{game=SEWEUY player=PlayerId(0)}: phase_server: game submission processed (lock held) game=SEWEUY kind="action" lock_ms=6 ai_actions=0
2026-09-15T12:57:14.429030Z  INFO ws_message:game_session{game=SEWEUY player=PlayerId(1)}: server_core::session: action applied game=SEWEUY player=PlayerId(1) action_type="PassPriority" event_count=1
2026-09-15T12:57:14.432823Z  INFO ws_message:game_session{game=SEWEUY player=PlayerId(1)}: phase_server: game submission processed (lock held) game=SEWEUY kind="action" lock_ms=6 ai_actions=0
2026-09-15T12:57:14.678689Z  INFO ws_message:game_session{game=SEWEUY player=PlayerId(0)}: server_core::session: action applied game=SEWEUY player=PlayerId(0) action_type="PassPriority" event_count=1
2026-09-15T12:57:14.682935Z  INFO ws_message:game_session{game=SEWEUY player=PlayerId(0)}: phase_server: game submission processed (lock held) game=SEWEUY kind="action" lock_ms=6 ai_actions=0
2026-09-15T12:57:14.934115Z  INFO ws_message:game_session{game=SEWEUY player=PlayerId(1)}: server_core::session: action applied game=SEWEUY player=PlayerId(1) action_type="PassPriority" event_count=3
2026-09-15T12:57:14.937368Z  INFO ws_message:game_session{game=SEWEUY player=PlayerId(1)}: phase_server: game submission processed (lock held) game=SEWEUY kind="action" lock_ms=9 ai_actions=0
2026-09-15T12:57:15.181065Z  INFO ws_message:game_session{game=SEWEUY player=PlayerId(0)}: server_core::session: action applied game=SEWEUY player=PlayerId(0) action_type="PassPriority" event_count=1
2026-09-15T12:57:15.188153Z  INFO ws_message:game_session{game=SEWEUY player=PlayerId(0)}: phase_server: game submission processed (lock held) game=SEWEUY kind="action" lock_ms=8 ai_actions=0
2026-09-15T12:57:15.435880Z  INFO ws_message:game_session{game=SEWEUY player=PlayerId(1)}: server_core::session: action applied game=SEWEUY player=PlayerId(1) action_type="PassPriority" event_count=1
2026-09-15T12:57:15.455075Z  INFO ws_message:game_session{game=SEWEUY player=PlayerId(1)}: phase_server: game submission processed (lock held) game=SEWEUY kind="action" lock_ms=24 ai_actions=0
2026-09-15T12:57:15.684381Z  INFO ws_message:game_session{game=SEWEUY player=PlayerId(0)}: server_core::session: action applied game=SEWEUY player=PlayerId(0) action_type="PassPriority" event_count=1
2026-09-15T12:57:15.688732Z  INFO ws_message:game_session{game=SEWEUY player=PlayerId(0)}: phase_server: game submission processed (lock held) game=SEWEUY kind="action" lock_ms=6 ai_actions=0
2026-09-15T12:57:15.948248Z  INFO ws_message:game_session{game=SEWEUY player=PlayerId(1)}: server_core::session: action applied game=SEWEUY player=PlayerId(1) action_type="PassPriority" event_count=1
2026-09-15T12:57:15.952894Z  INFO ws_message:game_session{game=SEWEUY player=PlayerId(1)}: phase_server: game submission processed (lock held) game=SEWEUY kind="action" lock_ms=17 ai_actions=0
2026-09-15T12:57:16.187186Z  INFO ws_message:game_session{game=SEWEUY player=PlayerId(0)}: server_core::session: action applied game=SEWEUY player=PlayerId(0) action_type="PassPriority" event_count=1
2026-09-15T12:57:16.191344Z  INFO ws_message:game_session{game=SEWEUY player=PlayerId(0)}: phase_server: game submission processed (lock held) game=SEWEUY kind="action" lock_ms=7 ai_actions=0
2026-09-15T12:57:16.443199Z  INFO ws_message:game_session{game=SEWEUY player=PlayerId(1)}: server_core::session: action applied game=SEWEUY player=PlayerId(1) action_type="PassPriority" event_count=4
2026-09-15T12:57:16.446185Z  INFO ws_message:game_session{game=SEWEUY player=PlayerId(1)}: phase_server: game submission processed (lock held) game=SEWEUY kind="action" lock_ms=8 ai_actions=0
2026-09-15T12:57:16.693866Z  INFO ws_message:game_session{game=SEWEUY player=PlayerId(1)}: server_core::session: action applied game=SEWEUY player=PlayerId(1) action_type="PassPriority" event_count=1
2026-09-15T12:57:16.697844Z  INFO ws_message:game_session{game=SEWEUY player=PlayerId(1)}: phase_server: game submission processed (lock held) game=SEWEUY kind="action" lock_ms=9 ai_actions=0
2026-09-15T12:57:16.944680Z  INFO ws_message:game_session{game=SEWEUY player=PlayerId(0)}: server_core::session: action applied game=SEWEUY player=PlayerId(0) action_type="PassPriority" event_count=4
2026-09-15T12:57:16.946397Z  INFO ws_message:game_session{game=SEWEUY player=PlayerId(0)}: phase_server: game submission processed (lock held) game=SEWEUY kind="action" lock_ms=7 ai_actions=0
2026-09-15T12:57:17.197995Z  INFO ws_message:game_session{game=SEWEUY player=PlayerId(1)}: server_core::session: action applied game=SEWEUY player=PlayerId(1) action_type="PassPriority" event_count=1
2026-09-15T12:57:17.202008Z  INFO ws_message:game_session{game=SEWEUY player=PlayerId(1)}: phase_server: game submission processed (lock held) game=SEWEUY kind="action" lock_ms=6 ai_actions=0
2026-09-15T12:57:17.445636Z  INFO ws_message:game_session{game=SEWEUY player=PlayerId(0)}: server_core::session: action applied game=SEWEUY player=PlayerId(0) action_type="PassPriority" event_count=1
2026-09-15T12:57:17.482676Z  INFO ws_message:game_session{game=SEWEUY player=PlayerId(0)}: phase_server: game submission processed (lock held) game=SEWEUY kind="action" lock_ms=40 ai_actions=0
2026-09-15T12:57:17.703876Z  INFO ws_message:game_session{game=SEWEUY player=PlayerId(1)}: server_core::session: action applied game=SEWEUY player=PlayerId(1) action_type="PlayLand" event_count=2
2026-09-15T12:57:17.708560Z  INFO ws_message:game_session{game=SEWEUY player=PlayerId(1)}: phase_server: game submission processed (lock held) game=SEWEUY kind="action" lock_ms=9 ai_actions=0
2026-09-15T12:57:17.953254Z  INFO ws_message:game_session{game=SEWEUY player=PlayerId(1)}: server_core::session: action applied game=SEWEUY player=PlayerId(1) action_type="PassPriority" event_count=1
2026-09-15T12:57:17.957054Z  INFO ws_message:game_session{game=SEWEUY player=PlayerId(1)}: phase_server: game submission processed (lock held) game=SEWEUY kind="action" lock_ms=6 ai_actions=0
2026-09-15T12:57:18.199326Z  INFO ws_message:game_session{game=SEWEUY player=PlayerId(0)}: server_core::session: action applied game=SEWEUY player=PlayerId(0) action_type="PassPriority" event_count=1
2026-09-15T12:57:18.204370Z  INFO ws_message:game_session{game=SEWEUY player=PlayerId(0)}: phase_server: game submission processed (lock held) game=SEWEUY kind="action" lock_ms=7 ai_actions=0
2026-09-15T12:57:18.456389Z  INFO ws_message:game_session{game=SEWEUY player=PlayerId(1)}: server_core::session: action applied game=SEWEUY player=PlayerId(1) action_type="PassPriority" event_count=1
2026-09-15T12:57:18.459456Z  INFO ws_message:game_session{game=SEWEUY player=PlayerId(1)}: phase_server: game submission processed (lock held) game=SEWEUY kind="action" lock_ms=6 ai_actions=0
2026-09-15T12:57:18.705412Z  INFO ws_message:game_session{game=SEWEUY player=PlayerId(0)}: server_core::session: action applied game=SEWEUY player=PlayerId(0) action_type="PassPriority" event_count=3
2026-09-15T12:57:18.710237Z  INFO ws_message:game_session{game=SEWEUY player=PlayerId(0)}: phase_server: game submission processed (lock held) game=SEWEUY kind="action" lock_ms=9 ai_actions=0
2026-09-15T12:57:18.959698Z  INFO ws_message:game_session{game=SEWEUY player=PlayerId(1)}: server_core::session: action applied game=SEWEUY player=PlayerId(1) action_type="PassPriority" event_count=1
2026-09-15T12:57:18.962721Z  INFO ws_message:game_session{game=SEWEUY player=PlayerId(1)}: phase_server: game submission processed (lock held) game=SEWEUY kind="action" lock_ms=6 ai_actions=0
2026-09-15T12:57:19.207920Z  INFO ws_message:game_session{game=SEWEUY player=PlayerId(0)}: server_core::session: action applied game=SEWEUY player=PlayerId(0) action_type="PassPriority" event_count=1
2026-09-15T12:57:19.213362Z  INFO ws_message:game_session{game=SEWEUY player=PlayerId(0)}: phase_server: game submission processed (lock held) game=SEWEUY kind="action" lock_ms=10 ai_actions=0
2026-09-15T12:57:19.462241Z  INFO ws_message:game_session{game=SEWEUY player=PlayerId(1)}: server_core::session: action applied game=SEWEUY player=PlayerId(1) action_type="PassPriority" event_count=1
2026-09-15T12:57:19.465243Z  INFO ws_message:game_session{game=SEWEUY player=PlayerId(1)}: phase_server: game submission processed (lock held) game=SEWEUY kind="action" lock_ms=6 ai_actions=0
2026-09-15T12:57:19.710074Z  INFO ws_message:game_session{game=SEWEUY player=PlayerId(0)}: server_core::session: action applied game=SEWEUY player=PlayerId(0) action_type="PassPriority" event_count=1
2026-09-15T12:57:19.714723Z  INFO ws_message:game_session{game=SEWEUY player=PlayerId(0)}: phase_server: game submission processed (lock held) game=SEWEUY kind="action" lock_ms=8 ai_actions=0
2026-09-15T12:57:19.964186Z  INFO ws_message:game_session{game=SEWEUY player=PlayerId(1)}: server_core::session: action applied game=SEWEUY player=PlayerId(1) action_type="PassPriority" event_count=1
2026-09-15T12:57:19.967491Z  INFO ws_message:game_session{game=SEWEUY player=PlayerId(1)}: phase_server: game submission processed (lock held) game=SEWEUY kind="action" lock_ms=5 ai_actions=0
2026-09-15T12:57:20.215054Z  INFO ws_message:game_session{game=SEWEUY player=PlayerId(0)}: server_core::session: action applied game=SEWEUY player=PlayerId(0) action_type="PassPriority" event_count=7
2026-09-15T12:57:20.217931Z  INFO ws_message:game_session{game=SEWEUY player=PlayerId(0)}: phase_server: game submission processed (lock held) game=SEWEUY kind="action" lock_ms=8 ai_actions=0
2026-09-15T12:57:20.463942Z  INFO ws_message:game_session{game=SEWEUY player=PlayerId(0)}: server_core::session: action applied game=SEWEUY player=PlayerId(0) action_type="PassPriority" event_count=1
2026-09-15T12:57:20.468693Z  INFO ws_message:game_session{game=SEWEUY player=PlayerId(0)}: phase_server: game submission processed (lock held) game=SEWEUY kind="action" lock_ms=7 ai_actions=0
2026-09-15T12:57:20.721120Z  INFO ws_message:game_session{game=SEWEUY player=PlayerId(1)}: server_core::session: action applied game=SEWEUY player=PlayerId(1) action_type="PassPriority" event_count=4
2026-09-15T12:57:20.722882Z  INFO ws_message:game_session{game=SEWEUY player=PlayerId(1)}: phase_server: game submission processed (lock held) game=SEWEUY kind="action" lock_ms=7 ai_actions=0
2026-09-15T12:57:20.968449Z  INFO ws_message:game_session{game=SEWEUY player=PlayerId(0)}: server_core::session: action applied game=SEWEUY player=PlayerId(0) action_type="PassPriority" event_count=1
2026-09-15T12:57:20.976524Z  INFO ws_message:game_session{game=SEWEUY player=PlayerId(0)}: phase_server: game submission processed (lock held) game=SEWEUY kind="action" lock_ms=10 ai_actions=0
2026-09-15T12:57:21.220803Z  INFO ws_message:game_session{game=SEWEUY player=PlayerId(1)}: server_core::session: action applied game=SEWEUY player=PlayerId(1) action_type="PassPriority" event_count=1
2026-09-15T12:57:21.239254Z  INFO ws_message:game_session{game=SEWEUY player=PlayerId(1)}: phase_server: game submission processed (lock held) game=SEWEUY kind="action" lock_ms=20 ai_actions=0
2026-09-15T12:57:21.554062Z  INFO ws_message:game_session{game=SEWEUY player=PlayerId(0)}: server_core::session: action applied game=SEWEUY player=PlayerId(0) action_type="CastSpell" event_count=16
2026-09-15T12:57:21.556153Z  INFO ws_message:game_session{game=SEWEUY player=PlayerId(0)}: phase_server: game submission processed (lock held) game=SEWEUY kind="action" lock_ms=15 ai_actions=0
2026-09-15T12:57:21.795485Z  INFO ws_message:game_session{game=SEWEUY player=PlayerId(0)}: server_core::session: action applied game=SEWEUY player=PlayerId(0) action_type="PassPriority" event_count=1
2026-09-15T12:57:21.801231Z  INFO ws_message:game_session{game=SEWEUY player=PlayerId(0)}: phase_server: game submission processed (lock held) game=SEWEUY kind="action" lock_ms=8 ai_actions=0
2026-09-15T12:57:21.975227Z  INFO ws_message:game_session{game=SEWEUY player=PlayerId(1)}: server_core::session: action applied game=SEWEUY player=PlayerId(1) action_type="PassPriority" event_count=6
2026-09-15T12:57:22.012997Z  INFO ws_message:game_session{game=SEWEUY player=PlayerId(1)}: phase_server: game submission processed (lock held) game=SEWEUY kind="action" lock_ms=40 ai_actions=0
