server identity hashes recorded: {'validated_version': 'v0.99.0', 'build_commit': 'd919616', 'protocol_version': 98, 'server_binary_sha256': '37fa78a8db1a...', 'card_data_sha256': 'ccfcf9e6d19d...', 'draft_pools_sha256': '8ce01364ee46...', 'signature_verified': True}
ServerHello: {"type": "ServerHello", "data": {"server_version": "0.99.0", "build_commit": "d919616", "protocol_version": 98, "mode": "Full", "lobby_protocol_version": 14, "wire_formats": ["GzipEnvelopeV1"]}}
P0 creating game (attempt 1)
game B4NK6A; seats=[0, 1]
[P0] mulligan KEEP (hand 7): ['Oko, the Ringleader', 'Forest', 'Forest', 'Island', 'Forest', 'Island', 'Doubling Season']
[P1] mulligan KEEP (hand 7): ['Forest', 'Forest', 'Forest', 'Forest', 'Forest', 'Forest', 'Forest']
[P1] mulligan KEEP (hand 7): ['Forest', 'Forest', 'Forest', 'Forest', 'Forest', 'Forest', 'Forest']
--- P0 turn 1 begins ---
[P0] T1: playing Forest
[P0] T1: casting Llanowar Elves
--- P0 turn 2 begins ---
[P0] T2: playing Forest
--- P0 turn 3 begins ---
[P0] T3: playing Island
--- P0 turn 4 begins ---
[P0] T4: playing Forest
--- P0 turn 5 begins ---
[P0] T5: playing Forest
[P0] T5: casting Doubling Season #1
--- P0 turn 6 begins ---
[P0] T6: playing Island
[P0] T6: casting Doubling Season #2
--- P0 turn 7 begins ---
[P0] T7: playing Forest
[P0] T7: casting Oko, the Ringleader
[P0] ActivateAbility options: [0, 1, 2] (loyalty=12)
[P0] A2 check: oko loyalty=12 ds_bf=2 elves_bf=1
[P0] T7: activating Oko [-5] (loyalty 12 -> 7)
ult submitted -> entering ULT_WATCH
ULT_WATCH start
[P0] oko combat trigger prompt shape: wf=TriggerTargetSelection spec=schema:sequence:0:1;
[P0] oko trigger schema: type=sequence min=0 max=1
[P0] declined Oko combat trigger (empty sequence)
[P0] oko trigger schema: type=sequence min=0 max=1
[P0] declined Oko combat trigger (empty sequence)
[P1] discarding to hand size: ['Forest']
[P0] oko trigger schema: type=sequence min=0 max=1
[P0] declined Oko combat trigger (empty sequence)
[P1] discarding to hand size: ['Forest']
[P0] oko trigger schema: type=sequence min=0 max=1
[P0] declined Oko combat trigger (empty sequence)
[P1] discarding to hand size: ['Forest']
[P0] oko trigger schema: type=sequence min=0 max=1
[P0] declined Oko combat trigger (empty sequence)
[P1] discarding to hand size: ['Forest']
[P0] oko trigger schema: type=sequence min=0 max=1
[P0] declined Oko combat trigger (empty sequence)
[P0] discarding to hand size: ['Llanowar Elves']
[P1] discarding to hand size: ['Forest']
[P0] oko trigger schema: type=sequence min=0 max=1
[P0] declined Oko combat trigger (empty sequence)
[P0] discarding to hand size: ['Doubling Season']
[P1] discarding to hand size: ['Forest']
[P0] oko trigger schema: type=sequence min=0 max=1
[P0] declined Oko combat trigger (empty sequence)
[P0] discarding to hand size: ['Doubling Season']
[P1] discarding to hand size: ['Forest']
[P0] oko trigger schema: type=sequence min=0 max=1
[P0] declined Oko combat trigger (empty sequence)
[P0] discarding to hand size: ['Island']
[P1] discarding to hand size: ['Forest']
[P0] oko trigger schema: type=sequence min=0 max=1
[P0] declined Oko combat trigger (empty sequence)
[P0] discarding to hand size: ['Llanowar Elves']
[P1] discarding to hand size: ['Forest']
[P0] oko trigger schema: type=sequence min=0 max=1
[P0] declined Oko combat trigger (empty sequence)
[P0] discarding to hand size: ['Llanowar Elves']
[P1] discarding to hand size: ['Forest']
[P0] oko trigger schema: type=sequence min=0 max=1
[P0] declined Oko combat trigger (empty sequence)
[P0] discarding to hand size: ['Island']
[P1] discarding to hand size: ['Forest']
[P0] oko trigger schema: type=sequence min=0 max=1
[P0] declined Oko combat trigger (empty sequence)
[P0] discarding to hand size: ['Island']
[P1] discarding to hand size: ['Forest']
[P0] oko trigger schema: type=sequence min=0 max=1
[P0] declined Oko combat trigger (empty sequence)
[P0] discarding to hand size: ['Island']
[P1] discarding to hand size: ['Forest']
[P0] oko trigger schema: type=sequence min=0 max=1
[P0] declined Oko combat trigger (empty sequence)
[P0] discarding to hand size: ['Forest']
[P1] discarding to hand size: ['Forest']
[P0] oko trigger schema: type=sequence min=0 max=1
[P0] declined Oko combat trigger (empty sequence)
[P0] discarding to hand size: ['Doubling Season']
[P1] discarding to hand size: ['Forest']
[P0] oko trigger schema: type=sequence min=0 max=1
[P0] declined Oko combat trigger (empty sequence)
[P0] discarding to hand size: ['Forest']
[P1] discarding to hand size: ['Forest']
[P0] oko trigger schema: type=sequence min=0 max=1
[P0] declined Oko combat trigger (empty sequence)
[P0] discarding to hand size: ['Island']
[P1] discarding to hand size: ['Forest']
[P0] oko trigger schema: type=sequence min=0 max=1
[P0] declined Oko combat trigger (empty sequence)
[P0] discarding to hand size: ['Island']
[P1] discarding to hand size: ['Forest']
[P0] oko trigger schema: type=sequence min=0 max=1
[P0] declined Oko combat trigger (empty sequence)
[P0] discarding to hand size: ['Island']
[P1] discarding to hand size: ['Forest']
[P0] oko trigger schema: type=sequence min=0 max=1
[P0] declined Oko combat trigger (empty sequence)
[P0] discarding to hand size: ['Island']
[P1] discarding to hand size: ['Forest']
[P0] oko trigger schema: type=sequence min=0 max=1
[P0] declined Oko combat trigger (empty sequence)
ULT_WATCH: timeout without settle/crash signal
