[21:46:57] ServerHello: version=0.103.0 build=ec27a8d protocol=106 mode=Full
[21:46:57] data-level check: ok=True notes=[] shape={'event': 'Draw', 'head_effect': 'Discard', 'head_condition': 'None', 'mid_effect': 'Draw', 'mid_condition': "{'type': 'EffectOutcome', 'signal': 'OptionalEffectPerformed'}", 'tail_effect': 'Mill', 'tail_condition': "{'type': 'Not', 'condition': {'type': 'EffectOutcome', 'signal': 'OptionalEffectPerformed'}}"}
[21:46:58] game FCNYL2; P0 seat=0 P1 seat=1
[21:46:59] [P0] keep 7: ['island', 'island', "blue sun's zenith", 'chains of mephistopheles', 'island', "blue sun's zenith", 'swamp']
[21:46:59] [P1] keep 7: ['island', 'island', 'island', 'island', 'island', 'island', 'island']
[21:46:59] DIAG turn=1 active=0 phase=Untap pp=['MulliganDecision', 'MulliganDecision', 'MulliganDecision', 'MulliganDecision'] P0hand=7 P1hand=7 chains=False stack=0 stage=setup discards=0
[21:46:59] [P0] playing land island
[21:47:02] [P1] playing land island
[21:47:02] [P1] tap land for mana used_for=any
[21:47:02] [P1] submitting interaction iid=FCNYL2.0.22 choice=FCNYL2.0.22.c1 (Island)
[21:47:05] [P0] playing land island
[21:47:07] [P1] tap land for mana used_for=any
[21:47:07] [P1] submitting interaction iid=FCNYL2.0.48 choice=FCNYL2.0.48.c1 (Island)
[21:47:08] [P1] playing land island
[21:47:08] [P1] tap land for mana used_for=any
[21:47:08] [P1] submitting interaction iid=FCNYL2.0.54 choice=FCNYL2.0.54.c1 (Island)
[21:47:11] [P0] playing land island
[21:47:12] [P1] tap land for mana used_for=any
[21:47:12] [P1] submitting interaction iid=FCNYL2.0.80 choice=FCNYL2.0.80.c1 (Island)
[21:47:12] [P1] tap land for mana used_for=any
[21:47:12] [P1] submitting interaction iid=FCNYL2.0.81 choice=FCNYL2.0.81.c1 (Island)
[21:47:14] [P1] playing land island
[21:47:14] [P1] tap land for mana used_for=any
[21:47:14] [P1] submitting interaction iid=FCNYL2.0.87 choice=FCNYL2.0.87.c1 (Island)
[21:47:16] [P0] playing land swamp
[21:47:19] [P1] tap land for mana used_for=any
[21:47:19] [P1] submitting interaction iid=FCNYL2.0.113 choice=FCNYL2.0.113.c1 (Island)
[21:47:19] [P1] tap land for mana used_for=any
[21:47:19] [P1] submitting interaction iid=FCNYL2.0.114 choice=FCNYL2.0.114.c1 (Island)
[21:47:19] [P1] tap land for mana used_for=any
[21:47:19] [P1] submitting interaction iid=FCNYL2.0.115 choice=FCNYL2.0.115.c1 (Island)
[21:47:20] [P1] playing land island
[21:47:20] [P1] tap land for mana used_for=any
[21:47:20] [P1] submitting interaction iid=FCNYL2.0.121 choice=FCNYL2.0.121.c1 (Island)
[21:47:24] [P0] playing land swamp
[21:47:24] [P0] casting chains of mephistopheles (needs={'B': 2, 'generic': 1})
[21:47:25] [P0] cast Chains of Mephistopheles
[21:47:25] [P0] tap land for mana used_for=B
[21:47:25] [P0] submitting interaction iid=FCNYL2.0.138 choice=FCNYL2.0.138.c2 (Swamp)
[21:47:25] [P0] tap land for mana used_for=generic
[21:47:25] [P0] submitting interaction iid=FCNYL2.0.139 choice=FCNYL2.0.139.c1 (Island)
[21:47:27] [P1] tap land for mana used_for=any
[21:47:27] [P1] submitting interaction iid=FCNYL2.0.152 choice=FCNYL2.0.152.c1 (Island)
[21:47:28] [P1] tap land for mana used_for=any
[21:47:28] [P1] submitting interaction iid=FCNYL2.0.153 choice=FCNYL2.0.153.c1 (Island)
[21:47:28] [P1] tap land for mana used_for=any
[21:47:28] [P1] submitting interaction iid=FCNYL2.0.154 choice=FCNYL2.0.154.c1 (Island)
[21:47:28] [P1] tap land for mana used_for=any
[21:47:28] [P1] submitting interaction iid=FCNYL2.0.155 choice=FCNYL2.0.155.c1 (Island)
[21:47:29] [P1] playing land island
[21:47:29] [P1] tap land for mana used_for=any
[21:47:29] [P1] submitting interaction iid=FCNYL2.0.161 choice=FCNYL2.0.161.c1 (Island)
[21:47:31] [P0] tap land for mana used_for=B
[21:47:31] [P0] submitting interaction iid=FCNYL2.0.172 choice=FCNYL2.0.172.c7 (Swamp)
[21:47:32] [P0] playing land swamp
[21:47:32] [P0] main phase: exporting PRE, then casting Zenith X=1 @P1
[21:47:32] [P0] casting blue sun's zenith (needs={'U': 3, 'generic': 1})
[21:47:33] [P0] cast Blue Sun's Zenith X=1 @P1 (turn 11)
[21:47:33] [P0] targeting P1 with Zenith (choice FCNYL2.0.179.t1)
[21:47:34] [P0] choosing X=1 for Blue Sun's Zenith
[21:47:34] [P0] tap land for mana used_for=generic
[21:47:34] [P0] submitting interaction iid=FCNYL2.0.181 choice=FCNYL2.0.181.c1 (Swamp)
[21:47:34] [P1] P1 discards to Chains via legacy SelectCards: ['island']
[21:47:34] [P0] Zenith resolution window over; exporting POST
[21:47:35] [P0] exported POST
[21:47:35] done flag set; finishing
[21:47:35] resolution deltas: H=7 discards=1 mills=0 hand_after=7 lib 48->47
[21:47:35] rendered summary.png
