clients connected
game created: 0X8R7F
P1/P2 joined
[P0] mulligan: keep (lands=5, mulls=0)
[P1] mulligan: keep (lands=7, mulls=0)
[P2] mulligan: keep (lands=7, mulls=0)
[P2] mulligan: keep (lands=7, mulls=0)
[P2] REJECTION in stage setup: {"type": "ActionRejected", "data": {"rejection": {"code": "wrong_player", "disposition": "unauthorized", "message": "That action belongs to a different player.", "related_object_ids": []}}}
[diag] t=1s stage=setup turn=1 phase=Upkeep wf=Priority mind_bf=[] life1=20 P1lib=53 P2lib=53 mind_cast=False atk_turn=None bolt_cast=False bolt_done=False
[diag] t=61s stage=setup turn=11 phase=End wf=Priority mind_bf=[] life1=20 P1lib=49 P2lib=50 mind_cast=False atk_turn=None bolt_cast=False bolt_done=False
[P0] casts The Mindskinner
P0 DeclareAttackers with attack-ready Mindskinner; exporting PRE
exported pre.json (turn=16)
[P0] declares attackers [16] vs P1
exported mid_attack.json (turn=16)
mid_attack: Mindskinner oid 16 attacking, tapped=True
exported mid_combat.json (turn=16)
mid_combat: P1 life=20, P1 lib=38 gy=10, P2 lib=38 gy=10
[P0] casts Lightning Bolt at P1 (non-combat damage branch)
[P0] targets player seat 1 via candidate 0X8R7F.0.366.t1
exported mid_bolt.json (turn=16)
mid_bolt: P1 life=20, P1 lib=35 gy=13, P2 lib=35 gy=13
exported post.json (turn=17)
post exported; finishing
server excerpts: 1 error/warn lines, 777 total
