both clients connected
game created: YJ5YHK
P1 joined
[P0] mulligan: keep 7
[P1] mulligan: keep 7
[diag] t=1s stage=setup turn=1 phase=PreCombatMain wf=Priority rak=None attacked=False pause=False plumb=None
[P0] casting Rot-Curse Rakshasa
[obs] Rakshasa on BF oid=18 entered_turn=3
[P0] stage -> attack_setup (Rakshasa on BF)
[P1] casting Walking Corpse
exported pre_combat.json (turn=5)
[P0] attacking P1 with Rakshasa oid=18 (turn 5)
[obs] DECAYED trigger ON STACK id=121 source=18 text=''
exported trigger_stack.json (turn=5)
exported pause.json (turn=5)
[P0] PAUSE OBSERVED: priority with decayed trigger on stack; plumb in hand=[16, 54], cast advertised=True
[P0] cast Plumb the Forbidden in response to the decayed trigger
[P0] OptionalCostChoice full dump logged (3 choices)
[P0] OptionalCostChoice: answering PAY
[obs] decayed trigger left the stack
[P1] no blocks
[P0] Plumb resolved and decayed window closed; stage -> done
exported post_response.json (turn=5)
loaded pre_combat.json
loaded trigger_stack.json
loaded pause.json
loaded post_response.json
server run dir: runs/20260915-7184
wrote server.log excerpts (192 lines)
wrote summary.png
