[03:56:54] starting issue #6690 run run-6690-reval-v01050-20261010-0341 (pinned v0.105.0, protocol 120)
[03:56:55] ServerHello: version=0.105.0 build=965e243 protocol=120 mode=Full
[03:56:59] parse: bullies ability top_effect={"type": "Unimplemented", "name": "change_zone_enters_under_anaphor"}; structural scan hits = 0
[03:56:59] [game] game created code=UJF9ME
[03:57:00] [P0] mulligan: keep (mulls=0)
[03:57:00] [P1] mulligan: keep (mulls=0)
[03:57:00] [game] DIAG turn=1 active=1 phase=Untap P0hand=7 P1hand=7 stack=0 stage=develop bullies=no gy_bears=0
[03:57:00] [P1] mulligan: keep (mulls=0)
[03:57:00] [6690-P1] ActionRejected: {"rejection": {"code": "action_not_allowed", "disposition": "unavailable", "message": "That action is not allowed right now.", "related_object_ids": []}}
[03:57:01] [P1] playing land island
[03:57:05] [P0] playing land mountain
[03:57:08] [P1] playing land island
[03:57:11] [P0] playing land mountain
[03:57:14] [P1] playing land island
[03:57:18] [P0] playing land mountain
[03:57:22] [P1] playing land island
[03:57:26] [P0] playing land mountain
[03:57:29] [P1] playing land island
[03:57:33] [P0] playing land mountain
[03:57:37] [P1] playing land island
[03:57:41] [P0] playing land forest
[03:57:47] [P1] playing land island
[03:57:50] [P0] playing land forest
[03:57:55] [P1] playing land island
[03:58:00] [P0] playing land swamp
[03:58:00] [game] DIAG turn=16 active=0 phase=PreCombatMain P0hand=8 P1hand=6 stack=0 stage=develop bullies=no gy_bears=0
[03:58:00] [P0] casts Beamtown Bullies (t16); stage=armed
[03:58:00] [P0] tap land for mana used_for=R
[03:58:00] [P0] tap land for mana used_for=generic
[03:58:01] [P0] cast the beamtown bullies confirmed; resuming
[03:58:05] [P1] playing land island
[03:58:09] [P0] playing land mountain
[03:58:13] [P1] playing land island
[03:58:21] [P0] playing land swamp
[03:58:26] [P1] playing land island
[03:58:29] [P0] playing land swamp
[03:58:33] [P1] playing land island
[03:58:36] [P0] playing land forest
[03:58:40] [P1] playing land island
[03:58:43] [P0] playing land forest
[03:58:47] [P1] playing land island
[03:58:54] [P1] playing land island
[03:58:57] [P0] playing land mountain
[03:59:00] [game] DIAG turn=30 active=0 phase=End P0hand=7 P1hand=6 stack=0 stage=armed bullies=bf gy_bears=0
[03:59:01] [P1] playing land island
[03:59:04] [P0] playing land mountain
[03:59:08] [P1] playing land island
[03:59:11] [P0] playing land forest
[03:59:15] [P1] playing land island
[03:59:21] [P0] discard(cleanup): submits ['grizzly bears'] via vi select
[03:59:21] [P0] PROBE POINT t37 Upkeep: bullies=25 untapped, bears_in_gy=1, P1's turn, P0 priority (cast on t16)
[03:59:22] exported pre.json (466527 bytes)
[03:59:22] [P0] ActivateAbility candidates for bullies 25: 2
[03:59:22] [P0] attempting activation while holding priority: {"source_id": 25, "ability_index": 0}
[03:59:25] [P0] after attempt: stack=1 tapped=True vi_kind=choose
[03:59:25] exported post.json (476076 bytes)
[03:59:26] [P1] playing land island
[03:59:50] [P0] settle complete; finishing
[03:59:50] [game] contract complete; finishing
[03:59:52] rendered /home/hatch/workspace/dev/phase-backfill/evidence/6690/run-6690-reval-v01050-20261010-0341/summary.png
[03:59:52] server excerpts: 1174 lines
