ServerHello: version=0.105.0 build=965e243 protocol=120 mode=Full
data-level check: ok=True notes=[]
P0 creating game...
P1 joining...
game HJHAQ6; seats 0/1
[P0] keeps (lands=6)
[P1] keeps (lands=7)
[P0] playing land forest
[P1] playing land forest
[P1] tap land for mana used_for=any needs_left=None
[P0] playing land forest
[P1] tap land for mana used_for=any needs_left=None
[P1] playing land forest
[P1] tap land for mana used_for=any needs_left=None
[P0] playing land forest
[P1] tap land for mana used_for=any needs_left=None
[P1] tap land for mana used_for=any needs_left=None
[P1] playing land forest
[P1] tap land for mana used_for=any needs_left=None
[P0] playing land forest
[P1] tap land for mana used_for=any needs_left=None
[P1] tap land for mana used_for=any needs_left=None
[P1] tap land for mana used_for=any needs_left=None
[P1] playing land forest
[P1] tap land for mana used_for=any needs_left=None
[P0] playing land forest
[P1] tap land for mana used_for=any needs_left=None
[P1] tap land for mana used_for=any needs_left=None
[P1] tap land for mana used_for=any needs_left=None
[P1] tap land for mana used_for=any needs_left=None
[P1] playing land forest
[P1] tap land for mana used_for=any needs_left=None
[P0] playing land forest
[P1] tap land for mana used_for=any needs_left=None
[P1] tap land for mana used_for=any needs_left=None
[P1] tap land for mana used_for=any needs_left=None
[P1] tap land for mana used_for=any needs_left=None
[P1] tap land for mana used_for=any needs_left=None
[P1] playing land forest
[P1] tap land for mana used_for=any needs_left=None
[P0] playing land forest
[P0] casting Manabond (oid 8)
[P0] cast confirmed on stack: Manabond (oid 8)
[P0] tap land for mana used_for=G needs_left={'G': 0}
[P0] Manabond may-choice answered false (choice HJHAQ6.0.222.c0)
[P1] tap land for mana used_for=any needs_left=None
[P1] tap land for mana used_for=any needs_left=None
[P1] tap land for mana used_for=any needs_left=None
[P1] tap land for mana used_for=any needs_left=None
[P1] tap land for mana used_for=any needs_left=None
[P1] tap land for mana used_for=any needs_left=None
[P1] playing land forest
[P1] tap land for mana used_for=any needs_left=None
[P0] Manabond may-choice answered false (choice HJHAQ6.0.261.c0)
[P1] tap land for mana used_for=any needs_left=None
[P1] tap land for mana used_for=any needs_left=None
[P1] tap land for mana used_for=any needs_left=None
[P1] tap land for mana used_for=any needs_left=None
[P1] tap land for mana used_for=any needs_left=None
[P1] tap land for mana used_for=any needs_left=None
[P1] tap land for mana used_for=any needs_left=None
[P1] playing land forest
[P1] tap land for mana used_for=any needs_left=None
[decline-armed] turn 17 hand lands=3 nonlands=4
exported pre_decline.json
[pre_decline] turn 17: lands=3 nonlands=4
[P0] Manabond may-choice answered false (choice HJHAQ6.0.301.c0)
exported post_decline.json
[post_decline] phase=End turn=17; arming ACCEPT
[P1] tap land for mana used_for=any needs_left=None
[P1] tap land for mana used_for=any needs_left=None
[P1] tap land for mana used_for=any needs_left=None
[P1] tap land for mana used_for=any needs_left=None
[P1] tap land for mana used_for=any needs_left=None
[P1] tap land for mana used_for=any needs_left=None
[P1] tap land for mana used_for=any needs_left=None
[P1] tap land for mana used_for=any needs_left=None
[P1] playing land forest
[P1] tap land for mana used_for=any needs_left=None
exported pre_accept.json
[pre_accept] turn 19: lands=4 nonlands=4
[P0] Manabond may-choice answered true (choice HJHAQ6.0.342.c1)
[P1] tap land for mana used_for=any needs_left=None
exported post_accept.json
[post_accept] phase=Upkeep turn=20
A1_setup_ok: passed
A2_decline_no_move: passed
A3_accept_lands_battlefield: failed
A4_accept_rest_discarded: passed
A5_cleanup: passed
verdict: reproduced
server excerpts: 0 matching lines
