===== ATTEMPT 1 =====
P0 creating game...
P1 joining...
game 229585; seats 0/1
P0 mulligan -> Keep
P1 mulligan -> Keep
P1 casts Grizzly Bears
P1 declares attackers: 1
P1 declares attackers: 1
P1 declares attackers: 1
P1 declares attackers: 1
P0 casts Grave Titan
P1 declares attackers: 1
[P0] blocks 1 attackers
P0 casts Grave Titan
P0 declares attackers: 0
P0 casts Grave Titan
P0 declares attackers: 0
P0 casts Grave Titan
P0 declares attackers: 0
P0 casts Grave Titan
P0 declares attackers: 0
P0 casts Grave Titan
P0 declares attackers: 0
P0 declares attackers: 0
P0 declares attackers: 0
P0 declares attackers: 0
P0 declares attackers: 0
P1 casts Grizzly Bears
P0 declares attackers: 0
P1 declares attackers: 1
[P0] blocks 1 attackers
=== P1 hold mode (bears in gy=2) ===
P0 declares attackers: 0
P0 declares attackers: 0
P0 declares attackers: 0
P1 discards 1 to hand size: ['Sylvan Reclamation']
=== stage -> CAST (bears=2 reclam=1) ===
exported pre.json
P0 casts Esper's to Magicite (oid=20)
Esper's resolved: P1 gy=0 exile=3
exported post_exile.json
P0 declares attackers: 0
P1 discards 1 to hand size: ['Sylvan Reclamation']
P0 declares attackers: 0
P1 discards 1 to hand size: ['Sylvan Reclamation']
P0 declares attackers: 0
P1 discards 1 to hand size: ['Sylvan Reclamation']
P0 declares attackers: 0
P1 discards 1 to hand size: ['Sylvan Reclamation']
P0 declares attackers: 0
P1 discards 1 to hand size: ['Sylvan Reclamation']
P0 declares attackers: 0
P0 discards 1 to hand size: ['Swamp']
P1 discards 1 to hand size: ['Plains']
P0 declares attackers: 0
P0 discards 1 to hand size: ['Swamp']
P1 discards 1 to hand size: ['Plains']
P0 declares attackers: 0
P0 discards 1 to hand size: ['Swamp']
P1 discards 1 to hand size: ['Forest']
P0 declares attackers: 0
P0 discards 1 to hand size: ['Swamp']
P1 discards 1 to hand size: ['Forest']
P0 declares attackers: 0
P0 discards 1 to hand size: ['Swamp']
P1 discards 1 to hand size: ['Forest']
P0 declares attackers: 0
P0 discards 1 to hand size: ['Swamp']
P1 discards 1 to hand size: ['Forest']
P0 declares attackers: 0
P0 discards 1 to hand size: ['Swamp']
P1 discards 1 to hand size: ['Plains']
P0 declares attackers: 0
P0 discards 1 to hand size: ['Swamp']
P1 discards 1 to hand size: ['Plains']
P0 declares attackers: 0
P0 discards 1 to hand size: ['Swamp']
P1 discards 1 to hand size: ['Plains']
P0 declares attackers: 0
P0 discards 1 to hand size: ['Swamp']
P1 discards 1 to hand size: ['Forest']
P0 declares attackers: 0
P0 discards 1 to hand size: ['Swamp']
P1 discards 1 to hand size: ['Forest']
P0 declares attackers: 0
P0 discards 1 to hand size: ['Swamp']
P1 discards 1 to hand size: ['Plains']
P0 declares attackers: 0
P0 discards 1 to hand size: ['Swamp']
P1 discards 1 to hand size: ['Plains']
P0 declares attackers: 0
P0 discards 1 to hand size: ['Swamp']
P1 discards 1 to hand size: ['Sylvan Reclamation']
P0 declares attackers: 0
P0 discards 1 to hand size: ['Swamp']
P1 discards 1 to hand size: ['Forest']
P0 declares attackers: 0
P0 discards 1 to hand size: ['Grave Titan']
P1 discards 1 to hand size: ['Forest']
P0 declares attackers: 0
P0 discards 1 to hand size: ['Swamp']
P1 discards 1 to hand size: ['Forest']
P0 declares attackers: 0
P0 discards 1 to hand size: ['Grave Titan']
P1 discards 1 to hand size: ['Forest']
P0 declares attackers: 0
P0 discards 1 to hand size: ['Swamp']
P1 discards 1 to hand size: ['Plains']
P0 declares attackers: 0
P0 discards 1 to hand size: ['Swamp']
P1 discards 1 to hand size: ['Plains']
P0 declares attackers: 0
P0 discards 1 to hand size: ['Swamp']
P1 discards 1 to hand size: ['Sylvan Reclamation']
P0 declares attackers: 0
P0 discards 1 to hand size: ['Swamp']
P1 discards 1 to hand size: ['Forest']
P0 declares attackers: 0
P0 discards 1 to hand size: ['Swamp']
P1 discards 1 to hand size: ['Plains']
P0 declares attackers: 0
P0 discards 1 to hand size: ['Swamp']
P1 discards 1 to hand size: ['Forest']
P0 declares attackers: 0
P0 discards 1 to hand size: ['Swamp']
P1 discards 1 to hand size: ['Plains']
P0 declares attackers: 0
P0 discards 1 to hand size: ['Swamp']
P1 discards 1 to hand size: ['Plains']
P0 declares attackers: 0
P0 discards 1 to hand size: ['Swamp']
P1 discards 1 to hand size: ['Plains']
P0 declares attackers: 0
P0 discards 1 to hand size: ['Swamp']
P1 discards 1 to hand size: ['Forest']
P0 declares attackers: 0
P0 discards 1 to hand size: ['Swamp']
P1 discards 1 to hand size: ['Plains']
game over before trigger -> retrying with new game
attempt 1 did not complete; starting a new game
===== ATTEMPT 2 =====
P0 creating game...
P1 joining...
game 05S0DJ; seats 0/1
P0 mulligan -> Keep
P1 mulligan -> Keep
P1 casts Grizzly Bears
P0 casts Grave Titan
P1 declares attackers: 1
[P0] blocks 1 attackers
P0 casts Grave Titan
P0 declares attackers: 0
P0 casts Grave Titan
P0 declares attackers: 0
P0 declares attackers: 0
P1 casts Grizzly Bears
P0 declares attackers: 0
P1 declares attackers: 1
[P0] blocks 1 attackers
=== P1 hold mode (bears in gy=2) ===
P0 declares attackers: 0
P0 casts Grave Titan
P0 declares attackers: 0
P0 casts Grave Titan
P0 declares attackers: 0
P1 discards 1 to hand size: ['Sylvan Reclamation']
=== stage -> CAST (bears=2 reclam=1) ===
P0 declares attackers: 0
P1 discards 1 to hand size: ['Sylvan Reclamation']
P0 declares attackers: 0
P1 discards 1 to hand size: ['Plains']
exported pre.json
P0 casts Esper's to Magicite (oid=52)
Esper's resolved: P1 gy=0 exile=5
exported post_exile.json
P0 declares attackers: 0
P1 discards 1 to hand size: ['Plains']
P0 declares attackers: 0
P1 discards 1 to hand size: ['Plains']
P0 declares attackers: 0
P1 discards 1 to hand size: ['Plains']
P0 declares attackers: 0
P1 discards 1 to hand size: ['Plains']
P0 declares attackers: 0
P1 discards 1 to hand size: ['Forest']
P0 declares attackers: 0
P0 discards 1 to hand size: ['Swamp']
P1 discards 1 to hand size: ['Plains']
P0 declares attackers: 0
P0 discards 1 to hand size: ['Swamp']
P1 discards 1 to hand size: ['Forest']
P0 declares attackers: 0
P0 discards 1 to hand size: ['Swamp']
P1 discards 1 to hand size: ['Plains']
P0 declares attackers: 0
P0 discards 1 to hand size: ['Swamp']
P1 discards 1 to hand size: ['Forest']
P0 declares attackers: 0
P0 discards 1 to hand size: ['Swamp']
P1 discards 1 to hand size: ['Forest']
P0 declares attackers: 0
P0 discards 1 to hand size: ['Swamp']
P1 discards 1 to hand size: ['Plains']
P0 declares attackers: 0
P0 discards 1 to hand size: ['Swamp']
P1 discards 1 to hand size: ['Forest']
P0 declares attackers: 0
P0 discards 1 to hand size: ['Swamp']
P1 discards 1 to hand size: ['Forest']
P0 declares attackers: 0
P0 discards 1 to hand size: ['Swamp']
P1 discards 1 to hand size: ['Forest']
P0 declares attackers: 0
P0 discards 1 to hand size: ['Swamp']
P1 discards 1 to hand size: ['Sylvan Reclamation']
P0 declares attackers: 0
P0 discards 1 to hand size: ['Swamp']
P1 discards 1 to hand size: ['Forest']
P0 declares attackers: 0
P0 discards 1 to hand size: ['Swamp']
P1 discards 1 to hand size: ['Plains']
P0 declares attackers: 0
P0 discards 1 to hand size: ['Swamp']
P1 discards 1 to hand size: ['Plains']
P0 declares attackers: 0
P0 discards 1 to hand size: ['Swamp']
P1 discards 1 to hand size: ['Sylvan Reclamation']
P0 declares attackers: 0
P0 discards 1 to hand size: ['Swamp']
P1 discards 1 to hand size: ['Sylvan Reclamation']
P0 declares attackers: 0
P0 discards 1 to hand size: ['Swamp']
P1 discards 1 to hand size: ['Plains']
P0 declares attackers: 0
P0 discards 1 to hand size: ['Swamp']
P1 discards 1 to hand size: ['Sylvan Reclamation']
P0 declares attackers: 0
P0 discards 1 to hand size: ['Swamp']
P1 discards 1 to hand size: ['Forest']
P0 declares attackers: 0
P0 discards 1 to hand size: ['Swamp']
P1 discards 1 to hand size: ['Plains']
P0 declares attackers: 0
