data-level check: head=Unimplemented/unparsed_verb_arguments, sub=ChangeZone/Exile/TrackedSet/0, subsub=Shuffle, cond=QuantityCheck/GE/DistinctCardTypes
game F3YJ6F; P0 seat=0 P1 seat=1
[P0] keep 7
[P1] keep 7
[P0] playing Island
[P0] playing Island
[P0] playing Island
[P0] cast chromatic star via advertised CastSpell (oid=15)
[P0] activated Chromatic Star (oid=15)
[P0] Chromatic Star sacrificed (draw trigger on stack)
[P0] mana color choice: {"id": "F3YJ6F.0.86.m0", "surfaces": [{"type": "summary", "data": {"code": "candidate"}}, {"type": "mana", "data": {"rol
[P0] playing Island
[P0] cast catalog via advertised CastSpell (oid=44)
[P0] vi discard-to-hand-size: F3YJ6F.0.122.s2
[P0] playing Island
[P0] playing Island
[P0] playing Island
[P0] playing Island
[P0] playing Island
[P0] playing Island
[P0] cast divination via advertised CastSpell (oid=1)
[P0] Divination spell on stack (entry id=1); p0_ready=False, surgery_cast=False
[P0] P0 delirium-ready: types=['Artifact', 'Instant', 'Land', 'Sorcery'], Surgery in hand
[P0] vi discard-to-hand-size: F3YJ6F.0.316.s2
[P1] cast divination via advertised CastSpell (oid=94)
[P1] cast bait Divination (P0 delirium-ready)
[P0] Divination spell on stack (entry id=94); p0_ready=True, surgery_cast=False
[P0] cast invasive surgery via advertised CastSpell (oid=12)
[P0] Invasive Surgery cast in response to Divination
SURGERY on the stack; exporting pre.json
exported pre.json
[resolution_window/P0] prompt seen: {"interactionId": "F3YJ6F.0.325", "response": {"type": "exactChoices", "data": {"choices": [{"id": "F3YJ6F.0.325.c0", "surfaces": [{"type": "summary", "data": {"code": "candidate"}}, {"type": "action", "data": {"code": "passPriority", "acti
[resolution_window/P1] prompt seen: {"interactionId": "F3YJ6F.0.326", "response": {"type": "exactChoices", "data": {"choices": [{"id": "F3YJ6F.0.326.c0", "surfaces": [{"type": "summary", "data": {"code": "candidate"}}, {"type": "action", "data": {"code": "passPriority", "acti
window_end.json written from observed state (turn 21, phase PreCombatMain)
settled: stack empty, Priority, 8s idle; exporting post
exported post.json
VERDICT: blocked
run.json written: verdict=blocked
