[03:13:20] starting issue #6690 run run-6690-reval-v01040-20261009-0311 (pinned v0.104.0, protocol 118)
[03:13:20] ServerHello: version=0.104.0 build=4227122 protocol=118 mode=Full
[03:13:24] parse: bullies ability top_effect={"type": "Unimplemented", "name": "change_zone_enters_under_anaphor"}; structural scan hits = 0
[03:13:24] [game] game created code=E8SK28
[03:13:25] [P0] mulligan: keep (mulls=0)
[03:13:25] [P1] mulligan: keep (mulls=0)
[03:13:25] [game] DIAG turn=1 active=1 phase=Untap P0hand=7 P1hand=7 stack=0 stage=develop bullies=no gy_bears=0
[03:13:25] [P1] mulligan: keep (mulls=0)
[03:13:25] [6690-P1] ActionRejected: {"rejection": {"code": "action_not_allowed", "disposition": "unavailable", "message": "That action is not allowed right now.", "related_object_ids": []}}
[03:13:26] [P1] playing land island
[03:13:29] [P0] playing land mountain
[03:13:29] [P0] casts Faithless Looting (t2)
[03:13:29] [P0] discard(looting): submits ['grizzly bears', 'forest'] via vi select
[03:13:32] [P1] playing land island
[03:13:35] [P0] tap land for mana used_for=R
[03:13:36] [P0] playing land forest
[03:13:39] [P1] playing land island
[03:13:42] [P0] playing land swamp
[03:13:45] [P1] playing land island
[03:13:48] [P0] playing land forest
[03:13:48] [P0] casts Beamtown Bullies (t8); stage=armed
[03:13:52] [P1] playing land island
[03:13:54] [P0] tap land for mana used_for=R
[03:13:54] [P0] tap land for mana used_for=B
[03:13:55] [P0] tap land for mana used_for=generic
[03:13:56] [P0] playing land forest
[03:13:58] [P0] PROBE POINT t11 Upkeep: bullies=35 untapped, bears_in_gy=1, P1's turn, P0 priority (cast on t8)
[03:13:58] exported pre.json (463903 bytes)
[03:13:58] [P0] ActivateAbility candidates for bullies 35: 2
[03:13:58] [P0] attempting activation while holding priority: {"source_id": 35, "ability_index": 0}
[03:14:01] [P0] after attempt: stack=1 tapped=True vi_kind=choose
[03:14:01] exported post.json (473452 bytes)
[03:14:03] [P1] playing land island
[03:14:25] [game] DIAG turn=12 active=0 phase=PreCombatMain P0hand=6 P1hand=6 stack=0 stage=settle bullies=bf gy_bears=1
[03:14:31] [P0] settle complete; finishing
[03:14:31] [game] contract complete; finishing
[03:14:32] rendered /home/hatch/workspace/dev/phase-backfill/evidence/6690/run-6690-reval-v01040-20261009-0311/summary.png
[03:14:32] server excerpts: 382 lines
