[14:54:12] server identity hashes verified against on-disk pinned artifacts
[14:54:14] ServerHello: version=0.103.0 build=ec27a8d protocol=106 mode=Full
[14:54:14] data-level finding: v0.103.0 card data still collapses Dargo's cost into a single ModifyCost { Reduce {2}, dynamic_count: TrackedSetSize } with condition AdditionalCostPaid; the 'each other artifact or creature you've sacrificed this turn' reduction is absent from the parse (same as v0.98.0).
[14:54:15] P0 creating game...
[14:54:15] P1 joining...
[14:54:16] game LQVSEH; P0 seat=0 P1 seat=1
[14:54:16] [P0] mulligan -> Mulligan (hand=['goblin bombardment', 'mountain', 'mountain', 'mountain', 'mountain', 'memnite', 'mountain'])
[14:54:16] [P1] mulligan -> Keep (hand=['mountain', 'mountain', 'mountain', 'mountain', 'mountain', 'mountain', 'mountain'])
[14:54:16] [P0] mulligan -> Keep (hand=['mountain', 'mountain', 'mountain', 'mountain', 'mountain', 'dargo, the shipwrecker', 'mountain'])
[14:54:16] [P0] bottoms 1: ['mountain']
[14:54:21] [P0] playing land mountain
[14:54:29] [P1] discards 1: ['mountain']
[14:54:30] [P0] playing land mountain
[14:54:30] [P0] casts Goblin Bombardment (32)
[14:54:38] [P1] discards 1: ['mountain']
[14:54:40] [P0] playing land mountain
[14:54:46] [P1] discards 1: ['mountain']
[14:54:47] [P0] playing land mountain
[14:54:48] [P0] casts Memnite (40)
[14:54:56] [P1] discards 1: ['mountain']
[14:54:57] [P0] playing land mountain
[14:54:58] [P0] declare no attackers
[14:55:04] [P1] discards 1: ['mountain']
[14:55:05] [P0] playing land mountain
[14:55:06] [P0] declare no attackers
[14:55:12] [P1] discards 1: ['mountain']
[14:55:13] [P0] playing land mountain
[14:55:16] DIAG p0: rev=214 turn=14 phase=BeginCombat step=SETUP prio=False decision=False cast=None legend=0
[14:55:16] [P0] declare no attackers
[14:55:21] [P1] discards 1: ['mountain']
[14:55:23] [P0] playing land mountain
[14:55:24] [P0] declare no attackers
[14:55:29] [P1] discards 1: ['mountain']
[14:55:31] [P0] playing land mountain
[14:55:31] [P0] casts Memnite (13)
[14:55:33] [P0] declare no attackers
[14:55:39] [P1] discards 1: ['mountain']
[14:55:40] [P0] playing land mountain
[14:55:41] [P0] declare no attackers
[14:55:48] [P1] discards 1: ['mountain']
[14:55:49] [P0] playing land mountain
[14:55:50] [P0] declare no attackers
[14:55:56] [P1] discards 1: ['mountain']
[14:55:58] [P0] declare no attackers
[14:56:04] [P1] discards 1: ['mountain']
[14:56:06] [P0] declare no attackers
[14:56:12] [P1] discards 1: ['mountain']
[14:56:14] [P0] declare no attackers
[14:56:16] DIAG p0: rev=437 turn=28 phase=End step=SETUP prio=True decision=False cast=None legend=0
[14:56:20] [P1] discards 1: ['mountain']
[14:56:22] [P0] playing land mountain
[14:56:24] [P0] declare no attackers
[14:56:30] [P1] discards 1: ['mountain']
[14:56:33] [P0] declare no attackers
[14:56:39] [P1] discards 1: ['mountain']
[14:56:40] [P0] casts Memnite (12)
[14:56:42] [P0] declare no attackers
[14:56:48] [P1] discards 1: ['mountain']
[14:56:49] [P0] playing land mountain
[14:56:51] [P0] declare no attackers
[14:56:57] [P1] discards 1: ['mountain']
[14:56:59] [P0] declare no attackers
[14:57:01] [P0] discards 1: ['dargo, the shipwrecker']
[14:57:05] [P1] discards 1: ['mountain']
[14:57:09] [P0] playing land mountain
[14:57:10] [P0] declare no attackers
[14:57:16] DIAG p0: rev=638 turn=41 phase=End step=SETUP prio=False decision=False cast=None legend=0
[14:57:16] [P1] discards 1: ['mountain']
[14:57:18] [P0] playing land mountain
[14:57:20] [P0] declare no attackers
[14:57:26] [P1] discards 1: ['mountain']
[14:57:29] [P0] declare no attackers
[14:57:31] [P0] discards 1: ['dargo, the shipwrecker']
[14:57:36] [P1] discards 1: ['mountain']
[14:57:37] [P0] playing land mountain
[14:57:39] [P0] declare no attackers
[14:57:45] [P1] discards 1: ['mountain']
[14:57:47] [P0] casts Memnite (43)
[14:57:48] exported pre.json
[14:57:48] === stage -> ACTIVATE_BOMBARD ===
[14:57:49] [P0] declare no attackers
[14:57:50] [P0] activates Bombardment (plan sac Memnite 12)
[14:57:51] [P0] Bombardment targets P1
[14:57:51] [P0] submitting target: id=LQVSEH.0.749.t1 kind=sequence ()
[14:57:51] [P0] Bombardment sacrifices Memnite (['LQVSEH.0.750.s2'])
[14:57:52] === bombardment activation done -> LEG1 ===
[14:57:57] [P1] discards 1: ['mountain']
[14:57:58] [P0] casts LEG1 (Dargo 52); untapped_before=16
[14:57:59] [P0] LEG1: optional additional-cost prompt seen
[14:57:59] [P0] LEG1: additional cost -> DECLINE
[14:57:59] [P0] submitting interaction iid=LQVSEH.0.777 choice=LQVSEH.0.777.c1 (false)
[14:58:00] exported post_leg1.json
[14:58:00] LEG1 resolved: spent=7 (before=16 after=9 pool_after=0 manual_taps=0)
[14:58:00] === -> LEG2 ===
[14:58:05] [P0] casts LEG2 (Dargo 50); untapped_before=9
[14:58:05] [P0] LEG2: additional cost -> PAY
[14:58:05] [P0] submitting interaction iid=LQVSEH.0.781 choice=LQVSEH.0.781.c2 (true)
[14:58:05] [P0] LEG2: sacrifice count -> 2
[14:58:06] [P0] LEG2: sacrificing 2 permanents
[14:58:06] [P0] legend rule: keeps first (advertised action)
[14:58:07] exported post_leg2.json
[14:58:07] LEG2 resolved: spent=3 (before=9 after=6 pool_after=0 manual_taps=0)
[14:58:07] === LEG2 done; finishing ===
