[20:29:15] server identity hashes verified against on-disk pinned artifacts
[20:29:18] ServerHello: version=0.103.0 build=ec27a8d protocol=106 mode=Full
[20:29:18] data-level: sacrifice_node=present instead_cond=ConditionInstead search_max={'type': 'Fixed', 'value': 3} else_max={'type': 'Fixed', 'value': 2} parse_ok=True
[20:29:18] P0 creating game...
[20:29:18] P1 joining...
[20:29:19] game E0N14Y; P0 seat=0 P1 seat=1
[20:29:19] [P0] mulligan -> Keep (hand=['baloth gorger', 'forest', 'entish restoration', 'entish restoration', 'forest', 'entish restoration', 'forest'])
[20:29:19] [P1] mulligan -> Keep (hand=['forest', 'forest', 'grizzly bears', 'forest', 'forest', 'grizzly bears', 'forest'])
[20:29:20] [P1] playing land forest
[20:29:23] [P0] playing land forest
[20:29:27] [P1] playing land forest
[20:29:27] [P1] casts Grizzly Bears (102)
[20:29:32] [P0] playing land forest
[20:29:36] [P1] playing land forest
[20:29:36] [P1] casts Grizzly Bears (105)
[20:29:38] [P1] declare no attackers
[20:29:41] [P0] playing land forest
[20:29:45] [P1] playing land forest
[20:29:46] [P1] declare no attackers
[20:29:49] [P0] playing land forest
[20:29:49] [P0] casts Baloth Gorger (15)
[20:29:54] [P1] playing land forest
[20:29:55] [P1] declare no attackers
[20:29:57] exported pre.json
[20:29:57] [P0] casts Entish Restoration (53) turn=10
[20:29:58] [P0] RESOLVE prompt: rtype=schema spec=select label=search n=34 kind=select
[20:29:58] exported mid_search.json
[20:29:58] [P0] RESOLVE answered: search oids=['31', '51', '24']
[20:29:58] exported post.json
[20:29:58] post.json exported; stopping
[20:29:58] loop ended: stage=DONE elapsed=40s
[20:29:58] A1_setup_ok: passed
[20:29:58] A2_sacrifice_prompted: failed
[20:29:58] A3_land_sacrificed: not-run
[20:29:58] A4_search_up_to_three: passed
[20:29:58] A5_cleanup: passed
[20:29:58] verdict=reproduced
[20:29:59] wrote run.json verdict=reproduced
