server identity hashes verified against on-disk pinned artifacts
connecting P1...
game X282CY; P0 seat=0 P1 seat=1
[P0] mulligan keep (hand=['Force of Will', 'Underground Sea', 'Brainstorm', 'Murktide Regent', 'Force of Will', 'Underground Sea', 'Underground Sea'] mulls=0)
[P1] mulligan keep (hand=['Underground Sea', 'Underground Sea', 'Underground Sea', 'Underground Sea', 'Underground Sea', 'Underground Sea', 'Fatal Push'] mulls=0)
DIAG turn=1 active=1 phase=Untap wf=MulliganDecision pp=1 P0hand=['Force of Will', 'Underground Sea', 'Brainstorm', 'Murktide Regent', 'Force of Will', 'Underground Sea'] P1hand=['Hidden Card', 'Hidden Card', 'Hidden Card', 'Hidden Card', 'Hidden Card', 'Hidden Card'] life=20/20 stack=[] bs=False fp=False fow=False
P0 plays Underground Sea
P0 plays Underground Sea
P0 casts Memnite
P0 casts Brainstorm (trigger)
P1 casts Fatal Push in response to Brainstorm
PRE: Brainstorm + Fatal Push on stack, P0 priority; exporting pre.json
pre.json exported
P0 casts Force of Will in response to Fatal Push
stall watchdog armed (300s): FoW cast attempted, not on stack
[P0] FoW target prompt candidates: ['Brainstorm', 'Fatal Push']
mid_target.json exported (TargetSelection pending)
[P0] FoW target -> Fatal Push
[P0] OptionalCostChoice -> PAY (alt cost: 1 life + exile blue)
[P0] exile choice -> Murktide Regent
[P0] Brainstorm put-back -> ['Underground Sea', 'Underground Sea']
all resolved; finishing
post.json exported at finish()
