2026-09-13T11:25:21.852389Z  INFO ws_message: server_core::session: game session created game=QV6SU1 player_count=2
2026-09-13T11:25:21.872102Z  INFO ws_message: phase_server: game created via lobby game=QV6SU1 host=P0 players=2
2026-09-13T11:25:21.934836Z  INFO ws_message: phase_server: JoinGameWithPassword game=QV6SU1 joiner=P1
2026-09-13T11:25:21.935056Z  INFO ws_message: server_core::session: player joined session game=QV6SU1 player=PlayerId(1) seat=1
2026-09-13T11:25:21.954970Z  INFO ws_message: phase_server: player joined via lobby game=QV6SU1 player=PlayerId(1)
2026-09-13T11:25:22.116114Z  WARN phase_server: Full snapshot was no longer current game=QV6SU1 disposition=SupersededOrRetired
2026-09-13T11:25:22.281692Z  INFO ws_message:game_session{game=QV6SU1 player=PlayerId(0)}: server_core::session: action applied game=QV6SU1 player=PlayerId(0) action_type="MulliganDecision" event_count=0
2026-09-13T11:25:22.291465Z  INFO ws_message:game_session{game=QV6SU1 player=PlayerId(0)}: phase_server: game submission processed (lock held) game=QV6SU1 kind="action" lock_ms=10 ai_actions=0
2026-09-13T11:25:22.344579Z  INFO ws_message:game_session{game=QV6SU1 player=PlayerId(1)}: server_core::session: action applied game=QV6SU1 player=PlayerId(1) action_type="MulliganDecision" event_count=1
2026-09-13T11:25:22.346919Z  INFO ws_message:game_session{game=QV6SU1 player=PlayerId(1)}: phase_server: game submission processed (lock held) game=QV6SU1 kind="action" lock_ms=6 ai_actions=0
2026-09-13T11:25:22.433041Z  INFO ws_message:game_session{game=QV6SU1 player=PlayerId(0)}: server_core::session: action applied game=QV6SU1 player=PlayerId(0) action_type="PassPriority" event_count=1
2026-09-13T11:25:22.436252Z  INFO ws_message:game_session{game=QV6SU1 player=PlayerId(0)}: phase_server: game submission processed (lock held) game=QV6SU1 kind="action" lock_ms=3 ai_actions=0
2026-09-13T11:25:22.584860Z  INFO ws_message:game_session{game=QV6SU1 player=PlayerId(1)}: server_core::session: action applied game=QV6SU1 player=PlayerId(1) action_type="PassPriority" event_count=2
2026-09-13T11:25:22.602560Z  INFO ws_message:game_session{game=QV6SU1 player=PlayerId(1)}: phase_server: game submission processed (lock held) game=QV6SU1 kind="action" lock_ms=18 ai_actions=0
2026-09-13T11:25:22.741550Z  INFO ws_message:game_session{game=QV6SU1 player=PlayerId(0)}: server_core::session: action applied game=QV6SU1 player=PlayerId(0) action_type="PlayLand" event_count=2
2026-09-13T11:25:22.753088Z  INFO ws_message:game_session{game=QV6SU1 player=PlayerId(0)}: phase_server: game submission processed (lock held) game=QV6SU1 kind="action" lock_ms=16 ai_actions=0
2026-09-13T11:25:22.889919Z  INFO ws_message:game_session{game=QV6SU1 player=PlayerId(0)}: server_core::session: action applied game=QV6SU1 player=PlayerId(0) action_type="PassPriority" event_count=1
2026-09-13T11:25:22.893269Z  INFO ws_message:game_session{game=QV6SU1 player=PlayerId(0)}: phase_server: game submission processed (lock held) game=QV6SU1 kind="action" lock_ms=4 ai_actions=0
2026-09-13T11:25:23.041403Z  INFO ws_message:game_session{game=QV6SU1 player=PlayerId(1)}: server_core::session: action applied game=QV6SU1 player=PlayerId(1) action_type="PassPriority" event_count=1
2026-09-13T11:25:23.053418Z  INFO ws_message:game_session{game=QV6SU1 player=PlayerId(1)}: phase_server: game submission processed (lock held) game=QV6SU1 kind="action" lock_ms=12 ai_actions=0
2026-09-13T11:25:23.192649Z  INFO ws_message:game_session{game=QV6SU1 player=PlayerId(0)}: server_core::session: action applied game=QV6SU1 player=PlayerId(0) action_type="PassPriority" event_count=1
2026-09-13T11:25:23.196004Z  INFO ws_message:game_session{game=QV6SU1 player=PlayerId(0)}: phase_server: game submission processed (lock held) game=QV6SU1 kind="action" lock_ms=4 ai_actions=0
2026-09-13T11:25:23.347107Z  INFO ws_message:game_session{game=QV6SU1 player=PlayerId(1)}: server_core::session: action applied game=QV6SU1 player=PlayerId(1) action_type="PassPriority" event_count=3
2026-09-13T11:25:23.357670Z  INFO ws_message:game_session{game=QV6SU1 player=PlayerId(1)}: phase_server: game submission processed (lock held) game=QV6SU1 kind="action" lock_ms=14 ai_actions=0
2026-09-13T11:25:23.494824Z  INFO ws_message:game_session{game=QV6SU1 player=PlayerId(0)}: server_core::session: action applied game=QV6SU1 player=PlayerId(0) action_type="PassPriority" event_count=1
2026-09-13T11:25:23.497958Z  INFO ws_message:game_session{game=QV6SU1 player=PlayerId(0)}: phase_server: game submission processed (lock held) game=QV6SU1 kind="action" lock_ms=3 ai_actions=0
2026-09-13T11:25:23.649254Z  INFO ws_message:game_session{game=QV6SU1 player=PlayerId(1)}: server_core::session: action applied game=QV6SU1 player=PlayerId(1) action_type="PassPriority" event_count=1
2026-09-13T11:25:23.662718Z  INFO ws_message:game_session{game=QV6SU1 player=PlayerId(1)}: phase_server: game submission processed (lock held) game=QV6SU1 kind="action" lock_ms=17 ai_actions=0
2026-09-13T11:25:23.798153Z  INFO ws_message:game_session{game=QV6SU1 player=PlayerId(0)}: server_core::session: action applied game=QV6SU1 player=PlayerId(0) action_type="PassPriority" event_count=1
2026-09-13T11:25:23.801561Z  INFO ws_message:game_session{game=QV6SU1 player=PlayerId(0)}: phase_server: game submission processed (lock held) game=QV6SU1 kind="action" lock_ms=4 ai_actions=0
2026-09-13T11:25:23.953018Z  INFO ws_message:game_session{game=QV6SU1 player=PlayerId(1)}: server_core::session: action applied game=QV6SU1 player=PlayerId(1) action_type="PassPriority" event_count=1
2026-09-13T11:25:23.963717Z  INFO ws_message:game_session{game=QV6SU1 player=PlayerId(1)}: phase_server: game submission processed (lock held) game=QV6SU1 kind="action" lock_ms=14 ai_actions=0
2026-09-13T11:25:24.101328Z  INFO ws_message:game_session{game=QV6SU1 player=PlayerId(0)}: server_core::session: action applied game=QV6SU1 player=PlayerId(0) action_type="PassPriority" event_count=1
2026-09-13T11:25:24.104718Z  INFO ws_message:game_session{game=QV6SU1 player=PlayerId(0)}: phase_server: game submission processed (lock held) game=QV6SU1 kind="action" lock_ms=5 ai_actions=0
2026-09-13T11:25:24.255165Z  INFO ws_message:game_session{game=QV6SU1 player=PlayerId(1)}: server_core::session: action applied game=QV6SU1 player=PlayerId(1) action_type="PassPriority" event_count=4
2026-09-13T11:25:24.257120Z  INFO ws_message:game_session{game=QV6SU1 player=PlayerId(1)}: phase_server: game submission processed (lock held) game=QV6SU1 kind="action" lock_ms=6 ai_actions=0
2026-09-13T11:25:24.402732Z  INFO ws_message:game_session{game=QV6SU1 player=PlayerId(1)}: server_core::session: action applied game=QV6SU1 player=PlayerId(1) action_type="PassPriority" event_count=1
2026-09-13T11:25:24.412068Z  INFO ws_message:game_session{game=QV6SU1 player=PlayerId(1)}: phase_server: game submission processed (lock held) game=QV6SU1 kind="action" lock_ms=10 ai_actions=0
2026-09-13T11:25:24.558138Z  INFO ws_message:game_session{game=QV6SU1 player=PlayerId(0)}: server_core::session: action applied game=QV6SU1 player=PlayerId(0) action_type="PassPriority" event_count=4
2026-09-13T11:25:24.560998Z  INFO ws_message:game_session{game=QV6SU1 player=PlayerId(0)}: phase_server: game submission processed (lock held) game=QV6SU1 kind="action" lock_ms=8 ai_actions=0
2026-09-13T11:25:24.704328Z  INFO ws_message:game_session{game=QV6SU1 player=PlayerId(1)}: server_core::session: action applied game=QV6SU1 player=PlayerId(1) action_type="PassPriority" event_count=1
2026-09-13T11:25:24.713047Z  INFO ws_message:game_session{game=QV6SU1 player=PlayerId(1)}: phase_server: game submission processed (lock held) game=QV6SU1 kind="action" lock_ms=9 ai_actions=0
2026-09-13T11:25:24.856027Z  INFO ws_message:game_session{game=QV6SU1 player=PlayerId(0)}: server_core::session: action applied game=QV6SU1 player=PlayerId(0) action_type="PassPriority" event_count=1
2026-09-13T11:25:24.886585Z  INFO ws_message:game_session{game=QV6SU1 player=PlayerId(0)}: phase_server: game submission processed (lock held) game=QV6SU1 kind="action" lock_ms=31 ai_actions=0
2026-09-13T11:25:25.010372Z  INFO ws_message:game_session{game=QV6SU1 player=PlayerId(1)}: server_core::session: action applied game=QV6SU1 player=PlayerId(1) action_type="PlayLand" event_count=2
2026-09-13T11:25:25.015986Z  INFO ws_message:game_session{game=QV6SU1 player=PlayerId(1)}: phase_server: game submission processed (lock held) game=QV6SU1 kind="action" lock_ms=9 ai_actions=0
2026-09-13T11:25:25.158756Z  INFO ws_message:game_session{game=QV6SU1 player=PlayerId(1)}: server_core::session: action applied game=QV6SU1 player=PlayerId(1) action_type="PassPriority" event_count=1
2026-09-13T11:25:25.168254Z  INFO ws_message:game_session{game=QV6SU1 player=PlayerId(1)}: phase_server: game submission processed (lock held) game=QV6SU1 kind="action" lock_ms=11 ai_actions=0
2026-09-13T11:25:25.309248Z  INFO ws_message:game_session{game=QV6SU1 player=PlayerId(0)}: server_core::session: action applied game=QV6SU1 player=PlayerId(0) action_type="PassPriority" event_count=1
2026-09-13T11:25:25.315141Z  INFO ws_message:game_session{game=QV6SU1 player=PlayerId(0)}: phase_server: game submission processed (lock held) game=QV6SU1 kind="action" lock_ms=7 ai_actions=0
2026-09-13T11:25:25.461039Z  INFO ws_message:game_session{game=QV6SU1 player=PlayerId(1)}: server_core::session: action applied game=QV6SU1 player=PlayerId(1) action_type="PassPriority" event_count=1
2026-09-13T11:25:25.472153Z  INFO ws_message:game_session{game=QV6SU1 player=PlayerId(1)}: phase_server: game submission processed (lock held) game=QV6SU1 kind="action" lock_ms=13 ai_actions=0
2026-09-13T11:25:25.614431Z  INFO ws_message:game_session{game=QV6SU1 player=PlayerId(0)}: server_core::session: action applied game=QV6SU1 player=PlayerId(0) action_type="PassPriority" event_count=3
2026-09-13T11:25:25.619952Z  INFO ws_message:game_session{game=QV6SU1 player=PlayerId(0)}: phase_server: game submission processed (lock held) game=QV6SU1 kind="action" lock_ms=9 ai_actions=0
2026-09-13T11:25:25.762666Z  INFO ws_message:game_session{game=QV6SU1 player=PlayerId(1)}: server_core::session: action applied game=QV6SU1 player=PlayerId(1) action_type="PassPriority" event_count=1
2026-09-13T11:25:25.775436Z  INFO ws_message:game_session{game=QV6SU1 player=PlayerId(1)}: phase_server: game submission processed (lock held) game=QV6SU1 kind="action" lock_ms=14 ai_actions=0
2026-09-13T11:25:25.915652Z  INFO ws_message:game_session{game=QV6SU1 player=PlayerId(0)}: server_core::session: action applied game=QV6SU1 player=PlayerId(0) action_type="PassPriority" event_count=1
2026-09-13T11:25:25.921384Z  INFO ws_message:game_session{game=QV6SU1 player=PlayerId(0)}: phase_server: game submission processed (lock held) game=QV6SU1 kind="action" lock_ms=9 ai_actions=0
2026-09-13T11:25:26.065037Z  INFO ws_message:game_session{game=QV6SU1 player=PlayerId(1)}: server_core::session: action applied game=QV6SU1 player=PlayerId(1) action_type="PassPriority" event_count=1
2026-09-13T11:25:26.079478Z  INFO ws_message:game_session{game=QV6SU1 player=PlayerId(1)}: phase_server: game submission processed (lock held) game=QV6SU1 kind="action" lock_ms=16 ai_actions=0
2026-09-13T11:25:26.219071Z  INFO ws_message:game_session{game=QV6SU1 player=PlayerId(0)}: server_core::session: action applied game=QV6SU1 player=PlayerId(0) action_type="PassPriority" event_count=1
2026-09-13T11:25:26.228019Z  INFO ws_message:game_session{game=QV6SU1 player=PlayerId(0)}: phase_server: game submission processed (lock held) game=QV6SU1 kind="action" lock_ms=14 ai_actions=0
2026-09-13T11:25:26.367313Z  INFO ws_message:game_session{game=QV6SU1 player=PlayerId(1)}: server_core::session: action applied game=QV6SU1 player=PlayerId(1) action_type="PassPriority" event_count=1
2026-09-13T11:25:26.378643Z  INFO ws_message:game_session{game=QV6SU1 player=PlayerId(1)}: phase_server: game submission processed (lock held) game=QV6SU1 kind="action" lock_ms=12 ai_actions=0
2026-09-13T11:25:26.521825Z  INFO ws_message:game_session{game=QV6SU1 player=PlayerId(0)}: server_core::session: action applied game=QV6SU1 player=PlayerId(0) action_type="PassPriority" event_count=4
2026-09-13T11:25:26.527640Z  INFO ws_message:game_session{game=QV6SU1 player=PlayerId(0)}: phase_server: game submission processed (lock held) game=QV6SU1 kind="action" lock_ms=10 ai_actions=0
2026-09-13T11:25:26.669181Z  INFO ws_message:game_session{game=QV6SU1 player=PlayerId(0)}: server_core::session: action applied game=QV6SU1 player=PlayerId(0) action_type="PassPriority" event_count=1
2026-09-13T11:25:26.674783Z  INFO ws_message:game_session{game=QV6SU1 player=PlayerId(0)}: phase_server: game submission processed (lock held) game=QV6SU1 kind="action" lock_ms=6 ai_actions=0
2026-09-13T11:25:26.825553Z  INFO ws_message:game_session{game=QV6SU1 player=PlayerId(1)}: server_core::session: action applied game=QV6SU1 player=PlayerId(1) action_type="PassPriority" event_count=4
2026-09-13T11:25:26.831876Z  INFO ws_message:game_session{game=QV6SU1 player=PlayerId(1)}: phase_server: game submission processed (lock held) game=QV6SU1 kind="action" lock_ms=12 ai_actions=0
2026-09-13T11:25:26.972302Z  INFO ws_message:game_session{game=QV6SU1 player=PlayerId(0)}: server_core::session: action applied game=QV6SU1 player=PlayerId(0) action_type="PassPriority" event_count=1
2026-09-13T11:25:26.980559Z  INFO ws_message:game_session{game=QV6SU1 player=PlayerId(0)}: phase_server: game submission processed (lock held) game=QV6SU1 kind="action" lock_ms=9 ai_actions=0
2026-09-13T11:25:27.122856Z  INFO ws_message:game_session{game=QV6SU1 player=PlayerId(1)}: server_core::session: action applied game=QV6SU1 player=PlayerId(1) action_type="PassPriority" event_count=1
2026-09-13T11:25:27.149403Z  INFO ws_message:game_session{game=QV6SU1 player=PlayerId(1)}: phase_server: game submission processed (lock held) game=QV6SU1 kind="action" lock_ms=27 ai_actions=0
2026-09-13T11:25:27.281480Z  INFO ws_message:game_session{game=QV6SU1 player=PlayerId(0)}: server_core::session: action applied game=QV6SU1 player=PlayerId(0) action_type="PlayLand" event_count=2
2026-09-13T11:25:27.289640Z  INFO ws_message:game_session{game=QV6SU1 player=PlayerId(0)}: phase_server: game submission processed (lock held) game=QV6SU1 kind="action" lock_ms=16 ai_actions=0
2026-09-13T11:25:27.432013Z  INFO ws_message:game_session{game=QV6SU1 player=PlayerId(0)}: server_core::session: action applied game=QV6SU1 player=PlayerId(0) action_type="CastSpell" event_count=12
2026-09-13T11:25:27.435220Z  INFO ws_message:game_session{game=QV6SU1 player=PlayerId(0)}: phase_server: game submission processed (lock held) game=QV6SU1 kind="action" lock_ms=10 ai_actions=0
2026-09-13T11:25:27.590366Z  INFO ws_message:game_session{game=QV6SU1 player=PlayerId(0)}: server_core::session: action applied game=QV6SU1 player=PlayerId(0) action_type="PassPriority" event_count=1
2026-09-13T11:25:27.600773Z  INFO ws_message:game_session{game=QV6SU1 player=PlayerId(0)}: phase_server: game submission processed (lock held) game=QV6SU1 kind="action" lock_ms=12 ai_actions=0
2026-09-13T11:25:27.743996Z  INFO ws_message:game_session{game=QV6SU1 player=PlayerId(1)}: server_core::session: action applied game=QV6SU1 player=PlayerId(1) action_type="PassPriority" event_count=2
2026-09-13T11:25:27.746922Z  INFO ws_message:game_session{game=QV6SU1 player=PlayerId(1)}: phase_server: game submission processed (lock held) game=QV6SU1 kind="action" lock_ms=6 ai_actions=0
2026-09-13T11:25:27.894713Z  INFO ws_message:game_session{game=QV6SU1 player=PlayerId(0)}: server_core::session: action applied game=QV6SU1 player=PlayerId(0) action_type="PassPriority" event_count=1
2026-09-13T11:25:27.900685Z  INFO ws_message:game_session{game=QV6SU1 player=PlayerId(0)}: phase_server: game submission processed (lock held) game=QV6SU1 kind="action" lock_ms=7 ai_actions=0
2026-09-13T11:25:28.047365Z  INFO ws_message:game_session{game=QV6SU1 player=PlayerId(1)}: server_core::session: action applied game=QV6SU1 player=PlayerId(1) action_type="PassPriority" event_count=1
2026-09-13T11:25:28.050808Z  INFO ws_message:game_session{game=QV6SU1 player=PlayerId(1)}: phase_server: game submission processed (lock held) game=QV6SU1 kind="action" lock_ms=5 ai_actions=0
2026-09-13T11:25:28.197865Z  INFO ws_message:game_session{game=QV6SU1 player=PlayerId(0)}: server_core::session: action applied game=QV6SU1 player=PlayerId(0) action_type="PassPriority" event_count=1
2026-09-13T11:25:28.204217Z  INFO ws_message:game_session{game=QV6SU1 player=PlayerId(0)}: phase_server: game submission processed (lock held) game=QV6SU1 kind="action" lock_ms=7 ai_actions=0
2026-09-13T11:25:28.352572Z  INFO ws_message:game_session{game=QV6SU1 player=PlayerId(1)}: server_core::session: action applied game=QV6SU1 player=PlayerId(1) action_type="PassPriority" event_count=3
2026-09-13T11:25:28.356536Z  INFO ws_message:game_session{game=QV6SU1 player=PlayerId(1)}: phase_server: game submission processed (lock held) game=QV6SU1 kind="action" lock_ms=9 ai_actions=0
2026-09-13T11:25:29.477618Z  INFO ws_message:game_session{game=QV6SU1 player=PlayerId(0)}: server_core::session: action applied game=QV6SU1 player=PlayerId(0) action_type="PassPriority" event_count=1
2026-09-13T11:25:29.485140Z  INFO ws_message:game_session{game=QV6SU1 player=PlayerId(0)}: phase_server: game submission processed (lock held) game=QV6SU1 kind="action" lock_ms=8 ai_actions=0
2026-09-13T11:25:29.632231Z  INFO ws_message:game_session{game=QV6SU1 player=PlayerId(1)}: server_core::session: action applied game=QV6SU1 player=PlayerId(1) action_type="PassPriority" event_count=1
2026-09-13T11:25:29.636019Z  INFO ws_message:game_session{game=QV6SU1 player=PlayerId(1)}: phase_server: game submission processed (lock held) game=QV6SU1 kind="action" lock_ms=8 ai_actions=0
2026-09-13T11:25:29.779910Z  INFO ws_message:game_session{game=QV6SU1 player=PlayerId(0)}: server_core::session: action applied game=QV6SU1 player=PlayerId(0) action_type="PassPriority" event_count=1
2026-09-13T11:25:29.787672Z  INFO ws_message:game_session{game=QV6SU1 player=PlayerId(0)}: phase_server: game submission processed (lock held) game=QV6SU1 kind="action" lock_ms=9 ai_actions=0
2026-09-13T11:25:29.933733Z  INFO ws_message:game_session{game=QV6SU1 player=PlayerId(1)}: server_core::session: action applied game=QV6SU1 player=PlayerId(1) action_type="PassPriority" event_count=1
2026-09-13T11:25:29.936819Z  INFO ws_message:game_session{game=QV6SU1 player=PlayerId(1)}: phase_server: game submission processed (lock held) game=QV6SU1 kind="action" lock_ms=7 ai_actions=0
2026-09-13T11:25:30.083098Z  INFO ws_message:game_session{game=QV6SU1 player=PlayerId(0)}: server_core::session: action applied game=QV6SU1 player=PlayerId(0) action_type="PassPriority" event_count=1
2026-09-13T11:25:30.091563Z  INFO ws_message:game_session{game=QV6SU1 player=PlayerId(0)}: phase_server: game submission processed (lock held) game=QV6SU1 kind="action" lock_ms=10 ai_actions=0
2026-09-13T11:25:30.237706Z  INFO ws_message:game_session{game=QV6SU1 player=PlayerId(1)}: server_core::session: action applied game=QV6SU1 player=PlayerId(1) action_type="PassPriority" event_count=4
2026-09-13T11:25:30.242956Z  INFO ws_message:game_session{game=QV6SU1 player=PlayerId(1)}: phase_server: game submission processed (lock held) game=QV6SU1 kind="action" lock_ms=10 ai_actions=0
2026-09-13T11:25:30.385045Z  INFO ws_message:game_session{game=QV6SU1 player=PlayerId(1)}: server_core::session: action applied game=QV6SU1 player=PlayerId(1) action_type="PassPriority" event_count=1
2026-09-13T11:25:30.388457Z  INFO ws_message:game_session{game=QV6SU1 player=PlayerId(1)}: phase_server: game submission processed (lock held) game=QV6SU1 kind="action" lock_ms=4 ai_actions=0
2026-09-13T11:25:30.539554Z  INFO ws_message:game_session{game=QV6SU1 player=PlayerId(0)}: server_core::session: action applied game=QV6SU1 player=PlayerId(0) action_type="PassPriority" event_count=4
2026-09-13T11:25:30.544935Z  INFO ws_message:game_session{game=QV6SU1 player=PlayerId(0)}: phase_server: game submission processed (lock held) game=QV6SU1 kind="action" lock_ms=10 ai_actions=0
2026-09-13T11:25:30.687220Z  INFO ws_message:game_session{game=QV6SU1 player=PlayerId(1)}: server_core::session: action applied game=QV6SU1 player=PlayerId(1) action_type="PassPriority" event_count=1
2026-09-13T11:25:30.690210Z  INFO ws_message:game_session{game=QV6SU1 player=PlayerId(1)}: phase_server: game submission processed (lock held) game=QV6SU1 kind="action" lock_ms=4 ai_actions=0
2026-09-13T11:25:30.838232Z  INFO ws_message:game_session{game=QV6SU1 player=PlayerId(0)}: server_core::session: action applied game=QV6SU1 player=PlayerId(0) action_type="PassPriority" event_count=1
2026-09-13T11:25:30.866518Z  INFO ws_message:game_session{game=QV6SU1 player=PlayerId(0)}: phase_server: game submission processed (lock held) game=QV6SU1 kind="action" lock_ms=29 ai_actions=0
2026-09-13T11:25:30.993773Z  INFO ws_message:game_session{game=QV6SU1 player=PlayerId(1)}: server_core::session: action applied game=QV6SU1 player=PlayerId(1) action_type="PlayLand" event_count=2
2026-09-13T11:25:31.002643Z  INFO ws_message:game_session{game=QV6SU1 player=PlayerId(1)}: phase_server: game submission processed (lock held) game=QV6SU1 kind="action" lock_ms=13 ai_actions=0
2026-09-13T11:25:31.142947Z  INFO ws_message:game_session{game=QV6SU1 player=PlayerId(1)}: server_core::session: action applied game=QV6SU1 player=PlayerId(1) action_type="PassPriority" event_count=1
2026-09-13T11:25:31.145779Z  INFO ws_message:game_session{game=QV6SU1 player=PlayerId(1)}: phase_server: game submission processed (lock held) game=QV6SU1 kind="action" lock_ms=4 ai_actions=0
2026-09-13T11:25:31.293063Z  INFO ws_message:game_session{game=QV6SU1 player=PlayerId(0)}: server_core::session: action applied game=QV6SU1 player=PlayerId(0) action_type="PassPriority" event_count=1
2026-09-13T11:25:31.301640Z  INFO ws_message:game_session{game=QV6SU1 player=PlayerId(0)}: phase_server: game submission processed (lock held) game=QV6SU1 kind="action" lock_ms=10 ai_actions=0
2026-09-13T11:25:31.444796Z  INFO ws_message:game_session{game=QV6SU1 player=PlayerId(1)}: server_core::session: action applied game=QV6SU1 player=PlayerId(1) action_type="PassPriority" event_count=1
2026-09-13T11:25:31.447509Z  INFO ws_message:game_session{game=QV6SU1 player=PlayerId(1)}: phase_server: game submission processed (lock held) game=QV6SU1 kind="action" lock_ms=4 ai_actions=0
2026-09-13T11:25:31.598295Z  INFO ws_message:game_session{game=QV6SU1 player=PlayerId(0)}: server_core::session: action applied game=QV6SU1 player=PlayerId(0) action_type="PassPriority" event_count=3
2026-09-13T11:25:31.608640Z  INFO ws_message:game_session{game=QV6SU1 player=PlayerId(0)}: phase_server: game submission processed (lock held) game=QV6SU1 kind="action" lock_ms=15 ai_actions=0
2026-09-13T11:25:31.746490Z  INFO ws_message:game_session{game=QV6SU1 player=PlayerId(1)}: server_core::session: action applied game=QV6SU1 player=PlayerId(1) action_type="PassPriority" event_count=1
2026-09-13T11:25:31.749392Z  INFO ws_message:game_session{game=QV6SU1 player=PlayerId(1)}: phase_server: game submission processed (lock held) game=QV6SU1 kind="action" lock_ms=5 ai_actions=0
2026-09-13T11:25:31.904294Z  INFO ws_message:game_session{game=QV6SU1 player=PlayerId(0)}: server_core::session: action applied game=QV6SU1 player=PlayerId(0) action_type="PassPriority" event_count=1
2026-09-13T11:25:31.910226Z  INFO ws_message:game_session{game=QV6SU1 player=PlayerId(0)}: phase_server: game submission processed (lock held) game=QV6SU1 kind="action" lock_ms=14 ai_actions=0
2026-09-13T11:25:32.049156Z  INFO ws_message:game_session{game=QV6SU1 player=PlayerId(1)}: server_core::session: action applied game=QV6SU1 player=PlayerId(1) action_type="PassPriority" event_count=1
2026-09-13T11:25:32.051874Z  INFO ws_message:game_session{game=QV6SU1 player=PlayerId(1)}: phase_server: game submission processed (lock held) game=QV6SU1 kind="action" lock_ms=4 ai_actions=0
2026-09-13T11:25:32.202606Z  INFO ws_message:game_session{game=QV6SU1 player=PlayerId(0)}: server_core::session: action applied game=QV6SU1 player=PlayerId(0) action_type="PassPriority" event_count=1
2026-09-13T11:25:32.210448Z  INFO ws_message:game_session{game=QV6SU1 player=PlayerId(0)}: phase_server: game submission processed (lock held) game=QV6SU1 kind="action" lock_ms=12 ai_actions=0
2026-09-13T11:25:32.350927Z  INFO ws_message:game_session{game=QV6SU1 player=PlayerId(1)}: server_core::session: action applied game=QV6SU1 player=PlayerId(1) action_type="PassPriority" event_count=1
2026-09-13T11:25:32.353834Z  INFO ws_message:game_session{game=QV6SU1 player=PlayerId(1)}: phase_server: game submission processed (lock held) game=QV6SU1 kind="action" lock_ms=4 ai_actions=0
2026-09-13T11:25:32.505708Z  INFO ws_message:game_session{game=QV6SU1 player=PlayerId(0)}: server_core::session: action applied game=QV6SU1 player=PlayerId(0) action_type="PassPriority" event_count=6
2026-09-13T11:25:32.512513Z  INFO ws_message:game_session{game=QV6SU1 player=PlayerId(0)}: phase_server: game submission processed (lock held) game=QV6SU1 kind="action" lock_ms=11 ai_actions=0
2026-09-13T11:25:32.653473Z  INFO ws_message:game_session{game=QV6SU1 player=PlayerId(0)}: server_core::session: action applied game=QV6SU1 player=PlayerId(0) action_type="PassPriority" event_count=1
2026-09-13T11:25:32.659563Z  INFO ws_message:game_session{game=QV6SU1 player=PlayerId(0)}: phase_server: game submission processed (lock held) game=QV6SU1 kind="action" lock_ms=7 ai_actions=0
2026-09-13T11:25:32.809204Z  INFO ws_message:game_session{game=QV6SU1 player=PlayerId(1)}: server_core::session: action applied game=QV6SU1 player=PlayerId(1) action_type="PassPriority" event_count=4
2026-09-13T11:25:32.816153Z  INFO ws_message:game_session{game=QV6SU1 player=PlayerId(1)}: phase_server: game submission processed (lock held) game=QV6SU1 kind="action" lock_ms=12 ai_actions=0
2026-09-13T11:25:32.956223Z  INFO ws_message:game_session{game=QV6SU1 player=PlayerId(0)}: server_core::session: action applied game=QV6SU1 player=PlayerId(0) action_type="PassPriority" event_count=1
2026-09-13T11:25:32.964002Z  INFO ws_message:game_session{game=QV6SU1 player=PlayerId(0)}: phase_server: game submission processed (lock held) game=QV6SU1 kind="action" lock_ms=9 ai_actions=0
2026-09-13T11:25:33.106803Z  INFO ws_message:game_session{game=QV6SU1 player=PlayerId(1)}: server_core::session: action applied game=QV6SU1 player=PlayerId(1) action_type="PassPriority" event_count=1
2026-09-13T11:25:33.127927Z  INFO ws_message:game_session{game=QV6SU1 player=PlayerId(1)}: phase_server: game submission processed (lock held) game=QV6SU1 kind="action" lock_ms=22 ai_actions=0
2026-09-13T11:25:33.262213Z  INFO ws_message:game_session{game=QV6SU1 player=PlayerId(0)}: server_core::session: action applied game=QV6SU1 player=PlayerId(0) action_type="PlayLand" event_count=2
2026-09-13T11:25:33.275708Z  INFO ws_message:game_session{game=QV6SU1 player=PlayerId(0)}: phase_server: game submission processed (lock held) game=QV6SU1 kind="action" lock_ms=19 ai_actions=0
2026-09-13T11:25:33.410954Z  INFO ws_message:game_session{game=QV6SU1 player=PlayerId(0)}: server_core::session: action applied game=QV6SU1 player=PlayerId(0) action_type="PassPriority" event_count=1
2026-09-13T11:25:33.417349Z  INFO ws_message:game_session{game=QV6SU1 player=PlayerId(0)}: phase_server: game submission processed (lock held) game=QV6SU1 kind="action" lock_ms=8 ai_actions=0
2026-09-13T11:25:33.561707Z  INFO ws_message:game_session{game=QV6SU1 player=PlayerId(1)}: server_core::session: action applied game=QV6SU1 player=PlayerId(1) action_type="PassPriority" event_count=1
2026-09-13T11:25:33.570322Z  INFO ws_message:game_session{game=QV6SU1 player=PlayerId(1)}: phase_server: game submission processed (lock held) game=QV6SU1 kind="action" lock_ms=10 ai_actions=0
2026-09-13T11:25:33.713129Z  INFO ws_message:game_session{game=QV6SU1 player=PlayerId(0)}: server_core::session: action applied game=QV6SU1 player=PlayerId(0) action_type="PassPriority" event_count=1
2026-09-13T11:25:33.721311Z  INFO ws_message:game_session{game=QV6SU1 player=PlayerId(0)}: phase_server: game submission processed (lock held) game=QV6SU1 kind="action" lock_ms=10 ai_actions=0
2026-09-13T11:25:33.862608Z  INFO ws_message:game_session{game=QV6SU1 player=PlayerId(1)}: server_core::session: action applied game=QV6SU1 player=PlayerId(1) action_type="PassPriority" event_count=1
2026-09-13T11:25:33.872434Z  INFO ws_message:game_session{game=QV6SU1 player=PlayerId(1)}: phase_server: game submission processed (lock held) game=QV6SU1 kind="action" lock_ms=10 ai_actions=0
2026-09-13T11:25:34.018259Z  INFO ws_message:game_session{game=QV6SU1 player=PlayerId(0)}: server_core::session: action applied game=QV6SU1 player=PlayerId(0) action_type="DeclareAttackers" event_count=2
2026-09-13T11:25:34.029088Z  INFO ws_message:game_session{game=QV6SU1 player=PlayerId(0)}: phase_server: game submission processed (lock held) game=QV6SU1 kind="action" lock_ms=16 ai_actions=0
2026-09-13T11:25:34.165299Z  INFO ws_message:game_session{game=QV6SU1 player=PlayerId(0)}: server_core::session: action applied game=QV6SU1 player=PlayerId(0) action_type="PassPriority" event_count=1
2026-09-13T11:25:34.171869Z  INFO ws_message:game_session{game=QV6SU1 player=PlayerId(0)}: phase_server: game submission processed (lock held) game=QV6SU1 kind="action" lock_ms=8 ai_actions=0
2026-09-13T11:25:34.319763Z  INFO ws_message:game_session{game=QV6SU1 player=PlayerId(1)}: server_core::session: action applied game=QV6SU1 player=PlayerId(1) action_type="PassPriority" event_count=1
2026-09-13T11:25:34.328606Z  INFO ws_message:game_session{game=QV6SU1 player=PlayerId(1)}: phase_server: game submission processed (lock held) game=QV6SU1 kind="action" lock_ms=14 ai_actions=0
2026-09-13T11:25:34.467566Z  INFO ws_message:game_session{game=QV6SU1 player=PlayerId(0)}: server_core::session: action applied game=QV6SU1 player=PlayerId(0) action_type="PassPriority" event_count=1
2026-09-13T11:25:34.473774Z  INFO ws_message:game_session{game=QV6SU1 player=PlayerId(0)}: phase_server: game submission processed (lock held) game=QV6SU1 kind="action" lock_ms=7 ai_actions=0
2026-09-13T11:25:34.622170Z  INFO ws_message:game_session{game=QV6SU1 player=PlayerId(1)}: server_core::session: action applied game=QV6SU1 player=PlayerId(1) action_type="PassPriority" event_count=1
2026-09-13T11:25:34.634064Z  INFO ws_message:game_session{game=QV6SU1 player=PlayerId(1)}: phase_server: game submission processed (lock held) game=QV6SU1 kind="action" lock_ms=16 ai_actions=0
2026-09-13T11:25:34.769721Z  INFO ws_message:game_session{game=QV6SU1 player=PlayerId(0)}: server_core::session: action applied game=QV6SU1 player=PlayerId(0) action_type="PassPriority" event_count=1
2026-09-13T11:25:34.776677Z  INFO ws_message:game_session{game=QV6SU1 player=PlayerId(0)}: phase_server: game submission processed (lock held) game=QV6SU1 kind="action" lock_ms=8 ai_actions=0
2026-09-13T11:25:34.923773Z  INFO ws_message:game_session{game=QV6SU1 player=PlayerId(1)}: server_core::session: action applied game=QV6SU1 player=PlayerId(1) action_type="PassPriority" event_count=4
2026-09-13T11:25:34.929349Z  INFO ws_message:game_session{game=QV6SU1 player=PlayerId(1)}: phase_server: game submission processed (lock held) game=QV6SU1 kind="action" lock_ms=10 ai_actions=0
2026-09-13T11:25:35.072095Z  INFO ws_message:game_session{game=QV6SU1 player=PlayerId(1)}: server_core::session: action applied game=QV6SU1 player=PlayerId(1) action_type="PassPriority" event_count=1
2026-09-13T11:25:35.080331Z  INFO ws_message:game_session{game=QV6SU1 player=PlayerId(1)}: phase_server: game submission processed (lock held) game=QV6SU1 kind="action" lock_ms=10 ai_actions=0
2026-09-13T11:25:35.225964Z  INFO ws_message:game_session{game=QV6SU1 player=PlayerId(0)}: server_core::session: action applied game=QV6SU1 player=PlayerId(0) action_type="PassPriority" event_count=4
2026-09-13T11:25:35.231801Z  INFO ws_message:game_session{game=QV6SU1 player=PlayerId(0)}: phase_server: game submission processed (lock held) game=QV6SU1 kind="action" lock_ms=10 ai_actions=0
2026-09-13T11:25:35.373509Z  INFO ws_message:game_session{game=QV6SU1 player=PlayerId(1)}: server_core::session: action applied game=QV6SU1 player=PlayerId(1) action_type="PassPriority" event_count=1
2026-09-13T11:25:35.382007Z  INFO ws_message:game_session{game=QV6SU1 player=PlayerId(1)}: phase_server: game submission processed (lock held) game=QV6SU1 kind="action" lock_ms=9 ai_actions=0
2026-09-13T11:25:35.525552Z  INFO ws_message:game_session{game=QV6SU1 player=PlayerId(0)}: server_core::session: action applied game=QV6SU1 player=PlayerId(0) action_type="PassPriority" event_count=1
2026-09-13T11:25:35.564227Z  INFO ws_message:game_session{game=QV6SU1 player=PlayerId(0)}: phase_server: game submission processed (lock held) game=QV6SU1 kind="action" lock_ms=40 ai_actions=0
2026-09-13T11:25:35.678814Z  INFO ws_message:game_session{game=QV6SU1 player=PlayerId(1)}: server_core::session: action applied game=QV6SU1 player=PlayerId(1) action_type="PlayLand" event_count=2
2026-09-13T11:25:35.685016Z  INFO ws_message:game_session{game=QV6SU1 player=PlayerId(1)}: phase_server: game submission processed (lock held) game=QV6SU1 kind="action" lock_ms=10 ai_actions=0
2026-09-13T11:25:35.828952Z  INFO ws_message:game_session{game=QV6SU1 player=PlayerId(1)}: server_core::session: action applied game=QV6SU1 player=PlayerId(1) action_type="PassPriority" event_count=1
2026-09-13T11:25:35.839029Z  INFO ws_message:game_session{game=QV6SU1 player=PlayerId(1)}: phase_server: game submission processed (lock held) game=QV6SU1 kind="action" lock_ms=12 ai_actions=0
2026-09-13T11:25:35.979967Z  INFO ws_message:game_session{game=QV6SU1 player=PlayerId(0)}: server_core::session: action applied game=QV6SU1 player=PlayerId(0) action_type="PassPriority" event_count=1
2026-09-13T11:25:35.986479Z  INFO ws_message:game_session{game=QV6SU1 player=PlayerId(0)}: phase_server: game submission processed (lock held) game=QV6SU1 kind="action" lock_ms=8 ai_actions=0
2026-09-13T11:25:36.131704Z  INFO ws_message:game_session{game=QV6SU1 player=PlayerId(1)}: server_core::session: action applied game=QV6SU1 player=PlayerId(1) action_type="PassPriority" event_count=1
2026-09-13T11:25:36.140701Z  INFO ws_message:game_session{game=QV6SU1 player=PlayerId(1)}: phase_server: game submission processed (lock held) game=QV6SU1 kind="action" lock_ms=11 ai_actions=0
2026-09-13T11:25:36.284277Z  INFO ws_message:game_session{game=QV6SU1 player=PlayerId(0)}: server_core::session: action applied game=QV6SU1 player=PlayerId(0) action_type="PassPriority" event_count=3
2026-09-13T11:25:36.290394Z  INFO ws_message:game_session{game=QV6SU1 player=PlayerId(0)}: phase_server: game submission processed (lock held) game=QV6SU1 kind="action" lock_ms=10 ai_actions=0
2026-09-13T11:25:36.433309Z  INFO ws_message:game_session{game=QV6SU1 player=PlayerId(1)}: server_core::session: action applied game=QV6SU1 player=PlayerId(1) action_type="PassPriority" event_count=1
2026-09-13T11:25:36.442182Z  INFO ws_message:game_session{game=QV6SU1 player=PlayerId(1)}: phase_server: game submission processed (lock held) game=QV6SU1 kind="action" lock_ms=11 ai_actions=0
2026-09-13T11:25:36.587264Z  INFO ws_message:game_session{game=QV6SU1 player=PlayerId(0)}: server_core::session: action applied game=QV6SU1 player=PlayerId(0) action_type="PassPriority" event_count=1
2026-09-13T11:25:36.594004Z  INFO ws_message:game_session{game=QV6SU1 player=PlayerId(0)}: phase_server: game submission processed (lock held) game=QV6SU1 kind="action" lock_ms=11 ai_actions=0
2026-09-13T11:25:36.736554Z  INFO ws_message:game_session{game=QV6SU1 player=PlayerId(1)}: server_core::session: action applied game=QV6SU1 player=PlayerId(1) action_type="PassPriority" event_count=1
2026-09-13T11:25:36.748358Z  INFO ws_message:game_session{game=QV6SU1 player=PlayerId(1)}: phase_server: game submission processed (lock held) game=QV6SU1 kind="action" lock_ms=14 ai_actions=0
2026-09-13T11:25:36.889514Z  INFO ws_message:game_session{game=QV6SU1 player=PlayerId(0)}: server_core::session: action applied game=QV6SU1 player=PlayerId(0) action_type="PassPriority" event_count=1
2026-09-13T11:25:36.896252Z  INFO ws_message:game_session{game=QV6SU1 player=PlayerId(0)}: phase_server: game submission processed (lock held) game=QV6SU1 kind="action" lock_ms=11 ai_actions=0
2026-09-13T11:25:37.037785Z  INFO ws_message:game_session{game=QV6SU1 player=PlayerId(1)}: server_core::session: action applied game=QV6SU1 player=PlayerId(1) action_type="PassPriority" event_count=1
2026-09-13T11:25:37.049501Z  INFO ws_message:game_session{game=QV6SU1 player=PlayerId(1)}: phase_server: game submission processed (lock held) game=QV6SU1 kind="action" lock_ms=13 ai_actions=0
2026-09-13T11:25:37.197119Z  INFO ws_message:game_session{game=QV6SU1 player=PlayerId(0)}: server_core::session: action applied game=QV6SU1 player=PlayerId(0) action_type="PassPriority" event_count=4
2026-09-13T11:25:37.206364Z  INFO ws_message:game_session{game=QV6SU1 player=PlayerId(0)}: phase_server: game submission processed (lock held) game=QV6SU1 kind="action" lock_ms=17 ai_actions=0
2026-09-13T11:25:37.341367Z  INFO ws_message:game_session{game=QV6SU1 player=PlayerId(0)}: server_core::session: action applied game=QV6SU1 player=PlayerId(0) action_type="PassPriority" event_count=1
2026-09-13T11:25:37.349398Z  INFO ws_message:game_session{game=QV6SU1 player=PlayerId(0)}: phase_server: game submission processed (lock held) game=QV6SU1 kind="action" lock_ms=10 ai_actions=0
2026-09-13T11:25:37.496207Z  INFO ws_message:game_session{game=QV6SU1 player=PlayerId(1)}: server_core::session: action applied game=QV6SU1 player=PlayerId(1) action_type="PassPriority" event_count=4
2026-09-13T11:25:37.504177Z  INFO ws_message:game_session{game=QV6SU1 player=PlayerId(1)}: phase_server: game submission processed (lock held) game=QV6SU1 kind="action" lock_ms=14 ai_actions=0
2026-09-13T11:25:37.643228Z  INFO ws_message:game_session{game=QV6SU1 player=PlayerId(0)}: server_core::session: action applied game=QV6SU1 player=PlayerId(0) action_type="PassPriority" event_count=1
2026-09-13T11:25:37.651261Z  INFO ws_message:game_session{game=QV6SU1 player=PlayerId(0)}: phase_server: game submission processed (lock held) game=QV6SU1 kind="action" lock_ms=9 ai_actions=0
2026-09-13T11:25:37.794535Z  INFO ws_message:game_session{game=QV6SU1 player=PlayerId(1)}: server_core::session: action applied game=QV6SU1 player=PlayerId(1) action_type="PassPriority" event_count=1
2026-09-13T11:25:37.817913Z  INFO ws_message:game_session{game=QV6SU1 player=PlayerId(1)}: phase_server: game submission processed (lock held) game=QV6SU1 kind="action" lock_ms=25 ai_actions=0
2026-09-13T11:25:38.103353Z  INFO ws_message:game_session{game=QV6SU1 player=PlayerId(0)}: server_core::session: action applied game=QV6SU1 player=PlayerId(0) action_type="PlayLand" event_count=2
2026-09-13T11:25:38.120553Z  INFO ws_message:game_session{game=QV6SU1 player=PlayerId(0)}: phase_server: game submission processed (lock held) game=QV6SU1 kind="action" lock_ms=22 ai_actions=0
2026-09-13T11:25:38.258377Z  INFO ws_message:game_session{game=QV6SU1 player=PlayerId(0)}: server_core::session: action applied game=QV6SU1 player=PlayerId(0) action_type="CastSpell" event_count=16
2026-09-13T11:25:38.268243Z  INFO ws_message:game_session{game=QV6SU1 player=PlayerId(0)}: phase_server: game submission processed (lock held) game=QV6SU1 kind="action" lock_ms=19 ai_actions=0
2026-09-13T11:25:38.402463Z  INFO ws_message:game_session{game=QV6SU1 player=PlayerId(0)}: server_core::session: action applied game=QV6SU1 player=PlayerId(0) action_type="PassPriority" event_count=1
2026-09-13T11:25:38.409945Z  INFO ws_message:game_session{game=QV6SU1 player=PlayerId(0)}: phase_server: game submission processed (lock held) game=QV6SU1 kind="action" lock_ms=9 ai_actions=0
2026-09-13T11:25:38.554690Z  INFO ws_message:game_session{game=QV6SU1 player=PlayerId(1)}: server_core::session: action applied game=QV6SU1 player=PlayerId(1) action_type="PassPriority" event_count=2
2026-09-13T11:25:38.571926Z  INFO ws_message:game_session{game=QV6SU1 player=PlayerId(1)}: phase_server: game submission processed (lock held) game=QV6SU1 kind="action" lock_ms=20 ai_actions=0
2026-09-13T11:25:38.705023Z  INFO ws_message:game_session{game=QV6SU1 player=PlayerId(0)}: server_core::session: action applied game=QV6SU1 player=PlayerId(0) action_type="PassPriority" event_count=1
2026-09-13T11:25:38.711294Z  INFO ws_message:game_session{game=QV6SU1 player=PlayerId(0)}: phase_server: game submission processed (lock held) game=QV6SU1 kind="action" lock_ms=8 ai_actions=0
2026-09-13T11:25:38.857844Z  INFO ws_message:game_session{game=QV6SU1 player=PlayerId(1)}: server_core::session: action applied game=QV6SU1 player=PlayerId(1) action_type="PassPriority" event_count=1
2026-09-13T11:25:38.880453Z  INFO ws_message:game_session{game=QV6SU1 player=PlayerId(1)}: phase_server: game submission processed (lock held) game=QV6SU1 kind="action" lock_ms=25 ai_actions=0
2026-09-13T11:25:39.007927Z  INFO ws_message:game_session{game=QV6SU1 player=PlayerId(0)}: server_core::session: action applied game=QV6SU1 player=PlayerId(0) action_type="PassPriority" event_count=1
2026-09-13T11:25:39.014689Z  INFO ws_message:game_session{game=QV6SU1 player=PlayerId(0)}: phase_server: game submission processed (lock held) game=QV6SU1 kind="action" lock_ms=8 ai_actions=0
2026-09-13T11:25:39.158451Z  INFO ws_message:game_session{game=QV6SU1 player=PlayerId(1)}: server_core::session: action applied game=QV6SU1 player=PlayerId(1) action_type="PassPriority" event_count=1
2026-09-13T11:25:39.168423Z  INFO ws_message:game_session{game=QV6SU1 player=PlayerId(1)}: phase_server: game submission processed (lock held) game=QV6SU1 kind="action" lock_ms=11 ai_actions=0
2026-09-13T11:25:39.315140Z  INFO ws_message:game_session{game=QV6SU1 player=PlayerId(0)}: server_core::session: action applied game=QV6SU1 player=PlayerId(0) action_type="DeclareAttackers" event_count=2
2026-09-13T11:25:39.329400Z  INFO ws_message:game_session{game=QV6SU1 player=PlayerId(0)}: phase_server: game submission processed (lock held) game=QV6SU1 kind="action" lock_ms=21 ai_actions=0
2026-09-13T11:25:39.461333Z  INFO ws_message:game_session{game=QV6SU1 player=PlayerId(0)}: server_core::session: action applied game=QV6SU1 player=PlayerId(0) action_type="PassPriority" event_count=1
2026-09-13T11:25:39.467832Z  INFO ws_message:game_session{game=QV6SU1 player=PlayerId(0)}: phase_server: game submission processed (lock held) game=QV6SU1 kind="action" lock_ms=8 ai_actions=0
2026-09-13T11:25:40.562044Z  INFO ws_message:game_session{game=QV6SU1 player=PlayerId(1)}: server_core::session: action applied game=QV6SU1 player=PlayerId(1) action_type="PassPriority" event_count=1
2026-09-13T11:25:40.577769Z  INFO ws_message:game_session{game=QV6SU1 player=PlayerId(1)}: phase_server: game submission processed (lock held) game=QV6SU1 kind="action" lock_ms=20 ai_actions=0
2026-09-13T11:25:40.711222Z  INFO ws_message:game_session{game=QV6SU1 player=PlayerId(0)}: server_core::session: action applied game=QV6SU1 player=PlayerId(0) action_type="PassPriority" event_count=1
2026-09-13T11:25:40.718051Z  INFO ws_message:game_session{game=QV6SU1 player=PlayerId(0)}: phase_server: game submission processed (lock held) game=QV6SU1 kind="action" lock_ms=8 ai_actions=0
2026-09-13T11:25:40.865386Z  INFO ws_message:game_session{game=QV6SU1 player=PlayerId(1)}: server_core::session: action applied game=QV6SU1 player=PlayerId(1) action_type="PassPriority" event_count=1
2026-09-13T11:25:40.882176Z  INFO ws_message:game_session{game=QV6SU1 player=PlayerId(1)}: phase_server: game submission processed (lock held) game=QV6SU1 kind="action" lock_ms=22 ai_actions=0
2026-09-13T11:25:41.013698Z  INFO ws_message:game_session{game=QV6SU1 player=PlayerId(0)}: server_core::session: action applied game=QV6SU1 player=PlayerId(0) action_type="PassPriority" event_count=1
2026-09-13T11:25:41.020506Z  INFO ws_message:game_session{game=QV6SU1 player=PlayerId(0)}: phase_server: game submission processed (lock held) game=QV6SU1 kind="action" lock_ms=9 ai_actions=0
2026-09-13T11:25:41.168132Z  INFO ws_message:game_session{game=QV6SU1 player=PlayerId(1)}: server_core::session: action applied game=QV6SU1 player=PlayerId(1) action_type="PassPriority" event_count=4
2026-09-13T11:25:41.175715Z  INFO ws_message:game_session{game=QV6SU1 player=PlayerId(1)}: phase_server: game submission processed (lock held) game=QV6SU1 kind="action" lock_ms=13 ai_actions=0
2026-09-13T11:25:41.317423Z  INFO ws_message:game_session{game=QV6SU1 player=PlayerId(1)}: server_core::session: action applied game=QV6SU1 player=PlayerId(1) action_type="PassPriority" event_count=1
2026-09-13T11:25:41.331216Z  INFO ws_message:game_session{game=QV6SU1 player=PlayerId(1)}: phase_server: game submission processed (lock held) game=QV6SU1 kind="action" lock_ms=16 ai_actions=0
2026-09-13T11:25:41.471696Z  INFO ws_message:game_session{game=QV6SU1 player=PlayerId(0)}: server_core::session: action applied game=QV6SU1 player=PlayerId(0) action_type="PassPriority" event_count=4
2026-09-13T11:25:41.482179Z  INFO ws_message:game_session{game=QV6SU1 player=PlayerId(0)}: phase_server: game submission processed (lock held) game=QV6SU1 kind="action" lock_ms=15 ai_actions=0
2026-09-13T11:25:41.619286Z  INFO ws_message:game_session{game=QV6SU1 player=PlayerId(1)}: server_core::session: action applied game=QV6SU1 player=PlayerId(1) action_type="PassPriority" event_count=1
2026-09-13T11:25:41.634022Z  INFO ws_message:game_session{game=QV6SU1 player=PlayerId(1)}: phase_server: game submission processed (lock held) game=QV6SU1 kind="action" lock_ms=16 ai_actions=0
2026-09-13T11:25:41.770013Z  INFO ws_message:game_session{game=QV6SU1 player=PlayerId(0)}: server_core::session: action applied game=QV6SU1 player=PlayerId(0) action_type="PassPriority" event_count=1
2026-09-13T11:25:41.801432Z  INFO ws_message:game_session{game=QV6SU1 player=PlayerId(0)}: phase_server: game submission processed (lock held) game=QV6SU1 kind="action" lock_ms=33 ai_actions=0
2026-09-13T11:25:41.923120Z  INFO ws_message:game_session{game=QV6SU1 player=PlayerId(1)}: server_core::session: action applied game=QV6SU1 player=PlayerId(1) action_type="PlayLand" event_count=2
2026-09-13T11:25:41.929197Z  INFO ws_message:game_session{game=QV6SU1 player=PlayerId(1)}: phase_server: game submission processed (lock held) game=QV6SU1 kind="action" lock_ms=10 ai_actions=0
2026-09-13T11:25:42.072247Z  INFO ws_message:game_session{game=QV6SU1 player=PlayerId(1)}: server_core::session: action applied game=QV6SU1 player=PlayerId(1) action_type="PassPriority" event_count=1
2026-09-13T11:25:42.088734Z  INFO ws_message:game_session{game=QV6SU1 player=PlayerId(1)}: phase_server: game submission processed (lock held) game=QV6SU1 kind="action" lock_ms=19 ai_actions=0
2026-09-13T11:25:42.222962Z  INFO ws_message:game_session{game=QV6SU1 player=PlayerId(0)}: server_core::session: action applied game=QV6SU1 player=PlayerId(0) action_type="PassPriority" event_count=1
2026-09-13T11:25:42.229403Z  INFO ws_message:game_session{game=QV6SU1 player=PlayerId(0)}: phase_server: game submission processed (lock held) game=QV6SU1 kind="action" lock_ms=8 ai_actions=0
2026-09-13T11:25:42.374225Z  INFO ws_message:game_session{game=QV6SU1 player=PlayerId(1)}: server_core::session: action applied game=QV6SU1 player=PlayerId(1) action_type="PassPriority" event_count=1
2026-09-13T11:25:42.389851Z  INFO ws_message:game_session{game=QV6SU1 player=PlayerId(1)}: phase_server: game submission processed (lock held) game=QV6SU1 kind="action" lock_ms=18 ai_actions=0
2026-09-13T11:25:42.527463Z  INFO ws_message:game_session{game=QV6SU1 player=PlayerId(0)}: server_core::session: action applied game=QV6SU1 player=PlayerId(0) action_type="PassPriority" event_count=3
2026-09-13T11:25:42.534156Z  INFO ws_message:game_session{game=QV6SU1 player=PlayerId(0)}: phase_server: game submission processed (lock held) game=QV6SU1 kind="action" lock_ms=11 ai_actions=0
2026-09-13T11:25:42.677245Z  INFO ws_message:game_session{game=QV6SU1 player=PlayerId(1)}: server_core::session: action applied game=QV6SU1 player=PlayerId(1) action_type="PassPriority" event_count=1
2026-09-13T11:25:42.692120Z  INFO ws_message:game_session{game=QV6SU1 player=PlayerId(1)}: phase_server: game submission processed (lock held) game=QV6SU1 kind="action" lock_ms=17 ai_actions=0
2026-09-13T11:25:42.830488Z  INFO ws_message:game_session{game=QV6SU1 player=PlayerId(0)}: server_core::session: action applied game=QV6SU1 player=PlayerId(0) action_type="PassPriority" event_count=1
2026-09-13T11:25:42.836988Z  INFO ws_message:game_session{game=QV6SU1 player=PlayerId(0)}: phase_server: game submission processed (lock held) game=QV6SU1 kind="action" lock_ms=10 ai_actions=0
2026-09-13T11:25:42.982296Z  INFO ws_message:game_session{game=QV6SU1 player=PlayerId(1)}: server_core::session: action applied game=QV6SU1 player=PlayerId(1) action_type="PassPriority" event_count=1
2026-09-13T11:25:43.002928Z  INFO ws_message:game_session{game=QV6SU1 player=PlayerId(1)}: phase_server: game submission processed (lock held) game=QV6SU1 kind="action" lock_ms=24 ai_actions=0
2026-09-13T11:25:43.133516Z  INFO ws_message:game_session{game=QV6SU1 player=PlayerId(0)}: server_core::session: action applied game=QV6SU1 player=PlayerId(0) action_type="PassPriority" event_count=1
2026-09-13T11:25:43.139613Z  INFO ws_message:game_session{game=QV6SU1 player=PlayerId(0)}: phase_server: game submission processed (lock held) game=QV6SU1 kind="action" lock_ms=10 ai_actions=0
2026-09-13T11:25:43.282706Z  INFO ws_message:game_session{game=QV6SU1 player=PlayerId(1)}: server_core::session: action applied game=QV6SU1 player=PlayerId(1) action_type="PassPriority" event_count=1
2026-09-13T11:25:43.297792Z  INFO ws_message:game_session{game=QV6SU1 player=PlayerId(1)}: phase_server: game submission processed (lock held) game=QV6SU1 kind="action" lock_ms=17 ai_actions=0
2026-09-13T11:25:43.436568Z  INFO ws_message:game_session{game=QV6SU1 player=PlayerId(0)}: server_core::session: action applied game=QV6SU1 player=PlayerId(0) action_type="PassPriority" event_count=7
2026-09-13T11:25:43.445793Z  INFO ws_message:game_session{game=QV6SU1 player=PlayerId(0)}: phase_server: game submission processed (lock held) game=QV6SU1 kind="action" lock_ms=14 ai_actions=0
2026-09-13T11:25:43.584738Z  INFO ws_message:game_session{game=QV6SU1 player=PlayerId(0)}: server_core::session: action applied game=QV6SU1 player=PlayerId(0) action_type="PassPriority" event_count=1
2026-09-13T11:25:43.593400Z  INFO ws_message:game_session{game=QV6SU1 player=PlayerId(0)}: phase_server: game submission processed (lock held) game=QV6SU1 kind="action" lock_ms=10 ai_actions=0
2026-09-13T11:25:43.739073Z  INFO ws_message:game_session{game=QV6SU1 player=PlayerId(1)}: server_core::session: action applied game=QV6SU1 player=PlayerId(1) action_type="PassPriority" event_count=4
2026-09-13T11:25:43.747782Z  INFO ws_message:game_session{game=QV6SU1 player=PlayerId(1)}: phase_server: game submission processed (lock held) game=QV6SU1 kind="action" lock_ms=14 ai_actions=0
2026-09-13T11:25:43.887073Z  INFO ws_message:game_session{game=QV6SU1 player=PlayerId(0)}: server_core::session: action applied game=QV6SU1 player=PlayerId(0) action_type="PassPriority" event_count=1
2026-09-13T11:25:43.897824Z  INFO ws_message:game_session{game=QV6SU1 player=PlayerId(0)}: phase_server: game submission processed (lock held) game=QV6SU1 kind="action" lock_ms=13 ai_actions=0
2026-09-13T11:25:44.037863Z  INFO ws_message:game_session{game=QV6SU1 player=PlayerId(1)}: server_core::session: action applied game=QV6SU1 player=PlayerId(1) action_type="PassPriority" event_count=1
2026-09-13T11:25:44.056615Z  INFO ws_message:game_session{game=QV6SU1 player=PlayerId(1)}: phase_server: game submission processed (lock held) game=QV6SU1 kind="action" lock_ms=20 ai_actions=0
2026-09-13T11:25:44.193754Z  INFO ws_message:game_session{game=QV6SU1 player=PlayerId(0)}: server_core::session: action applied game=QV6SU1 player=PlayerId(0) action_type="PlayLand" event_count=2
2026-09-13T11:25:44.202240Z  INFO ws_message:game_session{game=QV6SU1 player=PlayerId(0)}: phase_server: game submission processed (lock held) game=QV6SU1 kind="action" lock_ms=13 ai_actions=0
2026-09-13T11:25:44.343232Z  INFO ws_message:game_session{game=QV6SU1 player=PlayerId(0)}: server_core::session: action applied game=QV6SU1 player=PlayerId(0) action_type="PassPriority" event_count=1
2026-09-13T11:25:44.349530Z  INFO ws_message:game_session{game=QV6SU1 player=PlayerId(0)}: phase_server: game submission processed (lock held) game=QV6SU1 kind="action" lock_ms=9 ai_actions=0
2026-09-13T11:25:44.495214Z  INFO ws_message:game_session{game=QV6SU1 player=PlayerId(1)}: server_core::session: action applied game=QV6SU1 player=PlayerId(1) action_type="PassPriority" event_count=1
2026-09-13T11:25:44.505131Z  INFO ws_message:game_session{game=QV6SU1 player=PlayerId(1)}: phase_server: game submission processed (lock held) game=QV6SU1 kind="action" lock_ms=12 ai_actions=0
2026-09-13T11:25:44.646849Z  INFO ws_message:game_session{game=QV6SU1 player=PlayerId(0)}: server_core::session: action applied game=QV6SU1 player=PlayerId(0) action_type="PassPriority" event_count=1
2026-09-13T11:25:44.657204Z  INFO ws_message:game_session{game=QV6SU1 player=PlayerId(0)}: phase_server: game submission processed (lock held) game=QV6SU1 kind="action" lock_ms=13 ai_actions=0
2026-09-13T11:25:44.796408Z  INFO ws_message:game_session{game=QV6SU1 player=PlayerId(1)}: server_core::session: action applied game=QV6SU1 player=PlayerId(1) action_type="PassPriority" event_count=1
2026-09-13T11:25:44.824125Z  INFO ws_message:game_session{game=QV6SU1 player=PlayerId(1)}: phase_server: game submission processed (lock held) game=QV6SU1 kind="action" lock_ms=28 ai_actions=0
2026-09-13T11:25:44.953693Z  INFO ws_message:game_session{game=QV6SU1 player=PlayerId(0)}: server_core::session: action applied game=QV6SU1 player=PlayerId(0) action_type="DeclareAttackers" event_count=2
2026-09-13T11:25:44.962218Z  INFO ws_message:game_session{game=QV6SU1 player=PlayerId(0)}: phase_server: game submission processed (lock held) game=QV6SU1 kind="action" lock_ms=15 ai_actions=0
2026-09-13T11:25:45.100532Z  INFO ws_message:game_session{game=QV6SU1 player=PlayerId(0)}: server_core::session: action applied game=QV6SU1 player=PlayerId(0) action_type="PassPriority" event_count=1
2026-09-13T11:25:45.109307Z  INFO ws_message:game_session{game=QV6SU1 player=PlayerId(0)}: phase_server: game submission processed (lock held) game=QV6SU1 kind="action" lock_ms=11 ai_actions=0
2026-09-13T11:25:45.255681Z  INFO ws_message:game_session{game=QV6SU1 player=PlayerId(1)}: server_core::session: action applied game=QV6SU1 player=PlayerId(1) action_type="PassPriority" event_count=1
2026-09-13T11:25:45.266099Z  INFO ws_message:game_session{game=QV6SU1 player=PlayerId(1)}: phase_server: game submission processed (lock held) game=QV6SU1 kind="action" lock_ms=15 ai_actions=0
2026-09-13T11:25:45.404843Z  INFO ws_message:game_session{game=QV6SU1 player=PlayerId(0)}: server_core::session: action applied game=QV6SU1 player=PlayerId(0) action_type="PassPriority" event_count=1
2026-09-13T11:25:45.417224Z  INFO ws_message:game_session{game=QV6SU1 player=PlayerId(0)}: phase_server: game submission processed (lock held) game=QV6SU1 kind="action" lock_ms=15 ai_actions=0
2026-09-13T11:25:45.557143Z  INFO ws_message:game_session{game=QV6SU1 player=PlayerId(1)}: server_core::session: action applied game=QV6SU1 player=PlayerId(1) action_type="PassPriority" event_count=1
2026-09-13T11:25:45.565961Z  INFO ws_message:game_session{game=QV6SU1 player=PlayerId(1)}: phase_server: game submission processed (lock held) game=QV6SU1 kind="action" lock_ms=13 ai_actions=0
2026-09-13T11:25:45.705867Z  INFO ws_message:game_session{game=QV6SU1 player=PlayerId(0)}: server_core::session: action applied game=QV6SU1 player=PlayerId(0) action_type="PassPriority" event_count=1
2026-09-13T11:25:45.713299Z  INFO ws_message:game_session{game=QV6SU1 player=PlayerId(0)}: phase_server: game submission processed (lock held) game=QV6SU1 kind="action" lock_ms=9 ai_actions=0
2026-09-13T11:25:45.861251Z  INFO ws_message:game_session{game=QV6SU1 player=PlayerId(1)}: server_core::session: action applied game=QV6SU1 player=PlayerId(1) action_type="PassPriority" event_count=4
2026-09-13T11:25:45.868831Z  INFO ws_message:game_session{game=QV6SU1 player=PlayerId(1)}: phase_server: game submission processed (lock held) game=QV6SU1 kind="action" lock_ms=12 ai_actions=0
2026-09-13T11:25:46.011183Z  INFO ws_message:game_session{game=QV6SU1 player=PlayerId(1)}: server_core::session: action applied game=QV6SU1 player=PlayerId(1) action_type="PassPriority" event_count=1
2026-09-13T11:25:46.027155Z  INFO ws_message:game_session{game=QV6SU1 player=PlayerId(1)}: phase_server: game submission processed (lock held) game=QV6SU1 kind="action" lock_ms=20 ai_actions=0
2026-09-13T11:25:46.163253Z  INFO ws_message:game_session{game=QV6SU1 player=PlayerId(0)}: server_core::session: action applied game=QV6SU1 player=PlayerId(0) action_type="PassPriority" event_count=4
2026-09-13T11:25:46.169221Z  INFO ws_message:game_session{game=QV6SU1 player=PlayerId(0)}: phase_server: game submission processed (lock held) game=QV6SU1 kind="action" lock_ms=11 ai_actions=0
2026-09-13T11:25:46.313207Z  INFO ws_message:game_session{game=QV6SU1 player=PlayerId(1)}: server_core::session: action applied game=QV6SU1 player=PlayerId(1) action_type="PassPriority" event_count=1
2026-09-13T11:25:46.325662Z  INFO ws_message:game_session{game=QV6SU1 player=PlayerId(1)}: phase_server: game submission processed (lock held) game=QV6SU1 kind="action" lock_ms=14 ai_actions=0
2026-09-13T11:25:46.463887Z  INFO ws_message:game_session{game=QV6SU1 player=PlayerId(0)}: server_core::session: action applied game=QV6SU1 player=PlayerId(0) action_type="PassPriority" event_count=1
2026-09-13T11:25:46.556666Z  INFO ws_message:game_session{game=QV6SU1 player=PlayerId(0)}: phase_server: game submission processed (lock held) game=QV6SU1 kind="action" lock_ms=94 ai_actions=0
2026-09-13T11:25:46.765526Z  INFO ws_message:game_session{game=QV6SU1 player=PlayerId(1)}: server_core::session: action applied game=QV6SU1 player=PlayerId(1) action_type="CastSpell" event_count=1
2026-09-13T11:25:46.788532Z  INFO ws_message:game_session{game=QV6SU1 player=PlayerId(1)}: phase_server: game submission processed (lock held) game=QV6SU1 kind="action" lock_ms=24 ai_actions=0
2026-09-13T11:25:46.939479Z  INFO ws_message:game_session{game=QV6SU1 player=PlayerId(1)}: server_core::session: interaction applied game=QV6SU1 player=PlayerId(1) action_type="ChooseTarget" event_count=9
2026-09-13T11:25:46.946353Z  INFO ws_message:game_session{game=QV6SU1 player=PlayerId(1)}: phase_server: game submission processed (lock held) game=QV6SU1 kind="interaction" lock_ms=30 ai_actions=0
2026-09-13T11:25:47.069490Z  INFO ws_message:game_session{game=QV6SU1 player=PlayerId(1)}: server_core::session: action applied game=QV6SU1 player=PlayerId(1) action_type="CastSpell" event_count=1
2026-09-13T11:25:47.110560Z  INFO ws_message:game_session{game=QV6SU1 player=PlayerId(1)}: phase_server: game submission processed (lock held) game=QV6SU1 kind="action" lock_ms=42 ai_actions=0
2026-09-13T11:25:47.237518Z  INFO ws_message:game_session{game=QV6SU1 player=PlayerId(1)}: server_core::session: interaction applied game=QV6SU1 player=PlayerId(1) action_type="ChooseTarget" event_count=9
2026-09-13T11:25:47.245110Z  INFO ws_message:game_session{game=QV6SU1 player=PlayerId(1)}: phase_server: game submission processed (lock held) game=QV6SU1 kind="interaction" lock_ms=25 ai_actions=0
2026-09-13T11:25:47.376246Z  INFO ws_message:game_session{game=QV6SU1 player=PlayerId(1)}: server_core::session: action applied game=QV6SU1 player=PlayerId(1) action_type="PassPriority" event_count=1
2026-09-13T11:25:47.384338Z  INFO ws_message:game_session{game=QV6SU1 player=PlayerId(1)}: phase_server: game submission processed (lock held) game=QV6SU1 kind="action" lock_ms=10 ai_actions=0
2026-09-13T11:25:47.600525Z  INFO ws_message:game_session{game=QV6SU1 player=PlayerId(0)}: server_core::session: action applied game=QV6SU1 player=PlayerId(0) action_type="CastSpell" event_count=1
2026-09-13T11:25:47.606316Z  INFO ws_message:game_session{game=QV6SU1 player=PlayerId(0)}: phase_server: game submission processed (lock held) game=QV6SU1 kind="action" lock_ms=9 ai_actions=0
2026-09-13T11:25:47.758400Z  INFO ws_message:game_session{game=QV6SU1 player=PlayerId(0)}: server_core::session: interaction applied game=QV6SU1 player=PlayerId(0) action_type="ChooseTarget" event_count=1
2026-09-13T11:25:47.784661Z  INFO ws_message:game_session{game=QV6SU1 player=PlayerId(0)}: phase_server: game submission processed (lock held) game=QV6SU1 kind="interaction" lock_ms=34 ai_actions=0
2026-09-13T11:25:47.926190Z  INFO ws_message:game_session{game=QV6SU1 player=PlayerId(0)}: server_core::session: interaction applied game=QV6SU1 player=PlayerId(0) action_type="ChooseX" event_count=12
2026-09-13T11:25:47.942009Z  INFO ws_message:game_session{game=QV6SU1 player=PlayerId(0)}: phase_server: game submission processed (lock held) game=QV6SU1 kind="interaction" lock_ms=37 ai_actions=0
2026-09-13T11:25:48.059680Z  INFO ws_message:game_session{game=QV6SU1 player=PlayerId(0)}: server_core::session: action applied game=QV6SU1 player=PlayerId(0) action_type="PassPriority" event_count=1
2026-09-13T11:25:48.063505Z  INFO ws_message:game_session{game=QV6SU1 player=PlayerId(0)}: phase_server: game submission processed (lock held) game=QV6SU1 kind="action" lock_ms=6 ai_actions=0
2026-09-13T11:25:48.213579Z  INFO ws_message:game_session{game=QV6SU1 player=PlayerId(1)}: server_core::session: action applied game=QV6SU1 player=PlayerId(1) action_type="PassPriority" event_count=3
2026-09-13T11:25:48.217552Z  INFO ws_message:game_session{game=QV6SU1 player=PlayerId(1)}: phase_server: game submission processed (lock held) game=QV6SU1 kind="action" lock_ms=8 ai_actions=0
2026-09-13T11:25:48.364060Z  INFO ws_message:game_session{game=QV6SU1 player=PlayerId(1)}: server_core::session: action applied game=QV6SU1 player=PlayerId(1) action_type="PassPriority" event_count=1
2026-09-13T11:25:48.393936Z  INFO ws_message:game_session{game=QV6SU1 player=PlayerId(1)}: phase_server: game submission processed (lock held) game=QV6SU1 kind="action" lock_ms=32 ai_actions=0
2026-09-13T11:25:48.516796Z  INFO ws_message:game_session{game=QV6SU1 player=PlayerId(0)}: server_core::session: action applied game=QV6SU1 player=PlayerId(0) action_type="PassPriority" event_count=5
2026-09-13T11:25:48.522721Z  INFO ws_message:game_session{game=QV6SU1 player=PlayerId(0)}: phase_server: game submission processed (lock held) game=QV6SU1 kind="action" lock_ms=8 ai_actions=0
2026-09-13T11:25:48.668331Z  INFO ws_message:game_session{game=QV6SU1 player=PlayerId(1)}: server_core::session: action applied game=QV6SU1 player=PlayerId(1) action_type="PassPriority" event_count=1
2026-09-13T11:25:48.699387Z  INFO ws_message:game_session{game=QV6SU1 player=PlayerId(1)}: phase_server: game submission processed (lock held) game=QV6SU1 kind="action" lock_ms=33 ai_actions=0
2026-09-13T11:25:48.822358Z  INFO ws_message:game_session{game=QV6SU1 player=PlayerId(0)}: server_core::session: action applied game=QV6SU1 player=PlayerId(0) action_type="PassPriority" event_count=5
2026-09-13T11:25:48.854690Z  INFO ws_message:game_session{game=QV6SU1 player=PlayerId(0)}: phase_server: game submission processed (lock held) game=QV6SU1 kind="action" lock_ms=35 ai_actions=0
2026-09-13T11:25:48.975391Z  INFO ws_message:game_session{game=QV6SU1 player=PlayerId(1)}: server_core::session: action applied game=QV6SU1 player=PlayerId(1) action_type="PlayLand" event_count=2
2026-09-13T11:25:48.979539Z  INFO ws_message:game_session{game=QV6SU1 player=PlayerId(1)}: phase_server: game submission processed (lock held) game=QV6SU1 kind="action" lock_ms=9 ai_actions=0
