=== Game 1: Nalia only (no full party) ===
[P0] mulligan decision: keep
[P1] mulligan decision: keep
[P0] plays Plains
[P1] discarding 1 to hand size via interaction
[P0] plays Plains
[P1] discarding 1 to hand size via interaction
[P0] plays Plains
[P1] discarding 1 to hand size via interaction
[P0] plays Plains
[P1] discarding 1 to hand size via interaction
[P0] plays Plains
[P1] discarding 1 to hand size via interaction
[P0] plays Plains
[P1] discarding 1 to hand size via interaction
[P0] plays Plains
[P1] discarding 1 to hand size via interaction
[P0] plays Swamp
[P0] casts Nalia de'Arnise
[g1_noparty] exported pre.json (turn 15)
[g1_noparty] BeginCombat: stack=[]
[P1] discarding 1 to hand size via interaction
[P0] plays Swamp
[P0] declares no attackers
[g1_noparty] exported post.json
A1_setup_ok: passed
A2_no_counters: passed
A3_no_deathtouch: passed
A4_cleanup: passed
=== Game 2: full party (Nalia+Cleric+Warrior+Wizard) ===
[P0] mulligan decision: keep
[P1] mulligan decision: keep
[P0] plays Plains
[P1] discarding 1 to hand size via interaction
[P0] plays Plains
[P1] discarding 1 to hand size via interaction
[P0] plays Plains
[P1] discarding 1 to hand size via interaction
[P0] plays Swamp
[P0] casts Nalia de'Arnise
[P1] discarding 1 to hand size via interaction
[P0] plays Swamp
[P0] declares no attackers
[P1] discarding 1 to hand size via interaction
[P0] plays Swamp
[P0] declares no attackers
[P1] discarding 1 to hand size via interaction
[P0] plays Swamp
[P0] casts Acolyte of Xathrid
[P0] casts Aven Skirmisher
[P0] casts Augur of Skulls
[g2_fullparty] exported pre.json (turn 14)
[g2_fullparty] BeginCombat: stack=[{'id': 129, 'effects': ['PutCounterAll', 'GenericEffect'], 'source': None}]
[P0] declares no attackers
[g2_fullparty] exported post.json
A5_counters: passed
A6_deathtouch: passed
A7_cleanup: passed
VERDICT: not-reproduced — trigger correctly withheld with party=1 and correctly fired with party=4
run.json written (scenario hash pending); evidence in /home/hatch/workspace/dev/phase-backfill/evidence/6759/20260917-6759
