[21:52:05] server identity hashes verified against the v0.103.0 pin
[21:52:09] ServerHello: version=0.103.0 build=ec27a8d protocol=106 mode=Full
[21:52:09] data-level: door parse ok=True trig_ok=True repl_ok=True
[21:52:09] P0 creating game (default Bo1, 2 seats)...
[21:52:09] P1 joining...
[21:52:09] game Z0JSUD; P0 seat=0 P1 seat=1
[21:52:09] [P0] mulligan -> Mulligan (hand=['llanowar elves', 'forest', 'llanowar elves', 'forest', 'grizzly bears', 'grizzly bears', 'llanowar elves'])
[21:52:09] [P1] mulligan -> Keep (hand=['forest', 'forest', 'forest', 'forest', 'forest', 'forest', 'forest'])
[21:52:09] DIAG turn=1 active=0 phase=Untap pp=0 P0untapped=0 door=None cast=False chosen=None elf1=False mid1=False bear=False mid2=False elf2=False post=False stack=0
[21:52:10] [P0] mulligan -> Keep (hand=['forest', 'forest', 'forest', 'forest', 'grizzly bears', 'forest', 'forest'])
[21:52:10] [P0] bottoms 1
[21:52:11] [P0] playing land forest
[21:52:15] [P1] playing land forest
[21:52:19] [P0] playing land forest
[21:52:24] [P1] playing land forest
[21:52:27] [P0] playing land forest
[21:52:31] [P1] playing land forest
[21:52:35] [P0] playing land forest
[21:52:39] [P1] playing land forest
[21:52:43] [P0] playing land forest
[21:52:47] [P1] playing land forest
[21:52:51] [P0] playing land forest
[21:52:54] [P1] playing land forest
[21:52:58] exported pre.json
[21:52:58] PRE exported before Door cast
[21:52:58] [P0] casting Door of Destinies (engine Auto payment)
[21:53:01] Door of Destinies on BF: oid=45 counters=0
[21:53:01] [P0] ENTRY CHOICE PROMPT kind=text n=370 attempt=1
[21:53:01] [P0] choosing creature type: Elf (value='Elf', attempt 1)
[21:53:01] entry choice accepted (text opportunity closed)
[21:53:01] [P0] playing land forest
[21:53:05] [P1] playing land forest
[21:53:09] [P0] playing land forest
[21:53:10] DIAG turn=15 active=0 phase=BeginCombat pp=0 P0untapped=8 door=45 cast=True chosen=elf elf1=False mid1=False bear=False mid2=False elf2=False post=False stack=0
[21:53:13] [P1] playing land forest
[21:53:16] [P0] playing land forest
[21:53:21] [P1] playing land forest
[21:53:25] [P0] playing land forest
[21:53:28] [P1] playing land forest
[21:53:32] [P0] playing land forest
[21:53:36] [P1] playing land forest
[21:53:40] [P0] casting Llanowar Elves #1 (engine Auto payment)
[21:53:42] exported mid1.json
[21:53:42] MID1 exported: door charge=1
[21:53:42] [P0] casting Grizzly Bears (control, engine Auto payment)
[21:53:42] exported mid2.json
[21:53:42] MID2 exported: door charge=1
[21:53:42] [P0] playing land forest
[21:53:46] [P1] playing land forest
[21:53:50] [P0] casting Llanowar Elves #2 (engine Auto payment)
[21:53:51] exported post.json
[21:53:51] POST exported: door charge=2; stopping
[21:53:51] loop ended: stage=DONE elapsed=104s
[21:53:51] A1_setup_ok: passed
[21:53:51] A2_counter_on_elf: passed
[21:53:51] A3_control_bear: passed
[21:53:51] A4_anthem: passed
[21:53:51] A5_cleanup: passed
[21:53:51] verdict=not-reproduced
[21:53:51] wrote run.json verdict=not-reproduced
[21:53:51] copied scenario_6918_01030.py into EVDIR
[21:53:51] wrote summary.png
[21:53:51] manifest: MISSING server.log
[21:53:51] wrote manifest.sha256 (12 files)
