game XVHHFZ; P0 seat=0 P1 seat=1
P0 mulligans #1
P1 keeps (mulls=0)
[tick] turn=1 phase=Untap wait=MulliganDecision stage=setup
P0 keeps (mulls=1)
P0 bottoms 1
[tick] turn=1 phase=Upkeep wait=Priority stage=setup
[tick] turn=1 phase=PreCombatMain wait=Priority stage=setup
[tick] turn=1 phase=BeginCombat wait=Priority stage=setup
[tick] turn=1 phase=EndCombat wait=Priority stage=setup
[tick] turn=1 phase=PostCombatMain wait=Priority stage=setup
[tick] turn=1 phase=End wait=Priority stage=setup
[tick] turn=2 phase=Upkeep wait=Priority stage=setup
[tick] turn=2 phase=Draw wait=Priority stage=setup
P0 plays land t2
[tick] turn=2 phase=PreCombatMain wait=Priority stage=setup
[tick] turn=2 phase=BeginCombat wait=Priority stage=setup
[tick] turn=2 phase=EndCombat wait=Priority stage=setup
[tick] turn=2 phase=PostCombatMain wait=Priority stage=setup
[tick] turn=2 phase=End wait=Priority stage=setup
[tick] turn=3 phase=Upkeep wait=Priority stage=setup
[tick] turn=3 phase=Draw wait=Priority stage=setup
[tick] turn=3 phase=PreCombatMain wait=Priority stage=setup
[tick] turn=3 phase=BeginCombat wait=Priority stage=setup
[tick] turn=3 phase=EndCombat wait=Priority stage=setup
[tick] turn=3 phase=PostCombatMain wait=Priority stage=setup
[tick] turn=3 phase=End wait=Priority stage=setup
[tick] turn=4 phase=Upkeep wait=Priority stage=setup
[tick] turn=4 phase=Draw wait=Priority stage=setup
P0 plays land t4
[tick] turn=4 phase=PreCombatMain wait=Priority stage=setup
[tick] turn=4 phase=BeginCombat wait=Priority stage=setup
[tick] turn=4 phase=EndCombat wait=Priority stage=setup
[tick] turn=4 phase=PostCombatMain wait=Priority stage=setup
[tick] turn=4 phase=End wait=Priority stage=setup
[tick] turn=5 phase=Upkeep wait=Priority stage=setup
[tick] turn=5 phase=Draw wait=Priority stage=setup
[tick] turn=5 phase=PreCombatMain wait=Priority stage=setup
[tick] turn=5 phase=BeginCombat wait=Priority stage=setup
[tick] turn=5 phase=EndCombat wait=Priority stage=setup
[tick] turn=5 phase=PostCombatMain wait=Priority stage=setup
[tick] turn=5 phase=End wait=Priority stage=setup
[tick] turn=6 phase=Upkeep wait=Priority stage=setup
[tick] turn=6 phase=Draw wait=Priority stage=setup
P0 plays land t6
[tick] turn=6 phase=PreCombatMain wait=Priority stage=setup
[tick] turn=6 phase=BeginCombat wait=Priority stage=setup
[tick] turn=6 phase=EndCombat wait=Priority stage=setup
[tick] turn=6 phase=PostCombatMain wait=Priority stage=setup
[tick] turn=6 phase=End wait=Priority stage=setup
[tick] turn=7 phase=Upkeep wait=Priority stage=setup
[tick] turn=7 phase=Draw wait=Priority stage=setup
[P0] ActionRejected: {"rejection": {"code": "wrong_player", "disposition": "unauthorized", "message": "That action belongs to a different player.", "related_object_ids": []}}
[P0] ActionRejected: {"rejection": {"code": "wrong_player", "disposition": "unauthorized", "message": "That action belongs to a different player.", "related_object_ids": []}}
[tick] turn=7 phase=PreCombatMain wait=Priority stage=setup
[tick] turn=7 phase=BeginCombat wait=Priority stage=setup
[tick] turn=7 phase=EndCombat wait=Priority stage=setup
[tick] turn=7 phase=PostCombatMain wait=Priority stage=setup
[tick] turn=7 phase=End wait=Priority stage=setup
[tick] turn=8 phase=Upkeep wait=Priority stage=setup
[tick] turn=8 phase=Draw wait=Priority stage=setup
P0 plays land t8
[tick] turn=8 phase=PreCombatMain wait=Priority stage=setup
[tick] turn=8 phase=BeginCombat wait=Priority stage=setup
[tick] turn=8 phase=EndCombat wait=Priority stage=setup
[tick] turn=8 phase=PostCombatMain wait=Priority stage=setup
[tick] turn=8 phase=End wait=Priority stage=setup
[tick] turn=9 phase=Upkeep wait=Priority stage=setup
[tick] turn=9 phase=Draw wait=Priority stage=setup
[tick] turn=9 phase=PreCombatMain wait=Priority stage=setup
[tick] turn=9 phase=BeginCombat wait=Priority stage=setup
[tick] turn=9 phase=EndCombat wait=Priority stage=setup
[tick] turn=9 phase=PostCombatMain wait=Priority stage=setup
[tick] turn=9 phase=End wait=Priority stage=setup
[tick] turn=10 phase=Upkeep wait=Priority stage=setup
[tick] turn=10 phase=Draw wait=Priority stage=setup
P0 plays land t10
[tick] turn=10 phase=PreCombatMain wait=Priority stage=setup
P0 casts Faithless Looting t10
P0 discards ['grizzly bears', 'grizzly bears'] (DiscardChoice)
[tick] turn=10 phase=PreCombatMain wait=DiscardChoice stage=setup
P0 discards ['grizzly bears', 'grizzly bears'] (DiscardChoice)
[P0] ActionRejected: {"rejection": {"code": "action_not_allowed", "disposition": "unavailable", "message": "That action is not allowed right now.", "related_object_ids": [49, 32]}}
[P0] ActionRejected: {"rejection": {"code": "action_not_allowed", "disposition": "unavailable", "message": "That action is not allowed right now.", "related_object_ids": [49, 32]}}
[tick] turn=10 phase=PreCombatMain wait=Priority stage=setup
[tick] turn=10 phase=BeginCombat wait=Priority stage=setup
[tick] turn=10 phase=EndCombat wait=Priority stage=setup
[P1] ActionRejected: {"rejection": {"code": "wrong_player", "disposition": "unauthorized", "message": "That action belongs to a different player.", "related_object_ids": []}}
[P1] ActionRejected: {"rejection": {"code": "wrong_player", "disposition": "unauthorized", "message": "That action belongs to a different player.", "related_object_ids": []}}
[tick] turn=10 phase=PostCombatMain wait=Priority stage=setup
[tick] turn=10 phase=End wait=Priority stage=setup
[tick] turn=11 phase=Upkeep wait=Priority stage=setup
[tick] turn=11 phase=Draw wait=Priority stage=setup
[tick] turn=11 phase=PreCombatMain wait=Priority stage=setup
[tick] turn=11 phase=BeginCombat wait=Priority stage=setup
[tick] turn=11 phase=EndCombat wait=Priority stage=setup
[tick] turn=11 phase=PostCombatMain wait=Priority stage=setup
[tick] turn=11 phase=End wait=Priority stage=setup
[tick] turn=12 phase=Upkeep wait=Priority stage=setup
[tick] turn=12 phase=Draw wait=Priority stage=setup
P0 plays land t12
[tick] turn=12 phase=PreCombatMain wait=Priority stage=setup
P0 casts Beamtown Bullies t12
[tick] turn=12 phase=BeginCombat wait=Priority stage=setup
P0 declares no attackers/blockers
[tick] turn=12 phase=DeclareAttackers wait=DeclareAttackers stage=setup
[tick] turn=12 phase=EndCombat wait=Priority stage=setup
[tick] turn=12 phase=PostCombatMain wait=Priority stage=setup
[tick] turn=12 phase=End wait=Priority stage=setup
[tick] turn=13 phase=Upkeep wait=Priority stage=setup
[tick] turn=13 phase=Draw wait=Priority stage=setup
[tick] turn=13 phase=PreCombatMain wait=Priority stage=setup
PROBE POINT t13 PreCombatMain: bullies=47 untapped, bears_in_gy=2, P1's turn, P0 priority
exported pre.json (585225 bytes)
ActivateAbility candidates for bullies 47: 2
attempting activation: {"source_id": 47, "ability_index": 0}
after attempt: stack=1 tapped=True wait=Priority
exported post.json (591914 bytes)
[tick] turn=13 phase=BeginCombat wait=Priority stage=probe
[tick] turn=13 phase=EndCombat wait=Priority stage=probe
[tick] turn=13 phase=PostCombatMain wait=Priority stage=probe
[tick] turn=13 phase=End wait=Priority stage=probe
[tick] turn=14 phase=Upkeep wait=Priority stage=probe
[tick] turn=14 phase=Draw wait=Priority stage=probe
P0 plays land t14
[tick] turn=14 phase=PreCombatMain wait=Priority stage=probe
[tick] turn=14 phase=BeginCombat wait=Priority stage=probe
P0 declares no attackers/blockers
[tick] turn=14 phase=DeclareAttackers wait=DeclareAttackers stage=probe
[tick] turn=14 phase=EndCombat wait=Priority stage=probe
[tick] turn=14 phase=PostCombatMain wait=Priority stage=probe
[tick] turn=14 phase=End wait=Priority stage=probe
[tick] turn=15 phase=Upkeep wait=Priority stage=probe
[tick] turn=15 phase=Draw wait=Priority stage=probe
[P0] ActionRejected: {"rejection": {"code": "wrong_player", "disposition": "unauthorized", "message": "That action belongs to a different player.", "related_object_ids": []}}
[P0] ActionRejected: {"rejection": {"code": "wrong_player", "disposition": "unauthorized", "message": "That action belongs to a different player.", "related_object_ids": []}}
[tick] turn=15 phase=PreCombatMain wait=Priority stage=probe
[tick] turn=15 phase=BeginCombat wait=Priority stage=probe
[tick] turn=15 phase=EndCombat wait=Priority stage=probe
[tick] turn=15 phase=PostCombatMain wait=Priority stage=probe
[tick] turn=15 phase=End wait=Priority stage=probe
[tick] turn=16 phase=Upkeep wait=Priority stage=probe
[tick] turn=16 phase=Draw wait=Priority stage=probe
P0 plays land t16
[tick] turn=16 phase=PreCombatMain wait=Priority stage=probe
[tick] turn=16 phase=BeginCombat wait=Priority stage=probe
P0 declares no attackers/blockers
[tick] turn=16 phase=DeclareAttackers wait=DeclareAttackers stage=probe
[tick] turn=16 phase=EndCombat wait=Priority stage=probe
[tick] turn=16 phase=PostCombatMain wait=Priority stage=probe
[tick] turn=16 phase=End wait=Priority stage=probe
assertions: {"A1_setup_ok": "passed", "A2_offered": "passed", "A3_no_target_block": "passed", "A4_announced": "passed", "A5_cleanup": "passed"}
verdict: not-reproduced
server excerpts: 516 lines for XVHHFZ
manifest: 9 files
VERDICT:not-reproduced
EXIT:0
