both clients connected
game created: F8T7PG
P1 joined
[P0] mulligan: keep 7
[P1] mulligan: keep 7
[diag] t=1s stage=setup turn=1 phase=PreCombatMain wf=Priority dancer_bf=0 counters=[] life=20/20 stack_bolts=0
[P0] playing land island
[P1] discarding to hand size: F8T7PG.0.31.s0
[P1] submitting interaction iid=F8T7PG.0.31 choice=F8T7PG.0.31.s0 (F8T7PG.0.31.s0)
[P0] playing land mountain
[P0] casting mercurial spelldancer
[P1] discarding to hand size: F8T7PG.0.64.s0
[P1] submitting interaction iid=F8T7PG.0.64 choice=F8T7PG.0.64.s0 (F8T7PG.0.64.s0)
[P0] playing land mountain
[P0] casting lightning bolt (counter)
[P0] TargetSelection (bolt): choosing seat 1 (choice F8T7PG.0.71.t1)
[P0] submitting interaction iid=F8T7PG.0.71 choice=F8T7PG.0.71.t1 (F8T7PG.0.71.t1)
[P0] casting lightning bolt (counter)
[P0] TargetSelection (bolt): choosing seat 1 (choice F8T7PG.0.73.t1)
[P0] submitting interaction iid=F8T7PG.0.73 choice=F8T7PG.0.73.t1 (F8T7PG.0.73.t1)
[P0] stage -> combat1 (counters=2, turn=5)
[P0] declaring attacker: spelldancer -> P1 (stage=combat1)
[P0] combat1 OptionalEffectChoice: pre counters=2
exported pre.json (turn=5)
[P0] ACCEPTING removal of two oil counters (reported branch)
[P0] submitting interaction iid=F8T7PG.0.93 choice=F8T7PG.0.93.c1 (F8T7PG.0.93.c1)
[P1] discarding to hand size: F8T7PG.0.116.s0
[P1] submitting interaction iid=F8T7PG.0.116 choice=F8T7PG.0.116.s0 (F8T7PG.0.116.s0)
[P0] playing land island
[P1] discarding to hand size: F8T7PG.0.147.s0
[P1] submitting interaction iid=F8T7PG.0.147 choice=F8T7PG.0.147.s0 (F8T7PG.0.147.s0)
[P0] playing land island
[P1] discarding to hand size: F8T7PG.0.178.s0
[P1] submitting interaction iid=F8T7PG.0.178 choice=F8T7PG.0.178.s0 (F8T7PG.0.178.s0)
[P0] playing land island
[P1] discarding to hand size: F8T7PG.0.209.s0
[P1] submitting interaction iid=F8T7PG.0.209 choice=F8T7PG.0.209.s0 (F8T7PG.0.209.s0)
[P0] playing land mountain
[P1] discarding to hand size: F8T7PG.0.240.s0
[P1] submitting interaction iid=F8T7PG.0.240 choice=F8T7PG.0.240.s0 (F8T7PG.0.240.s0)
[P0] playing land island
[P0] casting lightning bolt (test)
[P0] TargetSelection (bolt): choosing seat 1 (choice F8T7PG.0.254.t1)
[P0] submitting interaction iid=F8T7PG.0.254 choice=F8T7PG.0.254.t1 (F8T7PG.0.254.t1)
exported mid.json (turn=15)
[P0] accept_test bolt resolved: P1 12->9, P0-gy bolts=3
[P1] discarding to hand size: F8T7PG.0.277.s0
[P1] submitting interaction iid=F8T7PG.0.277 choice=F8T7PG.0.277.s0 (F8T7PG.0.277.s0)
[P0] casting lightning bolt (regen)
[P0] TargetSelection (bolt): choosing seat 0 (choice F8T7PG.0.283.t0)
[P0] submitting interaction iid=F8T7PG.0.283 choice=F8T7PG.0.283.t0 (F8T7PG.0.283.t0)
[P0] stage -> combat2 (counters=2, turn=17)
[P0] declaring attacker: spelldancer -> P1 (stage=combat2)
[P0] DECLINING removal (control branch)
[P0] submitting interaction iid=F8T7PG.0.299 choice=F8T7PG.0.299.c0 (F8T7PG.0.299.c0)
[P1] discarding to hand size: F8T7PG.0.322.s0
[P1] submitting interaction iid=F8T7PG.0.322 choice=F8T7PG.0.322.s0 (F8T7PG.0.322.s0)
[P0] casting lightning bolt (decl)
[P0] TargetSelection (bolt): choosing seat 1 (choice F8T7PG.0.335.t1)
[P0] submitting interaction iid=F8T7PG.0.335 choice=F8T7PG.0.335.t1 (F8T7PG.0.335.t1)
[P0] decline_test bolt resolved: P1 7->4
exported post.json (turn=20)
loaded pre.json
loaded mid.json
loaded post.json
server.log excerpt failed: [Errno 2] No such file or directory: '/home/hatch/workspace/dev/phase-backfill/runs/20260913-7140b/server.log'
rendered summary.png
manifest: MISSING server.log
wrote manifest.sha256
manifest: MISSING server.log
