both clients connected
game created: 5W86WB
P1 joined
[P0] mulligan: keep 7
[P1] mulligan: keep 7
[diag] t=1s stage=setup turn=1 phase=PreCombatMain wf=Priority rite=None dread=None attacked=False blocked=False
[P0] casting Grizzly Bears
[P1] casting Grizzly Bears
[P1] casting Grizzly Bears
[P0] casting Rite of Passage
[obs] Rite of Passage on BF oid=49
[P1] casting Grizzly Bears
[P0] casting Grizzly Bears
[diag] t=61s stage=setup turn=15 phase=PreCombatMain wf=Priority rite=49 dread=None attacked=False blocked=False
[P0] casting Colossal Dreadmaw
[obs] Dreadmaw on BF oid=23
[P0] stage -> combat_setup (rite + dreadmaw on BF)
exported pre_combat.json (turn=18)
[P1] attacking P0 with bear oid=79 (turn 18)
[P0] blocking bear 79 with Dreadmaw 23
[obs] Rite trigger ON STACK id=121 dreadmaw dmg_marked=2 counters_before=0
exported trigger_stack.json (turn=18)
[obs] trigger RESOLVED: counters_after={'dreadmaw': 1, 'bear': 0, 'dreadmaw_zone': 'Battlefield'}
exported post_trigger.json (turn=18)
loaded pre_combat.json
loaded trigger_stack.json
loaded post_trigger.json
server run dir: runs/20260915-7182
wrote server.log excerpts (612 lines)
wrote summary.png
