both clients connected
game created: FCEU3C
P1 joined
[P0] mulligan: keep 7
[P1] mulligan: keep 7
[diag] t=1s stage=setup turn=1 phase=PreCombatMain wf=Priority wayta=None caco=None raptor=None trigs_seen=0 untap_ans=0
[P0] casting Cacophodon
[P0] Cacophodon ENTERED oid=15 turn=7
[P0] casting Ripjaw Raptor
[P0] Ripjaw Raptor ENTERED oid=23 turn=9
[diag] t=61s stage=setup turn=16 phase=PreCombatMain wf=Priority wayta=None caco=15 raptor=23 trigs_seen=0 untap_ans=0
[diag] t=121s stage=setup turn=31 phase=End wf=Priority wayta=None caco=15 raptor=23 trigs_seen=0 untap_ans=0
[P0] discarding to hand size
[diag] t=182s stage=setup turn=46 phase=EndCombat wf=Priority wayta=None caco=15 raptor=23 trigs_seen=0 untap_ans=0
[P0] casting Wayta, Trainer Prodigy
[P0] Wayta ENTERED oid=50 turn=59
exported pre_fight.json (turn=60)
[P0] ACTIVATING Wayta fight: Caco vs Raptor
[P0] fight slot 0 answered: oid 15 (Cacophodon)
[P0] fight slot 1 answered: oid 23 (Ripjaw Raptor)
[P0] fight ability on the stack (targets accepted) turn=60
[P0] OrderTriggers answered: 4 triggers offered=[('Cacophodon', 15), ('Cacophodon', 15), ('Ripjaw Raptor', 23), ('Ripjaw Raptor', 23)]; trigger window OPEN
[P0] untap target #1: Wayta, Trainer Prodigy oid=50
[P0] untap target #2: Forest oid=7
[P0] enrage trigger #1: cacophodon (stack id 122)
[P0] enrage trigger #2: cacophodon (stack id 123)
[P0] enrage trigger #3: ripjaw raptor (stack id 124)
[P0] enrage trigger #4: ripjaw raptor (stack id 125)
exported mid.json (turn=60)
exported post.json (turn=60)
[P0] trigger window closed: 4 distinct triggers seen, stack empty, turn=60
loaded pre_fight.json
loaded mid.json
loaded post.json
wrote server.log excerpts (1884 lines)
saved summary.png (50406 bytes)
wrote manifest.sha256 (9 files)
