game 51U7G9; P0 seat=0 P1 seat=1
P0 keeps (tamiyo=True, mulls=0)
P1 keeps opening hand
DIAG turn=1 active=1 phase=Untap wf=MulliganDecision pp=1 P0hand=['divination', 'tamiyo, inquisitive student', 'tamiyo, inquisitive student', 'island', 'island', 'island'] pw_loyalty=None life=20/20 stack=0 plus2=False atk1=False atk2=False exp={"pre": false, "mid": false, "post": false, "p0next": false, "post2": false}
[P1] interaction rtype=exactChoices choices=[]
[P1] submitting single advertised choice
[P0] interaction rtype=exactChoices choices=[]
[P0] submitting single advertised choice
[P1] interaction rtype=exactChoices choices=[ // Forest // Forest // Forest // Forest]
[P1] interaction rtype=exactChoices choices=[ // Forest]
[P0] submitting single advertised choice
[P0] submitting single advertised choice
[P0] submitting single advertised choice
[P0] submitting single advertised choice
[P0] submitting single advertised choice
[P0] submitting single advertised choice
[P0] submitting single advertised choice
[P0] interaction rtype=exactChoices choices=[ // Island // Island // Island // Island]
[P0] interaction rtype=exactChoices choices=[ // Tamiyo, Inquisitive Student // Tamiyo, Inquisitive Student // Tamiyo, Inquisitive Student // Tamiyo, Inquisitive Student // Island]
P0 casts Tamiyo (turn 2)
[P0] submitting single advertised choice
[P0] submitting single advertised choice
[P0] submitting single advertised choice
[P0] submitting single advertised choice
[P0] submitting single advertised choice
[P0] submitting single advertised choice
[P0] submitting single advertised choice
[P0] submitting single advertised choice
[P1] interaction rtype=exactChoices choices=[ // Forest // Forest // Forest // Forest // Forest]
[P1] interaction rtype=exactChoices choices=[ // Grizzly Bears // Grizzly Bears // Grizzly Bears // Grizzly Bears // Grizzly Bears // Grizzly Bears // Forest // Forest]
[P1] submitting single advertised choice
[P0] submitting single advertised choice
[P1] submitting single advertised choice
[P0] submitting single advertised choice
[P1] submitting single advertised choice
[P0] submitting single advertised choice
[P1] submitting single advertised choice
[P0] submitting single advertised choice
[P1] submitting single advertised choice
[P0] submitting single advertised choice
[P1] submitting single advertised choice
[P0] submitting single advertised choice
[P0] interaction rtype=exactChoices choices=[ // Island]
[P1] submitting single advertised choice
[P1] submitting single advertised choice
[P0] interaction rtype=exactChoices choices=[ // Island // Island // Island // Tamiyo, Inquisitive Student // Tamiyo, Inquisitive Student // Island]
[P0] interaction rtype=exactChoices choices=[ // Tamiyo, Inquisitive Student // Tamiyo, Inquisitive Student // Island // Island]
[P1] submitting single advertised choice
[P0] interaction rtype=exactChoices choices=[ // Island // Island]
[P1] submitting single advertised choice
[P0] interaction rtype=schema choices=[Tamiyo, Inquisitive Student // ]
P0 declares no attackers (turn 4)
[P1] submitting single advertised choice
[P1] submitting single advertised choice
[P1] submitting single advertised choice
[P1] interaction rtype=exactChoices choices=[ // Forest // Forest]
[P1] interaction rtype=exactChoices choices=[ // Forest // Forest // Forest // Forest // Grizzly Bears // Grizzly Bears // Grizzly Bears // Grizzly Bears // Forest // Forest]
[P1] submitting single advertised choice
[P1] interaction rtype=schema choices=[Grizzly Bears // ]
[P0] interaction rtype=exactChoices choices=[ // Island // Island // Tamiyo, Inquisitive Student // Tamiyo, Inquisitive Student // Island // Island]
[P0] interaction rtype=exactChoices choices=[ // Divination // Divination // Divination // Divination // Divination // Divination // Divination // Divination // Tamiyo, Inquisitive Student // Tamiyo, Inquisitive Student // Island // Island // Island]
P0 casts Divination (turn 6)
[P0] submitting single advertised choice
[P0] submitting single advertised choice
[P0] interaction rtype=exactChoices choices=[ // Tamiyo, Seasoned Scholar]
proof: exporting PRE, activating Tamiyo +2 (turn 6 phase PreCombatMain)
exported pre.json
P0 activates Tamiyo +2 (turn 6)
[P0] submitting single advertised choice
[P0] submitting single advertised choice
MID: +2 resolved, loyalty 4 (turn 6)
exported mid.json
[P0] submitting single advertised choice
[P0] submitting single advertised choice
[P0] submitting single advertised choice
[P0] submitting single advertised choice
[P1] interaction rtype=exactChoices choices=[ // Forest // Forest // Forest]
[P0] submitting single advertised choice
[P0] submitting single advertised choice
[P1] interaction rtype=exactChoices choices=[ // Forest // Forest // Forest // Forest // Grizzly Bears // Grizzly Bears // Forest // Forest // Forest]
[P0] submitting single advertised choice
[P0] submitting single advertised choice
[P0] submitting single advertised choice
[P1] interaction rtype=schema choices=[Grizzly Bears // Grizzly Bears //  // Tamiyo, Seasoned Scholar]
P1 attack1: attacks P0 with Bear oid 62 (turn 7)
STACK after attack1 (turn 7 DeclareAttackers): [{"id": 123, "kind": {"type": "TriggeredAbility", "data": {"source_id": 50, "ability": {"effect": {"type": "Pump", "power": {"type": "Fixed", "value": -1}, "toughness": {"type": "Fixed", "value": 0}, "target": {"type": "SelfRef"}}, "targets": [], "source_id": 50, "source_incarnation": 5, "trigger_source": {"identity": {"reference": {"object_id": 50, "incarnation": 5}, "expected_zone": "Battlefield
[P0] submitting single advertised choice
[P0] submitting single advertised choice
[P0] submitting single advertised choice
[P0] submitting single advertised choice
exported post.json
POST: attack1 turn 7 phase EndCombat; bear oid 62 power=2
[P0] submitting single advertised choice
[P0] submitting single advertised choice
[P0] submitting single advertised choice
[P0] interaction rtype=exactChoices choices=[ // Island // Island // Island]
P0NEXT: P0 turn 8 phase Upkeep; bear powers=[2, 2, 2]
exported p0next.json
[P0] interaction rtype=exactChoices choices=[ // Tamiyo, Inquisitive Student // Tamiyo, Inquisitive Student // Divination // Divination // Divination // Divination // Divination // Divination // Tamiyo, Inquisitive Student // Tamiyo, Inquisitive Student // Tamiyo, ]
[P1] interaction rtype=exactChoices choices=[ // Forest // Forest // Forest // Grizzly Bears // Grizzly Bears // Forest // Forest // Forest // Forest]
[P1] interaction rtype=schema choices=[Grizzly Bears // Grizzly Bears // Grizzly Bears //  // Tamiyo, Seasoned Scholar]
P1 attack2: attacks P0 with Bear oid 62 (turn 9)
exported post2.json
POST2: attack2 turn 9 phase EndCombat; bear oid 62 power=2
post2 exported; finishing
