2026-09-10T10:13:53.238811Z  INFO ws_message: server_core::session: game session created game=51U7G9 player_count=2
2026-09-10T10:13:53.259204Z  INFO ws_message: phase_server: game created via lobby game=51U7G9 host=P0 players=2
2026-09-10T10:13:53.328063Z  INFO ws_message: phase_server: JoinGameWithPassword game=51U7G9 joiner=P1
2026-09-10T10:13:53.328287Z  INFO ws_message: server_core::session: player joined session game=51U7G9 player=PlayerId(1) seat=1
2026-09-10T10:13:53.347222Z  INFO ws_message: phase_server: player joined via lobby game=51U7G9 player=PlayerId(1)
2026-09-10T10:13:53.493391Z  WARN phase_server: Full snapshot was no longer current game=51U7G9 disposition=SupersededOrRetired
2026-09-10T10:13:53.665010Z  INFO ws_message:game_session{game=51U7G9 player=PlayerId(0)}: server_core::session: action applied game=51U7G9 player=PlayerId(0) action_type="MulliganDecision" event_count=0
2026-09-10T10:13:53.674905Z  INFO ws_message:game_session{game=51U7G9 player=PlayerId(0)}: phase_server: game submission processed (lock held) game=51U7G9 kind="action" lock_ms=10 ai_actions=0
2026-09-10T10:13:53.733411Z  INFO ws_message:game_session{game=51U7G9 player=PlayerId(1)}: server_core::session: action applied game=51U7G9 player=PlayerId(1) action_type="MulliganDecision" event_count=1
2026-09-10T10:13:53.737131Z  INFO ws_message:game_session{game=51U7G9 player=PlayerId(1)}: phase_server: game submission processed (lock held) game=51U7G9 kind="action" lock_ms=7 ai_actions=0
2026-09-10T10:13:53.822645Z  INFO ws_message:game_session{game=51U7G9 player=PlayerId(1)}: server_core::session: interaction applied game=51U7G9 player=PlayerId(1) action_type="PassPriority" event_count=1
2026-09-10T10:13:53.824962Z  INFO ws_message:game_session{game=51U7G9 player=PlayerId(1)}: phase_server: game submission processed (lock held) game=51U7G9 kind="interaction" lock_ms=9 ai_actions=0
2026-09-10T10:13:53.973880Z  INFO ws_message:game_session{game=51U7G9 player=PlayerId(0)}: server_core::session: interaction applied game=51U7G9 player=PlayerId(0) action_type="PassPriority" event_count=2
2026-09-10T10:13:53.995935Z  INFO ws_message:game_session{game=51U7G9 player=PlayerId(0)}: phase_server: game submission processed (lock held) game=51U7G9 kind="interaction" lock_ms=29 ai_actions=0
2026-09-10T10:13:54.125708Z  INFO ws_message:game_session{game=51U7G9 player=PlayerId(1)}: server_core::session: action applied game=51U7G9 player=PlayerId(1) action_type="PlayLand" event_count=2
2026-09-10T10:13:54.142134Z  INFO ws_message:game_session{game=51U7G9 player=PlayerId(1)}: phase_server: game submission processed (lock held) game=51U7G9 kind="action" lock_ms=24 ai_actions=0
2026-09-10T10:13:54.271804Z  INFO ws_message:game_session{game=51U7G9 player=PlayerId(1)}: server_core::session: action applied game=51U7G9 player=PlayerId(1) action_type="PassPriority" event_count=1
2026-09-10T10:13:54.274554Z  INFO ws_message:game_session{game=51U7G9 player=PlayerId(1)}: phase_server: game submission processed (lock held) game=51U7G9 kind="action" lock_ms=3 ai_actions=0
2026-09-10T10:13:54.429621Z  INFO ws_message:game_session{game=51U7G9 player=PlayerId(0)}: server_core::session: interaction applied game=51U7G9 player=PlayerId(0) action_type="PassPriority" event_count=1
2026-09-10T10:13:54.432419Z  INFO ws_message:game_session{game=51U7G9 player=PlayerId(0)}: phase_server: game submission processed (lock held) game=51U7G9 kind="interaction" lock_ms=10 ai_actions=0
2026-09-10T10:13:54.573963Z  INFO ws_message:game_session{game=51U7G9 player=PlayerId(1)}: server_core::session: action applied game=51U7G9 player=PlayerId(1) action_type="PassPriority" event_count=1
2026-09-10T10:13:54.579135Z  INFO ws_message:game_session{game=51U7G9 player=PlayerId(1)}: phase_server: game submission processed (lock held) game=51U7G9 kind="action" lock_ms=6 ai_actions=0
2026-09-10T10:13:54.735404Z  INFO ws_message:game_session{game=51U7G9 player=PlayerId(0)}: server_core::session: interaction applied game=51U7G9 player=PlayerId(0) action_type="PassPriority" event_count=3
2026-09-10T10:13:54.738102Z  INFO ws_message:game_session{game=51U7G9 player=PlayerId(0)}: phase_server: game submission processed (lock held) game=51U7G9 kind="interaction" lock_ms=13 ai_actions=0
2026-09-10T10:13:54.876858Z  INFO ws_message:game_session{game=51U7G9 player=PlayerId(1)}: server_core::session: action applied game=51U7G9 player=PlayerId(1) action_type="PassPriority" event_count=1
2026-09-10T10:13:54.879692Z  INFO ws_message:game_session{game=51U7G9 player=PlayerId(1)}: phase_server: game submission processed (lock held) game=51U7G9 kind="action" lock_ms=3 ai_actions=0
2026-09-10T10:13:55.037820Z  INFO ws_message:game_session{game=51U7G9 player=PlayerId(0)}: server_core::session: interaction applied game=51U7G9 player=PlayerId(0) action_type="PassPriority" event_count=1
2026-09-10T10:13:55.046917Z  INFO ws_message:game_session{game=51U7G9 player=PlayerId(0)}: phase_server: game submission processed (lock held) game=51U7G9 kind="interaction" lock_ms=19 ai_actions=0
2026-09-10T10:13:55.179157Z  INFO ws_message:game_session{game=51U7G9 player=PlayerId(1)}: server_core::session: action applied game=51U7G9 player=PlayerId(1) action_type="PassPriority" event_count=1
2026-09-10T10:13:55.184140Z  INFO ws_message:game_session{game=51U7G9 player=PlayerId(1)}: phase_server: game submission processed (lock held) game=51U7G9 kind="action" lock_ms=5 ai_actions=0
2026-09-10T10:13:55.340582Z  INFO ws_message:game_session{game=51U7G9 player=PlayerId(0)}: server_core::session: interaction applied game=51U7G9 player=PlayerId(0) action_type="PassPriority" event_count=1
2026-09-10T10:13:55.343401Z  INFO ws_message:game_session{game=51U7G9 player=PlayerId(0)}: phase_server: game submission processed (lock held) game=51U7G9 kind="interaction" lock_ms=13 ai_actions=0
2026-09-10T10:13:55.483347Z  INFO ws_message:game_session{game=51U7G9 player=PlayerId(1)}: server_core::session: action applied game=51U7G9 player=PlayerId(1) action_type="PassPriority" event_count=1
2026-09-10T10:13:55.490134Z  INFO ws_message:game_session{game=51U7G9 player=PlayerId(1)}: phase_server: game submission processed (lock held) game=51U7G9 kind="action" lock_ms=8 ai_actions=0
2026-09-10T10:13:55.643320Z  INFO ws_message:game_session{game=51U7G9 player=PlayerId(0)}: server_core::session: interaction applied game=51U7G9 player=PlayerId(0) action_type="PassPriority" event_count=4
2026-09-10T10:13:55.644720Z  INFO ws_message:game_session{game=51U7G9 player=PlayerId(0)}: phase_server: game submission processed (lock held) game=51U7G9 kind="interaction" lock_ms=12 ai_actions=0
2026-09-10T10:13:55.791621Z  INFO ws_message:game_session{game=51U7G9 player=PlayerId(0)}: server_core::session: interaction applied game=51U7G9 player=PlayerId(0) action_type="PassPriority" event_count=1
2026-09-10T10:13:55.794212Z  INFO ws_message:game_session{game=51U7G9 player=PlayerId(0)}: phase_server: game submission processed (lock held) game=51U7G9 kind="interaction" lock_ms=10 ai_actions=0
2026-09-10T10:13:55.965687Z  INFO ws_message:game_session{game=51U7G9 player=PlayerId(1)}: server_core::session: action applied game=51U7G9 player=PlayerId(1) action_type="PassPriority" event_count=4
2026-09-10T10:13:55.970152Z  INFO ws_message:game_session{game=51U7G9 player=PlayerId(1)}: phase_server: game submission processed (lock held) game=51U7G9 kind="action" lock_ms=33 ai_actions=0
