server identity pinned: v0.101.0 (acafe9b) protocol 103, mode Full; using shared pinned server 127.0.0.1:9374
game J9QKUR; P0 seat=0 P1 seat=1
[P0] mulligan keep (protocol-103)
[P1] mulligan keep (protocol-103)
DIAG turn=1 active=1 phase=Untap wf=MulliganDecision pp=1 stage=SETUP dualcaster_cast=False stack=0 P0untapM=0 P0mage_in_hand=False P1bolt_in_hand=False
DIAG turn=24 active=0 phase=Draw wf=Priority pp=1 stage=SETUP dualcaster_cast=False stack=0 P0untapM=11 P0mage_in_hand=False P1bolt_in_hand=False
DIAG turn=46 active=0 phase=Draw wf=Priority pp=1 stage=SETUP dualcaster_cast=False stack=0 P0untapM=22 P0mage_in_hand=True P1bolt_in_hand=False
[P1] casting Lightning Bolt (P0 untapped mountains: 28, mage in P0 hand)
[P1] bolt target opportunity J9QKUR.0.847: 2 player candidates
  candidate: seat=0 text=
  candidate: seat=1 text=
exporting PRE (bolt on stack, P0 responding)
[P0] casting Dualcaster Mage in response (active P1, phase=PreCombatMain)
[OBS] Dualcaster on P0 battlefield
[P0] holding on CopyRetarget (interaction pending)
[OBS] waiting_for -> CopyRetarget: {"type": "CopyRetarget", "data": {"player": 0, "copy_id": 122, "target_slots": [{"current": {"Player": 0}, "legal_alternatives": [{"Player": 0}, {"Player": 1}, {"Object": 13}]}], "effect_kind": "CopySpell", "effect_source_id": 122, "current_slot": 0}}
[OBS] copy on stack: ids=[73, 122]
[OBS] CopyRetarget: copy_id=122
  retarget candidate: action=chooseTarget seat=None text=Dualcaster Mage
  retarget candidate: action=chooseTarget seat=0 text=
  retarget candidate: action=chooseTarget seat=1 text=
[retarget_p1] submitting iid=J9QKUR.0.854 choice=J9QKUR.0.854.c3 ()
[OBS] retarget submitted (retarget_p1) seat 1 ()
  retarget candidate: action=chooseTarget seat=None text=Dualcaster Mage
  retarget candidate: action=chooseTarget seat=0 text=
  retarget candidate: action=chooseTarget seat=1 text=
[OBS] retarget submitted; awaiting engine advance
[OBS] retarget confirmed (prompt gone): (retarget_p1) seat 1 ()
exporting POST (stack empty, nothing pending)
wrote run.json verdict=not-reproduced
rendered summary.png
wrote server_excerpts.log (300 lines)
