[11:14:51] server identity hashes recomputed against on-disk pinned artifacts
[11:14:51] ServerHello: version=0.105.0 build=965e243 protocol=120 mode=Full
[11:14:51] ===== game A =====
[11:14:52] game OJ0JWJ variant=A; P0 seat=0 P1 seat=1
[11:14:53] [A] keep 7: ['forest', 'walking ballista', 'forest', 'walking ballista', 'walking ballista', 'forest', 'forest']
[11:14:53] [A] keep 7: ['swamp', 'swamp', 'swamp', 'swamp', 'swamp', 'swamp', 'swamp']
[11:14:53] [A] playing land forest (legacy)
[11:14:53] [A] casting Walking Ballista (oid 53), X=0; engine auto-pays (payment_mode Auto)
[11:14:54] [A] Ballista X-choice -> X=0
[11:14:54] [A] cast confirmed on stack: Walking Ballista (oid 53)
[11:14:54] [A] casting Walking Ballista (oid 18), X=0; engine auto-pays (payment_mode Auto)
[11:14:54] [A] Ballista X-choice -> X=0
[11:14:54] [A] cast confirmed on stack: Walking Ballista (oid 18)
[11:14:57] [A] playing land swamp (legacy)
[11:15:00] [A] playing land forest (legacy)
[11:15:02] [A] playing land swamp (legacy)
[11:15:04] [A] playing land forest (legacy)
[11:15:07] [A] playing land swamp (legacy)
[11:15:09] [A] playing land forest (legacy)
[11:15:12] [A] playing land swamp (legacy)
[11:15:15] [A] playing land forest (legacy)
[11:15:18] [A] playing land swamp (legacy)
[11:15:20] [A] playing land forest (legacy)
[11:15:23] [A] playing land swamp (legacy)
[11:15:26] [A] playing land forest (legacy)
[11:15:30] [A] playing land swamp (legacy)
[11:15:35] [A] playing land forest (legacy)
[11:15:37] [A] DIAG P0-A: rev=235 turn=16 phase=Upkeep vikind='choose' real_decision=False my_prio=False stack=0 p0_gy_ballistas=['53', '18'] cast_pending=False captured=False
[11:15:37] [A] DIAG P1-A: rev=235 turn=16 phase=Upkeep vikind='choose' real_decision=False my_prio=True stack=0 p0_gy_ballistas=['53', '18'] cast_pending=False captured=False
[11:15:40] [A] playing land swamp (legacy)
[11:15:44] [A] playing land forest (legacy)
[11:15:49] [A] playing land swamp (legacy)
[11:15:52] [A] playing land forest (legacy)
[11:15:54] [A] playing land swamp (legacy)
[11:15:58] [A] playing land forest (legacy)
[11:16:02] [A] playing land swamp (legacy)
[11:16:04] [A] playing land forest (legacy)
[11:16:07] [A] playing land swamp (legacy)
[11:16:09] [A] playing land forest (legacy)
[11:16:12] [A] playing land swamp (legacy)
[11:16:15] [A] playing land forest (legacy)
[11:16:18] [A] playing land swamp (legacy)
[11:16:20] [A] playing land forest (legacy)
[11:16:23] [A] playing land swamp (legacy)
[11:16:23] [A] DIAG P0-A: rev=449 turn=30 phase=PreCombatMain vikind='choose' real_decision=False my_prio=False stack=0 p0_gy_ballistas=['53', '18'] cast_pending=False captured=False
[11:16:23] [A] DIAG P1-A: rev=449 turn=30 phase=PreCombatMain vikind='choose' real_decision=False my_prio=True stack=0 p0_gy_ballistas=['53', '18'] cast_pending=False captured=False
[11:16:25] [A] playing land forest (legacy)
[11:16:28] [A] playing land swamp (legacy)
[11:16:31] [A] playing land forest (legacy)
[11:16:34] [A] playing land swamp (legacy)
[11:16:36] [A] playing land forest (legacy)
[11:16:39] [A] playing land swamp (legacy)
[11:16:41] [A] playing land forest (legacy)
[11:16:44] [A] playing land swamp (legacy)
[11:16:47] [A] playing land forest (legacy)
[11:16:51] [A] playing land swamp (legacy)
[11:16:54] [A] playing land forest (legacy)
[11:16:57] [A] playing land swamp (legacy)
[11:16:59] [A] playing land forest (legacy)
[11:17:02] [A] playing land swamp (legacy)
[11:17:05] [A] playing land forest (legacy)
[11:17:08] [A] DIAG P0-A: rev=688 turn=46 phase=Draw vikind='choose' real_decision=False my_prio=True stack=0 p0_gy_ballistas=['53', '18'] cast_pending=False captured=False
[11:17:08] [A] DIAG P1-A: rev=688 turn=46 phase=Draw vikind='choose' real_decision=False my_prio=False stack=0 p0_gy_ballistas=['53', '18'] cast_pending=False captured=False
[11:17:08] [A] playing land swamp (legacy)
[11:17:11] [A] playing land forest (legacy)
[11:17:14] [A] playing land swamp (legacy)
[11:17:18] [A] playing land forest (legacy)
[11:17:21] [A] playing land swamp (legacy)
[11:17:25] [A] playing land forest (legacy)
[11:17:29] [A] playing land swamp (legacy)
[11:17:33] [A] playing land forest (legacy)
[11:17:37] [A] playing land swamp (legacy)
[11:17:39] [A] playing land forest (legacy)
[11:17:41] [A] playing land swamp (legacy)
[11:17:44] [A] playing land forest (legacy)
[11:17:46] [A] playing land swamp (legacy)
[11:17:50] [A] playing land forest (legacy)
[11:17:52] [A] playing land swamp (legacy)
[11:17:53] [A] DIAG P0-A: rev=903 turn=60 phase=BeginCombat vikind='choose' real_decision=False my_prio=True stack=0 p0_gy_ballistas=['53', '18'] cast_pending=False captured=False
[11:17:53] [A] DIAG P1-A: rev=903 turn=60 phase=BeginCombat vikind='choose' real_decision=False my_prio=False stack=0 p0_gy_ballistas=['53', '18'] cast_pending=False captured=False
[11:17:57] [A] playing land swamp (legacy)
[11:18:01] [A] playing land swamp (legacy)
[11:18:02] [A] casting Emperor of Bones (oid 80); engine auto-pays (payment_mode Auto)
[11:18:02] [A] cast confirmed on stack: Emperor of Bones (oid 80)
[11:18:03] [A] Emperor trigger targets Ballista oid 18 (choice OJ0JWJ.0.963.t1) variant=A
[11:18:03] [A] CAPTURE: trigger entry 121 targets Ballista 18; P0 holds priority
[11:18:04] [A] trigger resolved; chosen Ballista 18 exiled; post state exported
[11:18:04] game A: captured=True chosen=18 entry=121
[11:18:04] ===== game B =====
[11:18:04] game 9V5PH6 variant=B; P0 seat=0 P1 seat=1
[11:18:04] [B] keep 7: ['forest', 'forest', 'forest', 'walking ballista', 'forest', 'forest', 'forest']
[11:18:05] [B] keep 7: ['swamp', 'swamp', 'swamp', 'emperor of bones', 'swamp', 'swamp', 'swamp']
[11:18:05] [B] playing land forest (legacy)
[11:18:05] [B] casting Walking Ballista (oid 22), X=0; engine auto-pays (payment_mode Auto)
[11:18:05] [B] Ballista X-choice -> X=0
[11:18:05] [B] cast confirmed on stack: Walking Ballista (oid 22)
[11:18:08] [B] playing land swamp (legacy)
[11:18:10] [B] playing land forest (legacy)
[11:18:13] [B] playing land swamp (legacy)
[11:18:15] [B] playing land forest (legacy)
[11:18:15] [B] casting Walking Ballista (oid 1), X=0; engine auto-pays (payment_mode Auto)
[11:18:15] [B] Ballista X-choice -> X=0
[11:18:15] [B] cast confirmed on stack: Walking Ballista (oid 1)
[11:18:18] [B] playing land swamp (legacy)
[11:18:18] [B] casting Emperor of Bones (oid 102); engine auto-pays (payment_mode Auto)
[11:18:18] [B] cast confirmed on stack: Emperor of Bones (oid 102)
[11:18:19] [B] Emperor trigger targets Ballista oid 22 (choice 9V5PH6.0.95.t0) variant=B
[11:18:19] [B] CAPTURE: trigger entry 121 targets Ballista 22; P0 holds priority
[11:18:20] [B] trigger resolved; chosen Ballista 22 exiled; post state exported
[11:18:20] game B: captured=True chosen=22 entry=121
[11:18:20] ENGINE DONE assertions={"E1_setup_ok": "passed", "E2_trigger_targeted": "passed", "E3_identity_distinct": "passed", "E4_snapshot_captured": "passed", "E5_cleanup": "passed"}
