[05:44:39] server identity hashes recomputed against on-disk pinned artifacts
[05:44:39] ServerHello: version=0.105.0 build=965e243 protocol=120 mode=Full
[05:44:39] ===== attempt 1 =====
[05:44:40] game 6TLYJ8 attempt=1; P0 seat=0 P1 seat=1
[05:44:40] [6760-a1] keep 7: ['llanowar elves', 'ojer kaslem, deepest growth', 'forest', 'forest', 'forest', 'llanowar elves', 'forest']
[05:44:40] [P16760-a1] keep 7: ['island', 'island', 'island', 'island', 'island', 'island', 'island']
[05:44:40] [P16760-a1] keep 7: ['island', 'island', 'island', 'island', 'island', 'island', 'island']
[05:44:40] [6760-a1] playing land forest (legacy)
[05:44:43] [P16760-a1] playing land island (legacy)
[05:44:45] [6760-a1] playing land forest (legacy)
[05:44:47] [P16760-a1] playing land island (legacy)
[05:44:50] [6760-a1] playing land forest (legacy)
[05:44:52] [P16760-a1] playing land island (legacy)
[05:44:55] [6760-a1] playing land forest (legacy)
[05:44:57] [P16760-a1] playing land island (legacy)
[05:45:00] [6760-a1] playing land forest (legacy)
[05:45:00] [6760-a1] casting Ojer Kaslem, Deepest Growth (oid 11); engine auto-pays (payment_mode Auto)
[05:45:00] [6760-a1] cast confirmed on stack: Ojer Kaslem, Deepest Growth (oid 11)
[05:45:00] [6760-a1] Ojer Kaslem on battlefield at turn 9
[05:45:02] [P16760-a1] playing land island (legacy)
[05:45:05] [6760-a1] playing land forest (legacy)
[05:45:06] [6760-a1] P0 attacks P1 with Ojer Kaslem (turn 11)
[05:45:08] [6760-a1] combat damage landed: P1 life=14
[05:45:09] [6760-a1] select prompt: spec.type=select constraint={"type": "count", "data": {"min": 0, "max": 1}} n_candidates=6
[05:45:09]   candidate 6TLYJ8.0.171.s0: llanowar elves (Creature) zone=Library ref=46
[05:45:09]   candidate 6TLYJ8.0.171.s1: forest (Land) zone=Library ref=17
[05:45:09]   candidate 6TLYJ8.0.171.s2: llanowar elves (Creature) zone=Library ref=47
[05:45:09]   candidate 6TLYJ8.0.171.s3: llanowar elves (Creature) zone=Library ref=58
[05:45:09]   candidate 6TLYJ8.0.171.s4: llanowar elves (Creature) zone=Library ref=44
[05:45:09]   candidate 6TLYJ8.0.171.s5: forest (Land) zone=Library ref=41
[05:45:09] [6760-a1] submitting 2-card selection (creature 6TLYJ8.0.171.s0 + land 6TLYJ8.0.171.s1) via select
[05:45:10] [6760-a1] 2-card submission REJECTED: {"rejection": {"code": "interaction_constraint_unsatisfied", "disposition": "invalid", "message": "That response does not satisfy the interaction constraints.", "related_object_ids": []}}
[05:45:10] [6760-a1] 2-card submission REJECTED: {"rejection": {"code": "interaction_constraint_unsatisfied", "disposition": "invalid", "message": "That response does not satisfy the interaction constraints.", "related_object_ids": []}}
[05:45:10] [6760-a1] submitting 1-card fallback (creature 6TLYJ8.0.171.s0)
[05:45:12] [6760-a1] select outcome path=one_accepted: entered=['llanowar elves'] bottomed=5/6
[05:45:12] attempt 1 assertions: {"A1_setup_ok": "passed", "A2_damage_and_reveal": "passed", "A4_both_categories": "passed", "A5_two_cards_enter": "failed", "A6_rest_to_bottom": "passed", "A7_cleanup": "passed", "A3_may_accepted": "passed"}
[05:45:12] DONE verdict=reproduced assertions={"A1_setup_ok": "passed", "A2_damage_and_reveal": "passed", "A4_both_categories": "passed", "A5_two_cards_enter": "failed", "A6_rest_to_bottom": "passed", "A7_cleanup": "passed", "A3_may_accepted": "passed"}
