[10:08:32] server identity hashes recomputed against on-disk pinned artifacts
[10:08:32] ServerHello: version=0.102.0 build=e17f6fd protocol=106 mode=Full
[10:08:32] data-level: parse_ok=True
[10:08:33] connecting P1...
[10:08:33] game 4L7A55; P0 seat=0 P1 seat=1
[10:08:34] [6903] keep 7: ['storm crow', 'island', 'storm crow', 'storm crow', 'island', 'shadow kin', 'storm crow']
[10:08:34] [P16903] keep 7: ['forest', 'grizzly bears', 'grizzly bears', 'forest', 'forest', 'grizzly bears', 'grizzly bears']
[10:08:34] [6903] playing land island
[10:08:36] [P16903] playing land forest
[10:08:37] [P16903] tap land for mana used_for=any
[10:08:37] [P16903] submitting interaction iid=4L7A55.0.22 choice=4L7A55.0.22.c1 (Forest)
[10:08:39] [6903] playing land island
[10:08:39] [6903] casting Storm Crow (oid 11)
[10:08:42] [P16903] tap land for mana used_for=any
[10:08:42] [P16903] submitting interaction iid=4L7A55.0.51 choice=4L7A55.0.51.c1 (Forest)
[10:08:43] [P16903] playing land forest
[10:08:43] [P16903] tap land for mana used_for=any
[10:08:43] [P16903] submitting interaction iid=4L7A55.0.57 choice=4L7A55.0.57.c1 (Forest)
[10:08:45] [6903] tap land for mana used_for=U
[10:08:45] [6903] submitting interaction iid=4L7A55.0.68 choice=4L7A55.0.68.c1 (Island)
[10:08:45] [6903] tap land for mana used_for=generic
[10:08:45] [6903] submitting interaction iid=4L7A55.0.69 choice=4L7A55.0.69.c1 (Island)
[10:08:46] [6903] playing land island
[10:08:48] [P16903] tap land for mana used_for=any
[10:08:48] [P16903] submitting interaction iid=4L7A55.0.86 choice=4L7A55.0.86.c1 (Forest)
[10:08:48] [P16903] tap land for mana used_for=any
[10:08:48] [P16903] submitting interaction iid=4L7A55.0.87 choice=4L7A55.0.87.c1 (Forest)
[10:08:49] [P16903] playing land forest
[10:08:49] [P16903] tap land for mana used_for=any
[10:08:49] [P16903] submitting interaction iid=4L7A55.0.93 choice=4L7A55.0.93.c1 (Forest)
[10:08:51] [6903] playing land island
[10:08:51] [6903] casting Shadow Kin (oid 8) on turn 7
[10:08:52] [6903] Shadow Kin on battlefield (oid 8)
[10:08:54] [P16903] tap land for mana used_for=any
[10:08:54] [P16903] submitting interaction iid=4L7A55.0.123 choice=4L7A55.0.123.c1 (Forest)
[10:08:55] [P16903] tap land for mana used_for=any
[10:08:55] [P16903] submitting interaction iid=4L7A55.0.124 choice=4L7A55.0.124.c1 (Forest)
[10:08:55] [P16903] tap land for mana used_for=any
[10:08:55] [P16903] submitting interaction iid=4L7A55.0.125 choice=4L7A55.0.125.c1 (Forest)
[10:08:56] [P16903] playing land forest
[10:08:56] [P16903] tap land for mana used_for=any
[10:08:56] [P16903] submitting interaction iid=4L7A55.0.131 choice=4L7A55.0.131.c1 (Forest)
[10:08:57] [6903] exported pre_upkeep1.json
[10:08:57] [6903] tap land for mana used_for=U
[10:08:57] [6903] submitting interaction iid=4L7A55.0.142 choice=4L7A55.0.142.c1 (Island)
[10:08:58] [6903] tap land for mana used_for=generic
[10:08:58] [6903] submitting interaction iid=4L7A55.0.143 choice=4L7A55.0.143.c1 (Island)
[10:08:58] [6903] tap land for mana used_for=generic
[10:08:58] [6903] submitting interaction iid=4L7A55.0.144 choice=4L7A55.0.144.c1 (Island)
[10:08:58] [6903] tap land for mana used_for=generic
[10:08:58] [6903] submitting interaction iid=4L7A55.0.145 choice=4L7A55.0.145.c1 (Island)
[10:08:58] [6903] exported mid_mill1.json
[10:08:58] [6903] leg1: milled set = ['52', '21', '22', '83', '79', '116'] (6 cards)
[10:08:58] [6903] leg1: submitting ACCEPT (choice 4L7A55.0.148.c1)
[10:08:59] [6903] leg1: exile choice with 2 candidates: Storm Crow@Battlefield(ctrl 0) OUT-OF-SCOPE, Shadow Kin@Battlefield(ctrl 0) OUT-OF-SCOPE
[10:08:59] [6903] leg1: submitting choice Storm Crow@Battlefield (in_scope=False)
[10:08:59] [6903] playing land island
[10:08:59] [6903] exported post1.json
[10:08:59] [6903] leg1 complete; post1 exported
[10:09:01] [P16903] tap land for mana used_for=any
[10:09:01] [P16903] submitting interaction iid=4L7A55.0.166 choice=4L7A55.0.166.c1 (Forest)
[10:09:01] [P16903] tap land for mana used_for=any
[10:09:01] [P16903] submitting interaction iid=4L7A55.0.167 choice=4L7A55.0.167.c1 (Forest)
[10:09:01] [P16903] tap land for mana used_for=any
[10:09:01] [P16903] submitting interaction iid=4L7A55.0.168 choice=4L7A55.0.168.c1 (Forest)
[10:09:02] [P16903] tap land for mana used_for=any
[10:09:02] [P16903] submitting interaction iid=4L7A55.0.169 choice=4L7A55.0.169.c1 (Forest)
[10:09:03] [P16903] playing land forest
[10:09:03] [P16903] tap land for mana used_for=any
[10:09:03] [P16903] submitting interaction iid=4L7A55.0.175 choice=4L7A55.0.175.c1 (Forest)
[10:09:04] [6903] exported pre_upkeep2.json
[10:09:05] [6903] exported mid_mill2.json
[10:09:05] [6903] leg2: milled set = ['47', '4', '53', '68', '64', '120'] (6 cards)
[10:09:05] [6903] leg2: submitting DECLINE (choice 4L7A55.0.188.c0)
[10:09:06] [6903] playing land island
[10:09:06] [6903] exported post2.json
[10:09:06] [6903] leg2 complete (clean decline); post2 exported
[10:09:06] server excerpts: 398 lines for game 4L7A55
[10:09:06] VERDICT: blocked
