2026-09-18T05:13:47.416806Z  INFO ws_message: server_core::session: game session created game=Y9QTHU player_count=2
2026-09-18T05:13:47.429563Z  INFO ws_message: phase_server: game created via lobby game=Y9QTHU host=P0-gandalf players=2
2026-09-18T05:13:47.483547Z  INFO ws_message: phase_server: JoinGameWithPassword game=Y9QTHU joiner=P1-memnite
2026-09-18T05:13:47.483658Z  INFO ws_message: server_core::session: player joined session game=Y9QTHU player=PlayerId(1) seat=1
2026-09-18T05:13:47.507472Z  INFO ws_message: phase_server: player joined via lobby game=Y9QTHU player=PlayerId(1)
2026-09-18T05:13:47.615269Z  WARN phase_server: Full snapshot was no longer current game=Y9QTHU disposition=SupersededOrRetired
2026-09-18T05:13:47.885743Z  INFO ws_message:game_session{game=Y9QTHU player=PlayerId(0)}: server_core::session: action applied game=Y9QTHU player=PlayerId(0) action_type="MulliganDecision" event_count=0
2026-09-18T05:13:47.901600Z  INFO ws_message:game_session{game=Y9QTHU player=PlayerId(0)}: phase_server: game submission processed (lock held) game=Y9QTHU kind="action" lock_ms=16 ai_actions=0
2026-09-18T05:13:48.001125Z  INFO ws_message:game_session{game=Y9QTHU player=PlayerId(1)}: server_core::session: action applied game=Y9QTHU player=PlayerId(1) action_type="MulliganDecision" event_count=1
2026-09-18T05:13:48.002793Z  INFO ws_message:game_session{game=Y9QTHU player=PlayerId(1)}: phase_server: game submission processed (lock held) game=Y9QTHU kind="action" lock_ms=6 ai_actions=0
2026-09-18T05:13:48.142551Z  INFO ws_message:game_session{game=Y9QTHU player=PlayerId(0)}: server_core::session: action applied game=Y9QTHU player=PlayerId(0) action_type="PassPriority" event_count=1
2026-09-18T05:13:48.145984Z  INFO ws_message:game_session{game=Y9QTHU player=PlayerId(0)}: phase_server: game submission processed (lock held) game=Y9QTHU kind="action" lock_ms=4 ai_actions=0
2026-09-18T05:13:48.392132Z  INFO ws_message:game_session{game=Y9QTHU player=PlayerId(1)}: server_core::session: action applied game=Y9QTHU player=PlayerId(1) action_type="PassPriority" event_count=2
2026-09-18T05:13:48.418841Z  INFO ws_message:game_session{game=Y9QTHU player=PlayerId(1)}: phase_server: game submission processed (lock held) game=Y9QTHU kind="action" lock_ms=27 ai_actions=0
2026-09-18T05:13:48.646417Z  INFO ws_message:game_session{game=Y9QTHU player=PlayerId(0)}: server_core::session: action applied game=Y9QTHU player=PlayerId(0) action_type="PlayLand" event_count=2
2026-09-18T05:13:48.651360Z  INFO ws_message:game_session{game=Y9QTHU player=PlayerId(0)}: phase_server: game submission processed (lock held) game=Y9QTHU kind="action" lock_ms=9 ai_actions=0
2026-09-18T05:13:48.894040Z  INFO ws_message:game_session{game=Y9QTHU player=PlayerId(0)}: server_core::session: action applied game=Y9QTHU player=PlayerId(0) action_type="PassPriority" event_count=1
2026-09-18T05:13:48.896739Z  INFO ws_message:game_session{game=Y9QTHU player=PlayerId(0)}: phase_server: game submission processed (lock held) game=Y9QTHU kind="action" lock_ms=3 ai_actions=0
2026-09-18T05:13:49.146090Z  INFO ws_message:game_session{game=Y9QTHU player=PlayerId(1)}: server_core::session: action applied game=Y9QTHU player=PlayerId(1) action_type="PassPriority" event_count=1
2026-09-18T05:13:49.149756Z  INFO ws_message:game_session{game=Y9QTHU player=PlayerId(1)}: phase_server: game submission processed (lock held) game=Y9QTHU kind="action" lock_ms=4 ai_actions=0
2026-09-18T05:13:49.397797Z  INFO ws_message:game_session{game=Y9QTHU player=PlayerId(0)}: server_core::session: action applied game=Y9QTHU player=PlayerId(0) action_type="PassPriority" event_count=1
2026-09-18T05:13:49.400689Z  INFO ws_message:game_session{game=Y9QTHU player=PlayerId(0)}: phase_server: game submission processed (lock held) game=Y9QTHU kind="action" lock_ms=3 ai_actions=0
2026-09-18T05:13:49.653851Z  INFO ws_message:game_session{game=Y9QTHU player=PlayerId(1)}: server_core::session: action applied game=Y9QTHU player=PlayerId(1) action_type="PassPriority" event_count=3
2026-09-18T05:13:49.657268Z  INFO ws_message:game_session{game=Y9QTHU player=PlayerId(1)}: phase_server: game submission processed (lock held) game=Y9QTHU kind="action" lock_ms=7 ai_actions=0
2026-09-18T05:13:49.901562Z  INFO ws_message:game_session{game=Y9QTHU player=PlayerId(0)}: server_core::session: action applied game=Y9QTHU player=PlayerId(0) action_type="PassPriority" event_count=1
2026-09-18T05:13:49.904910Z  INFO ws_message:game_session{game=Y9QTHU player=PlayerId(0)}: phase_server: game submission processed (lock held) game=Y9QTHU kind="action" lock_ms=4 ai_actions=0
2026-09-18T05:13:50.156004Z  INFO ws_message:game_session{game=Y9QTHU player=PlayerId(1)}: server_core::session: action applied game=Y9QTHU player=PlayerId(1) action_type="PassPriority" event_count=1
2026-09-18T05:13:50.163636Z  INFO ws_message:game_session{game=Y9QTHU player=PlayerId(1)}: phase_server: game submission processed (lock held) game=Y9QTHU kind="action" lock_ms=11 ai_actions=0
2026-09-18T05:13:50.404323Z  INFO ws_message:game_session{game=Y9QTHU player=PlayerId(0)}: server_core::session: action applied game=Y9QTHU player=PlayerId(0) action_type="PassPriority" event_count=1
2026-09-18T05:13:50.407353Z  INFO ws_message:game_session{game=Y9QTHU player=PlayerId(0)}: phase_server: game submission processed (lock held) game=Y9QTHU kind="action" lock_ms=4 ai_actions=0
2026-09-18T05:13:50.662170Z  INFO ws_message:game_session{game=Y9QTHU player=PlayerId(1)}: server_core::session: action applied game=Y9QTHU player=PlayerId(1) action_type="PassPriority" event_count=1
2026-09-18T05:13:50.665498Z  INFO ws_message:game_session{game=Y9QTHU player=PlayerId(1)}: phase_server: game submission processed (lock held) game=Y9QTHU kind="action" lock_ms=8 ai_actions=0
2026-09-18T05:13:50.909210Z  INFO ws_message:game_session{game=Y9QTHU player=PlayerId(0)}: server_core::session: action applied game=Y9QTHU player=PlayerId(0) action_type="PassPriority" event_count=1
2026-09-18T05:13:50.911840Z  INFO ws_message:game_session{game=Y9QTHU player=PlayerId(0)}: phase_server: game submission processed (lock held) game=Y9QTHU kind="action" lock_ms=4 ai_actions=0
2026-09-18T05:13:51.165853Z  INFO ws_message:game_session{game=Y9QTHU player=PlayerId(1)}: server_core::session: action applied game=Y9QTHU player=PlayerId(1) action_type="PassPriority" event_count=4
2026-09-18T05:13:51.167661Z  INFO ws_message:game_session{game=Y9QTHU player=PlayerId(1)}: phase_server: game submission processed (lock held) game=Y9QTHU kind="action" lock_ms=6 ai_actions=0
2026-09-18T05:13:51.413436Z  INFO ws_message:game_session{game=Y9QTHU player=PlayerId(1)}: server_core::session: action applied game=Y9QTHU player=PlayerId(1) action_type="PassPriority" event_count=1
2026-09-18T05:13:51.415590Z  INFO ws_message:game_session{game=Y9QTHU player=PlayerId(1)}: phase_server: game submission processed (lock held) game=Y9QTHU kind="action" lock_ms=2 ai_actions=0
2026-09-18T05:13:51.666771Z  INFO ws_message:game_session{game=Y9QTHU player=PlayerId(0)}: server_core::session: action applied game=Y9QTHU player=PlayerId(0) action_type="PassPriority" event_count=4
2026-09-18T05:13:51.668859Z  INFO ws_message:game_session{game=Y9QTHU player=PlayerId(0)}: phase_server: game submission processed (lock held) game=Y9QTHU kind="action" lock_ms=7 ai_actions=0
2026-09-18T05:13:51.915619Z  INFO ws_message:game_session{game=Y9QTHU player=PlayerId(1)}: server_core::session: action applied game=Y9QTHU player=PlayerId(1) action_type="PassPriority" event_count=1
2026-09-18T05:13:51.917927Z  INFO ws_message:game_session{game=Y9QTHU player=PlayerId(1)}: phase_server: game submission processed (lock held) game=Y9QTHU kind="action" lock_ms=3 ai_actions=0
2026-09-18T05:13:52.165549Z  INFO ws_message:game_session{game=Y9QTHU player=PlayerId(0)}: server_core::session: action applied game=Y9QTHU player=PlayerId(0) action_type="PassPriority" event_count=1
2026-09-18T05:13:52.169711Z  INFO ws_message:game_session{game=Y9QTHU player=PlayerId(0)}: phase_server: game submission processed (lock held) game=Y9QTHU kind="action" lock_ms=5 ai_actions=0
2026-09-18T05:13:52.422121Z  INFO ws_message:game_session{game=Y9QTHU player=PlayerId(1)}: server_core::session: action applied game=Y9QTHU player=PlayerId(1) action_type="CastSpell" event_count=3
2026-09-18T05:13:52.424451Z  INFO ws_message:game_session{game=Y9QTHU player=PlayerId(1)}: phase_server: game submission processed (lock held) game=Y9QTHU kind="action" lock_ms=7 ai_actions=0
2026-09-18T05:13:52.671007Z  INFO ws_message:game_session{game=Y9QTHU player=PlayerId(1)}: server_core::session: action applied game=Y9QTHU player=PlayerId(1) action_type="PassPriority" event_count=1
2026-09-18T05:13:52.673431Z  INFO ws_message:game_session{game=Y9QTHU player=PlayerId(1)}: phase_server: game submission processed (lock held) game=Y9QTHU kind="action" lock_ms=4 ai_actions=0
2026-09-18T05:13:52.919773Z  INFO ws_message:game_session{game=Y9QTHU player=PlayerId(0)}: server_core::session: action applied game=Y9QTHU player=PlayerId(0) action_type="PassPriority" event_count=2
2026-09-18T05:13:52.924003Z  INFO ws_message:game_session{game=Y9QTHU player=PlayerId(0)}: phase_server: game submission processed (lock held) game=Y9QTHU kind="action" lock_ms=5 ai_actions=0
2026-09-18T05:13:53.176731Z  INFO ws_message:game_session{game=Y9QTHU player=PlayerId(1)}: server_core::session: action applied game=Y9QTHU player=PlayerId(1) action_type="CastSpell" event_count=3
2026-09-18T05:13:53.178827Z  INFO ws_message:game_session{game=Y9QTHU player=PlayerId(1)}: phase_server: game submission processed (lock held) game=Y9QTHU kind="action" lock_ms=7 ai_actions=0
2026-09-18T05:13:53.423201Z  INFO ws_message:game_session{game=Y9QTHU player=PlayerId(1)}: server_core::session: action applied game=Y9QTHU player=PlayerId(1) action_type="PassPriority" event_count=1
2026-09-18T05:13:53.425797Z  INFO ws_message:game_session{game=Y9QTHU player=PlayerId(1)}: phase_server: game submission processed (lock held) game=Y9QTHU kind="action" lock_ms=3 ai_actions=0
2026-09-18T05:13:53.674661Z  INFO ws_message:game_session{game=Y9QTHU player=PlayerId(0)}: server_core::session: action applied game=Y9QTHU player=PlayerId(0) action_type="PassPriority" event_count=2
2026-09-18T05:13:53.679338Z  INFO ws_message:game_session{game=Y9QTHU player=PlayerId(0)}: phase_server: game submission processed (lock held) game=Y9QTHU kind="action" lock_ms=6 ai_actions=0
2026-09-18T05:13:53.929285Z  INFO ws_message:game_session{game=Y9QTHU player=PlayerId(1)}: server_core::session: action applied game=Y9QTHU player=PlayerId(1) action_type="CastSpell" event_count=3
2026-09-18T05:13:53.930620Z  INFO ws_message:game_session{game=Y9QTHU player=PlayerId(1)}: phase_server: game submission processed (lock held) game=Y9QTHU kind="action" lock_ms=6 ai_actions=0
2026-09-18T05:13:54.178105Z  INFO ws_message:game_session{game=Y9QTHU player=PlayerId(1)}: server_core::session: action applied game=Y9QTHU player=PlayerId(1) action_type="PassPriority" event_count=1
2026-09-18T05:13:54.180716Z  INFO ws_message:game_session{game=Y9QTHU player=PlayerId(1)}: phase_server: game submission processed (lock held) game=Y9QTHU kind="action" lock_ms=4 ai_actions=0
2026-09-18T05:13:54.428110Z  INFO ws_message:game_session{game=Y9QTHU player=PlayerId(0)}: server_core::session: action applied game=Y9QTHU player=PlayerId(0) action_type="PassPriority" event_count=2
2026-09-18T05:13:54.431653Z  INFO ws_message:game_session{game=Y9QTHU player=PlayerId(0)}: phase_server: game submission processed (lock held) game=Y9QTHU kind="action" lock_ms=5 ai_actions=0
2026-09-18T05:13:54.682981Z  INFO ws_message:game_session{game=Y9QTHU player=PlayerId(1)}: server_core::session: action applied game=Y9QTHU player=PlayerId(1) action_type="CastSpell" event_count=3
2026-09-18T05:13:54.685934Z  INFO ws_message:game_session{game=Y9QTHU player=PlayerId(1)}: phase_server: game submission processed (lock held) game=Y9QTHU kind="action" lock_ms=7 ai_actions=0
2026-09-18T05:13:54.930556Z  INFO ws_message:game_session{game=Y9QTHU player=PlayerId(1)}: server_core::session: action applied game=Y9QTHU player=PlayerId(1) action_type="PassPriority" event_count=1
2026-09-18T05:13:54.933085Z  INFO ws_message:game_session{game=Y9QTHU player=PlayerId(1)}: phase_server: game submission processed (lock held) game=Y9QTHU kind="action" lock_ms=4 ai_actions=0
2026-09-18T05:13:55.182490Z  INFO ws_message:game_session{game=Y9QTHU player=PlayerId(0)}: server_core::session: action applied game=Y9QTHU player=PlayerId(0) action_type="PassPriority" event_count=2
2026-09-18T05:13:55.185829Z  INFO ws_message:game_session{game=Y9QTHU player=PlayerId(0)}: phase_server: game submission processed (lock held) game=Y9QTHU kind="action" lock_ms=5 ai_actions=0
2026-09-18T05:13:55.440855Z  INFO ws_message:game_session{game=Y9QTHU player=PlayerId(1)}: server_core::session: action applied game=Y9QTHU player=PlayerId(1) action_type="CastSpell" event_count=3
2026-09-18T05:13:55.442644Z  INFO ws_message:game_session{game=Y9QTHU player=PlayerId(1)}: phase_server: game submission processed (lock held) game=Y9QTHU kind="action" lock_ms=10 ai_actions=0
2026-09-18T05:13:55.685766Z  INFO ws_message:game_session{game=Y9QTHU player=PlayerId(1)}: server_core::session: action applied game=Y9QTHU player=PlayerId(1) action_type="PassPriority" event_count=1
2026-09-18T05:13:55.688473Z  INFO ws_message:game_session{game=Y9QTHU player=PlayerId(1)}: phase_server: game submission processed (lock held) game=Y9QTHU kind="action" lock_ms=4 ai_actions=0
2026-09-18T05:13:55.937338Z  INFO ws_message:game_session{game=Y9QTHU player=PlayerId(0)}: server_core::session: action applied game=Y9QTHU player=PlayerId(0) action_type="PassPriority" event_count=2
2026-09-18T05:13:55.939553Z  INFO ws_message:game_session{game=Y9QTHU player=PlayerId(0)}: phase_server: game submission processed (lock held) game=Y9QTHU kind="action" lock_ms=4 ai_actions=0
2026-09-18T05:13:56.192451Z  INFO ws_message:game_session{game=Y9QTHU player=PlayerId(1)}: server_core::session: action applied game=Y9QTHU player=PlayerId(1) action_type="CastSpell" event_count=3
2026-09-18T05:13:56.193413Z  INFO ws_message:game_session{game=Y9QTHU player=PlayerId(1)}: phase_server: game submission processed (lock held) game=Y9QTHU kind="action" lock_ms=6 ai_actions=0
2026-09-18T05:13:56.439619Z  INFO ws_message:game_session{game=Y9QTHU player=PlayerId(1)}: server_core::session: action applied game=Y9QTHU player=PlayerId(1) action_type="PassPriority" event_count=1
2026-09-18T05:13:56.442083Z  INFO ws_message:game_session{game=Y9QTHU player=PlayerId(1)}: phase_server: game submission processed (lock held) game=Y9QTHU kind="action" lock_ms=4 ai_actions=0
2026-09-18T05:13:56.690458Z  INFO ws_message:game_session{game=Y9QTHU player=PlayerId(0)}: server_core::session: action applied game=Y9QTHU player=PlayerId(0) action_type="PassPriority" event_count=2
2026-09-18T05:13:56.692433Z  INFO ws_message:game_session{game=Y9QTHU player=PlayerId(0)}: phase_server: game submission processed (lock held) game=Y9QTHU kind="action" lock_ms=4 ai_actions=0
2026-09-18T05:13:56.945908Z  INFO ws_message:game_session{game=Y9QTHU player=PlayerId(1)}: server_core::session: action applied game=Y9QTHU player=PlayerId(1) action_type="CastSpell" event_count=3
2026-09-18T05:13:56.946616Z  INFO ws_message:game_session{game=Y9QTHU player=PlayerId(1)}: phase_server: game submission processed (lock held) game=Y9QTHU kind="action" lock_ms=6 ai_actions=0
2026-09-18T05:13:57.194908Z  INFO ws_message:game_session{game=Y9QTHU player=PlayerId(1)}: server_core::session: action applied game=Y9QTHU player=PlayerId(1) action_type="PassPriority" event_count=1
2026-09-18T05:13:57.197543Z  INFO ws_message:game_session{game=Y9QTHU player=PlayerId(1)}: phase_server: game submission processed (lock held) game=Y9QTHU kind="action" lock_ms=4 ai_actions=0
2026-09-18T05:13:57.445835Z  INFO ws_message:game_session{game=Y9QTHU player=PlayerId(0)}: server_core::session: action applied game=Y9QTHU player=PlayerId(0) action_type="PassPriority" event_count=2
2026-09-18T05:13:57.447727Z  INFO ws_message:game_session{game=Y9QTHU player=PlayerId(0)}: phase_server: game submission processed (lock held) game=Y9QTHU kind="action" lock_ms=4 ai_actions=0
2026-09-18T05:13:57.703756Z  INFO ws_message:game_session{game=Y9QTHU player=PlayerId(1)}: server_core::session: action applied game=Y9QTHU player=PlayerId(1) action_type="CastSpell" event_count=3
2026-09-18T05:13:57.705180Z  INFO ws_message:game_session{game=Y9QTHU player=PlayerId(1)}: phase_server: game submission processed (lock held) game=Y9QTHU kind="action" lock_ms=10 ai_actions=0
2026-09-18T05:13:57.950078Z  INFO ws_message:game_session{game=Y9QTHU player=PlayerId(1)}: server_core::session: action applied game=Y9QTHU player=PlayerId(1) action_type="PassPriority" event_count=1
2026-09-18T05:13:57.953174Z  INFO ws_message:game_session{game=Y9QTHU player=PlayerId(1)}: phase_server: game submission processed (lock held) game=Y9QTHU kind="action" lock_ms=5 ai_actions=0
2026-09-18T05:13:58.200700Z  INFO ws_message:game_session{game=Y9QTHU player=PlayerId(0)}: server_core::session: action applied game=Y9QTHU player=PlayerId(0) action_type="PassPriority" event_count=2
2026-09-18T05:13:58.203892Z  INFO ws_message:game_session{game=Y9QTHU player=PlayerId(0)}: phase_server: game submission processed (lock held) game=Y9QTHU kind="action" lock_ms=6 ai_actions=0
2026-09-18T05:13:58.453387Z  INFO ws_message:game_session{game=Y9QTHU player=PlayerId(1)}: server_core::session: action applied game=Y9QTHU player=PlayerId(1) action_type="PassPriority" event_count=1
2026-09-18T05:13:58.456107Z  INFO ws_message:game_session{game=Y9QTHU player=PlayerId(1)}: phase_server: game submission processed (lock held) game=Y9QTHU kind="action" lock_ms=5 ai_actions=0
2026-09-18T05:13:58.704148Z  INFO ws_message:game_session{game=Y9QTHU player=PlayerId(0)}: server_core::session: action applied game=Y9QTHU player=PlayerId(0) action_type="PassPriority" event_count=1
2026-09-18T05:13:58.704859Z  INFO ws_message:game_session{game=Y9QTHU player=PlayerId(0)}: phase_server: game submission processed (lock held) game=Y9QTHU kind="action" lock_ms=2 ai_actions=0
2026-09-18T05:13:58.956128Z  INFO ws_message:game_session{game=Y9QTHU player=PlayerId(1)}: server_core::session: action applied game=Y9QTHU player=PlayerId(1) action_type="PassPriority" event_count=1
2026-09-18T05:13:58.960111Z  INFO ws_message:game_session{game=Y9QTHU player=PlayerId(1)}: phase_server: game submission processed (lock held) game=Y9QTHU kind="action" lock_ms=6 ai_actions=0
2026-09-18T05:13:59.211274Z  INFO ws_message:game_session{game=Y9QTHU player=PlayerId(0)}: server_core::session: action applied game=Y9QTHU player=PlayerId(0) action_type="PassPriority" event_count=3
2026-09-18T05:13:59.214939Z  INFO ws_message:game_session{game=Y9QTHU player=PlayerId(0)}: phase_server: game submission processed (lock held) game=Y9QTHU kind="action" lock_ms=9 ai_actions=0
2026-09-18T05:13:59.459808Z  INFO ws_message:game_session{game=Y9QTHU player=PlayerId(1)}: server_core::session: action applied game=Y9QTHU player=PlayerId(1) action_type="PassPriority" event_count=1
2026-09-18T05:13:59.462351Z  INFO ws_message:game_session{game=Y9QTHU player=PlayerId(1)}: phase_server: game submission processed (lock held) game=Y9QTHU kind="action" lock_ms=4 ai_actions=0
2026-09-18T05:13:59.712770Z  INFO ws_message:game_session{game=Y9QTHU player=PlayerId(0)}: server_core::session: action applied game=Y9QTHU player=PlayerId(0) action_type="PassPriority" event_count=1
2026-09-18T05:13:59.713920Z  INFO ws_message:game_session{game=Y9QTHU player=PlayerId(0)}: phase_server: game submission processed (lock held) game=Y9QTHU kind="action" lock_ms=5 ai_actions=0
2026-09-18T05:13:59.964452Z  INFO ws_message:game_session{game=Y9QTHU player=PlayerId(1)}: server_core::session: action applied game=Y9QTHU player=PlayerId(1) action_type="PassPriority" event_count=1
2026-09-18T05:13:59.969606Z  INFO ws_message:game_session{game=Y9QTHU player=PlayerId(1)}: phase_server: game submission processed (lock held) game=Y9QTHU kind="action" lock_ms=9 ai_actions=0
2026-09-18T05:14:00.216379Z  INFO ws_message:game_session{game=Y9QTHU player=PlayerId(0)}: server_core::session: action applied game=Y9QTHU player=PlayerId(0) action_type="PassPriority" event_count=1
2026-09-18T05:14:00.217498Z  INFO ws_message:game_session{game=Y9QTHU player=PlayerId(0)}: phase_server: game submission processed (lock held) game=Y9QTHU kind="action" lock_ms=5 ai_actions=0
2026-09-18T05:14:00.466369Z  INFO ws_message:game_session{game=Y9QTHU player=PlayerId(1)}: server_core::session: action applied game=Y9QTHU player=PlayerId(1) action_type="PassPriority" event_count=1
2026-09-18T05:14:00.469029Z  INFO ws_message:game_session{game=Y9QTHU player=PlayerId(1)}: phase_server: game submission processed (lock held) game=Y9QTHU kind="action" lock_ms=4 ai_actions=0
2026-09-18T05:14:00.720289Z  INFO ws_message:game_session{game=Y9QTHU player=PlayerId(0)}: server_core::session: action applied game=Y9QTHU player=PlayerId(0) action_type="PassPriority" event_count=4
2026-09-18T05:14:00.722142Z  INFO ws_message:game_session{game=Y9QTHU player=PlayerId(0)}: phase_server: game submission processed (lock held) game=Y9QTHU kind="action" lock_ms=7 ai_actions=0
2026-09-18T05:14:00.968210Z  INFO ws_message:game_session{game=Y9QTHU player=PlayerId(0)}: server_core::session: action applied game=Y9QTHU player=PlayerId(0) action_type="PassPriority" event_count=1
2026-09-18T05:14:00.968803Z  INFO ws_message:game_session{game=Y9QTHU player=PlayerId(0)}: phase_server: game submission processed (lock held) game=Y9QTHU kind="action" lock_ms=2 ai_actions=0
2026-09-18T05:14:01.224350Z  INFO ws_message:game_session{game=Y9QTHU player=PlayerId(1)}: server_core::session: action applied game=Y9QTHU player=PlayerId(1) action_type="PassPriority" event_count=4
2026-09-18T05:14:01.225687Z  INFO ws_message:game_session{game=Y9QTHU player=PlayerId(1)}: phase_server: game submission processed (lock held) game=Y9QTHU kind="action" lock_ms=6 ai_actions=0
2026-09-18T05:14:01.472848Z  INFO ws_message:game_session{game=Y9QTHU player=PlayerId(0)}: server_core::session: action applied game=Y9QTHU player=PlayerId(0) action_type="PassPriority" event_count=1
2026-09-18T05:14:01.473443Z  INFO ws_message:game_session{game=Y9QTHU player=PlayerId(0)}: phase_server: game submission processed (lock held) game=Y9QTHU kind="action" lock_ms=2 ai_actions=0
2026-09-18T05:14:01.724421Z  INFO ws_message:game_session{game=Y9QTHU player=PlayerId(1)}: server_core::session: action applied game=Y9QTHU player=PlayerId(1) action_type="PassPriority" event_count=1
2026-09-18T05:14:01.752791Z  INFO ws_message:game_session{game=Y9QTHU player=PlayerId(1)}: phase_server: game submission processed (lock held) game=Y9QTHU kind="action" lock_ms=30 ai_actions=0
2026-09-18T05:14:01.979306Z  INFO ws_message:game_session{game=Y9QTHU player=PlayerId(0)}: server_core::session: action applied game=Y9QTHU player=PlayerId(0) action_type="PlayLand" event_count=2
2026-09-18T05:14:01.995849Z  INFO ws_message:game_session{game=Y9QTHU player=PlayerId(0)}: phase_server: game submission processed (lock held) game=Y9QTHU kind="action" lock_ms=23 ai_actions=0
2026-09-18T05:14:02.227033Z  INFO ws_message:game_session{game=Y9QTHU player=PlayerId(0)}: server_core::session: action applied game=Y9QTHU player=PlayerId(0) action_type="PassPriority" event_count=1
2026-09-18T05:14:02.227902Z  INFO ws_message:game_session{game=Y9QTHU player=PlayerId(0)}: phase_server: game submission processed (lock held) game=Y9QTHU kind="action" lock_ms=3 ai_actions=0
2026-09-18T05:14:02.478383Z  INFO ws_message:game_session{game=Y9QTHU player=PlayerId(1)}: server_core::session: action applied game=Y9QTHU player=PlayerId(1) action_type="PassPriority" event_count=1
2026-09-18T05:14:02.482104Z  INFO ws_message:game_session{game=Y9QTHU player=PlayerId(1)}: phase_server: game submission processed (lock held) game=Y9QTHU kind="action" lock_ms=5 ai_actions=0
2026-09-18T05:14:02.729612Z  INFO ws_message:game_session{game=Y9QTHU player=PlayerId(0)}: server_core::session: action applied game=Y9QTHU player=PlayerId(0) action_type="PassPriority" event_count=1
2026-09-18T05:14:02.730211Z  INFO ws_message:game_session{game=Y9QTHU player=PlayerId(0)}: phase_server: game submission processed (lock held) game=Y9QTHU kind="action" lock_ms=3 ai_actions=0
2026-09-18T05:14:02.984164Z  INFO ws_message:game_session{game=Y9QTHU player=PlayerId(1)}: server_core::session: action applied game=Y9QTHU player=PlayerId(1) action_type="PassPriority" event_count=3
2026-09-18T05:14:02.988317Z  INFO ws_message:game_session{game=Y9QTHU player=PlayerId(1)}: phase_server: game submission processed (lock held) game=Y9QTHU kind="action" lock_ms=8 ai_actions=0
2026-09-18T05:14:03.233628Z  INFO ws_message:game_session{game=Y9QTHU player=PlayerId(0)}: server_core::session: action applied game=Y9QTHU player=PlayerId(0) action_type="PassPriority" event_count=1
2026-09-18T05:14:03.234188Z  INFO ws_message:game_session{game=Y9QTHU player=PlayerId(0)}: phase_server: game submission processed (lock held) game=Y9QTHU kind="action" lock_ms=3 ai_actions=0
2026-09-18T05:14:03.487562Z  INFO ws_message:game_session{game=Y9QTHU player=PlayerId(1)}: server_core::session: action applied game=Y9QTHU player=PlayerId(1) action_type="PassPriority" event_count=1
2026-09-18T05:14:03.498255Z  INFO ws_message:game_session{game=Y9QTHU player=PlayerId(1)}: phase_server: game submission processed (lock held) game=Y9QTHU kind="action" lock_ms=15 ai_actions=0
2026-09-18T05:14:03.737575Z  INFO ws_message:game_session{game=Y9QTHU player=PlayerId(0)}: server_core::session: action applied game=Y9QTHU player=PlayerId(0) action_type="PassPriority" event_count=1
2026-09-18T05:14:03.738420Z  INFO ws_message:game_session{game=Y9QTHU player=PlayerId(0)}: phase_server: game submission processed (lock held) game=Y9QTHU kind="action" lock_ms=3 ai_actions=0
2026-09-18T05:14:03.991912Z  INFO ws_message:game_session{game=Y9QTHU player=PlayerId(1)}: server_core::session: action applied game=Y9QTHU player=PlayerId(1) action_type="PassPriority" event_count=1
2026-09-18T05:14:03.995120Z  INFO ws_message:game_session{game=Y9QTHU player=PlayerId(1)}: phase_server: game submission processed (lock held) game=Y9QTHU kind="action" lock_ms=7 ai_actions=0
2026-09-18T05:14:04.240280Z  INFO ws_message:game_session{game=Y9QTHU player=PlayerId(0)}: server_core::session: action applied game=Y9QTHU player=PlayerId(0) action_type="PassPriority" event_count=1
2026-09-18T05:14:04.241186Z  INFO ws_message:game_session{game=Y9QTHU player=PlayerId(0)}: phase_server: game submission processed (lock held) game=Y9QTHU kind="action" lock_ms=3 ai_actions=0
2026-09-18T05:14:04.494658Z  INFO ws_message:game_session{game=Y9QTHU player=PlayerId(1)}: server_core::session: action applied game=Y9QTHU player=PlayerId(1) action_type="PassPriority" event_count=4
2026-09-18T05:14:04.495197Z  INFO ws_message:game_session{game=Y9QTHU player=PlayerId(1)}: phase_server: game submission processed (lock held) game=Y9QTHU kind="action" lock_ms=5 ai_actions=0
2026-09-18T05:14:04.743227Z  INFO ws_message:game_session{game=Y9QTHU player=PlayerId(1)}: server_core::session: action applied game=Y9QTHU player=PlayerId(1) action_type="PassPriority" event_count=1
2026-09-18T05:14:04.747828Z  INFO ws_message:game_session{game=Y9QTHU player=PlayerId(1)}: phase_server: game submission processed (lock held) game=Y9QTHU kind="action" lock_ms=6 ai_actions=0
2026-09-18T05:14:04.996607Z  INFO ws_message:game_session{game=Y9QTHU player=PlayerId(0)}: server_core::session: action applied game=Y9QTHU player=PlayerId(0) action_type="PassPriority" event_count=4
2026-09-18T05:14:04.997356Z  INFO ws_message:game_session{game=Y9QTHU player=PlayerId(0)}: phase_server: game submission processed (lock held) game=Y9QTHU kind="action" lock_ms=5 ai_actions=0
2026-09-18T05:14:05.246465Z  INFO ws_message:game_session{game=Y9QTHU player=PlayerId(1)}: server_core::session: action applied game=Y9QTHU player=PlayerId(1) action_type="PassPriority" event_count=1
2026-09-18T05:14:05.249176Z  INFO ws_message:game_session{game=Y9QTHU player=PlayerId(1)}: phase_server: game submission processed (lock held) game=Y9QTHU kind="action" lock_ms=4 ai_actions=0
2026-09-18T05:14:05.497740Z  INFO ws_message:game_session{game=Y9QTHU player=PlayerId(0)}: server_core::session: action applied game=Y9QTHU player=PlayerId(0) action_type="PassPriority" event_count=1
2026-09-18T05:14:05.499070Z  INFO ws_message:game_session{game=Y9QTHU player=PlayerId(0)}: phase_server: game submission processed (lock held) game=Y9QTHU kind="action" lock_ms=3 ai_actions=0
2026-09-18T05:14:05.752821Z  INFO ws_message:game_session{game=Y9QTHU player=PlayerId(1)}: server_core::session: action applied game=Y9QTHU player=PlayerId(1) action_type="CastSpell" event_count=3
2026-09-18T05:14:05.753346Z  INFO ws_message:game_session{game=Y9QTHU player=PlayerId(1)}: phase_server: game submission processed (lock held) game=Y9QTHU kind="action" lock_ms=5 ai_actions=0
2026-09-18T05:14:06.001266Z  INFO ws_message:game_session{game=Y9QTHU player=PlayerId(1)}: server_core::session: action applied game=Y9QTHU player=PlayerId(1) action_type="PassPriority" event_count=1
2026-09-18T05:14:06.004425Z  INFO ws_message:game_session{game=Y9QTHU player=PlayerId(1)}: phase_server: game submission processed (lock held) game=Y9QTHU kind="action" lock_ms=6 ai_actions=0
2026-09-18T05:14:06.252463Z  INFO ws_message:game_session{game=Y9QTHU player=PlayerId(0)}: server_core::session: action applied game=Y9QTHU player=PlayerId(0) action_type="PassPriority" event_count=2
2026-09-18T05:14:06.253561Z  INFO ws_message:game_session{game=Y9QTHU player=PlayerId(0)}: phase_server: game submission processed (lock held) game=Y9QTHU kind="action" lock_ms=3 ai_actions=0
2026-09-18T05:14:06.504436Z  INFO ws_message:game_session{game=Y9QTHU player=PlayerId(1)}: server_core::session: action applied game=Y9QTHU player=PlayerId(1) action_type="PassPriority" event_count=1
2026-09-18T05:14:06.507447Z  INFO ws_message:game_session{game=Y9QTHU player=PlayerId(1)}: phase_server: game submission processed (lock held) game=Y9QTHU kind="action" lock_ms=5 ai_actions=0
2026-09-18T05:14:06.754894Z  INFO ws_message:game_session{game=Y9QTHU player=PlayerId(0)}: server_core::session: action applied game=Y9QTHU player=PlayerId(0) action_type="PassPriority" event_count=1
2026-09-18T05:14:06.756157Z  INFO ws_message:game_session{game=Y9QTHU player=PlayerId(0)}: phase_server: game submission processed (lock held) game=Y9QTHU kind="action" lock_ms=3 ai_actions=0
2026-09-18T05:14:07.007275Z  INFO ws_message:game_session{game=Y9QTHU player=PlayerId(1)}: server_core::session: action applied game=Y9QTHU player=PlayerId(1) action_type="PassPriority" event_count=1
2026-09-18T05:14:07.010273Z  INFO ws_message:game_session{game=Y9QTHU player=PlayerId(1)}: phase_server: game submission processed (lock held) game=Y9QTHU kind="action" lock_ms=6 ai_actions=0
2026-09-18T05:14:07.257163Z  INFO ws_message:game_session{game=Y9QTHU player=PlayerId(0)}: server_core::session: action applied game=Y9QTHU player=PlayerId(0) action_type="PassPriority" event_count=1
2026-09-18T05:14:07.273562Z  INFO ws_message:game_session{game=Y9QTHU player=PlayerId(0)}: phase_server: game submission processed (lock held) game=Y9QTHU kind="action" lock_ms=17 ai_actions=0
2026-09-18T05:14:07.513617Z  INFO ws_message:game_session{game=Y9QTHU player=PlayerId(1)}: server_core::session: action applied game=Y9QTHU player=PlayerId(1) action_type="DeclareAttackers" event_count=2
2026-09-18T05:14:07.514490Z  INFO ws_message:game_session{game=Y9QTHU player=PlayerId(1)}: phase_server: game submission processed (lock held) game=Y9QTHU kind="action" lock_ms=6 ai_actions=0
2026-09-18T05:14:07.760900Z  INFO ws_message:game_session{game=Y9QTHU player=PlayerId(1)}: server_core::session: action applied game=Y9QTHU player=PlayerId(1) action_type="PassPriority" event_count=1
2026-09-18T05:14:07.763906Z  INFO ws_message:game_session{game=Y9QTHU player=PlayerId(1)}: phase_server: game submission processed (lock held) game=Y9QTHU kind="action" lock_ms=4 ai_actions=0
2026-09-18T05:14:08.013552Z  INFO ws_message:game_session{game=Y9QTHU player=PlayerId(0)}: server_core::session: action applied game=Y9QTHU player=PlayerId(0) action_type="PassPriority" event_count=1
2026-09-18T05:14:08.014149Z  INFO ws_message:game_session{game=Y9QTHU player=PlayerId(0)}: phase_server: game submission processed (lock held) game=Y9QTHU kind="action" lock_ms=4 ai_actions=0
2026-09-18T05:14:08.263646Z  INFO ws_message:game_session{game=Y9QTHU player=PlayerId(1)}: server_core::session: action applied game=Y9QTHU player=PlayerId(1) action_type="PassPriority" event_count=1
2026-09-18T05:14:08.269050Z  INFO ws_message:game_session{game=Y9QTHU player=PlayerId(1)}: phase_server: game submission processed (lock held) game=Y9QTHU kind="action" lock_ms=7 ai_actions=0
2026-09-18T05:14:08.516403Z  INFO ws_message:game_session{game=Y9QTHU player=PlayerId(0)}: server_core::session: action applied game=Y9QTHU player=PlayerId(0) action_type="PassPriority" event_count=1
2026-09-18T05:14:08.517141Z  INFO ws_message:game_session{game=Y9QTHU player=PlayerId(0)}: phase_server: game submission processed (lock held) game=Y9QTHU kind="action" lock_ms=4 ai_actions=0
2026-09-18T05:14:08.766332Z  INFO ws_message:game_session{game=Y9QTHU player=PlayerId(1)}: server_core::session: action applied game=Y9QTHU player=PlayerId(1) action_type="PassPriority" event_count=1
2026-09-18T05:14:08.769229Z  INFO ws_message:game_session{game=Y9QTHU player=PlayerId(1)}: phase_server: game submission processed (lock held) game=Y9QTHU kind="action" lock_ms=5 ai_actions=0
2026-09-18T05:14:09.018781Z  INFO ws_message:game_session{game=Y9QTHU player=PlayerId(0)}: server_core::session: action applied game=Y9QTHU player=PlayerId(0) action_type="PassPriority" event_count=4
2026-09-18T05:14:09.020022Z  INFO ws_message:game_session{game=Y9QTHU player=PlayerId(0)}: phase_server: game submission processed (lock held) game=Y9QTHU kind="action" lock_ms=5 ai_actions=0
2026-09-18T05:14:09.268159Z  INFO ws_message:game_session{game=Y9QTHU player=PlayerId(0)}: server_core::session: action applied game=Y9QTHU player=PlayerId(0) action_type="PassPriority" event_count=1
2026-09-18T05:14:09.268652Z  INFO ws_message:game_session{game=Y9QTHU player=PlayerId(0)}: phase_server: game submission processed (lock held) game=Y9QTHU kind="action" lock_ms=2 ai_actions=0
2026-09-18T05:14:09.522027Z  INFO ws_message:game_session{game=Y9QTHU player=PlayerId(1)}: server_core::session: action applied game=Y9QTHU player=PlayerId(1) action_type="PassPriority" event_count=4
2026-09-18T05:14:09.523530Z  INFO ws_message:game_session{game=Y9QTHU player=PlayerId(1)}: phase_server: game submission processed (lock held) game=Y9QTHU kind="action" lock_ms=6 ai_actions=0
2026-09-18T05:14:09.771958Z  INFO ws_message:game_session{game=Y9QTHU player=PlayerId(0)}: server_core::session: action applied game=Y9QTHU player=PlayerId(0) action_type="PassPriority" event_count=1
2026-09-18T05:14:09.772548Z  INFO ws_message:game_session{game=Y9QTHU player=PlayerId(0)}: phase_server: game submission processed (lock held) game=Y9QTHU kind="action" lock_ms=4 ai_actions=0
2026-09-18T05:14:10.022029Z  INFO ws_message:game_session{game=Y9QTHU player=PlayerId(1)}: server_core::session: action applied game=Y9QTHU player=PlayerId(1) action_type="PassPriority" event_count=1
2026-09-18T05:14:10.060492Z  INFO ws_message:game_session{game=Y9QTHU player=PlayerId(1)}: phase_server: game submission processed (lock held) game=Y9QTHU kind="action" lock_ms=40 ai_actions=0
2026-09-18T05:14:10.275527Z  INFO ws_message:game_session{game=Y9QTHU player=PlayerId(0)}: server_core::session: action applied game=Y9QTHU player=PlayerId(0) action_type="PlayLand" event_count=2
2026-09-18T05:14:10.304482Z  INFO ws_message:game_session{game=Y9QTHU player=PlayerId(0)}: phase_server: game submission processed (lock held) game=Y9QTHU kind="action" lock_ms=33 ai_actions=0
2026-09-18T05:14:10.525431Z  INFO ws_message:game_session{game=Y9QTHU player=PlayerId(0)}: server_core::session: action applied game=Y9QTHU player=PlayerId(0) action_type="PassPriority" event_count=1
2026-09-18T05:14:10.526011Z  INFO ws_message:game_session{game=Y9QTHU player=PlayerId(0)}: phase_server: game submission processed (lock held) game=Y9QTHU kind="action" lock_ms=3 ai_actions=0
2026-09-18T05:14:10.777191Z  INFO ws_message:game_session{game=Y9QTHU player=PlayerId(1)}: server_core::session: action applied game=Y9QTHU player=PlayerId(1) action_type="PassPriority" event_count=1
2026-09-18T05:14:10.780593Z  INFO ws_message:game_session{game=Y9QTHU player=PlayerId(1)}: phase_server: game submission processed (lock held) game=Y9QTHU kind="action" lock_ms=5 ai_actions=0
2026-09-18T05:14:11.028179Z  INFO ws_message:game_session{game=Y9QTHU player=PlayerId(0)}: server_core::session: action applied game=Y9QTHU player=PlayerId(0) action_type="PassPriority" event_count=1
2026-09-18T05:14:11.029713Z  INFO ws_message:game_session{game=Y9QTHU player=PlayerId(0)}: phase_server: game submission processed (lock held) game=Y9QTHU kind="action" lock_ms=4 ai_actions=0
2026-09-18T05:14:11.282097Z  INFO ws_message:game_session{game=Y9QTHU player=PlayerId(1)}: server_core::session: action applied game=Y9QTHU player=PlayerId(1) action_type="PassPriority" event_count=3
2026-09-18T05:14:11.286687Z  INFO ws_message:game_session{game=Y9QTHU player=PlayerId(1)}: phase_server: game submission processed (lock held) game=Y9QTHU kind="action" lock_ms=9 ai_actions=0
2026-09-18T05:14:11.531248Z  INFO ws_message:game_session{game=Y9QTHU player=PlayerId(0)}: server_core::session: action applied game=Y9QTHU player=PlayerId(0) action_type="PassPriority" event_count=1
2026-09-18T05:14:11.532140Z  INFO ws_message:game_session{game=Y9QTHU player=PlayerId(0)}: phase_server: game submission processed (lock held) game=Y9QTHU kind="action" lock_ms=3 ai_actions=0
2026-09-18T05:14:11.784573Z  INFO ws_message:game_session{game=Y9QTHU player=PlayerId(1)}: server_core::session: action applied game=Y9QTHU player=PlayerId(1) action_type="PassPriority" event_count=1
2026-09-18T05:14:11.811905Z  INFO ws_message:game_session{game=Y9QTHU player=PlayerId(1)}: phase_server: game submission processed (lock held) game=Y9QTHU kind="action" lock_ms=31 ai_actions=0
2026-09-18T05:14:12.034592Z  INFO ws_message:game_session{game=Y9QTHU player=PlayerId(0)}: server_core::session: action applied game=Y9QTHU player=PlayerId(0) action_type="PassPriority" event_count=1
2026-09-18T05:14:12.035949Z  INFO ws_message:game_session{game=Y9QTHU player=PlayerId(0)}: phase_server: game submission processed (lock held) game=Y9QTHU kind="action" lock_ms=4 ai_actions=0
2026-09-18T05:14:12.287864Z  INFO ws_message:game_session{game=Y9QTHU player=PlayerId(1)}: server_core::session: action applied game=Y9QTHU player=PlayerId(1) action_type="PassPriority" event_count=1
2026-09-18T05:14:12.291667Z  INFO ws_message:game_session{game=Y9QTHU player=PlayerId(1)}: phase_server: game submission processed (lock held) game=Y9QTHU kind="action" lock_ms=7 ai_actions=0
2026-09-18T05:14:12.537933Z  INFO ws_message:game_session{game=Y9QTHU player=PlayerId(0)}: server_core::session: action applied game=Y9QTHU player=PlayerId(0) action_type="PassPriority" event_count=1
2026-09-18T05:14:12.538478Z  INFO ws_message:game_session{game=Y9QTHU player=PlayerId(0)}: phase_server: game submission processed (lock held) game=Y9QTHU kind="action" lock_ms=2 ai_actions=0
2026-09-18T05:14:12.792176Z  INFO ws_message:game_session{game=Y9QTHU player=PlayerId(1)}: server_core::session: action applied game=Y9QTHU player=PlayerId(1) action_type="PassPriority" event_count=4
2026-09-18T05:14:12.792684Z  INFO ws_message:game_session{game=Y9QTHU player=PlayerId(1)}: phase_server: game submission processed (lock held) game=Y9QTHU kind="action" lock_ms=5 ai_actions=0
2026-09-18T05:14:13.040410Z  INFO ws_message:game_session{game=Y9QTHU player=PlayerId(1)}: server_core::session: action applied game=Y9QTHU player=PlayerId(1) action_type="PassPriority" event_count=1
2026-09-18T05:14:13.043967Z  INFO ws_message:game_session{game=Y9QTHU player=PlayerId(1)}: phase_server: game submission processed (lock held) game=Y9QTHU kind="action" lock_ms=5 ai_actions=0
2026-09-18T05:14:13.294035Z  INFO ws_message:game_session{game=Y9QTHU player=PlayerId(0)}: server_core::session: action applied game=Y9QTHU player=PlayerId(0) action_type="PassPriority" event_count=4
2026-09-18T05:14:13.295928Z  INFO ws_message:game_session{game=Y9QTHU player=PlayerId(0)}: phase_server: game submission processed (lock held) game=Y9QTHU kind="action" lock_ms=7 ai_actions=0
2026-09-18T05:14:13.542593Z  INFO ws_message:game_session{game=Y9QTHU player=PlayerId(1)}: server_core::session: action applied game=Y9QTHU player=PlayerId(1) action_type="PassPriority" event_count=1
2026-09-18T05:14:13.545893Z  INFO ws_message:game_session{game=Y9QTHU player=PlayerId(1)}: phase_server: game submission processed (lock held) game=Y9QTHU kind="action" lock_ms=5 ai_actions=0
2026-09-18T05:14:13.793747Z  INFO ws_message:game_session{game=Y9QTHU player=PlayerId(0)}: server_core::session: action applied game=Y9QTHU player=PlayerId(0) action_type="PassPriority" event_count=1
2026-09-18T05:14:13.795101Z  INFO ws_message:game_session{game=Y9QTHU player=PlayerId(0)}: phase_server: game submission processed (lock held) game=Y9QTHU kind="action" lock_ms=3 ai_actions=0
2026-09-18T05:14:14.049124Z  INFO ws_message:game_session{game=Y9QTHU player=PlayerId(1)}: server_core::session: action applied game=Y9QTHU player=PlayerId(1) action_type="CastSpell" event_count=3
2026-09-18T05:14:14.049690Z  INFO ws_message:game_session{game=Y9QTHU player=PlayerId(1)}: phase_server: game submission processed (lock held) game=Y9QTHU kind="action" lock_ms=5 ai_actions=0
2026-09-18T05:14:14.300123Z  INFO ws_message:game_session{game=Y9QTHU player=PlayerId(1)}: server_core::session: action applied game=Y9QTHU player=PlayerId(1) action_type="PassPriority" event_count=1
2026-09-18T05:14:14.304504Z  INFO ws_message:game_session{game=Y9QTHU player=PlayerId(1)}: phase_server: game submission processed (lock held) game=Y9QTHU kind="action" lock_ms=7 ai_actions=0
2026-09-18T05:14:14.550442Z  INFO ws_message:game_session{game=Y9QTHU player=PlayerId(0)}: server_core::session: action applied game=Y9QTHU player=PlayerId(0) action_type="PassPriority" event_count=2
2026-09-18T05:14:14.551234Z  INFO ws_message:game_session{game=Y9QTHU player=PlayerId(0)}: phase_server: game submission processed (lock held) game=Y9QTHU kind="action" lock_ms=3 ai_actions=0
2026-09-18T05:14:14.803227Z  INFO ws_message:game_session{game=Y9QTHU player=PlayerId(1)}: server_core::session: action applied game=Y9QTHU player=PlayerId(1) action_type="PassPriority" event_count=1
2026-09-18T05:14:14.809898Z  INFO ws_message:game_session{game=Y9QTHU player=PlayerId(1)}: phase_server: game submission processed (lock held) game=Y9QTHU kind="action" lock_ms=10 ai_actions=0
2026-09-18T05:14:15.053920Z  INFO ws_message:game_session{game=Y9QTHU player=PlayerId(0)}: server_core::session: action applied game=Y9QTHU player=PlayerId(0) action_type="PassPriority" event_count=1
2026-09-18T05:14:15.054515Z  INFO ws_message:game_session{game=Y9QTHU player=PlayerId(0)}: phase_server: game submission processed (lock held) game=Y9QTHU kind="action" lock_ms=3 ai_actions=0
2026-09-18T05:14:15.306595Z  INFO ws_message:game_session{game=Y9QTHU player=PlayerId(1)}: server_core::session: action applied game=Y9QTHU player=PlayerId(1) action_type="PassPriority" event_count=1
2026-09-18T05:14:15.311915Z  INFO ws_message:game_session{game=Y9QTHU player=PlayerId(1)}: phase_server: game submission processed (lock held) game=Y9QTHU kind="action" lock_ms=8 ai_actions=0
2026-09-18T05:14:15.555477Z  INFO ws_message:game_session{game=Y9QTHU player=PlayerId(0)}: server_core::session: action applied game=Y9QTHU player=PlayerId(0) action_type="PassPriority" event_count=1
2026-09-18T05:14:15.571241Z  INFO ws_message:game_session{game=Y9QTHU player=PlayerId(0)}: phase_server: game submission processed (lock held) game=Y9QTHU kind="action" lock_ms=16 ai_actions=0
2026-09-18T05:14:15.812161Z  INFO ws_message:game_session{game=Y9QTHU player=PlayerId(1)}: server_core::session: action applied game=Y9QTHU player=PlayerId(1) action_type="DeclareAttackers" event_count=2
2026-09-18T05:14:15.814890Z  INFO ws_message:game_session{game=Y9QTHU player=PlayerId(1)}: phase_server: game submission processed (lock held) game=Y9QTHU kind="action" lock_ms=8 ai_actions=0
2026-09-18T05:14:16.060827Z  INFO ws_message:game_session{game=Y9QTHU player=PlayerId(1)}: server_core::session: action applied game=Y9QTHU player=PlayerId(1) action_type="PassPriority" event_count=1
2026-09-18T05:14:16.064275Z  INFO ws_message:game_session{game=Y9QTHU player=PlayerId(1)}: phase_server: game submission processed (lock held) game=Y9QTHU kind="action" lock_ms=5 ai_actions=0
2026-09-18T05:14:16.314214Z  INFO ws_message:game_session{game=Y9QTHU player=PlayerId(0)}: server_core::session: action applied game=Y9QTHU player=PlayerId(0) action_type="PassPriority" event_count=1
2026-09-18T05:14:16.316028Z  INFO ws_message:game_session{game=Y9QTHU player=PlayerId(0)}: phase_server: game submission processed (lock held) game=Y9QTHU kind="action" lock_ms=6 ai_actions=0
2026-09-18T05:14:16.563707Z  INFO ws_message:game_session{game=Y9QTHU player=PlayerId(1)}: server_core::session: action applied game=Y9QTHU player=PlayerId(1) action_type="PassPriority" event_count=1
2026-09-18T05:14:16.567580Z  INFO ws_message:game_session{game=Y9QTHU player=PlayerId(1)}: phase_server: game submission processed (lock held) game=Y9QTHU kind="action" lock_ms=6 ai_actions=0
2026-09-18T05:14:16.816234Z  INFO ws_message:game_session{game=Y9QTHU player=PlayerId(0)}: server_core::session: action applied game=Y9QTHU player=PlayerId(0) action_type="PassPriority" event_count=1
2026-09-18T05:14:16.816828Z  INFO ws_message:game_session{game=Y9QTHU player=PlayerId(0)}: phase_server: game submission processed (lock held) game=Y9QTHU kind="action" lock_ms=4 ai_actions=0
2026-09-18T05:14:17.066351Z  INFO ws_message:game_session{game=Y9QTHU player=PlayerId(1)}: server_core::session: action applied game=Y9QTHU player=PlayerId(1) action_type="PassPriority" event_count=1
2026-09-18T05:14:17.070694Z  INFO ws_message:game_session{game=Y9QTHU player=PlayerId(1)}: phase_server: game submission processed (lock held) game=Y9QTHU kind="action" lock_ms=7 ai_actions=0
2026-09-18T05:14:17.320618Z  INFO ws_message:game_session{game=Y9QTHU player=PlayerId(0)}: server_core::session: action applied game=Y9QTHU player=PlayerId(0) action_type="PassPriority" event_count=4
2026-09-18T05:14:17.323078Z  INFO ws_message:game_session{game=Y9QTHU player=PlayerId(0)}: phase_server: game submission processed (lock held) game=Y9QTHU kind="action" lock_ms=7 ai_actions=0
2026-09-18T05:14:17.570187Z  INFO ws_message:game_session{game=Y9QTHU player=PlayerId(0)}: server_core::session: action applied game=Y9QTHU player=PlayerId(0) action_type="PassPriority" event_count=1
2026-09-18T05:14:17.570738Z  INFO ws_message:game_session{game=Y9QTHU player=PlayerId(0)}: phase_server: game submission processed (lock held) game=Y9QTHU kind="action" lock_ms=3 ai_actions=0
2026-09-18T05:14:17.823837Z  INFO ws_message:game_session{game=Y9QTHU player=PlayerId(1)}: server_core::session: action applied game=Y9QTHU player=PlayerId(1) action_type="PassPriority" event_count=4
2026-09-18T05:14:17.825374Z  INFO ws_message:game_session{game=Y9QTHU player=PlayerId(1)}: phase_server: game submission processed (lock held) game=Y9QTHU kind="action" lock_ms=6 ai_actions=0
2026-09-18T05:14:18.072836Z  INFO ws_message:game_session{game=Y9QTHU player=PlayerId(0)}: server_core::session: action applied game=Y9QTHU player=PlayerId(0) action_type="PassPriority" event_count=1
2026-09-18T05:14:18.073713Z  INFO ws_message:game_session{game=Y9QTHU player=PlayerId(0)}: phase_server: game submission processed (lock held) game=Y9QTHU kind="action" lock_ms=4 ai_actions=0
2026-09-18T05:14:18.325551Z  INFO ws_message:game_session{game=Y9QTHU player=PlayerId(1)}: server_core::session: action applied game=Y9QTHU player=PlayerId(1) action_type="PassPriority" event_count=1
2026-09-18T05:14:18.381098Z  INFO ws_message:game_session{game=Y9QTHU player=PlayerId(1)}: phase_server: game submission processed (lock held) game=Y9QTHU kind="action" lock_ms=58 ai_actions=0
2026-09-18T05:14:18.577660Z  INFO ws_message:game_session{game=Y9QTHU player=PlayerId(0)}: server_core::session: action applied game=Y9QTHU player=PlayerId(0) action_type="PlayLand" event_count=2
2026-09-18T05:14:18.613611Z  INFO ws_message:game_session{game=Y9QTHU player=PlayerId(0)}: phase_server: game submission processed (lock held) game=Y9QTHU kind="action" lock_ms=40 ai_actions=0
2026-09-18T05:14:18.828164Z  INFO ws_message:game_session{game=Y9QTHU player=PlayerId(0)}: server_core::session: action applied game=Y9QTHU player=PlayerId(0) action_type="PassPriority" event_count=1
2026-09-18T05:14:18.828993Z  INFO ws_message:game_session{game=Y9QTHU player=PlayerId(0)}: phase_server: game submission processed (lock held) game=Y9QTHU kind="action" lock_ms=3 ai_actions=0
2026-09-18T05:14:19.080380Z  INFO ws_message:game_session{game=Y9QTHU player=PlayerId(1)}: server_core::session: action applied game=Y9QTHU player=PlayerId(1) action_type="PassPriority" event_count=1
2026-09-18T05:14:19.084770Z  INFO ws_message:game_session{game=Y9QTHU player=PlayerId(1)}: phase_server: game submission processed (lock held) game=Y9QTHU kind="action" lock_ms=7 ai_actions=0
2026-09-18T05:14:19.331944Z  INFO ws_message:game_session{game=Y9QTHU player=PlayerId(0)}: server_core::session: action applied game=Y9QTHU player=PlayerId(0) action_type="PassPriority" event_count=1
2026-09-18T05:14:19.332689Z  INFO ws_message:game_session{game=Y9QTHU player=PlayerId(0)}: phase_server: game submission processed (lock held) game=Y9QTHU kind="action" lock_ms=3 ai_actions=0
2026-09-18T05:14:19.585773Z  INFO ws_message:game_session{game=Y9QTHU player=PlayerId(1)}: server_core::session: action applied game=Y9QTHU player=PlayerId(1) action_type="PassPriority" event_count=3
2026-09-18T05:14:19.590398Z  INFO ws_message:game_session{game=Y9QTHU player=PlayerId(1)}: phase_server: game submission processed (lock held) game=Y9QTHU kind="action" lock_ms=9 ai_actions=0
2026-09-18T05:14:19.834864Z  INFO ws_message:game_session{game=Y9QTHU player=PlayerId(0)}: server_core::session: action applied game=Y9QTHU player=PlayerId(0) action_type="PassPriority" event_count=1
2026-09-18T05:14:19.835488Z  INFO ws_message:game_session{game=Y9QTHU player=PlayerId(0)}: phase_server: game submission processed (lock held) game=Y9QTHU kind="action" lock_ms=3 ai_actions=0
2026-09-18T05:14:20.087404Z  INFO ws_message:game_session{game=Y9QTHU player=PlayerId(1)}: server_core::session: action applied game=Y9QTHU player=PlayerId(1) action_type="PassPriority" event_count=1
2026-09-18T05:14:20.125132Z  INFO ws_message:game_session{game=Y9QTHU player=PlayerId(1)}: phase_server: game submission processed (lock held) game=Y9QTHU kind="action" lock_ms=42 ai_actions=0
2026-09-18T05:14:20.337409Z  INFO ws_message:game_session{game=Y9QTHU player=PlayerId(0)}: server_core::session: action applied game=Y9QTHU player=PlayerId(0) action_type="PassPriority" event_count=1
2026-09-18T05:14:20.337995Z  INFO ws_message:game_session{game=Y9QTHU player=PlayerId(0)}: phase_server: game submission processed (lock held) game=Y9QTHU kind="action" lock_ms=3 ai_actions=0
2026-09-18T05:14:20.590154Z  INFO ws_message:game_session{game=Y9QTHU player=PlayerId(1)}: server_core::session: action applied game=Y9QTHU player=PlayerId(1) action_type="PassPriority" event_count=1
2026-09-18T05:14:20.594125Z  INFO ws_message:game_session{game=Y9QTHU player=PlayerId(1)}: phase_server: game submission processed (lock held) game=Y9QTHU kind="action" lock_ms=8 ai_actions=0
2026-09-18T05:14:20.839153Z  INFO ws_message:game_session{game=Y9QTHU player=PlayerId(0)}: server_core::session: action applied game=Y9QTHU player=PlayerId(0) action_type="PassPriority" event_count=1
2026-09-18T05:14:20.839694Z  INFO ws_message:game_session{game=Y9QTHU player=PlayerId(0)}: phase_server: game submission processed (lock held) game=Y9QTHU kind="action" lock_ms=3 ai_actions=0
2026-09-18T05:14:21.092908Z  INFO ws_message:game_session{game=Y9QTHU player=PlayerId(1)}: server_core::session: action applied game=Y9QTHU player=PlayerId(1) action_type="PassPriority" event_count=4
2026-09-18T05:14:21.094255Z  INFO ws_message:game_session{game=Y9QTHU player=PlayerId(1)}: phase_server: game submission processed (lock held) game=Y9QTHU kind="action" lock_ms=6 ai_actions=0
2026-09-18T05:14:21.343439Z  INFO ws_message:game_session{game=Y9QTHU player=PlayerId(1)}: server_core::session: action applied game=Y9QTHU player=PlayerId(1) action_type="PassPriority" event_count=1
2026-09-18T05:14:21.348695Z  INFO ws_message:game_session{game=Y9QTHU player=PlayerId(1)}: phase_server: game submission processed (lock held) game=Y9QTHU kind="action" lock_ms=8 ai_actions=0
2026-09-18T05:14:21.596629Z  INFO ws_message:game_session{game=Y9QTHU player=PlayerId(0)}: server_core::session: action applied game=Y9QTHU player=PlayerId(0) action_type="PassPriority" event_count=4
2026-09-18T05:14:21.597344Z  INFO ws_message:game_session{game=Y9QTHU player=PlayerId(0)}: phase_server: game submission processed (lock held) game=Y9QTHU kind="action" lock_ms=6 ai_actions=0
2026-09-18T05:14:21.845711Z  INFO ws_message:game_session{game=Y9QTHU player=PlayerId(1)}: server_core::session: action applied game=Y9QTHU player=PlayerId(1) action_type="PassPriority" event_count=1
2026-09-18T05:14:21.849886Z  INFO ws_message:game_session{game=Y9QTHU player=PlayerId(1)}: phase_server: game submission processed (lock held) game=Y9QTHU kind="action" lock_ms=6 ai_actions=0
2026-09-18T05:14:22.096496Z  INFO ws_message:game_session{game=Y9QTHU player=PlayerId(0)}: server_core::session: action applied game=Y9QTHU player=PlayerId(0) action_type="PassPriority" event_count=1
2026-09-18T05:14:22.098154Z  INFO ws_message:game_session{game=Y9QTHU player=PlayerId(0)}: phase_server: game submission processed (lock held) game=Y9QTHU kind="action" lock_ms=4 ai_actions=0
2026-09-18T05:14:22.351082Z  INFO ws_message:game_session{game=Y9QTHU player=PlayerId(1)}: server_core::session: action applied game=Y9QTHU player=PlayerId(1) action_type="CastSpell" event_count=3
2026-09-18T05:14:22.351559Z  INFO ws_message:game_session{game=Y9QTHU player=PlayerId(1)}: phase_server: game submission processed (lock held) game=Y9QTHU kind="action" lock_ms=5 ai_actions=0
2026-09-18T05:14:22.600458Z  INFO ws_message:game_session{game=Y9QTHU player=PlayerId(1)}: server_core::session: action applied game=Y9QTHU player=PlayerId(1) action_type="PassPriority" event_count=1
2026-09-18T05:14:22.604701Z  INFO ws_message:game_session{game=Y9QTHU player=PlayerId(1)}: phase_server: game submission processed (lock held) game=Y9QTHU kind="action" lock_ms=7 ai_actions=0
2026-09-18T05:14:22.851383Z  INFO ws_message:game_session{game=Y9QTHU player=PlayerId(0)}: server_core::session: action applied game=Y9QTHU player=PlayerId(0) action_type="PassPriority" event_count=2
2026-09-18T05:14:22.852008Z  INFO ws_message:game_session{game=Y9QTHU player=PlayerId(0)}: phase_server: game submission processed (lock held) game=Y9QTHU kind="action" lock_ms=3 ai_actions=0
2026-09-18T05:14:23.103158Z  INFO ws_message:game_session{game=Y9QTHU player=PlayerId(1)}: server_core::session: action applied game=Y9QTHU player=PlayerId(1) action_type="PassPriority" event_count=1
2026-09-18T05:14:23.107261Z  INFO ws_message:game_session{game=Y9QTHU player=PlayerId(1)}: phase_server: game submission processed (lock held) game=Y9QTHU kind="action" lock_ms=7 ai_actions=0
2026-09-18T05:14:23.353522Z  INFO ws_message:game_session{game=Y9QTHU player=PlayerId(0)}: server_core::session: action applied game=Y9QTHU player=PlayerId(0) action_type="PassPriority" event_count=1
2026-09-18T05:14:23.354178Z  INFO ws_message:game_session{game=Y9QTHU player=PlayerId(0)}: phase_server: game submission processed (lock held) game=Y9QTHU kind="action" lock_ms=3 ai_actions=0
2026-09-18T05:14:23.606195Z  INFO ws_message:game_session{game=Y9QTHU player=PlayerId(1)}: server_core::session: action applied game=Y9QTHU player=PlayerId(1) action_type="PassPriority" event_count=1
2026-09-18T05:14:23.610005Z  INFO ws_message:game_session{game=Y9QTHU player=PlayerId(1)}: phase_server: game submission processed (lock held) game=Y9QTHU kind="action" lock_ms=7 ai_actions=0
2026-09-18T05:14:23.854655Z  INFO ws_message:game_session{game=Y9QTHU player=PlayerId(0)}: server_core::session: action applied game=Y9QTHU player=PlayerId(0) action_type="PassPriority" event_count=1
2026-09-18T05:14:23.874192Z  INFO ws_message:game_session{game=Y9QTHU player=PlayerId(0)}: phase_server: game submission processed (lock held) game=Y9QTHU kind="action" lock_ms=20 ai_actions=0
2026-09-18T05:14:24.111535Z  INFO ws_message:game_session{game=Y9QTHU player=PlayerId(1)}: server_core::session: action applied game=Y9QTHU player=PlayerId(1) action_type="DeclareAttackers" event_count=2
2026-09-18T05:14:24.112125Z  INFO ws_message:game_session{game=Y9QTHU player=PlayerId(1)}: phase_server: game submission processed (lock held) game=Y9QTHU kind="action" lock_ms=5 ai_actions=0
2026-09-18T05:14:24.360927Z  INFO ws_message:game_session{game=Y9QTHU player=PlayerId(1)}: server_core::session: action applied game=Y9QTHU player=PlayerId(1) action_type="PassPriority" event_count=1
2026-09-18T05:14:24.366669Z  INFO ws_message:game_session{game=Y9QTHU player=PlayerId(1)}: phase_server: game submission processed (lock held) game=Y9QTHU kind="action" lock_ms=9 ai_actions=0
2026-09-18T05:14:24.613119Z  INFO ws_message:game_session{game=Y9QTHU player=PlayerId(0)}: server_core::session: action applied game=Y9QTHU player=PlayerId(0) action_type="PassPriority" event_count=1
2026-09-18T05:14:24.613889Z  INFO ws_message:game_session{game=Y9QTHU player=PlayerId(0)}: phase_server: game submission processed (lock held) game=Y9QTHU kind="action" lock_ms=5 ai_actions=0
2026-09-18T05:14:24.863941Z  INFO ws_message:game_session{game=Y9QTHU player=PlayerId(1)}: server_core::session: action applied game=Y9QTHU player=PlayerId(1) action_type="PassPriority" event_count=1
2026-09-18T05:14:24.869243Z  INFO ws_message:game_session{game=Y9QTHU player=PlayerId(1)}: phase_server: game submission processed (lock held) game=Y9QTHU kind="action" lock_ms=8 ai_actions=0
2026-09-18T05:14:25.115688Z  INFO ws_message:game_session{game=Y9QTHU player=PlayerId(0)}: server_core::session: action applied game=Y9QTHU player=PlayerId(0) action_type="PassPriority" event_count=1
2026-09-18T05:14:25.116262Z  INFO ws_message:game_session{game=Y9QTHU player=PlayerId(0)}: phase_server: game submission processed (lock held) game=Y9QTHU kind="action" lock_ms=4 ai_actions=0
2026-09-18T05:14:25.367126Z  INFO ws_message:game_session{game=Y9QTHU player=PlayerId(1)}: server_core::session: action applied game=Y9QTHU player=PlayerId(1) action_type="PassPriority" event_count=1
2026-09-18T05:14:25.372253Z  INFO ws_message:game_session{game=Y9QTHU player=PlayerId(1)}: phase_server: game submission processed (lock held) game=Y9QTHU kind="action" lock_ms=8 ai_actions=0
2026-09-18T05:14:25.619405Z  INFO ws_message:game_session{game=Y9QTHU player=PlayerId(0)}: server_core::session: action applied game=Y9QTHU player=PlayerId(0) action_type="PassPriority" event_count=4
2026-09-18T05:14:25.622498Z  INFO ws_message:game_session{game=Y9QTHU player=PlayerId(0)}: phase_server: game submission processed (lock held) game=Y9QTHU kind="action" lock_ms=8 ai_actions=0
2026-09-18T05:14:25.869432Z  INFO ws_message:game_session{game=Y9QTHU player=PlayerId(0)}: server_core::session: action applied game=Y9QTHU player=PlayerId(0) action_type="PassPriority" event_count=1
2026-09-18T05:14:25.870172Z  INFO ws_message:game_session{game=Y9QTHU player=PlayerId(0)}: phase_server: game submission processed (lock held) game=Y9QTHU kind="action" lock_ms=3 ai_actions=0
2026-09-18T05:14:26.124390Z  INFO ws_message:game_session{game=Y9QTHU player=PlayerId(1)}: server_core::session: action applied game=Y9QTHU player=PlayerId(1) action_type="PassPriority" event_count=4
2026-09-18T05:14:26.126501Z  INFO ws_message:game_session{game=Y9QTHU player=PlayerId(1)}: phase_server: game submission processed (lock held) game=Y9QTHU kind="action" lock_ms=7 ai_actions=0
2026-09-18T05:14:26.373274Z  INFO ws_message:game_session{game=Y9QTHU player=PlayerId(0)}: server_core::session: action applied game=Y9QTHU player=PlayerId(0) action_type="PassPriority" event_count=1
2026-09-18T05:14:26.373832Z  INFO ws_message:game_session{game=Y9QTHU player=PlayerId(0)}: phase_server: game submission processed (lock held) game=Y9QTHU kind="action" lock_ms=3 ai_actions=0
2026-09-18T05:14:26.625828Z  INFO ws_message:game_session{game=Y9QTHU player=PlayerId(1)}: server_core::session: action applied game=Y9QTHU player=PlayerId(1) action_type="PassPriority" event_count=1
2026-09-18T05:14:26.696565Z  INFO ws_message:game_session{game=Y9QTHU player=PlayerId(1)}: phase_server: game submission processed (lock held) game=Y9QTHU kind="action" lock_ms=73 ai_actions=0
2026-09-18T05:14:26.878004Z  INFO ws_message:game_session{game=Y9QTHU player=PlayerId(0)}: server_core::session: action applied game=Y9QTHU player=PlayerId(0) action_type="PlayLand" event_count=2
2026-09-18T05:14:26.944170Z  INFO ws_message:game_session{game=Y9QTHU player=PlayerId(0)}: phase_server: game submission processed (lock held) game=Y9QTHU kind="action" lock_ms=70 ai_actions=0
2026-09-18T05:14:27.129229Z  INFO ws_message:game_session{game=Y9QTHU player=PlayerId(0)}: server_core::session: action applied game=Y9QTHU player=PlayerId(0) action_type="PassPriority" event_count=1
2026-09-18T05:14:27.130019Z  INFO ws_message:game_session{game=Y9QTHU player=PlayerId(0)}: phase_server: game submission processed (lock held) game=Y9QTHU kind="action" lock_ms=4 ai_actions=0
2026-09-18T05:14:27.380661Z  INFO ws_message:game_session{game=Y9QTHU player=PlayerId(1)}: server_core::session: action applied game=Y9QTHU player=PlayerId(1) action_type="PassPriority" event_count=1
2026-09-18T05:14:27.385369Z  INFO ws_message:game_session{game=Y9QTHU player=PlayerId(1)}: phase_server: game submission processed (lock held) game=Y9QTHU kind="action" lock_ms=7 ai_actions=0
2026-09-18T05:14:27.632576Z  INFO ws_message:game_session{game=Y9QTHU player=PlayerId(0)}: server_core::session: action applied game=Y9QTHU player=PlayerId(0) action_type="PassPriority" event_count=1
2026-09-18T05:14:27.633910Z  INFO ws_message:game_session{game=Y9QTHU player=PlayerId(0)}: phase_server: game submission processed (lock held) game=Y9QTHU kind="action" lock_ms=5 ai_actions=0
2026-09-18T05:14:27.885634Z  INFO ws_message:game_session{game=Y9QTHU player=PlayerId(1)}: server_core::session: action applied game=Y9QTHU player=PlayerId(1) action_type="PassPriority" event_count=3
2026-09-18T05:14:27.892096Z  INFO ws_message:game_session{game=Y9QTHU player=PlayerId(1)}: phase_server: game submission processed (lock held) game=Y9QTHU kind="action" lock_ms=11 ai_actions=0
2026-09-18T05:14:28.134789Z  INFO ws_message:game_session{game=Y9QTHU player=PlayerId(0)}: server_core::session: action applied game=Y9QTHU player=PlayerId(0) action_type="PassPriority" event_count=1
2026-09-18T05:14:28.135444Z  INFO ws_message:game_session{game=Y9QTHU player=PlayerId(0)}: phase_server: game submission processed (lock held) game=Y9QTHU kind="action" lock_ms=4 ai_actions=0
2026-09-18T05:14:28.390691Z  INFO ws_message:game_session{game=Y9QTHU player=PlayerId(1)}: server_core::session: action applied game=Y9QTHU player=PlayerId(1) action_type="PassPriority" event_count=1
2026-09-18T05:14:28.444243Z  INFO ws_message:game_session{game=Y9QTHU player=PlayerId(1)}: phase_server: game submission processed (lock held) game=Y9QTHU kind="action" lock_ms=60 ai_actions=0
2026-09-18T05:14:28.638520Z  INFO ws_message:game_session{game=Y9QTHU player=PlayerId(0)}: server_core::session: action applied game=Y9QTHU player=PlayerId(0) action_type="PassPriority" event_count=1
2026-09-18T05:14:28.639226Z  INFO ws_message:game_session{game=Y9QTHU player=PlayerId(0)}: phase_server: game submission processed (lock held) game=Y9QTHU kind="action" lock_ms=4 ai_actions=0
2026-09-18T05:14:28.891487Z  INFO ws_message:game_session{game=Y9QTHU player=PlayerId(1)}: server_core::session: action applied game=Y9QTHU player=PlayerId(1) action_type="PassPriority" event_count=1
2026-09-18T05:14:28.895821Z  INFO ws_message:game_session{game=Y9QTHU player=PlayerId(1)}: phase_server: game submission processed (lock held) game=Y9QTHU kind="action" lock_ms=8 ai_actions=0
2026-09-18T05:14:29.162776Z  INFO ws_message:game_session{game=Y9QTHU player=PlayerId(0)}: server_core::session: action applied game=Y9QTHU player=PlayerId(0) action_type="PassPriority" event_count=1
2026-09-18T05:14:29.164629Z  INFO ws_message:game_session{game=Y9QTHU player=PlayerId(0)}: phase_server: game submission processed (lock held) game=Y9QTHU kind="action" lock_ms=25 ai_actions=0
2026-09-18T05:14:29.396712Z  INFO ws_message:game_session{game=Y9QTHU player=PlayerId(1)}: server_core::session: action applied game=Y9QTHU player=PlayerId(1) action_type="PassPriority" event_count=4
2026-09-18T05:14:29.398182Z  INFO ws_message:game_session{game=Y9QTHU player=PlayerId(1)}: phase_server: game submission processed (lock held) game=Y9QTHU kind="action" lock_ms=6 ai_actions=0
2026-09-18T05:14:29.648410Z  INFO ws_message:game_session{game=Y9QTHU player=PlayerId(1)}: server_core::session: action applied game=Y9QTHU player=PlayerId(1) action_type="PassPriority" event_count=1
2026-09-18T05:14:29.652994Z  INFO ws_message:game_session{game=Y9QTHU player=PlayerId(1)}: phase_server: game submission processed (lock held) game=Y9QTHU kind="action" lock_ms=7 ai_actions=0
2026-09-18T05:14:29.900230Z  INFO ws_message:game_session{game=Y9QTHU player=PlayerId(0)}: server_core::session: action applied game=Y9QTHU player=PlayerId(0) action_type="PassPriority" event_count=4
2026-09-18T05:14:29.901304Z  INFO ws_message:game_session{game=Y9QTHU player=PlayerId(0)}: phase_server: game submission processed (lock held) game=Y9QTHU kind="action" lock_ms=6 ai_actions=0
2026-09-18T05:14:30.152543Z  INFO ws_message:game_session{game=Y9QTHU player=PlayerId(1)}: server_core::session: action applied game=Y9QTHU player=PlayerId(1) action_type="PassPriority" event_count=1
2026-09-18T05:14:30.156858Z  INFO ws_message:game_session{game=Y9QTHU player=PlayerId(1)}: phase_server: game submission processed (lock held) game=Y9QTHU kind="action" lock_ms=7 ai_actions=0
2026-09-18T05:14:30.400077Z  INFO ws_message:game_session{game=Y9QTHU player=PlayerId(0)}: server_core::session: action applied game=Y9QTHU player=PlayerId(0) action_type="PassPriority" event_count=1
2026-09-18T05:14:30.401431Z  INFO ws_message:game_session{game=Y9QTHU player=PlayerId(0)}: phase_server: game submission processed (lock held) game=Y9QTHU kind="action" lock_ms=4 ai_actions=0
2026-09-18T05:14:30.657696Z  INFO ws_message:game_session{game=Y9QTHU player=PlayerId(1)}: server_core::session: action applied game=Y9QTHU player=PlayerId(1) action_type="CastSpell" event_count=3
2026-09-18T05:14:30.658233Z  INFO ws_message:game_session{game=Y9QTHU player=PlayerId(1)}: phase_server: game submission processed (lock held) game=Y9QTHU kind="action" lock_ms=6 ai_actions=0
2026-09-18T05:14:30.906293Z  INFO ws_message:game_session{game=Y9QTHU player=PlayerId(1)}: server_core::session: action applied game=Y9QTHU player=PlayerId(1) action_type="PassPriority" event_count=1
2026-09-18T05:14:30.911259Z  INFO ws_message:game_session{game=Y9QTHU player=PlayerId(1)}: phase_server: game submission processed (lock held) game=Y9QTHU kind="action" lock_ms=8 ai_actions=0
2026-09-18T05:14:31.157499Z  INFO ws_message:game_session{game=Y9QTHU player=PlayerId(0)}: server_core::session: action applied game=Y9QTHU player=PlayerId(0) action_type="PassPriority" event_count=2
2026-09-18T05:14:31.158161Z  INFO ws_message:game_session{game=Y9QTHU player=PlayerId(0)}: phase_server: game submission processed (lock held) game=Y9QTHU kind="action" lock_ms=4 ai_actions=0
2026-09-18T05:14:31.410411Z  INFO ws_message:game_session{game=Y9QTHU player=PlayerId(1)}: server_core::session: action applied game=Y9QTHU player=PlayerId(1) action_type="PassPriority" event_count=1
2026-09-18T05:14:31.416212Z  INFO ws_message:game_session{game=Y9QTHU player=PlayerId(1)}: phase_server: game submission processed (lock held) game=Y9QTHU kind="action" lock_ms=9 ai_actions=0
2026-09-18T05:14:31.660797Z  INFO ws_message:game_session{game=Y9QTHU player=PlayerId(0)}: server_core::session: action applied game=Y9QTHU player=PlayerId(0) action_type="PassPriority" event_count=1
2026-09-18T05:14:31.661862Z  INFO ws_message:game_session{game=Y9QTHU player=PlayerId(0)}: phase_server: game submission processed (lock held) game=Y9QTHU kind="action" lock_ms=4 ai_actions=0
2026-09-18T05:14:31.913486Z  INFO ws_message:game_session{game=Y9QTHU player=PlayerId(1)}: server_core::session: action applied game=Y9QTHU player=PlayerId(1) action_type="PassPriority" event_count=1
2026-09-18T05:14:31.918932Z  INFO ws_message:game_session{game=Y9QTHU player=PlayerId(1)}: phase_server: game submission processed (lock held) game=Y9QTHU kind="action" lock_ms=8 ai_actions=0
2026-09-18T05:14:32.163189Z  INFO ws_message:game_session{game=Y9QTHU player=PlayerId(0)}: server_core::session: action applied game=Y9QTHU player=PlayerId(0) action_type="PassPriority" event_count=1
2026-09-18T05:14:32.187810Z  INFO ws_message:game_session{game=Y9QTHU player=PlayerId(0)}: phase_server: game submission processed (lock held) game=Y9QTHU kind="action" lock_ms=26 ai_actions=0
2026-09-18T05:14:32.418729Z  INFO ws_message:game_session{game=Y9QTHU player=PlayerId(1)}: server_core::session: action applied game=Y9QTHU player=PlayerId(1) action_type="DeclareAttackers" event_count=2
2026-09-18T05:14:32.419328Z  INFO ws_message:game_session{game=Y9QTHU player=PlayerId(1)}: phase_server: game submission processed (lock held) game=Y9QTHU kind="action" lock_ms=6 ai_actions=0
2026-09-18T05:14:32.668343Z  INFO ws_message:game_session{game=Y9QTHU player=PlayerId(1)}: server_core::session: action applied game=Y9QTHU player=PlayerId(1) action_type="PassPriority" event_count=1
2026-09-18T05:14:32.672671Z  INFO ws_message:game_session{game=Y9QTHU player=PlayerId(1)}: phase_server: game submission processed (lock held) game=Y9QTHU kind="action" lock_ms=6 ai_actions=0
2026-09-18T05:14:32.920400Z  INFO ws_message:game_session{game=Y9QTHU player=PlayerId(0)}: server_core::session: action applied game=Y9QTHU player=PlayerId(0) action_type="PassPriority" event_count=1
2026-09-18T05:14:32.921084Z  INFO ws_message:game_session{game=Y9QTHU player=PlayerId(0)}: phase_server: game submission processed (lock held) game=Y9QTHU kind="action" lock_ms=5 ai_actions=0
2026-09-18T05:14:33.172682Z  INFO ws_message:game_session{game=Y9QTHU player=PlayerId(1)}: server_core::session: action applied game=Y9QTHU player=PlayerId(1) action_type="PassPriority" event_count=1
2026-09-18T05:14:33.177741Z  INFO ws_message:game_session{game=Y9QTHU player=PlayerId(1)}: phase_server: game submission processed (lock held) game=Y9QTHU kind="action" lock_ms=8 ai_actions=0
2026-09-18T05:14:33.425254Z  INFO ws_message:game_session{game=Y9QTHU player=PlayerId(0)}: server_core::session: action applied game=Y9QTHU player=PlayerId(0) action_type="PassPriority" event_count=1
2026-09-18T05:14:33.426385Z  INFO ws_message:game_session{game=Y9QTHU player=PlayerId(0)}: phase_server: game submission processed (lock held) game=Y9QTHU kind="action" lock_ms=5 ai_actions=0
2026-09-18T05:14:33.677489Z  INFO ws_message:game_session{game=Y9QTHU player=PlayerId(1)}: server_core::session: action applied game=Y9QTHU player=PlayerId(1) action_type="PassPriority" event_count=1
2026-09-18T05:14:33.682187Z  INFO ws_message:game_session{game=Y9QTHU player=PlayerId(1)}: phase_server: game submission processed (lock held) game=Y9QTHU kind="action" lock_ms=8 ai_actions=0
2026-09-18T05:14:33.929617Z  INFO ws_message:game_session{game=Y9QTHU player=PlayerId(0)}: server_core::session: action applied game=Y9QTHU player=PlayerId(0) action_type="PassPriority" event_count=4
2026-09-18T05:14:33.932501Z  INFO ws_message:game_session{game=Y9QTHU player=PlayerId(0)}: phase_server: game submission processed (lock held) game=Y9QTHU kind="action" lock_ms=8 ai_actions=0
2026-09-18T05:14:34.179262Z  INFO ws_message:game_session{game=Y9QTHU player=PlayerId(0)}: server_core::session: action applied game=Y9QTHU player=PlayerId(0) action_type="PassPriority" event_count=1
2026-09-18T05:14:34.180032Z  INFO ws_message:game_session{game=Y9QTHU player=PlayerId(0)}: phase_server: game submission processed (lock held) game=Y9QTHU kind="action" lock_ms=4 ai_actions=0
2026-09-18T05:14:34.436513Z  INFO ws_message:game_session{game=Y9QTHU player=PlayerId(1)}: server_core::session: action applied game=Y9QTHU player=PlayerId(1) action_type="PassPriority" event_count=4
2026-09-18T05:14:34.439697Z  INFO ws_message:game_session{game=Y9QTHU player=PlayerId(1)}: phase_server: game submission processed (lock held) game=Y9QTHU kind="action" lock_ms=10 ai_actions=0
2026-09-18T05:14:34.683054Z  INFO ws_message:game_session{game=Y9QTHU player=PlayerId(0)}: server_core::session: action applied game=Y9QTHU player=PlayerId(0) action_type="PassPriority" event_count=1
2026-09-18T05:14:34.683912Z  INFO ws_message:game_session{game=Y9QTHU player=PlayerId(0)}: phase_server: game submission processed (lock held) game=Y9QTHU kind="action" lock_ms=4 ai_actions=0
2026-09-18T05:14:34.934365Z  INFO ws_message:game_session{game=Y9QTHU player=PlayerId(1)}: server_core::session: action applied game=Y9QTHU player=PlayerId(1) action_type="PassPriority" event_count=1
2026-09-18T05:14:35.007044Z  INFO ws_message:game_session{game=Y9QTHU player=PlayerId(1)}: phase_server: game submission processed (lock held) game=Y9QTHU kind="action" lock_ms=75 ai_actions=0
2026-09-18T05:14:35.186938Z  INFO ws_message:game_session{game=Y9QTHU player=PlayerId(0)}: server_core::session: action applied game=Y9QTHU player=PlayerId(0) action_type="PlayLand" event_count=2
2026-09-18T05:14:35.197293Z  INFO ws_message:game_session{game=Y9QTHU player=PlayerId(0)}: phase_server: game submission processed (lock held) game=Y9QTHU kind="action" lock_ms=14 ai_actions=0
2026-09-18T05:14:35.442362Z  INFO ws_message:game_session{game=Y9QTHU player=PlayerId(0)}: server_core::session: action applied game=Y9QTHU player=PlayerId(0) action_type="CastSpell" event_count=28
2026-09-18T05:14:35.443530Z  INFO ws_message:game_session{game=Y9QTHU player=PlayerId(0)}: phase_server: game submission processed (lock held) game=Y9QTHU kind="action" lock_ms=9 ai_actions=0
2026-09-18T05:14:35.689322Z  INFO ws_message:game_session{game=Y9QTHU player=PlayerId(0)}: server_core::session: action applied game=Y9QTHU player=PlayerId(0) action_type="PassPriority" event_count=1
2026-09-18T05:14:35.689968Z  INFO ws_message:game_session{game=Y9QTHU player=PlayerId(0)}: phase_server: game submission processed (lock held) game=Y9QTHU kind="action" lock_ms=4 ai_actions=0
2026-09-18T05:14:35.947024Z  INFO ws_message:game_session{game=Y9QTHU player=PlayerId(1)}: server_core::session: action applied game=Y9QTHU player=PlayerId(1) action_type="PassPriority" event_count=2
2026-09-18T05:14:35.949610Z  INFO ws_message:game_session{game=Y9QTHU player=PlayerId(1)}: phase_server: game submission processed (lock held) game=Y9QTHU kind="action" lock_ms=11 ai_actions=0
2026-09-18T05:14:36.527830Z  INFO ws_message:game_session{game=Y9QTHU player=PlayerId(0)}: server_core::session: interaction applied game=Y9QTHU player=PlayerId(0) action_type="ChooseTarget" event_count=0
2026-09-18T05:14:36.528373Z  INFO ws_message:game_session{game=Y9QTHU player=PlayerId(0)}: phase_server: game submission processed (lock held) game=Y9QTHU kind="interaction" lock_ms=8 ai_actions=0
2026-09-18T05:14:36.784124Z  INFO ws_message:game_session{game=Y9QTHU player=PlayerId(0)}: server_core::session: interaction applied game=Y9QTHU player=PlayerId(0) action_type="ChooseTarget" event_count=0
2026-09-18T05:14:36.784560Z  INFO ws_message:game_session{game=Y9QTHU player=PlayerId(0)}: phase_server: game submission processed (lock held) game=Y9QTHU kind="interaction" lock_ms=11 ai_actions=0
2026-09-18T05:14:37.035225Z  INFO ws_message:game_session{game=Y9QTHU player=PlayerId(0)}: server_core::session: interaction applied game=Y9QTHU player=PlayerId(0) action_type="ChooseTarget" event_count=3
2026-09-18T05:14:37.038783Z  INFO ws_message:game_session{game=Y9QTHU player=PlayerId(0)}: phase_server: game submission processed (lock held) game=Y9QTHU kind="interaction" lock_ms=12 ai_actions=0
2026-09-18T05:14:37.288464Z  INFO ws_message:game_session{game=Y9QTHU player=PlayerId(0)}: server_core::session: interaction applied game=Y9QTHU player=PlayerId(0) action_type="DistributeAmong" event_count=0
2026-09-18T05:14:37.290067Z  INFO ws_message:game_session{game=Y9QTHU player=PlayerId(0)}: phase_server: game submission processed (lock held) game=Y9QTHU kind="interaction" lock_ms=10 ai_actions=0
2026-09-18T05:14:37.535863Z  INFO ws_message:game_session{game=Y9QTHU player=PlayerId(0)}: server_core::session: action applied game=Y9QTHU player=PlayerId(0) action_type="PassPriority" event_count=1
2026-09-18T05:14:37.536713Z  INFO ws_message:game_session{game=Y9QTHU player=PlayerId(0)}: phase_server: game submission processed (lock held) game=Y9QTHU kind="action" lock_ms=3 ai_actions=0
2026-09-18T05:14:37.710343Z  INFO ws_message:game_session{game=Y9QTHU player=PlayerId(1)}: server_core::session: action applied game=Y9QTHU player=PlayerId(1) action_type="PassPriority" event_count=11
2026-09-18T05:14:37.714226Z  INFO ws_message:game_session{game=Y9QTHU player=PlayerId(1)}: phase_server: game submission processed (lock held) game=Y9QTHU kind="action" lock_ms=12 ai_actions=0
2026-09-18T05:14:38.116391Z  INFO ws_message:game_session{game=Y9QTHU player=PlayerId(0)}: server_core::session: action applied game=Y9QTHU player=PlayerId(0) action_type="PassPriority" event_count=1
2026-09-18T05:14:38.118557Z  INFO ws_message:game_session{game=Y9QTHU player=PlayerId(0)}: phase_server: game submission processed (lock held) game=Y9QTHU kind="action" lock_ms=5 ai_actions=0
2026-09-18T05:14:38.211575Z  INFO ws_message:game_session{game=Y9QTHU player=PlayerId(1)}: server_core::session: action applied game=Y9QTHU player=PlayerId(1) action_type="PassPriority" event_count=1
2026-09-18T05:14:38.214921Z  INFO ws_message:game_session{game=Y9QTHU player=PlayerId(1)}: phase_server: game submission processed (lock held) game=Y9QTHU kind="action" lock_ms=8 ai_actions=0
2026-09-18T05:14:38.368983Z  INFO ws_message:game_session{game=Y9QTHU player=PlayerId(0)}: server_core::session: action applied game=Y9QTHU player=PlayerId(0) action_type="PassPriority" event_count=1
2026-09-18T05:14:38.370412Z  INFO ws_message:game_session{game=Y9QTHU player=PlayerId(0)}: phase_server: game submission processed (lock held) game=Y9QTHU kind="action" lock_ms=5 ai_actions=0
2026-09-18T05:14:38.465976Z  INFO ws_message:game_session{game=Y9QTHU player=PlayerId(1)}: server_core::session: action applied game=Y9QTHU player=PlayerId(1) action_type="PassPriority" event_count=3
2026-09-18T05:14:38.468225Z  INFO ws_message:game_session{game=Y9QTHU player=PlayerId(1)}: phase_server: game submission processed (lock held) game=Y9QTHU kind="action" lock_ms=7 ai_actions=0
2026-09-18T05:14:38.620305Z  INFO ws_message:game_session{game=Y9QTHU player=PlayerId(0)}: server_core::session: action applied game=Y9QTHU player=PlayerId(0) action_type="PassPriority" event_count=1
2026-09-18T05:14:38.621638Z  INFO ws_message:game_session{game=Y9QTHU player=PlayerId(0)}: phase_server: game submission processed (lock held) game=Y9QTHU kind="action" lock_ms=4 ai_actions=0
2026-09-18T05:14:38.718237Z  INFO ws_message:game_session{game=Y9QTHU player=PlayerId(1)}: server_core::session: action applied game=Y9QTHU player=PlayerId(1) action_type="PassPriority" event_count=1
2026-09-18T05:14:38.720907Z  INFO ws_message:game_session{game=Y9QTHU player=PlayerId(1)}: phase_server: game submission processed (lock held) game=Y9QTHU kind="action" lock_ms=7 ai_actions=0
2026-09-18T05:14:38.871056Z  INFO ws_message:game_session{game=Y9QTHU player=PlayerId(0)}: server_core::session: action applied game=Y9QTHU player=PlayerId(0) action_type="PassPriority" event_count=1
2026-09-18T05:14:38.872648Z  INFO ws_message:game_session{game=Y9QTHU player=PlayerId(0)}: phase_server: game submission processed (lock held) game=Y9QTHU kind="action" lock_ms=4 ai_actions=0
2026-09-18T05:14:38.968778Z  INFO ws_message:game_session{game=Y9QTHU player=PlayerId(1)}: server_core::session: action applied game=Y9QTHU player=PlayerId(1) action_type="PassPriority" event_count=1
2026-09-18T05:14:38.971102Z  INFO ws_message:game_session{game=Y9QTHU player=PlayerId(1)}: phase_server: game submission processed (lock held) game=Y9QTHU kind="action" lock_ms=6 ai_actions=0
2026-09-18T05:14:39.124314Z  INFO ws_message:game_session{game=Y9QTHU player=PlayerId(0)}: server_core::session: action applied game=Y9QTHU player=PlayerId(0) action_type="PassPriority" event_count=1
2026-09-18T05:14:39.126740Z  INFO ws_message:game_session{game=Y9QTHU player=PlayerId(0)}: phase_server: game submission processed (lock held) game=Y9QTHU kind="action" lock_ms=6 ai_actions=0
2026-09-18T05:14:39.221912Z  INFO ws_message:game_session{game=Y9QTHU player=PlayerId(1)}: server_core::session: action applied game=Y9QTHU player=PlayerId(1) action_type="PassPriority" event_count=4
2026-09-18T05:14:39.224010Z  INFO ws_message:game_session{game=Y9QTHU player=PlayerId(1)}: phase_server: game submission processed (lock held) game=Y9QTHU kind="action" lock_ms=7 ai_actions=0
2026-09-18T05:14:39.471498Z  INFO ws_message:game_session{game=Y9QTHU player=PlayerId(1)}: server_core::session: action applied game=Y9QTHU player=PlayerId(1) action_type="PassPriority" event_count=1
2026-09-18T05:14:39.473551Z  INFO ws_message:game_session{game=Y9QTHU player=PlayerId(1)}: phase_server: game submission processed (lock held) game=Y9QTHU kind="action" lock_ms=5 ai_actions=0
