server identity hashes recorded: {'validated_version': 'v0.99.0', 'build_commit': 'd919616', 'protocol_version': 98, 'server_binary_sha256': '37fa78a8db1a...', 'card_data_sha256': 'ccfcf9e6d19d...', 'draft_pools_sha256': '8ce01364ee46...', 'signature_verified': True}
P0 creating game (attempt 1)
game N40OZL; seats=[0, 1]
[P0] mulligan #1 (hand 7): ['Swamp', 'Tarmogoyf', 'Tarmogoyf', 'Disa the Restless', 'Disa the Restless', 'Disa the Restless', 'Tarmogoyf']
[P1] mulligan KEEP (hand 7): ['Forest', 'Forest', 'Forest', 'Forest', 'Forest', 'Forest', 'Forest']
[P0] mulligan KEEP (hand 7): ['Faithless Looting', 'Swamp', 'Disa the Restless', 'Faithless Looting', 'Forest', 'Mountain', 'Disa the Restless']
[P0] bottoming 1: ['Faithless Looting'] (hand was ['Faithless Looting', 'Swamp', 'Disa the Restless', 'Faithless Looting', 'Forest', 'Mountain', 'Disa the Restless'])
[P1] playing Forest (P0 turn 0)
--- P0 turn 1 begins ---
[P0] T1: playing Swamp
[P1] playing Forest (P0 turn 1)
--- P0 turn 2 begins ---
[P0] T2: playing Forest
[P1] playing Forest (P0 turn 2)
[P1] casting Grizzly Bears
--- P0 turn 3 begins ---
[P0] T3: playing Mountain
[P1] playing Forest (P0 turn 3)
--- P0 turn 4 begins ---
[P0] T4: playing Forest
[P1] playing Forest (P0 turn 4)
--- P0 turn 5 begins ---
[P0] T5: playing Swamp
[P0] T5: casting Disa the Restless
[P1] playing Forest (P0 turn 5)
--- P0 turn 6 begins ---
[P0] T6: casting Tarmogoyf
[P1] playing Forest (P0 turn 6)
--- P0 turn 7 begins ---
[P0] A2 check: goyf P/T=(0, 1) (want (0,1)); disa_bf=True bears_untapped=1
[P0] attacking P1 with Tarmogoyf 52
attack declared -> entering COMBAT_WATCH
COMBAT_WATCH start (goyf 52)
[P1] combat_watch: blocking goyf 52 with Bears ['73']
COMBAT_WATCH: goyf died at t+0.9s
COMBAT_WATCH: goyf is back on the battlefield (BUG)
COMBAT_WATCH done: death_seen=True trigger_seen=False final_zone=Battlefield
CONTROL leg start: looking for a P0 main phase with Looting+goyf
[P0] CONTROL: casting Faithless Looting
[P0] looting discards: ['Tarmogoyf', 'Tarmogoyf']
CONTROL: discarded goyf oid=35
CONTROL done: discarded goyf zone=Graveyard trigger_seen=False
