data-level check: trigger phase=Upkeep; head=Unimplemented/unparsed_verb_arguments/'choose a permanent for each card in their graveyard'; sub=SetTapState/target={'type': 'TrackedSet', 'id': 0}/state={'type': 'Untap'}; CantUntap static=True; mana={"type": "Cost", "shards": ["Blue", "Blue"], "generic": 3}
game created: code=XSJQSA
[P0] keep 7
[P1] keep 7
[P1] casting Grizzly Bears (oid 94)
[P1] casting Grizzly Bears (oid 86)
[P0] casting Mist of Stagnation (oid 5)
[P0] tap land for mana: XSJQSA.0.272.c1 symbols=['G'] used_for=generic needs={'U': 2, 'generic': 2}
[P0] tap land for mana: XSJQSA.0.273.c1 symbols=['G'] used_for=generic needs={'U': 2, 'generic': 1}
[P0] tap land for mana: XSJQSA.0.274.c1 symbols=['G'] used_for=generic needs={'U': 2, 'generic': 0}
[build] Mist of Stagnation on P0 battlefield
[P1] vi discard-to-hand-size: XSJQSA.0.305.s0
[P1] vi discard-to-hand-size: XSJQSA.0.340.s0
[P1] vi discard-to-hand-size: XSJQSA.0.375.s0
[P1] casting Grizzly Bears (oid 115)
exported pre.json
[arm] pre.json exported at P1 upkeep: gy=3, tapped P1 permanents=2, turn=27; trigger on stack
[window] stack dump written (trigger_seen); 1 entries
[resolving/P1] prompt: {"interactionId": "XSJQSA.0.430", "response": {"type": "exactChoices", "data": {"choices": [{"id": "XSJQSA.0.430.c0", "surfaces": [{"type": "summary", "data": {"code": "candidate"}}, {"type": "action", "data": {"code": "passPriority", "actionId": "aa9063230e9a
exported pre.json
[arm] pre.json exported at P1 upkeep: gy=3, tapped P1 permanents=2, turn=27; trigger on stack
[resolving/P0] prompt: {"interactionId": "XSJQSA.0.431", "response": {"type": "exactChoices", "data": {"choices": [{"id": "XSJQSA.0.431.c0", "surfaces": [{"type": "summary", "data": {"code": "candidate"}}, {"type": "action", "data": {"code": "passPriority", "actionId": "aa9063230e9a
[window] Mist of Stagnation trigger resolved; starting settle clock
[resolving/P1] prompt: {"interactionId": "XSJQSA.0.432", "response": {"type": "exactChoices", "data": {"choices": [{"id": "XSJQSA.0.432.c0", "surfaces": [{"type": "summary", "data": {"code": "candidate"}}, {"type": "action", "data": {"code": "passPriority", "actionId": "aa9063230e9a
[resolving/P0] prompt: {"interactionId": "XSJQSA.0.433", "response": {"type": "exactChoices", "data": {"choices": [{"id": "XSJQSA.0.433.c0", "surfaces": [{"type": "summary", "data": {"code": "candidate"}}, {"type": "action", "data": {"code": "passPriority", "actionId": "aa9063230e9a
[resolving/P1] prompt: {"interactionId": "XSJQSA.0.434", "response": {"type": "exactChoices", "data": {"choices": [{"id": "XSJQSA.0.434.c0", "surfaces": [{"type": "summary", "data": {"code": "candidate"}}, {"type": "action", "data": {"code": "passPriority", "actionId": "aa9063230e9a
[resolving/P0] prompt: {"interactionId": "XSJQSA.0.435", "response": {"type": "exactChoices", "data": {"choices": [{"id": "XSJQSA.0.435.c0", "surfaces": [{"type": "summary", "data": {"code": "candidate"}}, {"type": "action", "data": {"code": "passPriority", "actionId": "aa9063230e9a
[resolving/P1] prompt: {"interactionId": "XSJQSA.0.436", "response": {"type": "exactChoices", "data": {"choices": [{"id": "XSJQSA.0.436.c0", "surfaces": [{"type": "summary", "data": {"code": "candidate"}}, {"type": "action", "data": {"code": "passPriority", "actionId": "aa9063230e9a
[resolving/P0] prompt: {"interactionId": "XSJQSA.0.437", "response": {"type": "exactChoices", "data": {"choices": [{"id": "XSJQSA.0.437.c0", "surfaces": [{"type": "summary", "data": {"code": "candidate"}}, {"type": "action", "data": {"code": "passPriority", "actionId": "aa9063230e9a
[resolving/P1] prompt: {"interactionId": "XSJQSA.0.438", "response": {"type": "exactChoices", "data": {"choices": [{"id": "XSJQSA.0.438.c0", "surfaces": [{"type": "summary", "data": {"code": "candidate"}}, {"type": "action", "data": {"code": "passPriority", "actionId": "aa9063230e9a
[resolving/P0] prompt: {"interactionId": "XSJQSA.0.439", "response": {"type": "exactChoices", "data": {"choices": [{"id": "XSJQSA.0.439.c0", "surfaces": [{"type": "summary", "data": {"code": "candidate"}}, {"type": "action", "data": {"code": "passPriority", "actionId": "aa9063230e9a
[resolving/P1] prompt: {"interactionId": "XSJQSA.0.440", "response": {"type": "schema", "data": {"spec": {"type": "relations", "data": {"edges": [{"sourceId": "XSJQSA.0.440.r0", "targetIds": ["XSJQSA.0.440.d0"]}, {"sourceId": "XSJQSA.0.440.r1", "targetIds": ["XSJQSA.0.440.d0"]}, {"s
[resolving/P1] prompt: {"interactionId": "XSJQSA.0.441", "response": {"type": "exactChoices", "data": {"choices": [{"id": "XSJQSA.0.441.c0", "surfaces": [{"type": "summary", "data": {"code": "candidate"}}, {"type": "action", "data": {"code": "passPriority", "actionId": "aa9063230e9a
[resolving/P0] prompt: {"interactionId": "XSJQSA.0.442", "response": {"type": "exactChoices", "data": {"choices": [{"id": "XSJQSA.0.442.c0", "surfaces": [{"type": "summary", "data": {"code": "candidate"}}, {"type": "action", "data": {"code": "passPriority", "actionId": "aa9063230e9a
[resolving/P1] prompt: {"interactionId": "XSJQSA.0.443", "response": {"type": "exactChoices", "data": {"choices": [{"id": "XSJQSA.0.443.c0", "surfaces": [{"type": "summary", "data": {"code": "candidate"}}, {"type": "action", "data": {"code": "passPriority", "actionId": "aa9063230e9a
[resolving/P0] prompt: {"interactionId": "XSJQSA.0.444", "response": {"type": "exactChoices", "data": {"choices": [{"id": "XSJQSA.0.444.c0", "surfaces": [{"type": "summary", "data": {"code": "candidate"}}, {"type": "action", "data": {"code": "passPriority", "actionId": "aa9063230e9a
[resolving/P1] prompt: {"interactionId": "XSJQSA.0.445", "response": {"type": "exactChoices", "data": {"choices": [{"id": "XSJQSA.0.445.c0", "surfaces": [{"type": "summary", "data": {"code": "candidate"}}, {"type": "action", "data": {"code": "passPriority", "actionId": "aa9063230e9a
[resolving/P0] prompt: {"interactionId": "XSJQSA.0.446", "response": {"type": "exactChoices", "data": {"choices": [{"id": "XSJQSA.0.446.c0", "surfaces": [{"type": "summary", "data": {"code": "candidate"}}, {"type": "action", "data": {"code": "passPriority", "actionId": "aa9063230e9a
[resolving/P1] prompt: {"interactionId": "XSJQSA.0.447", "response": {"type": "schema", "data": {"spec": {"type": "select", "data": {"constraint": {"type": "count", "data": {"min": 1, "max": 1}}, "confirm": "explicit"}}, "candidates": [{"id": "XSJQSA.0.447.s0", "surfaces": [{"type":
[P1] vi discard-to-hand-size: XSJQSA.0.447.s0
[resolving/P0] prompt: {"interactionId": "XSJQSA.0.448", "response": {"type": "exactChoices", "data": {"choices": [{"id": "XSJQSA.0.448.c0", "surfaces": [{"type": "summary", "data": {"code": "candidate"}}, {"type": "action", "data": {"code": "passPriority", "actionId": "aa9063230e9a
[resolving/P1] prompt: {"interactionId": "XSJQSA.0.449", "response": {"type": "exactChoices", "data": {"choices": [{"id": "XSJQSA.0.449.c0", "surfaces": [{"type": "summary", "data": {"code": "candidate"}}, {"type": "action", "data": {"code": "passPriority", "actionId": "aa9063230e9a
[resolving/P0] prompt: {"interactionId": "XSJQSA.0.450", "response": {"type": "exactChoices", "data": {"choices": [{"id": "XSJQSA.0.450.c0", "surfaces": [{"type": "summary", "data": {"code": "candidate"}}, {"type": "action", "data": {"code": "passPriority", "actionId": "aa9063230e9a
[resolving/P1] prompt: {"interactionId": "XSJQSA.0.451", "response": {"type": "exactChoices", "data": {"choices": [{"id": "XSJQSA.0.451.c0", "surfaces": [{"type": "summary", "data": {"code": "candidate"}}, {"type": "action", "data": {"code": "passPriority", "actionId": "aa9063230e9a
[resolving/P0] prompt: {"interactionId": "XSJQSA.0.452", "response": {"type": "exactChoices", "data": {"choices": [{"id": "XSJQSA.0.452.c0", "surfaces": [{"type": "summary", "data": {"code": "candidate"}}, {"type": "action", "data": {"code": "passPriority", "actionId": "aa9063230e9a
[resolving/P1] prompt: {"interactionId": "XSJQSA.0.453", "response": {"type": "exactChoices", "data": {"choices": [{"id": "XSJQSA.0.453.c0", "surfaces": [{"type": "summary", "data": {"code": "candidate"}}, {"type": "action", "data": {"code": "passPriority", "actionId": "aa9063230e9a
[resolving/P0] prompt: {"interactionId": "XSJQSA.0.454", "response": {"type": "exactChoices", "data": {"choices": [{"id": "XSJQSA.0.454.c0", "surfaces": [{"type": "summary", "data": {"code": "candidate"}}, {"type": "action", "data": {"code": "passPriority", "actionId": "aa9063230e9a
[resolving/P1] prompt: {"interactionId": "XSJQSA.0.455", "response": {"type": "exactChoices", "data": {"choices": [{"id": "XSJQSA.0.455.c0", "surfaces": [{"type": "summary", "data": {"code": "candidate"}}, {"type": "action", "data": {"code": "passPriority", "actionId": "aa9063230e9a
[resolving/P0] prompt: {"interactionId": "XSJQSA.0.456", "response": {"type": "exactChoices", "data": {"choices": [{"id": "XSJQSA.0.456.c0", "surfaces": [{"type": "summary", "data": {"code": "candidate"}}, {"type": "action", "data": {"code": "passPriority", "actionId": "aa9063230e9a
[resolving/P1] prompt: {"interactionId": "XSJQSA.0.457", "response": {"type": "exactChoices", "data": {"choices": [{"id": "XSJQSA.0.457.c0", "surfaces": [{"type": "summary", "data": {"code": "candidate"}}, {"type": "action", "data": {"code": "passPriority", "actionId": "aa9063230e9a
[resolving/P0] prompt: {"interactionId": "XSJQSA.0.458", "response": {"type": "exactChoices", "data": {"choices": [{"id": "XSJQSA.0.458.c0", "surfaces": [{"type": "summary", "data": {"code": "candidate"}}, {"type": "action", "data": {"code": "passPriority", "actionId": "aa9063230e9a
[resolving/P1] prompt: {"interactionId": "XSJQSA.0.459", "response": {"type": "exactChoices", "data": {"choices": [{"id": "XSJQSA.0.459.c0", "surfaces": [{"type": "summary", "data": {"code": "candidate"}}, {"type": "action", "data": {"code": "passPriority", "actionId": "aa9063230e9a
[resolving/P0] prompt: {"interactionId": "XSJQSA.0.460", "response": {"type": "exactChoices", "data": {"choices": [{"id": "XSJQSA.0.460.c0", "surfaces": [{"type": "summary", "data": {"code": "candidate"}}, {"type": "action", "data": {"code": "passPriority", "actionId": "aa9063230e9a
[resolving/P1] prompt: {"interactionId": "XSJQSA.0.461", "response": {"type": "exactChoices", "data": {"choices": [{"id": "XSJQSA.0.461.c0", "surfaces": [{"type": "summary", "data": {"code": "candidate"}}, {"type": "action", "data": {"code": "passPriority", "actionId": "aa9063230e9a
[resolving/P0] prompt: {"interactionId": "XSJQSA.0.462", "response": {"type": "exactChoices", "data": {"choices": [{"id": "XSJQSA.0.462.c0", "surfaces": [{"type": "summary", "data": {"code": "candidate"}}, {"type": "action", "data": {"code": "passPriority", "actionId": "aa9063230e9a
[resolving/P1] prompt: {"interactionId": "XSJQSA.0.463", "response": {"type": "exactChoices", "data": {"choices": [{"id": "XSJQSA.0.463.c0", "surfaces": [{"type": "summary", "data": {"code": "candidate"}}, {"type": "action", "data": {"code": "passPriority", "actionId": "aa9063230e9a
[resolving/P1] prompt: {"interactionId": "XSJQSA.0.464", "response": {"type": "exactChoices", "data": {"choices": [{"id": "XSJQSA.0.464.c0", "surfaces": [{"type": "summary", "data": {"code": "candidate"}}, {"type": "action", "data": {"code": "passPriority", "actionId": "aa9063230e9a
[resolving/P0] prompt: {"interactionId": "XSJQSA.0.465", "response": {"type": "exactChoices", "data": {"choices": [{"id": "XSJQSA.0.465.c0", "surfaces": [{"type": "summary", "data": {"code": "candidate"}}, {"type": "action", "data": {"code": "passPriority", "actionId": "aa9063230e9a
[resolving/P1] prompt: {"interactionId": "XSJQSA.0.466", "response": {"type": "exactChoices", "data": {"choices": [{"id": "XSJQSA.0.466.c0", "surfaces": [{"type": "summary", "data": {"code": "candidate"}}, {"type": "action", "data": {"code": "passPriority", "actionId": "aa9063230e9a
[resolving/P0] prompt: {"interactionId": "XSJQSA.0.467", "response": {"type": "exactChoices", "data": {"choices": [{"id": "XSJQSA.0.467.c0", "surfaces": [{"type": "summary", "data": {"code": "candidate"}}, {"type": "action", "data": {"code": "passPriority", "actionId": "aa9063230e9a
[resolving/P1] prompt: {"interactionId": "XSJQSA.0.468", "response": {"type": "exactChoices", "data": {"choices": [{"id": "XSJQSA.0.468.c0", "surfaces": [{"type": "summary", "data": {"code": "candidate"}}, {"type": "action", "data": {"code": "passPriority", "actionId": "aa9063230e9a
[resolving/P0] prompt: {"interactionId": "XSJQSA.0.469", "response": {"type": "exactChoices", "data": {"choices": [{"id": "XSJQSA.0.469.c0", "surfaces": [{"type": "summary", "data": {"code": "candidate"}}, {"type": "action", "data": {"code": "passPriority", "actionId": "aa9063230e9a
[resolving/P1] prompt: {"interactionId": "XSJQSA.0.470", "response": {"type": "exactChoices", "data": {"choices": [{"id": "XSJQSA.0.470.c0", "surfaces": [{"type": "summary", "data": {"code": "candidate"}}, {"type": "action", "data": {"code": "passPriority", "actionId": "aa9063230e9a
[resolving/P0] prompt: {"interactionId": "XSJQSA.0.471", "response": {"type": "exactChoices", "data": {"choices": [{"id": "XSJQSA.0.471.c0", "surfaces": [{"type": "summary", "data": {"code": "candidate"}}, {"type": "action", "data": {"code": "passPriority", "actionId": "aa9063230e9a
[resolving/P1] prompt: {"interactionId": "XSJQSA.0.472", "response": {"type": "exactChoices", "data": {"choices": [{"id": "XSJQSA.0.472.c0", "surfaces": [{"type": "summary", "data": {"code": "candidate"}}, {"type": "action", "data": {"code": "passPriority", "actionId": "aa9063230e9a
[resolving/P0] prompt: {"interactionId": "XSJQSA.0.473", "response": {"type": "exactChoices", "data": {"choices": [{"id": "XSJQSA.0.473.c0", "surfaces": [{"type": "summary", "data": {"code": "candidate"}}, {"type": "action", "data": {"code": "passPriority", "actionId": "aa9063230e9a
[resolving/P1] prompt: {"interactionId": "XSJQSA.0.474", "response": {"type": "schema", "data": {"spec": {"type": "relations", "data": {"edges": [{"sourceId": "XSJQSA.0.474.r0", "targetIds": ["XSJQSA.0.474.d0"]}, {"sourceId": "XSJQSA.0.474.r1", "targetIds": ["XSJQSA.0.474.d0"]}, {"s
[resolving/P1] prompt: {"interactionId": "XSJQSA.0.475", "response": {"type": "exactChoices", "data": {"choices": [{"id": "XSJQSA.0.475.c0", "surfaces": [{"type": "summary", "data": {"code": "candidate"}}, {"type": "action", "data": {"code": "passPriority", "actionId": "aa9063230e9a
[resolving/P0] prompt: {"interactionId": "XSJQSA.0.476", "response": {"type": "exactChoices", "data": {"choices": [{"id": "XSJQSA.0.476.c0", "surfaces": [{"type": "summary", "data": {"code": "candidate"}}, {"type": "action", "data": {"code": "passPriority", "actionId": "aa9063230e9a
[resolving/P1] prompt: {"interactionId": "XSJQSA.0.477", "response": {"type": "exactChoices", "data": {"choices": [{"id": "XSJQSA.0.477.c0", "surfaces": [{"type": "summary", "data": {"code": "candidate"}}, {"type": "action", "data": {"code": "passPriority", "actionId": "aa9063230e9a
[resolving/P0] prompt: {"interactionId": "XSJQSA.0.478", "response": {"type": "exactChoices", "data": {"choices": [{"id": "XSJQSA.0.478.c0", "surfaces": [{"type": "summary", "data": {"code": "candidate"}}, {"type": "action", "data": {"code": "passPriority", "actionId": "aa9063230e9a
[resolving/P1] prompt: {"interactionId": "XSJQSA.0.479", "response": {"type": "exactChoices", "data": {"choices": [{"id": "XSJQSA.0.479.c0", "surfaces": [{"type": "summary", "data": {"code": "candidate"}}, {"type": "action", "data": {"code": "passPriority", "actionId": "aa9063230e9a
[resolving/P0] prompt: {"interactionId": "XSJQSA.0.480", "response": {"type": "exactChoices", "data": {"choices": [{"id": "XSJQSA.0.480.c0", "surfaces": [{"type": "summary", "data": {"code": "candidate"}}, {"type": "action", "data": {"code": "passPriority", "actionId": "aa9063230e9a
[resolving/P1] prompt: {"interactionId": "XSJQSA.0.481", "response": {"type": "schema", "data": {"spec": {"type": "select", "data": {"constraint": {"type": "count", "data": {"min": 1, "max": 1}}, "confirm": "explicit"}}, "candidates": [{"id": "XSJQSA.0.481.s0", "surfaces": [{"type":
[P1] vi discard-to-hand-size: XSJQSA.0.481.s0
[resolving/P0] prompt: {"interactionId": "XSJQSA.0.482", "response": {"type": "exactChoices", "data": {"choices": [{"id": "XSJQSA.0.482.c0", "surfaces": [{"type": "summary", "data": {"code": "candidate"}}, {"type": "action", "data": {"code": "passPriority", "actionId": "aa9063230e9a
[resolving/P1] prompt: {"interactionId": "XSJQSA.0.483", "response": {"type": "exactChoices", "data": {"choices": [{"id": "XSJQSA.0.483.c0", "surfaces": [{"type": "summary", "data": {"code": "candidate"}}, {"type": "action", "data": {"code": "passPriority", "actionId": "aa9063230e9a
[resolving/P0] prompt: {"interactionId": "XSJQSA.0.484", "response": {"type": "exactChoices", "data": {"choices": [{"id": "XSJQSA.0.484.c0", "surfaces": [{"type": "summary", "data": {"code": "candidate"}}, {"type": "action", "data": {"code": "passPriority", "actionId": "aa9063230e9a
[resolving/P1] prompt: {"interactionId": "XSJQSA.0.485", "response": {"type": "exactChoices", "data": {"choices": [{"id": "XSJQSA.0.485.c0", "surfaces": [{"type": "summary", "data": {"code": "candidate"}}, {"type": "action", "data": {"code": "passPriority", "actionId": "aa9063230e9a
[resolving/P0] prompt: {"interactionId": "XSJQSA.0.486", "response": {"type": "exactChoices", "data": {"choices": [{"id": "XSJQSA.0.486.c0", "surfaces": [{"type": "summary", "data": {"code": "candidate"}}, {"type": "action", "data": {"code": "passPriority", "actionId": "aa9063230e9a
[resolving/P1] prompt: {"interactionId": "XSJQSA.0.487", "response": {"type": "exactChoices", "data": {"choices": [{"id": "XSJQSA.0.487.c0", "surfaces": [{"type": "summary", "data": {"code": "candidate"}}, {"type": "action", "data": {"code": "passPriority", "actionId": "aa9063230e9a
[resolving/P0] prompt: {"interactionId": "XSJQSA.0.488", "response": {"type": "exactChoices", "data": {"choices": [{"id": "XSJQSA.0.488.c0", "surfaces": [{"type": "summary", "data": {"code": "candidate"}}, {"type": "action", "data": {"code": "passPriority", "actionId": "aa9063230e9a
[resolving/P1] prompt: {"interactionId": "XSJQSA.0.489", "response": {"type": "exactChoices", "data": {"choices": [{"id": "XSJQSA.0.489.c0", "surfaces": [{"type": "summary", "data": {"code": "candidate"}}, {"type": "action", "data": {"code": "passPriority", "actionId": "aa9063230e9a
[resolving/P0] prompt: {"interactionId": "XSJQSA.0.490", "response": {"type": "exactChoices", "data": {"choices": [{"id": "XSJQSA.0.490.c0", "surfaces": [{"type": "summary", "data": {"code": "candidate"}}, {"type": "action", "data": {"code": "passPriority", "actionId": "aa9063230e9a
[resolving/P1] prompt: {"interactionId": "XSJQSA.0.491", "response": {"type": "exactChoices", "data": {"choices": [{"id": "XSJQSA.0.491.c0", "surfaces": [{"type": "summary", "data": {"code": "candidate"}}, {"type": "action", "data": {"code": "passPriority", "actionId": "aa9063230e9a
[resolving/P0] prompt: {"interactionId": "XSJQSA.0.492", "response": {"type": "exactChoices", "data": {"choices": [{"id": "XSJQSA.0.492.c0", "surfaces": [{"type": "summary", "data": {"code": "candidate"}}, {"type": "action", "data": {"code": "passPriority", "actionId": "aa9063230e9a
[resolving/P1] prompt: {"interactionId": "XSJQSA.0.493", "response": {"type": "exactChoices", "data": {"choices": [{"id": "XSJQSA.0.493.c0", "surfaces": [{"type": "summary", "data": {"code": "candidate"}}, {"type": "action", "data": {"code": "passPriority", "actionId": "aa9063230e9a
[resolving/P0] prompt: {"interactionId": "XSJQSA.0.494", "response": {"type": "exactChoices", "data": {"choices": [{"id": "XSJQSA.0.494.c0", "surfaces": [{"type": "summary", "data": {"code": "candidate"}}, {"type": "action", "data": {"code": "passPriority", "actionId": "aa9063230e9a
[resolving/P1] prompt: {"interactionId": "XSJQSA.0.495", "response": {"type": "exactChoices", "data": {"choices": [{"id": "XSJQSA.0.495.c0", "surfaces": [{"type": "summary", "data": {"code": "candidate"}}, {"type": "action", "data": {"code": "passPriority", "actionId": "aa9063230e9a
[resolving/P0] prompt: {"interactionId": "XSJQSA.0.496", "response": {"type": "exactChoices", "data": {"choices": [{"id": "XSJQSA.0.496.c0", "surfaces": [{"type": "summary", "data": {"code": "candidate"}}, {"type": "action", "data": {"code": "passPriority", "actionId": "aa9063230e9a
[resolving/P1] prompt: {"interactionId": "XSJQSA.0.497", "response": {"type": "exactChoices", "data": {"choices": [{"id": "XSJQSA.0.497.c0", "surfaces": [{"type": "summary", "data": {"code": "candidate"}}, {"type": "action", "data": {"code": "passPriority", "actionId": "aa9063230e9a
[resolving/P0] prompt: {"interactionId": "XSJQSA.0.498", "response": {"type": "schema", "data": {"spec": {"type": "select", "data": {"constraint": {"type": "count", "data": {"min": 1, "max": 1}}, "confirm": "explicit"}}, "candidates": [{"id": "XSJQSA.0.498.s0", "surfaces": [{"type":
[P0] vi discard-to-hand-size: XSJQSA.0.498.s0
[resolving/P1] prompt: {"interactionId": "XSJQSA.0.499", "response": {"type": "exactChoices", "data": {"choices": [{"id": "XSJQSA.0.499.c0", "surfaces": [{"type": "summary", "data": {"code": "candidate"}}, {"type": "action", "data": {"code": "passPriority", "actionId": "aa9063230e9a
[resolving/P0] prompt: {"interactionId": "XSJQSA.0.500", "response": {"type": "exactChoices", "data": {"choices": [{"id": "XSJQSA.0.500.c0", "surfaces": [{"type": "summary", "data": {"code": "candidate"}}, {"type": "action", "data": {"code": "passPriority", "actionId": "aa9063230e9a
[resolving/P1] prompt: {"interactionId": "XSJQSA.0.501", "response": {"type": "exactChoices", "data": {"choices": [{"id": "XSJQSA.0.501.c0", "surfaces": [{"type": "summary", "data": {"code": "candidate"}}, {"type": "action", "data": {"code": "passPriority", "actionId": "aa9063230e9a
[resolving/P0] prompt: {"interactionId": "XSJQSA.0.502", "response": {"type": "exactChoices", "data": {"choices": [{"id": "XSJQSA.0.502.c0", "surfaces": [{"type": "summary", "data": {"code": "candidate"}}, {"type": "action", "data": {"code": "passPriority", "actionId": "aa9063230e9a
[resolving/P1] prompt: {"interactionId": "XSJQSA.0.503", "response": {"type": "exactChoices", "data": {"choices": [{"id": "XSJQSA.0.503.c0", "surfaces": [{"type": "summary", "data": {"code": "candidate"}}, {"type": "action", "data": {"code": "passPriority", "actionId": "aa9063230e9a
[resolving/P0] prompt: {"interactionId": "XSJQSA.0.504", "response": {"type": "exactChoices", "data": {"choices": [{"id": "XSJQSA.0.504.c0", "surfaces": [{"type": "summary", "data": {"code": "candidate"}}, {"type": "action", "data": {"code": "passPriority", "actionId": "aa9063230e9a
[resolving/P1] prompt: {"interactionId": "XSJQSA.0.505", "response": {"type": "exactChoices", "data": {"choices": [{"id": "XSJQSA.0.505.c0", "surfaces": [{"type": "summary", "data": {"code": "candidate"}}, {"type": "action", "data": {"code": "passPriority", "actionId": "aa9063230e9a
[resolving/P0] prompt: {"interactionId": "XSJQSA.0.506", "response": {"type": "exactChoices", "data": {"choices": [{"id": "XSJQSA.0.506.c0", "surfaces": [{"type": "summary", "data": {"code": "candidate"}}, {"type": "action", "data": {"code": "passPriority", "actionId": "aa9063230e9a
[resolving/P1] prompt: {"interactionId": "XSJQSA.0.507", "response": {"type": "exactChoices", "data": {"choices": [{"id": "XSJQSA.0.507.c0", "surfaces": [{"type": "summary", "data": {"code": "candidate"}}, {"type": "action", "data": {"code": "passPriority", "actionId": "aa9063230e9a
[resolving/P0] prompt: {"interactionId": "XSJQSA.0.508", "response": {"type": "exactChoices", "data": {"choices": [{"id": "XSJQSA.0.508.c0", "surfaces": [{"type": "summary", "data": {"code": "candidate"}}, {"type": "action", "data": {"code": "passPriority", "actionId": "aa9063230e9a
[resolving/P1] prompt: {"interactionId": "XSJQSA.0.509", "response": {"type": "schema", "data": {"spec": {"type": "relations", "data": {"edges": [{"sourceId": "XSJQSA.0.509.r0", "targetIds": ["XSJQSA.0.509.d0"]}, {"sourceId": "XSJQSA.0.509.r1", "targetIds": ["XSJQSA.0.509.d0"]}, {"s
[window] settle clock done; exporting post
[window] settle clock done; exporting post
exported post.json
[untap] tapped at pre=2; untapped in window=0 ([])
exported post.json
[untap] tapped at pre=2; untapped in window=0 ([])
