game OLJ5KA; P0 seat=0 P1 seat=1
P0 keeps opening hand
P1 keeps opening hand
DIAG turn=1 active=1 phase=Untap wf=MulliganDecision P0bf=[] P1bf=[] P0hand=['Mountain', 'Mountain', 'Swamp', 'Mountain', 'Forest', 'Gixian Infiltrator', 'Gixian Infiltrator'] setup=False blk=False
P0 non-priority decision: MulliganDecision acts=[]
P0 casts Gixian Infiltrator
P0 casts Gixian Infiltrator
P0 declares no attackers
P0 declares no attackers
P0 declares no attackers
P0 declares no attackers
P0 declares no attackers
P0 declares no attackers
P1 casts Blazing Rootwalla
P0 declares no attackers
DIAG turn=18 active=0 phase=End wf=Priority P0bf=['Swamp', 'Forest', 'Gixian Infiltrator', 'Swamp', 'Forest', 'Mountain', 'Mountain', 'Swamp', 'Gixian Infiltrator', 'Swamp', 'Forest'] P1bf=['Mountain', 'Mountain', 'Mountain', 'Blazing Rootwalla', 'Mountain', 'Mountain', 'Mountain', 'Mountain'] P0hand=['Mountain', 'Forest', 'Swamp', 'Swamp', 'Mountain'] setup=False blk=False
P0 declares no attackers
P0 declares no attackers
P0 declares no attackers
P0 declares no attackers
P0 declares no attackers
P0 declares no attackers
P0 declares no attackers
P0 declares no attackers
DIAG turn=36 active=0 phase=PreCombatMain wf=Priority P0bf=['Swamp', 'Forest', 'Gixian Infiltrator', 'Swamp', 'Swamp', 'Mountain', 'Forest', 'Mountain', 'Mountain', 'Mountain', 'Swamp', 'Swamp'] P1bf=['Mountain', 'Mountain', 'Mountain', 'Mountain', 'Mountain', 'Blazing Rootwalla', 'Mountain', 'Mountain'] P0hand=['Forest', 'Swamp', 'Mountain', 'Swamp', 'Swamp', 'Gixian Infiltrator'] setup=False blk=False
P0 casts Gixian Infiltrator
P0 declares no attackers
P0 declares no attackers
P1 casts Blazing Rootwalla
P0 declares no attackers
P1 casts Clockwork Percussionist
P0 declares no attackers
P1 casts Goblin Bushwhacker
P0 non-priority decision: OptionalCostChoice acts=[]
P1 declines optional cost (kicker)
P0 declares no attackers
P0 casts Writhing Chrysalis
SETUP COMPLETE: P0 has Infiltrator+Chrysalis+2 spawns; P1 has all three attackers
P0 declares no attackers
P1 casts Goblin Bushwhacker
P0 non-priority decision: OptionalCostChoice acts=[]
P1 declines optional cost (kicker)
P1 waits: attackers not all ready [('Clockwork Percussionist', True), ('Goblin Bushwhacker', False), ('Blazing Rootwalla', True)]
P0 declares no attackers
P1 attacks with ['Clockwork Percussionist', 'Goblin Bushwhacker', 'Blazing Rootwalla']
DeclareBlockers action shape: {"type": "DeclareBlockers", "data": {"assignments": []}}
blockers: chrys=13 inf=11 spawns=[122, 123] | attackers: rw=70 bw=61 pc=102
P0 declares blockers: Chrysalis->Rootwalla, Infiltrator->Bushwhacker, Spawn(122)->Percussionist
exporting PRE (blockers declared, P0 priority, pre-sac)
combat state: {"attacked_defenders_this_combat": {"1": [0]}, "attackers": [{"attack_target": {"data": 0, "type": "Player"}, "band_id": null, "blocked": true, "defending_player": 0, "object_id": 102}, {"attack_target": {"data": 0, "type": "Player"}, "band_id": null, "blocked": true, "defending_player": 0, "object_id": 61}, {"attack_target": {"data": 0, "type": "Player"}, "band_id": null, "blocked": true, "defending_player": 0, "object_id": 70}], "attacking_incarnations_this_combat": [{"incarnation": 3, "object_id": 61}, {"incarnation": 3, "object_id": 70}, {"incarnation": 3, "object_id": 102}], "blocker_assignments": {"102": [122], "61": [11], "70": [13]}, "blocker_to_attacker": {"11": [61], "122": [102], "13": [70]}, "blockers_declared_by": [0], "creature_attacked_defenders_this_combat": {"102": [0], "61": [0], "70": [0]}, "damage_assignments": {}, "damage_step_index": null, "first_strike_done": false, "first_strike_participants": null, "pending_blocker_declaration_events": [], "pending_damage": [], "regular_damage_done": false}
block assignments observed: {('Writhing Chrysalis', 'Blazing Rootwalla'), ('Eldrazi Spawn', 'Clockwork Percussionist'), ('Gixian Infiltrator', 'Goblin Bushwhacker')}
Spawn activation offered: {"type": "ActivateAbility", "data": {"source_id": 122, "ability_index": 0}, "_src_oid": "122"}
P0 activates Spawn sac ability (offered channel)
P0 non-priority decision: OrderTriggers acts=[('OrderTriggers', ['order']), ('OrderTriggers', ['order']), ('OrderTriggers', ['order']), ('OrderTriggers', ['order']), ('OrderTriggers', ['order']), ('OrderTriggers', ['order']), ('OrderTriggers', ['order']), ('OrderTriggers', ['order'])]
P0 submits trigger order as advertised
post-activation: spawns_on_bf=1 (was 2) colorless_in_pool=1 (was 0) phase=DeclareBlockers rejections=[]
counters Gixian Infiltrator(11): 0 -> 0
counters Gixian Infiltrator(32): 0 -> 0
counters Gixian Infiltrator(59): 0 -> 0
counters Writhing Chrysalis(13): 0 -> 0
counters Gixian Infiltrator(11): 0 -> 0
counters Gixian Infiltrator(32): 0 -> 0
counters Gixian Infiltrator(59): 0 -> 0
counters Writhing Chrysalis(13): 0 -> 1
counters Gixian Infiltrator(11): 0 -> 0
counters Gixian Infiltrator(32): 0 -> 0
counters Gixian Infiltrator(59): 0 -> 1
counters Writhing Chrysalis(13): 0 -> 1
counters Gixian Infiltrator(11): 0 -> 0
counters Gixian Infiltrator(32): 0 -> 1
counters Gixian Infiltrator(59): 0 -> 1
counters Writhing Chrysalis(13): 0 -> 1
counters Gixian Infiltrator(11): 0 -> 1
counters Gixian Infiltrator(32): 0 -> 1
counters Gixian Infiltrator(59): 0 -> 1
counters Writhing Chrysalis(13): 0 -> 1
all assertions resolved; finishing
summary.png rendered
