2026-09-15T05:42:00.101415Z  INFO ws_message:game_session{game=OLJ5KA player=PlayerId(0)}: server_core::session: action applied game=OLJ5KA player=PlayerId(0) action_type="PassPriority" event_count=1
2026-09-15T05:42:00.116144Z  INFO ws_message:game_session{game=OLJ5KA player=PlayerId(0)}: phase_server: game submission processed (lock held) game=OLJ5KA kind="action" lock_ms=18 ai_actions=0
2026-09-15T05:42:00.254419Z  INFO ws_message:game_session{game=OLJ5KA player=PlayerId(1)}: server_core::session: action applied game=OLJ5KA player=PlayerId(1) action_type="PassPriority" event_count=1
2026-09-15T05:42:00.273863Z  INFO ws_message:game_session{game=OLJ5KA player=PlayerId(1)}: phase_server: game submission processed (lock held) game=OLJ5KA kind="action" lock_ms=24 ai_actions=0
2026-09-15T05:42:00.404385Z  INFO ws_message:game_session{game=OLJ5KA player=PlayerId(0)}: server_core::session: action applied game=OLJ5KA player=PlayerId(0) action_type="PassPriority" event_count=1
2026-09-15T05:42:00.418621Z  INFO ws_message:game_session{game=OLJ5KA player=PlayerId(0)}: phase_server: game submission processed (lock held) game=OLJ5KA kind="action" lock_ms=19 ai_actions=0
2026-09-15T05:42:00.552584Z  INFO ws_message:game_session{game=OLJ5KA player=PlayerId(1)}: server_core::session: action applied game=OLJ5KA player=PlayerId(1) action_type="PassPriority" event_count=1
2026-09-15T05:42:00.588532Z  INFO ws_message:game_session{game=OLJ5KA player=PlayerId(1)}: phase_server: game submission processed (lock held) game=OLJ5KA kind="action" lock_ms=37 ai_actions=0
2026-09-15T05:42:00.708616Z  INFO ws_message:game_session{game=OLJ5KA player=PlayerId(0)}: server_core::session: action applied game=OLJ5KA player=PlayerId(0) action_type="DeclareAttackers" event_count=2
2026-09-15T05:42:00.727044Z  INFO ws_message:game_session{game=OLJ5KA player=PlayerId(0)}: phase_server: game submission processed (lock held) game=OLJ5KA kind="action" lock_ms=25 ai_actions=0
2026-09-15T05:42:00.858041Z  INFO ws_message:game_session{game=OLJ5KA player=PlayerId(0)}: server_core::session: action applied game=OLJ5KA player=PlayerId(0) action_type="PassPriority" event_count=1
2026-09-15T05:42:00.872392Z  INFO ws_message:game_session{game=OLJ5KA player=PlayerId(0)}: phase_server: game submission processed (lock held) game=OLJ5KA kind="action" lock_ms=19 ai_actions=0
2026-09-15T05:42:01.009867Z  INFO ws_message:game_session{game=OLJ5KA player=PlayerId(1)}: server_core::session: action applied game=OLJ5KA player=PlayerId(1) action_type="PassPriority" event_count=1
2026-09-15T05:42:01.034199Z  INFO ws_message:game_session{game=OLJ5KA player=PlayerId(1)}: phase_server: game submission processed (lock held) game=OLJ5KA kind="action" lock_ms=29 ai_actions=0
2026-09-15T05:42:01.160576Z  INFO ws_message:game_session{game=OLJ5KA player=PlayerId(0)}: server_core::session: action applied game=OLJ5KA player=PlayerId(0) action_type="PassPriority" event_count=1
2026-09-15T05:42:01.174958Z  INFO ws_message:game_session{game=OLJ5KA player=PlayerId(0)}: phase_server: game submission processed (lock held) game=OLJ5KA kind="action" lock_ms=19 ai_actions=0
2026-09-15T05:42:01.311158Z  INFO ws_message:game_session{game=OLJ5KA player=PlayerId(1)}: server_core::session: action applied game=OLJ5KA player=PlayerId(1) action_type="PassPriority" event_count=1
2026-09-15T05:42:01.328648Z  INFO ws_message:game_session{game=OLJ5KA player=PlayerId(1)}: phase_server: game submission processed (lock held) game=OLJ5KA kind="action" lock_ms=22 ai_actions=0
2026-09-15T05:42:01.462356Z  INFO ws_message:game_session{game=OLJ5KA player=PlayerId(0)}: server_core::session: action applied game=OLJ5KA player=PlayerId(0) action_type="PassPriority" event_count=1
2026-09-15T05:42:01.475864Z  INFO ws_message:game_session{game=OLJ5KA player=PlayerId(0)}: phase_server: game submission processed (lock held) game=OLJ5KA kind="action" lock_ms=18 ai_actions=0
2026-09-15T05:42:01.617072Z  INFO ws_message:game_session{game=OLJ5KA player=PlayerId(1)}: server_core::session: action applied game=OLJ5KA player=PlayerId(1) action_type="PassPriority" event_count=5
2026-09-15T05:42:01.622825Z  INFO ws_message:game_session{game=OLJ5KA player=PlayerId(1)}: phase_server: game submission processed (lock held) game=OLJ5KA kind="action" lock_ms=12 ai_actions=0
2026-09-15T05:42:01.765836Z  INFO ws_message:game_session{game=OLJ5KA player=PlayerId(1)}: server_core::session: action applied game=OLJ5KA player=PlayerId(1) action_type="PassPriority" event_count=1
2026-09-15T05:42:01.782807Z  INFO ws_message:game_session{game=OLJ5KA player=PlayerId(1)}: phase_server: game submission processed (lock held) game=OLJ5KA kind="action" lock_ms=21 ai_actions=0
2026-09-15T05:42:01.918659Z  INFO ws_message:game_session{game=OLJ5KA player=PlayerId(0)}: server_core::session: action applied game=OLJ5KA player=PlayerId(0) action_type="PassPriority" event_count=4
2026-09-15T05:42:01.923599Z  INFO ws_message:game_session{game=OLJ5KA player=PlayerId(0)}: phase_server: game submission processed (lock held) game=OLJ5KA kind="action" lock_ms=11 ai_actions=0
2026-09-15T05:42:02.067448Z  INFO ws_message:game_session{game=OLJ5KA player=PlayerId(1)}: server_core::session: action applied game=OLJ5KA player=PlayerId(1) action_type="PassPriority" event_count=1
2026-09-15T05:42:02.084345Z  INFO ws_message:game_session{game=OLJ5KA player=PlayerId(1)}: phase_server: game submission processed (lock held) game=OLJ5KA kind="action" lock_ms=21 ai_actions=0
2026-09-15T05:42:02.218649Z  INFO ws_message:game_session{game=OLJ5KA player=PlayerId(0)}: server_core::session: action applied game=OLJ5KA player=PlayerId(0) action_type="PassPriority" event_count=1
2026-09-15T05:42:02.234761Z  INFO ws_message:game_session{game=OLJ5KA player=PlayerId(0)}: phase_server: game submission processed (lock held) game=OLJ5KA kind="action" lock_ms=20 ai_actions=0
2026-09-15T05:42:02.370262Z  INFO ws_message:game_session{game=OLJ5KA player=PlayerId(1)}: server_core::session: action applied game=OLJ5KA player=PlayerId(1) action_type="PlayLand" event_count=2
2026-09-15T05:42:02.375091Z  INFO ws_message:game_session{game=OLJ5KA player=PlayerId(1)}: phase_server: game submission processed (lock held) game=OLJ5KA kind="action" lock_ms=10 ai_actions=0
2026-09-15T05:42:02.520988Z  INFO ws_message:game_session{game=OLJ5KA player=PlayerId(1)}: server_core::session: action applied game=OLJ5KA player=PlayerId(1) action_type="PassPriority" event_count=1
2026-09-15T05:42:02.538265Z  INFO ws_message:game_session{game=OLJ5KA player=PlayerId(1)}: phase_server: game submission processed (lock held) game=OLJ5KA kind="action" lock_ms=22 ai_actions=0
2026-09-15T05:42:02.673715Z  INFO ws_message:game_session{game=OLJ5KA player=PlayerId(0)}: server_core::session: action applied game=OLJ5KA player=PlayerId(0) action_type="PassPriority" event_count=1
2026-09-15T05:42:02.678582Z  INFO ws_message:game_session{game=OLJ5KA player=PlayerId(0)}: phase_server: game submission processed (lock held) game=OLJ5KA kind="action" lock_ms=9 ai_actions=0
2026-09-15T05:42:02.825287Z  INFO ws_message:game_session{game=OLJ5KA player=PlayerId(1)}: server_core::session: action applied game=OLJ5KA player=PlayerId(1) action_type="PassPriority" event_count=1
2026-09-15T05:42:02.842789Z  INFO ws_message:game_session{game=OLJ5KA player=PlayerId(1)}: phase_server: game submission processed (lock held) game=OLJ5KA kind="action" lock_ms=22 ai_actions=0
2026-09-15T05:42:02.973631Z  INFO ws_message:game_session{game=OLJ5KA player=PlayerId(0)}: server_core::session: action applied game=OLJ5KA player=PlayerId(0) action_type="PassPriority" event_count=1
2026-09-15T05:42:03.011514Z  INFO ws_message:game_session{game=OLJ5KA player=PlayerId(0)}: phase_server: game submission processed (lock held) game=OLJ5KA kind="action" lock_ms=39 ai_actions=0
2026-09-15T05:42:03.130152Z  INFO ws_message:game_session{game=OLJ5KA player=PlayerId(1)}: server_core::session: action applied game=OLJ5KA player=PlayerId(1) action_type="DeclareAttackers" event_count=4
2026-09-15T05:42:03.134924Z  INFO ws_message:game_session{game=OLJ5KA player=PlayerId(1)}: phase_server: game submission processed (lock held) game=OLJ5KA kind="action" lock_ms=11 ai_actions=0
2026-09-15T05:42:03.279476Z  INFO ws_message:game_session{game=OLJ5KA player=PlayerId(1)}: server_core::session: action applied game=OLJ5KA player=PlayerId(1) action_type="PassPriority" event_count=1
2026-09-15T05:42:03.296498Z  INFO ws_message:game_session{game=OLJ5KA player=PlayerId(1)}: phase_server: game submission processed (lock held) game=OLJ5KA kind="action" lock_ms=21 ai_actions=0
2026-09-15T05:42:03.427870Z  INFO ws_message:game_session{game=OLJ5KA player=PlayerId(0)}: server_core::session: action applied game=OLJ5KA player=PlayerId(0) action_type="PassPriority" event_count=1
2026-09-15T05:42:03.482643Z  INFO ws_message:game_session{game=OLJ5KA player=PlayerId(0)}: phase_server: game submission processed (lock held) game=OLJ5KA kind="action" lock_ms=56 ai_actions=0
2026-09-15T05:42:03.581244Z  INFO ws_message:game_session{game=OLJ5KA player=PlayerId(0)}: server_core::session: action applied game=OLJ5KA player=PlayerId(0) action_type="DeclareBlockers" event_count=1
2026-09-15T05:42:03.587084Z  INFO ws_message:game_session{game=OLJ5KA player=PlayerId(0)}: phase_server: game submission processed (lock held) game=OLJ5KA kind="action" lock_ms=10 ai_actions=0
2026-09-15T05:42:03.734164Z  INFO ws_message:game_session{game=OLJ5KA player=PlayerId(1)}: server_core::session: action applied game=OLJ5KA player=PlayerId(1) action_type="PassPriority" event_count=1
2026-09-15T05:42:03.751941Z  INFO ws_message:game_session{game=OLJ5KA player=PlayerId(1)}: phase_server: game submission processed (lock held) game=OLJ5KA kind="action" lock_ms=22 ai_actions=0
2026-09-15T05:42:04.240889Z  INFO ws_message:game_session{game=OLJ5KA player=PlayerId(0)}: server_core::session: action applied game=OLJ5KA player=PlayerId(0) action_type="ActivateAbility" event_count=4
2026-09-15T05:42:04.368272Z  INFO ws_message:game_session{game=OLJ5KA player=PlayerId(0)}: phase_server: game submission processed (lock held) game=OLJ5KA kind="action" lock_ms=140 ai_actions=0
2026-09-15T05:42:04.536154Z  INFO ws_message:game_session{game=OLJ5KA player=PlayerId(0)}: server_core::session: action applied game=OLJ5KA player=PlayerId(0) action_type="OrderTriggers" event_count=0
2026-09-15T05:42:04.545527Z  INFO ws_message:game_session{game=OLJ5KA player=PlayerId(0)}: phase_server: game submission processed (lock held) game=OLJ5KA kind="action" lock_ms=15 ai_actions=0
2026-09-15T05:42:04.686637Z  INFO ws_message:game_session{game=OLJ5KA player=PlayerId(1)}: server_core::session: action applied game=OLJ5KA player=PlayerId(1) action_type="PassPriority" event_count=1
2026-09-15T05:42:04.688913Z  INFO ws_message:game_session{game=OLJ5KA player=PlayerId(1)}: phase_server: game submission processed (lock held) game=OLJ5KA kind="action" lock_ms=7 ai_actions=0
2026-09-15T05:42:04.843396Z  INFO ws_message:game_session{game=OLJ5KA player=PlayerId(0)}: server_core::session: action applied game=OLJ5KA player=PlayerId(0) action_type="PassPriority" event_count=3
2026-09-15T05:42:04.849565Z  INFO ws_message:game_session{game=OLJ5KA player=PlayerId(0)}: phase_server: game submission processed (lock held) game=OLJ5KA kind="action" lock_ms=13 ai_actions=0
2026-09-15T05:42:04.993363Z  INFO ws_message:game_session{game=OLJ5KA player=PlayerId(1)}: server_core::session: action applied game=OLJ5KA player=PlayerId(1) action_type="PassPriority" event_count=1
2026-09-15T05:42:04.995913Z  INFO ws_message:game_session{game=OLJ5KA player=PlayerId(1)}: phase_server: game submission processed (lock held) game=OLJ5KA kind="action" lock_ms=7 ai_actions=0
2026-09-15T05:42:05.146939Z  INFO ws_message:game_session{game=OLJ5KA player=PlayerId(0)}: server_core::session: action applied game=OLJ5KA player=PlayerId(0) action_type="PassPriority" event_count=3
2026-09-15T05:42:05.152815Z  INFO ws_message:game_session{game=OLJ5KA player=PlayerId(0)}: phase_server: game submission processed (lock held) game=OLJ5KA kind="action" lock_ms=12 ai_actions=0
2026-09-15T05:42:05.296294Z  INFO ws_message:game_session{game=OLJ5KA player=PlayerId(1)}: server_core::session: action applied game=OLJ5KA player=PlayerId(1) action_type="PassPriority" event_count=1
2026-09-15T05:42:05.298464Z  INFO ws_message:game_session{game=OLJ5KA player=PlayerId(1)}: phase_server: game submission processed (lock held) game=OLJ5KA kind="action" lock_ms=6 ai_actions=0
2026-09-15T05:42:05.454158Z  INFO ws_message:game_session{game=OLJ5KA player=PlayerId(0)}: server_core::session: action applied game=OLJ5KA player=PlayerId(0) action_type="PassPriority" event_count=3
2026-09-15T05:42:05.465598Z  INFO ws_message:game_session{game=OLJ5KA player=PlayerId(0)}: phase_server: game submission processed (lock held) game=OLJ5KA kind="action" lock_ms=21 ai_actions=0
2026-09-15T05:42:05.600424Z  INFO ws_message:game_session{game=OLJ5KA player=PlayerId(1)}: server_core::session: action applied game=OLJ5KA player=PlayerId(1) action_type="PassPriority" event_count=1
2026-09-15T05:42:05.602604Z  INFO ws_message:game_session{game=OLJ5KA player=PlayerId(1)}: phase_server: game submission processed (lock held) game=OLJ5KA kind="action" lock_ms=7 ai_actions=0
2026-09-15T05:42:05.752945Z  INFO ws_message:game_session{game=OLJ5KA player=PlayerId(0)}: server_core::session: action applied game=OLJ5KA player=PlayerId(0) action_type="PassPriority" event_count=3
2026-09-15T05:42:05.759531Z  INFO ws_message:game_session{game=OLJ5KA player=PlayerId(0)}: phase_server: game submission processed (lock held) game=OLJ5KA kind="action" lock_ms=13 ai_actions=0
2026-09-15T05:42:05.902417Z  INFO ws_message:game_session{game=OLJ5KA player=PlayerId(1)}: server_core::session: action applied game=OLJ5KA player=PlayerId(1) action_type="PassPriority" event_count=1
2026-09-15T05:42:05.925046Z  INFO ws_message:game_session{game=OLJ5KA player=PlayerId(1)}: phase_server: game submission processed (lock held) game=OLJ5KA kind="action" lock_ms=27 ai_actions=0
2026-09-15T05:42:06.063444Z  INFO ws_message:game_session{game=OLJ5KA player=PlayerId(0)}: server_core::session: action applied game=OLJ5KA player=PlayerId(0) action_type="PassPriority" event_count=10
2026-09-15T05:42:06.072071Z  INFO ws_message:game_session{game=OLJ5KA player=PlayerId(0)}: phase_server: game submission processed (lock held) game=OLJ5KA kind="action" lock_ms=23 ai_actions=0
2026-09-15T05:42:07.027045Z  INFO phase_server: client disconnected game=Some("OLJ5KA") player=Some(PlayerId(0))
2026-09-15T05:42:07.027125Z  INFO server_core::session: player disconnected game=OLJ5KA player=PlayerId(0)
2026-09-15T05:42:07.027761Z  INFO phase_server: client disconnected game=Some("OLJ5KA") player=Some(PlayerId(1))
2026-09-15T05:42:07.027783Z  INFO server_core::session: player disconnected game=OLJ5KA player=PlayerId(1)
