[07:43:22] server identity hashes recomputed against on-disk pinned artifacts
[07:43:22] ServerHello: version=0.103.0 build=ec27a8d protocol=106 mode=Full
[07:43:22] ===== attempt 1 =====
[07:43:23] game MVNJK6 attempt=1; P0 seat=0 P1 seat=1
[07:43:23] [6765-a1] phase 1: ramp to Yidris
[07:43:23] [6765-a1] mulligans opening hand (lands=7 mulls=0 hand=7 shock=False)
[07:43:23] [P16765-a1] keeps opening hand (lands=7 mulls=0 hand=7 shock=False)
[07:43:23] [6765-a1] DIAG rev=2 turn=1 phase=Untap prio=False vikind='mulligan' real_decision=False yidris_cast=None stage=ramp a4=not-run
[07:43:23] [6765-a1] mulligans opening hand (lands=7 mulls=1 hand=7 shock=False)
[07:43:23] [6765-a1] keeps opening hand (lands=6 mulls=2 hand=7 shock=False)
[07:43:25] [6765-a1] bottoming ['forest', 'forest'] via vi
[07:43:26] [P16765-a1] playing land mountain (legacy)
[07:43:28] [6765-a1] playing land forest (legacy)
[07:43:31] [P16765-a1] playing land mountain (legacy)
[07:43:33] [6765-a1] playing land island (legacy)
[07:43:35] [P16765-a1] playing land mountain (legacy)
[07:43:38] [6765-a1] playing land mountain (legacy)
[07:43:40] [P16765-a1] playing land mountain (legacy)
[07:43:43] [6765-a1] playing land swamp (legacy)
[07:43:43] [6765-a1] casting Yidris, Maelstrom Wielder (oid 2)
[07:43:44] [6765-a1] Yidris on battlefield (oid 2); mana needs cleared
[07:43:44] [6765-a1] A1 passed: Yidris on battlefield
[07:43:44] [6765-a1] phase 2: hunt + post-damage window
[07:43:44] [6765-a1] DIAG rev=119 turn=8 phase=PreCombatMain prio=False vikind='choose' real_decision=False yidris_cast=True stage=hunt a4=not-run
[07:43:46] [P16765-a1] playing land mountain (legacy)
[07:43:48] [6765-a1] playing land forest (legacy)
[07:43:48] [6765-a1] hunt window staged on turn 10 (shocks in hand: 1)
[07:43:48] [6765-a1] A3 not-run (1 shock in hand)
[07:43:49] [6765-a1] declaring attackers: Yidris -> P1 (turn 10, P1 life 20)
[07:43:50] [6765-a1] YIDRIS TRIGGER ON STACK: {"id": 307, "source_id": 2, "controller": 0, "kind": {"type": "TriggeredAbility", "data": {"source_id": 2, "ability": {"effect": {"type": "Unimplemented", "name": "unrecognized_clause_head", "descript
[07:43:50] [6765-a1] combat damage observed: P1 life 20->15 (turn 10)
[07:43:50] [6765-a1] exported post_damage.json (grant window should be active)
[07:43:51] [6765-a1] Yidris stood down (attack_live=False); P1 must survive for A5
[07:43:51] [6765-a1] A4: casting post-damage Shock (oid 25)
[07:43:51] [6765-a1] submitting Shock target: P1 (seat 1)
[07:43:51] [6765-a1] submitting advertised target: id=MVNJK6.0.164.t1 kind=sequence ()
[07:43:53] [P16765-a1] playing land mountain (legacy)
[07:43:55] [6765-a1] tap land for mana used_for=R
[07:43:55] [6765-a1] submitting interaction iid=MVNJK6.0.186 choice=MVNJK6.0.186.c4 (Mountain)
[07:43:56] [6765-a1] playing land mountain (legacy)
[07:43:58] [P16765-a1] playing land mountain (legacy)
[07:44:01] [6765-a1] playing land island (legacy)
[07:44:03] [P16765-a1] playing land mountain (legacy)
[07:44:07] [6765-a1] playing land swamp (legacy)
[07:44:10] [P16765-a1] playing land mountain (legacy)
[07:44:12] [6765-a1] playing land swamp (legacy)
[07:44:14] [6765-a1] DIAG rev=294 turn=18 phase=End prio=True vikind='choose' real_decision=False yidris_cast=True stage=hunt a4=not-run
[07:44:15] [P16765-a1] playing land mountain (legacy)
[07:44:17] [6765-a1] playing land swamp (legacy)
[07:44:21] [P16765-a1] playing land mountain (legacy)
[07:44:26] [P16765-a1] playing land mountain (legacy)
[07:44:32] [P16765-a1] playing land mountain (legacy)
[07:44:37] [P16765-a1] playing land mountain (legacy)
[07:44:42] [P16765-a1] playing land mountain (legacy)
[07:44:44] [6765-a1] DIAG rev=459 turn=29 phase=PostCombatMain prio=True vikind='choose' real_decision=False yidris_cast=True stage=hunt a4=not-run
[07:44:47] [6765-a1] discarding to hand size via vi (select)
[07:44:48] [P16765-a1] playing land mountain (legacy)
[07:44:51] [6765-a1] a4_watch: concluded (trigger=None may=None kind=None)
[07:44:51] [6765-a1] A4: cascade after Yidris damage = False (expect True) -> failed
[07:44:51] [6765-a1] advancing to control phase
[07:44:51] [6765-a1] A2: combat damage -> passed
[07:44:51] [6765-a1] phase 3: Bloodbraid control
[07:44:51] [6765-a1] DIAG rev=501 turn=32 phase=DeclareAttackers prio=False vikind='relations' real_decision=True yidris_cast=True stage=control a4=failed
[07:44:52] [6765-a1] A5: casting Bloodbraid Elf (oid 18)
[07:44:52] [6765-a1] tap land for mana used_for=R
[07:44:52] [6765-a1] submitting interaction iid=MVNJK6.0.505 choice=MVNJK6.0.505.c5 (Mountain)
[07:44:52] [6765-a1] tap land for mana used_for=G
[07:44:52] [6765-a1] submitting interaction iid=MVNJK6.0.506 choice=MVNJK6.0.506.c7 (Forest)
[07:44:53] [6765-a1] tap land for mana used_for=generic
[07:44:53] [6765-a1] submitting interaction iid=MVNJK6.0.507 choice=MVNJK6.0.507.c5 (Swamp)
[07:44:53] [6765-a1] tap land for mana used_for=generic
[07:44:53] [6765-a1] submitting interaction iid=MVNJK6.0.508 choice=MVNJK6.0.508.c5 (Swamp)
[07:44:53] [6765-a1] control_watch: CASCADE TRIGGER ON STACK: Bloodbraid Elf (entry 308)
[07:44:53] [6765-a1] control_watch: concluded (trigger=True may=None kind=None)
[07:44:53] [6765-a1] A5: native cascade works = True (expect True) -> passed
[07:44:53] [6765-a1] settle complete; advancing to phase done
[07:45:21] [6765-a1] DIAG rev=511 turn=32 phase=PostCombatMain prio=False vikind='choose' real_decision=True yidris_cast=True stage=done a4=failed
[07:45:39] [6765-a1] phase 3: parked 45s at rev=511 (cascade card choice deliberately unanswered)
[07:45:39] [6765-a1] phase 4: cleanup
[07:45:39] [6765-a1] DIAG rev=511 turn=32 phase=PostCombatMain prio=False vikind='choose' real_decision=True yidris_cast=True stage=done a4=failed
[07:46:09] [6765-a1] DIAG rev=511 turn=32 phase=PostCombatMain prio=False vikind='choose' real_decision=True yidris_cast=True stage=done a4=failed
[07:46:24] [6765-a1] A6: stack_empty=False no_pending=False -> failed
[07:46:24] attempt 1 assertions: {"A0_connect": "passed", "A1_setup_ok": "passed", "A2_combat_damage": "passed", "A3_pre_damage_control": "not-run", "A4_yidris_grant": "failed", "A5_control_cascade": "passed", "A6_cleanup": "failed"}
[07:46:24] DONE verdict=reproduced assertions={"A0_connect": "passed", "A1_setup_ok": "passed", "A2_combat_damage": "passed", "A3_pre_damage_control": "not-run", "A4_yidris_grant": "failed", "A5_control_cascade": "passed", "A6_cleanup": "failed"}
