game 2448NL; P0 seat=0; P1 = native AI Medium
waiting_for: MulliganDecision player=None stage=SETUP
P0 mulligan -> Keep (lands=6)
waiting_for: Priority player=0 stage=SETUP
[P0] casts Grizzly Bears (oid=16)
AI RIFT CAST #1: turn=4 phase=BeginCombat oid=117 overload=False mana_prev=2+0=2 affordable=False
exported mid_cast_normal_1.json
AI RIFT CAST #1 resolved -> Graveyard (turn 4)
[P0] casts Grizzly Bears (oid=16)
[P0] casts Grizzly Bears (oid=39)
waiting_for: DeclareAttackers player=0 stage=SETUP
waiting_for: Priority player=0 stage=SETUP
AI RIFT CAST #2: turn=9 phase=Draw oid=64 overload=False mana_prev=4+0=4 affordable=False
exported mid_cast_normal_2.json
AI RIFT CAST #2 resolved -> Graveyard (turn 9)
[P0] casts Grizzly Bears (oid=39)
[P0] casts Grizzly Bears (oid=56)
waiting_for: DeclareAttackers player=0 stage=SETUP
waiting_for: Priority player=0 stage=SETUP
waiting_for: DeclareAttackers player=0 stage=SETUP
waiting_for: Priority player=0 stage=SETUP
waiting_for: DeclareAttackers player=0 stage=SETUP
waiting_for: Priority player=0 stage=SETUP
[P0] casts Grizzly Bears (oid=17)
waiting_for: DeclareAttackers player=0 stage=SETUP
waiting_for: Priority player=0 stage=SETUP
waiting_for: DeclareAttackers player=0 stage=SETUP
waiting_for: Priority player=0 stage=SETUP
AI RIFT CAST #3: turn=19 phase=Draw oid=62 overload=False mana_prev=9+0=9 affordable=True
exported mid_cast_normal_3.json
AI RIFT CAST #3 resolved -> Graveyard (turn 19)
[P0] casts Grizzly Bears (oid=16)
[P0] casts Grizzly Bears (oid=17)
[P0] casts Grizzly Bears (oid=39)
[P0] casts Grizzly Bears (oid=56)
waiting_for: DeclareAttackers player=0 stage=SETUP
waiting_for: Priority player=0 stage=SETUP
[P0] casts Grizzly Bears (oid=15)
waiting_for: DeclareAttackers player=0 stage=SETUP
waiting_for: Priority player=0 stage=SETUP
waiting_for: DeclareAttackers player=0 stage=SETUP
waiting_for: Priority player=0 stage=SETUP
[P0] casts Grizzly Bears (oid=24)
waiting_for: DeclareAttackers player=0 stage=SETUP
waiting_for: Priority player=0 stage=SETUP
[P0] casts Grizzly Bears (oid=26)
waiting_for: DeclareAttackers player=0 stage=SETUP
waiting_for: Priority player=0 stage=SETUP
waiting_for: DeclareAttackers player=0 stage=SETUP
waiting_for: Priority player=0 stage=SETUP
[P0] casts Grizzly Bears (oid=10)
waiting_for: DeclareAttackers player=0 stage=SETUP
waiting_for: Priority player=0 stage=SETUP
waiting_for: DeclareAttackers player=0 stage=SETUP
waiting_for: Priority player=0 stage=SETUP
[P0] casts Grizzly Bears (oid=30)
waiting_for: DeclareAttackers player=0 stage=SETUP
waiting_for: Priority player=0 stage=SETUP
waiting_for: DeclareAttackers player=0 stage=SETUP
waiting_for: Priority player=0 stage=SETUP
TURN CAP 40 reached; stopping
exported post.json
verdict=not-reproduced assertions={"A1_setup_ok": "failed", "A2_overload_attempted": "failed", "A3_unaffordable": "not-run", "A4_committed_to_stack": "not-run", "A5_no_lock": "not-run", "A6_affordable_control": "passed"}
evidence files: ['mid_cast_normal_1.json', 'mid_cast_normal_2.json', 'mid_cast_normal_3.json', 'post.json', 'run.json', 'scenario_6894.py', 'scenario_run.log', 'server_excerpts.log', 'wire_log.jsonl']
scenario finished
