game D94HHL; seats P0=0 P1=1 P2=2 RUN_ID=20261006-6916c
[P0] mulligan -> Keep (lands=7 hand=['swamp', 'mountain', 'swamp', 'mountain', 'swamp', 'mountain', 'swamp'])
[P1] mulligan -> Keep (lands=7 hand=['forest', 'forest', 'forest', 'forest', 'forest', 'forest', 'forest'])
[P2] mulligan -> Keep (lands=7 hand=['forest', 'forest', 'forest', 'forest', 'forest', 'forest', 'forest'])
DIAG turn=1 active=2 phase=Untap pp=2 P0lands=0 P1lands=0 xcast=False entered=False ctrl=None choice=False p1act=False pre=False mid=False post=False stack=0 vi=1
[P1] mulligan -> Keep (lands=7 hand=['forest', 'forest', 'forest', 'forest', 'forest', 'forest', 'forest'])
[P2] mulligan -> Keep (lands=7 hand=['forest', 'forest', 'forest', 'forest', 'forest', 'forest', 'forest'])
[P2] playing land forest
[P0] playing land swamp
[P1] playing land forest
[P2] playing land forest
[P0] playing land mountain
[P1] playing land forest
[P2] playing land forest
[P0] playing land swamp
[P0] casting Xantcha, Sleeper Agent (commander)
[P0] ENTER-CHOICE prompt: seats=[1, 2] codes=['candidate', 'chooseEntryController']
[P0] ENTER-CHOICE pick: seat=2 text=''
[P0] submitting interaction iid=D94HHL.0.170 choice=D94HHL.0.170.c1 ()
Xantcha entered: oid=181 owner=0 controller=2 choice_offered=True
exported MID (Xantcha entered)
[P1] playing land forest
[P1] Xantcha on BF but NO activation advertised to P1 (turn 9)
[P2-controller] Xantcha activation offered: True
[P2] playing land forest
[P2] declaring attackers via relations: 1 rels
[P0-owner] Xantcha activation offered: False
[P0] playing land mountain
[P1] Xantcha on BF but NO activation advertised to P1 (turn 12)
[P1] playing land forest
exported POST (act_done=False no_offer_done=True)
[P2] playing land forest
[P2] declaring attackers via relations: 1 rels
post exported; finishing
loaded mid.json
loaded post.json
copied server.log from /home/hatch/workspace/dev/phase-backfill/runs/RUN_ID=run-20261006-211803/server.log
copied scenario_6916_01030.py and server.log into EVDIR
wrote summary.png
manifest: MISSING pre.json
wrote manifest.sha256 (8 files)
