ServerHello: version=0.101.0 build=acafe9b protocol=103 mode=Full
data-level check: ok=True notes=[]
P0 hello done; P1 hello done
=== attempt 1 (leg 1) ===
game created: code=UCD50E
P1 joined: {"state_revision": 2, "state": {"turn_number": 1, "active_player": 1, "phase": "Untap", "players": [{"id": 0, "life": 20
[P0] mulligan (7 cards, hand=['mountain', 'swamp', 'mountain', 'mountain', 'swamp', 'mountain', 'stinkweed imp'])
[P1] keep 7: ['island', 'island', 'island', 'island', 'island', 'island', 'island']
[P0] mulligan (7 cards, hand=['mountain', 'mountain', 'swamp', 'swamp', 'mountain', 'mountain', 'swamp'])
[P0] keep 7: ['swamp', 'blood scrivener', 'swamp', 'mountain', 'one with nothing', 'swamp', 'swamp']
[P0] bottoming ['swamp', 'mountain']
mulligan done; driving scenario
[P1] playing land island
[P0] starting P0 turn #1 (game turn 2)
[P0] playing land swamp
[P1] playing land island
[P0] starting P0 turn #2 (game turn 4)
[P0] playing land swamp
[P0] casting blood scrivener (oid 50) needs={'B': 1, 'generic': 1}
[P1] playing land island
[P0] starting P0 turn #3 (game turn 6)
[P0] tap land for mana used_for=B needs={'B': 0, 'generic': 1}
[P0] submitting interaction iid=UCD50E.0.83 choice=UCD50E.0.83.c3 (Swamp)
[P0] tap land for mana used_for=generic needs={'B': 0, 'generic': 0}
[P0] submitting interaction iid=UCD50E.0.84 choice=UCD50E.0.84.c3 (Swamp)
[P0] playing land swamp
[P1] playing land island
[P0] starting P0 turn #4 (game turn 8)
[P0] playing land mountain
[watch] tick=120 turn=8 phase=EndCombat wf=Priority stage=None
[P1] playing land island
[P0] starting P0 turn #5 (game turn 10)
[P0] playing land mountain
[P1] playing land island
[P0] starting P0 turn #6 (game turn 12)
[P0] playing land swamp
[P1] playing land island
[P0] starting P0 turn #7 (game turn 14)
[P0] playing land mountain
[P1] playing land island
[P0] starting P0 turn #8 (game turn 16)
[P0] casting faithless looting (oid 40) needs={'R': 1}
[P0] tap land for mana used_for=R needs={'R': 0}
[P0] submitting interaction iid=UCD50E.0.245 choice=UCD50E.0.245.c9 (Mountain)
[watch] tick=240 turn=16 phase=PreCombatMain wf=Priority stage=None
[P0] looting discards ['mountain', 'mountain']
[P0] flashing back Faithless Looting (oid 40)
[P0] tap land for mana used_for=R needs={'R': 0, 'generic': 2}
[P0] submitting interaction iid=UCD50E.0.250 choice=UCD50E.0.250.c7 (Mountain)
[P0] tap land for mana used_for=generic needs={'R': 0, 'generic': 1}
[P0] submitting interaction iid=UCD50E.0.251 choice=UCD50E.0.251.c5 (Swamp)
[P0] tap land for mana used_for=generic needs={'R': 0, 'generic': 0}
[P0] submitting interaction iid=UCD50E.0.252 choice=UCD50E.0.252.c5 (Swamp)
[P0] looting discards ['faithless looting', 'swamp']
[P1] playing land island
[P0] starting P0 turn #9 (game turn 18)
[P0] playing land swamp
[P0] flashing back Faithless Looting (oid 60)
[P0] tap land for mana used_for=R needs={'R': 0, 'generic': 2}
[P0] submitting interaction iid=UCD50E.0.288 choice=UCD50E.0.288.c8 (Mountain)
[P0] tap land for mana used_for=generic needs={'R': 0, 'generic': 1}
[P0] submitting interaction iid=UCD50E.0.289 choice=UCD50E.0.289.c5 (Swamp)
[P0] tap land for mana used_for=generic needs={'R': 0, 'generic': 0}
[P0] submitting interaction iid=UCD50E.0.290 choice=UCD50E.0.290.c5 (Swamp)
[P0] looting discards ['mountain', 'swamp']
[P1] playing land island
[P0] starting P0 turn #10 (game turn 20)
[P0] playing land swamp
[P1] playing land island
[P0] starting P0 turn #11 (game turn 22)
[P0] playing land swamp
[watch] tick=360 turn=23 phase=Upkeep wf=Priority stage=None
[P1] playing land island
[P0] starting P0 turn #12 (game turn 24)
[P0] playing land mountain
[P1] playing land island
[P0] starting P0 turn #13 (game turn 26)
TURN CAP: never armed; attempt failed
attempt 1 did not complete the leg flow; retrying
P0 hello done; P1 hello done
=== attempt 2 (leg 1) ===
game created: code=TM88PF
P1 joined: {"state_revision": 2, "state": {"turn_number": 1, "active_player": 1, "phase": "Untap", "players": [{"id": 0, "life": 20
[P0] mulligan (7 cards, hand=['mountain', 'swamp', 'mountain', 'swamp', 'swamp', 'mountain', 'mountain'])
[P1] keep 7: ['island', 'island', 'island', 'island', 'island', 'island', 'island']
[P0] mulligan (7 cards, hand=['swamp', 'mountain', 'swamp', 'mountain', 'swamp', 'mountain', 'mountain'])
[P0] keep 7: ['mountain', 'swamp', 'one with nothing', 'mountain', 'blood scrivener', 'faithless looting', 'stinkweed imp']
[P0] bottoming ['mountain', 'mountain']
mulligan done; driving scenario
[P1] playing land island
[P0] starting P0 turn #1 (game turn 2)
[P0] playing land swamp
[P1] playing land island
[P0] starting P0 turn #2 (game turn 4)
[P0] playing land swamp
[P0] casting blood scrivener (oid 14) needs={'B': 1, 'generic': 1}
[P1] playing land island
[watch] tick=480 turn=5 phase=End wf=Priority stage=None
[P0] starting P0 turn #3 (game turn 6)
[P0] tap land for mana used_for=B needs={'B': 0, 'generic': 1}
[P0] submitting interaction iid=TM88PF.0.83 choice=TM88PF.0.83.c3 (Swamp)
[P0] tap land for mana used_for=generic needs={'B': 0, 'generic': 0}
[P0] submitting interaction iid=TM88PF.0.84 choice=TM88PF.0.84.c3 (Swamp)
[P0] playing land swamp
[P0] casting one with nothing (oid 20) needs={'B': 1}
[P0] One with Nothing cast: arming next draw step
ARMED at P0 turn #3 (game turn 6)
[P1] playing land island
[P0] starting P0 turn #4 (game turn 8)
[P0] tap land for mana used_for=B needs={'B': 0}
[P0] submitting interaction iid=TM88PF.0.119 choice=TM88PF.0.119.c1 (Swamp)
[P0] replacement prompt stage=order kind=Order cands=[[0, "Blood Scrivener", "If you would draw a card while you have no cards in hand, instead you draw two cards and y"], [1, "Stinkweed Imp", "CR 702.52a: Dredge \u2014 instead of drawing, you may mill 5 cards and return t
exported pre.json
PRE exported at 616.1 ordering prompt (pre.json)
[P0] submitting interaction iid=TM88PF.0.122 choice=TM88PF.0.122.c0 (0)
[P0] ordering: chose Blood Scrivener first (candidate 0)
[P0] replacement prompt stage=dredge kind=OptionalBranch cands=[[0, "Stinkweed Imp", "Accept"], [1, "Stinkweed Imp", "Decline"]]
[P0] dredge optional #1: ACCEPTED (candidate 0)
[P0] submitting interaction iid=TM88PF.0.123 choice=TM88PF.0.123.c0 (0)
exported post.json
POST exported (draw settled, game advanced) (post.json)
LEG 1 verdict: not-reproduced (flow completed: True)
P0 hello done; P1 hello done
=== attempt 1 (leg 2) ===
game created: code=JBCMGT
P1 joined: {"state_revision": 2, "state": {"turn_number": 1, "active_player": 0, "phase": "Untap", "players": [{"id": 0, "life": 20
[P0] starting P0 turn #1 (game turn 1)
[P0] mulligan (7 cards, hand=['forest', 'plains', 'mountain', 'mountain', 'faithless looting', 'forest', 'plains'])
[P1] keep 7: ['island', 'island', 'island', 'island', 'island', 'island', 'island']
[P0] keep 7: ['plains', 'mountain', 'swamp', 'blood scrivener', 'the necrobloom', 'swamp', 'plains']
[P0] bottoming ['plains']
mulligan done; driving scenario
[P0] playing land mountain
[P1] playing land island
[P0] starting P0 turn #2 (game turn 3)
[P0] playing land swamp
[P0] casting blood scrivener (oid 49) needs={'B': 1, 'generic': 1}
[P1] playing land island
[P0] starting P0 turn #3 (game turn 5)
[P0] tap land for mana used_for=B needs={'B': 0, 'generic': 1}
[P0] submitting interaction iid=JBCMGT.0.67 choice=JBCMGT.0.67.c1 (Swamp)
[P0] tap land for mana used_for=generic needs={'B': 0, 'generic': 0}
[P0] submitting interaction iid=JBCMGT.0.68 choice=JBCMGT.0.68.c1 (Mountain)
[P0] playing land swamp
[P1] playing land island
[P0] starting P0 turn #4 (game turn 7)
[P0] playing land plains
[P1] playing land island
[watch] tick=120 turn=8 phase=EndCombat wf=Priority stage=None
[P0] starting P0 turn #5 (game turn 9)
[P0] playing land plains
[P1] playing land island
[P0] starting P0 turn #6 (game turn 11)
[P0] playing land mountain
[P1] playing land island
[P0] starting P0 turn #7 (game turn 13)
[P0] playing land mountain
[P1] playing land island
[P0] starting P0 turn #8 (game turn 15)
[P0] playing land swamp
[P1] playing land island
[watch] tick=240 turn=16 phase=PreCombatMain wf=Priority stage=None
[P0] starting P0 turn #9 (game turn 17)
[P0] playing land forest
[P0] casting the necrobloom (oid 60) needs={'W': 1, 'B': 1, 'G': 1, 'generic': 1}
[P0] tap land for mana used_for=B needs={'W': 1, 'B': 0, 'G': 1, 'generic': 1}
[P0] submitting interaction iid=JBCMGT.0.261 choice=JBCMGT.0.261.c4 (Swamp)
[P0] tap land for mana used_for=W needs={'W': 0, 'B': 0, 'G': 1, 'generic': 1}
[P0] submitting interaction iid=JBCMGT.0.262 choice=JBCMGT.0.262.c6 (Plains)
[P0] tap land for mana used_for=generic needs={'W': 0, 'B': 0, 'G': 1, 'generic': 0}
[P0] submitting interaction iid=JBCMGT.0.263 choice=JBCMGT.0.263.c3 (Mountain)
[P0] casting one with nothing (oid 54) needs={'B': 1}
[P0] One with Nothing cast: arming next draw step
[P0] tap land for mana used_for=B needs={'B': 0}
[P0] submitting interaction iid=JBCMGT.0.267 choice=JBCMGT.0.267.c1 (Swamp)
ARMED at P0 turn #9 (game turn 17)
[P1] playing land island
[P0] starting P0 turn #10 (game turn 19)
[P0] replacement prompt stage=order kind=Order cands=[[0, "Swamp", "Dredge 2: mill 2 cards and return this card from graveyard to hand instead of drawing"], [1, "Blood Scrivener", "If you would draw a card while you have no cards in hand, instead you draw two cards and y"]
exported pre2.json
PRE exported at 616.1 ordering prompt (pre2.json)
[P0] submitting interaction iid=JBCMGT.0.298 choice=JBCMGT.0.298.c1 (1)
[P0] ordering: chose Blood Scrivener first (candidate 1)
[P0] replacement prompt stage=dredge kind=OptionalBranch cands=[[0, "Swamp", "Accept"], [1, "Swamp", "Decline"]]
[P0] dredge optional #1: ACCEPTED (candidate 0)
[P0] submitting interaction iid=JBCMGT.0.299 choice=JBCMGT.0.299.c0 (0)
[P0] replacement prompt stage=dredge kind=Order cands=[[0, "Swamp", "Dredge 2: mill 2 cards and return this card from graveyard to hand instead of drawing"], [1, "Forest", "Dredge 2: mill 2 cards and return this card from graveyard to hand instead of drawing"]]
[P0] submitting interaction iid=JBCMGT.0.300 choice=JBCMGT.0.300.c0 (0)
[P0] replacement prompt stage=dredge kind=OptionalBranch cands=[[0, "Swamp", "Accept"], [1, "Swamp", "Decline"]]
[P0] dredge optional #2: declined (candidate 1)
[P0] submitting interaction iid=JBCMGT.0.301 choice=JBCMGT.0.301.c1 (1)
[P0] replacement prompt stage=dredge kind=OptionalBranch cands=[[0, "Forest", "Accept"], [1, "Forest", "Decline"]]
[P0] dredge optional #3: declined (candidate 1)
[P0] submitting interaction iid=JBCMGT.0.302 choice=JBCMGT.0.302.c1 (1)
exported post2.json
POST exported (draw settled, game advanced) (post2.json)
LEG 2 verdict: not-reproduced (flow completed: True)
VERDICT: not-reproduced (leg1=not-reproduced leg2=not-reproduced)
rendered summary.png
wrote manifest.sha256 (10 files)
