game UQS6W7; seats P0=0 P1=1 P2=2
P0 mulligans #1: ['mountain', 'mountain', 'mountain', 'golgari grave-troll', 'mountain', 'mountain', 'golgari grave-troll']
P1 keeps 7
P2 keeps 7
DIAG turn=1 active=1 phase=Untap wf=MulliganDecision pp=1 looting=False parked=False conceded=False p1_turn=None p1counts=None/None/None
P0 keeps: ['mountain', 'golgari grave-troll', 'stinkweed imp', 'golgari grave-troll', 'faithless looting', 'mountain', 'mountain'] (mulls=1, combo_ok=True)
P0 casts Faithless Looting
P0 discards ['golgari grave-troll', 'golgari grave-troll']
P1 discards ['forest', 'forest']
P2 discards ['forest', 'forest']
PARKED CHOICE rev=125 turn=6 chooser=0 ChooseReplacement=True opp={"rtype": "exactChoices", "spec": null, "n_choices": 2, "choices": ["0", "1"], "interactionId": "UQS6W7.0.124"}
PRE exported (parked ReplacementChoice{0} at P0 Draw phase)
P0 submits Concede shape={"type": "Concede", "data": {"player_id": 0}}
concede submitted; accepted(no-rejection)=True
P1's post-elimination turn begins: turn 7
P1 upkeep counts hand=7 lib=51
MID exported (post-concede, P1's turn begun)
P1 draw-step counts hand=8 lib=50
P1 precombat counts hand=8 lib=50
P1 post-draw counts captured; exporting post and finishing
