data-level check: 3 static abilities, tiers_ok=True
ServerHello: version=0.101.0 build=acafe9b protocol=103 mode=Full
P0 hello done; P1 hello done
game created: code=5685FR
P1 joined: {"state_revision": 2, "state": {"turn_number": 1, "active_player": 0, "phase": "Untap", "players": [{"id": 0, "life": 20, "mana_pool": {"mana": []}, "library": 
[P0] waiting_for type: MulliganDecision
[P0] keep 7 (hand: ['swamp', 'timber paladin', 'forest', 'timber paladin', 'forest', 'swamp', 'unholy strength'])
[P1] keep 7 (hand: ['island', 'island', 'island', 'island', 'island', 'island', 'island'])
[P0] waiting_for type: Priority
setup done; driving paladin + aura legs
[P0] playing land (turn 1)
[P0] playing land (turn 3)
[P0] playing land (turn 5)
[P0] casting Timber Paladin (oid 12) -- DECISIVE
[P0] tap land for mana used_for=generic needs={'G': 1, 'generic': 0}
[P0] Timber Paladin on battlefield (oid 12)
exported pre.json
[P0] pre.json exported at turn 5: paladin pt=(1, 1) keywords=[] auras=0
exported post_0aura.json
[P0] post_0aura.json exported at turn 6
[P0] tap land for mana used_for=G needs={'G': 0, 'generic': 0}
[P0] casting Unholy Strength (oid 42) targeting Paladin for aura #1 -- DECISIVE
[P0] tap land for mana used_for=B needs={'B': 0}
[P0] playing land (turn 7)
[P0] waiting_for type: DeclareAttackers
[P0] playing land (turn 9)
[P0] playing land (turn 11)
[P0] playing land (turn 13)
[P0] playing land (turn 15)
[P0] playing land (turn 17)
[P0] playing land (turn 19)
[P0] playing land (turn 23)
[P0] playing land (turn 25)
