P0 creating game...
P1 joining...
game SQZVAO; P0 seat=0 P1 seat=1
P1 keeps opening hand (lands=7 mulls=0 hand=7 shock=False)
P0 keeps opening hand (lands=5 mulls=0 hand=7 shock=True)
mulligans done: P0 hand=['Swamp', 'Shock', 'Island', 'Bloodbraid Elf', 'Mountain', 'Mountain', 'Forest']
2026-09-11 04:32:38,284 [P0] ActionRejected: {"rejection": {"code": "action_not_allowed", "disposition": "unavailable", "message": "That action is not allowed right now.", "related_object_ids": [28]}}
2026-09-11 04:32:44,203 [P0] ActionRejected: {"rejection": {"code": "action_not_allowed", "disposition": "unavailable", "message": "That action is not allowed right now.", "related_object_ids": [11]}}
2026-09-11 04:33:00,476 [P0] ActionRejected: {"rejection": {"code": "action_not_allowed", "disposition": "unavailable", "message": "That action is not allowed right now.", "related_object_ids": [18]}}
P0 discards ['Island']
2026-09-11 04:33:17,146 [P1] ActionRejected: {"rejection": {"code": "action_not_allowed", "disposition": "unavailable", "message": "That action is not allowed right now.", "related_object_ids": [218]}}
P0 discards ['Island']
P0 discards ['Island']
P0 discards ['Forest']
P0 discards ['Swamp']
P0 discards ['Forest']
P0 discards ['Forest']
2026-09-11 04:33:56,905 [P1] ActionRejected: {"rejection": {"code": "action_not_allowed", "disposition": "unavailable", "message": "That action is not allowed right now.", "related_object_ids": [238]}}
P0 discards ['Mountain']
2026-09-11 04:34:04,523 [P1] ActionRejected: {"rejection": {"code": "action_not_allowed", "disposition": "unavailable", "message": "That action is not allowed right now.", "related_object_ids": [163]}}
P0 discards ['Island']
2026-09-11 04:34:11,976 [P1] ActionRejected: {"rejection": {"code": "action_not_allowed", "disposition": "unavailable", "message": "That action is not allowed right now.", "related_object_ids": [155]}}
P0 discards ['Swamp']
2026-09-11 04:34:21,110 [P1] ActionRejected: {"rejection": {"code": "action_not_allowed", "disposition": "unavailable", "message": "That action is not allowed right now.", "related_object_ids": [211]}}
P0 discards ['Forest']
P0 discards ['Swamp']
2026-09-11 04:34:36,432 [P1] ActionRejected: {"rejection": {"code": "action_not_allowed", "disposition": "unavailable", "message": "That action is not allowed right now.", "related_object_ids": [123]}}
P0 discards ['Swamp']
2026-09-11 04:34:44,763 [P1] ActionRejected: {"rejection": {"code": "action_not_allowed", "disposition": "unavailable", "message": "That action is not allowed right now.", "related_object_ids": [195]}}
P0 discards ['Swamp']
2026-09-11 04:34:52,975 [P1] ActionRejected: {"rejection": {"code": "action_not_allowed", "disposition": "unavailable", "message": "That action is not allowed right now.", "related_object_ids": [245]}}
P0 discards ['Island']
2026-09-11 04:35:04,075 [P1] ActionRejected: {"rejection": {"code": "action_not_allowed", "disposition": "unavailable", "message": "That action is not allowed right now.", "related_object_ids": [227]}}
P0 casts Yidris, Maelstrom Wielder on turn 53
2026-09-11 04:35:08,413 [P0] ActionRejected: {"rejection": {"code": "wrong_player", "disposition": "unauthorized", "message": "That action belongs to a different player.", "related_object_ids": []}}
A1 passed: Yidris on battlefield
2026-09-11 04:35:12,727 [P1] ActionRejected: {"rejection": {"code": "action_not_allowed", "disposition": "unavailable", "message": "That action is not allowed right now.", "related_object_ids": [169]}}
attack turn = 55 (hunt window staged)
exported pre_shock_cast.json (1122574 bytes)
P0 casts Shock (oid 26)
P0 answers shock_target: seat=1 candidate=SQZVAO.0.818.t1 (<id SQZVAO.0.818.t1>)
shock target answered: True
P0 declares attackers: Yidris, Maelstrom Wielder -> P1
A3: cascade before damage = False (expect False)
exporting PRE_DAMAGE state
exported pre_damage.json (1133891 bytes)
YIDRIS TRIGGER ON STACK: {"id": 307, "source_id": 59, "controller": 0, "kind": {"type": "TriggeredAbility", "data": {"source_id": 59, "ability": {"effect": {"type": "Unimplemented", "name": "as", "description": "as you cast spells from your hand"}, "targets": [], "source_id"
A2: combat damage dealt=True, life 18->13
exporting POST_DAMAGE state (grant window should be active)
exported post_damage.json (1154312 bytes)
Yidris stood down (attack_live=False); P1 must survive for A5
exported pre_cast.json (1154312 bytes)
P0 casts Shock (oid 40)
P0 answers shock_target: seat=1 candidate=SQZVAO.0.837.t1 (<id SQZVAO.0.837.t1>)
shock target answered: True
2026-09-11 04:35:25,024 [P1] ActionRejected: {"rejection": {"code": "action_not_allowed", "disposition": "unavailable", "message": "That action is not allowed right now.", "related_object_ids": [226]}}
2026-09-11 04:35:32,385 [P1] ActionRejected: {"rejection": {"code": "action_not_allowed", "disposition": "unavailable", "message": "That action is not allowed right now.", "related_object_ids": [134]}}
P0 discards ['Island']
2026-09-11 04:35:40,345 [P1] ActionRejected: {"rejection": {"code": "action_not_allowed", "disposition": "unavailable", "message": "That action is not allowed right now.", "related_object_ids": [237]}}
P0 discards ['Island']
2026-09-11 04:35:47,798 [P1] ActionRejected: {"rejection": {"code": "action_not_allowed", "disposition": "unavailable", "message": "That action is not allowed right now.", "related_object_ids": [255]}}
P0 discards ['Forest']
2026-09-11 04:35:57,010 [P1] ActionRejected: {"rejection": {"code": "action_not_allowed", "disposition": "unavailable", "message": "That action is not allowed right now.", "related_object_ids": [125]}}
P0 discards ['Island']
2026-09-11 04:36:05,585 [P1] ActionRejected: {"rejection": {"code": "action_not_allowed", "disposition": "unavailable", "message": "That action is not allowed right now.", "related_object_ids": [174]}}
2026-09-11 04:36:05,617 [P1] ActionRejected: {"rejection": {"code": "action_not_allowed", "disposition": "unavailable", "message": "That action is not allowed right now.", "related_object_ids": [174]}}
P0 discards ['Mountain']
2026-09-11 04:36:14,309 [P1] ActionRejected: {"rejection": {"code": "action_not_allowed", "disposition": "unavailable", "message": "That action is not allowed right now.", "related_object_ids": [214]}}
2026-09-11 04:36:14,347 [P1] ActionRejected: {"rejection": {"code": "action_not_allowed", "disposition": "unavailable", "message": "That action is not allowed right now.", "related_object_ids": [214]}}
P0 discards ['Swamp']
2026-09-11 04:36:22,180 [P1] ActionRejected: {"rejection": {"code": "action_not_allowed", "disposition": "unavailable", "message": "That action is not allowed right now.", "related_object_ids": [261]}}
2026-09-11 04:36:22,217 [P1] ActionRejected: {"rejection": {"code": "action_not_allowed", "disposition": "unavailable", "message": "That action is not allowed right now.", "related_object_ids": [261]}}
A4: cascade after Yidris damage = False (expect True per Oracle text)
exporting POST_CAST state
exported post_cast.json (1127215 bytes)
exported pre_control.json (1123018 bytes)
P0 casts Bloodbraid Elf (native cascade control)
control: CASCADE TRIGGER ON STACK: {"id": 308, "source_id": 54, "controller": 0, "kind": {"type": "TriggeredAbility", "data": {"source_id": 54, "ability": {"effect": {"type": "Cascade"}, "targets": [], "source_id": 54, "source_incarnat
2026-09-11 04:36:28,733 [P0] ActionRejected: {"rejection": {"code": "wrong_player", "disposition": "unauthorized", "message": "That action belongs to a different player.", "related_object_ids": []}}
A5: native cascade works = True (expect True)
TIMEOUT in wait_cond: control settle
exporting POST_CONTROL state
exported post_control.json (1176054 bytes)
TIMEOUT in wait_cond: cleanup settle
DONE verdict=reproduced assertions={"A0_connect": "passed", "A1_setup_ok": "passed", "A3_pre_damage_control": "passed", "A2_combat_damage": "passed", "A4_yidris_grant": "failed", "A5_control_cascade": "passed", "A6_cleanup": "failed"}
wrote /home/hatch/workspace/dev/phase-backfill/evidence/6765/20260910-6765m/summary.png
manifest written for 14 files
