server identity hashes verified against on-disk pinned artifacts
P0 creating game...
P1 joining...
game 264FD2; seats 0/1
[P0] mulligan keep
[P1] mulligan keep
[P0] casts The Masamune
[P0] casts Toxrill, the Corrosive
[P0] equip via advertised ActivateAbility (source 34)
[P1] casts Llanowar Elves
exported pre_death.json
[pre] exported turn 17 phase PreCombatMain
exported mid_triggers.json
[mid] exported: 1 slime-death triggers on stack
exported post_resolution.json
[post] exported: 1 Slug tokens
A1_setup_ok: passed
A2_death_observed: passed
A3_triggers_doubled: failed
A4_slugs_created: failed
A5_cleanup: passed
WF sequence: ['MulliganDecision', 'Priority', 'DeclareAttackers', 'Priority']
verdict: reproduced
