[12:09:48] ServerHello: version=0.102.0 build=e17f6fd protocol=106 mode=Full
[12:09:48] data-level check: ok=True notes=[]
[12:09:48] ===== GAME A: cabal ritual {1}{B} =====
[12:09:49] [A] game RHSMEZ; P0 seat=0 P1 seat=1
[12:09:49] [P0A] keep 7: ['diregraf ghoul', 'swamp', 'diregraf ghoul', 'swamp', 'cabal ritual', 'swamp', 'cabal ritual']
[12:09:49] [P1A] keep 7: ['forest', 'forest', 'forest', 'forest', 'forest', 'forest', 'forest']
[12:09:50] [P1A] playing land forest
[12:09:50] [P1A] tap land for mana used_for=any
[12:09:50] [P1A] submitting interaction iid=RHSMEZ.0.7 choice=RHSMEZ.0.7.c1 (Forest)
[12:09:52] [P0A] NOTE: hand=8>7 but vi kind code='choose'; not answering yet
[12:09:52] [A] playing land swamp
[12:09:53] [A] P0 casts diregraf ghoul (oid 9) needs={'B': 1}
[12:09:55] [P1A] tap land for mana used_for=any
[12:09:55] [P1A] submitting interaction iid=RHSMEZ.0.36 choice=RHSMEZ.0.36.c1 (Forest)
[12:09:56] [P1A] playing land forest
[12:09:56] [P1A] tap land for mana used_for=any
[12:09:56] [P1A] submitting interaction iid=RHSMEZ.0.42 choice=RHSMEZ.0.42.c1 (Forest)
[12:09:59] [A] tap land for mana used_for=B
[12:09:59] [A] submitting interaction iid=RHSMEZ.0.53 choice=RHSMEZ.0.53.c1 (Swamp)
[12:09:59] [A] playing land swamp
[12:10:01] [P1A] tap land for mana used_for=any
[12:10:01] [P1A] submitting interaction iid=RHSMEZ.0.70 choice=RHSMEZ.0.70.c1 (Forest)
[12:10:01] [P1A] tap land for mana used_for=any
[12:10:01] [P1A] submitting interaction iid=RHSMEZ.0.71 choice=RHSMEZ.0.71.c1 (Forest)
[12:10:02] [P1A] playing land forest
[12:10:02] [P1A] tap land for mana used_for=any
[12:10:02] [P1A] submitting interaction iid=RHSMEZ.0.77 choice=RHSMEZ.0.77.c1 (Forest)
[12:10:05] [A] playing land swamp
[12:10:05] [A] P0 casts phyrexian altar (oid 31) needs={'generic': 3}
[12:10:07] [P1A] tap land for mana used_for=any
[12:10:07] [P1A] submitting interaction iid=RHSMEZ.0.107 choice=RHSMEZ.0.107.c1 (Forest)
[12:10:08] [P1A] tap land for mana used_for=any
[12:10:08] [P1A] submitting interaction iid=RHSMEZ.0.108 choice=RHSMEZ.0.108.c1 (Forest)
[12:10:08] [P1A] tap land for mana used_for=any
[12:10:08] [P1A] submitting interaction iid=RHSMEZ.0.109 choice=RHSMEZ.0.109.c1 (Forest)
[12:10:09] [P1A] playing land forest
[12:10:09] [P1A] tap land for mana used_for=any
[12:10:09] [P1A] submitting interaction iid=RHSMEZ.0.115 choice=RHSMEZ.0.115.c1 (Forest)
[12:10:12] [A] tap land for mana used_for=generic
[12:10:12] [A] submitting interaction iid=RHSMEZ.0.126 choice=RHSMEZ.0.126.c6 (Swamp)
[12:10:12] [A] tap land for mana used_for=generic
[12:10:12] [A] submitting interaction iid=RHSMEZ.0.127 choice=RHSMEZ.0.127.c6 (Swamp)
[12:10:12] [A] tap land for mana used_for=generic
[12:10:12] [A] submitting interaction iid=RHSMEZ.0.128 choice=RHSMEZ.0.128.c6 (Swamp)
[12:10:13] [A] playing land swamp
[12:10:13] [A] setup complete -> assert phase
[12:10:13] [A] exported pre_A.json
[12:10:13] [A] PRE exported; setup ready (turn 8)
[12:10:15] [P1A] tap land for mana used_for=any
[12:10:15] [P1A] submitting interaction iid=RHSMEZ.0.145 choice=RHSMEZ.0.145.c1 (Forest)
[12:10:15] [P1A] tap land for mana used_for=any
[12:10:15] [P1A] submitting interaction iid=RHSMEZ.0.146 choice=RHSMEZ.0.146.c1 (Forest)
[12:10:15] [P1A] tap land for mana used_for=any
[12:10:15] [P1A] submitting interaction iid=RHSMEZ.0.147 choice=RHSMEZ.0.147.c1 (Forest)
[12:10:15] [P1A] tap land for mana used_for=any
[12:10:15] [P1A] submitting interaction iid=RHSMEZ.0.148 choice=RHSMEZ.0.148.c1 (Forest)
[12:10:16] [P1A] playing land forest
[12:10:16] [P1A] tap land for mana used_for=any
[12:10:16] [P1A] submitting interaction iid=RHSMEZ.0.154 choice=RHSMEZ.0.154.c1 (Forest)
[12:10:18] [A] gate assertion A2a_gate_offers_1B: offered_seen=True want_offered=True -> passed (obs=4)
[12:10:18] [A] -> act phase
[12:10:18] [A] activating phyrexian altar via ActivateAbility legal_action
[12:10:19] [A] submitting interaction iid=RHSMEZ.0.170 choice=RHSMEZ.0.170.s0 (Diregraf Ghoul)
[12:10:19] [A] sacrificed for phyrexian altar (#1): Diregraf Ghoul
[12:10:20] [A] submitting interaction iid=RHSMEZ.0.171 choice=RHSMEZ.0.171.m2 ()
[12:10:20] [A] chose mana color: 
[12:10:26] [A] casting cabal ritual
[12:10:27] [A] tap land for mana used_for=B
[12:10:27] [A] submitting interaction iid=RHSMEZ.0.173 choice=RHSMEZ.0.173.c3 (Swamp)
[12:10:27] [A] tap land for mana used_for=generic
[12:10:27] [A] submitting interaction iid=RHSMEZ.0.174 choice=RHSMEZ.0.174.c3 (Swamp)
[12:10:27] [A] A2b: ritual resolved; ghoul in gy=True; black pool=5 (want >=3: 1 altar + 1 swamp tap + 3 ritual) -> passed
[12:10:27] [A] exported post_A.json
[12:10:27] [A] POST exported
[12:10:27] ===== GAME B: sign in blood {B}{B} =====
[12:10:28] [B] game CUXQYB; P0 seat=0 P1 seat=1
[12:10:28] [P0B] keep 7: ['forest', 'forest', 'phyrexian altar', 'forest', 'sign in blood', 'sign in blood', 'forest']
[12:10:28] [P1B] keep 7: ['forest', 'forest', 'forest', 'forest', 'forest', 'forest', 'forest']
[12:10:28] [P1B] playing land forest
[12:10:29] [P1B] tap land for mana used_for=any
[12:10:29] [P1B] submitting interaction iid=CUXQYB.0.7 choice=CUXQYB.0.7.c1 (Forest)
[12:10:30] [P0B] NOTE: hand=8>7 but vi kind code='choose'; not answering yet
[12:10:31] [B] playing land forest
[12:10:35] [P1B] tap land for mana used_for=any
[12:10:35] [P1B] submitting interaction iid=CUXQYB.0.33 choice=CUXQYB.0.33.c1 (Forest)
[12:10:35] [P1B] playing land forest
[12:10:35] [P1B] tap land for mana used_for=any
[12:10:35] [P1B] submitting interaction iid=CUXQYB.0.39 choice=CUXQYB.0.39.c1 (Forest)
[12:10:38] [B] playing land forest
[12:10:39] [P1B] tap land for mana used_for=any
[12:10:39] [P1B] submitting interaction iid=CUXQYB.0.65 choice=CUXQYB.0.65.c1 (Forest)
[12:10:40] [P1B] tap land for mana used_for=any
[12:10:40] [P1B] submitting interaction iid=CUXQYB.0.66 choice=CUXQYB.0.66.c1 (Forest)
[12:10:40] [P1B] playing land forest
[12:10:40] [P1B] tap land for mana used_for=any
[12:10:40] [P1B] submitting interaction iid=CUXQYB.0.72 choice=CUXQYB.0.72.c1 (Forest)
[12:10:43] [B] playing land forest
[12:10:43] [B] P0 casts phyrexian altar (oid 36) needs={'generic': 3}
[12:10:46] [P1B] tap land for mana used_for=any
[12:10:46] [P1B] submitting interaction iid=CUXQYB.0.101 choice=CUXQYB.0.101.c1 (Forest)
[12:10:47] [P1B] tap land for mana used_for=any
[12:10:47] [P1B] submitting interaction iid=CUXQYB.0.102 choice=CUXQYB.0.102.c1 (Forest)
[12:10:47] [P1B] tap land for mana used_for=any
[12:10:47] [P1B] submitting interaction iid=CUXQYB.0.103 choice=CUXQYB.0.103.c1 (Forest)
[12:10:48] [P1B] playing land forest
[12:10:48] [P1B] tap land for mana used_for=any
[12:10:48] [P1B] submitting interaction iid=CUXQYB.0.109 choice=CUXQYB.0.109.c1 (Forest)
[12:10:49] [B] tap land for mana used_for=generic
[12:10:49] [B] submitting interaction iid=CUXQYB.0.120 choice=CUXQYB.0.120.c1 (Forest)
[12:10:50] [B] tap land for mana used_for=generic
[12:10:50] [B] submitting interaction iid=CUXQYB.0.121 choice=CUXQYB.0.121.c1 (Forest)
[12:10:50] [B] tap land for mana used_for=generic
[12:10:50] [B] submitting interaction iid=CUXQYB.0.122 choice=CUXQYB.0.122.c1 (Forest)
[12:10:51] [B] playing land forest
[12:10:53] [P1B] tap land for mana used_for=any
[12:10:53] [P1B] submitting interaction iid=CUXQYB.0.138 choice=CUXQYB.0.138.c1 (Forest)
[12:10:53] [P1B] tap land for mana used_for=any
[12:10:53] [P1B] submitting interaction iid=CUXQYB.0.139 choice=CUXQYB.0.139.c1 (Forest)
[12:10:53] [P1B] tap land for mana used_for=any
[12:10:53] [P1B] submitting interaction iid=CUXQYB.0.140 choice=CUXQYB.0.140.c1 (Forest)
[12:10:53] [P1B] tap land for mana used_for=any
[12:10:53] [P1B] submitting interaction iid=CUXQYB.0.141 choice=CUXQYB.0.141.c1 (Forest)
[12:10:54] [P1B] playing land forest
[12:10:54] [P1B] tap land for mana used_for=any
[12:10:54] [P1B] submitting interaction iid=CUXQYB.0.147 choice=CUXQYB.0.147.c1 (Forest)
[12:10:56] [B] playing land forest
[12:10:58] [P1B] tap land for mana used_for=any
[12:10:58] [P1B] submitting interaction iid=CUXQYB.0.173 choice=CUXQYB.0.173.c1 (Forest)
[12:10:58] [P1B] tap land for mana used_for=any
[12:10:58] [P1B] submitting interaction iid=CUXQYB.0.174 choice=CUXQYB.0.174.c1 (Forest)
[12:10:58] [P1B] tap land for mana used_for=any
[12:10:58] [P1B] submitting interaction iid=CUXQYB.0.175 choice=CUXQYB.0.175.c1 (Forest)
[12:10:58] [P1B] tap land for mana used_for=any
[12:10:58] [P1B] submitting interaction iid=CUXQYB.0.176 choice=CUXQYB.0.176.c1 (Forest)
[12:10:59] [P1B] tap land for mana used_for=any
[12:10:59] [P1B] submitting interaction iid=CUXQYB.0.177 choice=CUXQYB.0.177.c1 (Forest)
[12:10:59] [P1B] playing land forest
[12:11:00] [P1B] tap land for mana used_for=any
[12:11:00] [P1B] submitting interaction iid=CUXQYB.0.183 choice=CUXQYB.0.183.c1 (Forest)
[12:11:03] [B] playing land forest
[12:11:03] [B] P0 casts memnite (oid 20) needs={'generic': 0}
[12:11:05] [P1B] tap land for mana used_for=any
[12:11:05] [P1B] submitting interaction iid=CUXQYB.0.212 choice=CUXQYB.0.212.c1 (Forest)
[12:11:06] [P1B] tap land for mana used_for=any
[12:11:06] [P1B] submitting interaction iid=CUXQYB.0.213 choice=CUXQYB.0.213.c1 (Forest)
[12:11:06] [P1B] tap land for mana used_for=any
[12:11:06] [P1B] submitting interaction iid=CUXQYB.0.214 choice=CUXQYB.0.214.c1 (Forest)
[12:11:06] [P1B] tap land for mana used_for=any
[12:11:06] [P1B] submitting interaction iid=CUXQYB.0.215 choice=CUXQYB.0.215.c1 (Forest)
[12:11:06] [P1B] tap land for mana used_for=any
[12:11:06] [P1B] submitting interaction iid=CUXQYB.0.216 choice=CUXQYB.0.216.c1 (Forest)
[12:11:06] [P1B] tap land for mana used_for=any
[12:11:06] [P1B] submitting interaction iid=CUXQYB.0.217 choice=CUXQYB.0.217.c1 (Forest)
[12:11:07] [P1B] playing land forest
[12:11:07] [P1B] tap land for mana used_for=any
[12:11:07] [P1B] submitting interaction iid=CUXQYB.0.223 choice=CUXQYB.0.223.c1 (Forest)
[12:11:09] [B] playing land forest
[12:11:11] [P1B] tap land for mana used_for=any
[12:11:11] [P1B] submitting interaction iid=CUXQYB.0.250 choice=CUXQYB.0.250.c1 (Forest)
[12:11:11] [P1B] tap land for mana used_for=any
[12:11:11] [P1B] submitting interaction iid=CUXQYB.0.251 choice=CUXQYB.0.251.c1 (Forest)
[12:11:12] [P1B] tap land for mana used_for=any
[12:11:12] [P1B] submitting interaction iid=CUXQYB.0.252 choice=CUXQYB.0.252.c1 (Forest)
[12:11:12] [P1B] tap land for mana used_for=any
[12:11:12] [P1B] submitting interaction iid=CUXQYB.0.253 choice=CUXQYB.0.253.c1 (Forest)
[12:11:12] [P1B] tap land for mana used_for=any
[12:11:12] [P1B] submitting interaction iid=CUXQYB.0.254 choice=CUXQYB.0.254.c1 (Forest)
[12:11:12] [P1B] tap land for mana used_for=any
[12:11:12] [P1B] submitting interaction iid=CUXQYB.0.255 choice=CUXQYB.0.255.c1 (Forest)
[12:11:12] [P1B] tap land for mana used_for=any
[12:11:12] [P1B] submitting interaction iid=CUXQYB.0.256 choice=CUXQYB.0.256.c1 (Forest)
[12:11:13] [P1B] playing land forest
[12:11:13] [P1B] tap land for mana used_for=any
[12:11:13] [P1B] submitting interaction iid=CUXQYB.0.262 choice=CUXQYB.0.262.c1 (Forest)
[12:11:17] [P1B] tap land for mana used_for=any
[12:11:17] [P1B] submitting interaction iid=CUXQYB.0.288 choice=CUXQYB.0.288.c1 (Forest)
[12:11:18] [P1B] tap land for mana used_for=any
[12:11:18] [P1B] submitting interaction iid=CUXQYB.0.289 choice=CUXQYB.0.289.c1 (Forest)
[12:11:18] [P1B] tap land for mana used_for=any
[12:11:18] [P1B] submitting interaction iid=CUXQYB.0.290 choice=CUXQYB.0.290.c1 (Forest)
[12:11:19] [P1B] tap land for mana used_for=any
[12:11:19] [P1B] submitting interaction iid=CUXQYB.0.291 choice=CUXQYB.0.291.c1 (Forest)
[12:11:19] [P1B] tap land for mana used_for=any
[12:11:19] [P1B] submitting interaction iid=CUXQYB.0.292 choice=CUXQYB.0.292.c1 (Forest)
[12:11:19] [P1B] tap land for mana used_for=any
[12:11:19] [P1B] submitting interaction iid=CUXQYB.0.293 choice=CUXQYB.0.293.c1 (Forest)
[12:11:19] [P1B] tap land for mana used_for=any
[12:11:19] [P1B] submitting interaction iid=CUXQYB.0.294 choice=CUXQYB.0.294.c1 (Forest)
[12:11:19] [P1B] tap land for mana used_for=any
[12:11:19] [P1B] submitting interaction iid=CUXQYB.0.295 choice=CUXQYB.0.295.c1 (Forest)
[12:11:20] [P1B] playing land forest
[12:11:20] [P1B] tap land for mana used_for=any
[12:11:20] [P1B] submitting interaction iid=CUXQYB.0.301 choice=CUXQYB.0.301.c1 (Forest)
[12:11:23] [B] playing land forest
[12:11:24] [P1B] tap land for mana used_for=any
[12:11:24] [P1B] submitting interaction iid=CUXQYB.0.328 choice=CUXQYB.0.328.c1 (Forest)
[12:11:24] [P1B] tap land for mana used_for=any
[12:11:24] [P1B] submitting interaction iid=CUXQYB.0.329 choice=CUXQYB.0.329.c1 (Forest)
[12:11:25] [P1B] tap land for mana used_for=any
[12:11:25] [P1B] submitting interaction iid=CUXQYB.0.330 choice=CUXQYB.0.330.c1 (Forest)
[12:11:25] [P1B] tap land for mana used_for=any
[12:11:25] [P1B] submitting interaction iid=CUXQYB.0.331 choice=CUXQYB.0.331.c1 (Forest)
[12:11:25] [P1B] tap land for mana used_for=any
[12:11:25] [P1B] submitting interaction iid=CUXQYB.0.332 choice=CUXQYB.0.332.c1 (Forest)
[12:11:25] [P1B] tap land for mana used_for=any
[12:11:25] [P1B] submitting interaction iid=CUXQYB.0.333 choice=CUXQYB.0.333.c1 (Forest)
[12:11:25] [P1B] tap land for mana used_for=any
[12:11:25] [P1B] submitting interaction iid=CUXQYB.0.334 choice=CUXQYB.0.334.c1 (Forest)
[12:11:25] [P1B] tap land for mana used_for=any
[12:11:25] [P1B] submitting interaction iid=CUXQYB.0.335 choice=CUXQYB.0.335.c1 (Forest)
[12:11:26] [P1B] tap land for mana used_for=any
[12:11:26] [P1B] submitting interaction iid=CUXQYB.0.336 choice=CUXQYB.0.336.c1 (Forest)
[12:11:26] [P1B] playing land forest
[12:11:27] [P1B] tap land for mana used_for=any
[12:11:27] [P1B] submitting interaction iid=CUXQYB.0.342 choice=CUXQYB.0.342.c1 (Forest)
[12:11:29] [B] playing land forest
[12:11:31] [P1B] tap land for mana used_for=any
[12:11:31] [P1B] submitting interaction iid=CUXQYB.0.369 choice=CUXQYB.0.369.c1 (Forest)
[12:11:31] [P1B] tap land for mana used_for=any
[12:11:31] [P1B] submitting interaction iid=CUXQYB.0.370 choice=CUXQYB.0.370.c1 (Forest)
[12:11:31] [P1B] tap land for mana used_for=any
[12:11:31] [P1B] submitting interaction iid=CUXQYB.0.371 choice=CUXQYB.0.371.c1 (Forest)
[12:11:31] [P1B] tap land for mana used_for=any
[12:11:31] [P1B] submitting interaction iid=CUXQYB.0.372 choice=CUXQYB.0.372.c1 (Forest)
[12:11:32] [P1B] tap land for mana used_for=any
[12:11:32] [P1B] submitting interaction iid=CUXQYB.0.373 choice=CUXQYB.0.373.c1 (Forest)
[12:11:32] [P1B] tap land for mana used_for=any
[12:11:32] [P1B] submitting interaction iid=CUXQYB.0.374 choice=CUXQYB.0.374.c1 (Forest)
[12:11:32] [P1B] tap land for mana used_for=any
[12:11:32] [P1B] submitting interaction iid=CUXQYB.0.375 choice=CUXQYB.0.375.c1 (Forest)
[12:11:32] [P1B] tap land for mana used_for=any
[12:11:32] [P1B] submitting interaction iid=CUXQYB.0.376 choice=CUXQYB.0.376.c1 (Forest)
[12:11:32] [P1B] tap land for mana used_for=any
[12:11:32] [P1B] submitting interaction iid=CUXQYB.0.377 choice=CUXQYB.0.377.c1 (Forest)
[12:11:32] [P1B] tap land for mana used_for=any
[12:11:32] [P1B] submitting interaction iid=CUXQYB.0.378 choice=CUXQYB.0.378.c1 (Forest)
[12:11:33] [P1B] playing land forest
[12:11:33] [P1B] tap land for mana used_for=any
[12:11:33] [P1B] submitting interaction iid=CUXQYB.0.384 choice=CUXQYB.0.384.c1 (Forest)
[12:11:37] [P1B] tap land for mana used_for=any
[12:11:37] [P1B] submitting interaction iid=CUXQYB.0.410 choice=CUXQYB.0.410.c1 (Forest)
[12:11:37] [P1B] tap land for mana used_for=any
[12:11:37] [P1B] submitting interaction iid=CUXQYB.0.411 choice=CUXQYB.0.411.c1 (Forest)
[12:11:38] [P1B] tap land for mana used_for=any
[12:11:38] [P1B] submitting interaction iid=CUXQYB.0.412 choice=CUXQYB.0.412.c1 (Forest)
[12:11:38] [P1B] tap land for mana used_for=any
[12:11:38] [P1B] submitting interaction iid=CUXQYB.0.413 choice=CUXQYB.0.413.c1 (Forest)
[12:11:38] [P1B] tap land for mana used_for=any
[12:11:38] [P1B] submitting interaction iid=CUXQYB.0.414 choice=CUXQYB.0.414.c1 (Forest)
[12:11:39] [P1B] tap land for mana used_for=any
[12:11:39] [P1B] submitting interaction iid=CUXQYB.0.415 choice=CUXQYB.0.415.c1 (Forest)
[12:11:39] [P1B] tap land for mana used_for=any
[12:11:39] [P1B] submitting interaction iid=CUXQYB.0.416 choice=CUXQYB.0.416.c1 (Forest)
[12:11:40] [P1B] tap land for mana used_for=any
[12:11:40] [P1B] submitting interaction iid=CUXQYB.0.417 choice=CUXQYB.0.417.c1 (Forest)
[12:11:40] [P1B] tap land for mana used_for=any
[12:11:40] [P1B] submitting interaction iid=CUXQYB.0.418 choice=CUXQYB.0.418.c1 (Forest)
[12:11:40] [P1B] tap land for mana used_for=any
[12:11:40] [P1B] submitting interaction iid=CUXQYB.0.419 choice=CUXQYB.0.419.c1 (Forest)
[12:11:40] [P1B] tap land for mana used_for=any
[12:11:40] [P1B] submitting interaction iid=CUXQYB.0.420 choice=CUXQYB.0.420.c1 (Forest)
[12:11:41] [P1B] playing land forest
[12:11:41] [P1B] tap land for mana used_for=any
[12:11:41] [P1B] submitting interaction iid=CUXQYB.0.426 choice=CUXQYB.0.426.c1 (Forest)
[12:11:43] [B] P0 casts memnite (oid 38) needs={'generic': 0}
[12:11:44] [B] setup complete -> assert phase
[12:11:44] [B] exported pre_B.json
[12:11:44] [B] PRE exported; setup ready (turn 24)
[12:11:46] [P1B] tap land for mana used_for=any
[12:11:46] [P1B] submitting interaction iid=CUXQYB.0.455 choice=CUXQYB.0.455.c1 (Forest)
[12:11:46] [P1B] tap land for mana used_for=any
[12:11:46] [P1B] submitting interaction iid=CUXQYB.0.456 choice=CUXQYB.0.456.c1 (Forest)
[12:11:46] [P1B] tap land for mana used_for=any
[12:11:46] [P1B] submitting interaction iid=CUXQYB.0.457 choice=CUXQYB.0.457.c1 (Forest)
[12:11:46] [P1B] tap land for mana used_for=any
[12:11:46] [P1B] submitting interaction iid=CUXQYB.0.458 choice=CUXQYB.0.458.c1 (Forest)
[12:11:47] [P1B] tap land for mana used_for=any
[12:11:47] [P1B] submitting interaction iid=CUXQYB.0.459 choice=CUXQYB.0.459.c1 (Forest)
[12:11:47] [P1B] tap land for mana used_for=any
[12:11:47] [P1B] submitting interaction iid=CUXQYB.0.460 choice=CUXQYB.0.460.c1 (Forest)
[12:11:47] [P1B] tap land for mana used_for=any
[12:11:47] [P1B] submitting interaction iid=CUXQYB.0.461 choice=CUXQYB.0.461.c1 (Forest)
[12:11:47] [P1B] tap land for mana used_for=any
[12:11:47] [P1B] submitting interaction iid=CUXQYB.0.462 choice=CUXQYB.0.462.c1 (Forest)
[12:11:47] [P1B] tap land for mana used_for=any
[12:11:47] [P1B] submitting interaction iid=CUXQYB.0.463 choice=CUXQYB.0.463.c1 (Forest)
[12:11:47] [P1B] tap land for mana used_for=any
[12:11:47] [P1B] submitting interaction iid=CUXQYB.0.464 choice=CUXQYB.0.464.c1 (Forest)
[12:11:47] [P1B] tap land for mana used_for=any
[12:11:47] [P1B] submitting interaction iid=CUXQYB.0.465 choice=CUXQYB.0.465.c1 (Forest)
[12:11:48] [P1B] tap land for mana used_for=any
[12:11:48] [P1B] submitting interaction iid=CUXQYB.0.466 choice=CUXQYB.0.466.c1 (Forest)
[12:11:48] [P1B] playing land forest
[12:11:48] [P1B] tap land for mana used_for=any
[12:11:48] [P1B] submitting interaction iid=CUXQYB.0.472 choice=CUXQYB.0.472.c1 (Forest)
[12:11:51] [B] gate assertion A3a_gate_offers_BB: offered_seen=False want_offered=True -> failed (obs=4)
[12:11:51] [B] -> act phase
[12:11:51] [B] activating phyrexian altar via ActivateAbility legal_action
[12:11:51] [P0B] NOTE: hand=8>7 but vi kind code='select'; not answering yet
[12:11:51] [B] submitting interaction iid=CUXQYB.0.488 choice=CUXQYB.0.488.s0 (Memnite)
[12:11:51] [B] sacrificed for phyrexian altar (#1): Memnite
[12:11:52] [P0B] NOTE: hand=8>7 but vi kind code='manaGroups'; not answering yet
[12:11:52] [B] submitting interaction iid=CUXQYB.0.489 choice=CUXQYB.0.489.m2 ()
[12:11:52] [B] chose mana color: 
[12:11:58] [B] activating phyrexian altar via ActivateAbility legal_action
[12:11:59] [B] submitting interaction iid=CUXQYB.0.491 choice=CUXQYB.0.491.s0 (Memnite)
[12:11:59] [B] sacrificed for phyrexian altar (#2): Memnite
[12:12:00] [B] submitting interaction iid=CUXQYB.0.492 choice=CUXQYB.0.492.m2 ()
[12:12:00] [B] chose mana color: 
[12:12:01] [B] both activations done; pool={'B': 2}
[12:12:06] [B] exported mid_B.json
[12:12:06] [B] MID exported; pool={'B': 2}
[12:12:06] [B] A3b: with {B}{B} floating, gate now offers sign in blood -> passed (bug confirmed: feasibility analysis, not resources, blocked the offer)
[12:12:06] [B] casting sign in blood
[12:12:07] [P0B] NOTE: hand=8>7 but vi kind code='sequence'; not answering yet
[12:12:07] [B] submitting interaction iid=CUXQYB.0.494 choice=CUXQYB.0.494.t1 ()
[12:12:07] [B] targeted P1 for sign in blood
[12:12:08] [B] Sign in Blood resolved: P1 life=18 (want 18) -> passed
[12:12:08] [B] exported post_B.json
[12:12:08] [B] POST exported
[12:12:08] [P1B] NOTE: hand=8>7 but vi kind code='choose'; not answering yet
[12:12:08] ===== GAME C: dark ritual {B} =====
[12:12:09] [C] game JWPU0K; P0 seat=0 P1 seat=1
[12:12:09] [P0C] keep 7: ['forest', 'forest', 'forest', 'forest', 'dark ritual', 'forest', 'forest']
[12:12:09] [P1C] keep 7: ['forest', 'forest', 'forest', 'forest', 'forest', 'forest', 'forest']
[12:12:09] [C] playing land forest
[12:12:11] [P1C] NOTE: hand=8>7 but vi kind code='choose'; not answering yet
[12:12:12] [P1C] playing land forest
[12:12:12] [P1C] tap land for mana used_for=any
[12:12:12] [P1C] submitting interaction iid=JWPU0K.0.22 choice=JWPU0K.0.22.c1 (Forest)
[12:12:14] [C] playing land forest
[12:12:16] [P1C] tap land for mana used_for=any
[12:12:16] [P1C] submitting interaction iid=JWPU0K.0.48 choice=JWPU0K.0.48.c1 (Forest)
[12:12:17] [P1C] playing land forest
[12:12:17] [P1C] tap land for mana used_for=any
[12:12:17] [P1C] submitting interaction iid=JWPU0K.0.54 choice=JWPU0K.0.54.c1 (Forest)
[12:12:19] [C] playing land forest
[12:12:21] [P1C] tap land for mana used_for=any
[12:12:21] [P1C] submitting interaction iid=JWPU0K.0.80 choice=JWPU0K.0.80.c1 (Forest)
[12:12:21] [P1C] tap land for mana used_for=any
[12:12:21] [P1C] submitting interaction iid=JWPU0K.0.81 choice=JWPU0K.0.81.c1 (Forest)
[12:12:24] [P1C] playing land forest
[12:12:24] [P1C] tap land for mana used_for=any
[12:12:24] [P1C] submitting interaction iid=JWPU0K.0.87 choice=JWPU0K.0.87.c1 (Forest)
[12:12:26] [C] playing land forest
[12:12:28] [P1C] tap land for mana used_for=any
[12:12:28] [P1C] submitting interaction iid=JWPU0K.0.113 choice=JWPU0K.0.113.c1 (Forest)
[12:12:28] [P1C] tap land for mana used_for=any
[12:12:28] [P1C] submitting interaction iid=JWPU0K.0.114 choice=JWPU0K.0.114.c1 (Forest)
[12:12:28] [P1C] tap land for mana used_for=any
[12:12:28] [P1C] submitting interaction iid=JWPU0K.0.115 choice=JWPU0K.0.115.c1 (Forest)
[12:12:29] [P1C] playing land forest
[12:12:29] [P1C] tap land for mana used_for=any
[12:12:29] [P1C] submitting interaction iid=JWPU0K.0.121 choice=JWPU0K.0.121.c1 (Forest)
[12:12:32] [C] playing land forest
[12:12:33] [P1C] tap land for mana used_for=any
[12:12:33] [P1C] submitting interaction iid=JWPU0K.0.147 choice=JWPU0K.0.147.c1 (Forest)
[12:12:33] [P1C] tap land for mana used_for=any
[12:12:33] [P1C] submitting interaction iid=JWPU0K.0.148 choice=JWPU0K.0.148.c1 (Forest)
[12:12:34] [P1C] tap land for mana used_for=any
[12:12:34] [P1C] submitting interaction iid=JWPU0K.0.149 choice=JWPU0K.0.149.c1 (Forest)
[12:12:34] [P1C] tap land for mana used_for=any
[12:12:34] [P1C] submitting interaction iid=JWPU0K.0.150 choice=JWPU0K.0.150.c1 (Forest)
[12:12:34] [P1C] playing land forest
[12:12:35] [P1C] tap land for mana used_for=any
[12:12:35] [P1C] submitting interaction iid=JWPU0K.0.156 choice=JWPU0K.0.156.c1 (Forest)
[12:12:38] [C] playing land forest
[12:12:40] [P1C] tap land for mana used_for=any
[12:12:40] [P1C] submitting interaction iid=JWPU0K.0.182 choice=JWPU0K.0.182.c1 (Forest)
[12:12:40] [P1C] tap land for mana used_for=any
[12:12:40] [P1C] submitting interaction iid=JWPU0K.0.183 choice=JWPU0K.0.183.c1 (Forest)
[12:12:40] [P1C] tap land for mana used_for=any
[12:12:40] [P1C] submitting interaction iid=JWPU0K.0.184 choice=JWPU0K.0.184.c1 (Forest)
[12:12:40] [P1C] tap land for mana used_for=any
[12:12:40] [P1C] submitting interaction iid=JWPU0K.0.185 choice=JWPU0K.0.185.c1 (Forest)
[12:12:40] [P1C] tap land for mana used_for=any
[12:12:40] [P1C] submitting interaction iid=JWPU0K.0.186 choice=JWPU0K.0.186.c1 (Forest)
[12:12:41] [P1C] playing land forest
[12:12:41] [P1C] tap land for mana used_for=any
[12:12:41] [P1C] submitting interaction iid=JWPU0K.0.192 choice=JWPU0K.0.192.c1 (Forest)
[12:12:43] [C] playing land forest
[12:12:44] [C] P0 casts phyrexian altar (oid 9) needs={'generic': 3}
[12:12:44] [C] tap land for mana used_for=generic
[12:12:44] [C] submitting interaction iid=JWPU0K.0.209 choice=JWPU0K.0.209.c1 (Forest)
[12:12:44] [C] tap land for mana used_for=generic
[12:12:44] [C] submitting interaction iid=JWPU0K.0.210 choice=JWPU0K.0.210.c1 (Forest)
[12:12:45] [C] tap land for mana used_for=generic
[12:12:45] [C] submitting interaction iid=JWPU0K.0.211 choice=JWPU0K.0.211.c1 (Forest)
[12:12:45] [C] setup complete -> assert phase
[12:12:45] [C] exported pre_C.json
[12:12:45] [C] PRE exported; setup ready (turn 13)
[12:12:47] [P1C] tap land for mana used_for=any
[12:12:47] [P1C] submitting interaction iid=JWPU0K.0.224 choice=JWPU0K.0.224.c1 (Forest)
[12:12:47] [P1C] tap land for mana used_for=any
[12:12:47] [P1C] submitting interaction iid=JWPU0K.0.225 choice=JWPU0K.0.225.c1 (Forest)
[12:12:47] [P1C] tap land for mana used_for=any
[12:12:47] [P1C] submitting interaction iid=JWPU0K.0.226 choice=JWPU0K.0.226.c1 (Forest)
[12:12:47] [P1C] tap land for mana used_for=any
[12:12:47] [P1C] submitting interaction iid=JWPU0K.0.227 choice=JWPU0K.0.227.c1 (Forest)
[12:12:47] [P1C] tap land for mana used_for=any
[12:12:47] [P1C] submitting interaction iid=JWPU0K.0.228 choice=JWPU0K.0.228.c1 (Forest)
[12:12:47] [P1C] tap land for mana used_for=any
[12:12:47] [P1C] submitting interaction iid=JWPU0K.0.229 choice=JWPU0K.0.229.c1 (Forest)
[12:12:48] [P1C] playing land forest
[12:12:48] [P1C] tap land for mana used_for=any
[12:12:48] [P1C] submitting interaction iid=JWPU0K.0.235 choice=JWPU0K.0.235.c1 (Forest)
[12:12:51] [C] gate assertion A4_gate_rejects_B: offered_seen=False want_offered=False -> passed (obs=4)
[12:12:51] [C] exported post_C.json
[12:12:51] [C] POST exported (observe-only)
[12:12:51] ===== GAME D: steel overseer {2} =====
[12:12:51] [D] game 3ECHQC; P0 seat=0 P1 seat=1
[12:12:51] [P0D] keep 7: ['memnite', 'memnite', 'memnite', 'steel overseer', 'forest', 'forest', 'steel overseer']
[12:12:51] [P1D] keep 7: ['forest', 'forest', 'forest', 'forest', 'forest', 'forest', 'forest']
[12:12:52] [P1D] playing land forest
[12:12:52] [P1D] tap land for mana used_for=any
[12:12:52] [P1D] submitting interaction iid=3ECHQC.0.7 choice=3ECHQC.0.7.c1 (Forest)
[12:12:54] [P0D] NOTE: hand=8>7 but vi kind code='choose'; not answering yet
[12:12:54] [D] playing land forest
[12:12:55] [D] P0 casts memnite (oid 16) needs={'generic': 0}
[12:12:56] [D] P0 casts memnite (oid 30) needs={'generic': 0}
[12:12:59] [P1D] tap land for mana used_for=any
[12:12:59] [P1D] submitting interaction iid=3ECHQC.0.39 choice=3ECHQC.0.39.c1 (Forest)
[12:13:00] [P1D] playing land forest
[12:13:00] [P1D] tap land for mana used_for=any
[12:13:00] [P1D] submitting interaction iid=3ECHQC.0.45 choice=3ECHQC.0.45.c1 (Forest)
[12:13:02] [D] playing land forest
[12:13:04] [P1D] tap land for mana used_for=any
[12:13:04] [P1D] submitting interaction iid=3ECHQC.0.72 choice=3ECHQC.0.72.c1 (Forest)
[12:13:04] [P1D] tap land for mana used_for=any
[12:13:04] [P1D] submitting interaction iid=3ECHQC.0.73 choice=3ECHQC.0.73.c1 (Forest)
[12:13:05] [P1D] playing land forest
[12:13:05] [P1D] tap land for mana used_for=any
[12:13:05] [P1D] submitting interaction iid=3ECHQC.0.79 choice=3ECHQC.0.79.c1 (Forest)
[12:13:07] [D] playing land forest
[12:13:10] [P1D] tap land for mana used_for=any
[12:13:10] [P1D] submitting interaction iid=3ECHQC.0.106 choice=3ECHQC.0.106.c1 (Forest)
[12:13:10] [P1D] tap land for mana used_for=any
[12:13:10] [P1D] submitting interaction iid=3ECHQC.0.107 choice=3ECHQC.0.107.c1 (Forest)
[12:13:11] [P1D] tap land for mana used_for=any
[12:13:11] [P1D] submitting interaction iid=3ECHQC.0.108 choice=3ECHQC.0.108.c1 (Forest)
[12:13:11] [P1D] playing land forest
[12:13:12] [P1D] tap land for mana used_for=any
[12:13:12] [P1D] submitting interaction iid=3ECHQC.0.114 choice=3ECHQC.0.114.c1 (Forest)
[12:13:14] [D] playing land forest
[12:13:16] [P1D] tap land for mana used_for=any
[12:13:16] [P1D] submitting interaction iid=3ECHQC.0.141 choice=3ECHQC.0.141.c1 (Forest)
[12:13:16] [P1D] tap land for mana used_for=any
[12:13:16] [P1D] submitting interaction iid=3ECHQC.0.142 choice=3ECHQC.0.142.c1 (Forest)
[12:13:16] [P1D] tap land for mana used_for=any
[12:13:16] [P1D] submitting interaction iid=3ECHQC.0.143 choice=3ECHQC.0.143.c1 (Forest)
[12:13:16] [P1D] tap land for mana used_for=any
[12:13:16] [P1D] submitting interaction iid=3ECHQC.0.144 choice=3ECHQC.0.144.c1 (Forest)
[12:13:17] [P1D] playing land forest
[12:13:17] [P1D] tap land for mana used_for=any
[12:13:17] [P1D] submitting interaction iid=3ECHQC.0.150 choice=3ECHQC.0.150.c1 (Forest)
[12:13:19] [D] playing land forest
[12:13:21] [P1D] tap land for mana used_for=any
[12:13:21] [P1D] submitting interaction iid=3ECHQC.0.177 choice=3ECHQC.0.177.c1 (Forest)
[12:13:21] [P1D] tap land for mana used_for=any
[12:13:21] [P1D] submitting interaction iid=3ECHQC.0.178 choice=3ECHQC.0.178.c1 (Forest)
[12:13:22] [P1D] tap land for mana used_for=any
[12:13:22] [P1D] submitting interaction iid=3ECHQC.0.179 choice=3ECHQC.0.179.c1 (Forest)
[12:13:23] [P1D] tap land for mana used_for=any
[12:13:23] [P1D] submitting interaction iid=3ECHQC.0.180 choice=3ECHQC.0.180.c1 (Forest)
[12:13:23] [P1D] tap land for mana used_for=any
[12:13:23] [P1D] submitting interaction iid=3ECHQC.0.181 choice=3ECHQC.0.181.c1 (Forest)
[12:13:24] [P1D] playing land forest
[12:13:24] [P1D] tap land for mana used_for=any
[12:13:24] [P1D] submitting interaction iid=3ECHQC.0.187 choice=3ECHQC.0.187.c1 (Forest)
[12:13:26] [D] playing land forest
[12:13:28] [P1D] tap land for mana used_for=any
[12:13:28] [P1D] submitting interaction iid=3ECHQC.0.214 choice=3ECHQC.0.214.c1 (Forest)
[12:13:29] [P1D] tap land for mana used_for=any
[12:13:29] [P1D] submitting interaction iid=3ECHQC.0.215 choice=3ECHQC.0.215.c1 (Forest)
[12:13:29] [P1D] tap land for mana used_for=any
[12:13:29] [P1D] submitting interaction iid=3ECHQC.0.216 choice=3ECHQC.0.216.c1 (Forest)
[12:13:29] [P1D] tap land for mana used_for=any
[12:13:29] [P1D] submitting interaction iid=3ECHQC.0.217 choice=3ECHQC.0.217.c1 (Forest)
[12:13:29] [P1D] tap land for mana used_for=any
[12:13:29] [P1D] submitting interaction iid=3ECHQC.0.218 choice=3ECHQC.0.218.c1 (Forest)
[12:13:29] [P1D] tap land for mana used_for=any
[12:13:29] [P1D] submitting interaction iid=3ECHQC.0.219 choice=3ECHQC.0.219.c1 (Forest)
[12:13:30] [P1D] playing land forest
[12:13:30] [P1D] tap land for mana used_for=any
[12:13:30] [P1D] submitting interaction iid=3ECHQC.0.225 choice=3ECHQC.0.225.c1 (Forest)
[12:13:33] [D] playing land forest
[12:13:35] [P1D] tap land for mana used_for=any
[12:13:35] [P1D] submitting interaction iid=3ECHQC.0.252 choice=3ECHQC.0.252.c1 (Forest)
[12:13:35] [P1D] tap land for mana used_for=any
[12:13:35] [P1D] submitting interaction iid=3ECHQC.0.253 choice=3ECHQC.0.253.c1 (Forest)
[12:13:35] [P1D] tap land for mana used_for=any
[12:13:35] [P1D] submitting interaction iid=3ECHQC.0.254 choice=3ECHQC.0.254.c1 (Forest)
[12:13:35] [P1D] tap land for mana used_for=any
[12:13:35] [P1D] submitting interaction iid=3ECHQC.0.255 choice=3ECHQC.0.255.c1 (Forest)
[12:13:35] [P1D] tap land for mana used_for=any
[12:13:35] [P1D] submitting interaction iid=3ECHQC.0.256 choice=3ECHQC.0.256.c1 (Forest)
[12:13:35] [P1D] tap land for mana used_for=any
[12:13:35] [P1D] submitting interaction iid=3ECHQC.0.257 choice=3ECHQC.0.257.c1 (Forest)
[12:13:36] [P1D] tap land for mana used_for=any
[12:13:36] [P1D] submitting interaction iid=3ECHQC.0.258 choice=3ECHQC.0.258.c1 (Forest)
[12:13:37] [P1D] playing land forest
[12:13:37] [P1D] tap land for mana used_for=any
[12:13:37] [P1D] submitting interaction iid=3ECHQC.0.264 choice=3ECHQC.0.264.c1 (Forest)
[12:13:39] [D] P0 casts krark-clan ironworks (oid 48) needs={'generic': 4}
[12:13:40] [D] tap land for mana used_for=generic
[12:13:40] [D] submitting interaction iid=3ECHQC.0.280 choice=3ECHQC.0.280.c1 (Forest)
[12:13:40] [D] tap land for mana used_for=generic
[12:13:40] [D] submitting interaction iid=3ECHQC.0.281 choice=3ECHQC.0.281.c1 (Forest)
[12:13:40] [D] tap land for mana used_for=generic
[12:13:40] [D] submitting interaction iid=3ECHQC.0.282 choice=3ECHQC.0.282.c1 (Forest)
[12:13:42] [D] setup complete -> assert phase
[12:13:42] [D] exported pre_D.json
[12:13:42] [D] PRE exported; setup ready (turn 16)
[12:13:43] [P1D] tap land for mana used_for=any
[12:13:43] [P1D] submitting interaction iid=3ECHQC.0.296 choice=3ECHQC.0.296.c1 (Forest)
[12:13:44] [P1D] tap land for mana used_for=any
[12:13:44] [P1D] submitting interaction iid=3ECHQC.0.297 choice=3ECHQC.0.297.c1 (Forest)
[12:13:44] [P1D] tap land for mana used_for=any
[12:13:44] [P1D] submitting interaction iid=3ECHQC.0.298 choice=3ECHQC.0.298.c1 (Forest)
[12:13:44] [P1D] tap land for mana used_for=any
[12:13:44] [P1D] submitting interaction iid=3ECHQC.0.299 choice=3ECHQC.0.299.c1 (Forest)
[12:13:44] [P1D] tap land for mana used_for=any
[12:13:44] [P1D] submitting interaction iid=3ECHQC.0.300 choice=3ECHQC.0.300.c1 (Forest)
[12:13:44] [P1D] tap land for mana used_for=any
[12:13:44] [P1D] submitting interaction iid=3ECHQC.0.301 choice=3ECHQC.0.301.c1 (Forest)
[12:13:44] [P1D] tap land for mana used_for=any
[12:13:44] [P1D] submitting interaction iid=3ECHQC.0.302 choice=3ECHQC.0.302.c1 (Forest)
[12:13:44] [P1D] tap land for mana used_for=any
[12:13:44] [P1D] submitting interaction iid=3ECHQC.0.303 choice=3ECHQC.0.303.c1 (Forest)
[12:13:45] [P1D] playing land forest
[12:13:45] [P1D] tap land for mana used_for=any
[12:13:45] [P1D] submitting interaction iid=3ECHQC.0.309 choice=3ECHQC.0.309.c1 (Forest)
[12:13:47] [D] tap land for mana used_for=generic
[12:13:47] [D] submitting interaction iid=3ECHQC.0.320 choice=3ECHQC.0.320.c2 (Forest)
[12:13:48] [D] gate assertion A5a_gate_offers_2: offered_seen=True want_offered=True -> passed (obs=4)
[12:13:48] [D] -> act phase
[12:13:48] [D] activating krark-clan ironworks via ActivateAbility legal_action
[12:13:48] [D] submitting interaction iid=3ECHQC.0.326 choice=3ECHQC.0.326.s0 (Memnite)
[12:13:48] [D] sacrificed for krark-clan ironworks (#1): Memnite
[12:13:55] [D] casting steel overseer
[12:13:55] [D] tap land for mana used_for=generic
[12:13:55] [D] submitting interaction iid=3ECHQC.0.328 choice=3ECHQC.0.328.c2 (Forest)
[12:13:56] [D] tap land for mana used_for=generic
[12:13:56] [D] submitting interaction iid=3ECHQC.0.329 choice=3ECHQC.0.329.c2 (Forest)
[12:13:56] [D] A5b: Overseer on battlefield; Memnite in gy=True -> passed
[12:13:56] [D] exported post_D.json
[12:13:56] [D] POST exported
[12:13:56] VERDICT: reproduced
