[20:23:36] ServerHello: version=0.103.0 build=ec27a8d protocol=106 mode=Full
[20:23:36] data-level check: ok=True notes=['abilities=1 unimplemented=1 static_abilities=[]', "parse: Static pattern matched but line failed static parser: Enchanted creature can't attack or block, and its activated abilities can't be activated. Its controller may exile three cards from their graveyar"]
[20:23:38] game=388IIV run=run-20261006-2019
[20:23:38] [P0] keep 7: ['island', 'island', 'island', 'island', 'thought scour', 'lost in thought', 'lost in thought']
[20:23:38] [P1] keep 7: ['forest', 'llanowar elves', 'forest', 'forest', 'llanowar elves', 'llanowar elves', 'forest']
[20:23:38] [P0] playing land island
[20:23:39] [P0] casting thought scour (oid 25) needs={'U': 1}
[20:23:39] [P0] targeting player -> 
[20:23:42] [P1] playing land forest
[20:23:43] [P1] casting llanowar elves (oid 61) needs={'G': 1}
[20:23:45] [P0] tap land for mana used_for=U needs={'U': 0}
[20:23:45] [P0] submitting interaction iid=388IIV.0.39 choice=388IIV.0.39.c1 (Island)
[20:23:47] [P0] playing land island
[20:23:49] [P1] tap land for mana used_for=G needs={'G': 0}
[20:23:49] [P1] submitting interaction iid=388IIV.0.55 choice=388IIV.0.55.c2 (Forest)
[20:23:50] [P1] playing land forest
[20:23:50] [P1] casting llanowar elves (oid 79) needs={'G': 1}
[20:23:54] [P0] playing land island
[20:23:54] [P0] casting lost in thought (oid 49) needs={'U': 1, 'generic': 1}
[20:23:55] [P0] targeting creature -> Llanowar Elves
[20:23:55] [P0] tap land for mana used_for=U needs={'U': 0, 'generic': 1}
[20:23:55] [P0] submitting interaction iid=388IIV.0.82 choice=388IIV.0.82.c1 (Island)
[20:23:55] aura on BF oid=49 static_definitions=[] unimplemented=['Effect: static_structure']
[20:23:57] [P1] tap land for mana used_for=G needs={'G': 0}
[20:23:57] [P1] submitting interaction iid=388IIV.0.95 choice=388IIV.0.95.c3 (Forest)
[20:23:58] [P1] playing land forest
[20:23:59] [P1] casting grizzly bears (oid 107) needs={'G': 1, 'generic': 1}
[20:24:01] [P0] tap land for mana used_for=generic needs={'U': 0, 'generic': 0}
[20:24:01] [P0] submitting interaction iid=388IIV.0.115 choice=388IIV.0.115.c1 (Island)
[20:24:02] [P0] playing land island
[20:24:05] [P1] tap land for mana used_for=G needs={'G': 0, 'generic': 1}
[20:24:05] [P1] submitting interaction iid=388IIV.0.131 choice=388IIV.0.131.c3 (Forest)
[20:24:05] [P1] tap land for mana used_for=generic needs={'G': 0, 'generic': 0}
[20:24:05] [P1] submitting interaction iid=388IIV.0.132 choice=388IIV.0.132.c3 (Forest)
[20:24:06] [P1] playing land forest
[20:24:10] [P0] playing land island
[20:24:10] [P0] casting thought scour (oid 4) needs={'U': 1}
[20:24:10] [P0] targeting player -> 
[20:24:11] [P0] tap land for mana used_for=U needs={'U': 0}
[20:24:11] [P0] submitting interaction iid=388IIV.0.156 choice=388IIV.0.156.c1 (Island)
[20:24:11] aura attached (oid 49) to Elves 61, P1 gy=4; entering attack_test
[20:24:11] exported pre.json (turn=9)
[20:24:12] P1 priority action types at escape scan: ['ActivateAbility', 'PassPriority', 'TapLandForMana']
[20:24:12] P1 priority action types at escape scan: ['ActivateAbility', 'PassPriority', 'TapLandForMana']
[20:24:12] P1 priority action types at escape scan: ['ActivateAbility', 'PassPriority', 'TapLandForMana']
[20:24:13] P1 priority action types at escape scan: ['ActivateAbility', 'PassPriority', 'TapLandForMana']
[20:24:13] P1 priority action types at escape scan: ['ActivateAbility', 'PassPriority', 'TapLandForMana']
[20:24:13] P1 priority action types at escape scan: ['ActivateAbility', 'PassPriority', 'TapLandForMana']
[20:24:14] P1 priority action types at escape scan: ['ActivateAbility', 'PassPriority', 'TapLandForMana']
[20:24:14] P1 priority action types at escape scan: ['ActivateAbility', 'CastSpell', 'PassPriority', 'PlayLand', 'TapLandForMana']
[20:24:15] P1 priority action types at escape scan: ['ActivateAbility', 'PassPriority', 'TapLandForMana']
[20:24:15] [P1] declares attack with enchanted Elves 61
[20:24:15] P1 priority action types at escape scan: ['ActivateAbility', 'PassPriority', 'TapLandForMana']
[20:24:15] Elves 61 IS in combat.attackers
[20:24:15] attack1 ACCEPTED (Elves in attackers)
[20:24:16] P1 priority action types at escape scan: ['ActivateAbility', 'PassPriority', 'TapLandForMana']
[20:24:16] P1 priority action types at escape scan: ['ActivateAbility', 'PassPriority', 'TapLandForMana']
[20:24:16] P1 priority action types at escape scan: ['ActivateAbility', 'PassPriority', 'TapLandForMana']
[20:24:17] P1 priority action types at escape scan: ['ActivateAbility', 'CastSpell', 'PassPriority', 'PlayLand', 'TapLandForMana']
[20:24:17] P1 priority action types at escape scan: ['ActivateAbility', 'PassPriority', 'TapLandForMana']
[20:24:18] attack leg concluded (accepted=True rejected=None elves_attacked=True P0 life 20->19); exporting post_attack, entering activation_test
[20:24:18] exported post_attack.json (turn=11)
[20:24:18] P1 priority action types at escape scan: ['ActivateAbility', 'PassPriority', 'TapLandForMana']
[20:24:18] P1 priority action types at escape scan: ['ActivateAbility', 'PassPriority', 'TapLandForMana']
[20:24:19] P1 priority action types at escape scan: ['ActivateAbility', 'PassPriority', 'TapLandForMana']
[20:24:19] P1 priority action types at escape scan: ['ActivateAbility', 'PassPriority', 'TapLandForMana']
[20:24:20] P1 priority action types at escape scan: ['ActivateAbility', 'PassPriority', 'TapLandForMana']
[20:24:20] P1 priority action types at escape scan: ['ActivateAbility', 'PassPriority', 'TapLandForMana']
[20:24:20] P1 priority action types at escape scan: ['ActivateAbility', 'PassPriority', 'TapLandForMana']
[20:24:21] P1 priority action types at escape scan: ['ActivateAbility', 'PassPriority', 'TapLandForMana']
[20:24:21] P1 priority action types at escape scan: ['ActivateAbility', 'PassPriority', 'TapLandForMana']
[20:24:21] P1 priority action types at escape scan: ['ActivateAbility', 'CastSpell', 'PassPriority', 'PlayLand', 'TapLandForMana']
[20:24:21] [P1] attempts ActivateAbility on enchanted Elves 61 while holding priority
[20:24:22] P1 priority action types at escape scan: ['ActivateAbility', 'CastSpell', 'PassPriority', 'PlayLand', 'TapLandForMana']
[20:24:22] activation leg concluded; entering control stage
[20:24:22] P1 priority action types at escape scan: ['ActivateAbility', 'PassPriority', 'TapLandForMana']
[20:24:22] [P1] declares control attack with Bear 107
[20:24:23] P1 priority action types at escape scan: ['ActivateAbility', 'PassPriority', 'TapLandForMana']
[20:24:23] Bear 107 IS in combat.attackers
[20:24:23] P1 priority action types at escape scan: ['ActivateAbility', 'PassPriority', 'TapLandForMana']
[20:24:23] P1 priority action types at escape scan: ['ActivateAbility', 'PassPriority', 'TapLandForMana']
[20:24:24] P1 priority action types at escape scan: ['ActivateAbility', 'PassPriority', 'TapLandForMana']
[20:24:24] P1 priority action types at escape scan: ['ActivateAbility', 'CastSpell', 'PassPriority', 'PlayLand', 'TapLandForMana']
[20:24:25] P1 priority action types at escape scan: ['ActivateAbility', 'PassPriority', 'TapLandForMana']
[20:24:25] control leg concluded (bear_attack_accepted=True P0 life 19->17); exporting post_control
[20:24:25] exported post_control.json (turn=13)
[20:24:25] verdict=reproduced assertions={"A1_setup_ok": "passed", "A2_attack_restricted": "failed", "A3_activation_restricted": "failed", "A4_escape_offered": "failed", "A5_escape_effective": "not-run", "A6_control_binding": "passed"}
[20:24:25] closing logs before manifest computation
