server identity hashes verified against on-disk pinned artifacts
data-level check: mode=Continuous; grant=GrantAbility/Spell; head=Unimplemented/unparsed_replacement; sub=Spell/PutAtLibraryPosition/target=TrackedSet(0); subsub=Spell/Draw; checks_failed=none
[live] creating CommanderDraft game with Wilson + Scion of Halaster as commanders
[P0-pair] create OK (GameCreated): game=U3EXMI
[live] P1 joined game U3EXMI (player_id=1)
[live] P2 joined game U3EXMI (player_id=2)
[P0] mulligan: keep 7
[P1] mulligan: keep 7
[P2] mulligan: keep 7
[P1] GameStarted received
[live] pre export: Scion of Halaster oid=182 zone=Command unparsed_replacement_live=True
[control] creating CommanderDraft game with Wilson alone
[C0-solo] create OK (GameCreated): game=135P5P
[C0] mulligan: keep 7
[C1] mulligan: keep 7
[C2] mulligan: keep 7
[C1] GameStarted received
FINAL VERDICT: reproduced
wrote /home/hatch/workspace/dev/phase-backfill/evidence/7441/20261003-0841-7441/summary.png (1000x1240)
manifest.sha256 written (12 files)
summary.png opens OK (1000x1240)
validation OK: all JSON parse, hashes match, PNG readable
{
 "verdict": "reproduced",
 "assertions": {
  "A1_data_level": "passed",
  "A2_live_command_zone": "passed",
  "A3_control_ok": "passed"
 },
 "validation_problems": []
}
