[15:36:25] server identity hashes recomputed against on-disk pinned artifacts
[15:36:26] server identity pinned: v0.103.0 (ec27a8d) protocol 106, mode Full; fresh server on 127.0.0.1:9375 started by this run (runs/20261006-1518-647)
[15:36:28] game VIMSQE; P0 seat=0 P1 seat=1
[15:36:29] [OBS] vi waitingForKind -> 'mulligan'
[15:36:29] [P0] mulligan 7: ['mountain', 'mountain', 'swamp', 'mountain', 'mountain', 'swamp', 'asmoranomardicadaistinaculdacar']
[15:36:29] [P1] keep 7: ['island', 'island', 'island', 'island', 'island', 'island', 'island']
[15:36:29] DIAG turn=1 active=1 phase=Untap stage=NEG P0asmo_in_hand=True P0looting_in_hand=False P1hand=7 vikind='mulligan' real_decision=False
[15:36:29] [P0] mulligan 7: ['mountain', 'swamp', 'mountain', 'mountain', 'mountain', 'mountain', 'mountain']
[15:36:29] [P1] keep 7: ['island', 'island', 'island', 'island', 'island', 'island', 'island']
[15:36:29] [P0] keep 7: ['swamp', 'mountain', 'mountain', 'mountain', 'mountain', 'swamp', 'mountain']
[15:36:29] [P1] ActionRejected: {"rejection": {"code": "wrong_player", "disposition": "unauthorized", "message": "That action belongs to a different player.", "related_object_ids": []}}
[15:36:29] [P0] bottoming ['mountain', 'mountain'] via vi
[15:36:29] [OBS] vi waitingForKind -> 'choose'
[15:36:30] [P1] playing land island
[15:36:32] exported pre_neg.json
[15:36:32] PRE_NEG captured turn 2 (Asmo in hand, no discard this turn, no cast offered)
[15:36:32] [P0] playing land swamp
[15:36:34] [P1] playing land island
[15:36:37] [P0] playing land mountain
[15:36:40] [P1] playing land island
[15:36:42] [P0] playing land mountain
[15:36:44] [P1] playing land island
[15:36:47] [P0] playing land swamp
[15:36:49] [P1] playing land island
[15:36:51] [P0] playing land mountain
[15:36:53] [P1] playing land island
[15:36:56] [P0] playing land swamp
[15:36:58] [P1] playing land island
[15:37:00] [P0] playing land mountain
[15:37:03] [P1] playing land island
[15:37:05] [P0] playing land mountain
[15:37:07] [P1] playing land island
[15:37:10] [P0] playing land swamp
[15:37:12] [P1] playing land island
[15:37:15] [P0] playing land swamp
[15:37:18] [P1] playing land island
[15:37:20] [P0] playing land swamp
[15:37:23] [P1] playing land island
[15:37:25] [P0] casting Faithless Looting (turn 24; discard-turn #1)
[15:37:25] [P0] tap land for mana used_for=R
[15:37:25] [P0] submitting interaction iid=VIMSQE.0.355 choice=VIMSQE.0.355.c1 (Mountain)
[15:37:26] [OBS] vi waitingForKind -> 'select'
[15:37:26] [P0] looting discard (2): ['swamp', 'swamp']
[15:37:26] [P0] Looting resolved with discards ['swamp', 'swamp'] (turn 24; discard-turn #1)
[15:37:26] exported post_discard.json
[15:37:26] [P0] Asmo NOT offered right after discard; watching (turn 24)
[15:37:26] [P0] playing land mountain
[15:37:28] discard turn 24 ended without CastSpell(Asmo) offered (3 observations)
[15:37:28] [P0] seeking second Looting (turn 25)
[15:37:28] [P1] playing land island
[15:37:29] DIAG turn=25 active=1 phase=PreCombatMain stage=SEEK P0asmo_in_hand=True P0looting_in_hand=True P1hand=6 vikind='choose' real_decision=False
[15:37:31] [P0] casting Faithless Looting (turn 26; discard-turn #2)
[15:37:31] [P0] tap land for mana used_for=R
[15:37:31] [P0] submitting interaction iid=VIMSQE.0.390 choice=VIMSQE.0.390.c1 (Mountain)
[15:37:31] [P0] looting discard (2): ['swamp', 'swamp']
[15:37:31] [P0] Looting resolved with discards ['swamp', 'swamp'] (turn 26; discard-turn #2)
[15:37:32] exported post_discard.json
[15:37:32] [P0] Asmo NOT offered right after discard; watching (turn 26)
[15:37:32] [P0] playing land mountain
[15:37:33] discard turn 26 ended without CastSpell(Asmo) offered (3 observations)
[15:37:33] exported post.json
[15:37:34] rendered summary.png
[15:37:34] wrote server_excerpts.log (300 lines)
