[00:33:32] ServerHello: version=0.102.0 build=e17f6fd protocol=106 mode=Full
[00:33:32] data check: ardenn oracle verified: 'attach any number of Auras and Equipment'; ardenn pinned mana_cost datum: {'type': 'Cost', 'shards': ['White'], 'generic': 2} (real-world card is {2}{W}{R}; engine datum governs this run)
[00:33:32] [accept] game created code=HXQEQE
[00:33:33] [P1-accept] keeping opening hand
[00:33:33] [P0-accept] keeping opening hand
[00:33:33] [P1-accept] playing land mountain
[00:33:33] [P1-accept] tap land for mana used_for=any
[00:33:33] [P1-accept] submitting interaction iid=HXQEQE.0.7 choice=HXQEQE.0.7.c1 (Mountain)
[00:33:36] [P0-accept] playing land plains
[00:33:36] [P0-accept] casting colossus hammer (oid 4)
[00:33:38] [P1-accept] tap land for mana used_for=any
[00:33:38] [P1-accept] submitting interaction iid=HXQEQE.0.36 choice=HXQEQE.0.36.c1 (Mountain)
[00:33:39] [P1-accept] playing land mountain
[00:33:39] [P1-accept] tap land for mana used_for=any
[00:33:39] [P1-accept] submitting interaction iid=HXQEQE.0.42 choice=HXQEQE.0.42.c1 (Mountain)
[00:33:41] [P0-accept] tap land for mana used_for=generic
[00:33:41] [P0-accept] submitting interaction iid=HXQEQE.0.53 choice=HXQEQE.0.53.c1 (Plains)
[00:33:42] [P0-accept] playing land plains
[00:33:44] [P1-accept] tap land for mana used_for=any
[00:33:44] [P1-accept] submitting interaction iid=HXQEQE.0.69 choice=HXQEQE.0.69.c1 (Mountain)
[00:33:44] [P1-accept] tap land for mana used_for=any
[00:33:44] [P1-accept] submitting interaction iid=HXQEQE.0.70 choice=HXQEQE.0.70.c1 (Mountain)
[00:33:45] [P1-accept] playing land mountain
[00:33:45] [P1-accept] tap land for mana used_for=any
[00:33:45] [P1-accept] submitting interaction iid=HXQEQE.0.76 choice=HXQEQE.0.76.c1 (Mountain)
[00:33:47] [P0-accept] playing land plains
[00:33:47] [P0-accept] casting plate armor (oid 20)
[00:33:49] [P1-accept] tap land for mana used_for=any
[00:33:49] [P1-accept] submitting interaction iid=HXQEQE.0.105 choice=HXQEQE.0.105.c1 (Mountain)
[00:33:49] [P1-accept] tap land for mana used_for=any
[00:33:49] [P1-accept] submitting interaction iid=HXQEQE.0.106 choice=HXQEQE.0.106.c1 (Mountain)
[00:33:50] [P1-accept] tap land for mana used_for=any
[00:33:50] [P1-accept] submitting interaction iid=HXQEQE.0.107 choice=HXQEQE.0.107.c1 (Mountain)
[00:33:50] [P1-accept] playing land mountain
[00:33:50] [P1-accept] tap land for mana used_for=any
[00:33:50] [P1-accept] submitting interaction iid=HXQEQE.0.113 choice=HXQEQE.0.113.c1 (Mountain)
[00:33:53] [P0-accept] tap land for mana used_for=W
[00:33:53] [P0-accept] submitting interaction iid=HXQEQE.0.124 choice=HXQEQE.0.124.c1 (Plains)
[00:33:53] [P0-accept] tap land for mana used_for=generic
[00:33:53] [P0-accept] submitting interaction iid=HXQEQE.0.125 choice=HXQEQE.0.125.c1 (Plains)
[00:33:53] [P0-accept] tap land for mana used_for=generic
[00:33:53] [P0-accept] submitting interaction iid=HXQEQE.0.126 choice=HXQEQE.0.126.c1 (Plains)
[00:33:54] [P0-accept] playing land plains
[00:33:56] [P1-accept] tap land for mana used_for=any
[00:33:56] [P1-accept] submitting interaction iid=HXQEQE.0.142 choice=HXQEQE.0.142.c1 (Mountain)
[00:33:56] [P1-accept] tap land for mana used_for=any
[00:33:56] [P1-accept] submitting interaction iid=HXQEQE.0.143 choice=HXQEQE.0.143.c1 (Mountain)
[00:33:56] [P1-accept] tap land for mana used_for=any
[00:33:56] [P1-accept] submitting interaction iid=HXQEQE.0.144 choice=HXQEQE.0.144.c1 (Mountain)
[00:33:56] [P1-accept] tap land for mana used_for=any
[00:33:56] [P1-accept] submitting interaction iid=HXQEQE.0.145 choice=HXQEQE.0.145.c1 (Mountain)
[00:33:57] [P1-accept] playing land mountain
[00:33:57] [P1-accept] tap land for mana used_for=any
[00:33:57] [P1-accept] submitting interaction iid=HXQEQE.0.151 choice=HXQEQE.0.151.c1 (Mountain)
[00:33:59] [P0-accept] playing land plains
[00:34:00] [P0-accept] casting ardenn, intrepid archaeologist (oid 23)
[00:34:00] [P0-accept] tap land for mana used_for=W
[00:34:00] [P0-accept] submitting interaction iid=HXQEQE.0.168 choice=HXQEQE.0.168.c1 (Plains)
[00:34:00] [P0-accept] tap land for mana used_for=generic
[00:34:00] [P0-accept] submitting interaction iid=HXQEQE.0.169 choice=HXQEQE.0.169.c1 (Plains)
[00:34:01] [P0-accept] answering target selection: Ardenn
[00:34:01] [P0-accept] Ardenn trigger observed (may prompt)
[00:34:01] [P0-accept] answering Ardenn 'you may': ACCEPT (true)
[00:34:01] [P0-accept] submitting interaction iid=HXQEQE.0.177 choice=HXQEQE.0.177.c1 (true)
[00:34:01] [P0-accept] answering target selection: Ardenn
[00:34:03] [P1-accept] tap land for mana used_for=any
[00:34:03] [P1-accept] submitting interaction iid=HXQEQE.0.187 choice=HXQEQE.0.187.c1 (Mountain)
[00:34:03] [P1-accept] tap land for mana used_for=any
[00:34:03] [P1-accept] submitting interaction iid=HXQEQE.0.188 choice=HXQEQE.0.188.c1 (Mountain)
[00:34:03] [P1-accept] tap land for mana used_for=any
[00:34:03] [P1-accept] submitting interaction iid=HXQEQE.0.189 choice=HXQEQE.0.189.c1 (Mountain)
[00:34:03] [P1-accept] tap land for mana used_for=any
[00:34:03] [P1-accept] submitting interaction iid=HXQEQE.0.190 choice=HXQEQE.0.190.c1 (Mountain)
[00:34:03] [P1-accept] tap land for mana used_for=any
[00:34:03] [P1-accept] submitting interaction iid=HXQEQE.0.191 choice=HXQEQE.0.191.c1 (Mountain)
[00:34:04] [P1-accept] playing land mountain
[00:34:05] [P1-accept] tap land for mana used_for=any
[00:34:05] [P1-accept] submitting interaction iid=HXQEQE.0.197 choice=HXQEQE.0.197.c1 (Mountain)
[00:34:07] [P0-accept] tap land for mana used_for=generic
[00:34:07] [P0-accept] submitting interaction iid=HXQEQE.0.208 choice=HXQEQE.0.208.c1 (Plains)
[00:34:08] [P0-accept] playing land plains
[00:34:08] [P0-accept] casting holy strength (oid 36)
[00:34:08] [P0-accept] tap land for mana used_for=W
[00:34:08] [P0-accept] submitting interaction iid=HXQEQE.0.215 choice=HXQEQE.0.215.c1 (Plains)
[00:34:09] [P0-accept] pre.json captured (turn 12 PreCombatMain)
[00:34:09] [P0-accept] answering target selection: Ardenn
[00:34:10] [P0-accept] answering Ardenn 'you may': ACCEPT (true)
[00:34:10] [P0-accept] submitting interaction iid=HXQEQE.0.223 choice=HXQEQE.0.223.c1 (true)
[00:34:10] [P0-accept] answering target selection: Ardenn
[00:34:11] [P1-accept] tap land for mana used_for=any
[00:34:11] [P1-accept] submitting interaction iid=HXQEQE.0.234 choice=HXQEQE.0.234.c1 (Mountain)
[00:34:11] [P1-accept] tap land for mana used_for=any
[00:34:11] [P1-accept] submitting interaction iid=HXQEQE.0.235 choice=HXQEQE.0.235.c1 (Mountain)
[00:34:12] [P1-accept] tap land for mana used_for=any
[00:34:12] [P1-accept] submitting interaction iid=HXQEQE.0.236 choice=HXQEQE.0.236.c1 (Mountain)
[00:34:12] [P1-accept] tap land for mana used_for=any
[00:34:12] [P1-accept] submitting interaction iid=HXQEQE.0.237 choice=HXQEQE.0.237.c1 (Mountain)
[00:34:12] [P1-accept] tap land for mana used_for=any
[00:34:12] [P1-accept] submitting interaction iid=HXQEQE.0.238 choice=HXQEQE.0.238.c1 (Mountain)
[00:34:12] [P1-accept] tap land for mana used_for=any
[00:34:12] [P1-accept] submitting interaction iid=HXQEQE.0.239 choice=HXQEQE.0.239.c1 (Mountain)
[00:34:13] [P1-accept] playing land mountain
[00:34:13] [P1-accept] tap land for mana used_for=any
[00:34:13] [P1-accept] submitting interaction iid=HXQEQE.0.245 choice=HXQEQE.0.245.c1 (Mountain)
[00:34:15] [P0-accept] playing land plains
[00:34:16] [P0-accept] answering target selection: Ardenn
[00:34:16] [P0-accept] answering Ardenn 'you may': ACCEPT (true)
[00:34:16] [P0-accept] submitting interaction iid=HXQEQE.0.266 choice=HXQEQE.0.266.c1 (true)
[00:34:16] [P0-accept] answering target selection: Ardenn
[00:34:17] [P0-accept] no attachment prompt in 3 ACCEPT cycles; capturing post.json
[00:34:17] [accept] assertions: A1_setup_ok=passed; A2_trigger_fired=passed; A3_may_answered=passed; A4_attach_spec=failed; A5_outcome=failed; A6_cleanup=passed
[00:34:17] [decline] game created code=OPGU8F
[00:34:17] [P1-decline] keeping opening hand
[00:34:17] [P0-decline] keeping opening hand
[00:34:18] [P1-decline] playing land mountain
[00:34:18] [P1-decline] tap land for mana used_for=any
[00:34:18] [P1-decline] submitting interaction iid=OPGU8F.0.7 choice=OPGU8F.0.7.c1 (Mountain)
[00:34:20] [P0-decline] playing land plains
[00:34:20] [P0-decline] casting colossus hammer (oid 28)
[00:34:22] [P1-decline] tap land for mana used_for=any
[00:34:22] [P1-decline] submitting interaction iid=OPGU8F.0.36 choice=OPGU8F.0.36.c1 (Mountain)
[00:34:23] [P1-decline] playing land mountain
[00:34:24] [P1-decline] tap land for mana used_for=any
[00:34:24] [P1-decline] submitting interaction iid=OPGU8F.0.42 choice=OPGU8F.0.42.c1 (Mountain)
[00:34:26] [P0-decline] tap land for mana used_for=generic
[00:34:26] [P0-decline] submitting interaction iid=OPGU8F.0.53 choice=OPGU8F.0.53.c1 (Plains)
[00:34:27] [P0-decline] playing land plains
[00:34:29] [P1-decline] tap land for mana used_for=any
[00:34:29] [P1-decline] submitting interaction iid=OPGU8F.0.69 choice=OPGU8F.0.69.c1 (Mountain)
[00:34:29] [P1-decline] tap land for mana used_for=any
[00:34:29] [P1-decline] submitting interaction iid=OPGU8F.0.70 choice=OPGU8F.0.70.c1 (Mountain)
[00:34:30] [P1-decline] playing land mountain
[00:34:30] [P1-decline] tap land for mana used_for=any
[00:34:30] [P1-decline] submitting interaction iid=OPGU8F.0.76 choice=OPGU8F.0.76.c1 (Mountain)
[00:34:32] [P0-decline] playing land plains
[00:34:32] [P0-decline] casting ardenn, intrepid archaeologist (oid 18)
[00:34:33] [P0-decline] answering target selection: Ardenn
[00:34:33] [P0-decline] Ardenn trigger observed (may prompt)
[00:34:33] [P0-decline] answering Ardenn 'you may': DECLINE (false)
[00:34:33] [P0-decline] submitting interaction iid=OPGU8F.0.100 choice=OPGU8F.0.100.c0 (false)
[00:34:35] [P1-decline] tap land for mana used_for=any
[00:34:35] [P1-decline] submitting interaction iid=OPGU8F.0.109 choice=OPGU8F.0.109.c1 (Mountain)
[00:34:35] [P1-decline] tap land for mana used_for=any
[00:34:35] [P1-decline] submitting interaction iid=OPGU8F.0.110 choice=OPGU8F.0.110.c1 (Mountain)
[00:34:35] [P1-decline] tap land for mana used_for=any
[00:34:35] [P1-decline] submitting interaction iid=OPGU8F.0.111 choice=OPGU8F.0.111.c1 (Mountain)
[00:34:37] [P1-decline] playing land mountain
[00:34:37] [P1-decline] tap land for mana used_for=any
[00:34:37] [P1-decline] submitting interaction iid=OPGU8F.0.117 choice=OPGU8F.0.117.c1 (Mountain)
[00:34:39] [P0-decline] tap land for mana used_for=W
[00:34:39] [P0-decline] submitting interaction iid=OPGU8F.0.128 choice=OPGU8F.0.128.c1 (Plains)
[00:34:39] [P0-decline] tap land for mana used_for=generic
[00:34:39] [P0-decline] submitting interaction iid=OPGU8F.0.129 choice=OPGU8F.0.129.c1 (Plains)
[00:34:39] [P0-decline] tap land for mana used_for=generic
[00:34:39] [P0-decline] submitting interaction iid=OPGU8F.0.130 choice=OPGU8F.0.130.c1 (Plains)
[00:34:40] [P0-decline] playing land plains
[00:34:40] [P0-decline] casting holy strength (oid 55)
[00:34:41] [P0-decline] answering target selection: Ardenn
[00:34:41] [P0-decline] answering Ardenn 'you may': DECLINE (false)
[00:34:41] [P0-decline] submitting interaction iid=OPGU8F.0.144 choice=OPGU8F.0.144.c0 (false)
[00:34:42] [P0-decline] post.json captured; game complete
[00:34:42] [decline] assertions: A1_setup_ok=failed; A2_trigger_fired=passed; A3_may_answered=passed; A4_attach_spec=failed; A5_outcome=passed; A6_cleanup=passed
[00:34:42] rendered /home/hatch/workspace/dev/phase-backfill/evidence/6250/20261005-0011/summary.png (1100x780)
