ServerHello: {"type": "ServerHello", "data": {"server_version": "0.82.0", "build_commit": "060b5d2", "protocol_version": 70, "mode": "Full", "lobby_protocol_version": 8, "wire_formats": ["GzipEnvelopeV1"]}}
game VQL54V; seats P0=0 P1=1 P2=2 RUN_ID=20260914-7144-084417
[P0] waiting_for: MulliganDecision player=None stage=SETUP
[P0] keeps
[P1] keeps
[P2] keeps
[P0] waiting_for: Priority player=2 stage=SETUP
[P1] waiting_for: MulliganDecision player=None stage=SETUP
[P1] keeps
[P0] waiting_for: Priority player=2 stage=SETUP
[P1] ActionRejected: {"rejection": {"code": "wrong_player", "disposition": "unauthorized", "message": "That action belongs to a different player.", "related_object_ids": []}}
[P0] waiting_for: Priority player=0 stage=SETUP
[P1] waiting_for: Priority player=2 stage=SETUP
[P0] waiting_for: Priority player=0 stage=SETUP
[P1] waiting_for: Priority player=1 stage=SETUP
[P2] waiting_for: Priority player=0 stage=SETUP
[P0] waiting_for: Priority player=1 stage=SETUP
[P0] waiting_for: Priority player=2 stage=SETUP
[P1] waiting_for: Priority player=1 stage=SETUP
[P0] waiting_for: Priority player=2 stage=SETUP
[P0] waiting_for: Priority player=0 stage=SETUP
[P1] waiting_for: Priority player=2 stage=SETUP
[P0] waiting_for: Priority player=0 stage=SETUP
[P1] waiting_for: Priority player=1 stage=SETUP
[P2] waiting_for: Priority player=0 stage=SETUP
[P0] waiting_for: Priority player=1 stage=SETUP
[P0] waiting_for: Priority player=2 stage=SETUP
[P2] waiting_for: Priority player=1 stage=SETUP
[P0] waiting_for: Priority player=2 stage=SETUP
[P2] plays Plains
[P2] plays Plains
[P2] ActionRejected: {"rejection": {"code": "action_not_allowed", "disposition": "unavailable", "message": "That action is not allowed right now.", "related_object_ids": [145]}}
[P1] waiting_for: Priority player=0 stage=SETUP
[P2] waiting_for: Priority player=2 stage=SETUP
[P0] waiting_for: Priority player=0 stage=SETUP
[P0] waiting_for: Priority player=1 stage=SETUP
[P0] waiting_for: Priority player=2 stage=SETUP
[P0] waiting_for: Priority player=0 stage=SETUP
[P0] waiting_for: Priority player=1 stage=SETUP
[P0] waiting_for: Priority player=2 stage=SETUP
[P0] waiting_for: Priority player=0 stage=SETUP
[P1] waiting_for: Priority player=1 stage=SETUP
[P2] waiting_for: Priority player=0 stage=SETUP
[P0] waiting_for: Priority player=1 stage=SETUP
[P0] waiting_for: Priority player=2 stage=SETUP
[P0] waiting_for: Priority player=0 stage=SETUP
[P0] waiting_for: Priority player=1 stage=SETUP
[P0] waiting_for: Priority player=2 stage=SETUP
[P0] waiting_for: Priority player=0 stage=SETUP
[P1] waiting_for: Priority player=1 stage=SETUP
[P2] waiting_for: Priority player=0 stage=SETUP
[P1] waiting_for: Priority player=1 stage=SETUP
[P0] waiting_for: Priority player=0 stage=SETUP
[P0] waiting_for: Priority player=1 stage=SETUP
[P0] waiting_for: Priority player=2 stage=SETUP
[P1] waiting_for: Priority player=1 stage=SETUP
[P0] waiting_for: Priority player=2 stage=SETUP
[P0] waiting_for: Priority player=0 stage=SETUP
[P1] waiting_for: Priority player=2 stage=SETUP
[P2] waiting_for: Priority player=0 stage=SETUP
[P1] waiting_for: Priority player=1 stage=SETUP
[P2] waiting_for: Priority player=0 stage=SETUP
[P0] waiting_for: Priority player=1 stage=SETUP
[P0] waiting_for: Priority player=2 stage=SETUP
[P2] waiting_for: Priority player=1 stage=SETUP
[P0] waiting_for: Priority player=2 stage=SETUP
[P0] waiting_for: Priority player=0 stage=SETUP
[P0] plays Mountain
[P0] plays Mountain
[P0] ActionRejected: {"rejection": {"code": "action_not_allowed", "disposition": "unavailable", "message": "That action is not allowed right now.", "related_object_ids": [14]}}
[P1] waiting_for: Priority player=1 stage=SETUP
[P2] waiting_for: Priority player=0 stage=SETUP
[P0] waiting_for: Priority player=1 stage=SETUP
[P0] waiting_for: Priority player=2 stage=SETUP
[P0] waiting_for: Priority player=0 stage=SETUP
[P1] waiting_for: Priority player=1 stage=SETUP
[P2] waiting_for: Priority player=0 stage=SETUP
[P0] waiting_for: Priority player=1 stage=SETUP
[P0] waiting_for: Priority player=2 stage=SETUP
[P0] waiting_for: Priority player=0 stage=SETUP
[P1] waiting_for: Priority player=2 stage=SETUP
[P0] waiting_for: Priority player=0 stage=SETUP
[P0] waiting_for: Priority player=1 stage=SETUP
[P2] waiting_for: Priority player=0 stage=SETUP
[P0] waiting_for: Priority player=1 stage=SETUP
[P0] waiting_for: Priority player=2 stage=SETUP
[P0] waiting_for: Priority player=0 stage=SETUP
[P0] waiting_for: Priority player=1 stage=SETUP
[P0] waiting_for: Priority player=2 stage=SETUP
[P0] waiting_for: Priority player=0 stage=SETUP
[P0] waiting_for: Priority player=1 stage=SETUP
[P0] waiting_for: Priority player=2 stage=SETUP
[P2] waiting_for: Priority player=1 stage=SETUP
[P0] waiting_for: Priority player=2 stage=SETUP
[P0] waiting_for: Priority player=1 stage=SETUP
[P0] waiting_for: Priority player=2 stage=SETUP
[P1] waiting_for: Priority player=1 stage=SETUP
[P0] waiting_for: Priority player=2 stage=SETUP
[P0] waiting_for: Priority player=0 stage=SETUP
[P1] waiting_for: Priority player=1 stage=SETUP
[P2] waiting_for: Priority player=0 stage=SETUP
[P0] waiting_for: Priority player=1 stage=SETUP
[P0] waiting_for: Priority player=2 stage=SETUP
[P0] waiting_for: Priority player=0 stage=SETUP
[P0] waiting_for: Priority player=1 stage=SETUP
[P1] plays Plains
[P2] waiting_for: Priority player=0 stage=SETUP
[P0] waiting_for: Priority player=1 stage=SETUP
[P1] plays Plains
[P1] ActionRejected: {"rejection": {"code": "action_not_allowed", "disposition": "unavailable", "message": "That action is not allowed right now.", "related_object_ids": [70]}}
[P0] waiting_for: Priority player=2 stage=SETUP
[P0] waiting_for: Priority player=0 stage=SETUP
[P1] waiting_for: Priority player=2 stage=SETUP
[P2] waiting_for: Priority player=0 stage=SETUP
[P0] waiting_for: Priority player=1 stage=SETUP
[P0] waiting_for: Priority player=2 stage=SETUP
[P0] waiting_for: Priority player=0 stage=SETUP
[P1] waiting_for: Priority player=2 stage=SETUP
[P0] waiting_for: Priority player=0 stage=SETUP
[P0] waiting_for: Priority player=1 stage=SETUP
[P2] waiting_for: Priority player=0 stage=SETUP
[P0] waiting_for: Priority player=2 stage=SETUP
[P1] waiting_for: Priority player=1 stage=SETUP
[P0] waiting_for: Priority player=2 stage=SETUP
[P0] waiting_for: Priority player=0 stage=SETUP
[P0] waiting_for: Priority player=1 stage=SETUP
[P0] waiting_for: Priority player=2 stage=SETUP
[P1] waiting_for: Priority player=1 stage=SETUP
[P0] waiting_for: Priority player=2 stage=SETUP
[P0] waiting_for: Priority player=0 stage=SETUP
[P0] waiting_for: Priority player=1 stage=SETUP
[P0] waiting_for: Priority player=2 stage=SETUP
[P0] waiting_for: Priority player=0 stage=SETUP
[P1] waiting_for: Priority player=2 stage=SETUP
[P2] waiting_for: Priority player=0 stage=SETUP
[P0] waiting_for: Priority player=2 stage=SETUP
[P0] waiting_for: Priority player=0 stage=SETUP
[P0] waiting_for: Priority player=1 stage=SETUP
[P2] waiting_for: Priority player=0 stage=SETUP
[P0] waiting_for: Priority player=1 stage=SETUP
[P0] waiting_for: Priority player=2 stage=SETUP
[P2] waiting_for: Priority player=1 stage=SETUP
[P0] waiting_for: Priority player=2 stage=SETUP
[P0] waiting_for: Priority player=0 stage=SETUP
[P0] waiting_for: Priority player=1 stage=SETUP
[P0] waiting_for: Priority player=2 stage=SETUP
[P1] waiting_for: Priority player=1 stage=SETUP
[P0] waiting_for: Priority player=2 stage=SETUP
[P2] plays Plains
[P2] plays Plains
[P2] ActionRejected: {"rejection": {"code": "action_not_allowed", "disposition": "unavailable", "message": "That action is not allowed right now.", "related_object_ids": [129]}}
[P0] waiting_for: Priority player=0 stage=SETUP
[P0] waiting_for: Priority player=1 stage=SETUP
[P2] waiting_for: Priority player=0 stage=SETUP
[P0] waiting_for: Priority player=1 stage=SETUP
[P0] waiting_for: Priority player=2 stage=SETUP
[P0] waiting_for: Priority player=0 stage=SETUP
[P0] waiting_for: Priority player=1 stage=SETUP
[P0] waiting_for: Priority player=2 stage=SETUP
[P0] waiting_for: Priority player=0 stage=SETUP
[P1] waiting_for: Priority player=2 stage=SETUP
[P0] waiting_for: Priority player=0 stage=SETUP
[P1] waiting_for: Priority player=1 stage=SETUP
[P2] waiting_for: Priority player=0 stage=SETUP
[P0] waiting_for: Priority player=1 stage=SETUP
[P0] waiting_for: Priority player=2 stage=SETUP
[P2] waiting_for: Priority player=1 stage=SETUP
[P0] waiting_for: Priority player=2 stage=SETUP
[P0] waiting_for: Priority player=0 stage=SETUP
[P1] waiting_for: Priority player=2 stage=SETUP
[P0] waiting_for: Priority player=0 stage=SETUP
[P0] waiting_for: Priority player=1 stage=SETUP
[P0] waiting_for: Priority player=2 stage=SETUP
[P0] waiting_for: Priority player=0 stage=SETUP
[P1] waiting_for: Priority player=2 stage=SETUP
[P0] waiting_for: Priority player=0 stage=SETUP
[P1] waiting_for: Priority player=2 stage=SETUP
[P2] waiting_for: Priority player=0 stage=SETUP
[P0] waiting_for: Priority player=1 stage=SETUP
[P0] waiting_for: Priority player=0 stage=SETUP
[P1] waiting_for: Priority player=1 stage=SETUP
[P2] waiting_for: Priority player=0 stage=SETUP
[P0] waiting_for: Priority player=1 stage=SETUP
[P0] waiting_for: Priority player=2 stage=SETUP
[P1] waiting_for: Priority player=1 stage=SETUP
[P0] waiting_for: Priority player=2 stage=SETUP
[P0] waiting_for: Priority player=0 stage=SETUP
[P0] waiting_for: Priority player=1 stage=SETUP
[P0] waiting_for: Priority player=2 stage=SETUP
[P0] waiting_for: Priority player=0 stage=SETUP
[P0] plays Mountain
[P0] plays Mountain
[P0] plays Mountain
[P0] plays Mountain
[P0] ActionRejected: {"rejection": {"code": "action_not_allowed", "disposition": "unavailable", "message": "That action is not allowed right now.", "related_object_ids": [29]}}
[P0] ActionRejected: {"rejection": {"code": "action_not_allowed", "disposition": "unavailable", "message": "That action is not allowed right now.", "related_object_ids": [29]}}
[P0] ActionRejected: {"rejection": {"code": "action_not_allowed", "disposition": "unavailable", "message": "That action is not allowed right now.", "related_object_ids": [29]}}
[P0] waiting_for: Priority player=1 stage=SETUP
[P0] waiting_for: Priority player=2 stage=SETUP
[P0] waiting_for: Priority player=0 stage=SETUP
[P1] waiting_for: Priority player=2 stage=SETUP
[P2] waiting_for: Priority player=0 stage=SETUP
[P0] waiting_for: Priority player=1 stage=SETUP
[P2] waiting_for: Priority player=0 stage=SETUP
[P0] waiting_for: Priority player=1 stage=SETUP
[P0] waiting_for: Priority player=2 stage=SETUP
[P0] waiting_for: Priority player=0 stage=SETUP
[P0] waiting_for: Priority player=1 stage=SETUP
[P2] waiting_for: Priority player=0 stage=SETUP
[P0] waiting_for: Priority player=1 stage=SETUP
[P0] waiting_for: Priority player=2 stage=SETUP
[P2] waiting_for: Priority player=1 stage=SETUP
[P0] waiting_for: Priority player=2 stage=SETUP
[P0] waiting_for: Priority player=0 stage=SETUP
[P0] waiting_for: Priority player=1 stage=SETUP
[P0] waiting_for: Priority player=2 stage=SETUP
[P0] waiting_for: Priority player=0 stage=SETUP
[P1] waiting_for: Priority player=1 stage=SETUP
[P2] waiting_for: Priority player=0 stage=SETUP
[P0] waiting_for: Priority player=1 stage=SETUP
[P0] waiting_for: Priority player=2 stage=SETUP
[P0] waiting_for: Priority player=1 stage=SETUP
[P1] waiting_for: Priority player=2 stage=SETUP
[P0] waiting_for: Priority player=1 stage=SETUP
[P0] waiting_for: Priority player=2 stage=SETUP
[P0] waiting_for: Priority player=0 stage=SETUP
[P0] waiting_for: Priority player=1 stage=SETUP
[P0] waiting_for: Priority player=2 stage=SETUP
[P0] waiting_for: Priority player=0 stage=SETUP
[P1] waiting_for: Priority player=2 stage=SETUP
[P2] waiting_for: Priority player=0 stage=SETUP
[P0] waiting_for: Priority player=1 stage=SETUP
[P1] plays Plains
[P1] plays Plains
[P1] ActionRejected: {"rejection": {"code": "action_not_allowed", "disposition": "unavailable", "message": "That action is not allowed right now.", "related_object_ids": [72]}}
[P0] waiting_for: Priority player=2 stage=SETUP
[P0] waiting_for: Priority player=0 stage=SETUP
[P0] waiting_for: Priority player=1 stage=SETUP
[P0] waiting_for: Priority player=2 stage=SETUP
[P0] waiting_for: Priority player=0 stage=SETUP
[P0] waiting_for: Priority player=1 stage=SETUP
[P2] waiting_for: Priority player=0 stage=SETUP
[P0] waiting_for: Priority player=1 stage=SETUP
[P2] waiting_for: Priority player=0 stage=SETUP
[P0] waiting_for: Priority player=2 stage=SETUP
[P1] waiting_for: Priority player=1 stage=SETUP
[P0] waiting_for: Priority player=2 stage=SETUP
[P0] waiting_for: Priority player=0 stage=SETUP
[P0] waiting_for: Priority player=1 stage=SETUP
[P0] waiting_for: Priority player=2 stage=SETUP
[P0] waiting_for: Priority player=0 stage=SETUP
[P0] waiting_for: Priority player=1 stage=SETUP
[P0] waiting_for: Priority player=2 stage=SETUP
[P2] waiting_for: Priority player=1 stage=SETUP
[P0] waiting_for: Priority player=2 stage=SETUP
[P0] waiting_for: Priority player=0 stage=SETUP
[P0] waiting_for: Priority player=2 stage=SETUP
[P0] waiting_for: Priority player=0 stage=SETUP
[P0] waiting_for: Priority player=1 stage=SETUP
[P2] waiting_for: Priority player=0 stage=SETUP
[P0] waiting_for: Priority player=1 stage=SETUP
[P0] waiting_for: Priority player=2 stage=SETUP
[P2] waiting_for: Priority player=1 stage=SETUP
[P0] waiting_for: Priority player=2 stage=SETUP
[P0] waiting_for: Priority player=0 stage=SETUP
[P0] waiting_for: Priority player=1 stage=SETUP
[P0] waiting_for: Priority player=2 stage=SETUP
[P2] waiting_for: Priority player=1 stage=SETUP
[P0] waiting_for: Priority player=2 stage=SETUP
[P2] plays Plains
[P2] plays Plains
[P2] ActionRejected: {"rejection": {"code": "action_not_allowed", "disposition": "unavailable", "message": "That action is not allowed right now.", "related_object_ids": [147]}}
[P0] waiting_for: Priority player=0 stage=SETUP
[P1] waiting_for: Priority player=2 stage=SETUP
[P2] waiting_for: Priority player=0 stage=SETUP
[P1] waiting_for: Priority player=1 stage=SETUP
[P2] waiting_for: Priority player=0 stage=SETUP
[P0] waiting_for: Priority player=1 stage=SETUP
[P0] waiting_for: Priority player=2 stage=SETUP
[P0] waiting_for: Priority player=0 stage=SETUP
[P0] waiting_for: Priority player=1 stage=SETUP
[P0] waiting_for: Priority player=2 stage=SETUP
[P0] waiting_for: Priority player=0 stage=SETUP
[P0] waiting_for: Priority player=1 stage=SETUP
[P2] waiting_for: Priority player=0 stage=SETUP
[P0] waiting_for: Priority player=1 stage=SETUP
[P0] waiting_for: Priority player=2 stage=SETUP
[P0] waiting_for: Priority player=0 stage=SETUP
[P1] waiting_for: Priority player=2 stage=SETUP
[P2] waiting_for: Priority player=0 stage=SETUP
[P0] waiting_for: Priority player=1 stage=SETUP
[P0] waiting_for: Priority player=2 stage=SETUP
[P0] waiting_for: Priority player=0 stage=SETUP
[P0] waiting_for: Priority player=1 stage=SETUP
[P0] waiting_for: Priority player=0 stage=SETUP
[P0] waiting_for: Priority player=1 stage=SETUP
[P0] waiting_for: Priority player=2 stage=SETUP
[P0] waiting_for: Priority player=0 stage=SETUP
[P0] waiting_for: Priority player=1 stage=SETUP
[P2] waiting_for: Priority player=0 stage=SETUP
[P0] waiting_for: Priority player=1 stage=SETUP
[P0] waiting_for: Priority player=2 stage=SETUP
[P2] waiting_for: Priority player=1 stage=SETUP
[P0] waiting_for: Priority player=2 stage=SETUP
[P0] waiting_for: Priority player=0 stage=SETUP
[P0] plays Mountain
[P0] plays Mountain
[P0] plays Mountain
[P0] plays Mountain
[P0] ActionRejected: {"rejection": {"code": "action_not_allowed", "disposition": "unavailable", "message": "That action is not allowed right now.", "related_object_ids": [30]}}
[P0] ActionRejected: {"rejection": {"code": "action_not_allowed", "disposition": "unavailable", "message": "That action is not allowed right now.", "related_object_ids": [30]}}
[P0] ActionRejected: {"rejection": {"code": "action_not_allowed", "disposition": "unavailable", "message": "That action is not allowed right now.", "related_object_ids": [30]}}
[P1] waiting_for: Priority player=1 stage=SETUP
[P2] waiting_for: Priority player=0 stage=SETUP
[P0] waiting_for: Priority player=1 stage=SETUP
[P0] waiting_for: Priority player=2 stage=SETUP
[P2] waiting_for: Priority player=1 stage=SETUP
[P0] waiting_for: Priority player=2 stage=SETUP
[P0] waiting_for: Priority player=0 stage=SETUP
[P0] waiting_for: Priority player=1 stage=SETUP
[P0] waiting_for: Priority player=2 stage=SETUP
[P0] waiting_for: Priority player=0 stage=SETUP
[P0] waiting_for: Priority player=1 stage=SETUP
[P0] waiting_for: Priority player=2 stage=SETUP
[P2] waiting_for: Priority player=1 stage=SETUP
[P0] waiting_for: Priority player=2 stage=SETUP
[P0] waiting_for: Priority player=0 stage=SETUP
[P0] waiting_for: Priority player=1 stage=SETUP
[P0] waiting_for: Priority player=2 stage=SETUP
[P0] waiting_for: Priority player=0 stage=SETUP
[P0] waiting_for: Priority player=1 stage=SETUP
[P2] waiting_for: Priority player=0 stage=SETUP
[P0] waiting_for: Priority player=1 stage=SETUP
[P0] waiting_for: Priority player=2 stage=SETUP
[P2] waiting_for: Priority player=1 stage=SETUP
[P0] waiting_for: Priority player=2 stage=SETUP
[P0] waiting_for: Priority player=1 stage=SETUP
[P0] waiting_for: Priority player=2 stage=SETUP
[P0] waiting_for: Priority player=0 stage=SETUP
[P0] waiting_for: Priority player=1 stage=SETUP
[P0] waiting_for: Priority player=2 stage=SETUP
[P0] waiting_for: Priority player=0 stage=SETUP
[P1] waiting_for: Priority player=2 stage=SETUP
[P2] waiting_for: Priority player=0 stage=SETUP
[P0] waiting_for: Priority player=1 stage=SETUP
[P1] plays Plains
[P2] waiting_for: Priority player=0 stage=SETUP
[P0] waiting_for: Priority player=1 stage=SETUP
[P1] plays Plains
[P1] ActionRejected: {"rejection": {"code": "action_not_allowed", "disposition": "unavailable", "message": "That action is not allowed right now.", "related_object_ids": [75]}}
[P0] waiting_for: Priority player=2 stage=SETUP
[P0] waiting_for: Priority player=0 stage=SETUP
[P1] waiting_for: Priority player=2 stage=SETUP
[P0] waiting_for: Priority player=0 stage=SETUP
[P1] waiting_for: Priority player=1 stage=SETUP
[P2] waiting_for: Priority player=0 stage=SETUP
[P0] waiting_for: Priority player=1 stage=SETUP
[P0] waiting_for: Priority player=2 stage=SETUP
[P1] waiting_for: Priority player=1 stage=SETUP
[P0] waiting_for: Priority player=2 stage=SETUP
[P0] waiting_for: Priority player=0 stage=SETUP
[P1] waiting_for: Priority player=2 stage=SETUP
[P2] waiting_for: Priority player=0 stage=SETUP
[P0] waiting_for: Priority player=1 stage=SETUP
[P0] waiting_for: Priority player=2 stage=SETUP
[P2] waiting_for: Priority player=1 stage=SETUP
[P0] waiting_for: Priority player=2 stage=SETUP
[P0] waiting_for: Priority player=0 stage=SETUP
[P1] waiting_for: Priority player=2 stage=SETUP
[P0] waiting_for: Priority player=0 stage=SETUP
[P1] waiting_for: Priority player=2 stage=SETUP
[P2] waiting_for: Priority player=0 stage=SETUP
[P0] waiting_for: Priority player=1 stage=SETUP
[P0] waiting_for: Priority player=2 stage=SETUP
[P2] waiting_for: Priority player=1 stage=SETUP
[P0] waiting_for: Priority player=2 stage=SETUP
[P0] waiting_for: Priority player=0 stage=SETUP
[P0] waiting_for: Priority player=1 stage=SETUP
[P0] waiting_for: Priority player=2 stage=SETUP
[P1] waiting_for: Priority player=1 stage=SETUP
[P0] waiting_for: Priority player=2 stage=SETUP
[P0] waiting_for: Priority player=0 stage=SETUP
[P0] waiting_for: Priority player=2 stage=SETUP
[P0] waiting_for: Priority player=0 stage=SETUP
[P1] waiting_for: Priority player=2 stage=SETUP
[P2] waiting_for: Priority player=0 stage=SETUP
[P1] waiting_for: Priority player=1 stage=SETUP
[P2] waiting_for: Priority player=0 stage=SETUP
[P0] waiting_for: Priority player=1 stage=SETUP
[P0] waiting_for: Priority player=2 stage=SETUP
[P0] waiting_for: Priority player=0 stage=SETUP
[P1] waiting_for: Priority player=2 stage=SETUP
[P2] waiting_for: Priority player=0 stage=SETUP
[P0] waiting_for: Priority player=1 stage=SETUP
[P0] waiting_for: Priority player=2 stage=SETUP
[P1] waiting_for: Priority player=1 stage=SETUP
[P0] waiting_for: Priority player=2 stage=SETUP
[P2] plays Plains
[P2] plays Plains
[P2] ActionRejected: {"rejection": {"code": "action_not_allowed", "disposition": "unavailable", "message": "That action is not allowed right now.", "related_object_ids": [152]}}
[P0] waiting_for: Priority player=0 stage=SETUP
[P1] waiting_for: Priority player=2 stage=SETUP
[P2] waiting_for: Priority player=0 stage=SETUP
[P0] waiting_for: Priority player=1 stage=SETUP
[P2] waiting_for: Priority player=0 stage=SETUP
[P0] waiting_for: Priority player=1 stage=SETUP
[P0] waiting_for: Priority player=2 stage=SETUP
[P1] waiting_for: Priority player=1 stage=SETUP
[P0] waiting_for: Priority player=2 stage=SETUP
[P0] waiting_for: Priority player=0 stage=SETUP
[P0] waiting_for: Priority player=1 stage=SETUP
[P2] waiting_for: Priority player=0 stage=SETUP
[P0] waiting_for: Priority player=1 stage=SETUP
[P0] waiting_for: Priority player=2 stage=SETUP
[P1] waiting_for: Priority player=1 stage=SETUP
[P0] waiting_for: Priority player=2 stage=SETUP
[P0] waiting_for: Priority player=0 stage=SETUP
[P0] waiting_for: Priority player=1 stage=SETUP
[P0] waiting_for: Priority player=2 stage=SETUP
[P0] waiting_for: Priority player=0 stage=SETUP
[P0] waiting_for: Priority player=1 stage=SETUP
[P0] waiting_for: Priority player=2 stage=SETUP
[P0] waiting_for: Priority player=0 stage=SETUP
[P0] waiting_for: Priority player=1 stage=SETUP
[P0] waiting_for: Priority player=0 stage=SETUP
[P0] waiting_for: Priority player=1 stage=SETUP
[P0] waiting_for: Priority player=2 stage=SETUP
[P0] waiting_for: Priority player=0 stage=SETUP
[P1] waiting_for: Priority player=2 stage=SETUP
[P0] waiting_for: Priority player=0 stage=SETUP
[P0] waiting_for: Priority player=1 stage=SETUP
[P0] waiting_for: Priority player=2 stage=SETUP
[P0] waiting_for: Priority player=0 stage=SETUP
[P0] plays Mountain
[P0] plays Mountain
[P0] plays Mountain
[P0] plays Mountain
[P0] plays Mountain
[P0] ActionRejected: {"rejection": {"code": "action_not_allowed", "disposition": "unavailable", "message": "That action is not allowed right now.", "related_object_ids": [2]}}
[P0] ActionRejected: {"rejection": {"code": "action_not_allowed", "disposition": "unavailable", "message": "That action is not allowed right now.", "related_object_ids": [2]}}
[P0] ActionRejected: {"rejection": {"code": "action_not_allowed", "disposition": "unavailable", "message": "That action is not allowed right now.", "related_object_ids": [2]}}
[P0] ActionRejected: {"rejection": {"code": "action_not_allowed", "disposition": "unavailable", "message": "That action is not allowed right now.", "related_object_ids": [2]}}
[P0] waiting_for: Priority player=1 stage=SETUP
[P0] waiting_for: Priority player=2 stage=SETUP
[P2] waiting_for: Priority player=1 stage=SETUP
[P0] waiting_for: Priority player=2 stage=SETUP
[P0] waiting_for: Priority player=0 stage=SETUP
[P0] waiting_for: Priority player=1 stage=SETUP
[P0] waiting_for: Priority player=2 stage=SETUP
[P2] waiting_for: Priority player=1 stage=SETUP
[P0] waiting_for: Priority player=2 stage=SETUP
[P0] waiting_for: Priority player=0 stage=SETUP
[P0] waiting_for: Priority player=1 stage=SETUP
[P0] waiting_for: Priority player=2 stage=SETUP
[P0] waiting_for: Priority player=0 stage=SETUP
[P0] waiting_for: Priority player=1 stage=SETUP
[P0] waiting_for: Priority player=2 stage=SETUP
[P0] waiting_for: Priority player=0 stage=SETUP
[P0] waiting_for: Priority player=1 stage=SETUP
[P0] waiting_for: Priority player=2 stage=SETUP
[P2] waiting_for: Priority player=1 stage=SETUP
[P0] waiting_for: Priority player=2 stage=SETUP
[P0] waiting_for: Priority player=1 stage=SETUP
[P0] waiting_for: Priority player=2 stage=SETUP
[P0] waiting_for: Priority player=0 stage=SETUP
[P1] waiting_for: Priority player=2 stage=SETUP
[P2] waiting_for: Priority player=0 stage=SETUP
[P0] waiting_for: Priority player=1 stage=SETUP
[P0] waiting_for: Priority player=2 stage=SETUP
[P0] waiting_for: Priority player=0 stage=SETUP
[P1] waiting_for: Priority player=2 stage=SETUP
[P0] waiting_for: Priority player=0 stage=SETUP
[P0] waiting_for: Priority player=1 stage=SETUP
[P1] plays Plains
[P1] plays Plains
[P1] ActionRejected: {"rejection": {"code": "action_not_allowed", "disposition": "unavailable", "message": "That action is not allowed right now.", "related_object_ids": [79]}}
[P0] waiting_for: Priority player=2 stage=SETUP
[P0] waiting_for: Priority player=0 stage=SETUP
[P1] waiting_for: Priority player=2 stage=SETUP
[P2] waiting_for: Priority player=0 stage=SETUP
[P1] waiting_for: Priority player=1 stage=SETUP
[P2] waiting_for: Priority player=0 stage=SETUP
[P0] waiting_for: Priority player=1 stage=SETUP
[P0] waiting_for: Priority player=2 stage=SETUP
[P1] waiting_for: Priority player=1 stage=SETUP
[P0] waiting_for: Priority player=2 stage=SETUP
[P0] waiting_for: Priority player=0 stage=SETUP
[P1] waiting_for: Priority player=1 stage=SETUP
[P2] waiting_for: Priority player=0 stage=SETUP
[P0] waiting_for: Priority player=1 stage=SETUP
[P0] waiting_for: Priority player=2 stage=SETUP
[P2] waiting_for: Priority player=1 stage=SETUP
[P0] waiting_for: Priority player=2 stage=SETUP
[P0] waiting_for: Priority player=0 stage=SETUP
[P0] waiting_for: Priority player=1 stage=SETUP
[P0] waiting_for: Priority player=2 stage=SETUP
[P0] waiting_for: Priority player=0 stage=SETUP
[P1] waiting_for: Priority player=2 stage=SETUP
[P0] waiting_for: Priority player=0 stage=SETUP
[P0] waiting_for: Priority player=1 stage=SETUP
[P2] waiting_for: Priority player=0 stage=SETUP
[P0] waiting_for: Priority player=1 stage=SETUP
[P0] waiting_for: Priority player=2 stage=SETUP
[P2] waiting_for: Priority player=1 stage=SETUP
[P0] waiting_for: Priority player=2 stage=SETUP
[P0] waiting_for: Priority player=0 stage=SETUP
[P1] waiting_for: Priority player=2 stage=SETUP
[P0] waiting_for: Priority player=0 stage=SETUP
[P0] waiting_for: Priority player=2 stage=SETUP
[P2] waiting_for: Priority player=0 stage=SETUP
[P0] waiting_for: Priority player=2 stage=SETUP
[P0] waiting_for: Priority player=0 stage=SETUP
[P1] waiting_for: Priority player=1 stage=SETUP
[P2] waiting_for: Priority player=0 stage=SETUP
[P0] waiting_for: Priority player=1 stage=SETUP
[P0] waiting_for: Priority player=2 stage=SETUP
[P0] waiting_for: Priority player=0 stage=SETUP
[P0] waiting_for: Priority player=1 stage=SETUP
[P2] waiting_for: Priority player=0 stage=SETUP
[P0] waiting_for: Priority player=1 stage=SETUP
[P0] waiting_for: Priority player=2 stage=SETUP
[P2] plays Plains
[P2] plays Plains
[P2] ActionRejected: {"rejection": {"code": "action_not_allowed", "disposition": "unavailable", "message": "That action is not allowed right now.", "related_object_ids": [138]}}
[P1] waiting_for: Priority player=0 stage=SETUP
[P0] waiting_for: Priority player=1 stage=SETUP
[P0] waiting_for: Priority player=2 stage=SETUP
[P0] waiting_for: Priority player=0 stage=SETUP
[P1] waiting_for: Priority player=2 stage=SETUP
[P2] waiting_for: Priority player=0 stage=SETUP
[P1] waiting_for: Priority player=1 stage=SETUP
[P2] waiting_for: Priority player=0 stage=SETUP
[P0] waiting_for: Priority player=1 stage=SETUP
[P0] waiting_for: Priority player=2 stage=SETUP
[P0] waiting_for: Priority player=0 stage=SETUP
[P0] waiting_for: Priority player=1 stage=SETUP
[P0] waiting_for: Priority player=2 stage=SETUP
[P2] waiting_for: Priority player=1 stage=SETUP
[P0] waiting_for: Priority player=2 stage=SETUP
[P0] waiting_for: Priority player=0 stage=SETUP
[P0] waiting_for: Priority player=1 stage=SETUP
[P0] waiting_for: Priority player=2 stage=SETUP
[P0] waiting_for: Priority player=0 stage=SETUP
[P1] waiting_for: Priority player=1 stage=SETUP
[P2] waiting_for: Priority player=0 stage=SETUP
[P0] waiting_for: Priority player=1 stage=SETUP
[P0] waiting_for: Priority player=0 stage=SETUP
[P2] waiting_for: Priority player=1 stage=SETUP
[P0] waiting_for: Priority player=0 stage=SETUP
[P1] waiting_for: Priority player=1 stage=SETUP
[P2] waiting_for: Priority player=0 stage=SETUP
[P0] waiting_for: Priority player=1 stage=SETUP
[P0] waiting_for: Priority player=2 stage=SETUP
[P0] waiting_for: Priority player=0 stage=SETUP
[P0] waiting_for: Priority player=1 stage=SETUP
[P0] waiting_for: Priority player=2 stage=SETUP
[P2] waiting_for: Priority player=1 stage=SETUP
[P0] waiting_for: Priority player=2 stage=SETUP
[P0] waiting_for: Priority player=0 stage=SETUP
[P0] plays Mountain
[P0] plays Mountain
[P0] plays Mountain
[P0] ActionRejected: {"rejection": {"code": "action_not_allowed", "disposition": "unavailable", "message": "That action is not allowed right now.", "related_object_ids": [33]}}
[P0] casts Port Razer
[P0] ActionRejected: {"rejection": {"code": "action_not_allowed", "disposition": "unavailable", "message": "That action is not allowed right now.", "related_object_ids": [33]}}
[P0] ActionRejected: {"rejection": {"code": "wrong_player", "disposition": "unauthorized", "message": "That action belongs to a different player.", "related_object_ids": []}}
[P0] waiting_for: Priority player=1 stage=SETUP
[P1] waiting_for: Priority player=0 stage=SETUP
[P2] waiting_for: Priority player=1 stage=SETUP
[P0] waiting_for: Priority player=2 stage=SETUP
[P0] waiting_for: Priority player=0 stage=SETUP
[P0] razer confirmed on battlefield (turn 14); observing combats
[P1] waiting_for: Priority player=2 stage=OBSERVE
[P2] waiting_for: Priority player=0 stage=OBSERVE
[P1] waiting_for: Priority player=1 stage=OBSERVE
[P2] waiting_for: Priority player=0 stage=OBSERVE
[P0] waiting_for: Priority player=1 stage=OBSERVE
[P0] waiting_for: Priority player=2 stage=OBSERVE
[P2] waiting_for: Priority player=1 stage=OBSERVE
[P0] waiting_for: Priority player=2 stage=OBSERVE
[P0] waiting_for: Priority player=0 stage=OBSERVE
[P0] combat #1 begins (turn 14); razer on BF; declare prompt seen so far: False
[P0] waiting_for: Priority player=1 stage=OBSERVE
[P0] waiting_for: Priority player=2 stage=OBSERVE
[P2] waiting_for: Priority player=1 stage=OBSERVE
[P0] waiting_for: Priority player=2 stage=OBSERVE
[P0] waiting_for: Priority player=0 stage=OBSERVE
[P0] waiting_for: Priority player=1 stage=OBSERVE
[P2] waiting_for: Priority player=0 stage=OBSERVE
[P0] waiting_for: Priority player=1 stage=OBSERVE
[P0] waiting_for: Priority player=2 stage=OBSERVE
[P1] waiting_for: Priority player=1 stage=OBSERVE
[P0] waiting_for: Priority player=2 stage=OBSERVE
[P0] waiting_for: Priority player=0 stage=OBSERVE
[P0] waiting_for: Priority player=1 stage=OBSERVE
[P2] waiting_for: Priority player=0 stage=OBSERVE
[P0] waiting_for: Priority player=1 stage=OBSERVE
[P0] waiting_for: Priority player=2 stage=OBSERVE
[P2] waiting_for: Priority player=1 stage=OBSERVE
[P0] waiting_for: Priority player=2 stage=OBSERVE
[P0] waiting_for: Priority player=0 stage=OBSERVE
[P0] waiting_for: Priority player=1 stage=OBSERVE
[P0] waiting_for: Priority player=2 stage=OBSERVE
[P1] waiting_for: Priority player=1 stage=OBSERVE
[P0] waiting_for: Priority player=2 stage=OBSERVE
[P0] waiting_for: Priority player=1 stage=OBSERVE
[P0] waiting_for: Priority player=2 stage=OBSERVE
[P0] waiting_for: Priority player=0 stage=OBSERVE
[P1] waiting_for: Priority player=1 stage=OBSERVE
[P2] waiting_for: Priority player=0 stage=OBSERVE
[P0] waiting_for: Priority player=1 stage=OBSERVE
[P0] waiting_for: Priority player=2 stage=OBSERVE
[P2] waiting_for: Priority player=1 stage=OBSERVE
[P0] waiting_for: Priority player=2 stage=OBSERVE
[P0] waiting_for: Priority player=0 stage=OBSERVE
[P0] waiting_for: Priority player=1 stage=OBSERVE
[P1] plays Plains
[P1] plays Plains
[P1] plays Plains
[P1] plays Plains
[P1] ActionRejected: {"rejection": {"code": "action_not_allowed", "disposition": "unavailable", "message": "That action is not allowed right now.", "related_object_ids": [84]}}
[P1] ActionRejected: {"rejection": {"code": "action_not_allowed", "disposition": "unavailable", "message": "That action is not allowed right now.", "related_object_ids": [84]}}
[P1] ActionRejected: {"rejection": {"code": "action_not_allowed", "disposition": "unavailable", "message": "That action is not allowed right now.", "related_object_ids": [84]}}
[P0] waiting_for: Priority player=2 stage=OBSERVE
[P0] waiting_for: Priority player=0 stage=OBSERVE
[P1] waiting_for: Priority player=1 stage=OBSERVE
[P2] waiting_for: Priority player=0 stage=OBSERVE
[P0] waiting_for: Priority player=1 stage=OBSERVE
[P0] waiting_for: Priority player=2 stage=OBSERVE
[P0] waiting_for: Priority player=0 stage=OBSERVE
[P0] waiting_for: Priority player=1 stage=OBSERVE
[P0] waiting_for: Priority player=2 stage=OBSERVE
[P1] waiting_for: Priority player=1 stage=OBSERVE
[P0] waiting_for: Priority player=2 stage=OBSERVE
[P0] waiting_for: Priority player=0 stage=OBSERVE
[P1] waiting_for: Priority player=2 stage=OBSERVE
[P0] waiting_for: Priority player=0 stage=OBSERVE
[P0] waiting_for: Priority player=1 stage=OBSERVE
[P0] waiting_for: Priority player=2 stage=OBSERVE
[P0] waiting_for: Priority player=0 stage=OBSERVE
[P1] waiting_for: Priority player=2 stage=OBSERVE
[P0] waiting_for: Priority player=0 stage=OBSERVE
[P0] waiting_for: Priority player=1 stage=OBSERVE
[P0] waiting_for: Priority player=2 stage=OBSERVE
[P0] waiting_for: Priority player=0 stage=OBSERVE
[P1] waiting_for: Priority player=2 stage=OBSERVE
[P2] waiting_for: Priority player=0 stage=OBSERVE
[P0] waiting_for: Priority player=2 stage=OBSERVE
[P0] waiting_for: Priority player=0 stage=OBSERVE
[P1] waiting_for: Priority player=2 stage=OBSERVE
[P0] waiting_for: Priority player=0 stage=OBSERVE
[P0] waiting_for: Priority player=1 stage=OBSERVE
[P2] waiting_for: Priority player=0 stage=OBSERVE
[P0] waiting_for: Priority player=2 stage=OBSERVE
[P1] waiting_for: Priority player=1 stage=OBSERVE
[P0] waiting_for: Priority player=2 stage=OBSERVE
[P0] waiting_for: Priority player=0 stage=OBSERVE
[P1] waiting_for: Priority player=1 stage=OBSERVE
[P2] waiting_for: Priority player=0 stage=OBSERVE
[P0] waiting_for: Priority player=1 stage=OBSERVE
[P0] waiting_for: Priority player=2 stage=OBSERVE
[P2] plays Plains
[P2] plays Plains
[P2] ActionRejected: {"rejection": {"code": "action_not_allowed", "disposition": "unavailable", "message": "That action is not allowed right now.", "related_object_ids": [154]}}
[P0] waiting_for: Priority player=0 stage=OBSERVE
[P1] waiting_for: Priority player=2 stage=OBSERVE
[P0] waiting_for: Priority player=0 stage=OBSERVE
[P1] waiting_for: Priority player=1 stage=OBSERVE
[P2] waiting_for: Priority player=0 stage=OBSERVE
[P0] waiting_for: Priority player=1 stage=OBSERVE
[P0] waiting_for: Priority player=2 stage=OBSERVE
[P2] waiting_for: Priority player=1 stage=OBSERVE
[P0] waiting_for: Priority player=2 stage=OBSERVE
[P0] waiting_for: Priority player=0 stage=OBSERVE
[P1] waiting_for: Priority player=2 stage=OBSERVE
[P0] waiting_for: Priority player=0 stage=OBSERVE
[P0] waiting_for: Priority player=1 stage=OBSERVE
[P2] waiting_for: Priority player=0 stage=OBSERVE
[P0] waiting_for: Priority player=1 stage=OBSERVE
[P0] waiting_for: Priority player=2 stage=OBSERVE
[P0] waiting_for: Priority player=0 stage=OBSERVE
[P1] waiting_for: Priority player=2 stage=OBSERVE
[P0] waiting_for: Priority player=0 stage=OBSERVE
[P1] waiting_for: Priority player=2 stage=OBSERVE
[P2] waiting_for: Priority player=0 stage=OBSERVE
[P0] waiting_for: Priority player=1 stage=OBSERVE
[P0] waiting_for: Priority player=2 stage=OBSERVE
[P0] waiting_for: Priority player=0 stage=OBSERVE
[P1] waiting_for: Priority player=2 stage=OBSERVE
[P0] waiting_for: Priority player=0 stage=OBSERVE
[P1] waiting_for: Priority player=2 stage=OBSERVE
[P2] waiting_for: Priority player=0 stage=OBSERVE
[P1] waiting_for: Priority player=1 stage=OBSERVE
[P2] waiting_for: Priority player=0 stage=OBSERVE
[P0] waiting_for: Priority player=1 stage=OBSERVE
[P0] waiting_for: Priority player=2 stage=OBSERVE
[P2] waiting_for: Priority player=1 stage=OBSERVE
[P0] waiting_for: Priority player=2 stage=OBSERVE
[P0] waiting_for: Priority player=0 stage=OBSERVE
[P1] waiting_for: Priority player=2 stage=OBSERVE
[P0] waiting_for: Priority player=0 stage=OBSERVE
[P1] waiting_for: Priority player=1 stage=OBSERVE
[P2] waiting_for: Priority player=0 stage=OBSERVE
[P0] waiting_for: Priority player=1 stage=OBSERVE
[P0] waiting_for: Priority player=0 stage=OBSERVE
[P0] waiting_for: Priority player=1 stage=OBSERVE
[P0] waiting_for: Priority player=2 stage=OBSERVE
[P0] waiting_for: Priority player=0 stage=OBSERVE
[P0] waiting_for: Priority player=1 stage=OBSERVE
[P0] waiting_for: Priority player=2 stage=OBSERVE
[P0] waiting_for: Priority player=0 stage=OBSERVE
[P0] plays Mountain
[P1] waiting_for: Priority player=2 stage=OBSERVE
[P2] waiting_for: Priority player=0 stage=OBSERVE
[P0] plays Mountain
[P0] plays Mountain
[P0] plays Mountain
[P0] ActionRejected: {"rejection": {"code": "action_not_allowed", "disposition": "unavailable", "message": "That action is not allowed right now.", "related_object_ids": [51]}}
[P0] ActionRejected: {"rejection": {"code": "action_not_allowed", "disposition": "unavailable", "message": "That action is not allowed right now.", "related_object_ids": [51]}}
[P0] ActionRejected: {"rejection": {"code": "action_not_allowed", "disposition": "unavailable", "message": "That action is not allowed right now.", "related_object_ids": [51]}}
[P0] waiting_for: Priority player=1 stage=OBSERVE
[P0] waiting_for: Priority player=2 stage=OBSERVE
[P2] waiting_for: Priority player=1 stage=OBSERVE
[P0] waiting_for: Priority player=2 stage=OBSERVE
[P0] waiting_for: Priority player=0 stage=OBSERVE
[P0] combat #2 begins (turn 17); razer on BF; declare prompt seen so far: False
[P1] waiting_for: Priority player=2 stage=OBSERVE
[P2] waiting_for: Priority player=0 stage=OBSERVE
[P0] waiting_for: Priority player=1 stage=OBSERVE
[P0] waiting_for: Priority player=2 stage=OBSERVE
[P0] waiting_for: Priority player=0 stage=OBSERVE
[P0] 2 combats elapsed with razer on board; finalizing
authoritative_state.json exported
main loop ended: stop=True reason=observation complete: 2 P0 combats with razer on board
scenario source copied to evidence
VERDICT: reproduced
run.json written
