server identity pinned: v0.99.0 (d919616) protocol 98; using live backfill server 127.0.0.1:9374 (backfill-owned, pinned release; fresh game per run)
game Z2S9AO; P0 seat=0 P1 seat=1
P0 mulligan -> Keep (lands=6 sam=1)
P1 mulligan -> Mulligan (lands=0 sam=0)
waiting_for: MulliganDecision player=None stage=SETUP
P1 mulligan -> Mulligan (lands=0 sam=0)
P1 mulligan -> Keep (lands=0 sam=0)
P1 bottoms 2
waiting_for: Priority player=1 stage=SETUP
[P0] SETUP casts Samurai (0 on BF, 3 untapped)
[P0] SETUP casts Samurai (1 on BF, 4 untapped)
waiting_for: DeclareAttackers player=0 stage=SETUP
waiting_for: Priority player=0 stage=SETUP
waiting_for: DeclareAttackers player=0 stage=SETUP
waiting_for: Priority player=0 stage=SETUP
SETUP complete: 2 Samurai on BF, 1 in hand -> ATTACK stage
[P0] declares exactly one Samurai attacker (oid 25)
waiting_for: DeclareAttackers player=0 stage=WAIT_TRIGGERS
waiting_for: Priority player=0 stage=WAIT_TRIGGERS
Peerless triggers on stack: 2
exported pre.json
pre exported (triggers_seen=2); CAST1 stage
[P0] CAST1 submits Samurai; pre untapped=6
exported mid.json
mid exported; cast1 spent 2; CAST2 stage
waiting_for: DeclareAttackers player=0 stage=CAST2
waiting_for: Priority player=0 stage=CAST2
waiting_for: DeclareAttackers player=0 stage=CAST2
waiting_for: Priority player=0 stage=CAST2
[P0] CAST2 submits Samurai; pre untapped=9
exported post.json
rendered /home/hatch/workspace/dev/phase-backfill/evidence/7351/20261001-7351b/summary.png
FINAL verdict=reproduced assertions={'A1_setup_ok': 'passed', 'A2_cast1_reduced': 'failed', 'A3_cast2_full': 'passed', 'A4_cleanup': 'passed'}
