[14:46:50] server identity hashes recomputed against on-disk pinned artifacts
[14:46:50] ServerHello: version=0.104.0 build=4227122 protocol=118 mode=Full
[14:46:50] data-level check: ok=True notes=[]
[14:46:50] connecting P1...
[14:46:51] game YHSDEH mode=accept; P0 seat=0 P1 seat=1
[14:46:51] [301-accept] keep 7: ['island', 'island', 'island', 'island', 'island', 'island', 'chaos wand']
[14:46:51] [P1301-accept] keep 7: ['island', 'island', 'island', 'island', 'island', 'island', 'island']
[14:46:52] [P1301-accept] playing land island
[14:46:52] [P1301-accept] tap land for mana used_for=any
[14:46:52] [P1301-accept] submitting interaction iid=YHSDEH.0.7 choice=YHSDEH.0.7.c1 (Island)
[14:46:55] [301-accept] playing land island
[14:46:56] [P1301-accept] tap land for mana used_for=any
[14:46:56] [P1301-accept] submitting interaction iid=YHSDEH.0.33 choice=YHSDEH.0.33.c1 (Island)
[14:46:57] [P1301-accept] playing land island
[14:46:57] [P1301-accept] tap land for mana used_for=any
[14:46:57] [P1301-accept] submitting interaction iid=YHSDEH.0.39 choice=YHSDEH.0.39.c1 (Island)
[14:47:01] [301-accept] playing land island
[14:47:03] [P1301-accept] tap land for mana used_for=any
[14:47:03] [P1301-accept] submitting interaction iid=YHSDEH.0.65 choice=YHSDEH.0.65.c1 (Island)
[14:47:03] [P1301-accept] tap land for mana used_for=any
[14:47:03] [P1301-accept] submitting interaction iid=YHSDEH.0.66 choice=YHSDEH.0.66.c1 (Island)
[14:47:04] [P1301-accept] playing land island
[14:47:04] [P1301-accept] tap land for mana used_for=any
[14:47:04] [P1301-accept] submitting interaction iid=YHSDEH.0.72 choice=YHSDEH.0.72.c1 (Island)
[14:47:06] [301-accept] playing land island
[14:47:06] [301-accept] casting Chaos Wand (oid 9)
[14:47:08] [P1301-accept] tap land for mana used_for=any
[14:47:08] [P1301-accept] submitting interaction iid=YHSDEH.0.101 choice=YHSDEH.0.101.c1 (Island)
[14:47:09] [P1301-accept] tap land for mana used_for=any
[14:47:09] [P1301-accept] submitting interaction iid=YHSDEH.0.102 choice=YHSDEH.0.102.c1 (Island)
[14:47:09] [P1301-accept] tap land for mana used_for=any
[14:47:09] [P1301-accept] submitting interaction iid=YHSDEH.0.103 choice=YHSDEH.0.103.c1 (Island)
[14:47:10] [P1301-accept] playing land island
[14:47:10] [P1301-accept] tap land for mana used_for=any
[14:47:10] [P1301-accept] submitting interaction iid=YHSDEH.0.109 choice=YHSDEH.0.109.c1 (Island)
[14:47:13] [301-accept] tap land for mana used_for=generic
[14:47:13] [301-accept] submitting interaction iid=YHSDEH.0.120 choice=YHSDEH.0.120.c1 (Island)
[14:47:13] [301-accept] tap land for mana used_for=generic
[14:47:13] [301-accept] submitting interaction iid=YHSDEH.0.121 choice=YHSDEH.0.121.c1 (Island)
[14:47:13] [301-accept] tap land for mana used_for=generic
[14:47:13] [301-accept] submitting interaction iid=YHSDEH.0.122 choice=YHSDEH.0.122.c1 (Island)
[14:47:14] [301-accept] playing land island
[14:47:15] [P1301-accept] tap land for mana used_for=any
[14:47:15] [P1301-accept] submitting interaction iid=YHSDEH.0.138 choice=YHSDEH.0.138.c1 (Island)
[14:47:15] [P1301-accept] tap land for mana used_for=any
[14:47:15] [P1301-accept] submitting interaction iid=YHSDEH.0.139 choice=YHSDEH.0.139.c1 (Island)
[14:47:16] [P1301-accept] tap land for mana used_for=any
[14:47:16] [P1301-accept] submitting interaction iid=YHSDEH.0.140 choice=YHSDEH.0.140.c1 (Island)
[14:47:16] [P1301-accept] tap land for mana used_for=any
[14:47:16] [P1301-accept] submitting interaction iid=YHSDEH.0.141 choice=YHSDEH.0.141.c1 (Island)
[14:47:16] [301-accept] DIAG P0301-accept: rev=144 turn=9 phase=Draw act=1 prio_acts=[] vikind='choose' real_decision=False my_prio=False ops=[]
[14:47:16] [301-accept] DIAG P1301-accept: rev=144 turn=9 phase=Draw act=1 prio_acts=['PassPriority'] vikind='choose' real_decision=False my_prio=True ops=[{"rtype": "exactChoices", "n_items": 1, "codes": ["candidate", "passPriority"]}]
[14:47:17] [P1301-accept] playing land island
[14:47:17] [P1301-accept] tap land for mana used_for=any
[14:47:17] [P1301-accept] submitting interaction iid=YHSDEH.0.147 choice=YHSDEH.0.147.c1 (Island)
[14:47:19] [301-accept] playing land island
[14:47:21] [P1301-accept] tap land for mana used_for=any
[14:47:21] [P1301-accept] submitting interaction iid=YHSDEH.0.173 choice=YHSDEH.0.173.c1 (Island)
[14:47:21] [P1301-accept] tap land for mana used_for=any
[14:47:21] [P1301-accept] submitting interaction iid=YHSDEH.0.174 choice=YHSDEH.0.174.c1 (Island)
[14:47:21] [P1301-accept] tap land for mana used_for=any
[14:47:21] [P1301-accept] submitting interaction iid=YHSDEH.0.175 choice=YHSDEH.0.175.c1 (Island)
[14:47:21] [P1301-accept] tap land for mana used_for=any
[14:47:21] [P1301-accept] submitting interaction iid=YHSDEH.0.176 choice=YHSDEH.0.176.c1 (Island)
[14:47:21] [P1301-accept] tap land for mana used_for=any
[14:47:21] [P1301-accept] submitting interaction iid=YHSDEH.0.177 choice=YHSDEH.0.177.c1 (Island)
[14:47:22] [P1301-accept] playing land island
[14:47:23] [P1301-accept] tap land for mana used_for=any
[14:47:23] [P1301-accept] submitting interaction iid=YHSDEH.0.183 choice=YHSDEH.0.183.c1 (Island)
[14:47:25] [301-accept] playing land island
[14:47:28] [P1301-accept] tap land for mana used_for=any
[14:47:28] [P1301-accept] submitting interaction iid=YHSDEH.0.209 choice=YHSDEH.0.209.c1 (Island)
[14:47:28] [P1301-accept] tap land for mana used_for=any
[14:47:28] [P1301-accept] submitting interaction iid=YHSDEH.0.210 choice=YHSDEH.0.210.c1 (Island)
[14:47:28] [P1301-accept] tap land for mana used_for=any
[14:47:28] [P1301-accept] submitting interaction iid=YHSDEH.0.211 choice=YHSDEH.0.211.c1 (Island)
[14:47:28] [P1301-accept] tap land for mana used_for=any
[14:47:28] [P1301-accept] submitting interaction iid=YHSDEH.0.212 choice=YHSDEH.0.212.c1 (Island)
[14:47:28] [P1301-accept] tap land for mana used_for=any
[14:47:28] [P1301-accept] submitting interaction iid=YHSDEH.0.213 choice=YHSDEH.0.213.c1 (Island)
[14:47:29] [P1301-accept] tap land for mana used_for=any
[14:47:29] [P1301-accept] submitting interaction iid=YHSDEH.0.214 choice=YHSDEH.0.214.c1 (Island)
[14:47:29] [P1301-accept] playing land island
[14:47:30] [P1301-accept] tap land for mana used_for=any
[14:47:30] [P1301-accept] submitting interaction iid=YHSDEH.0.220 choice=YHSDEH.0.220.c1 (Island)
[14:47:32] [301-accept] playing land island
[14:47:34] [P1301-accept] tap land for mana used_for=any
[14:47:34] [P1301-accept] submitting interaction iid=YHSDEH.0.246 choice=YHSDEH.0.246.c1 (Island)
[14:47:34] [P1301-accept] tap land for mana used_for=any
[14:47:34] [P1301-accept] submitting interaction iid=YHSDEH.0.247 choice=YHSDEH.0.247.c1 (Island)
[14:47:34] [P1301-accept] tap land for mana used_for=any
[14:47:34] [P1301-accept] submitting interaction iid=YHSDEH.0.248 choice=YHSDEH.0.248.c1 (Island)
[14:47:34] [P1301-accept] tap land for mana used_for=any
[14:47:34] [P1301-accept] submitting interaction iid=YHSDEH.0.249 choice=YHSDEH.0.249.c1 (Island)
[14:47:35] [P1301-accept] tap land for mana used_for=any
[14:47:35] [P1301-accept] submitting interaction iid=YHSDEH.0.250 choice=YHSDEH.0.250.c1 (Island)
[14:47:35] [P1301-accept] tap land for mana used_for=any
[14:47:35] [P1301-accept] submitting interaction iid=YHSDEH.0.251 choice=YHSDEH.0.251.c1 (Island)
[14:47:35] [P1301-accept] tap land for mana used_for=any
[14:47:35] [P1301-accept] submitting interaction iid=YHSDEH.0.252 choice=YHSDEH.0.252.c1 (Island)
[14:47:36] [P1301-accept] playing land island
[14:47:36] [P1301-accept] tap land for mana used_for=any
[14:47:36] [P1301-accept] submitting interaction iid=YHSDEH.0.258 choice=YHSDEH.0.258.c1 (Island)
[14:47:39] [301-accept] playing land island
[14:47:41] [P1301-accept] tap land for mana used_for=any
[14:47:41] [P1301-accept] submitting interaction iid=YHSDEH.0.284 choice=YHSDEH.0.284.c1 (Island)
[14:47:41] [P1301-accept] tap land for mana used_for=any
[14:47:41] [P1301-accept] submitting interaction iid=YHSDEH.0.285 choice=YHSDEH.0.285.c1 (Island)
[14:47:41] [P1301-accept] tap land for mana used_for=any
[14:47:41] [P1301-accept] submitting interaction iid=YHSDEH.0.286 choice=YHSDEH.0.286.c1 (Island)
[14:47:41] [P1301-accept] tap land for mana used_for=any
[14:47:41] [P1301-accept] submitting interaction iid=YHSDEH.0.287 choice=YHSDEH.0.287.c1 (Island)
[14:47:41] [P1301-accept] tap land for mana used_for=any
[14:47:41] [P1301-accept] submitting interaction iid=YHSDEH.0.288 choice=YHSDEH.0.288.c1 (Island)
[14:47:41] [301-accept] DIAG P0301-accept: rev=288 turn=17 phase=Upkeep act=1 prio_acts=[] vikind='choose' real_decision=False my_prio=False ops=[]
[14:47:41] [301-accept] DIAG P1301-accept: rev=288 turn=17 phase=Upkeep act=1 prio_acts=['PassPriority'] vikind='choose' real_decision=False my_prio=True ops=[{"rtype": "exactChoices", "n_items": 9, "codes": ["candidate", "passPriority", "tapLandForMana", "untapLandForMana"]}]
[14:47:41] [P1301-accept] tap land for mana used_for=any
[14:47:41] [P1301-accept] submitting interaction iid=YHSDEH.0.289 choice=YHSDEH.0.289.c1 (Island)
[14:47:42] [P1301-accept] tap land for mana used_for=any
[14:47:42] [P1301-accept] submitting interaction iid=YHSDEH.0.290 choice=YHSDEH.0.290.c1 (Island)
[14:47:42] [P1301-accept] tap land for mana used_for=any
[14:47:42] [P1301-accept] submitting interaction iid=YHSDEH.0.291 choice=YHSDEH.0.291.c1 (Island)
[14:47:43] [P1301-accept] playing land island
[14:47:43] [P1301-accept] tap land for mana used_for=any
[14:47:43] [P1301-accept] submitting interaction iid=YHSDEH.0.297 choice=YHSDEH.0.297.c1 (Island)
[14:47:45] [301-accept] playing land island
[14:47:48] [P1301-accept] tap land for mana used_for=any
[14:47:48] [P1301-accept] submitting interaction iid=YHSDEH.0.323 choice=YHSDEH.0.323.c1 (Island)
[14:47:49] [P1301-accept] tap land for mana used_for=any
[14:47:49] [P1301-accept] submitting interaction iid=YHSDEH.0.324 choice=YHSDEH.0.324.c1 (Island)
[14:47:49] [P1301-accept] tap land for mana used_for=any
[14:47:49] [P1301-accept] submitting interaction iid=YHSDEH.0.325 choice=YHSDEH.0.325.c1 (Island)
[14:47:49] [P1301-accept] tap land for mana used_for=any
[14:47:49] [P1301-accept] submitting interaction iid=YHSDEH.0.326 choice=YHSDEH.0.326.c1 (Island)
[14:47:49] [P1301-accept] tap land for mana used_for=any
[14:47:49] [P1301-accept] submitting interaction iid=YHSDEH.0.327 choice=YHSDEH.0.327.c1 (Island)
[14:47:49] [P1301-accept] tap land for mana used_for=any
[14:47:49] [P1301-accept] submitting interaction iid=YHSDEH.0.328 choice=YHSDEH.0.328.c1 (Island)
[14:47:49] [P1301-accept] tap land for mana used_for=any
[14:47:49] [P1301-accept] submitting interaction iid=YHSDEH.0.329 choice=YHSDEH.0.329.c1 (Island)
[14:47:50] [P1301-accept] tap land for mana used_for=any
[14:47:50] [P1301-accept] submitting interaction iid=YHSDEH.0.330 choice=YHSDEH.0.330.c1 (Island)
[14:47:50] [P1301-accept] tap land for mana used_for=any
[14:47:50] [P1301-accept] submitting interaction iid=YHSDEH.0.331 choice=YHSDEH.0.331.c1 (Island)
[14:47:51] [P1301-accept] playing land island
[14:47:51] [P1301-accept] tap land for mana used_for=any
[14:47:51] [P1301-accept] submitting interaction iid=YHSDEH.0.337 choice=YHSDEH.0.337.c1 (Island)
[14:47:53] [301-accept] playing land island
[14:47:55] [P1301-accept] tap land for mana used_for=any
[14:47:55] [P1301-accept] submitting interaction iid=YHSDEH.0.363 choice=YHSDEH.0.363.c1 (Island)
[14:47:55] [P1301-accept] tap land for mana used_for=any
[14:47:55] [P1301-accept] submitting interaction iid=YHSDEH.0.364 choice=YHSDEH.0.364.c1 (Island)
[14:47:55] [P1301-accept] tap land for mana used_for=any
[14:47:55] [P1301-accept] submitting interaction iid=YHSDEH.0.365 choice=YHSDEH.0.365.c1 (Island)
[14:47:55] [P1301-accept] tap land for mana used_for=any
[14:47:55] [P1301-accept] submitting interaction iid=YHSDEH.0.366 choice=YHSDEH.0.366.c1 (Island)
[14:47:55] [P1301-accept] tap land for mana used_for=any
[14:47:55] [P1301-accept] submitting interaction iid=YHSDEH.0.367 choice=YHSDEH.0.367.c1 (Island)
[14:47:56] [P1301-accept] tap land for mana used_for=any
[14:47:56] [P1301-accept] submitting interaction iid=YHSDEH.0.368 choice=YHSDEH.0.368.c1 (Island)
[14:47:56] [P1301-accept] tap land for mana used_for=any
[14:47:56] [P1301-accept] submitting interaction iid=YHSDEH.0.369 choice=YHSDEH.0.369.c1 (Island)
[14:47:56] [P1301-accept] tap land for mana used_for=any
[14:47:56] [P1301-accept] submitting interaction iid=YHSDEH.0.370 choice=YHSDEH.0.370.c1 (Island)
[14:47:56] [P1301-accept] tap land for mana used_for=any
[14:47:56] [P1301-accept] submitting interaction iid=YHSDEH.0.371 choice=YHSDEH.0.371.c1 (Island)
[14:47:56] [P1301-accept] tap land for mana used_for=any
[14:47:56] [P1301-accept] submitting interaction iid=YHSDEH.0.372 choice=YHSDEH.0.372.c1 (Island)
[14:47:57] [P1301-accept] playing land island
[14:47:57] [P1301-accept] tap land for mana used_for=any
[14:47:57] [P1301-accept] submitting interaction iid=YHSDEH.0.378 choice=YHSDEH.0.378.c1 (Island)
[14:48:00] [301-accept] playing land island
[14:48:02] [P1301-accept] tap land for mana used_for=any
[14:48:02] [P1301-accept] submitting interaction iid=YHSDEH.0.404 choice=YHSDEH.0.404.c1 (Island)
[14:48:02] [P1301-accept] tap land for mana used_for=any
[14:48:02] [P1301-accept] submitting interaction iid=YHSDEH.0.405 choice=YHSDEH.0.405.c1 (Island)
[14:48:02] [P1301-accept] tap land for mana used_for=any
[14:48:02] [P1301-accept] submitting interaction iid=YHSDEH.0.406 choice=YHSDEH.0.406.c1 (Island)
[14:48:02] [P1301-accept] tap land for mana used_for=any
[14:48:02] [P1301-accept] submitting interaction iid=YHSDEH.0.407 choice=YHSDEH.0.407.c1 (Island)
[14:48:02] [P1301-accept] tap land for mana used_for=any
[14:48:02] [P1301-accept] submitting interaction iid=YHSDEH.0.408 choice=YHSDEH.0.408.c1 (Island)
[14:48:02] [P1301-accept] tap land for mana used_for=any
[14:48:02] [P1301-accept] submitting interaction iid=YHSDEH.0.409 choice=YHSDEH.0.409.c1 (Island)
[14:48:02] [P1301-accept] tap land for mana used_for=any
[14:48:02] [P1301-accept] submitting interaction iid=YHSDEH.0.410 choice=YHSDEH.0.410.c1 (Island)
[14:48:03] [P1301-accept] tap land for mana used_for=any
[14:48:03] [P1301-accept] submitting interaction iid=YHSDEH.0.411 choice=YHSDEH.0.411.c1 (Island)
[14:48:03] [P1301-accept] tap land for mana used_for=any
[14:48:03] [P1301-accept] submitting interaction iid=YHSDEH.0.412 choice=YHSDEH.0.412.c1 (Island)
[14:48:03] [P1301-accept] tap land for mana used_for=any
[14:48:03] [P1301-accept] submitting interaction iid=YHSDEH.0.413 choice=YHSDEH.0.413.c1 (Island)
[14:48:03] [P1301-accept] tap land for mana used_for=any
[14:48:03] [P1301-accept] submitting interaction iid=YHSDEH.0.414 choice=YHSDEH.0.414.c1 (Island)
[14:48:04] [P1301-accept] playing land island
[14:48:04] [P1301-accept] tap land for mana used_for=any
[14:48:04] [P1301-accept] submitting interaction iid=YHSDEH.0.420 choice=YHSDEH.0.420.c1 (Island)
[14:48:06] [301-accept] DIAG P0301-accept: rev=432 turn=24 phase=Upkeep act=0 prio_acts=[] vikind='choose' real_decision=False my_prio=False ops=[]
[14:48:06] [301-accept] DIAG P1301-accept: rev=432 turn=24 phase=Upkeep act=0 prio_acts=['PassPriority'] vikind='choose' real_decision=False my_prio=True ops=[{"rtype": "exactChoices", "n_items": 1, "codes": ["candidate", "passPriority"]}]
[14:48:07] [301-accept] playing land island
[14:48:07] exporting PRE_ACTIVATION state
[14:48:07] ACTIVATING CHAOS WAND (id 9) via advertised ActivateAbility
[14:48:08] submitting ActivateAbility via ActivateAbility legal_action (holding priority)
[14:48:08] [301-accept] tap land for mana used_for=generic
[14:48:08] [301-accept] submitting interaction iid=YHSDEH.0.437 choice=YHSDEH.0.437.c1 (Island)
[14:48:08] [301-accept] tap land for mana used_for=generic
[14:48:08] [301-accept] submitting interaction iid=YHSDEH.0.438 choice=YHSDEH.0.438.c1 (Island)
[14:48:08] [301-accept] tap land for mana used_for=generic
[14:48:08] [301-accept] submitting interaction iid=YHSDEH.0.439 choice=YHSDEH.0.439.c1 (Island)
[14:48:09] [301-accept] tap land for mana used_for=generic
[14:48:09] [301-accept] submitting interaction iid=YHSDEH.0.440 choice=YHSDEH.0.440.c1 (Island)
[14:48:09] [301-accept] activation watch: wand tapped=True stack=1 needs={'generic': 0} pool={"mana": [{"color": "Blue", "source_id": 13, "pip_id": 89, "snow": false, "restrictions": []}, {"color": "Blue", "source vikind='choose'
[14:48:09] [301-accept] wand ability on the stack
[14:48:10] exporting POST_EXILE checkpoint
[14:48:10] P0 submitting accept: choice id=YHSDEH.0.443.c1
[14:48:13] target opportunity found; exporting PRE_TARGET checkpoint
[14:48:13] [301-accept] submitting advertised target: id=YHSDEH.0.444.t1 kind=sequence
[14:48:13] REJECTION: {"type": "ActionRejected", "data": {"rejection": {"code": "action_not_allowed", "disposition": "unavailable", "message": "That action is not allowed right now.", "related_object_ids": []}}}
[14:48:15] exporting POST_FAILURE state
[14:48:16] connecting P1...
[14:48:16] game KJL6L4 mode=decline; P0 seat=0 P1 seat=1
[14:48:16] [301-decline] keep 7: ['island', 'island', 'island', 'island', 'island', 'island', 'island']
[14:48:16] [P1301-decline] keep 7: ['island', 'island', 'island', 'island', 'island', 'lightning bolt', 'island']
[14:48:18] [301-decline] playing land island
[14:48:21] [P1301-decline] playing land island
[14:48:21] [P1301-decline] tap land for mana used_for=any
[14:48:21] [P1301-decline] submitting interaction iid=KJL6L4.0.22 choice=KJL6L4.0.22.c1 (Island)
[14:48:29] [301-decline] playing land island
[14:48:31] [P1301-decline] tap land for mana used_for=any
[14:48:31] [P1301-decline] submitting interaction iid=KJL6L4.0.48 choice=KJL6L4.0.48.c1 (Island)
[14:48:32] [P1301-decline] playing land island
[14:48:32] [P1301-decline] tap land for mana used_for=any
[14:48:32] [P1301-decline] submitting interaction iid=KJL6L4.0.54 choice=KJL6L4.0.54.c1 (Island)
[14:48:35] [301-decline] playing land island
[14:48:37] [P1301-decline] tap land for mana used_for=any
[14:48:37] [P1301-decline] submitting interaction iid=KJL6L4.0.80 choice=KJL6L4.0.80.c1 (Island)
[14:48:38] [P1301-decline] tap land for mana used_for=any
[14:48:38] [P1301-decline] submitting interaction iid=KJL6L4.0.81 choice=KJL6L4.0.81.c1 (Island)
[14:48:38] [P1301-decline] playing land island
[14:48:39] [P1301-decline] tap land for mana used_for=any
[14:48:39] [P1301-decline] submitting interaction iid=KJL6L4.0.87 choice=KJL6L4.0.87.c1 (Island)
[14:48:41] [301-decline] playing land island
[14:48:41] [301-decline] DIAG P0301-decline: rev=104 turn=7 phase=PreCombatMain act=0 prio_acts=[] vikind='choose' real_decision=False my_prio=False ops=[]
[14:48:41] [301-decline] DIAG P1301-decline: rev=104 turn=7 phase=PreCombatMain act=0 prio_acts=['PassPriority'] vikind='choose' real_decision=False my_prio=True ops=[{"rtype": "exactChoices", "n_items": 1, "codes": ["candidate", "passPriority"]}]
[14:48:42] [P1301-decline] tap land for mana used_for=any
[14:48:42] [P1301-decline] submitting interaction iid=KJL6L4.0.113 choice=KJL6L4.0.113.c1 (Island)
[14:48:43] [P1301-decline] tap land for mana used_for=any
[14:48:43] [P1301-decline] submitting interaction iid=KJL6L4.0.114 choice=KJL6L4.0.114.c1 (Island)
[14:48:43] [P1301-decline] tap land for mana used_for=any
[14:48:43] [P1301-decline] submitting interaction iid=KJL6L4.0.115 choice=KJL6L4.0.115.c1 (Island)
[14:48:44] [P1301-decline] playing land island
[14:48:44] [P1301-decline] tap land for mana used_for=any
[14:48:44] [P1301-decline] submitting interaction iid=KJL6L4.0.121 choice=KJL6L4.0.121.c1 (Island)
[14:48:46] [301-decline] playing land island
[14:48:48] [P1301-decline] tap land for mana used_for=any
[14:48:48] [P1301-decline] submitting interaction iid=KJL6L4.0.147 choice=KJL6L4.0.147.c1 (Island)
[14:48:48] [P1301-decline] tap land for mana used_for=any
[14:48:48] [P1301-decline] submitting interaction iid=KJL6L4.0.148 choice=KJL6L4.0.148.c1 (Island)
[14:48:48] [P1301-decline] tap land for mana used_for=any
[14:48:48] [P1301-decline] submitting interaction iid=KJL6L4.0.149 choice=KJL6L4.0.149.c1 (Island)
[14:48:49] [P1301-decline] tap land for mana used_for=any
[14:48:49] [P1301-decline] submitting interaction iid=KJL6L4.0.150 choice=KJL6L4.0.150.c1 (Island)
[14:48:51] [P1301-decline] playing land island
[14:48:51] [P1301-decline] tap land for mana used_for=any
[14:48:51] [P1301-decline] submitting interaction iid=KJL6L4.0.156 choice=KJL6L4.0.156.c1 (Island)
[14:48:54] [301-decline] playing land island
[14:48:55] [P1301-decline] tap land for mana used_for=any
[14:48:55] [P1301-decline] submitting interaction iid=KJL6L4.0.182 choice=KJL6L4.0.182.c1 (Island)
[14:48:55] [P1301-decline] tap land for mana used_for=any
[14:48:55] [P1301-decline] submitting interaction iid=KJL6L4.0.183 choice=KJL6L4.0.183.c1 (Island)
[14:48:55] [P1301-decline] tap land for mana used_for=any
[14:48:55] [P1301-decline] submitting interaction iid=KJL6L4.0.184 choice=KJL6L4.0.184.c1 (Island)
[14:48:56] [P1301-decline] tap land for mana used_for=any
[14:48:56] [P1301-decline] submitting interaction iid=KJL6L4.0.185 choice=KJL6L4.0.185.c1 (Island)
[14:48:56] [P1301-decline] tap land for mana used_for=any
[14:48:56] [P1301-decline] submitting interaction iid=KJL6L4.0.186 choice=KJL6L4.0.186.c1 (Island)
[14:48:57] [P1301-decline] playing land island
[14:48:57] [P1301-decline] tap land for mana used_for=any
[14:48:57] [P1301-decline] submitting interaction iid=KJL6L4.0.192 choice=KJL6L4.0.192.c1 (Island)
[14:48:59] [301-decline] playing land island
[14:49:01] [P1301-decline] tap land for mana used_for=any
[14:49:01] [P1301-decline] submitting interaction iid=KJL6L4.0.218 choice=KJL6L4.0.218.c1 (Island)
[14:49:01] [P1301-decline] tap land for mana used_for=any
[14:49:01] [P1301-decline] submitting interaction iid=KJL6L4.0.219 choice=KJL6L4.0.219.c1 (Island)
[14:49:01] [P1301-decline] tap land for mana used_for=any
[14:49:01] [P1301-decline] submitting interaction iid=KJL6L4.0.220 choice=KJL6L4.0.220.c1 (Island)
[14:49:02] [P1301-decline] tap land for mana used_for=any
[14:49:02] [P1301-decline] submitting interaction iid=KJL6L4.0.221 choice=KJL6L4.0.221.c1 (Island)
[14:49:02] [P1301-decline] tap land for mana used_for=any
[14:49:02] [P1301-decline] submitting interaction iid=KJL6L4.0.222 choice=KJL6L4.0.222.c1 (Island)
[14:49:02] [P1301-decline] tap land for mana used_for=any
[14:49:02] [P1301-decline] submitting interaction iid=KJL6L4.0.223 choice=KJL6L4.0.223.c1 (Island)
[14:49:03] [P1301-decline] playing land island
[14:49:03] [P1301-decline] tap land for mana used_for=any
[14:49:03] [P1301-decline] submitting interaction iid=KJL6L4.0.229 choice=KJL6L4.0.229.c1 (Island)
[14:49:05] [301-decline] playing land island
[14:49:06] [301-decline] DIAG P0301-decline: rev=249 turn=15 phase=EndCombat act=0 prio_acts=['PassPriority'] vikind='choose' real_decision=False my_prio=True ops=[{"rtype": "exactChoices", "n_items": 9, "codes": ["candidate", "passPriority", "tapLandForMana"]}]
[14:49:06] [301-decline] DIAG P1301-decline: rev=249 turn=15 phase=EndCombat act=0 prio_acts=[] vikind='choose' real_decision=False my_prio=False ops=[]
[14:49:07] [P1301-decline] tap land for mana used_for=any
[14:49:07] [P1301-decline] submitting interaction iid=KJL6L4.0.255 choice=KJL6L4.0.255.c1 (Island)
[14:49:07] [P1301-decline] tap land for mana used_for=any
[14:49:07] [P1301-decline] submitting interaction iid=KJL6L4.0.256 choice=KJL6L4.0.256.c1 (Island)
[14:49:07] [P1301-decline] tap land for mana used_for=any
[14:49:07] [P1301-decline] submitting interaction iid=KJL6L4.0.257 choice=KJL6L4.0.257.c1 (Island)
[14:49:09] [P1301-decline] tap land for mana used_for=any
[14:49:09] [P1301-decline] submitting interaction iid=KJL6L4.0.258 choice=KJL6L4.0.258.c1 (Island)
[14:49:09] [P1301-decline] tap land for mana used_for=any
[14:49:09] [P1301-decline] submitting interaction iid=KJL6L4.0.259 choice=KJL6L4.0.259.c1 (Island)
[14:49:09] [P1301-decline] tap land for mana used_for=any
[14:49:09] [P1301-decline] submitting interaction iid=KJL6L4.0.260 choice=KJL6L4.0.260.c1 (Island)
[14:49:09] [P1301-decline] tap land for mana used_for=any
[14:49:09] [P1301-decline] submitting interaction iid=KJL6L4.0.261 choice=KJL6L4.0.261.c1 (Island)
[14:49:10] [P1301-decline] playing land island
[14:49:10] [P1301-decline] tap land for mana used_for=any
[14:49:10] [P1301-decline] submitting interaction iid=KJL6L4.0.267 choice=KJL6L4.0.267.c1 (Island)
[14:49:13] [301-decline] playing land island
[14:49:14] [P1301-decline] tap land for mana used_for=any
[14:49:14] [P1301-decline] submitting interaction iid=KJL6L4.0.293 choice=KJL6L4.0.293.c1 (Island)
[14:49:14] [P1301-decline] tap land for mana used_for=any
[14:49:14] [P1301-decline] submitting interaction iid=KJL6L4.0.294 choice=KJL6L4.0.294.c1 (Island)
[14:49:15] [P1301-decline] tap land for mana used_for=any
[14:49:15] [P1301-decline] submitting interaction iid=KJL6L4.0.295 choice=KJL6L4.0.295.c1 (Island)
[14:49:15] [P1301-decline] tap land for mana used_for=any
[14:49:15] [P1301-decline] submitting interaction iid=KJL6L4.0.296 choice=KJL6L4.0.296.c1 (Island)
[14:49:15] [P1301-decline] tap land for mana used_for=any
[14:49:15] [P1301-decline] submitting interaction iid=KJL6L4.0.297 choice=KJL6L4.0.297.c1 (Island)
[14:49:15] [P1301-decline] tap land for mana used_for=any
[14:49:15] [P1301-decline] submitting interaction iid=KJL6L4.0.298 choice=KJL6L4.0.298.c1 (Island)
[14:49:15] [P1301-decline] tap land for mana used_for=any
[14:49:15] [P1301-decline] submitting interaction iid=KJL6L4.0.299 choice=KJL6L4.0.299.c1 (Island)
[14:49:15] [P1301-decline] tap land for mana used_for=any
[14:49:15] [P1301-decline] submitting interaction iid=KJL6L4.0.300 choice=KJL6L4.0.300.c1 (Island)
[14:49:16] [P1301-decline] playing land island
[14:49:16] [P1301-decline] tap land for mana used_for=any
[14:49:16] [P1301-decline] submitting interaction iid=KJL6L4.0.306 choice=KJL6L4.0.306.c1 (Island)
[14:49:19] [301-decline] playing land island
[14:49:21] [P1301-decline] tap land for mana used_for=any
[14:49:21] [P1301-decline] submitting interaction iid=KJL6L4.0.332 choice=KJL6L4.0.332.c1 (Island)
[14:49:21] [P1301-decline] tap land for mana used_for=any
[14:49:21] [P1301-decline] submitting interaction iid=KJL6L4.0.333 choice=KJL6L4.0.333.c1 (Island)
[14:49:21] [P1301-decline] tap land for mana used_for=any
[14:49:21] [P1301-decline] submitting interaction iid=KJL6L4.0.334 choice=KJL6L4.0.334.c1 (Island)
[14:49:21] [P1301-decline] tap land for mana used_for=any
[14:49:21] [P1301-decline] submitting interaction iid=KJL6L4.0.335 choice=KJL6L4.0.335.c1 (Island)
[14:49:21] [P1301-decline] tap land for mana used_for=any
[14:49:21] [P1301-decline] submitting interaction iid=KJL6L4.0.336 choice=KJL6L4.0.336.c1 (Island)
[14:49:21] [P1301-decline] tap land for mana used_for=any
[14:49:21] [P1301-decline] submitting interaction iid=KJL6L4.0.337 choice=KJL6L4.0.337.c1 (Island)
[14:49:21] [P1301-decline] tap land for mana used_for=any
[14:49:21] [P1301-decline] submitting interaction iid=KJL6L4.0.338 choice=KJL6L4.0.338.c1 (Island)
[14:49:22] [P1301-decline] tap land for mana used_for=any
[14:49:22] [P1301-decline] submitting interaction iid=KJL6L4.0.339 choice=KJL6L4.0.339.c1 (Island)
[14:49:22] [P1301-decline] tap land for mana used_for=any
[14:49:22] [P1301-decline] submitting interaction iid=KJL6L4.0.340 choice=KJL6L4.0.340.c1 (Island)
[14:49:23] [P1301-decline] playing land island
[14:49:23] [P1301-decline] tap land for mana used_for=any
[14:49:23] [P1301-decline] submitting interaction iid=KJL6L4.0.346 choice=KJL6L4.0.346.c1 (Island)
[14:49:25] [301-decline] playing land island
[14:49:27] [P1301-decline] tap land for mana used_for=any
[14:49:27] [P1301-decline] submitting interaction iid=KJL6L4.0.372 choice=KJL6L4.0.372.c1 (Island)
[14:49:27] [P1301-decline] tap land for mana used_for=any
[14:49:27] [P1301-decline] submitting interaction iid=KJL6L4.0.373 choice=KJL6L4.0.373.c1 (Island)
[14:49:27] [P1301-decline] tap land for mana used_for=any
[14:49:27] [P1301-decline] submitting interaction iid=KJL6L4.0.374 choice=KJL6L4.0.374.c1 (Island)
[14:49:27] [P1301-decline] tap land for mana used_for=any
[14:49:27] [P1301-decline] submitting interaction iid=KJL6L4.0.375 choice=KJL6L4.0.375.c1 (Island)
[14:49:28] [P1301-decline] tap land for mana used_for=any
[14:49:28] [P1301-decline] submitting interaction iid=KJL6L4.0.376 choice=KJL6L4.0.376.c1 (Island)
[14:49:28] [P1301-decline] tap land for mana used_for=any
[14:49:28] [P1301-decline] submitting interaction iid=KJL6L4.0.377 choice=KJL6L4.0.377.c1 (Island)
[14:49:29] [P1301-decline] tap land for mana used_for=any
[14:49:29] [P1301-decline] submitting interaction iid=KJL6L4.0.378 choice=KJL6L4.0.378.c1 (Island)
[14:49:29] [P1301-decline] tap land for mana used_for=any
[14:49:29] [P1301-decline] submitting interaction iid=KJL6L4.0.379 choice=KJL6L4.0.379.c1 (Island)
[14:49:29] [P1301-decline] tap land for mana used_for=any
[14:49:29] [P1301-decline] submitting interaction iid=KJL6L4.0.380 choice=KJL6L4.0.380.c1 (Island)
[14:49:30] [P1301-decline] tap land for mana used_for=any
[14:49:30] [P1301-decline] submitting interaction iid=KJL6L4.0.381 choice=KJL6L4.0.381.c1 (Island)
[14:49:31] [P1301-decline] playing land island
[14:49:31] [P1301-decline] tap land for mana used_for=any
[14:49:31] [P1301-decline] submitting interaction iid=KJL6L4.0.387 choice=KJL6L4.0.387.c1 (Island)
[14:49:31] [301-decline] DIAG P0301-decline: rev=390 turn=22 phase=BeginCombat act=1 prio_acts=[] vikind='choose' real_decision=False my_prio=False ops=[]
[14:49:31] [301-decline] DIAG P1301-decline: rev=390 turn=22 phase=BeginCombat act=1 prio_acts=['PassPriority'] vikind='choose' real_decision=False my_prio=True ops=[{"rtype": "exactChoices", "n_items": 1, "codes": ["candidate", "passPriority"]}]
[14:49:33] [301-decline] playing land island
[14:49:35] [P1301-decline] tap land for mana used_for=any
[14:49:35] [P1301-decline] submitting interaction iid=KJL6L4.0.413 choice=KJL6L4.0.413.c1 (Island)
[14:49:35] [P1301-decline] tap land for mana used_for=any
[14:49:35] [P1301-decline] submitting interaction iid=KJL6L4.0.414 choice=KJL6L4.0.414.c1 (Island)
[14:49:35] [P1301-decline] tap land for mana used_for=any
[14:49:35] [P1301-decline] submitting interaction iid=KJL6L4.0.415 choice=KJL6L4.0.415.c1 (Island)
[14:49:35] [P1301-decline] tap land for mana used_for=any
[14:49:35] [P1301-decline] submitting interaction iid=KJL6L4.0.416 choice=KJL6L4.0.416.c1 (Island)
[14:49:36] [P1301-decline] tap land for mana used_for=any
[14:49:36] [P1301-decline] submitting interaction iid=KJL6L4.0.417 choice=KJL6L4.0.417.c1 (Island)
[14:49:36] [P1301-decline] tap land for mana used_for=any
[14:49:36] [P1301-decline] submitting interaction iid=KJL6L4.0.418 choice=KJL6L4.0.418.c1 (Island)
[14:49:36] [P1301-decline] tap land for mana used_for=any
[14:49:36] [P1301-decline] submitting interaction iid=KJL6L4.0.419 choice=KJL6L4.0.419.c1 (Island)
[14:49:36] [P1301-decline] tap land for mana used_for=any
[14:49:36] [P1301-decline] submitting interaction iid=KJL6L4.0.420 choice=KJL6L4.0.420.c1 (Island)
[14:49:36] [P1301-decline] tap land for mana used_for=any
[14:49:36] [P1301-decline] submitting interaction iid=KJL6L4.0.421 choice=KJL6L4.0.421.c1 (Island)
[14:49:36] [P1301-decline] tap land for mana used_for=any
[14:49:36] [P1301-decline] submitting interaction iid=KJL6L4.0.422 choice=KJL6L4.0.422.c1 (Island)
[14:49:37] [P1301-decline] tap land for mana used_for=any
[14:49:37] [P1301-decline] submitting interaction iid=KJL6L4.0.423 choice=KJL6L4.0.423.c1 (Island)
[14:49:38] [P1301-decline] playing land island
[14:49:38] [P1301-decline] tap land for mana used_for=any
[14:49:38] [P1301-decline] submitting interaction iid=KJL6L4.0.429 choice=KJL6L4.0.429.c1 (Island)
[14:49:40] [301-decline] playing land island
[14:49:42] [P1301-decline] tap land for mana used_for=any
[14:49:42] [P1301-decline] submitting interaction iid=KJL6L4.0.455 choice=KJL6L4.0.455.c1 (Island)
[14:49:42] [P1301-decline] tap land for mana used_for=any
[14:49:42] [P1301-decline] submitting interaction iid=KJL6L4.0.456 choice=KJL6L4.0.456.c1 (Island)
[14:49:42] [P1301-decline] tap land for mana used_for=any
[14:49:42] [P1301-decline] submitting interaction iid=KJL6L4.0.457 choice=KJL6L4.0.457.c1 (Island)
[14:49:42] [P1301-decline] tap land for mana used_for=any
[14:49:42] [P1301-decline] submitting interaction iid=KJL6L4.0.458 choice=KJL6L4.0.458.c1 (Island)
[14:49:42] [P1301-decline] tap land for mana used_for=any
[14:49:42] [P1301-decline] submitting interaction iid=KJL6L4.0.459 choice=KJL6L4.0.459.c1 (Island)
[14:49:43] [P1301-decline] tap land for mana used_for=any
[14:49:43] [P1301-decline] submitting interaction iid=KJL6L4.0.460 choice=KJL6L4.0.460.c1 (Island)
[14:49:43] [P1301-decline] tap land for mana used_for=any
[14:49:43] [P1301-decline] submitting interaction iid=KJL6L4.0.461 choice=KJL6L4.0.461.c1 (Island)
[14:49:43] [P1301-decline] tap land for mana used_for=any
[14:49:43] [P1301-decline] submitting interaction iid=KJL6L4.0.462 choice=KJL6L4.0.462.c1 (Island)
[14:49:43] [P1301-decline] tap land for mana used_for=any
[14:49:43] [P1301-decline] submitting interaction iid=KJL6L4.0.463 choice=KJL6L4.0.463.c1 (Island)
[14:49:43] [P1301-decline] tap land for mana used_for=any
[14:49:43] [P1301-decline] submitting interaction iid=KJL6L4.0.464 choice=KJL6L4.0.464.c1 (Island)
[14:49:43] [P1301-decline] tap land for mana used_for=any
[14:49:43] [P1301-decline] submitting interaction iid=KJL6L4.0.465 choice=KJL6L4.0.465.c1 (Island)
[14:49:43] [P1301-decline] tap land for mana used_for=any
[14:49:43] [P1301-decline] submitting interaction iid=KJL6L4.0.466 choice=KJL6L4.0.466.c1 (Island)
[14:49:44] [P1301-decline] playing land island
[14:49:45] [P1301-decline] tap land for mana used_for=any
[14:49:45] [P1301-decline] submitting interaction iid=KJL6L4.0.472 choice=KJL6L4.0.472.c1 (Island)
[14:49:47] [301-decline] playing land island
[14:49:49] [P1301-decline] tap land for mana used_for=any
[14:49:49] [P1301-decline] submitting interaction iid=KJL6L4.0.498 choice=KJL6L4.0.498.c1 (Island)
[14:49:49] [P1301-decline] tap land for mana used_for=any
[14:49:49] [P1301-decline] submitting interaction iid=KJL6L4.0.499 choice=KJL6L4.0.499.c1 (Island)
[14:49:49] [P1301-decline] tap land for mana used_for=any
[14:49:49] [P1301-decline] submitting interaction iid=KJL6L4.0.500 choice=KJL6L4.0.500.c1 (Island)
[14:49:49] [P1301-decline] tap land for mana used_for=any
[14:49:49] [P1301-decline] submitting interaction iid=KJL6L4.0.501 choice=KJL6L4.0.501.c1 (Island)
[14:49:49] [P1301-decline] tap land for mana used_for=any
[14:49:49] [P1301-decline] submitting interaction iid=KJL6L4.0.502 choice=KJL6L4.0.502.c1 (Island)
[14:49:49] [P1301-decline] tap land for mana used_for=any
[14:49:49] [P1301-decline] submitting interaction iid=KJL6L4.0.503 choice=KJL6L4.0.503.c1 (Island)
[14:49:50] [P1301-decline] tap land for mana used_for=any
[14:49:50] [P1301-decline] submitting interaction iid=KJL6L4.0.504 choice=KJL6L4.0.504.c1 (Island)
[14:49:50] [P1301-decline] tap land for mana used_for=any
[14:49:50] [P1301-decline] submitting interaction iid=KJL6L4.0.505 choice=KJL6L4.0.505.c1 (Island)
[14:49:50] [P1301-decline] tap land for mana used_for=any
[14:49:50] [P1301-decline] submitting interaction iid=KJL6L4.0.506 choice=KJL6L4.0.506.c1 (Island)
[14:49:50] [P1301-decline] tap land for mana used_for=any
[14:49:50] [P1301-decline] submitting interaction iid=KJL6L4.0.507 choice=KJL6L4.0.507.c1 (Island)
[14:49:50] [P1301-decline] tap land for mana used_for=any
[14:49:50] [P1301-decline] submitting interaction iid=KJL6L4.0.508 choice=KJL6L4.0.508.c1 (Island)
[14:49:50] [P1301-decline] tap land for mana used_for=any
[14:49:50] [P1301-decline] submitting interaction iid=KJL6L4.0.509 choice=KJL6L4.0.509.c1 (Island)
[14:49:50] [P1301-decline] tap land for mana used_for=any
[14:49:50] [P1301-decline] submitting interaction iid=KJL6L4.0.510 choice=KJL6L4.0.510.c1 (Island)
[14:49:51] [P1301-decline] playing land island
[14:49:52] [P1301-decline] tap land for mana used_for=any
[14:49:52] [P1301-decline] submitting interaction iid=KJL6L4.0.516 choice=KJL6L4.0.516.c1 (Island)
[14:49:55] [301-decline] playing land island
[14:49:55] [301-decline] casting Chaos Wand (oid 15)
[14:49:56] [301-decline] tap land for mana used_for=generic
[14:49:56] [301-decline] submitting interaction iid=KJL6L4.0.533 choice=KJL6L4.0.533.c1 (Island)
[14:49:56] [301-decline] tap land for mana used_for=generic
[14:49:56] [301-decline] submitting interaction iid=KJL6L4.0.534 choice=KJL6L4.0.534.c1 (Island)
[14:49:56] [301-decline] tap land for mana used_for=generic
[14:49:56] [301-decline] submitting interaction iid=KJL6L4.0.535 choice=KJL6L4.0.535.c1 (Island)
[14:49:56] [301-decline] DIAG P0301-decline: rev=536 turn=29 phase=PreCombatMain act=0 prio_acts=['PassPriority'] vikind='choose' real_decision=False my_prio=True ops=[{"rtype": "exactChoices", "n_items": 13, "codes": ["candidate", "passPriority", "tapLandForMana"]}]
[14:49:56] [301-decline] DIAG P1301-decline: rev=536 turn=29 phase=PreCombatMain act=0 prio_acts=[] vikind='choose' real_decision=False my_prio=False ops=[]
[14:49:58] [P1301-decline] tap land for mana used_for=any
[14:49:58] [P1301-decline] submitting interaction iid=KJL6L4.0.548 choice=KJL6L4.0.548.c1 (Island)
[14:49:58] [P1301-decline] tap land for mana used_for=any
[14:49:58] [P1301-decline] submitting interaction iid=KJL6L4.0.549 choice=KJL6L4.0.549.c1 (Island)
[14:49:58] [P1301-decline] tap land for mana used_for=any
[14:49:58] [P1301-decline] submitting interaction iid=KJL6L4.0.550 choice=KJL6L4.0.550.c1 (Island)
[14:49:58] [P1301-decline] tap land for mana used_for=any
[14:49:58] [P1301-decline] submitting interaction iid=KJL6L4.0.551 choice=KJL6L4.0.551.c1 (Island)
[14:49:59] [P1301-decline] tap land for mana used_for=any
[14:49:59] [P1301-decline] submitting interaction iid=KJL6L4.0.552 choice=KJL6L4.0.552.c1 (Island)
[14:49:59] [P1301-decline] tap land for mana used_for=any
[14:49:59] [P1301-decline] submitting interaction iid=KJL6L4.0.553 choice=KJL6L4.0.553.c1 (Island)
[14:49:59] [P1301-decline] tap land for mana used_for=any
[14:49:59] [P1301-decline] submitting interaction iid=KJL6L4.0.554 choice=KJL6L4.0.554.c1 (Island)
[14:49:59] [P1301-decline] tap land for mana used_for=any
[14:49:59] [P1301-decline] submitting interaction iid=KJL6L4.0.555 choice=KJL6L4.0.555.c1 (Island)
[14:49:59] [P1301-decline] tap land for mana used_for=any
[14:49:59] [P1301-decline] submitting interaction iid=KJL6L4.0.556 choice=KJL6L4.0.556.c1 (Island)
[14:49:59] [P1301-decline] tap land for mana used_for=any
[14:49:59] [P1301-decline] submitting interaction iid=KJL6L4.0.557 choice=KJL6L4.0.557.c1 (Island)
[14:50:00] [P1301-decline] tap land for mana used_for=any
[14:50:00] [P1301-decline] submitting interaction iid=KJL6L4.0.558 choice=KJL6L4.0.558.c1 (Island)
[14:50:00] [P1301-decline] tap land for mana used_for=any
[14:50:00] [P1301-decline] submitting interaction iid=KJL6L4.0.559 choice=KJL6L4.0.559.c1 (Island)
[14:50:00] [P1301-decline] tap land for mana used_for=any
[14:50:00] [P1301-decline] submitting interaction iid=KJL6L4.0.560 choice=KJL6L4.0.560.c1 (Island)
[14:50:00] [P1301-decline] tap land for mana used_for=any
[14:50:00] [P1301-decline] submitting interaction iid=KJL6L4.0.561 choice=KJL6L4.0.561.c1 (Island)
[14:50:01] [P1301-decline] playing land island
[14:50:01] [P1301-decline] tap land for mana used_for=any
[14:50:01] [P1301-decline] submitting interaction iid=KJL6L4.0.567 choice=KJL6L4.0.567.c1 (Island)
[14:50:03] [301-decline] playing land island
[14:50:04] exporting PRE_ACTIVATION state
[14:50:04] ACTIVATING CHAOS WAND (id 15) via advertised ActivateAbility
[14:50:04] submitting ActivateAbility via ActivateAbility legal_action (holding priority)
[14:50:04] [301-decline] tap land for mana used_for=generic
[14:50:04] [301-decline] submitting interaction iid=KJL6L4.0.584 choice=KJL6L4.0.584.c1 (Island)
[14:50:05] [301-decline] tap land for mana used_for=generic
[14:50:05] [301-decline] submitting interaction iid=KJL6L4.0.585 choice=KJL6L4.0.585.c1 (Island)
[14:50:05] [301-decline] tap land for mana used_for=generic
[14:50:05] [301-decline] submitting interaction iid=KJL6L4.0.586 choice=KJL6L4.0.586.c1 (Island)
[14:50:05] [301-decline] tap land for mana used_for=generic
[14:50:05] [301-decline] submitting interaction iid=KJL6L4.0.587 choice=KJL6L4.0.587.c1 (Island)
[14:50:06] [301-decline] activation watch: wand tapped=True stack=1 needs={'generic': 0} pool={"mana": [{"color": "Blue", "source_id": 2, "pip_id": 131, "snow": false, "restrictions": []}, {"color": "Blue", "source vikind='choose'
[14:50:06] [301-decline] wand ability on the stack
[14:50:06] exporting POST_EXILE checkpoint
[14:50:07] P0 submitting decline: choice id=KJL6L4.0.590.c0
[14:50:09] exporting DECLINE_POST state
[14:50:10] VERDICT: reproduced
