ServerHello OK: {'server_version': '0.85.0', 'build_commit': 'cb58ef5', 'protocol_version': 72, 'mode': 'Full'}
game RNFV91; P0 seat=0; P1 = AI Medium seat
P0 mulligan: Keep
OBSERVED cast #1: AI Audacious Swap on stack (oid 73, turn 7, rev 109)
exported pre.json
OBSERVED cast #1 resolved in 0.3s (rev 111)
exported post.json
OBSERVED cast #2: AI Audacious Swap on stack (oid 75, turn 9, rev 137)
OBSERVED cast #2 resolved in 0.51s (rev 139)
OBSERVED cast #3: AI Audacious Swap on stack (oid 101, turn 12, rev 186)
OBSERVED cast #3 resolved in 0.25s (rev 187)
OBSERVED cast #4: AI Audacious Swap on stack (oid 79, turn 19, rev 299)
OBSERVED cast #4 resolved in 0.25s (rev 301)
OBSERVED cast #5: AI Audacious Swap on stack (oid 100, turn 59, rev 905)
OBSERVED cast #6: AI Audacious Swap on stack (oid 66, turn 59, rev 910)
OBSERVED cast #5 resolved in 5.01s (rev 910)
OBSERVED cast #6 resolved in 0.51s (rev 912)
OBSERVED cast #7: AI Audacious Swap on stack (oid 85, turn 69, rev 1060)
OBSERVED cast #7 resolved in 0.26s (rev 1062)
OBSERVED cast #8: AI Audacious Swap on stack (oid 111, turn 81, rev 1250)
OBSERVED cast #8 resolved in 2.01s (rev 1253)
OBSERVED cast #9: AI Audacious Swap on stack (oid 103, turn 95, rev 1459)
OBSERVED cast #9 resolved in 0.51s (rev 1461)
OBSERVED cast #10: AI Audacious Swap on stack (oid 97, turn 97, rev 1495)
OBSERVED cast #10 resolved in 0.26s (rev 1497)
OBSERVED cast #11: AI Audacious Swap on stack (oid 113, turn 101, rev 1559)
OBSERVED cast #11 resolved in 0.5s (rev 1561)
WATCHDOG: P0 revision static 1662 for 45s; turn=108 phase=Draw wf=GameOver pp=0
watch window complete (420s after first resolution); 11 cast(s) observed
server log: 0 AI stall-signature line(s)
VERDICT: not-reproduced
assertions: {"A1_swap_cast": "passed", "A2_target_chosen": "passed", "A3_no_target_loop": "passed", "A4_swap_resolves": "passed", "A5_cleanup": "passed"}
