[16:18:53] ServerHello: version=0.103.0 build=ec27a8d protocol=106 mode=Full
[16:18:53] data-level: oracle ok=True creature_filter=True exiled_by_source=True multi_target={'min': 0, 'max': {'type': 'Fixed', 'value': 1}}
[16:18:54] P0 creating game...
[16:18:54] P1 joining...
[16:18:55] game 8BFO59; P0 seat=0 P1 seat=1
[16:18:55] [P0] mulligan -> Keep (7: ['swamp', 'espers to magicite', 'swamp', 'swamp', 'swamp', 'espers to magicite', 'espers to magicite'])
[16:18:55] [P1] mulligan -> Keep (7: ['mountain', 'mountain', 'mountain', 'mountain', 'forest', 'mountain', 'forest'])
[16:18:56] [P1] playing land mountain
[16:19:00] [P0] playing land swamp
[16:19:04] [P1] playing land mountain
[16:19:08] [P0] playing land swamp
[16:19:12] [P1] playing land mountain
[16:19:12] [P1] casts Faithless Looting (oid=99)
[16:19:12] [P1] tap land for mana used_for=R
[16:19:12] [P1] submitting interaction iid=8BFO59.0.68 choice=8BFO59.0.68.c2 (Mountain)
[16:19:13] [P1] Looting discards: ['grizzly bears', 'sylvan reclamation']
[16:19:13] Looting resolved (discard done)
[16:19:17] [P0] playing land swamp
[16:19:21] [P1] playing land mountain
[16:19:21] [P1] casts Faithless Looting (oid=117)
[16:19:21] [P1] tap land for mana used_for=R
[16:19:21] [P1] submitting interaction iid=8BFO59.0.103 choice=8BFO59.0.103.c1 (Mountain)
[16:19:22] [P1] Looting discards: ['forest', 'forest']
[16:19:22] Looting resolved (discard done)
[16:19:26] [P0] playing land swamp
[16:19:26] === stage -> CAST (bear_gy=1 recl_gy=1 untapped=4) ===
[16:19:26] [P0] CAST menu: legacy=False vi=False menu=[]
[16:19:28] exported pre.json
[16:19:28] [P0] casts Esper's to Magicite (oid=49)
[16:19:28] Esper's 49 on stack
[16:19:28] Esper's resolved: P1 gy bear=0 recl=0; exile bear=1 recl=1
[16:19:28] exported post_exile.json
[16:19:31] [P1] playing land mountain
[16:19:31] [P1] casts Faithless Looting (oid=113)
[16:19:32] [P1] tap land for mana used_for=R
[16:19:32] [P1] submitting interaction iid=8BFO59.0.143 choice=8BFO59.0.143.c1 (Mountain)
[16:19:32] [P1] Looting discards: ['forest', 'forest']
[16:19:32] Looting resolved (discard done)
[16:19:40] [P1] playing land mountain
[16:19:40] [P1] casts Faithless Looting (oid=74)
[16:19:40] [P1] tap land for mana used_for=R
[16:19:40] [P1] submitting interaction iid=8BFO59.0.177 choice=8BFO59.0.177.c1 (Mountain)
[16:19:41] [P1] Looting discards: ['sylvan reclamation', 'forest']
[16:19:41] Looting resolved (discard done)
[16:19:41] [P1] casts Faithless Looting (oid=82)
[16:19:41] [P1] tap land for mana used_for=R
[16:19:41] [P1] submitting interaction iid=8BFO59.0.182 choice=8BFO59.0.182.c1 (Mountain)
[16:19:42] [P1] Looting discards: ['forest', 'forest']
[16:19:42] Looting resolved (discard done)
[16:19:49] [P0] discards 1: ['swamp']
[16:19:50] [P1] playing land mountain
[16:19:56] [P0] discards 1: ['swamp']
[16:19:58] [P1] playing land mountain
[16:20:05] [P0] discards 1: ['swamp']
[16:20:06] [P1] playing land forest
[16:20:07] [P1] casts Faithless Looting (oid=100)
[16:20:07] [P1] tap land for mana used_for=R
[16:20:07] [P1] submitting interaction iid=8BFO59.0.277 choice=8BFO59.0.277.c1 (Mountain)
[16:20:25] DIAG P0: rev=304 turn=18 phase=Cleanup prio=False decision=True stage=TARGET cast={'menu_logged': True, 'oid': '49', 'in_flight': False, 'stack_seen': True, 'resolved': True, 'rejected': False, 'done': True, 'rev_at_submit': 128, 'wall_at_submit': 1791407968.1341064} prompt=False gy_bear=0 gy_recl=1 untapped=4
[16:21:55] DIAG P0: rev=304 turn=18 phase=Cleanup prio=False decision=True stage=TARGET cast={'menu_logged': True, 'oid': '49', 'in_flight': False, 'stack_seen': True, 'resolved': True, 'rejected': False, 'done': True, 'rev_at_submit': 128, 'wall_at_submit': 1791407968.1341064} prompt=False gy_bear=0 gy_recl=1 untapped=4
[16:23:25] DIAG P0: rev=304 turn=18 phase=Cleanup prio=False decision=True stage=TARGET cast={'menu_logged': True, 'oid': '49', 'in_flight': False, 'stack_seen': True, 'resolved': True, 'rejected': False, 'done': True, 'rev_at_submit': 128, 'wall_at_submit': 1791407968.1341064} prompt=False gy_bear=0 gy_recl=1 untapped=4
[16:24:55] DIAG P0: rev=304 turn=18 phase=Cleanup prio=False decision=True stage=TARGET cast={'menu_logged': True, 'oid': '49', 'in_flight': False, 'stack_seen': True, 'resolved': True, 'rejected': False, 'done': True, 'rev_at_submit': 128, 'wall_at_submit': 1791407968.1341064} prompt=False gy_bear=0 gy_recl=1 untapped=4
[16:26:25] DIAG P0: rev=304 turn=18 phase=Cleanup prio=False decision=True stage=TARGET cast={'menu_logged': True, 'oid': '49', 'in_flight': False, 'stack_seen': True, 'resolved': True, 'rejected': False, 'done': True, 'rev_at_submit': 128, 'wall_at_submit': 1791407968.1341064} prompt=False gy_bear=0 gy_recl=1 untapped=4
