[22:56:45] ServerHello: version=0.105.0 build=965e243 protocol=120 mode=Full
[22:56:45] data-level check: ok=True notes=[] shape={'event': 'Draw', 'head_effect': 'Discard', 'head_condition': 'None', 'mid_effect': 'Draw', 'mid_condition': "{'type': 'EffectOutcome', 'signal': 'OptionalEffectPerformed'}", 'tail_effect': 'Mill', 'tail_condition': "{'type': 'Not', 'condition': {'type': 'EffectOutcome', 'signal': 'OptionalEffectPerformed'}}"}
[22:56:47] game E6XARL; P0 seat=0 P1 seat=1
[22:56:47] [P0] mulligan (7 cards, hand=["blue sun's zenith", 'swamp', 'swamp', 'island', 'island', 'swamp', 'swamp'])
[22:56:47] [P1] keep 7: ['island', 'island', 'island', 'island', 'island', 'island', 'island']
[22:56:47] DIAG turn=1 active=1 phase=Untap pp=['MulliganDecision', 'MulliganDecision', 'MulliganDecision', 'MulliganDecision'] P0hand=7 P1hand=7 chains=False stack=0 stage=setup discards=0
[22:56:48] [P0] keep 7: ['island', 'island', "blue sun's zenith", 'swamp', 'swamp', 'swamp', 'chains of mephistopheles']
[22:56:48] [P0] bottoming ['swamp'] via vi
[22:56:49] [P1] playing land island
[22:56:51] [P0] playing land island
[22:56:54] [P1] playing land island
[22:56:57] [P0] playing land island
[22:57:00] [P1] playing land island
[22:57:02] [P0] playing land swamp
[22:57:02] [P0] casting chains of mephistopheles (oid=12)
[22:57:03] [P1] cast confirmed (stack): chains of mephistopheles oid 12
[22:57:03] [P0] main phase: exporting PRE, then casting Zenith X=1 @P1
[22:57:04] [P0] main phase: exporting PRE, then casting Zenith X=1 @P1
[22:57:04] [P0] main phase: exporting PRE, then casting Zenith X=1 @P1
[22:57:05] [P0] main phase: exporting PRE, then casting Zenith X=1 @P1
[22:57:06] [P1] playing land island
[22:57:09] [P0] playing land swamp
[22:57:09] [P0] main phase: exporting PRE, then casting Zenith X=1 @P1
[22:57:09] [P0] main phase: exporting PRE, then casting Zenith X=1 @P1
[22:57:11] [P0] main phase: exporting PRE, then casting Zenith X=1 @P1
[22:57:11] [P0] main phase: exporting PRE, then casting Zenith X=1 @P1
[22:57:13] [P1] playing land island
[22:57:15] [P0] playing land swamp
[22:57:15] [P0] main phase: exporting PRE, then casting Zenith X=1 @P1
[22:57:16] [P0] main phase: exporting PRE, then casting Zenith X=1 @P1
[22:57:16] [P0] main phase: exporting PRE, then casting Zenith X=1 @P1
[22:57:17] [P0] main phase: exporting PRE, then casting Zenith X=1 @P1
[22:57:18] [P1] playing land island
[22:57:21] [P0] playing land swamp
[22:57:21] [P0] main phase: exporting PRE, then casting Zenith X=1 @P1
[22:57:21] [P0] main phase: exporting PRE, then casting Zenith X=1 @P1
[22:57:22] [P0] main phase: exporting PRE, then casting Zenith X=1 @P1
[22:57:22] [P0] main phase: exporting PRE, then casting Zenith X=1 @P1
[22:57:24] [P1] playing land island
[22:57:26] [P0] playing land island
[22:57:28] [P0] main phase: exporting PRE, then casting Zenith X=1 @P1
[22:57:28] [P0] casting blue sun's zenith (oid=57)
[22:57:28] [P0] submitted Blue Sun's Zenith X=1 @P1
[22:57:29] [P0] Zenith confirmed on stack (turn 14)
[22:57:29] [P0] targeting P1 with Zenith (choice E6XARL.0.208.t1)
[22:57:29] [P0] choosing X=1 for Blue Sun's Zenith
[22:57:29] [P1] P1 discards to Chains via legacy SelectCards: ['island']
[22:57:30] [P0] Zenith resolution window over; exporting POST
[22:57:30] [P0] exported POST
[22:57:30] done flag set; finishing
[22:57:30] resolution deltas: H=6 discards=1 mills=0 hand_after=6 lib 47->46
[22:57:30] rendered summary.png
