[18:17:20] ServerHello: version=0.106.0 build=29e0db3 protocol=126 mode=Full
[18:17:20] data-level check: ok=True notes=[] shape={'event': 'Draw', 'head_effect': 'Discard', 'head_condition': 'None', 'mid_effect': 'Draw', 'mid_condition': "{'type': 'EffectOutcome', 'signal': 'OptionalEffectPerformed'}", 'tail_effect': 'Mill', 'tail_condition': "{'type': 'Not', 'condition': {'type': 'EffectOutcome', 'signal': 'OptionalEffectPerformed'}}"}
[18:17:22] game RMGLLW; P0 seat=0 P1 seat=1
[18:17:22] [P0] keep 7: ['island', 'island', 'island', 'island', 'island', 'chains of mephistopheles', 'island']
[18:17:22] [P1] keep 7: ['island', 'island', 'island', 'island', 'island', 'island', 'island']
[18:17:22] DIAG turn=1 active=0 phase=Untap pp=['MulliganDecision', 'MulliganDecision', 'MulliganDecision', 'MulliganDecision'] P0hand=7 P1hand=7 chains=False stack=0 stage=setup discards=0
[18:17:22] [P0] playing land island
[18:17:25] [P1] playing land island
[18:17:27] [P0] playing land island
[18:17:31] [P1] playing land island
[18:17:34] [P0] playing land island
[18:17:36] [P1] playing land island
[18:17:39] [P0] playing land island
[18:17:41] [P1] playing land island
[18:17:45] [P0] playing land island
[18:17:47] [P1] playing land island
[18:17:49] [P0] playing land island
[18:17:52] [P1] playing land island
[18:17:54] [P0] playing land island
[18:17:57] [P1] playing land island
[18:18:00] [P0] playing land island
[18:18:02] [P1] playing land island
[18:18:05] [P0] playing land swamp
[18:18:05] [P0] casting chains of mephistopheles (oid=14)
[18:18:06] [P1] cast confirmed (stack): chains of mephistopheles oid 14
[18:18:06] [P0] main phase: exporting PRE, then casting Zenith X=1 @P1
[18:18:06] [P0] main phase: exporting PRE, then casting Zenith X=1 @P1
[18:18:07] [P0] main phase: exporting PRE, then casting Zenith X=1 @P1
[18:18:07] [P0] main phase: exporting PRE, then casting Zenith X=1 @P1
[18:18:08] [P1] playing land island
[18:18:11] [P0] playing land swamp
[18:18:11] [P0] main phase: exporting PRE, then casting Zenith X=1 @P1
[18:18:11] [P0] main phase: exporting PRE, then casting Zenith X=1 @P1
[18:18:12] [P0] main phase: exporting PRE, then casting Zenith X=1 @P1
[18:18:12] [P0] main phase: exporting PRE, then casting Zenith X=1 @P1
[18:18:14] [P1] playing land island
[18:18:16] [P0] playing land island
[18:18:16] [P0] main phase: exporting PRE, then casting Zenith X=1 @P1
[18:18:16] [P0] main phase: exporting PRE, then casting Zenith X=1 @P1
[18:18:17] [P0] main phase: exporting PRE, then casting Zenith X=1 @P1
[18:18:17] [P0] main phase: exporting PRE, then casting Zenith X=1 @P1
[18:18:20] [P1] playing land island
[18:18:22] DIAG turn=22 active=1 phase=End pp=[] P0hand=5 P1hand=7 chains=True stack=0 stage=setup discards=0
[18:18:24] [P0] playing land swamp
[18:18:24] [P0] main phase: exporting PRE, then casting Zenith X=1 @P1
[18:18:24] [P0] main phase: exporting PRE, then casting Zenith X=1 @P1
[18:18:25] [P0] main phase: exporting PRE, then casting Zenith X=1 @P1
[18:18:25] [P0] main phase: exporting PRE, then casting Zenith X=1 @P1
[18:18:26] [P1] playing land island
[18:18:28] [P0] playing land swamp
[18:18:29] [P0] main phase: exporting PRE, then casting Zenith X=1 @P1
[18:18:29] [P0] main phase: exporting PRE, then casting Zenith X=1 @P1
[18:18:30] [P0] main phase: exporting PRE, then casting Zenith X=1 @P1
[18:18:30] [P0] main phase: exporting PRE, then casting Zenith X=1 @P1
[18:18:31] [P1] playing land island
[18:18:33] [P0] playing land swamp
[18:18:33] [P0] main phase: exporting PRE, then casting Zenith X=1 @P1
[18:18:34] [P0] main phase: exporting PRE, then casting Zenith X=1 @P1
[18:18:34] [P0] main phase: exporting PRE, then casting Zenith X=1 @P1
[18:18:35] [P0] main phase: exporting PRE, then casting Zenith X=1 @P1
[18:18:36] [P1] playing land island
[18:18:39] [P0] playing land swamp
[18:18:39] [P0] main phase: exporting PRE, then casting Zenith X=1 @P1
[18:18:39] [P0] casting blue sun's zenith (oid=18)
[18:18:40] [P0] submitted Blue Sun's Zenith X=1 @P1
[18:18:40] [P0] Zenith confirmed on stack (turn 29)
[18:18:40] [P0] targeting P1 with Zenith (choice RMGLLW.0.431.t1)
[18:18:40] [P0] choosing X=1 for Blue Sun's Zenith
[18:18:41] [P1] P1 discards to Chains via legacy SelectCards: ['island']
[18:18:41] [P0] Zenith resolution window over; exporting POST
[18:18:41] [P0] exported POST
[18:18:41] done flag set; finishing
[18:18:41] resolution deltas: H=7 discards=1 mills=0 hand_after=7 lib 39->38
[18:18:41] rendered summary.png
