ServerHello: 0.106.0/29e0db3/protocol 126/Full
data-level check: ok=True notes=[]
game 71565F; P0 seat=0 P1 seat=1
[P0] keep 7: ['mountain', 'mountain', 'fateful tempest', 'mountain', 'mountain', 'mountain', 'mountain'] (mull_count=1)
[P1] keep 7: ['mountain', 'mountain', 'mountain', 'mountain', 'mountain', 'mountain', 'mountain'] (mull_count=1)
DIAG turn=1 active=1 phase=Untap vikind=mulligan P0hand=['mountain', 'mountain', 'fateful tempest', 'mountain', 'mountain', 'mountain', 'mountain'] P0lands=0 life=20/20 stack=0 cast=False vote=False pre=False post=False
[P1] tap land for mana used_for=any
[P1] submitting interaction iid=71565F.0.7 choice=71565F.0.7.c1 (candidate | tapLandForMana | Mountain)
[P1] tap land for mana used_for=any
[P1] submitting interaction iid=71565F.0.33 choice=71565F.0.33.c1 (candidate | tapLandForMana | Mountain)
[P1] tap land for mana used_for=any
[P1] submitting interaction iid=71565F.0.39 choice=71565F.0.39.c1 (candidate | tapLandForMana | Mountain)
[P1] tap land for mana used_for=any
[P1] submitting interaction iid=71565F.0.65 choice=71565F.0.65.c1 (candidate | tapLandForMana | Mountain)
[P1] tap land for mana used_for=any
[P1] submitting interaction iid=71565F.0.66 choice=71565F.0.66.c1 (candidate | tapLandForMana | Mountain)
[P1] tap land for mana used_for=any
[P1] submitting interaction iid=71565F.0.72 choice=71565F.0.72.c1 (candidate | tapLandForMana | Mountain)
[P0] P0 main phase: exporting PRE, then casting Fateful Tempest
[P0] P0 casts Fateful Tempest (turn 6, oid 51)
[P0] exported MID (Tempest on stack)
[P0] Tempest resolved; exporting POST
[P0] exported POST
post exported; finishing
milled=[] mv_sum=0 dmg_p1=0 exiled=[]
server excerpts: 188 game-code lines, 0 CastSpell-applied lines
