server identity hashes verified against on-disk pinned artifacts
P0 creating game...
P1 joining...
game 7TEE0Q; seats 0/1
[P0] mulligan -> Keep (prior mulligans: 0)
[P1] mulligan -> Keep (prior mulligans: 0)
[P1] discarding to hand size: ['Forest']
P0 casts Llanowar Elves (0 on bf)
[P1] discarding to hand size: ['Forest']
[P0] declares empty (DeclareAttackers)
[P1] discarding to hand size: ['Forest']
[P0] declares empty (DeclareAttackers)
[P1] discarding to hand size: ['Forest']
[P0] declares empty (DeclareAttackers)
[P1] discarding to hand size: ['Forest']
[P0] declares empty (DeclareAttackers)
[P1] discarding to hand size: ['Forest']
P0 casts Llanowar Elves (1 on bf)
exported pre.json
=== stage -> MAIN (elves=2 keepers_in_hand=1 untapped_forests=6) ===
[P0] declares empty (DeclareAttackers)
MAIN menu: 2 castSpell choices: [('10', 'Cantankerous Keepers', 'hand'), ('10', 'Cantankerous Keepers', 'hand')]
Keepers cast: oid=10 offered=True (legal_actions)
Keepers cast: on stack
Keepers cast: on battlefield
exported post.json
=== Keepers cast done (bf_seen=True) -> stop ===
