[11:17:12] server identity hashes verified against on-disk pinned artifacts
[11:17:14] ServerHello: version=0.105.0 build=965e243 protocol=120 mode=Full
[11:17:14] data-level finding: v0.105.0 card data still collapses Dargo's cost into a single ModifyCost { Reduce {2}, dynamic_count: TrackedSetSize } with condition AdditionalCostPaid; the 'each other artifact or creature you've sacrificed this turn' reduction is absent from the parse (same as v0.98.0).
[11:17:15] P0 creating game...
[11:17:15] P1 joining...
[11:17:16] game DLXV7V; P0 seat=0 P1 seat=1
[11:17:17] [P0] mulligan -> Keep (hand=['mountain', 'dargo, the shipwrecker', 'mountain', 'mountain', 'mountain', 'mountain', 'memnite'])
[11:17:17] [P1] mulligan -> Keep (hand=['mountain', 'mountain', 'mountain', 'mountain', 'mountain', 'mountain', 'mountain'])
[11:17:17] [P0] playing land mountain
[11:17:18] [P0] casts Memnite (32)
[11:17:18] [P0] action confirmed (stack): memnite oid 32
[11:17:25] [P1] discards 1: ['mountain']
[11:17:26] [P0] playing land mountain
[11:17:28] [P0] declare no attackers
[11:17:33] [P1] discards 1: ['mountain']
[11:17:34] [P0] playing land mountain
[11:17:36] [P0] declare no attackers
[11:17:41] [P1] discards 1: ['mountain']
[11:17:42] [P0] playing land mountain
[11:17:43] [P0] declare no attackers
[11:17:54] [P1] discards 1: ['mountain']
[11:17:56] [P0] playing land mountain
[11:17:57] [P0] declare no attackers
[11:18:02] [P1] discards 1: ['mountain']
[11:18:03] [P0] playing land mountain
[11:18:05] [P0] declare no attackers
[11:18:10] [P1] discards 1: ['mountain']
[11:18:11] [P0] playing land mountain
[11:18:12] [P0] declare no attackers
[11:18:17] DIAG p0: rev=213 turn=14 phase=BeginCombat step=SETUP prio=True decision=False cast=None legend=0
[11:18:19] [P1] discards 1: ['mountain']
[11:18:20] [P0] playing land mountain
[11:18:21] [P0] declare no attackers
[11:18:27] [P1] discards 1: ['mountain']
[11:18:28] [P0] playing land mountain
[11:18:30] [P0] declare no attackers
[11:18:35] [P1] discards 1: ['mountain']
[11:18:37] [P0] playing land mountain
[11:18:38] [P0] declare no attackers
[11:18:43] [P1] discards 1: ['mountain']
[11:18:44] [P0] playing land mountain
[11:18:47] [P0] declare no attackers
[11:18:52] [P1] discards 1: ['mountain']
[11:18:54] [P0] playing land mountain
[11:18:55] [P0] declare no attackers
[11:19:00] [P1] discards 1: ['mountain']
[11:19:02] [P0] casts Memnite (41)
[11:19:02] [P0] action confirmed (stack): memnite oid 41
[11:19:04] [P0] declare no attackers
[11:19:09] [P1] discards 1: ['mountain']
[11:19:11] [P0] casts Goblin Bombardment (34)
[11:19:11] [P0] action confirmed (stack): goblin bombardment oid 34
[11:19:13] [P0] declare no attackers
[11:19:17] DIAG p0: rev=435 turn=28 phase=EndCombat step=SETUP prio=False decision=False cast=None legend=0
[11:19:19] [P1] discards 1: ['mountain']
[11:19:20] [P0] playing land mountain
[11:19:22] [P0] declare no attackers
[11:19:28] [P1] discards 1: ['mountain']
[11:19:30] [P0] playing land mountain
[11:19:31] [P0] declare no attackers
[11:19:37] [P1] discards 1: ['mountain']
[11:19:39] [P0] playing land mountain
[11:19:40] [P0] declare no attackers
[11:19:46] [P1] discards 1: ['mountain']
[11:19:47] [P0] playing land mountain
[11:19:49] [P0] declare no attackers
[11:19:54] [P1] discards 1: ['mountain']
[11:19:56] [P0] playing land mountain
[11:19:57] [P0] declare no attackers
[11:20:03] [P1] discards 1: ['mountain']
[11:20:05] [P0] playing land mountain
[11:20:06] [P0] declare no attackers
[11:20:13] [P1] discards 1: ['mountain']
[11:20:16] [P0] declare no attackers
[11:20:17] DIAG p0: rev=640 turn=41 phase=PostCombatMain step=SETUP prio=False decision=False cast=None legend=0
[11:20:21] [P1] discards 1: ['mountain']
[11:20:23] [P0] casts Memnite (17)
[11:20:23] [P0] action confirmed (stack): memnite oid 17
[11:20:25] [P0] declare no attackers
[11:20:31] [P1] discards 1: ['mountain']
[11:20:32] [P0] playing land mountain
[11:20:34] [P0] declare no attackers
[11:20:39] [P1] discards 1: ['mountain']
[11:20:41] [P0] playing land mountain
[11:20:42] [P0] declare no attackers
[11:20:49] [P1] discards 1: ['mountain']
[11:20:51] [P0] playing land mountain
[11:20:53] [P0] declare no attackers
[11:21:00] [P1] discards 1: ['mountain']
[11:21:04] [P0] declare no attackers
[11:21:12] [P1] discards 1: ['mountain']
[11:21:14] [P0] playing land mountain
[11:21:16] [P0] declare no attackers
[11:21:17] DIAG p0: rev=826 turn=53 phase=PostCombatMain step=SETUP prio=True decision=False cast=None legend=0
[11:21:24] [P1] discards 1: ['mountain']
[11:21:26] [P0] playing land mountain
[11:21:29] [P0] declare no attackers
[11:21:36] [P1] discards 1: ['mountain']
[11:21:37] [P0] playing land mountain
[11:21:39] [P0] declare no attackers
[11:21:46] [P1] discards 1: ['mountain']
[11:21:48] [P0] playing land mountain
[11:21:50] [P0] declare no attackers
[11:21:56] [P1] discards 1: ['mountain']
[11:21:59] [P0] declare no attackers
[11:22:01] [P0] discards 1: ['dargo, the shipwrecker']
[11:22:06] [P1] discards 1: ['mountain']
[11:22:07] [P0] playing land mountain
[11:22:09] [P0] declare no attackers
[11:22:16] [P1] discards 1: ['mountain']
[11:22:17] DIAG p0: rev=1003 turn=65 phase=Draw step=SETUP prio=False decision=False cast=None legend=0
[11:22:18] [P0] casts Memnite (53)
[11:22:18] [P0] action confirmed (stack): memnite oid 53
[11:22:19] exported pre.json
[11:22:19] === stage -> ACTIVATE_BOMBARD ===
[11:22:20] [P0] declare no attackers
[11:22:21] [P0] activates Bombardment (plan sac Memnite 17)
[11:22:22] [P0] Bombardment targets P1
[11:22:22] [P0] submitting target: id=DLXV7V.0.1015.t1 kind=sequence ()
[11:22:22] [P0] action confirmed (ability(cost answered=True, memnites=4)): goblin bombardment oid 34
[11:22:22] [P0] Bombardment sacrifices Memnite (['DLXV7V.0.1016.s2'])
[11:22:25] === bombardment activation done -> LEG1 ===
[11:22:31] [P1] discards 1: ['mountain']
[11:22:33] [P0] playing land mountain
[11:22:34] [P0] casts LEG1 (Dargo 15); untapped_before=27
[11:22:34] [P0] LEG1: optional additional-cost prompt seen
[11:22:34] [P0] LEG1: additional cost -> DECLINE
[11:22:34] [P0] submitting interaction iid=DLXV7V.0.1044 choice=DLXV7V.0.1044.c1 (false)
[11:22:34] [P0] action confirmed (stack): dargo, the shipwrecker oid 15
[11:22:35] exported post_leg1.json
[11:22:35] LEG1 resolved: spent=7 (before=27 after=20 pool_after=0 manual_taps=0)
[11:22:35] === -> LEG2 ===
[11:22:40] [P0] casts LEG2 (Dargo 27); untapped_before=20
[11:22:40] [P0] LEG2: additional cost -> PAY
[11:22:40] [P0] submitting interaction iid=DLXV7V.0.1048 choice=DLXV7V.0.1048.c2 (true)
[11:22:41] [P0] LEG2: sacrifice count -> 2
[11:22:41] [P0] LEG2: sacrificing 2 permanents
[11:22:41] [P0] action confirmed (stack): dargo, the shipwrecker oid 27
[11:22:42] [P0] legend rule: keeps first (advertised action)
[11:22:42] exported post_leg2.json
[11:22:42] LEG2 resolved: spent=3 (before=20 after=17 pool_after=0 manual_taps=0)
[11:22:42] === LEG2 done; finishing ===
[11:22:42] A1_setup_ok: passed
[11:22:42] A2_additional_offered: passed
[11:22:42] A3_prior_discount: failed
[11:22:42] A4_additional_discount: failed
[11:22:42] A5_cleanup: passed
[11:22:42] DONE verdict=reproduced assertions={"A1_setup_ok": "passed", "A2_additional_offered": "passed", "A3_prior_discount": "failed", "A4_additional_discount": "failed", "A5_cleanup": "passed"}
[11:22:43] rendered /home/hatch/workspace/dev/phase-backfill/evidence/6860/run-6860-reval-v01050-20261010-1113/summary.png
[11:22:43] manifest written (9 files)
