game UYTQ2R; P0 seat=0 P1 seat=1
P0 keeps (titania=True, looting=True, lands=5)
P1 keeps 7
DIAG turn=1 active=1 phase=Untap wf=MulliganDecision pp=1 looting=0 titania_cast=False mesa_gy=False mesa_bf=False repl_waits=0
[P1] interaction rtype=exactChoices spec=None n_choices=1 choices=[]
[P0] interaction rtype=exactChoices spec=None n_choices=1 choices=[]
[P1] interaction rtype=exactChoices spec=None n_choices=8 choices=[ // Forest // Forest // Forest // Forest // Forest // Forest // Forest]
[P1] interaction rtype=exactChoices spec=None n_choices=2 choices=[ // Forest]
[P0] interaction rtype=exactChoices spec=None n_choices=7 choices=[ // Forest // Forest // Mountain // Mountain // Forest // Forest]
[P0] interaction rtype=exactChoices spec=None n_choices=2 choices=[ // Forest]
[P1] interaction rtype=exactChoices spec=None n_choices=9 choices=[ // Forest // Forest // Forest // Forest // Forest // Forest // Forest // Forest]
[P1] interaction rtype=exactChoices spec=None n_choices=3 choices=[ // Forest // Forest]
[P0] interaction rtype=exactChoices spec=None n_choices=8 choices=[ // Forest // Forest // Mountain // Mountain // Forest // Forest // Forest]
[P0] interaction rtype=exactChoices spec=None n_choices=3 choices=[ // Forest // Forest]
[P1] interaction rtype=exactChoices spec=None n_choices=10 choices=[ // Forest // Forest // Forest // Forest // Forest // Forest // Forest // Forest // Forest]
[P1] interaction rtype=exactChoices spec=None n_choices=4 choices=[ // Forest // Forest // Forest]
[P0] interaction rtype=exactChoices spec=None n_choices=9 choices=[ // Forest // Forest // Mountain // Mountain // Forest // Forest // Forest // Forest]
[P0] interaction rtype=exactChoices spec=None n_choices=4 choices=[ // Forest // Forest // Forest]
[P1] interaction rtype=exactChoices spec=None n_choices=11 choices=[ // Forest // Forest // Forest // Forest // Forest // Forest // Forest // Forest // Forest // Forest]
[P1] interaction rtype=exactChoices spec=None n_choices=5 choices=[ // Forest // Forest // Forest // Forest]
[P0] interaction rtype=exactChoices spec=None n_choices=9 choices=[ // Forest // Mountain // Mountain // Forest // Forest // Forest // Forest // Forest]
[P0] interaction rtype=exactChoices spec=None n_choices=5 choices=[ // Forest // Forest // Forest // Forest]
[P1] interaction rtype=exactChoices spec=None n_choices=6 choices=[ // Forest // Forest // Forest // Forest // Forest]
[P0] interaction rtype=exactChoices spec=None n_choices=10 choices=[ // Mountain // Mountain // Mountain // Forest // Forest // Forest // Forest // Forest // Forest]
[P0] interaction rtype=exactChoices spec=None n_choices=12 choices=[ // Titania, Protector of Argoth // Titania, Protector of Argoth // Faithless Looting // Faithless Looting // Faithless Looting // Faithless Looting // Forest // Forest // Forest // Forest // Mountain]
P0 casts Faithless Looting (#1)
[P0] interaction rtype=schema spec=select n_choices=8 choices=[Forest // Mountain // Titania, Protector of Argoth // Forest // Faithless Looting // Mountain // Forest // Mountain]
P0 discards ['forest', 'forest']
P1 discards ['forest', 'forest']
[P1] interaction rtype=exactChoices spec=None n_choices=7 choices=[ // Forest // Forest // Forest // Forest // Forest // Forest]
[P0] interaction rtype=exactChoices spec=None n_choices=6 choices=[ // Forest // Forest // Forest // Forest // Mountain]
[P0] interaction rtype=exactChoices spec=None n_choices=18 choices=[ // Mountain // Mountain // Mountain // Forest // Faithless Looting // Faithless Looting // Titania, Protector of Argoth // Titania, Protector of Argoth // Faithless Looting // Faithless Looting // Fa]
P0 casts Faithless Looting (#2)
[P0] interaction rtype=schema spec=select n_choices=8 choices=[Mountain // Titania, Protector of Argoth // Faithless Looting // Mountain // Forest // Mountain // Faithless Looting // Mountain]
P0 discards ['forest', 'mountain']
P1 discards ['forest', 'forest']
[P0] interaction rtype=exactChoices spec=None n_choices=8 choices=[ // Mountain // Mountain // Mountain // Forest // Forest // Forest // Forest]
[P0] interaction rtype=exactChoices spec=None n_choices=16 choices=[ // Faithless Looting // Faithless Looting // Titania, Protector of Argoth // Titania, Protector of Argoth // Faithless Looting // Faithless Looting // Faithless Looting // Faithless Looting // Faithl]
[P0] interaction rtype=exactChoices spec=None n_choices=6 choices=[ // Mountain // Forest // Forest // Forest // Forest]
[P0] interaction rtype=exactChoices spec=None n_choices=7 choices=[ // Mountain // Forest // Forest // Forest // Forest // Mountain]
[P0] interaction rtype=exactChoices spec=None n_choices=21 choices=[ // Mountain // Mountain // Faithless Looting // Faithless Looting // Titania, Protector of Argoth // Titania, Protector of Argoth // Titania, Protector of Argoth // Titania, Protector of Argoth // Fa]
[P0] interaction rtype=exactChoices spec=None n_choices=8 choices=[ // Mountain // Forest // Forest // Forest // Forest // Mountain // Mountain]
[P0] interaction rtype=exactChoices spec=None n_choices=22 choices=[ // Forest // Mountain // Faithless Looting // Faithless Looting // Titania, Protector of Argoth // Titania, Protector of Argoth // Titania, Protector of Argoth // Titania, Protector of Argoth // Fait]
[P0] interaction rtype=exactChoices spec=None n_choices=9 choices=[ // Mountain // Forest // Forest // Forest // Forest // Forest // Mountain // Mountain]
[P0] interaction rtype=exactChoices spec=None n_choices=24 choices=[ // Mountain // Faithless Looting // Faithless Looting // Titania, Protector of Argoth // Titania, Protector of Argoth // Titania, Protector of Argoth // Titania, Protector of Argoth // Faithless Loot]
[P0] interaction rtype=exactChoices spec=None n_choices=10 choices=[ // Mountain // Forest // Forest // Forest // Forest // Forest // Mountain // Mountain // Mountain]
[P0] interaction rtype=exactChoices spec=None n_choices=25 choices=[ // Forest // Faithless Looting // Faithless Looting // Titania, Protector of Argoth // Titania, Protector of Argoth // Titania, Protector of Argoth // Titania, Protector of Argoth // Faithless Lootin]
[P0] interaction rtype=exactChoices spec=None n_choices=11 choices=[ // Mountain // Forest // Forest // Forest // Forest // Forest // Forest // Mountain // Mountain // Mountain]
[P0] interaction rtype=exactChoices spec=None n_choices=27 choices=[ // Mirage Mesa // Faithless Looting // Faithless Looting // Titania, Protector of Argoth // Titania, Protector of Argoth // Titania, Protector of Argoth // Titania, Protector of Argoth // Faithless L]
DIAG turn=24 active=0 phase=EndCombat wf=Priority pp=1 looting=2 titania_cast=False mesa_gy=False mesa_bf=False repl_waits=0
[P0] interaction rtype=exactChoices spec=None n_choices=29 choices=[ // Mirage Mesa // Titania, Protector of Argoth // Titania, Protector of Argoth // Faithless Looting // Faithless Looting // Titania, Protector of Argoth // Titania, Protector of Argoth // Titania, Pr]
[P0] interaction rtype=exactChoices spec=None n_choices=30 choices=[ // Mirage Mesa // Forest // Titania, Protector of Argoth // Titania, Protector of Argoth // Faithless Looting // Faithless Looting // Titania, Protector of Argoth // Titania, Protector of Argoth // T]
[P0] interaction rtype=exactChoices spec=None n_choices=13 choices=[ // Mountain // Forest // Forest // Forest // Forest // Forest // Forest // Mountain // Forest // Mountain // Forest // Mountain]
[P0] interaction rtype=exactChoices spec=None n_choices=32 choices=[ // Mirage Mesa // Mirage Mesa // Titania, Protector of Argoth // Titania, Protector of Argoth // Faithless Looting // Faithless Looting // Titania, Protector of Argoth // Titania, Protector of Argoth]
[P0] interaction rtype=schema spec=select n_choices=8 choices=[Titania, Protector of Argoth // Faithless Looting // Faithless Looting // Titania, Protector of Argoth // Faithless Looting // Mirage Mesa // Titania, Protector of Argoth // Mirage Mesa]
P0 discards ['mirage mesa']
P1 discards ['forest']
[P0] interaction rtype=exactChoices spec=None n_choices=32 choices=[ // Mirage Mesa // Mountain // Titania, Protector of Argoth // Titania, Protector of Argoth // Faithless Looting // Faithless Looting // Titania, Protector of Argoth // Titania, Protector of Argoth //]
P0 casts Titania, Protector of Argoth
[P0] interaction rtype=exactChoices spec=None n_choices=9 choices=[ // Mountain // Forest // Forest // Mountain // Forest // Forest // Mountain // Forest]
[P0] interaction rtype=schema spec=sequence n_choices=5 choices=[Forest // Forest // Forest // Mountain // Mirage Mesa]
[P0] ETB target: selecting Mirage Mesa
PRE exported: Titania BF, Mesa gy=True
[P0] interaction rtype=schema spec=text n_choices=5 choices=[White // Blue // Black // Red // Green]
[P0] color choice: answering White (candidates=5)
[P0] interaction rtype=exactChoices spec=None n_choices=25 choices=[ // Mirage Mesa // Mountain // Faithless Looting // Faithless Looting // Titania, Protector of Argoth // Titania, Protector of Argoth // Titania, Protector of Argoth // Titania, Protector of Argoth //]
POST exported (Mesa on battlefield, stack settled)
post exported; finishing
