[2m2026-09-12T20:47:52.529887Z[0m [32m INFO[0m [2mphase_server[0m[2m:[0m card database loaded [3mcards[0m[2m=[0m35918
[2m2026-09-12T20:47:53.946773Z[0m [32m INFO[0m [2mphase_server::persistence[0m[2m:[0m Game database opened at /home/hatch/workspace/dev/phase-backfill/runs/20260912-6902/games.db
[2m2026-09-12T20:47:54.169694Z[0m [32m INFO[0m [2mphase_server[0m[2m:[0m phase-server listening [3mbind[0m[2m=[0m127.0.0.1 [3mport[0m[2m=[0m9374
[2m2026-09-12T20:51:29.250835Z[0m [32m INFO[0m [1mws_message[0m[2m:[0m [2mserver_core::session[0m[2m:[0m game session created [3mgame[0m[2m=[0m2AXUJW [3mplayer_count[0m[2m=[0m2
[2m2026-09-12T20:51:29.274443Z[0m [32m INFO[0m [1mws_message[0m[2m:[0m [2mphase_server[0m[2m:[0m game created via lobby [3mgame[0m[2m=[0m2AXUJW [3mhost[0m[2m=[0mP0 [3mplayers[0m[2m=[0m2
[2m2026-09-12T20:51:29.362059Z[0m [32m INFO[0m [1mws_message[0m[2m:[0m [2mphase_server[0m[2m:[0m JoinGameWithPassword [3mgame[0m[2m=[0m2AXUJW [3mjoiner[0m[2m=[0mP1
[2m2026-09-12T20:51:29.362262Z[0m [32m INFO[0m [1mws_message[0m[2m:[0m [2mserver_core::session[0m[2m:[0m player joined session [3mgame[0m[2m=[0m2AXUJW [3mplayer[0m[2m=[0mPlayerId(1) [3mseat[0m[2m=[0m1
[2m2026-09-12T20:51:29.382030Z[0m [32m INFO[0m [1mws_message[0m[2m:[0m [2mphase_server[0m[2m:[0m player joined via lobby [3mgame[0m[2m=[0m2AXUJW [3mplayer[0m[2m=[0mPlayerId(1)
[2m2026-09-12T20:51:29.532703Z[0m [32m INFO[0m [1mws_message[0m[2m:[0m[1mgame_session[0m[1m{[0m[3mgame[0m[2m=[0m2AXUJW [3mplayer[0m[2m=[0mPlayerId(1)[1m}[0m[2m:[0m [2mserver_core::session[0m[2m:[0m action applied [3mgame[0m[2m=[0m2AXUJW [3mplayer[0m[2m=[0mPlayerId(1) [3maction_type[0m[2m=[0m"MulliganDecision" [3mevent_count[0m[2m=[0m0
[2m2026-09-12T20:51:29.554905Z[0m [32m INFO[0m [1mws_message[0m[2m:[0m[1mgame_session[0m[1m{[0m[3mgame[0m[2m=[0m2AXUJW [3mplayer[0m[2m=[0mPlayerId(1)[1m}[0m[2m:[0m [2mphase_server[0m[2m:[0m game submission processed (lock held) [3mgame[0m[2m=[0m2AXUJW [3mkind[0m[2m=[0m"action" [3mlock_ms[0m[2m=[0m22 [3mai_actions[0m[2m=[0m0
[2m2026-09-12T20:51:29.565688Z[0m [33m WARN[0m [2mphase_server[0m[2m:[0m Full snapshot was no longer current [3mgame[0m[2m=[0m2AXUJW [3mdisposition[0m[2m=[0mSupersededOrRetired
[2m2026-09-12T20:51:29.686784Z[0m [32m INFO[0m [1mws_message[0m[2m:[0m[1mgame_session[0m[1m{[0m[3mgame[0m[2m=[0m2AXUJW [3mplayer[0m[2m=[0mPlayerId(0)[1m}[0m[2m:[0m [2mserver_core::session[0m[2m:[0m action applied [3mgame[0m[2m=[0m2AXUJW [3mplayer[0m[2m=[0mPlayerId(0) [3maction_type[0m[2m=[0m"MulliganDecision" [3mevent_count[0m[2m=[0m1
[2m2026-09-12T20:51:29.691904Z[0m [32m INFO[0m [1mws_message[0m[2m:[0m[1mgame_session[0m[1m{[0m[3mgame[0m[2m=[0m2AXUJW [3mplayer[0m[2m=[0mPlayerId(0)[1m}[0m[2m:[0m [2mphase_server[0m[2m:[0m game submission processed (lock held) [3mgame[0m[2m=[0m2AXUJW [3mkind[0m[2m=[0m"action" [3mlock_ms[0m[2m=[0m9 [3mai_actions[0m[2m=[0m0
[2m2026-09-12T20:51:29.836285Z[0m [32m INFO[0m [1mws_message[0m[2m:[0m[1mgame_session[0m[1m{[0m[3mgame[0m[2m=[0m2AXUJW [3mplayer[0m[2m=[0mPlayerId(1)[1m}[0m[2m:[0m [2mserver_core::session[0m[2m:[0m action applied [3mgame[0m[2m=[0m2AXUJW [3mplayer[0m[2m=[0mPlayerId(1) [3maction_type[0m[2m=[0m"PassPriority" [3mevent_count[0m[2m=[0m1
[2m2026-09-12T20:51:29.839462Z[0m [32m INFO[0m [1mws_message[0m[2m:[0m[1mgame_session[0m[1m{[0m[3mgame[0m[2m=[0m2AXUJW [3mplayer[0m[2m=[0mPlayerId(1)[1m}[0m[2m:[0m [2mphase_server[0m[2m:[0m game submission processed (lock held) [3mgame[0m[2m=[0m2AXUJW [3mkind[0m[2m=[0m"action" [3mlock_ms[0m[2m=[0m4 [3mai_actions[0m[2m=[0m0
[2m2026-09-12T20:51:29.987738Z[0m [32m INFO[0m [1mws_message[0m[2m:[0m[1mgame_session[0m[1m{[0m[3mgame[0m[2m=[0m2AXUJW [3mplayer[0m[2m=[0mPlayerId(0)[1m}[0m[2m:[0m [2mserver_core::session[0m[2m:[0m action applied [3mgame[0m[2m=[0m2AXUJW [3mplayer[0m[2m=[0mPlayerId(0) [3maction_type[0m[2m=[0m"PassPriority" [3mevent_count[0m[2m=[0m2
[2m2026-09-12T20:51:29.998393Z[0m [32m INFO[0m [1mws_message[0m[2m:[0m[1mgame_session[0m[1m{[0m[3mgame[0m[2m=[0m2AXUJW [3mplayer[0m[2m=[0mPlayerId(0)[1m}[0m[2m:[0m [2mphase_server[0m[2m:[0m game submission processed (lock held) [3mgame[0m[2m=[0m2AXUJW [3mkind[0m[2m=[0m"action" [3mlock_ms[0m[2m=[0m11 [3mai_actions[0m[2m=[0m0
[2m2026-09-12T20:51:30.144429Z[0m [32m INFO[0m [1mws_message[0m[2m:[0m[1mgame_session[0m[1m{[0m[3mgame[0m[2m=[0m2AXUJW [3mplayer[0m[2m=[0mPlayerId(1)[1m}[0m[2m:[0m [2mserver_core::session[0m[2m:[0m action applied [3mgame[0m[2m=[0m2AXUJW [3mplayer[0m[2m=[0mPlayerId(1) [3maction_type[0m[2m=[0m"PlayLand" [3mevent_count[0m[2m=[0m2
[2m2026-09-12T20:51:30.156485Z[0m [32m INFO[0m [1mws_message[0m[2m:[0m[1mgame_session[0m[1m{[0m[3mgame[0m[2m=[0m2AXUJW [3mplayer[0m[2m=[0mPlayerId(1)[1m}[0m[2m:[0m [2mphase_server[0m[2m:[0m game submission processed (lock held) [3mgame[0m[2m=[0m2AXUJW [3mkind[0m[2m=[0m"action" [3mlock_ms[0m[2m=[0m17 [3mai_actions[0m[2m=[0m0
[2m2026-09-12T20:51:30.243381Z[0m [32m INFO[0m [1mws_message[0m[2m:[0m[1mgame_session[0m[1m{[0m[3mgame[0m[2m=[0m2AXUJW [3mplayer[0m[2m=[0mPlayerId(1)[1m}[0m[2m:[0m [2mserver_core::session[0m[2m:[0m action applied [3mgame[0m[2m=[0m2AXUJW [3mplayer[0m[2m=[0mPlayerId(1) [3maction_type[0m[2m=[0m"PassPriority" [3mevent_count[0m[2m=[0m1
