server identity hashes verified against on-disk pinned artifacts
data-level check: a1 head=Unimplemented/unparsed_verb_arguments; sub=ChangeZone/{'type': 'TrackedSet', 'id': 0}; subsub=Shuffle; cond=DistinctCardTypes GE 4; a0=RevealHand+ChangeZone; mana={"type": "Cost", "shards": ["Black"], "generic": 2}
game created: code=M0FEDV
[P0] keep 7
[P1] keep 7
[P0] casting Ornithopter (oid 28)
[P0] cast oid 28 left hand (zone Stack); payment complete, needs cleared
[P0] stage -> bolt
[P0] casting Lightning Bolt at own Ornithopter (oid 16)
[P0] target-debug dumped for kind=bolt_own_thopter (wf=TargetSelection, n_opps=1)
[P0] answering bolt_own_thopter target: thopter 28
[P0] cast oid 16 left hand (zone Stack); payment complete, needs cleared
[P0] stage -> brain1
[P0] casting Pick the Brain (setup; oid 7)
[P0] cast oid 7 left hand (zone Stack); payment complete, needs cleared
[P0] brain1 hand-choice (exactChoices): exiling lightning bolt (oid 74)
[P0] stage -> delirium
[P0] delirium active (['Artifact', 'Creature', 'Instant', 'Sorcery']); stage -> brain2
exported pre.json
[arm] pre.json exported: P0 GY types=['Artifact', 'Creature', 'Instant', 'Sorcery']; P1 bolts by zone={"Hand": 5, "Library": 14, "Graveyard": 0, "Exile": 1, "Battlefield": 0, "other": 0}
[P0] casting Pick the Brain (DECISIVE; oid 11)
[window] Pick the Brain #2 observed on the stack
exported mid_stack.json
[window] stack dump written (brain2_on_stack); 1 entries
[resolving/P0] prompt: {"interactionId": "M0FEDV.0.168", "response": {"type": "exactChoices", "data": {"choices": [{"id": "M0FEDV.0.168.c0", "surfaces": [{"type": "summary", "data": {"code": "candidate"}}, {"type": "action", "data": {"code": "passPriority", "actionId": "aa9063230e9a
[P0] cast oid 11 left hand (zone Stack); payment complete, needs cleared
[resolving/P1] prompt: {"interactionId": "M0FEDV.0.169", "response": {"type": "exactChoices", "data": {"choices": [{"id": "M0FEDV.0.169.c0", "surfaces": [{"type": "summary", "data": {"code": "candidate"}}, {"type": "action", "data": {"code": "passPriority", "actionId": "aa9063230e9a
[window] Pick the Brain #2 resolved; starting settle clock
[resolving/P0] prompt: {"interactionId": "M0FEDV.0.170", "response": {"type": "exactChoices", "data": {"choices": [{"id": "M0FEDV.0.170.c0", "surfaces": [{"type": "summary", "data": {"code": "candidate"}}, {"type": "action", "data": {"code": "selectCards", "actionId": "a7c83015cb6f8
[P0] brain2 hand-choice (exactChoices): exiling lightning bolt (oid 80)
[resolving/P0] prompt: {"interactionId": "M0FEDV.0.171", "response": {"type": "exactChoices", "data": {"choices": [{"id": "M0FEDV.0.171.c0", "surfaces": [{"type": "summary", "data": {"code": "candidate"}}, {"type": "action", "data": {"code": "passPriority", "actionId": "aa9063230e9a
[resolving/P1] prompt: {"interactionId": "M0FEDV.0.172", "response": {"type": "exactChoices", "data": {"choices": [{"id": "M0FEDV.0.172.c0", "surfaces": [{"type": "summary", "data": {"code": "candidate"}}, {"type": "action", "data": {"code": "passPriority", "actionId": "aa9063230e9a
[resolving/P0] prompt: {"interactionId": "M0FEDV.0.173", "response": {"type": "exactChoices", "data": {"choices": [{"id": "M0FEDV.0.173.c0", "surfaces": [{"type": "summary", "data": {"code": "candidate"}}, {"type": "action", "data": {"code": "passPriority", "actionId": "aa9063230e9a
[resolving/P1] prompt: {"interactionId": "M0FEDV.0.174", "response": {"type": "exactChoices", "data": {"choices": [{"id": "M0FEDV.0.174.c0", "surfaces": [{"type": "summary", "data": {"code": "candidate"}}, {"type": "action", "data": {"code": "passPriority", "actionId": "aa9063230e9a
[resolving/P0] prompt: {"interactionId": "M0FEDV.0.175", "response": {"type": "exactChoices", "data": {"choices": [{"id": "M0FEDV.0.175.c0", "surfaces": [{"type": "summary", "data": {"code": "candidate"}}, {"type": "action", "data": {"code": "passPriority", "actionId": "aa9063230e9a
[resolving/P1] prompt: {"interactionId": "M0FEDV.0.176", "response": {"type": "exactChoices", "data": {"choices": [{"id": "M0FEDV.0.176.c0", "surfaces": [{"type": "summary", "data": {"code": "candidate"}}, {"type": "action", "data": {"code": "passPriority", "actionId": "aa9063230e9a
[resolving/P0] prompt: {"interactionId": "M0FEDV.0.177", "response": {"type": "exactChoices", "data": {"choices": [{"id": "M0FEDV.0.177.c0", "surfaces": [{"type": "summary", "data": {"code": "candidate"}}, {"type": "action", "data": {"code": "passPriority", "actionId": "aa9063230e9a
[resolving/P1] prompt: {"interactionId": "M0FEDV.0.178", "response": {"type": "exactChoices", "data": {"choices": [{"id": "M0FEDV.0.178.c0", "surfaces": [{"type": "summary", "data": {"code": "candidate"}}, {"type": "action", "data": {"code": "passPriority", "actionId": "aa9063230e9a
[resolving/P0] prompt: {"interactionId": "M0FEDV.0.179", "response": {"type": "exactChoices", "data": {"choices": [{"id": "M0FEDV.0.179.c0", "surfaces": [{"type": "summary", "data": {"code": "candidate"}}, {"type": "action", "data": {"code": "passPriority", "actionId": "aa9063230e9a
[resolving/P1] prompt: {"interactionId": "M0FEDV.0.180", "response": {"type": "exactChoices", "data": {"choices": [{"id": "M0FEDV.0.180.c0", "surfaces": [{"type": "summary", "data": {"code": "candidate"}}, {"type": "action", "data": {"code": "passPriority", "actionId": "aa9063230e9a
[resolving/P1] prompt: {"interactionId": "M0FEDV.0.181", "response": {"type": "exactChoices", "data": {"choices": [{"id": "M0FEDV.0.181.c0", "surfaces": [{"type": "summary", "data": {"code": "candidate"}}, {"type": "action", "data": {"code": "passPriority", "actionId": "aa9063230e9a
[resolving/P0] prompt: {"interactionId": "M0FEDV.0.182", "response": {"type": "exactChoices", "data": {"choices": [{"id": "M0FEDV.0.182.c0", "surfaces": [{"type": "summary", "data": {"code": "candidate"}}, {"type": "action", "data": {"code": "passPriority", "actionId": "aa9063230e9a
[resolving/P1] prompt: {"interactionId": "M0FEDV.0.183", "response": {"type": "exactChoices", "data": {"choices": [{"id": "M0FEDV.0.183.c0", "surfaces": [{"type": "summary", "data": {"code": "candidate"}}, {"type": "action", "data": {"code": "passPriority", "actionId": "aa9063230e9a
[resolving/P0] prompt: {"interactionId": "M0FEDV.0.184", "response": {"type": "exactChoices", "data": {"choices": [{"id": "M0FEDV.0.184.c0", "surfaces": [{"type": "summary", "data": {"code": "candidate"}}, {"type": "action", "data": {"code": "passPriority", "actionId": "aa9063230e9a
[resolving/P1] prompt: {"interactionId": "M0FEDV.0.185", "response": {"type": "exactChoices", "data": {"choices": [{"id": "M0FEDV.0.185.c0", "surfaces": [{"type": "summary", "data": {"code": "candidate"}}, {"type": "action", "data": {"code": "passPriority", "actionId": "aa9063230e9a
[resolving/P0] prompt: {"interactionId": "M0FEDV.0.186", "response": {"type": "exactChoices", "data": {"choices": [{"id": "M0FEDV.0.186.c0", "surfaces": [{"type": "summary", "data": {"code": "candidate"}}, {"type": "action", "data": {"code": "passPriority", "actionId": "aa9063230e9a
[resolving/P1] prompt: {"interactionId": "M0FEDV.0.187", "response": {"type": "exactChoices", "data": {"choices": [{"id": "M0FEDV.0.187.c0", "surfaces": [{"type": "summary", "data": {"code": "candidate"}}, {"type": "action", "data": {"code": "passPriority", "actionId": "aa9063230e9a
[resolving/P0] prompt: {"interactionId": "M0FEDV.0.188", "response": {"type": "exactChoices", "data": {"choices": [{"id": "M0FEDV.0.188.c0", "surfaces": [{"type": "summary", "data": {"code": "candidate"}}, {"type": "action", "data": {"code": "passPriority", "actionId": "aa9063230e9a
[resolving/P1] prompt: {"interactionId": "M0FEDV.0.189", "response": {"type": "exactChoices", "data": {"choices": [{"id": "M0FEDV.0.189.c0", "surfaces": [{"type": "summary", "data": {"code": "candidate"}}, {"type": "action", "data": {"code": "passPriority", "actionId": "aa9063230e9a
[resolving/P0] prompt: {"interactionId": "M0FEDV.0.190", "response": {"type": "exactChoices", "data": {"choices": [{"id": "M0FEDV.0.190.c0", "surfaces": [{"type": "summary", "data": {"code": "candidate"}}, {"type": "action", "data": {"code": "passPriority", "actionId": "aa9063230e9a
[resolving/P1] prompt: {"interactionId": "M0FEDV.0.191", "response": {"type": "exactChoices", "data": {"choices": [{"id": "M0FEDV.0.191.c0", "surfaces": [{"type": "summary", "data": {"code": "candidate"}}, {"type": "action", "data": {"code": "passPriority", "actionId": "aa9063230e9a
[resolving/P0] prompt: {"interactionId": "M0FEDV.0.192", "response": {"type": "exactChoices", "data": {"choices": [{"id": "M0FEDV.0.192.c0", "surfaces": [{"type": "summary", "data": {"code": "candidate"}}, {"type": "action", "data": {"code": "passPriority", "actionId": "aa9063230e9a
[resolving/P1] prompt: {"interactionId": "M0FEDV.0.193", "response": {"type": "exactChoices", "data": {"choices": [{"id": "M0FEDV.0.193.c0", "surfaces": [{"type": "summary", "data": {"code": "candidate"}}, {"type": "action", "data": {"code": "passPriority", "actionId": "aa9063230e9a
[resolving/P0] prompt: {"interactionId": "M0FEDV.0.194", "response": {"type": "exactChoices", "data": {"choices": [{"id": "M0FEDV.0.194.c0", "surfaces": [{"type": "summary", "data": {"code": "candidate"}}, {"type": "action", "data": {"code": "passPriority", "actionId": "aa9063230e9a
[resolving/P0] prompt: {"interactionId": "M0FEDV.0.195", "response": {"type": "exactChoices", "data": {"choices": [{"id": "M0FEDV.0.195.c0", "surfaces": [{"type": "summary", "data": {"code": "candidate"}}, {"type": "action", "data": {"code": "passPriority", "actionId": "aa9063230e9a
[resolving/P1] prompt: {"interactionId": "M0FEDV.0.196", "response": {"type": "exactChoices", "data": {"choices": [{"id": "M0FEDV.0.196.c0", "surfaces": [{"type": "summary", "data": {"code": "candidate"}}, {"type": "action", "data": {"code": "passPriority", "actionId": "aa9063230e9a
[resolving/P0] prompt: {"interactionId": "M0FEDV.0.197", "response": {"type": "exactChoices", "data": {"choices": [{"id": "M0FEDV.0.197.c0", "surfaces": [{"type": "summary", "data": {"code": "candidate"}}, {"type": "action", "data": {"code": "passPriority", "actionId": "aa9063230e9a
[resolving/P1] prompt: {"interactionId": "M0FEDV.0.198", "response": {"type": "exactChoices", "data": {"choices": [{"id": "M0FEDV.0.198.c0", "surfaces": [{"type": "summary", "data": {"code": "candidate"}}, {"type": "action", "data": {"code": "passPriority", "actionId": "aa9063230e9a
[resolving/P0] prompt: {"interactionId": "M0FEDV.0.199", "response": {"type": "exactChoices", "data": {"choices": [{"id": "M0FEDV.0.199.c0", "surfaces": [{"type": "summary", "data": {"code": "candidate"}}, {"type": "action", "data": {"code": "passPriority", "actionId": "aa9063230e9a
[resolving/P1] prompt: {"interactionId": "M0FEDV.0.200", "response": {"type": "exactChoices", "data": {"choices": [{"id": "M0FEDV.0.200.c0", "surfaces": [{"type": "summary", "data": {"code": "candidate"}}, {"type": "action", "data": {"code": "passPriority", "actionId": "aa9063230e9a
[resolving/P0] prompt: {"interactionId": "M0FEDV.0.201", "response": {"type": "exactChoices", "data": {"choices": [{"id": "M0FEDV.0.201.c0", "surfaces": [{"type": "summary", "data": {"code": "candidate"}}, {"type": "action", "data": {"code": "passPriority", "actionId": "aa9063230e9a
[resolving/P1] prompt: {"interactionId": "M0FEDV.0.202", "response": {"type": "exactChoices", "data": {"choices": [{"id": "M0FEDV.0.202.c0", "surfaces": [{"type": "summary", "data": {"code": "candidate"}}, {"type": "action", "data": {"code": "passPriority", "actionId": "aa9063230e9a
[resolving/P0] prompt: {"interactionId": "M0FEDV.0.203", "response": {"type": "exactChoices", "data": {"choices": [{"id": "M0FEDV.0.203.c0", "surfaces": [{"type": "summary", "data": {"code": "candidate"}}, {"type": "action", "data": {"code": "passPriority", "actionId": "aa9063230e9a
[resolving/P1] prompt: {"interactionId": "M0FEDV.0.204", "response": {"type": "exactChoices", "data": {"choices": [{"id": "M0FEDV.0.204.c0", "surfaces": [{"type": "summary", "data": {"code": "candidate"}}, {"type": "action", "data": {"code": "passPriority", "actionId": "aa9063230e9a
[resolving/P0] prompt: {"interactionId": "M0FEDV.0.205", "response": {"type": "exactChoices", "data": {"choices": [{"id": "M0FEDV.0.205.c0", "surfaces": [{"type": "summary", "data": {"code": "candidate"}}, {"type": "action", "data": {"code": "passPriority", "actionId": "aa9063230e9a
[resolving/P1] prompt: {"interactionId": "M0FEDV.0.206", "response": {"type": "exactChoices", "data": {"choices": [{"id": "M0FEDV.0.206.c0", "surfaces": [{"type": "summary", "data": {"code": "candidate"}}, {"type": "action", "data": {"code": "passPriority", "actionId": "aa9063230e9a
[resolving/P0] prompt: {"interactionId": "M0FEDV.0.207", "response": {"type": "exactChoices", "data": {"choices": [{"id": "M0FEDV.0.207.c0", "surfaces": [{"type": "summary", "data": {"code": "candidate"}}, {"type": "action", "data": {"code": "passPriority", "actionId": "aa9063230e9a
[resolving/P1] prompt: {"interactionId": "M0FEDV.0.208", "response": {"type": "exactChoices", "data": {"choices": [{"id": "M0FEDV.0.208.c0", "surfaces": [{"type": "summary", "data": {"code": "candidate"}}, {"type": "action", "data": {"code": "passPriority", "actionId": "aa9063230e9a
[resolving/P1] prompt: {"interactionId": "M0FEDV.0.209", "response": {"type": "exactChoices", "data": {"choices": [{"id": "M0FEDV.0.209.c0", "surfaces": [{"type": "summary", "data": {"code": "candidate"}}, {"type": "action", "data": {"code": "passPriority", "actionId": "aa9063230e9a
[resolving/P0] prompt: {"interactionId": "M0FEDV.0.210", "response": {"type": "exactChoices", "data": {"choices": [{"id": "M0FEDV.0.210.c0", "surfaces": [{"type": "summary", "data": {"code": "candidate"}}, {"type": "action", "data": {"code": "passPriority", "actionId": "aa9063230e9a
[resolving/P1] prompt: {"interactionId": "M0FEDV.0.211", "response": {"type": "exactChoices", "data": {"choices": [{"id": "M0FEDV.0.211.c0", "surfaces": [{"type": "summary", "data": {"code": "candidate"}}, {"type": "action", "data": {"code": "passPriority", "actionId": "aa9063230e9a
[resolving/P0] prompt: {"interactionId": "M0FEDV.0.212", "response": {"type": "exactChoices", "data": {"choices": [{"id": "M0FEDV.0.212.c0", "surfaces": [{"type": "summary", "data": {"code": "candidate"}}, {"type": "action", "data": {"code": "passPriority", "actionId": "aa9063230e9a
[resolving/P1] prompt: {"interactionId": "M0FEDV.0.213", "response": {"type": "exactChoices", "data": {"choices": [{"id": "M0FEDV.0.213.c0", "surfaces": [{"type": "summary", "data": {"code": "candidate"}}, {"type": "action", "data": {"code": "passPriority", "actionId": "aa9063230e9a
[resolving/P0] prompt: {"interactionId": "M0FEDV.0.214", "response": {"type": "exactChoices", "data": {"choices": [{"id": "M0FEDV.0.214.c0", "surfaces": [{"type": "summary", "data": {"code": "candidate"}}, {"type": "action", "data": {"code": "passPriority", "actionId": "aa9063230e9a
[resolving/P1] prompt: {"interactionId": "M0FEDV.0.215", "response": {"type": "exactChoices", "data": {"choices": [{"id": "M0FEDV.0.215.c0", "surfaces": [{"type": "summary", "data": {"code": "candidate"}}, {"type": "action", "data": {"code": "passPriority", "actionId": "aa9063230e9a
[resolving/P0] prompt: {"interactionId": "M0FEDV.0.216", "response": {"type": "exactChoices", "data": {"choices": [{"id": "M0FEDV.0.216.c0", "surfaces": [{"type": "summary", "data": {"code": "candidate"}}, {"type": "action", "data": {"code": "passPriority", "actionId": "aa9063230e9a
[resolving/P1] prompt: {"interactionId": "M0FEDV.0.217", "response": {"type": "exactChoices", "data": {"choices": [{"id": "M0FEDV.0.217.c0", "surfaces": [{"type": "summary", "data": {"code": "candidate"}}, {"type": "action", "data": {"code": "passPriority", "actionId": "aa9063230e9a
[resolving/P0] prompt: {"interactionId": "M0FEDV.0.218", "response": {"type": "exactChoices", "data": {"choices": [{"id": "M0FEDV.0.218.c0", "surfaces": [{"type": "summary", "data": {"code": "candidate"}}, {"type": "action", "data": {"code": "passPriority", "actionId": "aa9063230e9a
[resolving/P1] prompt: {"interactionId": "M0FEDV.0.219", "response": {"type": "exactChoices", "data": {"choices": [{"id": "M0FEDV.0.219.c0", "surfaces": [{"type": "summary", "data": {"code": "candidate"}}, {"type": "action", "data": {"code": "passPriority", "actionId": "aa9063230e9a
[resolving/P0] prompt: {"interactionId": "M0FEDV.0.220", "response": {"type": "exactChoices", "data": {"choices": [{"id": "M0FEDV.0.220.c0", "surfaces": [{"type": "summary", "data": {"code": "candidate"}}, {"type": "action", "data": {"code": "passPriority", "actionId": "aa9063230e9a
[resolving/P1] prompt: {"interactionId": "M0FEDV.0.221", "response": {"type": "exactChoices", "data": {"choices": [{"id": "M0FEDV.0.221.c0", "surfaces": [{"type": "summary", "data": {"code": "candidate"}}, {"type": "action", "data": {"code": "passPriority", "actionId": "aa9063230e9a
[resolving/P0] prompt: {"interactionId": "M0FEDV.0.222", "response": {"type": "exactChoices", "data": {"choices": [{"id": "M0FEDV.0.222.c0", "surfaces": [{"type": "summary", "data": {"code": "candidate"}}, {"type": "action", "data": {"code": "passPriority", "actionId": "aa9063230e9a
[resolving/P0] prompt: {"interactionId": "M0FEDV.0.223", "response": {"type": "exactChoices", "data": {"choices": [{"id": "M0FEDV.0.223.c0", "surfaces": [{"type": "summary", "data": {"code": "candidate"}}, {"type": "action", "data": {"code": "passPriority", "actionId": "aa9063230e9a
[resolving/P1] prompt: {"interactionId": "M0FEDV.0.224", "response": {"type": "exactChoices", "data": {"choices": [{"id": "M0FEDV.0.224.c0", "surfaces": [{"type": "summary", "data": {"code": "candidate"}}, {"type": "action", "data": {"code": "passPriority", "actionId": "aa9063230e9a
[resolving/P0] prompt: {"interactionId": "M0FEDV.0.225", "response": {"type": "exactChoices", "data": {"choices": [{"id": "M0FEDV.0.225.c0", "surfaces": [{"type": "summary", "data": {"code": "candidate"}}, {"type": "action", "data": {"code": "passPriority", "actionId": "aa9063230e9a
[resolving/P1] prompt: {"interactionId": "M0FEDV.0.226", "response": {"type": "exactChoices", "data": {"choices": [{"id": "M0FEDV.0.226.c0", "surfaces": [{"type": "summary", "data": {"code": "candidate"}}, {"type": "action", "data": {"code": "passPriority", "actionId": "aa9063230e9a
[resolving/P0] prompt: {"interactionId": "M0FEDV.0.227", "response": {"type": "exactChoices", "data": {"choices": [{"id": "M0FEDV.0.227.c0", "surfaces": [{"type": "summary", "data": {"code": "candidate"}}, {"type": "action", "data": {"code": "passPriority", "actionId": "aa9063230e9a
[resolving/P1] prompt: {"interactionId": "M0FEDV.0.228", "response": {"type": "exactChoices", "data": {"choices": [{"id": "M0FEDV.0.228.c0", "surfaces": [{"type": "summary", "data": {"code": "candidate"}}, {"type": "action", "data": {"code": "passPriority", "actionId": "aa9063230e9a
[resolving/P0] prompt: {"interactionId": "M0FEDV.0.229", "response": {"type": "exactChoices", "data": {"choices": [{"id": "M0FEDV.0.229.c0", "surfaces": [{"type": "summary", "data": {"code": "candidate"}}, {"type": "action", "data": {"code": "passPriority", "actionId": "aa9063230e9a
[resolving/P1] prompt: {"interactionId": "M0FEDV.0.230", "response": {"type": "exactChoices", "data": {"choices": [{"id": "M0FEDV.0.230.c0", "surfaces": [{"type": "summary", "data": {"code": "candidate"}}, {"type": "action", "data": {"code": "passPriority", "actionId": "aa9063230e9a
[resolving/P0] prompt: {"interactionId": "M0FEDV.0.231", "response": {"type": "exactChoices", "data": {"choices": [{"id": "M0FEDV.0.231.c0", "surfaces": [{"type": "summary", "data": {"code": "candidate"}}, {"type": "action", "data": {"code": "passPriority", "actionId": "aa9063230e9a
[resolving/P1] prompt: {"interactionId": "M0FEDV.0.232", "response": {"type": "exactChoices", "data": {"choices": [{"id": "M0FEDV.0.232.c0", "surfaces": [{"type": "summary", "data": {"code": "candidate"}}, {"type": "action", "data": {"code": "passPriority", "actionId": "aa9063230e9a
[resolving/P0] prompt: {"interactionId": "M0FEDV.0.233", "response": {"type": "exactChoices", "data": {"choices": [{"id": "M0FEDV.0.233.c0", "surfaces": [{"type": "summary", "data": {"code": "candidate"}}, {"type": "action", "data": {"code": "passPriority", "actionId": "aa9063230e9a
[resolving/P1] prompt: {"interactionId": "M0FEDV.0.234", "response": {"type": "exactChoices", "data": {"choices": [{"id": "M0FEDV.0.234.c0", "surfaces": [{"type": "summary", "data": {"code": "candidate"}}, {"type": "action", "data": {"code": "passPriority", "actionId": "aa9063230e9a
[resolving/P0] prompt: {"interactionId": "M0FEDV.0.235", "response": {"type": "exactChoices", "data": {"choices": [{"id": "M0FEDV.0.235.c0", "surfaces": [{"type": "summary", "data": {"code": "candidate"}}, {"type": "action", "data": {"code": "passPriority", "actionId": "aa9063230e9a
[resolving/P1] prompt: {"interactionId": "M0FEDV.0.236", "response": {"type": "exactChoices", "data": {"choices": [{"id": "M0FEDV.0.236.c0", "surfaces": [{"type": "summary", "data": {"code": "candidate"}}, {"type": "action", "data": {"code": "passPriority", "actionId": "aa9063230e9a
[window] settle clock done; exporting post
[window] settle clock done; exporting post
exported post.json
exported post.json
FINAL VERDICT: reproduced
{
 "verdict": "reproduced",
 "assertions": {
  "A1_data_level": "passed",
  "A2_setup_ok": "passed",
  "A3_cast_resolved": "passed",
  "A4_search_exile": "failed",
  "A5_first_clause": "passed",
  "A6_cleanup": "passed"
 }
}
