server identity hashes recorded: {'validated_version': 'v0.99.0', 'build_commit': 'd919616', 'protocol_version': 98, 'server_binary_sha256': '37fa78a8db1a...', 'card_data_sha256': 'ccfcf9e6d19d...', 'draft_pools_sha256': '8ce01364ee46...', 'signature_verified': True}
P0 creating game (attempt 1)
game 4DN9AL; seats=[0, 1]
--- P0 turn 1 begins ---
[P0] mulligan KEEP (hand 7): ['Forest', 'Forest', 'Badgermole Cub', 'Shang-Chi, Master of Kung Fu', 'Giant Growth', 'Giant Growth', 'Forest']
[P1] mulligan KEEP (hand 7): ['Mountain', 'Mountain', 'Mountain', 'Mountain', 'Mountain', 'Mountain', 'Mountain']
[P1] mulligan KEEP (hand 7): ['Mountain', 'Mountain', 'Mountain', 'Mountain', 'Mountain', 'Mountain', 'Mountain']
[P0] T1: playing Forest
[P1] playing Mountain
--- P0 turn 2 begins ---
[P0] T2: playing Forest
[P0] T2: casting Shang-Chi
[P1] discarding: ['Mountain']
--- P0 turn 3 begins ---
[P0] T3: casting Badgermole Cub
[P0] submitting target Forest (id=4DN9AL.0.72.t0) rtype=schema spec=sequence
Cub on battlefield (p1 view) -> entering OBSERVE mode
A2 check: forests=[('16', True), ('32', True)] sc_tapped=False cub=ok pool_empty=True gg_in_hand=True pool={"mana": []}
OBSERVE start: watching for P0 priority (no P0 passes)
OBSERVE t+  0.2s wf=Priority player=0 phase=PreCombatMain active=0
OBSERVE: P0 OFFERED priority -> autopass did NOT fire
exported pre.json (P0 priority, Cub resolved)
