[14:50:42] ServerHello: version=0.103.0 build=ec27a8d protocol=106 mode=Full
[14:50:42] data-level check: ok=True notes=[]
[14:50:42] ===== GAME A: banefire {X}{R} (X=0) =====
[14:50:44] [A] game 55TB8Y; P0 seat=0 P1 seat=1
[14:50:44] [P0A] keep 7: ['mountain', 'mountain', 'banefire', 'krark-clan ironworks', 'mountain', 'mountain', 'banefire']
[14:50:44] [P1A] keep 7: ['forest', 'forest', 'forest', 'forest', 'forest', 'forest', 'forest']
[14:50:45] [P1A] playing land forest
[14:50:45] [P1A] tap land for mana used_for=any
[14:50:45] [P1A] submitting interaction iid=55TB8Y.0.7 choice=55TB8Y.0.7.c1 (Forest)
[14:50:47] [P0A] NOTE: hand=8>7 but vi kind code='choose'; vi_ops=1; trying SelectCards fallback
[14:50:47] [P0A] NOTE: hand=8>7 but vi kind code='choose'; vi_ops=0; trying SelectCards fallback
[14:50:47] [P0A] NOTE: hand=8>7 but vi kind code='choose'; vi_ops=1; trying SelectCards fallback
[14:50:47] [P0A] playing land mountain
[14:50:49] [P1A] tap land for mana used_for=any
[14:50:49] [P1A] submitting interaction iid=55TB8Y.0.33 choice=55TB8Y.0.33.c1 (Forest)
[14:50:49] [P1A] playing land forest
[14:50:50] [P1A] tap land for mana used_for=any
[14:50:50] [P1A] submitting interaction iid=55TB8Y.0.39 choice=55TB8Y.0.39.c1 (Forest)
[14:50:52] [P0A] NOTE: hand=8>7 but vi kind code='choose'; vi_ops=1; trying SelectCards fallback
[14:50:53] [P0A] NOTE: hand=8>7 but vi kind code='choose'; vi_ops=0; trying SelectCards fallback
[14:50:53] [P0A] NOTE: hand=8>7 but vi kind code='choose'; vi_ops=1; trying SelectCards fallback
[14:50:53] [P0A] playing land mountain
[14:50:54] [P1A] tap land for mana used_for=any
[14:50:54] [P1A] submitting interaction iid=55TB8Y.0.65 choice=55TB8Y.0.65.c1 (Forest)
[14:50:55] [P1A] tap land for mana used_for=any
[14:50:55] [P1A] submitting interaction iid=55TB8Y.0.66 choice=55TB8Y.0.66.c1 (Forest)
[14:50:55] [P1A] playing land forest
[14:50:55] [P1A] tap land for mana used_for=any
[14:50:55] [P1A] submitting interaction iid=55TB8Y.0.72 choice=55TB8Y.0.72.c1 (Forest)
[14:50:57] [P0A] NOTE: hand=8>7 but vi kind code='choose'; vi_ops=1; trying SelectCards fallback
[14:50:58] [P0A] NOTE: hand=8>7 but vi kind code='choose'; vi_ops=0; trying SelectCards fallback
[14:50:58] [P0A] NOTE: hand=8>7 but vi kind code='choose'; vi_ops=1; trying SelectCards fallback
[14:50:58] [P0A] playing land mountain
[14:50:59] [P1A] tap land for mana used_for=any
[14:50:59] [P1A] submitting interaction iid=55TB8Y.0.98 choice=55TB8Y.0.98.c1 (Forest)
[14:51:00] [P1A] tap land for mana used_for=any
[14:51:00] [P1A] submitting interaction iid=55TB8Y.0.99 choice=55TB8Y.0.99.c1 (Forest)
[14:51:00] [P1A] tap land for mana used_for=any
[14:51:00] [P1A] submitting interaction iid=55TB8Y.0.100 choice=55TB8Y.0.100.c1 (Forest)
[14:51:01] [P1A] playing land forest
[14:51:01] [P1A] tap land for mana used_for=any
[14:51:01] [P1A] submitting interaction iid=55TB8Y.0.106 choice=55TB8Y.0.106.c1 (Forest)
[14:51:03] [P0A] NOTE: hand=8>7 but vi kind code='choose'; vi_ops=1; trying SelectCards fallback
[14:51:03] [P0A] NOTE: hand=8>7 but vi kind code='choose'; vi_ops=0; trying SelectCards fallback
[14:51:03] [P0A] NOTE: hand=8>7 but vi kind code='choose'; vi_ops=1; trying SelectCards fallback
[14:51:03] [P0A] playing land mountain
[14:51:04] [A] P0 casts krark-clan ironworks (oid 55) needs={'generic': 4}
[14:51:07] [P1A] tap land for mana used_for=any
[14:51:07] [P1A] submitting interaction iid=55TB8Y.0.135 choice=55TB8Y.0.135.c1 (Forest)
[14:51:07] [P1A] tap land for mana used_for=any
[14:51:07] [P1A] submitting interaction iid=55TB8Y.0.136 choice=55TB8Y.0.136.c1 (Forest)
[14:51:07] [P1A] tap land for mana used_for=any
[14:51:07] [P1A] submitting interaction iid=55TB8Y.0.137 choice=55TB8Y.0.137.c1 (Forest)
[14:51:07] [P1A] tap land for mana used_for=any
[14:51:07] [P1A] submitting interaction iid=55TB8Y.0.138 choice=55TB8Y.0.138.c1 (Forest)
[14:51:08] [P1A] playing land forest
[14:51:08] [P1A] tap land for mana used_for=any
[14:51:08] [P1A] submitting interaction iid=55TB8Y.0.144 choice=55TB8Y.0.144.c1 (Forest)
[14:51:10] [A] tap land for mana used_for=generic
[14:51:10] [A] submitting interaction iid=55TB8Y.0.155 choice=55TB8Y.0.155.c2 (Mountain)
[14:51:10] [A] tap land for mana used_for=generic
[14:51:10] [A] submitting interaction iid=55TB8Y.0.156 choice=55TB8Y.0.156.c2 (Mountain)
[14:51:10] [A] tap land for mana used_for=generic
[14:51:10] [A] submitting interaction iid=55TB8Y.0.157 choice=55TB8Y.0.157.c2 (Mountain)
[14:51:10] [A] tap land for mana used_for=generic
[14:51:10] [A] submitting interaction iid=55TB8Y.0.158 choice=55TB8Y.0.158.c2 (Mountain)
[14:51:11] [P0A] playing land mountain
[14:51:12] [P1A] tap land for mana used_for=any
[14:51:12] [P1A] submitting interaction iid=55TB8Y.0.174 choice=55TB8Y.0.174.c1 (Forest)
[14:51:13] [P1A] tap land for mana used_for=any
[14:51:13] [P1A] submitting interaction iid=55TB8Y.0.175 choice=55TB8Y.0.175.c1 (Forest)
[14:51:13] [P1A] tap land for mana used_for=any
[14:51:13] [P1A] submitting interaction iid=55TB8Y.0.176 choice=55TB8Y.0.176.c1 (Forest)
[14:51:13] [P1A] tap land for mana used_for=any
[14:51:13] [P1A] submitting interaction iid=55TB8Y.0.177 choice=55TB8Y.0.177.c1 (Forest)
[14:51:13] [P1A] tap land for mana used_for=any
[14:51:13] [P1A] submitting interaction iid=55TB8Y.0.178 choice=55TB8Y.0.178.c1 (Forest)
[14:51:14] [P1A] playing land forest
[14:51:14] [P1A] tap land for mana used_for=any
[14:51:14] [P1A] submitting interaction iid=55TB8Y.0.184 choice=55TB8Y.0.184.c1 (Forest)
[14:51:17] [P0A] playing land mountain
[14:51:18] [P1A] tap land for mana used_for=any
[14:51:18] [P1A] submitting interaction iid=55TB8Y.0.210 choice=55TB8Y.0.210.c1 (Forest)
[14:51:18] [P1A] tap land for mana used_for=any
[14:51:18] [P1A] submitting interaction iid=55TB8Y.0.211 choice=55TB8Y.0.211.c1 (Forest)
[14:51:19] [P1A] tap land for mana used_for=any
[14:51:19] [P1A] submitting interaction iid=55TB8Y.0.212 choice=55TB8Y.0.212.c1 (Forest)
[14:51:20] [P1A] tap land for mana used_for=any
[14:51:20] [P1A] submitting interaction iid=55TB8Y.0.213 choice=55TB8Y.0.213.c1 (Forest)
[14:51:20] [P1A] tap land for mana used_for=any
[14:51:20] [P1A] submitting interaction iid=55TB8Y.0.214 choice=55TB8Y.0.214.c1 (Forest)
[14:51:20] [P1A] tap land for mana used_for=any
[14:51:20] [P1A] submitting interaction iid=55TB8Y.0.215 choice=55TB8Y.0.215.c1 (Forest)
[14:51:21] [P1A] playing land forest
[14:51:21] [P1A] tap land for mana used_for=any
[14:51:21] [P1A] submitting interaction iid=55TB8Y.0.221 choice=55TB8Y.0.221.c1 (Forest)
[14:51:24] [P0A] playing land mountain
[14:51:25] [P1A] tap land for mana used_for=any
[14:51:25] [P1A] submitting interaction iid=55TB8Y.0.247 choice=55TB8Y.0.247.c1 (Forest)
[14:51:25] [P1A] tap land for mana used_for=any
[14:51:25] [P1A] submitting interaction iid=55TB8Y.0.248 choice=55TB8Y.0.248.c1 (Forest)
[14:51:26] [P1A] tap land for mana used_for=any
[14:51:26] [P1A] submitting interaction iid=55TB8Y.0.249 choice=55TB8Y.0.249.c1 (Forest)
[14:51:26] [P1A] tap land for mana used_for=any
[14:51:26] [P1A] submitting interaction iid=55TB8Y.0.250 choice=55TB8Y.0.250.c1 (Forest)
[14:51:26] [P1A] tap land for mana used_for=any
[14:51:26] [P1A] submitting interaction iid=55TB8Y.0.251 choice=55TB8Y.0.251.c1 (Forest)
[14:51:26] [P1A] tap land for mana used_for=any
[14:51:26] [P1A] submitting interaction iid=55TB8Y.0.252 choice=55TB8Y.0.252.c1 (Forest)
[14:51:26] [P1A] tap land for mana used_for=any
[14:51:26] [P1A] submitting interaction iid=55TB8Y.0.253 choice=55TB8Y.0.253.c1 (Forest)
[14:51:27] [P1A] playing land forest
[14:51:27] [P1A] tap land for mana used_for=any
[14:51:27] [P1A] submitting interaction iid=55TB8Y.0.259 choice=55TB8Y.0.259.c1 (Forest)
[14:51:29] [P0A] playing land mountain
[14:51:31] [P1A] tap land for mana used_for=any
[14:51:31] [P1A] submitting interaction iid=55TB8Y.0.285 choice=55TB8Y.0.285.c1 (Forest)
[14:51:31] [P1A] tap land for mana used_for=any
[14:51:31] [P1A] submitting interaction iid=55TB8Y.0.286 choice=55TB8Y.0.286.c1 (Forest)
[14:51:31] [P1A] tap land for mana used_for=any
[14:51:31] [P1A] submitting interaction iid=55TB8Y.0.287 choice=55TB8Y.0.287.c1 (Forest)
[14:51:31] [P1A] tap land for mana used_for=any
[14:51:31] [P1A] submitting interaction iid=55TB8Y.0.288 choice=55TB8Y.0.288.c1 (Forest)
[14:51:32] [P1A] tap land for mana used_for=any
[14:51:32] [P1A] submitting interaction iid=55TB8Y.0.289 choice=55TB8Y.0.289.c1 (Forest)
[14:51:32] [P1A] tap land for mana used_for=any
[14:51:32] [P1A] submitting interaction iid=55TB8Y.0.290 choice=55TB8Y.0.290.c1 (Forest)
[14:51:32] [P1A] tap land for mana used_for=any
[14:51:32] [P1A] submitting interaction iid=55TB8Y.0.291 choice=55TB8Y.0.291.c1 (Forest)
[14:51:32] [P1A] tap land for mana used_for=any
[14:51:32] [P1A] submitting interaction iid=55TB8Y.0.292 choice=55TB8Y.0.292.c1 (Forest)
[14:51:33] [P1A] playing land forest
[14:51:33] [P1A] tap land for mana used_for=any
[14:51:33] [P1A] submitting interaction iid=55TB8Y.0.298 choice=55TB8Y.0.298.c1 (Forest)
[14:51:35] [A] P0 casts krark-clan ironworks (oid 12) needs={'generic': 4}
[14:51:36] [A] tap land for mana used_for=generic
[14:51:36] [A] submitting interaction iid=55TB8Y.0.314 choice=55TB8Y.0.314.c2 (Mountain)
[14:51:36] [A] tap land for mana used_for=generic
[14:51:36] [A] submitting interaction iid=55TB8Y.0.315 choice=55TB8Y.0.315.c2 (Mountain)
[14:51:36] [A] tap land for mana used_for=generic
[14:51:36] [A] submitting interaction iid=55TB8Y.0.316 choice=55TB8Y.0.316.c2 (Mountain)
[14:51:36] [A] tap land for mana used_for=generic
[14:51:36] [A] submitting interaction iid=55TB8Y.0.317 choice=55TB8Y.0.317.c2 (Mountain)
[14:51:40] [P1A] tap land for mana used_for=any
[14:51:40] [P1A] submitting interaction iid=55TB8Y.0.330 choice=55TB8Y.0.330.c1 (Forest)
[14:51:40] [P1A] tap land for mana used_for=any
[14:51:40] [P1A] submitting interaction iid=55TB8Y.0.331 choice=55TB8Y.0.331.c1 (Forest)
[14:51:40] [P1A] tap land for mana used_for=any
[14:51:40] [P1A] submitting interaction iid=55TB8Y.0.332 choice=55TB8Y.0.332.c1 (Forest)
[14:51:40] [P1A] tap land for mana used_for=any
[14:51:40] [P1A] submitting interaction iid=55TB8Y.0.333 choice=55TB8Y.0.333.c1 (Forest)
[14:51:40] [P1A] tap land for mana used_for=any
[14:51:40] [P1A] submitting interaction iid=55TB8Y.0.334 choice=55TB8Y.0.334.c1 (Forest)
[14:51:40] [P1A] tap land for mana used_for=any
[14:51:40] [P1A] submitting interaction iid=55TB8Y.0.335 choice=55TB8Y.0.335.c1 (Forest)
[14:51:40] [P1A] tap land for mana used_for=any
[14:51:40] [P1A] submitting interaction iid=55TB8Y.0.336 choice=55TB8Y.0.336.c1 (Forest)
[14:51:41] [P1A] tap land for mana used_for=any
[14:51:41] [P1A] submitting interaction iid=55TB8Y.0.337 choice=55TB8Y.0.337.c1 (Forest)
[14:51:41] [P1A] tap land for mana used_for=any
[14:51:41] [P1A] submitting interaction iid=55TB8Y.0.338 choice=55TB8Y.0.338.c1 (Forest)
[14:51:42] [P1A] playing land forest
[14:51:42] [P1A] tap land for mana used_for=any
[14:51:42] [P1A] submitting interaction iid=55TB8Y.0.344 choice=55TB8Y.0.344.c1 (Forest)
[14:51:46] [P1A] tap land for mana used_for=any
[14:51:46] [P1A] submitting interaction iid=55TB8Y.0.369 choice=55TB8Y.0.369.c1 (Forest)
[14:51:46] [P1A] tap land for mana used_for=any
[14:51:46] [P1A] submitting interaction iid=55TB8Y.0.370 choice=55TB8Y.0.370.c1 (Forest)
[14:51:46] [P1A] tap land for mana used_for=any
[14:51:46] [P1A] submitting interaction iid=55TB8Y.0.371 choice=55TB8Y.0.371.c1 (Forest)
[14:51:46] [P1A] tap land for mana used_for=any
[14:51:46] [P1A] submitting interaction iid=55TB8Y.0.372 choice=55TB8Y.0.372.c1 (Forest)
[14:51:47] [P1A] tap land for mana used_for=any
[14:51:47] [P1A] submitting interaction iid=55TB8Y.0.373 choice=55TB8Y.0.373.c1 (Forest)
[14:51:47] [P1A] tap land for mana used_for=any
[14:51:47] [P1A] submitting interaction iid=55TB8Y.0.374 choice=55TB8Y.0.374.c1 (Forest)
[14:51:47] [P1A] tap land for mana used_for=any
[14:51:47] [P1A] submitting interaction iid=55TB8Y.0.375 choice=55TB8Y.0.375.c1 (Forest)
[14:51:47] [P1A] tap land for mana used_for=any
[14:51:47] [P1A] submitting interaction iid=55TB8Y.0.376 choice=55TB8Y.0.376.c1 (Forest)
[14:51:47] [P1A] tap land for mana used_for=any
[14:51:47] [P1A] submitting interaction iid=55TB8Y.0.377 choice=55TB8Y.0.377.c1 (Forest)
[14:51:47] [P1A] tap land for mana used_for=any
[14:51:47] [P1A] submitting interaction iid=55TB8Y.0.378 choice=55TB8Y.0.378.c1 (Forest)
[14:51:48] [P1A] playing land forest
[14:51:48] [P1A] tap land for mana used_for=any
[14:51:48] [P1A] submitting interaction iid=55TB8Y.0.384 choice=55TB8Y.0.384.c1 (Forest)
[14:51:51] [P0A] NOTE: hand=8>7 but vi kind code='choose'; vi_ops=1; trying SelectCards fallback
[14:51:51] [P0A] NOTE: hand=8>7 but vi kind code='choose'; vi_ops=0; trying SelectCards fallback
[14:51:51] [P0A] NOTE: hand=8>7 but vi kind code='choose'; vi_ops=1; trying SelectCards fallback
[14:51:51] [A] P0 casts memnite (oid 27) needs={'generic': 0}
[14:51:52] [A] setup complete -> assert phase
[14:51:52] [A] exported pre_A.json
[14:51:52] [A] PRE exported; setup ready (turn 22)
[14:51:54] [P1A] tap land for mana used_for=any
[14:51:54] [P1A] submitting interaction iid=55TB8Y.0.412 choice=55TB8Y.0.412.c1 (Forest)
[14:51:54] [P1A] tap land for mana used_for=any
[14:51:54] [P1A] submitting interaction iid=55TB8Y.0.413 choice=55TB8Y.0.413.c1 (Forest)
[14:51:54] [P1A] tap land for mana used_for=any
[14:51:54] [P1A] submitting interaction iid=55TB8Y.0.414 choice=55TB8Y.0.414.c1 (Forest)
[14:51:54] [P1A] tap land for mana used_for=any
[14:51:54] [P1A] submitting interaction iid=55TB8Y.0.415 choice=55TB8Y.0.415.c1 (Forest)
[14:51:54] [P1A] tap land for mana used_for=any
[14:51:54] [P1A] submitting interaction iid=55TB8Y.0.416 choice=55TB8Y.0.416.c1 (Forest)
[14:51:54] [P1A] tap land for mana used_for=any
[14:51:54] [P1A] submitting interaction iid=55TB8Y.0.417 choice=55TB8Y.0.417.c1 (Forest)
[14:51:55] [P1A] tap land for mana used_for=any
[14:51:55] [P1A] submitting interaction iid=55TB8Y.0.418 choice=55TB8Y.0.418.c1 (Forest)
[14:51:55] [P1A] tap land for mana used_for=any
[14:51:55] [P1A] submitting interaction iid=55TB8Y.0.419 choice=55TB8Y.0.419.c1 (Forest)
[14:51:55] [P1A] tap land for mana used_for=any
[14:51:55] [P1A] submitting interaction iid=55TB8Y.0.420 choice=55TB8Y.0.420.c1 (Forest)
[14:51:55] [P1A] tap land for mana used_for=any
[14:51:55] [P1A] submitting interaction iid=55TB8Y.0.421 choice=55TB8Y.0.421.c1 (Forest)
[14:51:55] [P1A] tap land for mana used_for=any
[14:51:55] [P1A] submitting interaction iid=55TB8Y.0.422 choice=55TB8Y.0.422.c1 (Forest)
[14:51:56] [P1A] playing land forest
[14:51:56] [P1A] tap land for mana used_for=any
[14:51:56] [P1A] submitting interaction iid=55TB8Y.0.428 choice=55TB8Y.0.428.c1 (Forest)
[14:51:58] [P0A] NOTE: hand=8>7 but vi kind code='choose'; vi_ops=1; trying SelectCards fallback
[14:51:58] [P0A] NOTE: hand=8>7 but vi kind code='choose'; vi_ops=0; trying SelectCards fallback
[14:51:58] [P0A] NOTE: hand=8>7 but vi kind code='choose'; vi_ops=1; trying SelectCards fallback
[14:51:58] [A] gate: CastSpell(banefire) offered_seen=True (obs=4)
[14:51:58] [A] -> act phase
[14:51:58] [A] casting banefire
[14:51:59] [P0A] NOTE: hand=8>7 but vi kind code='sequence'; vi_ops=1; trying SelectCards fallback
[14:51:59] [A] submitting interaction iid=55TB8Y.0.444 choice=55TB8Y.0.444.t1 ()
[14:51:59] [A] targeted P1 for banefire
[14:52:00] [P0A] NOTE: hand=8>7 but vi kind code='choose'; vi_ops=1; trying SelectCards fallback
[14:52:00] [A] X-choice offered: min=0 max=11 (turn 24, bf=[('krark-clan ironworks', 2), ('memnite', 1), ('mountain', 8)])
[14:52:00] [A] A2_x_cap_overcounted: max=11 vs bounded-flow acceptance 9 (mtn=8 kci=2 memnite=1); delta=+2 -> passed
[14:52:00] [A] submitting number X=0
[14:52:00] [A] chose X=0 for banefire
[14:52:01] [A] tap land for mana used_for=R
[14:52:01] [A] submitting interaction iid=55TB8Y.0.446 choice=55TB8Y.0.446.c3 (Mountain)
[14:52:02] [A] A3: cast Banefire (oid 3) resolved at X=0; P1 life=20 (want 20) -> passed
[14:52:02] [A] POST exported
[14:52:02] ===== GAME B: endless one {X} (X=3) =====
[14:52:02] [B] game W3EA7E; P0 seat=0 P1 seat=1
[14:52:02] [P0B] keep 7: ['krark-clan ironworks', 'memnite', 'krark-clan ironworks', 'endless one', 'memnite', 'memnite', 'mountain']
[14:52:02] [P1B] keep 7: ['forest', 'forest', 'forest', 'forest', 'forest', 'forest', 'forest']
[14:52:04] [P1B] playing land forest
[14:52:04] [P1B] tap land for mana used_for=any
[14:52:04] [P1B] submitting interaction iid=W3EA7E.0.7 choice=W3EA7E.0.7.c1 (Forest)
[14:52:06] [P0B] NOTE: hand=8>7 but vi kind code='choose'; vi_ops=1; trying SelectCards fallback
[14:52:06] [P0B] NOTE: hand=8>7 but vi kind code='choose'; vi_ops=0; trying SelectCards fallback
[14:52:06] [P0B] NOTE: hand=8>7 but vi kind code='choose'; vi_ops=1; trying SelectCards fallback
[14:52:06] [P0B] playing land mountain
[14:52:06] [B] P0 casts memnite (oid 13) needs={'generic': 0}
[14:52:09] [P1B] tap land for mana used_for=any
[14:52:09] [P1B] submitting interaction iid=W3EA7E.0.36 choice=W3EA7E.0.36.c1 (Forest)
[14:52:10] [P1B] playing land forest
[14:52:10] [P1B] tap land for mana used_for=any
[14:52:10] [P1B] submitting interaction iid=W3EA7E.0.42 choice=W3EA7E.0.42.c1 (Forest)
[14:52:12] [P0B] playing land mountain
[14:52:14] [P1B] tap land for mana used_for=any
[14:52:14] [P1B] submitting interaction iid=W3EA7E.0.69 choice=W3EA7E.0.69.c1 (Forest)
[14:52:14] [P1B] tap land for mana used_for=any
[14:52:14] [P1B] submitting interaction iid=W3EA7E.0.70 choice=W3EA7E.0.70.c1 (Forest)
[14:52:15] [P1B] playing land forest
[14:52:15] [P1B] tap land for mana used_for=any
[14:52:15] [P1B] submitting interaction iid=W3EA7E.0.76 choice=W3EA7E.0.76.c1 (Forest)
[14:52:18] [P0B] playing land mountain
[14:52:19] [P1B] tap land for mana used_for=any
[14:52:19] [P1B] submitting interaction iid=W3EA7E.0.103 choice=W3EA7E.0.103.c1 (Forest)
[14:52:20] [P1B] tap land for mana used_for=any
[14:52:20] [P1B] submitting interaction iid=W3EA7E.0.104 choice=W3EA7E.0.104.c1 (Forest)
[14:52:20] [P1B] tap land for mana used_for=any
[14:52:20] [P1B] submitting interaction iid=W3EA7E.0.105 choice=W3EA7E.0.105.c1 (Forest)
[14:52:20] [P1B] playing land forest
[14:52:21] [P1B] tap land for mana used_for=any
[14:52:21] [P1B] submitting interaction iid=W3EA7E.0.111 choice=W3EA7E.0.111.c1 (Forest)
[14:52:26] [P1B] tap land for mana used_for=any
[14:52:26] [P1B] submitting interaction iid=W3EA7E.0.137 choice=W3EA7E.0.137.c1 (Forest)
[14:52:26] [P1B] tap land for mana used_for=any
[14:52:26] [P1B] submitting interaction iid=W3EA7E.0.138 choice=W3EA7E.0.138.c1 (Forest)
[14:52:26] [P1B] tap land for mana used_for=any
[14:52:26] [P1B] submitting interaction iid=W3EA7E.0.139 choice=W3EA7E.0.139.c1 (Forest)
[14:52:26] [P1B] tap land for mana used_for=any
[14:52:26] [P1B] submitting interaction iid=W3EA7E.0.140 choice=W3EA7E.0.140.c1 (Forest)
[14:52:27] [P1B] playing land forest
[14:52:27] [P1B] tap land for mana used_for=any
[14:52:27] [P1B] submitting interaction iid=W3EA7E.0.146 choice=W3EA7E.0.146.c1 (Forest)
[14:52:29] [P0B] NOTE: hand=8>7 but vi kind code='choose'; vi_ops=1; trying SelectCards fallback
[14:52:30] [P0B] NOTE: hand=8>7 but vi kind code='choose'; vi_ops=0; trying SelectCards fallback
[14:52:30] [P0B] NOTE: hand=8>7 but vi kind code='choose'; vi_ops=1; trying SelectCards fallback
[14:52:30] [P0B] playing land mountain
[14:52:30] [B] P0 casts krark-clan ironworks (oid 4) needs={'generic': 4}
[14:52:33] [P1B] tap land for mana used_for=any
[14:52:33] [P1B] submitting interaction iid=W3EA7E.0.176 choice=W3EA7E.0.176.c1 (Forest)
[14:52:33] [P1B] tap land for mana used_for=any
[14:52:33] [P1B] submitting interaction iid=W3EA7E.0.177 choice=W3EA7E.0.177.c1 (Forest)
[14:52:33] [P1B] tap land for mana used_for=any
[14:52:33] [P1B] submitting interaction iid=W3EA7E.0.178 choice=W3EA7E.0.178.c1 (Forest)
[14:52:33] [P1B] tap land for mana used_for=any
[14:52:33] [P1B] submitting interaction iid=W3EA7E.0.179 choice=W3EA7E.0.179.c1 (Forest)
[14:52:33] [P1B] tap land for mana used_for=any
[14:52:33] [P1B] submitting interaction iid=W3EA7E.0.180 choice=W3EA7E.0.180.c1 (Forest)
[14:52:34] [P1B] playing land forest
[14:52:34] [P1B] tap land for mana used_for=any
[14:52:34] [P1B] submitting interaction iid=W3EA7E.0.186 choice=W3EA7E.0.186.c1 (Forest)
[14:52:36] [B] tap land for mana used_for=generic
[14:52:36] [B] submitting interaction iid=W3EA7E.0.197 choice=W3EA7E.0.197.c2 (Mountain)
[14:52:36] [B] tap land for mana used_for=generic
[14:52:36] [B] submitting interaction iid=W3EA7E.0.198 choice=W3EA7E.0.198.c2 (Mountain)
[14:52:36] [B] tap land for mana used_for=generic
[14:52:36] [B] submitting interaction iid=W3EA7E.0.199 choice=W3EA7E.0.199.c2 (Mountain)
[14:52:36] [B] tap land for mana used_for=generic
[14:52:36] [B] submitting interaction iid=W3EA7E.0.200 choice=W3EA7E.0.200.c2 (Mountain)
[14:52:39] [P1B] tap land for mana used_for=any
[14:52:39] [P1B] submitting interaction iid=W3EA7E.0.216 choice=W3EA7E.0.216.c1 (Forest)
[14:52:39] [P1B] tap land for mana used_for=any
[14:52:39] [P1B] submitting interaction iid=W3EA7E.0.217 choice=W3EA7E.0.217.c1 (Forest)
[14:52:39] [P1B] tap land for mana used_for=any
[14:52:39] [P1B] submitting interaction iid=W3EA7E.0.218 choice=W3EA7E.0.218.c1 (Forest)
[14:52:39] [P1B] tap land for mana used_for=any
[14:52:39] [P1B] submitting interaction iid=W3EA7E.0.219 choice=W3EA7E.0.219.c1 (Forest)
[14:52:39] [P1B] tap land for mana used_for=any
[14:52:39] [P1B] submitting interaction iid=W3EA7E.0.220 choice=W3EA7E.0.220.c1 (Forest)
[14:52:40] [P1B] tap land for mana used_for=any
[14:52:40] [P1B] submitting interaction iid=W3EA7E.0.221 choice=W3EA7E.0.221.c1 (Forest)
[14:52:40] [P1B] playing land forest
[14:52:41] [P1B] tap land for mana used_for=any
[14:52:41] [P1B] submitting interaction iid=W3EA7E.0.227 choice=W3EA7E.0.227.c1 (Forest)
[14:52:43] [P0B] NOTE: hand=8>7 but vi kind code='choose'; vi_ops=1; trying SelectCards fallback
[14:52:43] [P0B] NOTE: hand=8>7 but vi kind code='choose'; vi_ops=0; trying SelectCards fallback
[14:52:43] [P0B] NOTE: hand=8>7 but vi kind code='choose'; vi_ops=1; trying SelectCards fallback
[14:52:43] [P0B] NOTE: hand=8>7 but vi kind code='choose'; vi_ops=0; trying SelectCards fallback
[14:52:43] [P0B] NOTE: hand=8>7 but vi kind code='choose'; vi_ops=1; trying SelectCards fallback
[14:52:43] [P0B] NOTE: hand=8>7 but vi kind code='choose'; vi_ops=0; trying SelectCards fallback
[14:52:44] [P0B] NOTE: hand=8>7 but vi kind code='relations'; vi_ops=1; trying SelectCards fallback
[14:52:44] [P0B] NOTE: hand=8>7 but vi kind code='choose'; vi_ops=1; trying SelectCards fallback
[14:52:44] [P0B] NOTE: hand=8>7 but vi kind code='choose'; vi_ops=0; trying SelectCards fallback
[14:52:44] [P0B] NOTE: hand=8>7 but vi kind code='choose'; vi_ops=1; trying SelectCards fallback
[14:52:44] [P0B] NOTE: hand=8>7 but vi kind code='choose'; vi_ops=0; trying SelectCards fallback
[14:52:44] [P0B] NOTE: hand=8>7 but vi kind code='choose'; vi_ops=1; trying SelectCards fallback
[14:52:45] [P0B] NOTE: hand=8>7 but vi kind code='choose'; vi_ops=0; trying SelectCards fallback
[14:52:45] [P0B] NOTE: hand=8>7 but vi kind code='select'; vi_ops=1; trying SelectCards fallback
[14:52:45] [P0B] discarding 1 via verbatim SelectCards: ['krark-clan ironworks']
[14:52:45] [P1B] tap land for mana used_for=any
[14:52:45] [P1B] submitting interaction iid=W3EA7E.0.254 choice=W3EA7E.0.254.c1 (Forest)
[14:52:45] [P1B] tap land for mana used_for=any
[14:52:45] [P1B] submitting interaction iid=W3EA7E.0.255 choice=W3EA7E.0.255.c1 (Forest)
[14:52:45] [P1B] tap land for mana used_for=any
[14:52:45] [P1B] submitting interaction iid=W3EA7E.0.256 choice=W3EA7E.0.256.c1 (Forest)
[14:52:46] [P1B] tap land for mana used_for=any
[14:52:46] [P1B] submitting interaction iid=W3EA7E.0.257 choice=W3EA7E.0.257.c1 (Forest)
[14:52:46] [P1B] tap land for mana used_for=any
[14:52:46] [P1B] submitting interaction iid=W3EA7E.0.258 choice=W3EA7E.0.258.c1 (Forest)
[14:52:46] [P1B] tap land for mana used_for=any
[14:52:46] [P1B] submitting interaction iid=W3EA7E.0.259 choice=W3EA7E.0.259.c1 (Forest)
[14:52:46] [P1B] tap land for mana used_for=any
[14:52:46] [P1B] submitting interaction iid=W3EA7E.0.260 choice=W3EA7E.0.260.c1 (Forest)
[14:52:47] [P1B] playing land forest
[14:52:47] [P1B] tap land for mana used_for=any
[14:52:47] [P1B] submitting interaction iid=W3EA7E.0.266 choice=W3EA7E.0.266.c1 (Forest)
[14:52:50] [P0B] NOTE: hand=8>7 but vi kind code='choose'; vi_ops=1; trying SelectCards fallback
[14:52:50] [P0B] NOTE: hand=8>7 but vi kind code='choose'; vi_ops=0; trying SelectCards fallback
[14:52:50] [P0B] NOTE: hand=8>7 but vi kind code='choose'; vi_ops=1; trying SelectCards fallback
[14:52:52] [P0B] NOTE: hand=8>7 but vi kind code='choose'; vi_ops=0; trying SelectCards fallback
[14:52:52] [P0B] NOTE: hand=8>7 but vi kind code='choose'; vi_ops=1; trying SelectCards fallback
[14:52:53] [P0B] NOTE: hand=8>7 but vi kind code='choose'; vi_ops=0; trying SelectCards fallback
[14:52:53] [P0B] NOTE: hand=8>7 but vi kind code='relations'; vi_ops=1; trying SelectCards fallback
[14:52:53] [P0B] NOTE: hand=8>7 but vi kind code='choose'; vi_ops=1; trying SelectCards fallback
[14:52:53] [P0B] NOTE: hand=8>7 but vi kind code='choose'; vi_ops=0; trying SelectCards fallback
[14:52:53] [P0B] NOTE: hand=8>7 but vi kind code='choose'; vi_ops=1; trying SelectCards fallback
[14:52:53] [P0B] NOTE: hand=8>7 but vi kind code='choose'; vi_ops=0; trying SelectCards fallback
[14:52:54] [P0B] NOTE: hand=8>7 but vi kind code='choose'; vi_ops=1; trying SelectCards fallback
[14:52:54] [P0B] NOTE: hand=8>7 but vi kind code='choose'; vi_ops=0; trying SelectCards fallback
[14:52:54] [P0B] NOTE: hand=8>7 but vi kind code='select'; vi_ops=1; trying SelectCards fallback
[14:52:54] [P0B] discarding 1 via verbatim SelectCards: ['memnite']
[14:52:54] [P1B] tap land for mana used_for=any
[14:52:54] [P1B] submitting interaction iid=W3EA7E.0.293 choice=W3EA7E.0.293.c1 (Forest)
[14:52:55] [P1B] tap land for mana used_for=any
[14:52:55] [P1B] submitting interaction iid=W3EA7E.0.294 choice=W3EA7E.0.294.c1 (Forest)
[14:52:55] [P1B] tap land for mana used_for=any
[14:52:55] [P1B] submitting interaction iid=W3EA7E.0.295 choice=W3EA7E.0.295.c1 (Forest)
[14:52:55] [P1B] tap land for mana used_for=any
[14:52:55] [P1B] submitting interaction iid=W3EA7E.0.296 choice=W3EA7E.0.296.c1 (Forest)
[14:52:55] [P1B] tap land for mana used_for=any
[14:52:55] [P1B] submitting interaction iid=W3EA7E.0.297 choice=W3EA7E.0.297.c1 (Forest)
[14:52:55] [P1B] tap land for mana used_for=any
[14:52:55] [P1B] submitting interaction iid=W3EA7E.0.298 choice=W3EA7E.0.298.c1 (Forest)
[14:52:55] [P1B] tap land for mana used_for=any
[14:52:55] [P1B] submitting interaction iid=W3EA7E.0.299 choice=W3EA7E.0.299.c1 (Forest)
[14:52:55] [P1B] tap land for mana used_for=any
[14:52:55] [P1B] submitting interaction iid=W3EA7E.0.300 choice=W3EA7E.0.300.c1 (Forest)
[14:52:56] [P1B] playing land forest
[14:52:57] [P1B] tap land for mana used_for=any
[14:52:57] [P1B] submitting interaction iid=W3EA7E.0.306 choice=W3EA7E.0.306.c1 (Forest)
[14:52:58] [P0B] NOTE: hand=8>7 but vi kind code='choose'; vi_ops=1; trying SelectCards fallback
[14:52:59] [P0B] NOTE: hand=8>7 but vi kind code='choose'; vi_ops=0; trying SelectCards fallback
[14:52:59] [P0B] NOTE: hand=8>7 but vi kind code='choose'; vi_ops=1; trying SelectCards fallback
[14:52:59] [P0B] playing land mountain
[14:53:01] [P1B] tap land for mana used_for=any
[14:53:01] [P1B] submitting interaction iid=W3EA7E.0.333 choice=W3EA7E.0.333.c1 (Forest)
[14:53:01] [P1B] tap land for mana used_for=any
[14:53:01] [P1B] submitting interaction iid=W3EA7E.0.334 choice=W3EA7E.0.334.c1 (Forest)
[14:53:01] [P1B] tap land for mana used_for=any
[14:53:01] [P1B] submitting interaction iid=W3EA7E.0.335 choice=W3EA7E.0.335.c1 (Forest)
[14:53:01] [P1B] tap land for mana used_for=any
[14:53:01] [P1B] submitting interaction iid=W3EA7E.0.336 choice=W3EA7E.0.336.c1 (Forest)
[14:53:01] [P1B] tap land for mana used_for=any
[14:53:01] [P1B] submitting interaction iid=W3EA7E.0.337 choice=W3EA7E.0.337.c1 (Forest)
[14:53:02] [P1B] tap land for mana used_for=any
[14:53:02] [P1B] submitting interaction iid=W3EA7E.0.338 choice=W3EA7E.0.338.c1 (Forest)
[14:53:02] [P1B] tap land for mana used_for=any
[14:53:02] [P1B] submitting interaction iid=W3EA7E.0.339 choice=W3EA7E.0.339.c1 (Forest)
[14:53:02] [P1B] tap land for mana used_for=any
[14:53:02] [P1B] submitting interaction iid=W3EA7E.0.340 choice=W3EA7E.0.340.c1 (Forest)
[14:53:02] [P1B] tap land for mana used_for=any
[14:53:02] [P1B] submitting interaction iid=W3EA7E.0.341 choice=W3EA7E.0.341.c1 (Forest)
[14:53:03] [P1B] playing land forest
[14:53:03] [P1B] tap land for mana used_for=any
[14:53:03] [P1B] submitting interaction iid=W3EA7E.0.347 choice=W3EA7E.0.347.c1 (Forest)
[14:53:05] [P0B] NOTE: hand=8>7 but vi kind code='choose'; vi_ops=1; trying SelectCards fallback
[14:53:05] [P0B] NOTE: hand=8>7 but vi kind code='choose'; vi_ops=0; trying SelectCards fallback
[14:53:05] [P0B] NOTE: hand=8>7 but vi kind code='choose'; vi_ops=1; trying SelectCards fallback
[14:53:05] [P0B] playing land mountain
[14:53:07] [P1B] tap land for mana used_for=any
[14:53:07] [P1B] submitting interaction iid=W3EA7E.0.374 choice=W3EA7E.0.374.c1 (Forest)
[14:53:07] [P1B] tap land for mana used_for=any
[14:53:07] [P1B] submitting interaction iid=W3EA7E.0.375 choice=W3EA7E.0.375.c1 (Forest)
[14:53:08] [P1B] tap land for mana used_for=any
[14:53:08] [P1B] submitting interaction iid=W3EA7E.0.376 choice=W3EA7E.0.376.c1 (Forest)
[14:53:08] [P1B] tap land for mana used_for=any
[14:53:08] [P1B] submitting interaction iid=W3EA7E.0.377 choice=W3EA7E.0.377.c1 (Forest)
[14:53:08] [P1B] tap land for mana used_for=any
[14:53:08] [P1B] submitting interaction iid=W3EA7E.0.378 choice=W3EA7E.0.378.c1 (Forest)
[14:53:08] [P1B] tap land for mana used_for=any
[14:53:08] [P1B] submitting interaction iid=W3EA7E.0.379 choice=W3EA7E.0.379.c1 (Forest)
[14:53:08] [P1B] tap land for mana used_for=any
[14:53:08] [P1B] submitting interaction iid=W3EA7E.0.380 choice=W3EA7E.0.380.c1 (Forest)
[14:53:08] [P1B] tap land for mana used_for=any
[14:53:08] [P1B] submitting interaction iid=W3EA7E.0.381 choice=W3EA7E.0.381.c1 (Forest)
[14:53:08] [P1B] tap land for mana used_for=any
[14:53:08] [P1B] submitting interaction iid=W3EA7E.0.382 choice=W3EA7E.0.382.c1 (Forest)
[14:53:09] [P1B] tap land for mana used_for=any
[14:53:09] [P1B] submitting interaction iid=W3EA7E.0.383 choice=W3EA7E.0.383.c1 (Forest)
[14:53:10] [P1B] playing land forest
[14:53:10] [P1B] tap land for mana used_for=any
[14:53:10] [P1B] submitting interaction iid=W3EA7E.0.389 choice=W3EA7E.0.389.c1 (Forest)
[14:53:12] [P0B] NOTE: hand=8>7 but vi kind code='choose'; vi_ops=1; trying SelectCards fallback
[14:53:12] [P0B] NOTE: hand=8>7 but vi kind code='choose'; vi_ops=0; trying SelectCards fallback
[14:53:12] [P0B] NOTE: hand=8>7 but vi kind code='choose'; vi_ops=1; trying SelectCards fallback
[14:53:12] [P0B] NOTE: hand=8>7 but vi kind code='choose'; vi_ops=0; trying SelectCards fallback
[14:53:12] [P0B] NOTE: hand=8>7 but vi kind code='choose'; vi_ops=1; trying SelectCards fallback
[14:53:13] [P0B] NOTE: hand=8>7 but vi kind code='choose'; vi_ops=0; trying SelectCards fallback
[14:53:13] [P0B] NOTE: hand=8>7 but vi kind code='relations'; vi_ops=1; trying SelectCards fallback
[14:53:13] [P0B] NOTE: hand=8>7 but vi kind code='choose'; vi_ops=1; trying SelectCards fallback
[14:53:13] [P0B] NOTE: hand=8>7 but vi kind code='choose'; vi_ops=0; trying SelectCards fallback
[14:53:13] [P0B] NOTE: hand=8>7 but vi kind code='choose'; vi_ops=1; trying SelectCards fallback
[14:53:13] [P0B] NOTE: hand=8>7 but vi kind code='choose'; vi_ops=0; trying SelectCards fallback
[14:53:14] [P0B] NOTE: hand=8>7 but vi kind code='choose'; vi_ops=1; trying SelectCards fallback
[14:53:14] [P0B] NOTE: hand=8>7 but vi kind code='choose'; vi_ops=0; trying SelectCards fallback
[14:53:14] [P0B] NOTE: hand=8>7 but vi kind code='select'; vi_ops=1; trying SelectCards fallback
[14:53:14] [P0B] discarding 1 via verbatim SelectCards: ['krark-clan ironworks']
[14:53:15] [P1B] tap land for mana used_for=any
[14:53:15] [P1B] submitting interaction iid=W3EA7E.0.416 choice=W3EA7E.0.416.c1 (Forest)
[14:53:15] [P1B] tap land for mana used_for=any
[14:53:15] [P1B] submitting interaction iid=W3EA7E.0.417 choice=W3EA7E.0.417.c1 (Forest)
[14:53:15] [P1B] tap land for mana used_for=any
[14:53:15] [P1B] submitting interaction iid=W3EA7E.0.418 choice=W3EA7E.0.418.c1 (Forest)
[14:53:15] [P1B] tap land for mana used_for=any
[14:53:15] [P1B] submitting interaction iid=W3EA7E.0.419 choice=W3EA7E.0.419.c1 (Forest)
[14:53:15] [P1B] tap land for mana used_for=any
[14:53:15] [P1B] submitting interaction iid=W3EA7E.0.420 choice=W3EA7E.0.420.c1 (Forest)
[14:53:15] [P1B] tap land for mana used_for=any
[14:53:15] [P1B] submitting interaction iid=W3EA7E.0.421 choice=W3EA7E.0.421.c1 (Forest)
[14:53:15] [P1B] tap land for mana used_for=any
[14:53:15] [P1B] submitting interaction iid=W3EA7E.0.422 choice=W3EA7E.0.422.c1 (Forest)
[14:53:16] [P1B] tap land for mana used_for=any
[14:53:16] [P1B] submitting interaction iid=W3EA7E.0.423 choice=W3EA7E.0.423.c1 (Forest)
[14:53:16] [P1B] tap land for mana used_for=any
[14:53:16] [P1B] submitting interaction iid=W3EA7E.0.424 choice=W3EA7E.0.424.c1 (Forest)
[14:53:16] [P1B] tap land for mana used_for=any
[14:53:16] [P1B] submitting interaction iid=W3EA7E.0.425 choice=W3EA7E.0.425.c1 (Forest)
[14:53:16] [P1B] tap land for mana used_for=any
[14:53:16] [P1B] submitting interaction iid=W3EA7E.0.426 choice=W3EA7E.0.426.c1 (Forest)
[14:53:17] [P1B] playing land forest
[14:53:17] [P1B] tap land for mana used_for=any
[14:53:17] [P1B] submitting interaction iid=W3EA7E.0.432 choice=W3EA7E.0.432.c1 (Forest)
[14:53:19] [P0B] NOTE: hand=8>7 but vi kind code='choose'; vi_ops=1; trying SelectCards fallback
[14:53:19] [P0B] NOTE: hand=8>7 but vi kind code='choose'; vi_ops=0; trying SelectCards fallback
[14:53:19] [P0B] NOTE: hand=8>7 but vi kind code='choose'; vi_ops=1; trying SelectCards fallback
[14:53:20] [P0B] NOTE: hand=8>7 but vi kind code='choose'; vi_ops=0; trying SelectCards fallback
[14:53:20] [P0B] NOTE: hand=8>7 but vi kind code='choose'; vi_ops=1; trying SelectCards fallback
[14:53:20] [P0B] NOTE: hand=8>7 but vi kind code='choose'; vi_ops=0; trying SelectCards fallback
[14:53:20] [P0B] NOTE: hand=8>7 but vi kind code='relations'; vi_ops=1; trying SelectCards fallback
[14:53:20] [P0B] NOTE: hand=8>7 but vi kind code='choose'; vi_ops=1; trying SelectCards fallback
[14:53:20] [P0B] NOTE: hand=8>7 but vi kind code='choose'; vi_ops=0; trying SelectCards fallback
[14:53:21] [P0B] NOTE: hand=8>7 but vi kind code='choose'; vi_ops=1; trying SelectCards fallback
[14:53:21] [P0B] NOTE: hand=8>7 but vi kind code='choose'; vi_ops=0; trying SelectCards fallback
[14:53:21] [P0B] NOTE: hand=8>7 but vi kind code='choose'; vi_ops=1; trying SelectCards fallback
[14:53:21] [P0B] NOTE: hand=8>7 but vi kind code='choose'; vi_ops=0; trying SelectCards fallback
[14:53:21] [P0B] NOTE: hand=8>7 but vi kind code='select'; vi_ops=1; trying SelectCards fallback
[14:53:21] [P0B] discarding 1 via verbatim SelectCards: ['memnite']
[14:53:22] [P1B] tap land for mana used_for=any
[14:53:22] [P1B] submitting interaction iid=W3EA7E.0.459 choice=W3EA7E.0.459.c1 (Forest)
[14:53:22] [P1B] tap land for mana used_for=any
[14:53:22] [P1B] submitting interaction iid=W3EA7E.0.460 choice=W3EA7E.0.460.c1 (Forest)
[14:53:22] [P1B] tap land for mana used_for=any
[14:53:22] [P1B] submitting interaction iid=W3EA7E.0.461 choice=W3EA7E.0.461.c1 (Forest)
[14:53:22] [P1B] tap land for mana used_for=any
[14:53:22] [P1B] submitting interaction iid=W3EA7E.0.462 choice=W3EA7E.0.462.c1 (Forest)
[14:53:24] [P1B] tap land for mana used_for=any
[14:53:24] [P1B] submitting interaction iid=W3EA7E.0.463 choice=W3EA7E.0.463.c1 (Forest)
[14:53:24] [P1B] tap land for mana used_for=any
[14:53:24] [P1B] submitting interaction iid=W3EA7E.0.464 choice=W3EA7E.0.464.c1 (Forest)
[14:53:24] [P1B] tap land for mana used_for=any
[14:53:24] [P1B] submitting interaction iid=W3EA7E.0.465 choice=W3EA7E.0.465.c1 (Forest)
[14:53:24] [P1B] tap land for mana used_for=any
[14:53:24] [P1B] submitting interaction iid=W3EA7E.0.466 choice=W3EA7E.0.466.c1 (Forest)
[14:53:25] [P1B] tap land for mana used_for=any
[14:53:25] [P1B] submitting interaction iid=W3EA7E.0.467 choice=W3EA7E.0.467.c1 (Forest)
[14:53:25] [P1B] tap land for mana used_for=any
[14:53:25] [P1B] submitting interaction iid=W3EA7E.0.468 choice=W3EA7E.0.468.c1 (Forest)
[14:53:25] [P1B] tap land for mana used_for=any
[14:53:25] [P1B] submitting interaction iid=W3EA7E.0.469 choice=W3EA7E.0.469.c1 (Forest)
[14:53:25] [P1B] tap land for mana used_for=any
[14:53:25] [P1B] submitting interaction iid=W3EA7E.0.470 choice=W3EA7E.0.470.c1 (Forest)
[14:53:26] [P1B] playing land forest
[14:53:26] [P1B] tap land for mana used_for=any
[14:53:26] [P1B] submitting interaction iid=W3EA7E.0.476 choice=W3EA7E.0.476.c1 (Forest)
[14:53:28] [P0B] NOTE: hand=8>7 but vi kind code='choose'; vi_ops=1; trying SelectCards fallback
[14:53:28] [P0B] NOTE: hand=8>7 but vi kind code='choose'; vi_ops=0; trying SelectCards fallback
[14:53:28] [P0B] NOTE: hand=8>7 but vi kind code='choose'; vi_ops=1; trying SelectCards fallback
[14:53:28] [P0B] NOTE: hand=8>7 but vi kind code='choose'; vi_ops=0; trying SelectCards fallback
[14:53:29] [P0B] NOTE: hand=8>7 but vi kind code='choose'; vi_ops=1; trying SelectCards fallback
[14:53:29] [P0B] NOTE: hand=8>7 but vi kind code='choose'; vi_ops=0; trying SelectCards fallback
[14:53:29] [P0B] NOTE: hand=8>7 but vi kind code='relations'; vi_ops=1; trying SelectCards fallback
[14:53:29] [P0B] NOTE: hand=8>7 but vi kind code='choose'; vi_ops=1; trying SelectCards fallback
[14:53:29] [P0B] NOTE: hand=8>7 but vi kind code='choose'; vi_ops=0; trying SelectCards fallback
[14:53:29] [P0B] NOTE: hand=8>7 but vi kind code='choose'; vi_ops=1; trying SelectCards fallback
[14:53:29] [P0B] NOTE: hand=8>7 but vi kind code='choose'; vi_ops=0; trying SelectCards fallback
[14:53:30] [P0B] NOTE: hand=8>7 but vi kind code='choose'; vi_ops=1; trying SelectCards fallback
[14:53:30] [P0B] NOTE: hand=8>7 but vi kind code='choose'; vi_ops=0; trying SelectCards fallback
[14:53:30] [P0B] NOTE: hand=8>7 but vi kind code='select'; vi_ops=1; trying SelectCards fallback
[14:53:30] [P0B] discarding 1 via verbatim SelectCards: ['memnite']
[14:53:30] [P1B] tap land for mana used_for=any
[14:53:30] [P1B] submitting interaction iid=W3EA7E.0.503 choice=W3EA7E.0.503.c1 (Forest)
[14:53:30] [P1B] tap land for mana used_for=any
[14:53:30] [P1B] submitting interaction iid=W3EA7E.0.504 choice=W3EA7E.0.504.c1 (Forest)
[14:53:31] [P1B] tap land for mana used_for=any
[14:53:31] [P1B] submitting interaction iid=W3EA7E.0.505 choice=W3EA7E.0.505.c1 (Forest)
[14:53:31] [P1B] tap land for mana used_for=any
[14:53:31] [P1B] submitting interaction iid=W3EA7E.0.506 choice=W3EA7E.0.506.c1 (Forest)
[14:53:31] [P1B] tap land for mana used_for=any
[14:53:31] [P1B] submitting interaction iid=W3EA7E.0.507 choice=W3EA7E.0.507.c1 (Forest)
[14:53:31] [P1B] tap land for mana used_for=any
[14:53:31] [P1B] submitting interaction iid=W3EA7E.0.508 choice=W3EA7E.0.508.c1 (Forest)
[14:53:31] [P1B] tap land for mana used_for=any
[14:53:31] [P1B] submitting interaction iid=W3EA7E.0.509 choice=W3EA7E.0.509.c1 (Forest)
[14:53:31] [P1B] tap land for mana used_for=any
[14:53:31] [P1B] submitting interaction iid=W3EA7E.0.510 choice=W3EA7E.0.510.c1 (Forest)
[14:53:32] [P1B] tap land for mana used_for=any
[14:53:32] [P1B] submitting interaction iid=W3EA7E.0.511 choice=W3EA7E.0.511.c1 (Forest)
[14:53:32] [P1B] tap land for mana used_for=any
[14:53:32] [P1B] submitting interaction iid=W3EA7E.0.512 choice=W3EA7E.0.512.c1 (Forest)
[14:53:32] [P1B] tap land for mana used_for=any
[14:53:32] [P1B] submitting interaction iid=W3EA7E.0.513 choice=W3EA7E.0.513.c1 (Forest)
[14:53:32] [P1B] tap land for mana used_for=any
[14:53:32] [P1B] submitting interaction iid=W3EA7E.0.514 choice=W3EA7E.0.514.c1 (Forest)
[14:53:32] [P1B] tap land for mana used_for=any
[14:53:32] [P1B] submitting interaction iid=W3EA7E.0.515 choice=W3EA7E.0.515.c1 (Forest)
[14:53:33] [P1B] playing land forest
[14:53:33] [P1B] tap land for mana used_for=any
[14:53:33] [P1B] submitting interaction iid=W3EA7E.0.521 choice=W3EA7E.0.521.c1 (Forest)
[14:53:35] [P0B] NOTE: hand=8>7 but vi kind code='choose'; vi_ops=1; trying SelectCards fallback
[14:53:35] [P0B] NOTE: hand=8>7 but vi kind code='choose'; vi_ops=0; trying SelectCards fallback
[14:53:35] [P0B] NOTE: hand=8>7 but vi kind code='choose'; vi_ops=1; trying SelectCards fallback
[14:53:36] [P0B] NOTE: hand=8>7 but vi kind code='choose'; vi_ops=0; trying SelectCards fallback
[14:53:36] [P0B] NOTE: hand=8>7 but vi kind code='choose'; vi_ops=1; trying SelectCards fallback
[14:53:36] [P0B] NOTE: hand=8>7 but vi kind code='choose'; vi_ops=0; trying SelectCards fallback
[14:53:36] [P0B] NOTE: hand=8>7 but vi kind code='relations'; vi_ops=1; trying SelectCards fallback
[14:53:36] [P0B] NOTE: hand=8>7 but vi kind code='choose'; vi_ops=1; trying SelectCards fallback
[14:53:36] [P0B] NOTE: hand=8>7 but vi kind code='choose'; vi_ops=0; trying SelectCards fallback
[14:53:37] [P0B] NOTE: hand=8>7 but vi kind code='choose'; vi_ops=1; trying SelectCards fallback
[14:53:37] [P0B] NOTE: hand=8>7 but vi kind code='choose'; vi_ops=0; trying SelectCards fallback
[14:53:37] [P0B] NOTE: hand=8>7 but vi kind code='choose'; vi_ops=1; trying SelectCards fallback
[14:53:37] [P0B] NOTE: hand=8>7 but vi kind code='choose'; vi_ops=0; trying SelectCards fallback
[14:53:37] [P0B] NOTE: hand=8>7 but vi kind code='select'; vi_ops=1; trying SelectCards fallback
[14:53:37] [P0B] discarding 1 via verbatim SelectCards: ['krark-clan ironworks']
[14:53:38] [P1B] tap land for mana used_for=any
[14:53:38] [P1B] submitting interaction iid=W3EA7E.0.548 choice=W3EA7E.0.548.c1 (Forest)
[14:53:38] [P1B] tap land for mana used_for=any
[14:53:38] [P1B] submitting interaction iid=W3EA7E.0.549 choice=W3EA7E.0.549.c1 (Forest)
[14:53:38] [P1B] tap land for mana used_for=any
[14:53:38] [P1B] submitting interaction iid=W3EA7E.0.550 choice=W3EA7E.0.550.c1 (Forest)
[14:53:38] [P1B] tap land for mana used_for=any
[14:53:38] [P1B] submitting interaction iid=W3EA7E.0.551 choice=W3EA7E.0.551.c1 (Forest)
[14:53:38] [P1B] tap land for mana used_for=any
[14:53:38] [P1B] submitting interaction iid=W3EA7E.0.552 choice=W3EA7E.0.552.c1 (Forest)
[14:53:38] [P1B] tap land for mana used_for=any
[14:53:38] [P1B] submitting interaction iid=W3EA7E.0.553 choice=W3EA7E.0.553.c1 (Forest)
[14:53:38] [P1B] tap land for mana used_for=any
[14:53:38] [P1B] submitting interaction iid=W3EA7E.0.554 choice=W3EA7E.0.554.c1 (Forest)
[14:53:39] [P1B] tap land for mana used_for=any
[14:53:39] [P1B] submitting interaction iid=W3EA7E.0.555 choice=W3EA7E.0.555.c1 (Forest)
[14:53:39] [P1B] tap land for mana used_for=any
[14:53:39] [P1B] submitting interaction iid=W3EA7E.0.556 choice=W3EA7E.0.556.c1 (Forest)
[14:53:39] [P1B] tap land for mana used_for=any
[14:53:39] [P1B] submitting interaction iid=W3EA7E.0.557 choice=W3EA7E.0.557.c1 (Forest)
[14:53:39] [P1B] tap land for mana used_for=any
[14:53:39] [P1B] submitting interaction iid=W3EA7E.0.558 choice=W3EA7E.0.558.c1 (Forest)
[14:53:39] [P1B] tap land for mana used_for=any
[14:53:39] [P1B] submitting interaction iid=W3EA7E.0.559 choice=W3EA7E.0.559.c1 (Forest)
[14:53:39] [P1B] tap land for mana used_for=any
[14:53:39] [P1B] submitting interaction iid=W3EA7E.0.560 choice=W3EA7E.0.560.c1 (Forest)
[14:53:40] [P1B] tap land for mana used_for=any
[14:53:40] [P1B] submitting interaction iid=W3EA7E.0.561 choice=W3EA7E.0.561.c1 (Forest)
[14:53:41] [P1B] playing land forest
[14:53:41] [P1B] tap land for mana used_for=any
[14:53:41] [P1B] submitting interaction iid=W3EA7E.0.567 choice=W3EA7E.0.567.c1 (Forest)
[14:53:43] [P0B] NOTE: hand=8>7 but vi kind code='choose'; vi_ops=1; trying SelectCards fallback
[14:53:43] [P0B] NOTE: hand=8>7 but vi kind code='choose'; vi_ops=0; trying SelectCards fallback
[14:53:44] [P0B] NOTE: hand=8>7 but vi kind code='choose'; vi_ops=1; trying SelectCards fallback
[14:53:44] [B] P0 casts phyrexian altar (oid 11) needs={'generic': 3}
[14:53:44] [B] tap land for mana used_for=generic
[14:53:44] [B] submitting interaction iid=W3EA7E.0.583 choice=W3EA7E.0.583.c2 (Mountain)
[14:53:44] [B] tap land for mana used_for=generic
[14:53:44] [B] submitting interaction iid=W3EA7E.0.584 choice=W3EA7E.0.584.c2 (Mountain)
[14:53:44] [B] tap land for mana used_for=generic
[14:53:44] [B] submitting interaction iid=W3EA7E.0.585 choice=W3EA7E.0.585.c2 (Mountain)
[14:53:46] [B] setup complete -> assert phase
[14:53:47] [B] exported pre_B.json
[14:53:47] [B] PRE exported; setup ready (turn 30)
[14:53:47] [P1B] tap land for mana used_for=any
[14:53:47] [P1B] submitting interaction iid=W3EA7E.0.599 choice=W3EA7E.0.599.c1 (Forest)
[14:53:47] [P1B] tap land for mana used_for=any
[14:53:47] [P1B] submitting interaction iid=W3EA7E.0.600 choice=W3EA7E.0.600.c1 (Forest)
[14:53:47] [P1B] tap land for mana used_for=any
[14:53:47] [P1B] submitting interaction iid=W3EA7E.0.601 choice=W3EA7E.0.601.c1 (Forest)
[14:53:47] [P1B] tap land for mana used_for=any
[14:53:47] [P1B] submitting interaction iid=W3EA7E.0.602 choice=W3EA7E.0.602.c1 (Forest)
[14:53:48] [P1B] tap land for mana used_for=any
[14:53:48] [P1B] submitting interaction iid=W3EA7E.0.603 choice=W3EA7E.0.603.c1 (Forest)
[14:53:48] [P1B] tap land for mana used_for=any
[14:53:48] [P1B] submitting interaction iid=W3EA7E.0.604 choice=W3EA7E.0.604.c1 (Forest)
[14:53:48] [P1B] tap land for mana used_for=any
[14:53:48] [P1B] submitting interaction iid=W3EA7E.0.605 choice=W3EA7E.0.605.c1 (Forest)
[14:53:48] [P1B] tap land for mana used_for=any
[14:53:48] [P1B] submitting interaction iid=W3EA7E.0.606 choice=W3EA7E.0.606.c1 (Forest)
[14:53:48] [P1B] tap land for mana used_for=any
[14:53:48] [P1B] submitting interaction iid=W3EA7E.0.607 choice=W3EA7E.0.607.c1 (Forest)
[14:53:48] [P1B] tap land for mana used_for=any
[14:53:48] [P1B] submitting interaction iid=W3EA7E.0.608 choice=W3EA7E.0.608.c1 (Forest)
[14:53:49] [P1B] tap land for mana used_for=any
[14:53:49] [P1B] submitting interaction iid=W3EA7E.0.609 choice=W3EA7E.0.609.c1 (Forest)
[14:53:49] [P1B] tap land for mana used_for=any
[14:53:49] [P1B] submitting interaction iid=W3EA7E.0.610 choice=W3EA7E.0.610.c1 (Forest)
[14:53:49] [P1B] tap land for mana used_for=any
[14:53:49] [P1B] submitting interaction iid=W3EA7E.0.611 choice=W3EA7E.0.611.c1 (Forest)
[14:53:49] [P1B] tap land for mana used_for=any
[14:53:49] [P1B] submitting interaction iid=W3EA7E.0.612 choice=W3EA7E.0.612.c1 (Forest)
[14:53:49] [P1B] tap land for mana used_for=any
[14:53:49] [P1B] submitting interaction iid=W3EA7E.0.613 choice=W3EA7E.0.613.c1 (Forest)
[14:53:50] [P1B] playing land forest
[14:53:50] [P1B] tap land for mana used_for=any
[14:53:50] [P1B] submitting interaction iid=W3EA7E.0.619 choice=W3EA7E.0.619.c1 (Forest)
[14:53:52] [P0B] NOTE: hand=8>7 but vi kind code='choose'; vi_ops=1; trying SelectCards fallback
[14:53:53] [P0B] NOTE: hand=8>7 but vi kind code='choose'; vi_ops=0; trying SelectCards fallback
[14:53:53] [P0B] NOTE: hand=8>7 but vi kind code='choose'; vi_ops=1; trying SelectCards fallback
[14:53:53] [P0B] NOTE: hand=8>7 but vi kind code='choose'; vi_ops=0; trying SelectCards fallback
[14:53:53] [P0B] NOTE: hand=8>7 but vi kind code='choose'; vi_ops=1; trying SelectCards fallback
[14:53:53] [P0B] NOTE: hand=8>7 but vi kind code='choose'; vi_ops=0; trying SelectCards fallback
[14:53:54] [P0B] NOTE: hand=8>7 but vi kind code='relations'; vi_ops=1; trying SelectCards fallback
[14:53:54] [P0B] NOTE: hand=8>7 but vi kind code='choose'; vi_ops=1; trying SelectCards fallback
[14:53:54] [P0B] NOTE: hand=8>7 but vi kind code='choose'; vi_ops=0; trying SelectCards fallback
[14:53:54] [P0B] NOTE: hand=8>7 but vi kind code='choose'; vi_ops=1; trying SelectCards fallback
[14:53:54] [B] gate: CastSpell(endless one) offered_seen=True (obs=4)
[14:53:54] [B] -> act phase
[14:53:54] [B] casting endless one
[14:53:55] [P0B] NOTE: hand=8>7 but vi kind code='choose'; vi_ops=1; trying SelectCards fallback
[14:53:55] [B] X-choice offered: min=0 max=9 (turn 32, bf=[('krark-clan ironworks', 1), ('memnite', 1), ('mountain', 6), ('phyrexian altar', 1)])
[14:53:55] [B] B2_x_cap_overcounted: max=9 vs bounded-flow acceptance 8 (mtn=6 kci=1 memnite=1); delta=+1 -> passed
[14:53:55] [B] submitting number X=3
[14:53:55] [B] chose X=3 for endless one
[14:53:56] [B] tap land for mana used_for=generic
[14:53:56] [B] submitting interaction iid=W3EA7E.0.643 choice=W3EA7E.0.643.c3 (Mountain)
[14:53:56] [B] tap land for mana used_for=generic
[14:53:56] [B] submitting interaction iid=W3EA7E.0.644 choice=W3EA7E.0.644.c3 (Mountain)
[14:53:56] [B] tap land for mana used_for=generic
[14:53:56] [B] submitting interaction iid=W3EA7E.0.645 choice=W3EA7E.0.645.c3 (Mountain)
[14:53:56] [B] unmatched interaction while expecting=pay: rtype=exactChoices
[14:53:56] [B] pay telemetry: pool={'R': 3}, stack_spells=1, ones_bf=0, vikind=choose, pending_cast=False
[14:53:56] [B] B3: X=3 payment completed: pool={'R': 3}, stack_spells=1, ones_bf=0, sacs=None
[14:53:56] [B] mid-pay state exported
[14:54:41] WATCHDOG stale P0B: rev 646 turn=32 phase=PostCombatMain legal=['PassPriority'] vikind=choose
[14:54:42] WATCHDOG stale P1B: rev 646 turn=32 phase=PostCombatMain legal=[] vikind=choose
[14:54:42] [B] B3: paid spell not resolved after passes (stack_spells=1)
[14:54:42] [B] POST exported
[14:54:42] [B] expecting pay timed out; clearing
[14:54:42] ===== GAME C: endless one {X} (X=2) =====
[14:54:43] [C] game GZVHY3; P0 seat=0 P1 seat=1
[14:54:43] [P0C] keep 7: ['mountain', 'mountain', 'memnite', 'krark-clan ironworks', 'mountain', 'memnite', 'endless one']
[14:54:43] [P1C] keep 7: ['forest', 'forest', 'forest', 'forest', 'forest', 'forest', 'forest']
[14:54:43] [P1C] playing land forest
[14:54:44] [P1C] tap land for mana used_for=any
[14:54:44] [P1C] submitting interaction iid=GZVHY3.0.7 choice=GZVHY3.0.7.c1 (Forest)
[14:54:46] [P0C] NOTE: hand=8>7 but vi kind code='choose'; vi_ops=1; trying SelectCards fallback
[14:54:46] [P0C] NOTE: hand=8>7 but vi kind code='choose'; vi_ops=0; trying SelectCards fallback
[14:54:46] [P0C] NOTE: hand=8>7 but vi kind code='choose'; vi_ops=1; trying SelectCards fallback
[14:54:46] [P0C] playing land mountain
[14:54:46] [C] P0 casts memnite (oid 7) needs={'generic': 0}
[14:54:48] [P1C] tap land for mana used_for=any
[14:54:48] [P1C] submitting interaction iid=GZVHY3.0.36 choice=GZVHY3.0.36.c1 (Forest)
[14:54:51] [P1C] playing land forest
[14:54:51] [P1C] tap land for mana used_for=any
[14:54:51] [P1C] submitting interaction iid=GZVHY3.0.42 choice=GZVHY3.0.42.c1 (Forest)
[14:54:53] [P0C] playing land mountain
[14:54:55] [P1C] tap land for mana used_for=any
[14:54:55] [P1C] submitting interaction iid=GZVHY3.0.69 choice=GZVHY3.0.69.c1 (Forest)
[14:54:55] [P1C] tap land for mana used_for=any
[14:54:55] [P1C] submitting interaction iid=GZVHY3.0.70 choice=GZVHY3.0.70.c1 (Forest)
[14:54:56] [P1C] playing land forest
[14:54:56] [P1C] tap land for mana used_for=any
[14:54:56] [P1C] submitting interaction iid=GZVHY3.0.76 choice=GZVHY3.0.76.c1 (Forest)
[14:54:58] [P0C] playing land mountain
[14:54:59] [C] P0 casts phyrexian altar (oid 43) needs={'generic': 3}
[14:55:01] [P1C] tap land for mana used_for=any
[14:55:01] [P1C] submitting interaction iid=GZVHY3.0.106 choice=GZVHY3.0.106.c1 (Forest)
[14:55:01] [P1C] tap land for mana used_for=any
[14:55:01] [P1C] submitting interaction iid=GZVHY3.0.107 choice=GZVHY3.0.107.c1 (Forest)
[14:55:02] [P1C] tap land for mana used_for=any
[14:55:02] [P1C] submitting interaction iid=GZVHY3.0.108 choice=GZVHY3.0.108.c1 (Forest)
[14:55:02] [P1C] playing land forest
[14:55:03] [P1C] tap land for mana used_for=any
[14:55:03] [P1C] submitting interaction iid=GZVHY3.0.114 choice=GZVHY3.0.114.c1 (Forest)
[14:55:04] [C] tap land for mana used_for=generic
[14:55:04] [C] submitting interaction iid=GZVHY3.0.125 choice=GZVHY3.0.125.c2 (Mountain)
[14:55:04] [C] tap land for mana used_for=generic
[14:55:04] [C] submitting interaction iid=GZVHY3.0.126 choice=GZVHY3.0.126.c2 (Mountain)
[14:55:04] [C] tap land for mana used_for=generic
[14:55:04] [C] submitting interaction iid=GZVHY3.0.127 choice=GZVHY3.0.127.c2 (Mountain)
[14:55:05] [P0C] playing land mountain
[14:55:07] [P1C] tap land for mana used_for=any
[14:55:07] [P1C] submitting interaction iid=GZVHY3.0.144 choice=GZVHY3.0.144.c1 (Forest)
[14:55:07] [P1C] tap land for mana used_for=any
[14:55:07] [P1C] submitting interaction iid=GZVHY3.0.145 choice=GZVHY3.0.145.c1 (Forest)
[14:55:07] [P1C] tap land for mana used_for=any
[14:55:07] [P1C] submitting interaction iid=GZVHY3.0.146 choice=GZVHY3.0.146.c1 (Forest)
[14:55:08] [P1C] tap land for mana used_for=any
[14:55:08] [P1C] submitting interaction iid=GZVHY3.0.147 choice=GZVHY3.0.147.c1 (Forest)
[14:55:08] [P1C] playing land forest
[14:55:08] [P1C] tap land for mana used_for=any
[14:55:08] [P1C] submitting interaction iid=GZVHY3.0.153 choice=GZVHY3.0.153.c1 (Forest)
[14:55:11] [C] P0 casts krark-clan ironworks (oid 46) needs={'generic': 4}
[14:55:12] [C] setup complete -> assert phase
[14:55:12] [C] exported pre_C.json
[14:55:12] [C] PRE exported; setup ready (turn 10)
[14:55:13] [P1C] tap land for mana used_for=any
[14:55:13] [P1C] submitting interaction iid=GZVHY3.0.182 choice=GZVHY3.0.182.c1 (Forest)
[14:55:14] [P1C] tap land for mana used_for=any
[14:55:14] [P1C] submitting interaction iid=GZVHY3.0.183 choice=GZVHY3.0.183.c1 (Forest)
[14:55:14] [P1C] tap land for mana used_for=any
[14:55:14] [P1C] submitting interaction iid=GZVHY3.0.184 choice=GZVHY3.0.184.c1 (Forest)
[14:55:14] [P1C] tap land for mana used_for=any
[14:55:14] [P1C] submitting interaction iid=GZVHY3.0.185 choice=GZVHY3.0.185.c1 (Forest)
[14:55:14] [P1C] tap land for mana used_for=any
[14:55:14] [P1C] submitting interaction iid=GZVHY3.0.186 choice=GZVHY3.0.186.c1 (Forest)
[14:55:15] [P1C] playing land forest
[14:55:15] [P1C] tap land for mana used_for=any
[14:55:15] [P1C] submitting interaction iid=GZVHY3.0.192 choice=GZVHY3.0.192.c1 (Forest)
[14:55:17] [C] tap land for mana used_for=generic
[14:55:17] [C] submitting interaction iid=GZVHY3.0.203 choice=GZVHY3.0.203.c3 (Mountain)
[14:55:17] [C] tap land for mana used_for=generic
[14:55:17] [C] submitting interaction iid=GZVHY3.0.204 choice=GZVHY3.0.204.c3 (Mountain)
[14:55:17] [C] tap land for mana used_for=generic
[14:55:17] [C] submitting interaction iid=GZVHY3.0.205 choice=GZVHY3.0.205.c3 (Mountain)
[14:55:17] [C] tap land for mana used_for=generic
[14:55:17] [C] submitting interaction iid=GZVHY3.0.206 choice=GZVHY3.0.206.c3 (Mountain)
[14:55:18] [C] gate: CastSpell(endless one) offered_seen=True (obs=4)
[14:55:18] [C] -> act phase
[14:55:18] [C] casting endless one
[14:55:19] [C] X-choice offered: min=0 max=3 (turn 12, bf=[('krark-clan ironworks', 1), ('memnite', 1), ('mountain(tapped)', 4), ('phyrexian altar', 1)])
[14:55:19] [C] C2_x_cap_observed: max=3
[14:55:19] [C] submitting number X=2
[14:55:19] [C] chose X=2 for endless one
[14:55:20] [C] unmatched interaction while expecting=pay: rtype=exactChoices
[14:55:20] [C] activating Krark-Clan Ironworks (ActivateAbility legal_action)
[14:55:20] [C] submitting interaction iid=GZVHY3.0.214 choice=GZVHY3.0.214.s0 (Memnite)
[14:55:20] [C] sacrificed (#1): memnite
[14:55:21] [C] spend pool mana for payment (paid=0/2)
[14:55:21] [C] submitting interaction iid=GZVHY3.0.215 choice=GZVHY3.0.215.p3 ()
[14:55:22] [C] spend pool mana for payment (paid=1/2)
[14:55:22] [C] submitting interaction iid=GZVHY3.0.216 choice=GZVHY3.0.216.p4 ()
[14:55:23] [C] unmatched interaction while expecting=pay: rtype=exactChoices
[14:56:08] WATCHDOG stale P1C: rev 217 turn=12 phase=PreCombatMain legal=[] vikind=choose
[14:56:08] WATCHDOG stale P0C: rev 217 turn=12 phase=PreCombatMain legal=['PassPriority', 'ActivateAbility', 'CancelCast'] vikind=choose
[14:56:09] [C] expecting pay timed out; clearing
[14:56:19] [C] C3: payment never completed in 60s
[14:56:19] [C] POST exported
