[03:14:32] server identity hashes recomputed against on-disk pinned artifacts
[03:14:32] ServerHello: version=0.103.0 build=ec27a8d protocol=106 mode=Full
[03:14:32] data-level: parse_ok=True chain=[{"kind": "Activated", "effect": "ChangeZone", "cost": {"type": "Mana", "cost": {"type": "Cost", "shards": ["Red"], "generic": 0}}}, {"kind": "Spell", "effect": "GenericEffect", "cost": null}, {"kind": "Spell", "effect": "CreateDelayedTrigger", "cost": null}, {"delayed_condition": {"type": "AtNextPh
[03:14:33] connecting P1...
[03:14:33] game OGYS7S; P0 seat=0 P1 seat=1
[03:14:33] [6902] keep 7: ['mountain', 'grizzly bears', 'mountain', 'grizzly bears', 'sneak attack', 'mountain', 'sneak attack']
[03:14:33] [P16902] keep 7: ['mountain', 'mountain', 'grizzly bears', 'mountain', 'mountain', 'grizzly bears', 'mountain']
[03:14:34] [P16902] playing land mountain
[03:14:34] [P16902] tap land for mana used_for=any
[03:14:34] [P16902] submitting interaction iid=OGYS7S.0.7 choice=OGYS7S.0.7.c1 (Mountain)
[03:14:37] [6902] playing land mountain
[03:14:38] [P16902] tap land for mana used_for=any
[03:14:38] [P16902] submitting interaction iid=OGYS7S.0.33 choice=OGYS7S.0.33.c1 (Mountain)
[03:14:39] [P16902] playing land mountain
[03:14:39] [P16902] tap land for mana used_for=any
[03:14:39] [P16902] submitting interaction iid=OGYS7S.0.39 choice=OGYS7S.0.39.c1 (Mountain)
[03:14:42] [6902] playing land mountain
[03:14:44] [P16902] tap land for mana used_for=any
[03:14:44] [P16902] submitting interaction iid=OGYS7S.0.65 choice=OGYS7S.0.65.c1 (Mountain)
[03:14:44] [P16902] tap land for mana used_for=any
[03:14:44] [P16902] submitting interaction iid=OGYS7S.0.66 choice=OGYS7S.0.66.c1 (Mountain)
[03:14:45] [P16902] playing land mountain
[03:14:45] [P16902] tap land for mana used_for=any
[03:14:45] [P16902] submitting interaction iid=OGYS7S.0.72 choice=OGYS7S.0.72.c1 (Mountain)
[03:14:47] [6902] playing land mountain
[03:14:49] [P16902] tap land for mana used_for=any
[03:14:49] [P16902] submitting interaction iid=OGYS7S.0.98 choice=OGYS7S.0.98.c1 (Mountain)
[03:14:49] [P16902] tap land for mana used_for=any
[03:14:49] [P16902] submitting interaction iid=OGYS7S.0.99 choice=OGYS7S.0.99.c1 (Mountain)
[03:14:49] [P16902] tap land for mana used_for=any
[03:14:49] [P16902] submitting interaction iid=OGYS7S.0.100 choice=OGYS7S.0.100.c1 (Mountain)
[03:14:50] [P16902] playing land mountain
[03:14:50] [P16902] tap land for mana used_for=any
[03:14:50] [P16902] submitting interaction iid=OGYS7S.0.106 choice=OGYS7S.0.106.c1 (Mountain)
[03:14:53] [6902] playing land mountain
[03:14:55] [P16902] tap land for mana used_for=any
[03:14:55] [P16902] submitting interaction iid=OGYS7S.0.132 choice=OGYS7S.0.132.c1 (Mountain)
[03:14:55] [P16902] tap land for mana used_for=any
[03:14:55] [P16902] submitting interaction iid=OGYS7S.0.133 choice=OGYS7S.0.133.c1 (Mountain)
[03:14:56] [P16902] tap land for mana used_for=any
[03:14:56] [P16902] submitting interaction iid=OGYS7S.0.134 choice=OGYS7S.0.134.c1 (Mountain)
[03:14:56] [P16902] tap land for mana used_for=any
[03:14:56] [P16902] submitting interaction iid=OGYS7S.0.135 choice=OGYS7S.0.135.c1 (Mountain)
[03:14:56] [P16902] playing land mountain
[03:14:57] [P16902] tap land for mana used_for=any
[03:14:57] [P16902] submitting interaction iid=OGYS7S.0.141 choice=OGYS7S.0.141.c1 (Mountain)
[03:14:59] [6902] playing land mountain
[03:15:02] [P16902] tap land for mana used_for=any
[03:15:02] [P16902] submitting interaction iid=OGYS7S.0.167 choice=OGYS7S.0.167.c1 (Mountain)
[03:15:02] [P16902] tap land for mana used_for=any
[03:15:02] [P16902] submitting interaction iid=OGYS7S.0.168 choice=OGYS7S.0.168.c1 (Mountain)
[03:15:02] [P16902] tap land for mana used_for=any
[03:15:02] [P16902] submitting interaction iid=OGYS7S.0.169 choice=OGYS7S.0.169.c1 (Mountain)
[03:15:02] [P16902] tap land for mana used_for=any
[03:15:02] [P16902] submitting interaction iid=OGYS7S.0.170 choice=OGYS7S.0.170.c1 (Mountain)
[03:15:02] [P16902] tap land for mana used_for=any
[03:15:02] [P16902] submitting interaction iid=OGYS7S.0.171 choice=OGYS7S.0.171.c1 (Mountain)
[03:15:03] [P16902] playing land mountain
[03:15:03] [P16902] tap land for mana used_for=any
[03:15:03] [P16902] submitting interaction iid=OGYS7S.0.177 choice=OGYS7S.0.177.c1 (Mountain)
[03:15:06] [6902] playing land mountain
[03:15:06] [6902] casting Sneak Attack (oid 9)
[03:15:06] [6902] tap land for mana used_for=R
[03:15:06] [6902] submitting interaction iid=OGYS7S.0.194 choice=OGYS7S.0.194.c1 (Mountain)
[03:15:06] [6902] tap land for mana used_for=generic
[03:15:06] [6902] submitting interaction iid=OGYS7S.0.195 choice=OGYS7S.0.195.c1 (Mountain)
[03:15:08] [P16902] tap land for mana used_for=any
[03:15:08] [P16902] submitting interaction iid=OGYS7S.0.208 choice=OGYS7S.0.208.c1 (Mountain)
[03:15:08] [P16902] tap land for mana used_for=any
[03:15:08] [P16902] submitting interaction iid=OGYS7S.0.209 choice=OGYS7S.0.209.c1 (Mountain)
[03:15:08] [P16902] tap land for mana used_for=any
[03:15:08] [P16902] submitting interaction iid=OGYS7S.0.210 choice=OGYS7S.0.210.c1 (Mountain)
[03:15:09] [P16902] tap land for mana used_for=any
[03:15:09] [P16902] submitting interaction iid=OGYS7S.0.211 choice=OGYS7S.0.211.c1 (Mountain)
[03:15:09] [P16902] tap land for mana used_for=any
[03:15:09] [P16902] submitting interaction iid=OGYS7S.0.212 choice=OGYS7S.0.212.c1 (Mountain)
[03:15:10] [P16902] tap land for mana used_for=any
[03:15:10] [P16902] submitting interaction iid=OGYS7S.0.213 choice=OGYS7S.0.213.c1 (Mountain)
[03:15:11] [P16902] playing land mountain
[03:15:11] [P16902] tap land for mana used_for=any
[03:15:11] [P16902] submitting interaction iid=OGYS7S.0.219 choice=OGYS7S.0.219.c1 (Mountain)
[03:15:12] [6902] tap land for mana used_for=generic
[03:15:12] [6902] submitting interaction iid=OGYS7S.0.230 choice=OGYS7S.0.230.c2 (Mountain)
[03:15:13] [6902] tap land for mana used_for=generic
[03:15:13] [6902] submitting interaction iid=OGYS7S.0.231 choice=OGYS7S.0.231.c2 (Mountain)
[03:15:13] [6902] playing land mountain
[03:15:14] [6902] exported pre.json
[03:15:14] [6902] submitting ActivateAbility (ActivateAbility legal_action) holding priority
[03:15:14] [6902] tap land for mana used_for=R
[03:15:14] [6902] submitting interaction iid=OGYS7S.0.238 choice=OGYS7S.0.238.c2 (Mountain)
[03:15:14] [6902] no decideOptionalEffect opportunity; vi kind='choose' ops=1
[03:15:14] [6902] activation watch: stack=1 may_done=False vikind='choose' real_decision=False
[03:15:15] [6902] no decideOptionalEffect opportunity; vi kind='choose' ops=0
[03:15:15] [6902] accepting sneak may-choice (choice OGYS7S.0.241.c1)
[03:15:16] [6902] choosing bear for sneak (ref 42)
[03:15:16] [6902] bear 42 entered the battlefield
[03:15:16] [6902] leg-1 activation 1/2 -> bear 42
[03:15:16] [6902] submitting ActivateAbility (ActivateAbility legal_action) holding priority
[03:15:16] [6902] tap land for mana used_for=R
[03:15:16] [6902] submitting interaction iid=OGYS7S.0.244 choice=OGYS7S.0.244.c2 (Mountain)
[03:15:17] [6902] no decideOptionalEffect opportunity; vi kind='choose' ops=1
[03:15:17] [6902] activation watch: stack=1 may_done=False vikind='choose' real_decision=False
[03:15:17] [6902] no decideOptionalEffect opportunity; vi kind='choose' ops=0
[03:15:18] [6902] accepting sneak may-choice (choice OGYS7S.0.247.c1)
[03:15:18] [6902] bear 57 entered the battlefield (detected by battlefield diff)
[03:15:18] [6902] leg-1 activation 2/2 -> bear 57
[03:15:20] [6902] answering trigger ordering (2 triggers)
[03:15:20] [6902] exported pre_end.json
[03:15:20] [6902] pre_end exported: triggers on stack = 2
[03:15:20] [6902] exported mid_end.json
[03:15:20] [6902] leg-1 end step: sacrifice triggers on stack = 2 (after 0.1s)
[03:15:21] [P16902] tap land for mana used_for=any
[03:15:21] [P16902] submitting interaction iid=OGYS7S.0.264 choice=OGYS7S.0.264.c1 (Mountain)
[03:15:21] [P16902] tap land for mana used_for=any
[03:15:21] [P16902] submitting interaction iid=OGYS7S.0.265 choice=OGYS7S.0.265.c1 (Mountain)
[03:15:21] [P16902] tap land for mana used_for=any
[03:15:21] [P16902] submitting interaction iid=OGYS7S.0.266 choice=OGYS7S.0.266.c1 (Mountain)
[03:15:21] [P16902] tap land for mana used_for=any
[03:15:21] [P16902] submitting interaction iid=OGYS7S.0.267 choice=OGYS7S.0.267.c1 (Mountain)
[03:15:21] [P16902] tap land for mana used_for=any
[03:15:21] [P16902] submitting interaction iid=OGYS7S.0.268 choice=OGYS7S.0.268.c1 (Mountain)
[03:15:22] [P16902] tap land for mana used_for=any
[03:15:22] [P16902] submitting interaction iid=OGYS7S.0.269 choice=OGYS7S.0.269.c1 (Mountain)
[03:15:22] [P16902] tap land for mana used_for=any
[03:15:22] [P16902] submitting interaction iid=OGYS7S.0.270 choice=OGYS7S.0.270.c1 (Mountain)
[03:15:22] [P16902] playing land mountain
[03:15:23] [P16902] tap land for mana used_for=any
[03:15:23] [P16902] submitting interaction iid=OGYS7S.0.276 choice=OGYS7S.0.276.c1 (Mountain)
[03:15:25] [6902] playing land mountain
[03:15:26] [6902] exported post1.json
[03:15:26] [6902] leg-1 end step resolved; post1 exported
[03:15:27] [P16902] tap land for mana used_for=any
[03:15:27] [P16902] submitting interaction iid=OGYS7S.0.302 choice=OGYS7S.0.302.c1 (Mountain)
[03:15:27] [P16902] tap land for mana used_for=any
[03:15:27] [P16902] submitting interaction iid=OGYS7S.0.303 choice=OGYS7S.0.303.c1 (Mountain)
[03:15:27] [P16902] tap land for mana used_for=any
[03:15:27] [P16902] submitting interaction iid=OGYS7S.0.304 choice=OGYS7S.0.304.c1 (Mountain)
[03:15:27] [P16902] tap land for mana used_for=any
[03:15:27] [P16902] submitting interaction iid=OGYS7S.0.305 choice=OGYS7S.0.305.c1 (Mountain)
[03:15:28] [P16902] tap land for mana used_for=any
[03:15:28] [P16902] submitting interaction iid=OGYS7S.0.306 choice=OGYS7S.0.306.c1 (Mountain)
[03:15:28] [P16902] tap land for mana used_for=any
[03:15:28] [P16902] submitting interaction iid=OGYS7S.0.307 choice=OGYS7S.0.307.c1 (Mountain)
[03:15:28] [P16902] tap land for mana used_for=any
[03:15:28] [P16902] submitting interaction iid=OGYS7S.0.308 choice=OGYS7S.0.308.c1 (Mountain)
[03:15:28] [P16902] tap land for mana used_for=any
[03:15:28] [P16902] submitting interaction iid=OGYS7S.0.309 choice=OGYS7S.0.309.c1 (Mountain)
[03:15:29] [P16902] playing land mountain
[03:15:29] [P16902] tap land for mana used_for=any
[03:15:29] [P16902] submitting interaction iid=OGYS7S.0.315 choice=OGYS7S.0.315.c1 (Mountain)
[03:15:32] [6902] playing land mountain
[03:15:33] [6902] DIAG rev=335 turn=18 phase=EndCombat act=0 stack=0 g6902={'joined': True, 'cast_sneak': True, 'sneak_oid': '9', 'leg1_activations': 2, 'leg1_bears': ['42', '57'], 'leg1_bears_entered': ['42', '57'], 'leg1_turn': 14, 'leg1_end_start': 1791447320.2776227, 'leg1_end_done': True, 'pre1_exported': True, 'endstep_snaps': [{'rev': 258, 'trig_ids': [123, 124], 'stack_len': 2}, {'rev': 259, 'trig_ids': [123, 124], 'stack_len': 2}, {'rev': 260, 'trig_ids': [123], 'stack_len': 1}, {'rev': 261, 'trig_ids': [123], 'stack_len': 1}, {'rev': 262, 'trig_ids': [], 'stack_len': 0}, {'rev': 263, 'trig_ids': [], 'stack_len': 0}, {'rev': 300, 'trig_ids': [], 'stack_len': 0}], 'mid1_exported': True, 'post1_exported': True, 'trig_records': [{'id': 123, 'text': ''}, {'id': 124, 'text': ''}], 'leg2_activated': False, 'leg2_turn': None, 'leg2_bear': None, 'mid2_exported': False, 'post2_pre_exported': False, 'post2_exported': False, 'stop': False}
[03:15:34] [P16902] tap land for mana used_for=any
[03:15:34] [P16902] submitting interaction iid=OGYS7S.0.341 choice=OGYS7S.0.341.c1 (Mountain)
[03:15:34] [P16902] tap land for mana used_for=any
[03:15:34] [P16902] submitting interaction iid=OGYS7S.0.342 choice=OGYS7S.0.342.c1 (Mountain)
[03:15:35] [P16902] tap land for mana used_for=any
[03:15:35] [P16902] submitting interaction iid=OGYS7S.0.343 choice=OGYS7S.0.343.c1 (Mountain)
[03:15:35] [P16902] tap land for mana used_for=any
[03:15:35] [P16902] submitting interaction iid=OGYS7S.0.344 choice=OGYS7S.0.344.c1 (Mountain)
[03:15:35] [P16902] tap land for mana used_for=any
[03:15:35] [P16902] submitting interaction iid=OGYS7S.0.345 choice=OGYS7S.0.345.c1 (Mountain)
[03:15:35] [P16902] tap land for mana used_for=any
[03:15:35] [P16902] submitting interaction iid=OGYS7S.0.346 choice=OGYS7S.0.346.c1 (Mountain)
[03:15:35] [P16902] tap land for mana used_for=any
[03:15:35] [P16902] submitting interaction iid=OGYS7S.0.347 choice=OGYS7S.0.347.c1 (Mountain)
[03:15:35] [P16902] tap land for mana used_for=any
[03:15:35] [P16902] submitting interaction iid=OGYS7S.0.348 choice=OGYS7S.0.348.c1 (Mountain)
[03:15:36] [P16902] tap land for mana used_for=any
[03:15:36] [P16902] submitting interaction iid=OGYS7S.0.349 choice=OGYS7S.0.349.c1 (Mountain)
[03:15:36] [P16902] playing land mountain
[03:15:36] [P16902] tap land for mana used_for=any
[03:15:36] [P16902] submitting interaction iid=OGYS7S.0.355 choice=OGYS7S.0.355.c1 (Mountain)
[03:15:39] [6902] playing land mountain
[03:15:40] [P16902] tap land for mana used_for=any
[03:15:40] [P16902] submitting interaction iid=OGYS7S.0.381 choice=OGYS7S.0.381.c1 (Mountain)
[03:15:41] [P16902] tap land for mana used_for=any
[03:15:41] [P16902] submitting interaction iid=OGYS7S.0.382 choice=OGYS7S.0.382.c1 (Mountain)
[03:15:41] [P16902] tap land for mana used_for=any
[03:15:41] [P16902] submitting interaction iid=OGYS7S.0.383 choice=OGYS7S.0.383.c1 (Mountain)
[03:15:41] [P16902] tap land for mana used_for=any
[03:15:41] [P16902] submitting interaction iid=OGYS7S.0.384 choice=OGYS7S.0.384.c1 (Mountain)
[03:15:41] [P16902] tap land for mana used_for=any
[03:15:41] [P16902] submitting interaction iid=OGYS7S.0.385 choice=OGYS7S.0.385.c1 (Mountain)
[03:15:41] [P16902] tap land for mana used_for=any
[03:15:41] [P16902] submitting interaction iid=OGYS7S.0.386 choice=OGYS7S.0.386.c1 (Mountain)
[03:15:41] [P16902] tap land for mana used_for=any
[03:15:41] [P16902] submitting interaction iid=OGYS7S.0.387 choice=OGYS7S.0.387.c1 (Mountain)
[03:15:41] [P16902] tap land for mana used_for=any
[03:15:41] [P16902] submitting interaction iid=OGYS7S.0.388 choice=OGYS7S.0.388.c1 (Mountain)
[03:15:42] [P16902] tap land for mana used_for=any
[03:15:42] [P16902] submitting interaction iid=OGYS7S.0.389 choice=OGYS7S.0.389.c1 (Mountain)
[03:15:42] [P16902] tap land for mana used_for=any
[03:15:42] [P16902] submitting interaction iid=OGYS7S.0.390 choice=OGYS7S.0.390.c1 (Mountain)
[03:15:43] [P16902] playing land mountain
[03:15:43] [P16902] tap land for mana used_for=any
[03:15:43] [P16902] submitting interaction iid=OGYS7S.0.396 choice=OGYS7S.0.396.c1 (Mountain)
[03:15:45] [6902] playing land mountain
[03:15:48] [P16902] tap land for mana used_for=any
[03:15:48] [P16902] submitting interaction iid=OGYS7S.0.422 choice=OGYS7S.0.422.c1 (Mountain)
[03:15:48] [P16902] tap land for mana used_for=any
[03:15:48] [P16902] submitting interaction iid=OGYS7S.0.423 choice=OGYS7S.0.423.c1 (Mountain)
[03:15:48] [P16902] tap land for mana used_for=any
[03:15:48] [P16902] submitting interaction iid=OGYS7S.0.424 choice=OGYS7S.0.424.c1 (Mountain)
[03:15:48] [P16902] tap land for mana used_for=any
[03:15:48] [P16902] submitting interaction iid=OGYS7S.0.425 choice=OGYS7S.0.425.c1 (Mountain)
[03:15:48] [P16902] tap land for mana used_for=any
[03:15:48] [P16902] submitting interaction iid=OGYS7S.0.426 choice=OGYS7S.0.426.c1 (Mountain)
[03:15:49] [P16902] tap land for mana used_for=any
[03:15:49] [P16902] submitting interaction iid=OGYS7S.0.427 choice=OGYS7S.0.427.c1 (Mountain)
[03:15:49] [P16902] tap land for mana used_for=any
[03:15:49] [P16902] submitting interaction iid=OGYS7S.0.428 choice=OGYS7S.0.428.c1 (Mountain)
[03:15:49] [P16902] tap land for mana used_for=any
[03:15:49] [P16902] submitting interaction iid=OGYS7S.0.429 choice=OGYS7S.0.429.c1 (Mountain)
[03:15:49] [P16902] tap land for mana used_for=any
[03:15:49] [P16902] submitting interaction iid=OGYS7S.0.430 choice=OGYS7S.0.430.c1 (Mountain)
[03:15:49] [P16902] tap land for mana used_for=any
[03:15:49] [P16902] submitting interaction iid=OGYS7S.0.431 choice=OGYS7S.0.431.c1 (Mountain)
[03:15:49] [P16902] tap land for mana used_for=any
[03:15:49] [P16902] submitting interaction iid=OGYS7S.0.432 choice=OGYS7S.0.432.c1 (Mountain)
[03:15:50] [P16902] playing land mountain
[03:15:50] [P16902] tap land for mana used_for=any
[03:15:50] [P16902] submitting interaction iid=OGYS7S.0.438 choice=OGYS7S.0.438.c1 (Mountain)
[03:15:52] [6902] playing land mountain
[03:15:54] [P16902] tap land for mana used_for=any
[03:15:54] [P16902] submitting interaction iid=OGYS7S.0.464 choice=OGYS7S.0.464.c1 (Mountain)
[03:15:54] [P16902] tap land for mana used_for=any
[03:15:54] [P16902] submitting interaction iid=OGYS7S.0.465 choice=OGYS7S.0.465.c1 (Mountain)
[03:15:55] [P16902] tap land for mana used_for=any
[03:15:55] [P16902] submitting interaction iid=OGYS7S.0.466 choice=OGYS7S.0.466.c1 (Mountain)
[03:15:55] [P16902] tap land for mana used_for=any
[03:15:55] [P16902] submitting interaction iid=OGYS7S.0.467 choice=OGYS7S.0.467.c1 (Mountain)
[03:15:55] [P16902] tap land for mana used_for=any
[03:15:55] [P16902] submitting interaction iid=OGYS7S.0.468 choice=OGYS7S.0.468.c1 (Mountain)
[03:15:55] [P16902] tap land for mana used_for=any
[03:15:55] [P16902] submitting interaction iid=OGYS7S.0.469 choice=OGYS7S.0.469.c1 (Mountain)
[03:15:55] [P16902] tap land for mana used_for=any
[03:15:55] [P16902] submitting interaction iid=OGYS7S.0.470 choice=OGYS7S.0.470.c1 (Mountain)
[03:15:55] [P16902] tap land for mana used_for=any
[03:15:55] [P16902] submitting interaction iid=OGYS7S.0.471 choice=OGYS7S.0.471.c1 (Mountain)
[03:15:56] [P16902] tap land for mana used_for=any
[03:15:56] [P16902] submitting interaction iid=OGYS7S.0.472 choice=OGYS7S.0.472.c1 (Mountain)
[03:15:56] [P16902] tap land for mana used_for=any
[03:15:56] [P16902] submitting interaction iid=OGYS7S.0.473 choice=OGYS7S.0.473.c1 (Mountain)
[03:15:56] [P16902] tap land for mana used_for=any
[03:15:56] [P16902] submitting interaction iid=OGYS7S.0.474 choice=OGYS7S.0.474.c1 (Mountain)
[03:15:56] [P16902] tap land for mana used_for=any
[03:15:56] [P16902] submitting interaction iid=OGYS7S.0.475 choice=OGYS7S.0.475.c1 (Mountain)
[03:15:57] [P16902] playing land mountain
[03:15:57] [P16902] tap land for mana used_for=any
[03:15:57] [P16902] submitting interaction iid=OGYS7S.0.481 choice=OGYS7S.0.481.c1 (Mountain)
[03:15:59] [6902] playing land mountain
[03:16:01] [6902] submitting ActivateAbility (ActivateAbility legal_action) holding priority
[03:16:01] [6902] tap land for mana used_for=R
[03:16:01] [6902] submitting interaction iid=OGYS7S.0.506 choice=OGYS7S.0.506.c2 (Mountain)
[03:16:02] [6902] no decideOptionalEffect opportunity; vi kind='choose' ops=1
[03:16:02] [6902] activation watch: stack=1 may_done=False vikind='choose' real_decision=False
[03:16:02] [6902] no decideOptionalEffect opportunity; vi kind='choose' ops=0
[03:16:02] [6902] accepting sneak may-choice (choice OGYS7S.0.509.c1)
[03:16:03] [6902] bear 37 entered the battlefield (detected by battlefield diff)
[03:16:03] [6902] leg-2 activation during end step -> bear 37
[03:16:03] [6902] exported mid2_end.json
[03:16:03] [6902] exported post2_pre.json
[03:16:03] [6902] post2_pre exported (P1 turn start)
[03:16:03] [P16902] tap land for mana used_for=any
[03:16:03] [P16902] submitting interaction iid=OGYS7S.0.512 choice=OGYS7S.0.512.c1 (Mountain)
[03:16:04] [P16902] tap land for mana used_for=any
[03:16:04] [P16902] submitting interaction iid=OGYS7S.0.513 choice=OGYS7S.0.513.c1 (Mountain)
[03:16:04] [P16902] tap land for mana used_for=any
[03:16:04] [P16902] submitting interaction iid=OGYS7S.0.514 choice=OGYS7S.0.514.c1 (Mountain)
[03:16:04] [P16902] tap land for mana used_for=any
[03:16:04] [P16902] submitting interaction iid=OGYS7S.0.515 choice=OGYS7S.0.515.c1 (Mountain)
[03:16:04] [P16902] tap land for mana used_for=any
[03:16:04] [P16902] submitting interaction iid=OGYS7S.0.516 choice=OGYS7S.0.516.c1 (Mountain)
[03:16:04] [P16902] tap land for mana used_for=any
[03:16:04] [P16902] submitting interaction iid=OGYS7S.0.517 choice=OGYS7S.0.517.c1 (Mountain)
[03:16:04] [P16902] tap land for mana used_for=any
[03:16:04] [P16902] submitting interaction iid=OGYS7S.0.518 choice=OGYS7S.0.518.c1 (Mountain)
[03:16:05] [P16902] tap land for mana used_for=any
[03:16:05] [P16902] submitting interaction iid=OGYS7S.0.519 choice=OGYS7S.0.519.c1 (Mountain)
[03:16:05] [P16902] tap land for mana used_for=any
[03:16:05] [P16902] submitting interaction iid=OGYS7S.0.520 choice=OGYS7S.0.520.c1 (Mountain)
[03:16:05] [P16902] tap land for mana used_for=any
[03:16:05] [P16902] submitting interaction iid=OGYS7S.0.521 choice=OGYS7S.0.521.c1 (Mountain)
[03:16:05] [P16902] tap land for mana used_for=any
[03:16:05] [P16902] submitting interaction iid=OGYS7S.0.522 choice=OGYS7S.0.522.c1 (Mountain)
[03:16:05] [P16902] tap land for mana used_for=any
[03:16:05] [P16902] submitting interaction iid=OGYS7S.0.523 choice=OGYS7S.0.523.c1 (Mountain)
[03:16:05] [P16902] tap land for mana used_for=any
[03:16:05] [P16902] submitting interaction iid=OGYS7S.0.524 choice=OGYS7S.0.524.c1 (Mountain)
[03:16:06] [P16902] playing land mountain
[03:16:06] [P16902] tap land for mana used_for=any
[03:16:06] [P16902] submitting interaction iid=OGYS7S.0.530 choice=OGYS7S.0.530.c1 (Mountain)
[03:16:09] [6902] exported post2.json
[03:16:09] [6902] leg 2 complete; stopping
[03:16:10] server excerpts: 1092 lines for game OGYS7S
[03:16:10] VERDICT: not-reproduced
