ServerHello: version=0.100.0 build=bc9ef56 protocol=101 mode=Full
data-level check: kind=Spell; head=Unimplemented/unparsed_verb_arguments; sub=Sacrifice/{'type': 'TrackedSet', 'id': 0}/{'type': 'Fixed', 'value': 1}; cost=3+['White', 'White']; scope=All
game created: code=XHV6N7
[P0] mulligan #1 (hand: ['savannah lions', 'savannah lions', 'plains', 'plains', 'plains', 'plains', 'savannah lions'])
[P0] mulligan #2 (hand: ['plains', 'plains', 'plains', 'plains', 'plains', 'savannah lions', 'savannah lions'])
[P1] keep 7 (hand: ['plains', 'plains', 'savannah lions', 'plains', 'plains', 'savannah lions', 'plains'])
[P0] keep 7 (hand: ['plains', 'plains', 'plains', 'plains', 'plains', 'plains', 'plains'])
[P0] bottoming ['plains', 'plains']
[P1] casting Savannah Lions (oid 78)
[P1] cast oid 78 left hand (zone Stack); payment complete, needs cleared
[P1] casting Savannah Lions (oid 112)
[P1] cast oid 112 left hand (zone Stack); payment complete, needs cleared
[P0] casting Savannah Lions (oid 27)
[P0] cast oid 27 left hand (zone Stack); payment complete, needs cleared
exported pre.json
[cast] pre.json exported: stick in P0 hand=True; untapped plains=5; P0 creatures={27: 'savannah lions'}; P1 creatures={112: 'savannah lions', 78: 'savannah lions'}; turn=10; phase=PreCombatMain
[P0] casting Stick Together (oid 51) -- DECISIVE
[window] Stick Together spell observed on the stack
exported mid_stack.json
[window] mid_stack exported (spell on stack)
[window] stack dump written (spell_on_stack); 1 entries
[resolving/P0] prompt class=pass_priority: {"interactionId": "XHV6N7.0.160", "response": {"type": "exactChoices", "data": {"choices": [{"id": "XHV6N7.0.160.c0", "surfaces": [{"type": "summary", "data": {"code": "candidate"}}, {"type": "action", "data": {"code": "passPriority", "actionId": "aa9063230e9a
[P0] cast oid 51 left hand (zone Stack); payment complete, needs cleared
exported mid_stack.json
[window] mid_stack exported (spell on stack)
[resolving/P1] prompt class=mana_payment: {"interactionId": "XHV6N7.0.161", "response": {"type": "exactChoices", "data": {"choices": [{"id": "XHV6N7.0.161.c0", "surfaces": [{"type": "summary", "data": {"code": "candidate"}}, {"type": "action", "data": {"code": "passPriority", "actionId": "aa9063230e9a
[window] Stick Together resolved; starting settle clock
[resolving/P0] prompt class=pass_priority: {"interactionId": "XHV6N7.0.162", "response": {"type": "exactChoices", "data": {"choices": [{"id": "XHV6N7.0.162.c0", "surfaces": [{"type": "summary", "data": {"code": "candidate"}}, {"type": "action", "data": {"code": "passPriority", "actionId": "aa9063230e9a
[resolving/P1] prompt class=mana_payment: {"interactionId": "XHV6N7.0.163", "response": {"type": "exactChoices", "data": {"choices": [{"id": "XHV6N7.0.163.c0", "surfaces": [{"type": "summary", "data": {"code": "candidate"}}, {"type": "action", "data": {"code": "passPriority", "actionId": "aa9063230e9a
[resolving/P0] prompt class=pass_priority: {"interactionId": "XHV6N7.0.164", "response": {"type": "exactChoices", "data": {"choices": [{"id": "XHV6N7.0.164.c0", "surfaces": [{"type": "summary", "data": {"code": "candidate"}}, {"type": "action", "data": {"code": "passPriority", "actionId": "aa9063230e9a
[resolving/P1] prompt class=mana_payment: {"interactionId": "XHV6N7.0.165", "response": {"type": "exactChoices", "data": {"choices": [{"id": "XHV6N7.0.165.c0", "surfaces": [{"type": "summary", "data": {"code": "candidate"}}, {"type": "action", "data": {"code": "passPriority", "actionId": "aa9063230e9a
[resolving/P0] prompt class=declare_combat: {"interactionId": "XHV6N7.0.166", "response": {"type": "schema", "data": {"spec": {"type": "relations", "data": {"edges": [{"sourceId": "XHV6N7.0.166.r0", "targetIds": ["XHV6N7.0.166.d0"]}], "min": 0, "max": 1, "sourceConstraint": "atMostOne", "allowGroups": t
[resolving/P0] prompt class=pass_priority: {"interactionId": "XHV6N7.0.167", "response": {"type": "exactChoices", "data": {"choices": [{"id": "XHV6N7.0.167.c0", "surfaces": [{"type": "summary", "data": {"code": "candidate"}}, {"type": "action", "data": {"code": "passPriority", "actionId": "aa9063230e9a
[resolving/P1] prompt class=mana_payment: {"interactionId": "XHV6N7.0.168", "response": {"type": "exactChoices", "data": {"choices": [{"id": "XHV6N7.0.168.c0", "surfaces": [{"type": "summary", "data": {"code": "candidate"}}, {"type": "action", "data": {"code": "passPriority", "actionId": "aa9063230e9a
[resolving/P0] prompt class=pass_priority: {"interactionId": "XHV6N7.0.169", "response": {"type": "exactChoices", "data": {"choices": [{"id": "XHV6N7.0.169.c0", "surfaces": [{"type": "summary", "data": {"code": "candidate"}}, {"type": "action", "data": {"code": "passPriority", "actionId": "aa9063230e9a
[resolving/P1] prompt class=mana_payment: {"interactionId": "XHV6N7.0.170", "response": {"type": "exactChoices", "data": {"choices": [{"id": "XHV6N7.0.170.c0", "surfaces": [{"type": "summary", "data": {"code": "candidate"}}, {"type": "action", "data": {"code": "passPriority", "actionId": "aa9063230e9a
[resolving/P0] prompt class=pass_priority: {"interactionId": "XHV6N7.0.171", "response": {"type": "exactChoices", "data": {"choices": [{"id": "XHV6N7.0.171.c0", "surfaces": [{"type": "summary", "data": {"code": "candidate"}}, {"type": "action", "data": {"code": "passPriority", "actionId": "aa9063230e9a
[resolving/P1] prompt class=mana_payment: {"interactionId": "XHV6N7.0.172", "response": {"type": "exactChoices", "data": {"choices": [{"id": "XHV6N7.0.172.c0", "surfaces": [{"type": "summary", "data": {"code": "candidate"}}, {"type": "action", "data": {"code": "passPriority", "actionId": "aa9063230e9a
[resolving/P1] prompt class=mana_payment: {"interactionId": "XHV6N7.0.173", "response": {"type": "exactChoices", "data": {"choices": [{"id": "XHV6N7.0.173.c0", "surfaces": [{"type": "summary", "data": {"code": "candidate"}}, {"type": "action", "data": {"code": "passPriority", "actionId": "aa9063230e9a
[resolving/P0] prompt class=pass_priority: {"interactionId": "XHV6N7.0.174", "response": {"type": "exactChoices", "data": {"choices": [{"id": "XHV6N7.0.174.c0", "surfaces": [{"type": "summary", "data": {"code": "candidate"}}, {"type": "action", "data": {"code": "passPriority", "actionId": "aa9063230e9a
[resolving/P1] prompt class=mana_payment: {"interactionId": "XHV6N7.0.175", "response": {"type": "exactChoices", "data": {"choices": [{"id": "XHV6N7.0.175.c0", "surfaces": [{"type": "summary", "data": {"code": "candidate"}}, {"type": "action", "data": {"code": "passPriority", "actionId": "aa9063230e9a
[resolving/P0] prompt class=pass_priority: {"interactionId": "XHV6N7.0.176", "response": {"type": "exactChoices", "data": {"choices": [{"id": "XHV6N7.0.176.c0", "surfaces": [{"type": "summary", "data": {"code": "candidate"}}, {"type": "action", "data": {"code": "passPriority", "actionId": "aa9063230e9a
[resolving/P1] prompt class=mana_payment: {"interactionId": "XHV6N7.0.177", "response": {"type": "exactChoices", "data": {"choices": [{"id": "XHV6N7.0.177.c0", "surfaces": [{"type": "summary", "data": {"code": "candidate"}}, {"type": "action", "data": {"code": "passPriority", "actionId": "aa9063230e9a
[resolving/P0] prompt class=pass_priority: {"interactionId": "XHV6N7.0.178", "response": {"type": "exactChoices", "data": {"choices": [{"id": "XHV6N7.0.178.c0", "surfaces": [{"type": "summary", "data": {"code": "candidate"}}, {"type": "action", "data": {"code": "passPriority", "actionId": "aa9063230e9a
[resolving/P1] prompt class=mana_payment: {"interactionId": "XHV6N7.0.179", "response": {"type": "exactChoices", "data": {"choices": [{"id": "XHV6N7.0.179.c0", "surfaces": [{"type": "summary", "data": {"code": "candidate"}}, {"type": "action", "data": {"code": "passPriority", "actionId": "aa9063230e9a
[resolving/P0] prompt class=pass_priority: {"interactionId": "XHV6N7.0.180", "response": {"type": "exactChoices", "data": {"choices": [{"id": "XHV6N7.0.180.c0", "surfaces": [{"type": "summary", "data": {"code": "candidate"}}, {"type": "action", "data": {"code": "passPriority", "actionId": "aa9063230e9a
[resolving/P1] prompt class=declare_combat: {"interactionId": "XHV6N7.0.181", "response": {"type": "schema", "data": {"spec": {"type": "relations", "data": {"edges": [{"sourceId": "XHV6N7.0.181.r0", "targetIds": ["XHV6N7.0.181.d0"]}, {"sourceId": "XHV6N7.0.181.r1", "targetIds": ["XHV6N7.0.181.d0"]}], "m
[resolving/P1] prompt class=mana_payment: {"interactionId": "XHV6N7.0.182", "response": {"type": "exactChoices", "data": {"choices": [{"id": "XHV6N7.0.182.c0", "surfaces": [{"type": "summary", "data": {"code": "candidate"}}, {"type": "action", "data": {"code": "passPriority", "actionId": "aa9063230e9a
[resolving/P0] prompt class=pass_priority: {"interactionId": "XHV6N7.0.183", "response": {"type": "exactChoices", "data": {"choices": [{"id": "XHV6N7.0.183.c0", "surfaces": [{"type": "summary", "data": {"code": "candidate"}}, {"type": "action", "data": {"code": "passPriority", "actionId": "aa9063230e9a
[resolving/P1] prompt class=mana_payment: {"interactionId": "XHV6N7.0.184", "response": {"type": "exactChoices", "data": {"choices": [{"id": "XHV6N7.0.184.c0", "surfaces": [{"type": "summary", "data": {"code": "candidate"}}, {"type": "action", "data": {"code": "passPriority", "actionId": "aa9063230e9a
[resolving/P0] prompt class=pass_priority: {"interactionId": "XHV6N7.0.185", "response": {"type": "exactChoices", "data": {"choices": [{"id": "XHV6N7.0.185.c0", "surfaces": [{"type": "summary", "data": {"code": "candidate"}}, {"type": "action", "data": {"code": "passPriority", "actionId": "aa9063230e9a
[resolving/P1] prompt class=mana_payment: {"interactionId": "XHV6N7.0.186", "response": {"type": "exactChoices", "data": {"choices": [{"id": "XHV6N7.0.186.c0", "surfaces": [{"type": "summary", "data": {"code": "candidate"}}, {"type": "action", "data": {"code": "passPriority", "actionId": "aa9063230e9a
[resolving/P0] prompt class=pass_priority: {"interactionId": "XHV6N7.0.187", "response": {"type": "exactChoices", "data": {"choices": [{"id": "XHV6N7.0.187.c0", "surfaces": [{"type": "summary", "data": {"code": "candidate"}}, {"type": "action", "data": {"code": "passPriority", "actionId": "aa9063230e9a
[resolving/P0] prompt class=mana_payment: {"interactionId": "XHV6N7.0.188", "response": {"type": "exactChoices", "data": {"choices": [{"id": "XHV6N7.0.188.c0", "surfaces": [{"type": "summary", "data": {"code": "candidate"}}, {"type": "action", "data": {"code": "passPriority", "actionId": "aa9063230e9a
[resolving/P1] prompt class=mana_payment: {"interactionId": "XHV6N7.0.189", "response": {"type": "exactChoices", "data": {"choices": [{"id": "XHV6N7.0.189.c0", "surfaces": [{"type": "summary", "data": {"code": "candidate"}}, {"type": "action", "data": {"code": "passPriority", "actionId": "aa9063230e9a
[resolving/P0] prompt class=mana_payment: {"interactionId": "XHV6N7.0.190", "response": {"type": "exactChoices", "data": {"choices": [{"id": "XHV6N7.0.190.c0", "surfaces": [{"type": "summary", "data": {"code": "candidate"}}, {"type": "action", "data": {"code": "passPriority", "actionId": "aa9063230e9a
[resolving/P1] prompt class=mana_payment: {"interactionId": "XHV6N7.0.191", "response": {"type": "exactChoices", "data": {"choices": [{"id": "XHV6N7.0.191.c0", "surfaces": [{"type": "summary", "data": {"code": "candidate"}}, {"type": "action", "data": {"code": "passPriority", "actionId": "aa9063230e9a
[resolving/P0] prompt class=mana_payment: {"interactionId": "XHV6N7.0.192", "response": {"type": "exactChoices", "data": {"choices": [{"id": "XHV6N7.0.192.c0", "surfaces": [{"type": "summary", "data": {"code": "candidate"}}, {"type": "action", "data": {"code": "passPriority", "actionId": "aa9063230e9a
[resolving/P1] prompt class=mana_payment: {"interactionId": "XHV6N7.0.193", "response": {"type": "exactChoices", "data": {"choices": [{"id": "XHV6N7.0.193.c0", "surfaces": [{"type": "summary", "data": {"code": "candidate"}}, {"type": "action", "data": {"code": "passPriority", "actionId": "aa9063230e9a
[resolving/P0] prompt class=mana_payment: {"interactionId": "XHV6N7.0.194", "response": {"type": "exactChoices", "data": {"choices": [{"id": "XHV6N7.0.194.c0", "surfaces": [{"type": "summary", "data": {"code": "candidate"}}, {"type": "action", "data": {"code": "passPriority", "actionId": "aa9063230e9a
[resolving/P1] prompt class=mana_payment: {"interactionId": "XHV6N7.0.195", "response": {"type": "exactChoices", "data": {"choices": [{"id": "XHV6N7.0.195.c0", "surfaces": [{"type": "summary", "data": {"code": "candidate"}}, {"type": "action", "data": {"code": "passPriority", "actionId": "aa9063230e9a
[resolving/P0] prompt class=declare_combat: {"interactionId": "XHV6N7.0.196", "response": {"type": "schema", "data": {"spec": {"type": "relations", "data": {"edges": [{"sourceId": "XHV6N7.0.196.r0", "targetIds": ["XHV6N7.0.196.d0"]}], "min": 0, "max": 1, "sourceConstraint": "atMostOne", "allowGroups": t
[resolving/P0] prompt class=mana_payment: {"interactionId": "XHV6N7.0.197", "response": {"type": "exactChoices", "data": {"choices": [{"id": "XHV6N7.0.197.c0", "surfaces": [{"type": "summary", "data": {"code": "candidate"}}, {"type": "action", "data": {"code": "passPriority", "actionId": "aa9063230e9a
[resolving/P1] prompt class=mana_payment: {"interactionId": "XHV6N7.0.198", "response": {"type": "exactChoices", "data": {"choices": [{"id": "XHV6N7.0.198.c0", "surfaces": [{"type": "summary", "data": {"code": "candidate"}}, {"type": "action", "data": {"code": "passPriority", "actionId": "aa9063230e9a
[resolving/P0] prompt class=mana_payment: {"interactionId": "XHV6N7.0.199", "response": {"type": "exactChoices", "data": {"choices": [{"id": "XHV6N7.0.199.c0", "surfaces": [{"type": "summary", "data": {"code": "candidate"}}, {"type": "action", "data": {"code": "passPriority", "actionId": "aa9063230e9a
[resolving/P1] prompt class=mana_payment: {"interactionId": "XHV6N7.0.200", "response": {"type": "exactChoices", "data": {"choices": [{"id": "XHV6N7.0.200.c0", "surfaces": [{"type": "summary", "data": {"code": "candidate"}}, {"type": "action", "data": {"code": "passPriority", "actionId": "aa9063230e9a
[resolving/P0] prompt class=mana_payment: {"interactionId": "XHV6N7.0.201", "response": {"type": "exactChoices", "data": {"choices": [{"id": "XHV6N7.0.201.c0", "surfaces": [{"type": "summary", "data": {"code": "candidate"}}, {"type": "action", "data": {"code": "passPriority", "actionId": "aa9063230e9a
[resolving/P1] prompt class=mana_payment: {"interactionId": "XHV6N7.0.202", "response": {"type": "exactChoices", "data": {"choices": [{"id": "XHV6N7.0.202.c0", "surfaces": [{"type": "summary", "data": {"code": "candidate"}}, {"type": "action", "data": {"code": "passPriority", "actionId": "aa9063230e9a
[resolving/P1] prompt class=mana_payment: {"interactionId": "XHV6N7.0.203", "response": {"type": "exactChoices", "data": {"choices": [{"id": "XHV6N7.0.203.c0", "surfaces": [{"type": "summary", "data": {"code": "candidate"}}, {"type": "action", "data": {"code": "passPriority", "actionId": "aa9063230e9a
[resolving/P0] prompt class=mana_payment: {"interactionId": "XHV6N7.0.204", "response": {"type": "exactChoices", "data": {"choices": [{"id": "XHV6N7.0.204.c0", "surfaces": [{"type": "summary", "data": {"code": "candidate"}}, {"type": "action", "data": {"code": "passPriority", "actionId": "aa9063230e9a
[resolving/P1] prompt class=mana_payment: {"interactionId": "XHV6N7.0.205", "response": {"type": "exactChoices", "data": {"choices": [{"id": "XHV6N7.0.205.c0", "surfaces": [{"type": "summary", "data": {"code": "candidate"}}, {"type": "action", "data": {"code": "passPriority", "actionId": "aa9063230e9a
[resolving/P0] prompt class=mana_payment: {"interactionId": "XHV6N7.0.206", "response": {"type": "exactChoices", "data": {"choices": [{"id": "XHV6N7.0.206.c0", "surfaces": [{"type": "summary", "data": {"code": "candidate"}}, {"type": "action", "data": {"code": "passPriority", "actionId": "aa9063230e9a
[resolving/P1] prompt class=mana_payment: {"interactionId": "XHV6N7.0.207", "response": {"type": "exactChoices", "data": {"choices": [{"id": "XHV6N7.0.207.c0", "surfaces": [{"type": "summary", "data": {"code": "candidate"}}, {"type": "action", "data": {"code": "passPriority", "actionId": "aa9063230e9a
[resolving/P0] prompt class=mana_payment: {"interactionId": "XHV6N7.0.208", "response": {"type": "exactChoices", "data": {"choices": [{"id": "XHV6N7.0.208.c0", "surfaces": [{"type": "summary", "data": {"code": "candidate"}}, {"type": "action", "data": {"code": "passPriority", "actionId": "aa9063230e9a
[resolving/P1] prompt class=mana_payment: {"interactionId": "XHV6N7.0.209", "response": {"type": "exactChoices", "data": {"choices": [{"id": "XHV6N7.0.209.c0", "surfaces": [{"type": "summary", "data": {"code": "candidate"}}, {"type": "action", "data": {"code": "passPriority", "actionId": "aa9063230e9a
[resolving/P0] prompt class=mana_payment: {"interactionId": "XHV6N7.0.210", "response": {"type": "exactChoices", "data": {"choices": [{"id": "XHV6N7.0.210.c0", "surfaces": [{"type": "summary", "data": {"code": "candidate"}}, {"type": "action", "data": {"code": "passPriority", "actionId": "aa9063230e9a
[resolving/P1] prompt class=declare_combat: {"interactionId": "XHV6N7.0.211", "response": {"type": "schema", "data": {"spec": {"type": "relations", "data": {"edges": [{"sourceId": "XHV6N7.0.211.r0", "targetIds": ["XHV6N7.0.211.d0"]}, {"sourceId": "XHV6N7.0.211.r1", "targetIds": ["XHV6N7.0.211.d0"]}], "m
[resolving/P1] prompt class=mana_payment: {"interactionId": "XHV6N7.0.212", "response": {"type": "exactChoices", "data": {"choices": [{"id": "XHV6N7.0.212.c0", "surfaces": [{"type": "summary", "data": {"code": "candidate"}}, {"type": "action", "data": {"code": "passPriority", "actionId": "aa9063230e9a
[resolving/P0] prompt class=mana_payment: {"interactionId": "XHV6N7.0.213", "response": {"type": "exactChoices", "data": {"choices": [{"id": "XHV6N7.0.213.c0", "surfaces": [{"type": "summary", "data": {"code": "candidate"}}, {"type": "action", "data": {"code": "passPriority", "actionId": "aa9063230e9a
[resolving/P1] prompt class=mana_payment: {"interactionId": "XHV6N7.0.214", "response": {"type": "exactChoices", "data": {"choices": [{"id": "XHV6N7.0.214.c0", "surfaces": [{"type": "summary", "data": {"code": "candidate"}}, {"type": "action", "data": {"code": "passPriority", "actionId": "aa9063230e9a
[resolving/P0] prompt class=mana_payment: {"interactionId": "XHV6N7.0.215", "response": {"type": "exactChoices", "data": {"choices": [{"id": "XHV6N7.0.215.c0", "surfaces": [{"type": "summary", "data": {"code": "candidate"}}, {"type": "action", "data": {"code": "passPriority", "actionId": "aa9063230e9a
[resolving/P1] prompt class=mana_payment: {"interactionId": "XHV6N7.0.216", "response": {"type": "exactChoices", "data": {"choices": [{"id": "XHV6N7.0.216.c0", "surfaces": [{"type": "summary", "data": {"code": "candidate"}}, {"type": "action", "data": {"code": "passPriority", "actionId": "aa9063230e9a
[resolving/P0] prompt class=mana_payment: {"interactionId": "XHV6N7.0.217", "response": {"type": "exactChoices", "data": {"choices": [{"id": "XHV6N7.0.217.c0", "surfaces": [{"type": "summary", "data": {"code": "candidate"}}, {"type": "action", "data": {"code": "passPriority", "actionId": "aa9063230e9a
[resolving/P0] prompt class=mana_payment: {"interactionId": "XHV6N7.0.218", "response": {"type": "exactChoices", "data": {"choices": [{"id": "XHV6N7.0.218.c0", "surfaces": [{"type": "summary", "data": {"code": "candidate"}}, {"type": "action", "data": {"code": "passPriority", "actionId": "aa9063230e9a
[resolving/P1] prompt class=mana_payment: {"interactionId": "XHV6N7.0.219", "response": {"type": "exactChoices", "data": {"choices": [{"id": "XHV6N7.0.219.c0", "surfaces": [{"type": "summary", "data": {"code": "candidate"}}, {"type": "action", "data": {"code": "passPriority", "actionId": "aa9063230e9a
[resolving/P0] prompt class=mana_payment: {"interactionId": "XHV6N7.0.220", "response": {"type": "exactChoices", "data": {"choices": [{"id": "XHV6N7.0.220.c0", "surfaces": [{"type": "summary", "data": {"code": "candidate"}}, {"type": "action", "data": {"code": "passPriority", "actionId": "aa9063230e9a
[resolving/P1] prompt class=mana_payment: {"interactionId": "XHV6N7.0.221", "response": {"type": "exactChoices", "data": {"choices": [{"id": "XHV6N7.0.221.c0", "surfaces": [{"type": "summary", "data": {"code": "candidate"}}, {"type": "action", "data": {"code": "passPriority", "actionId": "aa9063230e9a
[resolving/P0] prompt class=mana_payment: {"interactionId": "XHV6N7.0.222", "response": {"type": "exactChoices", "data": {"choices": [{"id": "XHV6N7.0.222.c0", "surfaces": [{"type": "summary", "data": {"code": "candidate"}}, {"type": "action", "data": {"code": "passPriority", "actionId": "aa9063230e9a
[resolving/P1] prompt class=mana_payment: {"interactionId": "XHV6N7.0.223", "response": {"type": "exactChoices", "data": {"choices": [{"id": "XHV6N7.0.223.c0", "surfaces": [{"type": "summary", "data": {"code": "candidate"}}, {"type": "action", "data": {"code": "passPriority", "actionId": "aa9063230e9a
[resolving/P0] prompt class=mana_payment: {"interactionId": "XHV6N7.0.224", "response": {"type": "exactChoices", "data": {"choices": [{"id": "XHV6N7.0.224.c0", "surfaces": [{"type": "summary", "data": {"code": "candidate"}}, {"type": "action", "data": {"code": "passPriority", "actionId": "aa9063230e9a
[resolving/P1] prompt class=mana_payment: {"interactionId": "XHV6N7.0.225", "response": {"type": "exactChoices", "data": {"choices": [{"id": "XHV6N7.0.225.c0", "surfaces": [{"type": "summary", "data": {"code": "candidate"}}, {"type": "action", "data": {"code": "passPriority", "actionId": "aa9063230e9a
[resolving/P0] prompt class=declare_combat: {"interactionId": "XHV6N7.0.226", "response": {"type": "schema", "data": {"spec": {"type": "relations", "data": {"edges": [{"sourceId": "XHV6N7.0.226.r0", "targetIds": ["XHV6N7.0.226.d0"]}], "min": 0, "max": 1, "sourceConstraint": "atMostOne", "allowGroups": t
[resolving/P0] prompt class=mana_payment: {"interactionId": "XHV6N7.0.227", "response": {"type": "exactChoices", "data": {"choices": [{"id": "XHV6N7.0.227.c0", "surfaces": [{"type": "summary", "data": {"code": "candidate"}}, {"type": "action", "data": {"code": "passPriority", "actionId": "aa9063230e9a
[resolving/P1] prompt class=mana_payment: {"interactionId": "XHV6N7.0.228", "response": {"type": "exactChoices", "data": {"choices": [{"id": "XHV6N7.0.228.c0", "surfaces": [{"type": "summary", "data": {"code": "candidate"}}, {"type": "action", "data": {"code": "passPriority", "actionId": "aa9063230e9a
[resolving/P0] prompt class=mana_payment: {"interactionId": "XHV6N7.0.229", "response": {"type": "exactChoices", "data": {"choices": [{"id": "XHV6N7.0.229.c0", "surfaces": [{"type": "summary", "data": {"code": "candidate"}}, {"type": "action", "data": {"code": "passPriority", "actionId": "aa9063230e9a
[resolving/P1] prompt class=mana_payment: {"interactionId": "XHV6N7.0.230", "response": {"type": "exactChoices", "data": {"choices": [{"id": "XHV6N7.0.230.c0", "surfaces": [{"type": "summary", "data": {"code": "candidate"}}, {"type": "action", "data": {"code": "passPriority", "actionId": "aa9063230e9a
[resolving/P0] prompt class=mana_payment: {"interactionId": "XHV6N7.0.231", "response": {"type": "exactChoices", "data": {"choices": [{"id": "XHV6N7.0.231.c0", "surfaces": [{"type": "summary", "data": {"code": "candidate"}}, {"type": "action", "data": {"code": "passPriority", "actionId": "aa9063230e9a
[resolving/P1] prompt class=mana_payment: {"interactionId": "XHV6N7.0.232", "response": {"type": "exactChoices", "data": {"choices": [{"id": "XHV6N7.0.232.c0", "surfaces": [{"type": "summary", "data": {"code": "candidate"}}, {"type": "action", "data": {"code": "passPriority", "actionId": "aa9063230e9a
[resolving/P1] prompt class=mana_payment: {"interactionId": "XHV6N7.0.233", "response": {"type": "exactChoices", "data": {"choices": [{"id": "XHV6N7.0.233.c0", "surfaces": [{"type": "summary", "data": {"code": "candidate"}}, {"type": "action", "data": {"code": "passPriority", "actionId": "aa9063230e9a
[resolving/P0] prompt class=mana_payment: {"interactionId": "XHV6N7.0.234", "response": {"type": "exactChoices", "data": {"choices": [{"id": "XHV6N7.0.234.c0", "surfaces": [{"type": "summary", "data": {"code": "candidate"}}, {"type": "action", "data": {"code": "passPriority", "actionId": "aa9063230e9a
[resolving/P1] prompt class=mana_payment: {"interactionId": "XHV6N7.0.235", "response": {"type": "exactChoices", "data": {"choices": [{"id": "XHV6N7.0.235.c0", "surfaces": [{"type": "summary", "data": {"code": "candidate"}}, {"type": "action", "data": {"code": "passPriority", "actionId": "aa9063230e9a
[resolving/P0] prompt class=mana_payment: {"interactionId": "XHV6N7.0.236", "response": {"type": "exactChoices", "data": {"choices": [{"id": "XHV6N7.0.236.c0", "surfaces": [{"type": "summary", "data": {"code": "candidate"}}, {"type": "action", "data": {"code": "passPriority", "actionId": "aa9063230e9a
[resolving/P1] prompt class=mana_payment: {"interactionId": "XHV6N7.0.237", "response": {"type": "exactChoices", "data": {"choices": [{"id": "XHV6N7.0.237.c0", "surfaces": [{"type": "summary", "data": {"code": "candidate"}}, {"type": "action", "data": {"code": "passPriority", "actionId": "aa9063230e9a
[resolving/P0] prompt class=mana_payment: {"interactionId": "XHV6N7.0.238", "response": {"type": "exactChoices", "data": {"choices": [{"id": "XHV6N7.0.238.c0", "surfaces": [{"type": "summary", "data": {"code": "candidate"}}, {"type": "action", "data": {"code": "passPriority", "actionId": "aa9063230e9a
[resolving/P1] prompt class=mana_payment: {"interactionId": "XHV6N7.0.239", "response": {"type": "exactChoices", "data": {"choices": [{"id": "XHV6N7.0.239.c0", "surfaces": [{"type": "summary", "data": {"code": "candidate"}}, {"type": "action", "data": {"code": "passPriority", "actionId": "aa9063230e9a
[resolving/P0] prompt class=mana_payment: {"interactionId": "XHV6N7.0.240", "response": {"type": "exactChoices", "data": {"choices": [{"id": "XHV6N7.0.240.c0", "surfaces": [{"type": "summary", "data": {"code": "candidate"}}, {"type": "action", "data": {"code": "passPriority", "actionId": "aa9063230e9a
[resolving/P1] prompt class=declare_combat: {"interactionId": "XHV6N7.0.241", "response": {"type": "schema", "data": {"spec": {"type": "relations", "data": {"edges": [{"sourceId": "XHV6N7.0.241.r0", "targetIds": ["XHV6N7.0.241.d0"]}, {"sourceId": "XHV6N7.0.241.r1", "targetIds": ["XHV6N7.0.241.d0"]}], "m
[resolving/P1] prompt class=mana_payment: {"interactionId": "XHV6N7.0.242", "response": {"type": "exactChoices", "data": {"choices": [{"id": "XHV6N7.0.242.c0", "surfaces": [{"type": "summary", "data": {"code": "candidate"}}, {"type": "action", "data": {"code": "passPriority", "actionId": "aa9063230e9a
[resolving/P0] prompt class=mana_payment: {"interactionId": "XHV6N7.0.243", "response": {"type": "exactChoices", "data": {"choices": [{"id": "XHV6N7.0.243.c0", "surfaces": [{"type": "summary", "data": {"code": "candidate"}}, {"type": "action", "data": {"code": "passPriority", "actionId": "aa9063230e9a
[resolving/P1] prompt class=mana_payment: {"interactionId": "XHV6N7.0.244", "response": {"type": "exactChoices", "data": {"choices": [{"id": "XHV6N7.0.244.c0", "surfaces": [{"type": "summary", "data": {"code": "candidate"}}, {"type": "action", "data": {"code": "passPriority", "actionId": "aa9063230e9a
[resolving/P0] prompt class=mana_payment: {"interactionId": "XHV6N7.0.245", "response": {"type": "exactChoices", "data": {"choices": [{"id": "XHV6N7.0.245.c0", "surfaces": [{"type": "summary", "data": {"code": "candidate"}}, {"type": "action", "data": {"code": "passPriority", "actionId": "aa9063230e9a
[resolving/P1] prompt class=mana_payment: {"interactionId": "XHV6N7.0.246", "response": {"type": "exactChoices", "data": {"choices": [{"id": "XHV6N7.0.246.c0", "surfaces": [{"type": "summary", "data": {"code": "candidate"}}, {"type": "action", "data": {"code": "passPriority", "actionId": "aa9063230e9a
[resolving/P0] prompt class=mana_payment: {"interactionId": "XHV6N7.0.247", "response": {"type": "exactChoices", "data": {"choices": [{"id": "XHV6N7.0.247.c0", "surfaces": [{"type": "summary", "data": {"code": "candidate"}}, {"type": "action", "data": {"code": "passPriority", "actionId": "aa9063230e9a
[resolving/P0] prompt class=mana_payment: {"interactionId": "XHV6N7.0.248", "response": {"type": "exactChoices", "data": {"choices": [{"id": "XHV6N7.0.248.c0", "surfaces": [{"type": "summary", "data": {"code": "candidate"}}, {"type": "action", "data": {"code": "passPriority", "actionId": "aa9063230e9a
[resolving/P1] prompt class=mana_payment: {"interactionId": "XHV6N7.0.249", "response": {"type": "exactChoices", "data": {"choices": [{"id": "XHV6N7.0.249.c0", "surfaces": [{"type": "summary", "data": {"code": "candidate"}}, {"type": "action", "data": {"code": "passPriority", "actionId": "aa9063230e9a
[resolving/P0] prompt class=mana_payment: {"interactionId": "XHV6N7.0.250", "response": {"type": "exactChoices", "data": {"choices": [{"id": "XHV6N7.0.250.c0", "surfaces": [{"type": "summary", "data": {"code": "candidate"}}, {"type": "action", "data": {"code": "passPriority", "actionId": "aa9063230e9a
[resolving/P1] prompt class=mana_payment: {"interactionId": "XHV6N7.0.251", "response": {"type": "exactChoices", "data": {"choices": [{"id": "XHV6N7.0.251.c0", "surfaces": [{"type": "summary", "data": {"code": "candidate"}}, {"type": "action", "data": {"code": "passPriority", "actionId": "aa9063230e9a
[resolving/P0] prompt class=mana_payment: {"interactionId": "XHV6N7.0.252", "response": {"type": "exactChoices", "data": {"choices": [{"id": "XHV6N7.0.252.c0", "surfaces": [{"type": "summary", "data": {"code": "candidate"}}, {"type": "action", "data": {"code": "passPriority", "actionId": "aa9063230e9a
[resolving/P1] prompt class=mana_payment: {"interactionId": "XHV6N7.0.253", "response": {"type": "exactChoices", "data": {"choices": [{"id": "XHV6N7.0.253.c0", "surfaces": [{"type": "summary", "data": {"code": "candidate"}}, {"type": "action", "data": {"code": "passPriority", "actionId": "aa9063230e9a
[resolving/P0] prompt class=mana_payment: {"interactionId": "XHV6N7.0.254", "response": {"type": "exactChoices", "data": {"choices": [{"id": "XHV6N7.0.254.c0", "surfaces": [{"type": "summary", "data": {"code": "candidate"}}, {"type": "action", "data": {"code": "passPriority", "actionId": "aa9063230e9a
[resolving/P1] prompt class=mana_payment: {"interactionId": "XHV6N7.0.255", "response": {"type": "exactChoices", "data": {"choices": [{"id": "XHV6N7.0.255.c0", "surfaces": [{"type": "summary", "data": {"code": "candidate"}}, {"type": "action", "data": {"code": "passPriority", "actionId": "aa9063230e9a
[resolving/P0] prompt class=declare_combat: {"interactionId": "XHV6N7.0.256", "response": {"type": "schema", "data": {"spec": {"type": "relations", "data": {"edges": [{"sourceId": "XHV6N7.0.256.r0", "targetIds": ["XHV6N7.0.256.d0"]}], "min": 0, "max": 1, "sourceConstraint": "atMostOne", "allowGroups": t
[resolving/P0] prompt class=mana_payment: {"interactionId": "XHV6N7.0.257", "response": {"type": "exactChoices", "data": {"choices": [{"id": "XHV6N7.0.257.c0", "surfaces": [{"type": "summary", "data": {"code": "candidate"}}, {"type": "action", "data": {"code": "passPriority", "actionId": "aa9063230e9a
[resolving/P1] prompt class=mana_payment: {"interactionId": "XHV6N7.0.258", "response": {"type": "exactChoices", "data": {"choices": [{"id": "XHV6N7.0.258.c0", "surfaces": [{"type": "summary", "data": {"code": "candidate"}}, {"type": "action", "data": {"code": "passPriority", "actionId": "aa9063230e9a
[resolving/P0] prompt class=mana_payment: {"interactionId": "XHV6N7.0.259", "response": {"type": "exactChoices", "data": {"choices": [{"id": "XHV6N7.0.259.c0", "surfaces": [{"type": "summary", "data": {"code": "candidate"}}, {"type": "action", "data": {"code": "passPriority", "actionId": "aa9063230e9a
[resolving/P1] prompt class=mana_payment: {"interactionId": "XHV6N7.0.260", "response": {"type": "exactChoices", "data": {"choices": [{"id": "XHV6N7.0.260.c0", "surfaces": [{"type": "summary", "data": {"code": "candidate"}}, {"type": "action", "data": {"code": "passPriority", "actionId": "aa9063230e9a
[resolving/P0] prompt class=mana_payment: {"interactionId": "XHV6N7.0.261", "response": {"type": "exactChoices", "data": {"choices": [{"id": "XHV6N7.0.261.c0", "surfaces": [{"type": "summary", "data": {"code": "candidate"}}, {"type": "action", "data": {"code": "passPriority", "actionId": "aa9063230e9a
[resolving/P1] prompt class=mana_payment: {"interactionId": "XHV6N7.0.262", "response": {"type": "exactChoices", "data": {"choices": [{"id": "XHV6N7.0.262.c0", "surfaces": [{"type": "summary", "data": {"code": "candidate"}}, {"type": "action", "data": {"code": "passPriority", "actionId": "aa9063230e9a
[resolving/P1] prompt class=mana_payment: {"interactionId": "XHV6N7.0.263", "response": {"type": "exactChoices", "data": {"choices": [{"id": "XHV6N7.0.263.c0", "surfaces": [{"type": "summary", "data": {"code": "candidate"}}, {"type": "action", "data": {"code": "passPriority", "actionId": "aa9063230e9a
[resolving/P0] prompt class=mana_payment: {"interactionId": "XHV6N7.0.264", "response": {"type": "exactChoices", "data": {"choices": [{"id": "XHV6N7.0.264.c0", "surfaces": [{"type": "summary", "data": {"code": "candidate"}}, {"type": "action", "data": {"code": "passPriority", "actionId": "aa9063230e9a
[resolving/P1] prompt class=mana_payment: {"interactionId": "XHV6N7.0.265", "response": {"type": "exactChoices", "data": {"choices": [{"id": "XHV6N7.0.265.c0", "surfaces": [{"type": "summary", "data": {"code": "candidate"}}, {"type": "action", "data": {"code": "passPriority", "actionId": "aa9063230e9a
[resolving/P0] prompt class=mana_payment: {"interactionId": "XHV6N7.0.266", "response": {"type": "exactChoices", "data": {"choices": [{"id": "XHV6N7.0.266.c0", "surfaces": [{"type": "summary", "data": {"code": "candidate"}}, {"type": "action", "data": {"code": "passPriority", "actionId": "aa9063230e9a
[resolving/P1] prompt class=mana_payment: {"interactionId": "XHV6N7.0.267", "response": {"type": "exactChoices", "data": {"choices": [{"id": "XHV6N7.0.267.c0", "surfaces": [{"type": "summary", "data": {"code": "candidate"}}, {"type": "action", "data": {"code": "passPriority", "actionId": "aa9063230e9a
[resolving/P0] prompt class=mana_payment: {"interactionId": "XHV6N7.0.268", "response": {"type": "exactChoices", "data": {"choices": [{"id": "XHV6N7.0.268.c0", "surfaces": [{"type": "summary", "data": {"code": "candidate"}}, {"type": "action", "data": {"code": "passPriority", "actionId": "aa9063230e9a
[resolving/P1] prompt class=mana_payment: {"interactionId": "XHV6N7.0.269", "response": {"type": "exactChoices", "data": {"choices": [{"id": "XHV6N7.0.269.c0", "surfaces": [{"type": "summary", "data": {"code": "candidate"}}, {"type": "action", "data": {"code": "passPriority", "actionId": "aa9063230e9a
[resolving/P0] prompt class=mana_payment: {"interactionId": "XHV6N7.0.270", "response": {"type": "exactChoices", "data": {"choices": [{"id": "XHV6N7.0.270.c0", "surfaces": [{"type": "summary", "data": {"code": "candidate"}}, {"type": "action", "data": {"code": "passPriority", "actionId": "aa9063230e9a
[resolving/P1] prompt class=declare_combat: {"interactionId": "XHV6N7.0.271", "response": {"type": "schema", "data": {"spec": {"type": "relations", "data": {"edges": [{"sourceId": "XHV6N7.0.271.r0", "targetIds": ["XHV6N7.0.271.d0"]}, {"sourceId": "XHV6N7.0.271.r1", "targetIds": ["XHV6N7.0.271.d0"]}], "m
[resolving/P1] prompt class=mana_payment: {"interactionId": "XHV6N7.0.272", "response": {"type": "exactChoices", "data": {"choices": [{"id": "XHV6N7.0.272.c0", "surfaces": [{"type": "summary", "data": {"code": "candidate"}}, {"type": "action", "data": {"code": "passPriority", "actionId": "aa9063230e9a
[resolving/P0] prompt class=mana_payment: {"interactionId": "XHV6N7.0.273", "response": {"type": "exactChoices", "data": {"choices": [{"id": "XHV6N7.0.273.c0", "surfaces": [{"type": "summary", "data": {"code": "candidate"}}, {"type": "action", "data": {"code": "passPriority", "actionId": "aa9063230e9a
[resolving/P1] prompt class=mana_payment: {"interactionId": "XHV6N7.0.274", "response": {"type": "exactChoices", "data": {"choices": [{"id": "XHV6N7.0.274.c0", "surfaces": [{"type": "summary", "data": {"code": "candidate"}}, {"type": "action", "data": {"code": "passPriority", "actionId": "aa9063230e9a
[resolving/P0] prompt class=mana_payment: {"interactionId": "XHV6N7.0.275", "response": {"type": "exactChoices", "data": {"choices": [{"id": "XHV6N7.0.275.c0", "surfaces": [{"type": "summary", "data": {"code": "candidate"}}, {"type": "action", "data": {"code": "passPriority", "actionId": "aa9063230e9a
[resolving/P1] prompt class=mana_payment: {"interactionId": "XHV6N7.0.276", "response": {"type": "exactChoices", "data": {"choices": [{"id": "XHV6N7.0.276.c0", "surfaces": [{"type": "summary", "data": {"code": "candidate"}}, {"type": "action", "data": {"code": "passPriority", "actionId": "aa9063230e9a
[resolving/P0] prompt class=mana_payment: {"interactionId": "XHV6N7.0.277", "response": {"type": "exactChoices", "data": {"choices": [{"id": "XHV6N7.0.277.c0", "surfaces": [{"type": "summary", "data": {"code": "candidate"}}, {"type": "action", "data": {"code": "passPriority", "actionId": "aa9063230e9a
[resolving/P1] prompt class=discard_handsize: {"interactionId": "XHV6N7.0.278", "response": {"type": "schema", "data": {"spec": {"type": "select", "data": {"constraint": {"type": "count", "data": {"min": 1, "max": 1}}, "confirm": "explicit"}}, "candidates": [{"id": "XHV6N7.0.278.s0", "surfaces": [{"type":
[P1] vi discard-to-hand-size: XHV6N7.0.278.s5
[window] settle clock done; exporting post
[window] settle clock done; exporting post
exported post.json
exported post.json
