game PFOMJ5 phase=attack
P0 mulligan decision: keep (lands=4)
P1 mulligan decision: keep (lands=4)
P1 plays land Forest
P0 plays land Swamp
P0 casts Diregraf Ghoul
P0 casts Diregraf Ghoul
P1 plays land Forest
P1 casts Grizzly Bears
P0 plays land Swamp
P0 casts Diregraf Ghoul
P0 casts Diregraf Ghoul
P1 plays land Forest
P1 casts Grizzly Bears
P0 plays land Swamp
P0 casts Diregraf Ghoul
P1 plays land Forest
P1 casts Grizzly Bears
P0 plays land Swamp
P0 casts Manalith
P0 casts Manalith
P1 plays land Forest
P0 plays land Swamp
P0 casts Grizzly Bears
P0 casts Manalith
P1 plays land Forest
P0 plays land Swamp
[watchdog] P0 t+30s rev=212 turn=12 phase=BeginCombat wf=Priority prio=0 acts=['PassPriority']
[watchdog] P1 t+30s rev=212 turn=12 phase=BeginCombat wf=Priority prio=0 acts=[]
P1 plays land Forest
P0 plays land Forest
P1 plays land Forest
P0 casts Grizzly Bears
P1 plays land Forest
P0 casts Wand of Orcus
P0 activating equip via ActivateAbility (wand 55 ability_index=0 -> creature 9 Grizzly Bears)
P0 equip target -> Grizzly Bears (candidate PFOMJ5.0.311.t4)
EQUIP RESOLVED: wand attached to Grizzly Bears (oid 9)
P0 declares attackers: Grizzly Bears -> P1
TRIGGER ON STACK: {"id": 122, "source_id": 55, "controller": 0, "kind": {"type": "TriggeredAbility", "data": {"source_id": 55, "ability": {"effect": {"type": "Unimplemented", "name": "unbound_subject", "description": "it and Zombies you control gain deathtouch until end of turn"}, "targets": [], "source_id": 55, "sou
P1 declares no blockers
exporting PRE_COMBAT state
exporting POST_COMBAT state
game BUQX16 phase=block
P0 mulligan decision: keep (lands=3)
P1 mulligan decision: keep (lands=6)
P0 plays land Swamp
P0 casts Diregraf Ghoul
P1 plays land Forest
P0 plays land Swamp
P1 plays land Forest
P1 casts Grizzly Bears
P0 plays land Forest
P0 casts Wand of Orcus
P1 plays land Forest
P0 plays land Forest
P0 activating equip via ActivateAbility (wand 16 ability_index=0 -> creature 44 Diregraf Ghoul)
P0 casts Grizzly Bears
P0 casts Grizzly Bears
P1 plays land Forest
P0 casts Manalith
P1 plays land Forest
P0 casts Diregraf Ghoul
P1 plays land Forest
[watchdog] P0 t+30s rev=201 turn=12 phase=BeginCombat wf=Priority prio=1 acts=[]
[watchdog] P1 t+30s rev=201 turn=12 phase=BeginCombat wf=Priority prio=1 acts=['PassPriority']
P0 casts Grizzly Bears
P1 plays land Forest
P0 plays land Forest
P1 plays land Forest
P0 casts Manalith
P1 plays land Forest
P0 casts Grizzly Bears
P1 plays land Forest
P1 casts Grizzly Bears
P0 casts Manalith
P1 plays land Forest
P0 plays land Swamp
[watchdog] P0 t+60s rev=397 turn=24 phase=Upkeep wf=Priority prio=1 acts=[]
[watchdog] P1 t+60s rev=397 turn=24 phase=Upkeep wf=Priority prio=1 acts=['PassPriority']
P1 plays land Forest
P1 casts Grizzly Bears
P1 plays land Forest
P1 casts Grizzly Bears
P1 plays land Forest
P1 plays land Forest
P0 casts Manalith
P1 plays land Forest
P0 plays land Forest
P1 plays land Forest
P0 casts Diregraf Ghoul
[watchdog] P0 t+90s rev=591 turn=35 phase=EndCombat wf=Priority prio=1 acts=[]
[watchdog] P1 t+90s rev=591 turn=35 phase=EndCombat wf=Priority prio=1 acts=['PassPriority']
P1 plays land Forest
P0 casts Manalith
P1 plays land Forest
P1 plays land Forest
P1 plays land Forest
P0 casts Grizzly Bears
P1 plays land Forest
P1 casts Grizzly Bears
P0 casts Manalith
P1 plays land Forest
[watchdog] P0 t+120s rev=769 turn=46 phase=PreCombatMain wf=Priority prio=0 acts=['PassPriority']
[watchdog] P1 t+120s rev=769 turn=46 phase=PreCombatMain wf=Priority prio=0 acts=[]
P0 casts Diregraf Ghoul
P1 plays land Forest
P0 plays land Forest
P1 plays land Forest
P0 plays land Swamp
P1 plays land Forest
equip pending timed out; will retry activation
P0 activating equip via ActivateAbility (wand 16 ability_index=0 -> creature 33 Grizzly Bears)
P0 equip target -> Grizzly Bears (candidate BUQX16.0.882.t1)
P0 casts Manalith
EQUIP RESOLVED: wand attached to Grizzly Bears (oid 33)
P1 plays land Forest
P1 declares attackers: Grizzly Bears -> P0
P0 DeclareBlockers advertised: {"type": "DeclareBlockers", "data": {"assignments": []}}
P0 blocks Grizzly Bears with Grizzly Bears
exporting PRE_COMBAT state
TRIGGER ON STACK: {"id": 122, "source_id": 16, "controller": 0, "kind": {"type": "TriggeredAbility", "data": {"source_id": 16, "ability": {"effect": {"type": "Unimplemented", "name": "unbound_subject", "description": "it and Zombies you control gain deathtouch until end of turn"}, "targets": [], "source_id": 16, "sou
exporting POST_COMBAT state
DONE verdict=not-reproduced assertions={"setup_started": "passed", "A1_setup_ok": "passed", "A2_attack_declared": "passed", "A3_trigger_seen": "passed", "A4_no_overbroad_grant": "passed", "A5_cleanup": "passed", "B1_setup_ok": "passed", "B2_block_declared": "passed", "B3_trigger_seen": "passed", "B4_no_overbroad_grant": "passed", "B5_cleanup": "passed"}
