game I8HAZX
P0 keeps opening hand
P1 keeps opening hand
P0 plays Forest
P0 casts Walking Ballista (oid 42)
[P0] Ballista X-choice -> X=0
P0 casts Walking Ballista (oid 50)
[P0] Ballista X-choice -> X=0
P1 plays Swamp
P0 plays Forest
P0 casts Walking Ballista (oid 35)
[P0] Ballista X-choice -> X=0
P1 plays Swamp
P1 casts Emperor of Bones (oid 108)
P0 plays Forest
P1 plays Swamp
[P1] Emperor trigger targets Ballista oid 35 (choice I8HAZX.0.99.t2)
CAPTURE: trigger entry 121 targets Ballista 35; P0 holds priority
variant snapshots written (tokens replaced: 2; A->[35] B->[42])
exporting POST_TRIGGER state
ENGINE DONE assertions={"setup_started": "passed", "E1_setup_ok": "passed", "E2_trigger_targeted": "passed", "E3_identity_distinct": "passed", "E4_snapshot_captured": "passed", "E5_cleanup": "passed"}
