2026-09-11T21:05:11.847675Z  INFO phase_server: client connected online_count=1
2026-09-11T21:05:11.849035Z  INFO ws_message: phase_server: ClientHello accepted version=driver-0.1 commit=driver
2026-09-11T21:05:11.849731Z  INFO ws_message: phase_server: CreateGameWithSettings display_name=P0 public=false has_password=false timer=None deck_size=60 ai_seats=1 has_peer_id=false
2026-09-11T21:05:11.887833Z  INFO ws_message: server_core::session: game session created game=LJ6QIP player_count=2
2026-09-11T21:05:12.134519Z  INFO ws_message: phase_server: AI game started game=LJ6QIP host=P0
2026-09-11T21:05:12.391335Z  INFO ws_message:game_session{game=LJ6QIP player=PlayerId(0)}: server_core::session: action applied game=LJ6QIP player=PlayerId(0) action_type="MulliganDecision" event_count=1
2026-09-11T21:05:12.393004Z  INFO ws_message:game_session{game=LJ6QIP player=PlayerId(0)}: phase_server: game submission processed (lock held) game=LJ6QIP kind="action" lock_ms=6 ai_actions=0
2026-09-11T21:05:12.438996Z  INFO ws_message:game_session{game=LJ6QIP player=PlayerId(0)}: server_core::session: action applied game=LJ6QIP player=PlayerId(0) action_type="PassPriority" event_count=1
2026-09-11T21:05:12.472861Z  INFO ws_message:game_session{game=LJ6QIP player=PlayerId(0)}: phase_server: game submission processed (lock held) game=LJ6QIP kind="action" lock_ms=34 ai_actions=1
2026-09-11T21:05:12.695177Z  INFO ws_message:game_session{game=LJ6QIP player=PlayerId(0)}: server_core::session: action applied game=LJ6QIP player=PlayerId(0) action_type="PlayLand" event_count=2
2026-09-11T21:05:12.703174Z  INFO ws_message:game_session{game=LJ6QIP player=PlayerId(0)}: phase_server: game submission processed (lock held) game=LJ6QIP kind="action" lock_ms=12 ai_actions=0
2026-09-11T21:05:12.793156Z  INFO ws_message:game_session{game=LJ6QIP player=PlayerId(0)}: server_core::session: action applied game=LJ6QIP player=PlayerId(0) action_type="PassPriority" event_count=1
2026-09-11T21:05:12.802339Z  INFO ws_message:game_session{game=LJ6QIP player=PlayerId(0)}: phase_server: game submission processed (lock held) game=LJ6QIP kind="action" lock_ms=9 ai_actions=1
2026-09-11T21:05:12.996357Z  INFO ws_message:game_session{game=LJ6QIP player=PlayerId(0)}: server_core::session: action applied game=LJ6QIP player=PlayerId(0) action_type="PassPriority" event_count=1
2026-09-11T21:05:13.008139Z  INFO ws_message:game_session{game=LJ6QIP player=PlayerId(0)}: phase_server: game submission processed (lock held) game=LJ6QIP kind="action" lock_ms=12 ai_actions=1
2026-09-11T21:05:13.200337Z  INFO ws_message:game_session{game=LJ6QIP player=PlayerId(0)}: server_core::session: action applied game=LJ6QIP player=PlayerId(0) action_type="PassPriority" event_count=1
2026-09-11T21:05:13.230630Z  INFO ws_message:game_session{game=LJ6QIP player=PlayerId(0)}: phase_server: game submission processed (lock held) game=LJ6QIP kind="action" lock_ms=31 ai_actions=1
2026-09-11T21:05:13.401810Z  INFO ws_message:game_session{game=LJ6QIP player=PlayerId(0)}: server_core::session: action applied game=LJ6QIP player=PlayerId(0) action_type="PassPriority" event_count=1
2026-09-11T21:05:13.413715Z  INFO ws_message:game_session{game=LJ6QIP player=PlayerId(0)}: phase_server: game submission processed (lock held) game=LJ6QIP kind="action" lock_ms=12 ai_actions=1
2026-09-11T21:05:13.604350Z  INFO ws_message:game_session{game=LJ6QIP player=PlayerId(0)}: server_core::session: action applied game=LJ6QIP player=PlayerId(0) action_type="PassPriority" event_count=1
2026-09-11T21:05:13.620694Z  INFO ws_message:game_session{game=LJ6QIP player=PlayerId(0)}: phase_server: game submission processed (lock held) game=LJ6QIP kind="action" lock_ms=17 ai_actions=2
2026-09-11T21:05:13.969194Z  INFO ws_message:game_session{game=LJ6QIP player=PlayerId(0)}: server_core::session: action applied game=LJ6QIP player=PlayerId(0) action_type="PassPriority" event_count=4
2026-09-11T21:05:13.978485Z  INFO ws_message:game_session{game=LJ6QIP player=PlayerId(0)}: phase_server: game submission processed (lock held) game=LJ6QIP kind="action" lock_ms=14 ai_actions=1
2026-09-11T21:05:14.167684Z  INFO ws_message:game_session{game=LJ6QIP player=PlayerId(0)}: server_core::session: action applied game=LJ6QIP player=PlayerId(0) action_type="PassPriority" event_count=1
2026-09-11T21:05:14.530718Z  INFO ws_message:game_session{game=LJ6QIP player=PlayerId(0)}: phase_server: game submission processed (lock held) game=LJ6QIP kind="action" lock_ms=363 ai_actions=2
2026-09-11T21:05:14.824048Z  INFO ws_message:game_session{game=LJ6QIP player=PlayerId(0)}: server_core::session: action applied game=LJ6QIP player=PlayerId(0) action_type="PassPriority" event_count=1
2026-09-11T21:05:14.833917Z  INFO ws_message:game_session{game=LJ6QIP player=PlayerId(0)}: phase_server: game submission processed (lock held) game=LJ6QIP kind="action" lock_ms=10 ai_actions=1
2026-09-11T21:05:15.030826Z  INFO ws_message:game_session{game=LJ6QIP player=PlayerId(0)}: server_core::session: action applied game=LJ6QIP player=PlayerId(0) action_type="PassPriority" event_count=3
2026-09-11T21:05:15.040607Z  INFO ws_message:game_session{game=LJ6QIP player=PlayerId(0)}: phase_server: game submission processed (lock held) game=LJ6QIP kind="action" lock_ms=14 ai_actions=1
2026-09-11T21:05:15.233037Z  INFO ws_message:game_session{game=LJ6QIP player=PlayerId(0)}: server_core::session: action applied game=LJ6QIP player=PlayerId(0) action_type="PassPriority" event_count=1
2026-09-11T21:05:15.269253Z  INFO ws_message:game_session{game=LJ6QIP player=PlayerId(0)}: phase_server: game submission processed (lock held) game=LJ6QIP kind="action" lock_ms=40 ai_actions=1
2026-09-11T21:05:15.434643Z  INFO ws_message:game_session{game=LJ6QIP player=PlayerId(0)}: server_core::session: action applied game=LJ6QIP player=PlayerId(0) action_type="PassPriority" event_count=1
2026-09-11T21:05:15.443890Z  INFO ws_message:game_session{game=LJ6QIP player=PlayerId(0)}: phase_server: game submission processed (lock held) game=LJ6QIP kind="action" lock_ms=12 ai_actions=1
2026-09-11T21:05:15.638736Z  INFO ws_message:game_session{game=LJ6QIP player=PlayerId(0)}: server_core::session: action applied game=LJ6QIP player=PlayerId(0) action_type="PassPriority" event_count=4
2026-09-11T21:05:15.640090Z  INFO ws_message:game_session{game=LJ6QIP player=PlayerId(0)}: phase_server: game submission processed (lock held) game=LJ6QIP kind="action" lock_ms=6 ai_actions=0
2026-09-11T21:05:15.685870Z  INFO ws_message:game_session{game=LJ6QIP player=PlayerId(0)}: server_core::session: action applied game=LJ6QIP player=PlayerId(0) action_type="PassPriority" event_count=1
2026-09-11T21:05:15.700344Z  INFO ws_message:game_session{game=LJ6QIP player=PlayerId(0)}: phase_server: game submission processed (lock held) game=LJ6QIP kind="action" lock_ms=15 ai_actions=1
2026-09-11T21:05:15.888882Z  INFO ws_message:game_session{game=LJ6QIP player=PlayerId(0)}: server_core::session: action applied game=LJ6QIP player=PlayerId(0) action_type="PassPriority" event_count=1
2026-09-11T21:05:15.921947Z  INFO ws_message:game_session{game=LJ6QIP player=PlayerId(0)}: phase_server: game submission processed (lock held) game=LJ6QIP kind="action" lock_ms=34 ai_actions=1
2026-09-11T21:05:16.144981Z  INFO ws_message:game_session{game=LJ6QIP player=PlayerId(0)}: server_core::session: action applied game=LJ6QIP player=PlayerId(0) action_type="PlayLand" event_count=2
2026-09-11T21:05:16.161225Z  INFO ws_message:game_session{game=LJ6QIP player=PlayerId(0)}: phase_server: game submission processed (lock held) game=LJ6QIP kind="action" lock_ms=21 ai_actions=0
2026-09-11T21:05:16.243713Z  INFO ws_message:game_session{game=LJ6QIP player=PlayerId(0)}: server_core::session: action applied game=LJ6QIP player=PlayerId(0) action_type="PassPriority" event_count=1
2026-09-11T21:05:16.253571Z  INFO ws_message:game_session{game=LJ6QIP player=PlayerId(0)}: phase_server: game submission processed (lock held) game=LJ6QIP kind="action" lock_ms=11 ai_actions=1
2026-09-11T21:05:16.445765Z  INFO ws_message:game_session{game=LJ6QIP player=PlayerId(0)}: server_core::session: action applied game=LJ6QIP player=PlayerId(0) action_type="PassPriority" event_count=1
2026-09-11T21:05:16.459347Z  INFO ws_message:game_session{game=LJ6QIP player=PlayerId(0)}: phase_server: game submission processed (lock held) game=LJ6QIP kind="action" lock_ms=15 ai_actions=1
2026-09-11T21:05:16.647239Z  INFO ws_message:game_session{game=LJ6QIP player=PlayerId(0)}: server_core::session: action applied game=LJ6QIP player=PlayerId(0) action_type="PassPriority" event_count=1
2026-09-11T21:05:16.672700Z  INFO ws_message:game_session{game=LJ6QIP player=PlayerId(0)}: phase_server: game submission processed (lock held) game=LJ6QIP kind="action" lock_ms=26 ai_actions=1
2026-09-11T21:05:16.900588Z  INFO ws_message:game_session{game=LJ6QIP player=PlayerId(0)}: server_core::session: action applied game=LJ6QIP player=PlayerId(0) action_type="PassPriority" event_count=1
2026-09-11T21:05:16.912780Z  INFO ws_message:game_session{game=LJ6QIP player=PlayerId(0)}: phase_server: game submission processed (lock held) game=LJ6QIP kind="action" lock_ms=13 ai_actions=1
2026-09-11T21:05:17.102431Z  INFO ws_message:game_session{game=LJ6QIP player=PlayerId(0)}: server_core::session: action applied game=LJ6QIP player=PlayerId(0) action_type="PassPriority" event_count=1
2026-09-11T21:05:17.121432Z  INFO ws_message:game_session{game=LJ6QIP player=PlayerId(0)}: phase_server: game submission processed (lock held) game=LJ6QIP kind="action" lock_ms=20 ai_actions=2
2026-09-11T21:05:17.409444Z  INFO ws_message:game_session{game=LJ6QIP player=PlayerId(0)}: server_core::session: action applied game=LJ6QIP player=PlayerId(0) action_type="PassPriority" event_count=4
2026-09-11T21:05:17.418410Z  INFO ws_message:game_session{game=LJ6QIP player=PlayerId(0)}: phase_server: game submission processed (lock held) game=LJ6QIP kind="action" lock_ms=13 ai_actions=1
2026-09-11T21:05:17.608775Z  INFO ws_message:game_session{game=LJ6QIP player=PlayerId(0)}: server_core::session: action applied game=LJ6QIP player=PlayerId(0) action_type="PassPriority" event_count=1
2026-09-11T21:05:18.071663Z  INFO ws_message:game_session{game=LJ6QIP player=PlayerId(0)}: phase_server: game submission processed (lock held) game=LJ6QIP kind="action" lock_ms=464 ai_actions=2
2026-09-11T21:05:18.363231Z  INFO ws_message:game_session{game=LJ6QIP player=PlayerId(0)}: server_core::session: action applied game=LJ6QIP player=PlayerId(0) action_type="PassPriority" event_count=1
2026-09-11T21:05:18.374096Z  INFO ws_message:game_session{game=LJ6QIP player=PlayerId(0)}: phase_server: game submission processed (lock held) game=LJ6QIP kind="action" lock_ms=12 ai_actions=1
2026-09-11T21:05:18.569971Z  INFO ws_message:game_session{game=LJ6QIP player=PlayerId(0)}: server_core::session: action applied game=LJ6QIP player=PlayerId(0) action_type="PassPriority" event_count=3
2026-09-11T21:05:18.580017Z  INFO ws_message:game_session{game=LJ6QIP player=PlayerId(0)}: phase_server: game submission processed (lock held) game=LJ6QIP kind="action" lock_ms=14 ai_actions=1
2026-09-11T21:05:18.772131Z  INFO ws_message:game_session{game=LJ6QIP player=PlayerId(0)}: server_core::session: action applied game=LJ6QIP player=PlayerId(0) action_type="PassPriority" event_count=1
2026-09-11T21:05:18.836095Z  INFO ws_message:game_session{game=LJ6QIP player=PlayerId(0)}: phase_server: game submission processed (lock held) game=LJ6QIP kind="action" lock_ms=67 ai_actions=1
2026-09-11T21:05:19.026759Z  INFO ws_message:game_session{game=LJ6QIP player=PlayerId(0)}: server_core::session: action applied game=LJ6QIP player=PlayerId(0) action_type="PassPriority" event_count=1
2026-09-11T21:05:19.037072Z  INFO ws_message:game_session{game=LJ6QIP player=PlayerId(0)}: phase_server: game submission processed (lock held) game=LJ6QIP kind="action" lock_ms=14 ai_actions=1
2026-09-11T21:05:19.231010Z  INFO ws_message:game_session{game=LJ6QIP player=PlayerId(0)}: server_core::session: action applied game=LJ6QIP player=PlayerId(0) action_type="PassPriority" event_count=4
2026-09-11T21:05:19.233370Z  INFO ws_message:game_session{game=LJ6QIP player=PlayerId(0)}: phase_server: game submission processed (lock held) game=LJ6QIP kind="action" lock_ms=7 ai_actions=0
2026-09-11T21:05:19.279010Z  INFO ws_message:game_session{game=LJ6QIP player=PlayerId(0)}: server_core::session: action applied game=LJ6QIP player=PlayerId(0) action_type="PassPriority" event_count=1
2026-09-11T21:05:19.294737Z  INFO ws_message:game_session{game=LJ6QIP player=PlayerId(0)}: phase_server: game submission processed (lock held) game=LJ6QIP kind="action" lock_ms=16 ai_actions=1
2026-09-11T21:05:19.482029Z  INFO ws_message:game_session{game=LJ6QIP player=PlayerId(0)}: server_core::session: action applied game=LJ6QIP player=PlayerId(0) action_type="PassPriority" event_count=1
2026-09-11T21:05:19.522747Z  INFO ws_message:game_session{game=LJ6QIP player=PlayerId(0)}: phase_server: game submission processed (lock held) game=LJ6QIP kind="action" lock_ms=42 ai_actions=1
2026-09-11T21:05:19.788383Z  INFO ws_message:game_session{game=LJ6QIP player=PlayerId(0)}: server_core::session: action applied game=LJ6QIP player=PlayerId(0) action_type="PlayLand" event_count=2
2026-09-11T21:05:19.799370Z  INFO ws_message:game_session{game=LJ6QIP player=PlayerId(0)}: phase_server: game submission processed (lock held) game=LJ6QIP kind="action" lock_ms=16 ai_actions=0
2026-09-11T21:05:19.886559Z  INFO ws_message:game_session{game=LJ6QIP player=PlayerId(0)}: server_core::session: action applied game=LJ6QIP player=PlayerId(0) action_type="PassPriority" event_count=1
2026-09-11T21:05:19.897810Z  INFO ws_message:game_session{game=LJ6QIP player=PlayerId(0)}: phase_server: game submission processed (lock held) game=LJ6QIP kind="action" lock_ms=13 ai_actions=1
2026-09-11T21:05:20.089570Z  INFO ws_message:game_session{game=LJ6QIP player=PlayerId(0)}: server_core::session: action applied game=LJ6QIP player=PlayerId(0) action_type="PassPriority" event_count=1
2026-09-11T21:05:20.103522Z  INFO ws_message:game_session{game=LJ6QIP player=PlayerId(0)}: phase_server: game submission processed (lock held) game=LJ6QIP kind="action" lock_ms=15 ai_actions=1
2026-09-11T21:05:20.292927Z  INFO ws_message:game_session{game=LJ6QIP player=PlayerId(0)}: server_core::session: action applied game=LJ6QIP player=PlayerId(0) action_type="PassPriority" event_count=1
2026-09-11T21:05:20.312353Z  INFO ws_message:game_session{game=LJ6QIP player=PlayerId(0)}: phase_server: game submission processed (lock held) game=LJ6QIP kind="action" lock_ms=20 ai_actions=1
2026-09-11T21:05:20.496144Z  INFO ws_message:game_session{game=LJ6QIP player=PlayerId(0)}: server_core::session: action applied game=LJ6QIP player=PlayerId(0) action_type="PassPriority" event_count=1
2026-09-11T21:05:20.509668Z  INFO ws_message:game_session{game=LJ6QIP player=PlayerId(0)}: phase_server: game submission processed (lock held) game=LJ6QIP kind="action" lock_ms=15 ai_actions=1
2026-09-11T21:05:20.698563Z  INFO ws_message:game_session{game=LJ6QIP player=PlayerId(0)}: server_core::session: action applied game=LJ6QIP player=PlayerId(0) action_type="PassPriority" event_count=1
2026-09-11T21:05:20.719537Z  INFO ws_message:game_session{game=LJ6QIP player=PlayerId(0)}: phase_server: game submission processed (lock held) game=LJ6QIP kind="action" lock_ms=22 ai_actions=2
2026-09-11T21:05:21.059138Z  INFO ws_message:game_session{game=LJ6QIP player=PlayerId(0)}: server_core::session: action applied game=LJ6QIP player=PlayerId(0) action_type="PassPriority" event_count=4
2026-09-11T21:05:21.069833Z  INFO ws_message:game_session{game=LJ6QIP player=PlayerId(0)}: phase_server: game submission processed (lock held) game=LJ6QIP kind="action" lock_ms=16 ai_actions=1
2026-09-11T21:05:21.257727Z  INFO ws_message:game_session{game=LJ6QIP player=PlayerId(0)}: server_core::session: action applied game=LJ6QIP player=PlayerId(0) action_type="PassPriority" event_count=1
2026-09-11T21:05:22.645861Z  INFO ws_message:game_session{game=LJ6QIP player=PlayerId(0)}: phase_server: game submission processed (lock held) game=LJ6QIP kind="action" lock_ms=1390 ai_actions=2
2026-09-11T21:05:22.967400Z  INFO ws_message:game_session{game=LJ6QIP player=PlayerId(0)}: server_core::session: action applied game=LJ6QIP player=PlayerId(0) action_type="PassPriority" event_count=1
2026-09-11T21:05:22.978910Z  INFO ws_message:game_session{game=LJ6QIP player=PlayerId(0)}: phase_server: game submission processed (lock held) game=LJ6QIP kind="action" lock_ms=13 ai_actions=1
2026-09-11T21:05:23.173504Z  INFO ws_message:game_session{game=LJ6QIP player=PlayerId(0)}: server_core::session: action applied game=LJ6QIP player=PlayerId(0) action_type="PassPriority" event_count=3
2026-09-11T21:05:23.185605Z  INFO ws_message:game_session{game=LJ6QIP player=PlayerId(0)}: phase_server: game submission processed (lock held) game=LJ6QIP kind="action" lock_ms=17 ai_actions=1
2026-09-11T21:05:23.375067Z  INFO ws_message:game_session{game=LJ6QIP player=PlayerId(0)}: server_core::session: action applied game=LJ6QIP player=PlayerId(0) action_type="PassPriority" event_count=1
2026-09-11T21:05:23.796329Z  INFO ws_message:game_session{game=LJ6QIP player=PlayerId(0)}: phase_server: game submission processed (lock held) game=LJ6QIP kind="action" lock_ms=425 ai_actions=1
2026-09-11T21:05:23.985664Z  INFO ws_message:game_session{game=LJ6QIP player=PlayerId(0)}: server_core::session: action applied game=LJ6QIP player=PlayerId(0) action_type="PassPriority" event_count=1
2026-09-11T21:05:24.000585Z  INFO ws_message:game_session{game=LJ6QIP player=PlayerId(0)}: phase_server: game submission processed (lock held) game=LJ6QIP kind="action" lock_ms=19 ai_actions=1
2026-09-11T21:05:24.189696Z  INFO ws_message:game_session{game=LJ6QIP player=PlayerId(0)}: server_core::session: action applied game=LJ6QIP player=PlayerId(0) action_type="PassPriority" event_count=4
2026-09-11T21:05:24.192729Z  INFO ws_message:game_session{game=LJ6QIP player=PlayerId(0)}: phase_server: game submission processed (lock held) game=LJ6QIP kind="action" lock_ms=8 ai_actions=0
2026-09-11T21:05:24.236332Z  INFO ws_message:game_session{game=LJ6QIP player=PlayerId(0)}: server_core::session: action applied game=LJ6QIP player=PlayerId(0) action_type="PassPriority" event_count=1
2026-09-11T21:05:24.249555Z  INFO ws_message:game_session{game=LJ6QIP player=PlayerId(0)}: phase_server: game submission processed (lock held) game=LJ6QIP kind="action" lock_ms=14 ai_actions=1
2026-09-11T21:05:24.442211Z  INFO ws_message:game_session{game=LJ6QIP player=PlayerId(0)}: server_core::session: action applied game=LJ6QIP player=PlayerId(0) action_type="PassPriority" event_count=1
2026-09-11T21:05:24.475409Z  INFO ws_message:game_session{game=LJ6QIP player=PlayerId(0)}: phase_server: game submission processed (lock held) game=LJ6QIP kind="action" lock_ms=35 ai_actions=1
2026-09-11T21:05:24.698295Z  INFO ws_message:game_session{game=LJ6QIP player=PlayerId(0)}: server_core::session: action applied game=LJ6QIP player=PlayerId(0) action_type="PlayLand" event_count=2
2026-09-11T21:05:24.707878Z  INFO ws_message:game_session{game=LJ6QIP player=PlayerId(0)}: phase_server: game submission processed (lock held) game=LJ6QIP kind="action" lock_ms=14 ai_actions=0
2026-09-11T21:05:24.798153Z  INFO ws_message:game_session{game=LJ6QIP player=PlayerId(0)}: server_core::session: action applied game=LJ6QIP player=PlayerId(0) action_type="PassPriority" event_count=1
2026-09-11T21:05:24.810247Z  INFO ws_message:game_session{game=LJ6QIP player=PlayerId(0)}: phase_server: game submission processed (lock held) game=LJ6QIP kind="action" lock_ms=14 ai_actions=1
2026-09-11T21:05:25.000335Z  INFO ws_message:game_session{game=LJ6QIP player=PlayerId(0)}: server_core::session: action applied game=LJ6QIP player=PlayerId(0) action_type="PassPriority" event_count=1
2026-09-11T21:05:25.015130Z  INFO ws_message:game_session{game=LJ6QIP player=PlayerId(0)}: phase_server: game submission processed (lock held) game=LJ6QIP kind="action" lock_ms=16 ai_actions=1
2026-09-11T21:05:25.202263Z  INFO ws_message:game_session{game=LJ6QIP player=PlayerId(0)}: server_core::session: action applied game=LJ6QIP player=PlayerId(0) action_type="PassPriority" event_count=1
2026-09-11T21:05:25.223562Z  INFO ws_message:game_session{game=LJ6QIP player=PlayerId(0)}: phase_server: game submission processed (lock held) game=LJ6QIP kind="action" lock_ms=22 ai_actions=1
2026-09-11T21:05:25.405837Z  INFO ws_message:game_session{game=LJ6QIP player=PlayerId(0)}: server_core::session: action applied game=LJ6QIP player=PlayerId(0) action_type="PassPriority" event_count=1
2026-09-11T21:05:25.420502Z  INFO ws_message:game_session{game=LJ6QIP player=PlayerId(0)}: phase_server: game submission processed (lock held) game=LJ6QIP kind="action" lock_ms=16 ai_actions=1
2026-09-11T21:05:25.609832Z  INFO ws_message:game_session{game=LJ6QIP player=PlayerId(0)}: server_core::session: action applied game=LJ6QIP player=PlayerId(0) action_type="PassPriority" event_count=1
2026-09-11T21:05:25.633854Z  INFO ws_message:game_session{game=LJ6QIP player=PlayerId(0)}: phase_server: game submission processed (lock held) game=LJ6QIP kind="action" lock_ms=25 ai_actions=2
2026-09-11T21:05:25.970836Z  INFO ws_message:game_session{game=LJ6QIP player=PlayerId(0)}: server_core::session: action applied game=LJ6QIP player=PlayerId(0) action_type="PassPriority" event_count=4
2026-09-11T21:05:25.982338Z  INFO ws_message:game_session{game=LJ6QIP player=PlayerId(0)}: phase_server: game submission processed (lock held) game=LJ6QIP kind="action" lock_ms=17 ai_actions=1
2026-09-11T21:05:26.170579Z  INFO ws_message:game_session{game=LJ6QIP player=PlayerId(0)}: server_core::session: action applied game=LJ6QIP player=PlayerId(0) action_type="PassPriority" event_count=1
2026-09-11T21:05:27.757633Z  INFO ws_message:game_session{game=LJ6QIP player=PlayerId(0)}: phase_server: game submission processed (lock held) game=LJ6QIP kind="action" lock_ms=1589 ai_actions=2
2026-09-11T21:05:28.033500Z  INFO ws_message:game_session{game=LJ6QIP player=PlayerId(0)}: server_core::session: action applied game=LJ6QIP player=PlayerId(0) action_type="PassPriority" event_count=1
2026-09-11T21:05:28.046763Z  INFO ws_message:game_session{game=LJ6QIP player=PlayerId(0)}: phase_server: game submission processed (lock held) game=LJ6QIP kind="action" lock_ms=15 ai_actions=1
2026-09-11T21:05:28.238774Z  INFO ws_message:game_session{game=LJ6QIP player=PlayerId(0)}: server_core::session: action applied game=LJ6QIP player=PlayerId(0) action_type="PassPriority" event_count=3
2026-09-11T21:05:28.251166Z  INFO ws_message:game_session{game=LJ6QIP player=PlayerId(0)}: phase_server: game submission processed (lock held) game=LJ6QIP kind="action" lock_ms=17 ai_actions=1
2026-09-11T21:05:28.441006Z  INFO ws_message:game_session{game=LJ6QIP player=PlayerId(0)}: server_core::session: action applied game=LJ6QIP player=PlayerId(0) action_type="PassPriority" event_count=1
2026-09-11T21:05:28.869194Z  INFO ws_message:game_session{game=LJ6QIP player=PlayerId(0)}: phase_server: game submission processed (lock held) game=LJ6QIP kind="action" lock_ms=432 ai_actions=1
2026-09-11T21:05:29.047050Z  INFO ws_message:game_session{game=LJ6QIP player=PlayerId(0)}: server_core::session: action applied game=LJ6QIP player=PlayerId(0) action_type="PassPriority" event_count=1
2026-09-11T21:05:29.060297Z  INFO ws_message:game_session{game=LJ6QIP player=PlayerId(0)}: phase_server: game submission processed (lock held) game=LJ6QIP kind="action" lock_ms=17 ai_actions=1
2026-09-11T21:05:29.250510Z  INFO ws_message:game_session{game=LJ6QIP player=PlayerId(0)}: server_core::session: action applied game=LJ6QIP player=PlayerId(0) action_type="PassPriority" event_count=4
2026-09-11T21:05:29.253062Z  INFO ws_message:game_session{game=LJ6QIP player=PlayerId(0)}: phase_server: game submission processed (lock held) game=LJ6QIP kind="action" lock_ms=7 ai_actions=0
2026-09-11T21:05:29.297444Z  INFO ws_message:game_session{game=LJ6QIP player=PlayerId(0)}: server_core::session: action applied game=LJ6QIP player=PlayerId(0) action_type="PassPriority" event_count=1
2026-09-11T21:05:29.311068Z  INFO ws_message:game_session{game=LJ6QIP player=PlayerId(0)}: phase_server: game submission processed (lock held) game=LJ6QIP kind="action" lock_ms=15 ai_actions=1
2026-09-11T21:05:29.500396Z  INFO ws_message:game_session{game=LJ6QIP player=PlayerId(0)}: server_core::session: action applied game=LJ6QIP player=PlayerId(0) action_type="PassPriority" event_count=1
2026-09-11T21:05:29.536725Z  INFO ws_message:game_session{game=LJ6QIP player=PlayerId(0)}: phase_server: game submission processed (lock held) game=LJ6QIP kind="action" lock_ms=38 ai_actions=1
2026-09-11T21:05:29.757476Z  INFO ws_message:game_session{game=LJ6QIP player=PlayerId(0)}: server_core::session: action applied game=LJ6QIP player=PlayerId(0) action_type="PlayLand" event_count=2
2026-09-11T21:05:29.766990Z  INFO ws_message:game_session{game=LJ6QIP player=PlayerId(0)}: phase_server: game submission processed (lock held) game=LJ6QIP kind="action" lock_ms=15 ai_actions=0
2026-09-11T21:05:29.858377Z  INFO ws_message:game_session{game=LJ6QIP player=PlayerId(0)}: server_core::session: action applied game=LJ6QIP player=PlayerId(0) action_type="PassPriority" event_count=1
2026-09-11T21:05:29.871292Z  INFO ws_message:game_session{game=LJ6QIP player=PlayerId(0)}: phase_server: game submission processed (lock held) game=LJ6QIP kind="action" lock_ms=15 ai_actions=1
2026-09-11T21:05:30.060215Z  INFO ws_message:game_session{game=LJ6QIP player=PlayerId(0)}: server_core::session: action applied game=LJ6QIP player=PlayerId(0) action_type="PassPriority" event_count=1
2026-09-11T21:05:30.079155Z  INFO ws_message:game_session{game=LJ6QIP player=PlayerId(0)}: phase_server: game submission processed (lock held) game=LJ6QIP kind="action" lock_ms=21 ai_actions=1
2026-09-11T21:05:30.261741Z  INFO ws_message:game_session{game=LJ6QIP player=PlayerId(0)}: server_core::session: action applied game=LJ6QIP player=PlayerId(0) action_type="PassPriority" event_count=1
2026-09-11T21:05:30.284156Z  INFO ws_message:game_session{game=LJ6QIP player=PlayerId(0)}: phase_server: game submission processed (lock held) game=LJ6QIP kind="action" lock_ms=24 ai_actions=1
2026-09-11T21:05:30.464457Z  INFO ws_message:game_session{game=LJ6QIP player=PlayerId(0)}: server_core::session: action applied game=LJ6QIP player=PlayerId(0) action_type="PassPriority" event_count=1
2026-09-11T21:05:30.480987Z  INFO ws_message:game_session{game=LJ6QIP player=PlayerId(0)}: phase_server: game submission processed (lock held) game=LJ6QIP kind="action" lock_ms=18 ai_actions=1
2026-09-11T21:05:30.666325Z  INFO ws_message:game_session{game=LJ6QIP player=PlayerId(0)}: server_core::session: action applied game=LJ6QIP player=PlayerId(0) action_type="PassPriority" event_count=1
2026-09-11T21:05:30.691174Z  INFO ws_message:game_session{game=LJ6QIP player=PlayerId(0)}: phase_server: game submission processed (lock held) game=LJ6QIP kind="action" lock_ms=26 ai_actions=2
2026-09-11T21:05:30.973316Z  INFO ws_message:game_session{game=LJ6QIP player=PlayerId(0)}: server_core::session: action applied game=LJ6QIP player=PlayerId(0) action_type="PassPriority" event_count=4
2026-09-11T21:05:30.986732Z  INFO ws_message:game_session{game=LJ6QIP player=PlayerId(0)}: phase_server: game submission processed (lock held) game=LJ6QIP kind="action" lock_ms=18 ai_actions=1
2026-09-11T21:05:31.172877Z  INFO ws_message:game_session{game=LJ6QIP player=PlayerId(0)}: server_core::session: action applied game=LJ6QIP player=PlayerId(0) action_type="PassPriority" event_count=1
2026-09-11T21:05:32.962559Z  INFO ws_message:game_session{game=LJ6QIP player=PlayerId(0)}: phase_server: game submission processed (lock held) game=LJ6QIP kind="action" lock_ms=1792 ai_actions=2
2026-09-11T21:05:33.238983Z  INFO ws_message:game_session{game=LJ6QIP player=PlayerId(0)}: server_core::session: action applied game=LJ6QIP player=PlayerId(0) action_type="PassPriority" event_count=1
2026-09-11T21:05:33.253652Z  INFO ws_message:game_session{game=LJ6QIP player=PlayerId(0)}: phase_server: game submission processed (lock held) game=LJ6QIP kind="action" lock_ms=17 ai_actions=1
2026-09-11T21:05:33.445352Z  INFO ws_message:game_session{game=LJ6QIP player=PlayerId(0)}: server_core::session: action applied game=LJ6QIP player=PlayerId(0) action_type="PassPriority" event_count=3
2026-09-11T21:05:33.459574Z  INFO ws_message:game_session{game=LJ6QIP player=PlayerId(0)}: phase_server: game submission processed (lock held) game=LJ6QIP kind="action" lock_ms=19 ai_actions=1
2026-09-11T21:05:33.646305Z  INFO ws_message:game_session{game=LJ6QIP player=PlayerId(0)}: server_core::session: action applied game=LJ6QIP player=PlayerId(0) action_type="PassPriority" event_count=1
2026-09-11T21:05:34.158151Z  INFO ws_message:game_session{game=LJ6QIP player=PlayerId(0)}: phase_server: game submission processed (lock held) game=LJ6QIP kind="action" lock_ms=515 ai_actions=1
2026-09-11T21:05:34.352228Z  INFO ws_message:game_session{game=LJ6QIP player=PlayerId(0)}: server_core::session: action applied game=LJ6QIP player=PlayerId(0) action_type="PassPriority" event_count=1
2026-09-11T21:05:34.366160Z  INFO ws_message:game_session{game=LJ6QIP player=PlayerId(0)}: phase_server: game submission processed (lock held) game=LJ6QIP kind="action" lock_ms=18 ai_actions=1
2026-09-11T21:05:34.555452Z  INFO ws_message:game_session{game=LJ6QIP player=PlayerId(0)}: server_core::session: action applied game=LJ6QIP player=PlayerId(0) action_type="PassPriority" event_count=4
2026-09-11T21:05:34.558177Z  INFO ws_message:game_session{game=LJ6QIP player=PlayerId(0)}: phase_server: game submission processed (lock held) game=LJ6QIP kind="action" lock_ms=8 ai_actions=0
2026-09-11T21:05:34.655283Z  INFO ws_message:game_session{game=LJ6QIP player=PlayerId(0)}: server_core::session: action applied game=LJ6QIP player=PlayerId(0) action_type="PassPriority" event_count=1
2026-09-11T21:05:34.669712Z  INFO ws_message:game_session{game=LJ6QIP player=PlayerId(0)}: phase_server: game submission processed (lock held) game=LJ6QIP kind="action" lock_ms=16 ai_actions=1
2026-09-11T21:05:34.859174Z  INFO ws_message:game_session{game=LJ6QIP player=PlayerId(0)}: server_core::session: action applied game=LJ6QIP player=PlayerId(0) action_type="PassPriority" event_count=1
2026-09-11T21:05:34.898311Z  INFO ws_message:game_session{game=LJ6QIP player=PlayerId(0)}: phase_server: game submission processed (lock held) game=LJ6QIP kind="action" lock_ms=41 ai_actions=1
2026-09-11T21:05:35.153302Z  INFO ws_message:game_session{game=LJ6QIP player=PlayerId(0)}: server_core::session: action applied game=LJ6QIP player=PlayerId(0) action_type="CastSpell" event_count=18
2026-09-11T21:05:35.154913Z  INFO ws_message:game_session{game=LJ6QIP player=PlayerId(0)}: phase_server: game submission processed (lock held) game=LJ6QIP kind="action" lock_ms=9 ai_actions=0
2026-09-11T21:05:35.204152Z  INFO ws_message:game_session{game=LJ6QIP player=PlayerId(0)}: server_core::session: action applied game=LJ6QIP player=PlayerId(0) action_type="PassPriority" event_count=1
2026-09-11T21:05:35.269871Z  INFO ws_message:game_session{game=LJ6QIP player=PlayerId(0)}: phase_server: game submission processed (lock held) game=LJ6QIP kind="action" lock_ms=68 ai_actions=1
2026-09-11T21:05:35.603133Z  INFO ws_message:game_session{game=LJ6QIP player=PlayerId(0)}: server_core::session: action applied game=LJ6QIP player=PlayerId(0) action_type="PlayLand" event_count=2
2026-09-11T21:05:35.611775Z  INFO ws_message:game_session{game=LJ6QIP player=PlayerId(0)}: phase_server: game submission processed (lock held) game=LJ6QIP kind="action" lock_ms=15 ai_actions=0
2026-09-11T21:05:35.703477Z  INFO ws_message:game_session{game=LJ6QIP player=PlayerId(0)}: server_core::session: action applied game=LJ6QIP player=PlayerId(0) action_type="PassPriority" event_count=1
2026-09-11T21:05:35.721486Z  INFO ws_message:game_session{game=LJ6QIP player=PlayerId(0)}: phase_server: game submission processed (lock held) game=LJ6QIP kind="action" lock_ms=20 ai_actions=1
2026-09-11T21:05:35.905783Z  INFO ws_message:game_session{game=LJ6QIP player=PlayerId(0)}: server_core::session: action applied game=LJ6QIP player=PlayerId(0) action_type="PassPriority" event_count=1
2026-09-11T21:05:35.925587Z  INFO ws_message:game_session{game=LJ6QIP player=PlayerId(0)}: phase_server: game submission processed (lock held) game=LJ6QIP kind="action" lock_ms=22 ai_actions=1
2026-09-11T21:05:36.107395Z  INFO ws_message:game_session{game=LJ6QIP player=PlayerId(0)}: server_core::session: action applied game=LJ6QIP player=PlayerId(0) action_type="PassPriority" event_count=1
2026-09-11T21:05:36.129364Z  INFO ws_message:game_session{game=LJ6QIP player=PlayerId(0)}: phase_server: game submission processed (lock held) game=LJ6QIP kind="action" lock_ms=23 ai_actions=1
2026-09-11T21:05:36.310601Z  INFO ws_message:game_session{game=LJ6QIP player=PlayerId(0)}: server_core::session: action applied game=LJ6QIP player=PlayerId(0) action_type="PassPriority" event_count=1
2026-09-11T21:05:36.331866Z  INFO ws_message:game_session{game=LJ6QIP player=PlayerId(0)}: phase_server: game submission processed (lock held) game=LJ6QIP kind="action" lock_ms=24 ai_actions=1
2026-09-11T21:05:36.513399Z  INFO ws_message:game_session{game=LJ6QIP player=PlayerId(0)}: server_core::session: action applied game=LJ6QIP player=PlayerId(0) action_type="PassPriority" event_count=1
2026-09-11T21:05:36.564708Z  INFO ws_message:game_session{game=LJ6QIP player=PlayerId(0)}: phase_server: game submission processed (lock held) game=LJ6QIP kind="action" lock_ms=54 ai_actions=1
2026-09-11T21:05:55.616086Z  INFO phase_server: client disconnected game=Some("LJ6QIP") player=Some(PlayerId(0))
2026-09-11T21:05:55.616161Z  INFO server_core::session: player disconnected game=LJ6QIP player=PlayerId(0)
