[03:19:59] ServerHello: version=0.101.0 build=acafe9b protocol=103 mode=Full
[03:19:59] A1_parse: passed (mode=True dig1=True sac=True cond=True dig2=True else=True)
[03:19:59] game=C6SL6D run=20261004-7163b
[03:19:59] [P0] keep 7: ['grizzly bears', 'grizzly bears', 'forest', 'forest', 'forest', 'grizzly bears', 'birthing ritual']
[03:19:59] [P1] keep 7: ['grizzly bears', 'grizzly bears', 'grizzly bears', 'forest', 'forest', 'forest', 'forest']
[03:20:00] [P1] playing land forest
[03:20:03] [P0] playing land forest
[03:20:06] [P1] playing land forest
[03:20:06] [P1] casting grizzly bears (oid 81) needs={'G': 1, 'generic': 1}
[03:20:10] [P0] playing land forest
[03:20:11] [P0] casting grizzly bears (oid 22) needs={'G': 1, 'generic': 1}
[03:20:13] [P1] tap land for mana used_for=G needs={'G': 0, 'generic': 1}
[03:20:13] [P1] submitting interaction iid=C6SL6D.0.68 choice=C6SL6D.0.68. (Forest)
[03:20:13] [P1] tap land for mana used_for=generic needs={'G': 0, 'generic': 0}
[03:20:13] [P1] submitting interaction iid=C6SL6D.0.69 choice=C6SL6D.0.69. (Forest)
[03:20:14] [P1] playing land forest
[03:20:17] [P0] tap land for mana used_for=G needs={'G': 0, 'generic': 1}
[03:20:17] [P0] submitting interaction iid=C6SL6D.0.86 choice=C6SL6D.0.86. (Forest)
[03:20:17] [P0] tap land for mana used_for=generic needs={'G': 0, 'generic': 0}
[03:20:17] [P0] submitting interaction iid=C6SL6D.0.87 choice=C6SL6D.0.87. (Forest)
[03:20:18] [P0] playing land forest
[03:20:19] [P0] DeclareAttackers: empty
[03:20:21] [P1] playing land forest
[03:20:22] [P1] casting grizzly bears (oid 90) needs={'G': 1, 'generic': 1}
[03:20:22] [P1] tap land for mana used_for=G needs={'G': 0, 'generic': 1}
[03:20:22] [P1] submitting interaction iid=C6SL6D.0.110 choice=C6SL6D.0.110 (Forest)
[03:20:22] [P1] tap land for mana used_for=generic needs={'G': 0, 'generic': 0}
[03:20:22] [P1] submitting interaction iid=C6SL6D.0.111 choice=C6SL6D.0.111 (Forest)
[03:20:27] [P0] playing land forest
[03:20:27] [P0] casting birthing ritual (oid 9) needs={'G': 1, 'generic': 2}
[03:20:27] [P0] tap land for mana used_for=G needs={'G': 0, 'generic': 2}
[03:20:27] [P0] submitting interaction iid=C6SL6D.0.131 choice=C6SL6D.0.131 (Forest)
[03:20:27] [P0] tap land for mana used_for=generic needs={'G': 0, 'generic': 1}
[03:20:27] [P0] submitting interaction iid=C6SL6D.0.132 choice=C6SL6D.0.132 (Forest)
[03:20:29] [P0] DeclareAttackers: empty
[03:20:30] [P0] Birthing Ritual trigger on stack (turn 8)
[03:20:30] exported PRE
[03:20:30] [P0] pre (trigger on stack): bears_bf=1 lib=49
[03:20:30] [P0] ritual trigger left the stack (sac_done=False bf_prompt_seen=False)
[03:20:30] [P0] optional 'ritual may-sacrifice (bears_bf=1)' answered accept=False
[03:20:30] [P0] declined may-sacrifice with 1 bear(s) on BF; waiting for 2+
[03:20:31] [P1] playing land forest
[03:20:32] [P1] casting grizzly bears (oid 105) needs={'G': 1, 'generic': 1}
[03:20:32] [P1] tap land for mana used_for=G needs={'G': 0, 'generic': 1}
[03:20:32] [P1] submitting interaction iid=C6SL6D.0.155 choice=C6SL6D.0.155 (Forest)
[03:20:32] [P1] tap land for mana used_for=generic needs={'G': 0, 'generic': 0}
[03:20:32] [P1] submitting interaction iid=C6SL6D.0.156 choice=C6SL6D.0.156 (Forest)
[03:20:35] [P0] tap land for mana used_for=generic needs={'G': 0, 'generic': 0}
[03:20:35] [P0] submitting interaction iid=C6SL6D.0.170 choice=C6SL6D.0.170 (Forest)
[03:20:36] [P0] playing land forest
[03:20:36] [P0] casting grizzly bears (oid 1) needs={'G': 1, 'generic': 1}
[03:20:36] [P0] tap land for mana used_for=G needs={'G': 0, 'generic': 1}
[03:20:36] [P0] submitting interaction iid=C6SL6D.0.177 choice=C6SL6D.0.177 (Forest)
[03:20:36] [P0] tap land for mana used_for=generic needs={'G': 0, 'generic': 0}
[03:20:36] [P0] submitting interaction iid=C6SL6D.0.178 choice=C6SL6D.0.178 (Forest)
[03:20:38] [P0] DeclareAttackers: empty
[03:20:39] exported PRE
[03:20:39] [P0] pre (may-sacrifice decision point): bears_bf=2 lib=48
[03:20:39] [P0] optional 'ritual may-sacrifice (bears_bf=2)' answered accept=True
[03:20:40] [P0] sacrifice selection: 2 bear candidates of 2 choices (wtype=EffectZoneChoice)
[03:20:40] [P0] candidate answer 'ritual sacrifice': 1 choice(s)
[03:20:40] [P0] sacrificed bear oid=22
[03:20:40] [P0] sacrificed bear oid=22 reached Graveyard
[03:20:40] [P0] STUCK: sacrifice done, no BF-pick prompt (turn 11)
[03:20:42] exported MID
[03:20:43] [P1] playing land forest
[03:20:47] [P0] playing land forest
[03:20:48] [P0] casting grizzly bears (oid 24) needs={'G': 1, 'generic': 1}
[03:20:48] [P0] tap land for mana used_for=G needs={'G': 0, 'generic': 1}
[03:20:48] [P0] submitting interaction iid=C6SL6D.0.218 choice=C6SL6D.0.218 (Forest)
[03:20:48] [P0] tap land for mana used_for=generic needs={'G': 0, 'generic': 0}
[03:20:48] [P0] submitting interaction iid=C6SL6D.0.219 choice=C6SL6D.0.219 (Forest)
[03:20:49] [P0] casting grizzly bears (oid 45) needs={'G': 1, 'generic': 1}
[03:20:49] [P0] tap land for mana used_for=G needs={'G': 0, 'generic': 1}
[03:20:49] [P0] submitting interaction iid=C6SL6D.0.223 choice=C6SL6D.0.223 (Forest)
[03:20:49] [P0] tap land for mana used_for=generic needs={'G': 0, 'generic': 0}
[03:20:49] [P0] submitting interaction iid=C6SL6D.0.224 choice=C6SL6D.0.224 (Forest)
[03:20:51] [P0] DeclareAttackers: empty
[03:20:52] [P0] declining subsequent/unexpected OptionalEffectChoice (turn 12 phase End)
[03:20:52] [P0] optional 'decline subsequent optional' answered accept=False
[03:20:54] [P1] playing land forest
[03:20:55] exported POST
[03:20:55] loaded pre.json
[03:20:55] loaded mid.json
[03:20:55] loaded post.json
[03:20:55] A1_parse: passed
[03:20:55] A2_setup_ok: passed
[03:20:55] A3_trigger_fired: passed
[03:20:55] A4_sacrifice: passed
[03:20:55] A5_sacrifice_effect: passed
[03:20:55] A6_bf_pick: failed
[03:20:55] A7_cleanup: failed
[03:20:55] VERDICT: reproduced
[03:20:55] wrote summary.png
[03:20:55] finalize: closing logs, computing manifest
