P0 creating game...
P1 joining...
game Y37E4T; seats 0/1
P0 keeps (advertised as-is)
P1 keeps (advertised as-is)
P0 plays Forest
P0 casts Llanowar Elves
[P1] discards 1 via select (candidates matched by reference)
P0 plays Forest
P0 casts Llanowar Elves
P0 declares empty
[P1] discards 1 via select (candidates matched by reference)
P0 plays Forest
P0 casts Llanowar Elves
[P1] retry: dropped stale iid Y37E4T.0.48
P0 declares empty
[P1] discards 1 via select (candidates matched by reference)
P0 plays Forest
P0 declares empty
[P0] retry: dropped stale iid Y37E4T.0.82
[P1] discards 1 via select (candidates matched by reference)
P0 plays Forest
P0 declares empty
[P0] retry: dropped stale iid Y37E4T.0.116
[P1] discards 1 via select (candidates matched by reference)
P0 plays Forest
=== stage -> EXPLOIT1 ===
P0 declares empty
[P0] exported pre.json
[P0] EXPLOIT1: casts Sprout Swarm
[P0] OptionalCostChoice (stage EXPLOIT1)
[P0] buyback -> pay (flags=[('pay', 'true')])
[P0] tapped Llanowar Elves (oid 22) for convoke (Green)
exported mid_exploit1_tapped.json
[P0] EXPLOIT1: CancelCast at ManaPayment (dismiss analog)
exported post_cancel1.json
[P0] cancel1: CancelCast not offered after cancel
=== stage -> EXPLOIT2 ===
[P1] discards 1 via select (candidates matched by reference)
[P0] EXPLOIT2: casts Sprout Swarm
[P0] OptionalCostChoice (stage EXPLOIT2)
[P0] buyback -> pay (flags=[('pay', 'true')])
[P0] tapped Llanowar Elves (oid 22) for convoke (Green)
exported mid_exploit2_tapped.json
[P0] EXPLOIT2: CancelCast at ManaPayment (dismiss analog)
exported post_cancel2.json
[P0] cancel2: CancelCast not offered after cancel
=== stage -> VARIANT ===
P0 declares empty
[P0] VARIANT: casts Sprout Swarm
[P0] OptionalCostChoice (stage VARIANT)
[P0] VARIANT: CancelCast at OptionalCostChoice
exported post_cancel3.json
[P0] cancel3: CancelCast not offered after cancel
=== stage -> CONTROL ===
[P1] discards 1 via select (candidates matched by reference)
P0 plays Forest
[P0] CONTROL: casts Sprout Swarm
[P0] OptionalCostChoice (stage CONTROL)
[P0] buyback -> pay (flags=[('pay', 'true')])
[P0] tapped Llanowar Elves (oid 22) for convoke (Green)
exported post_resolve.json
CONTROL resolved; finishing
A1_setup_ok: passed
A2_buyback_prompted: passed
A3_convoke_tapped: passed
A4_cast_aborted: passed
A5_no_token: passed
A6_cancel_idempotent: passed
A7_loop_no_advantage: passed
A8_dismiss_at_buyback: passed
A9_control_completes: passed
WF sequence: ['MulliganDecision', 'Priority', 'DiscardToHandSize', 'Priority', 'DeclareAttackers', 'Priority', 'DiscardToHandSize', 'Priority', 'DeclareAttackers', 'Priority', 'DiscardToHandSize', 'Priority', 'DeclareAttackers', 'Priority', 'DiscardToHandSize', 'Priority', 'DeclareAttackers', 'Priority', 'DiscardToHandSize', 'Priority', 'DeclareAttackers', 'Priority', 'OptionalCostChoice', 'ManaPayment', 'Priority', 'DiscardToHandSize', 'Priority', 'OptionalCostChoice', 'ManaPayment', 'Priority', 'DeclareAttackers', 'Priority', 'OptionalCostChoice', 'Priority', 'DiscardToHandSize', 'Priority', 'OptionalCostChoice', 'ManaPayment', 'Priority']
