[23:22:45] server identity hashes verified against the v0.103.0 pin
[23:22:48] ServerHello: version=0.103.0 build=ec27a8d protocol=106 mode=Full
[23:22:48] data-level: static0_parses=True static1_parses=True
[23:22:48] P0 creating game (default Bo1, 2 seats)...
[23:22:48] P1 joining...
[23:22:48] game W7MRMN; P0 seat=0 P1 seat=1
[23:22:49] [P0] mulligan -> Keep (hand=['revitalize', 'swamp', 'plains', 'swamp', 'revitalize', 'swamp', 'revitalize'])
[23:22:49] [P1] mulligan -> Keep (hand=['forest', 'forest', 'forest', 'forest', 'forest', 'forest', 'forest'])
[23:22:49] DIAG turn=1 active=1 phase=Untap pp=1 P0untapped=0 P0life=20 elenda=None P/T=None/None menace=None rev_casts=0 pre=False mid1=False post=False stack=0
[23:22:49] P0 life = 20
[23:22:49] [P1] playing land forest
[23:22:53] [P0] playing land swamp
[23:22:57] [P1] playing land forest
[23:23:01] [P0] playing land plains
[23:23:05] [P1] playing land forest
[23:23:09] [P0] playing land swamp
[23:23:13] [P1] playing land forest
[23:23:17] [P0] playing land swamp
[23:23:23] [P1] playing land forest
[23:23:27] [P0] playing land swamp
[23:23:31] [P1] playing land forest
[23:23:35] [P0] playing land swamp
[23:23:39] [P1] playing land forest
[23:23:42] [P0] playing land swamp
[23:23:46] [P1] playing land forest
[23:23:49] DIAG turn=15 active=1 phase=End pp=0 P0untapped=7 P0life=20 elenda=None P/T=None/None menace=None rev_casts=0 pre=False mid1=False post=False stack=0
[23:23:50] [P0] playing land plains
[23:23:54] [P1] playing land forest
[23:23:59] [P0] playing land swamp
[23:24:03] [P1] playing land forest
[23:24:07] [P0] playing land swamp
[23:24:11] [P1] playing land forest
[23:24:14] [P0] playing land plains
[23:24:18] [P1] playing land forest
[23:24:22] [P0] playing land swamp
[23:24:26] [P1] playing land forest
[23:24:30] [P0] playing land swamp
[23:24:37] [P1] playing land forest
[23:24:41] [P0] playing land swamp
[23:24:44] [P1] playing land forest
[23:24:48] [P0] playing land plains
[23:24:49] DIAG turn=30 active=0 phase=BeginCombat pp=0 P0untapped=15 P0life=20 elenda=None P/T=None/None menace=None rev_casts=0 pre=False mid1=False post=False stack=0
[23:24:52] [P1] playing land forest
[23:24:56] [P0] playing land swamp
[23:25:00] [P1] playing land forest
[23:25:04] [P0] playing land swamp
[23:25:08] [P1] playing land forest
[23:25:12] [P0] playing land plains
[23:25:16] [P1] playing land forest
[23:25:19] [P0] playing land plains
[23:25:23] [P1] playing land forest
[23:25:27] [P0] casting Elenda, Saint of Dusk (engine Auto payment)
[23:25:28] Elenda on BF: oid=10
[23:25:28] exported pre.json
[23:25:28] PRE exported: Elenda on BF at life 20
[23:25:28] [P0] casting Revitalize #1 (engine Auto payment)
[23:25:29] P0 life = 23
[23:25:29] [P0] playing land plains
[23:25:32] [P1] playing land forest
[23:25:36] [P0] playing land plains
[23:25:37] exported mid1.json
[23:25:37] MID1 exported: life 23
[23:25:37] [P0] casting Revitalize #2 (engine Auto payment)
[23:25:37] [P0] casting Revitalize #3 (engine Auto payment)
[23:25:37] [P0] casting Revitalize #4 (engine Auto payment)
[23:25:38] [P0] casting Revitalize #5 (engine Auto payment)
[23:25:38] [P0] casting Revitalize #6 (engine Auto payment)
[23:25:38] [P0] casting Revitalize #7 (engine Auto payment)
[23:25:39] P0 life = 26
[23:25:39] P0 life = 29
[23:25:40] P0 life = 32
[23:25:40] P0 life = 35
[23:25:41] P0 life = 38
[23:25:41] P0 life = 41
[23:25:42] [P0] declare no attackers
[23:25:45] [P1] playing land forest
[23:25:49] DIAG turn=44 active=0 phase=Draw pp=1 P0untapped=21 P0life=41 elenda=10 P/T=10/10 menace=True rev_casts=7 pre=True mid1=True post=False stack=0
[23:25:49] [P0] playing land plains
[23:25:50] exported post.json
[23:25:50] POST exported; stopping
[23:25:50] loop ended: stage=DONE elapsed=182s
[23:25:50] A1_setup_ok: passed
[23:25:50] A2_parse: passed
[23:25:50] A3_gain_23: passed
[23:25:50] A4_below_threshold: passed
[23:25:50] A5_mid_threshold: passed
[23:25:50] A6_at_threshold: passed
[23:25:50] A7_cleanup: passed
[23:25:50] verdict=not-reproduced
[23:25:50] wrote run.json verdict=not-reproduced
[23:25:50] copied scenario_6950_01030.py into EVDIR
[23:25:50] copied server.log into EVDIR
[23:25:50] wrote summary.png
[23:25:50] wrote manifest.sha256 (12 files)
