[16:15:03] starting issue #4345 run run-4345-reval-v01060-20261010-1611
[16:15:03] ServerHello: version=0.106.0 build=29e0db3 protocol=126 mode=Full
[16:15:06] parse_evidence.json written (Ghostly Prison parse captured)
[16:15:08] game 59VC15 P0seat=0 P1seat=1
[16:15:08] [P0] keep 7: ['forest', 'forest', 'forest', 'grizzly bears', 'forest', 'forest', 'forest']
[16:15:08] [P1] keep 7: ['plains', 'plains', 'plains', 'plains', 'plains', 'ghostly prison', 'plains']
[16:15:08] DIAG turn=1 active=0 phase=Untap decline_mode=False P0bears=0 P1prison=False life1=20 taxwaits=0 vikind='mulligan'
[16:15:08] [P0] vi choose (pass): choice=59VC15.0.4.c0 action=passPriority obj=None
[16:15:09] [P1] vi choose (pass): choice=59VC15.0.5.c0 action=passPriority obj=None
[16:15:09] [P0] vi choose (play forest): choice=59VC15.0.6.c1 action=playLand obj=forest
[16:15:09] [P0] vi choose (pass): choice=59VC15.0.7.c0 action=passPriority obj=None
[16:15:09] [P1] vi choose (pass): choice=59VC15.0.8.c0 action=passPriority obj=None
[16:15:09] [P0] vi choose (pass): choice=59VC15.0.9.c0 action=passPriority obj=None
[16:15:09] [P1] vi choose (pass): choice=59VC15.0.10.c0 action=passPriority obj=None
[16:15:10] [P0] vi choose (pass): choice=59VC15.0.11.c0 action=passPriority obj=None
[16:15:10] [P1] vi choose (pass): choice=59VC15.0.12.c0 action=passPriority obj=None
[16:15:10] [P0] vi choose (pass): choice=59VC15.0.13.c0 action=passPriority obj=None
[16:15:10] [P1] vi choose (pass): choice=59VC15.0.14.c0 action=passPriority obj=None
[16:15:10] [P0] vi choose (pass): choice=59VC15.0.15.c0 action=passPriority obj=None
[16:15:10] [P1] vi choose (pass): choice=59VC15.0.16.c0 action=passPriority obj=None
[16:15:10] [P1] vi choose (pass): choice=59VC15.0.17.c0 action=passPriority obj=None
[16:15:11] [P0] vi choose (pass): choice=59VC15.0.18.c0 action=passPriority obj=None
[16:15:11] [P1] vi choose (pass): choice=59VC15.0.19.c0 action=passPriority obj=None
[16:15:11] [P0] vi choose (pass): choice=59VC15.0.20.c0 action=passPriority obj=None
[16:15:11] [P1] discarding 1 to hand size
[16:15:11] [P1] vi choose (pass): choice=59VC15.0.22.c0 action=passPriority obj=None
[16:15:12] [P0] vi choose (pass): choice=59VC15.0.23.c0 action=passPriority obj=None
[16:15:12] [P1] vi choose (pass): choice=59VC15.0.24.c0 action=passPriority obj=None
[16:15:12] [P0] vi choose (pass): choice=59VC15.0.25.c0 action=passPriority obj=None
[16:15:12] [P1] vi choose (pass): choice=59VC15.0.26.c0 action=passPriority obj=None
[16:15:12] [P0] vi choose (pass): choice=59VC15.0.27.c0 action=passPriority obj=None
[16:15:12] [P1] vi choose (pass): choice=59VC15.0.28.c0 action=passPriority obj=None
[16:15:12] [P0] vi choose (pass): choice=59VC15.0.29.c0 action=passPriority obj=None
[16:15:13] [P1] vi choose (pass): choice=59VC15.0.30.c0 action=passPriority obj=None
[16:15:13] [P0] vi choose (pass): choice=59VC15.0.31.c0 action=passPriority obj=None
[16:15:13] [P0] vi choose (pass): choice=59VC15.0.32.c0 action=passPriority obj=None
[16:15:13] [P1] vi choose (pass): choice=59VC15.0.33.c0 action=passPriority obj=None
[16:15:13] [P0] vi choose (pass): choice=59VC15.0.34.c0 action=passPriority obj=None
[16:15:13] [P1] vi choose (pass): choice=59VC15.0.35.c0 action=passPriority obj=None
[16:15:14] [P0] vi choose (play forest): choice=59VC15.0.36.c1 action=playLand obj=forest
[16:15:14] [P0] vi choose (cast grizzly bears): choice=59VC15.0.37.c1 action=castSpell obj=grizzly bears
[16:15:14] [P0] vi choose (pass): choice=59VC15.0.38.c0 action=passPriority obj=None
[16:15:14] [P1] vi choose (pass): choice=59VC15.0.39.c0 action=passPriority obj=None
[16:15:14] [P0] vi choose (pass): choice=59VC15.0.40.c0 action=passPriority obj=None
[16:15:14] [P1] vi choose (pass): choice=59VC15.0.41.c0 action=passPriority obj=None
[16:15:14] [P0] vi choose (pass): choice=59VC15.0.42.c0 action=passPriority obj=None
[16:15:15] [P1] vi choose (pass): choice=59VC15.0.43.c0 action=passPriority obj=None
[16:15:15] [P0] vi choose (pass): choice=59VC15.0.44.c0 action=passPriority obj=None
[16:15:15] [P1] vi choose (pass): choice=59VC15.0.45.c0 action=passPriority obj=None
[16:15:15] [P0] vi choose (pass): choice=59VC15.0.46.c0 action=passPriority obj=None
[16:15:15] [P1] vi choose (pass): choice=59VC15.0.47.c0 action=passPriority obj=None
[16:15:15] [P0] vi choose (pass): choice=59VC15.0.48.c0 action=passPriority obj=None
[16:15:16] [P1] vi choose (pass): choice=59VC15.0.49.c0 action=passPriority obj=None
[16:15:16] [P1] vi choose (pass): choice=59VC15.0.50.c0 action=passPriority obj=None
[16:15:16] [P0] vi choose (pass): choice=59VC15.0.51.c0 action=passPriority obj=None
[16:15:16] [P1] vi choose (pass): choice=59VC15.0.52.c0 action=passPriority obj=None
[16:15:16] [P0] vi choose (pass): choice=59VC15.0.53.c0 action=passPriority obj=None
[16:15:16] [P1] discarding 1 to hand size
[16:15:17] [P1] vi choose (pass): choice=59VC15.0.55.c0 action=passPriority obj=None
[16:15:17] [P0] vi choose (pass): choice=59VC15.0.56.c0 action=passPriority obj=None
[16:15:17] [P1] vi choose (pass): choice=59VC15.0.57.c0 action=passPriority obj=None
[16:15:17] [P0] vi choose (pass): choice=59VC15.0.58.c0 action=passPriority obj=None
[16:15:17] [P1] vi choose (pass): choice=59VC15.0.59.c0 action=passPriority obj=None
[16:15:17] [P0] vi choose (pass): choice=59VC15.0.60.c0 action=passPriority obj=None
[16:15:18] [P1] vi choose (pass): choice=59VC15.0.61.c0 action=passPriority obj=None
[16:15:18] [P0] vi choose (pass): choice=59VC15.0.62.c0 action=passPriority obj=None
[16:15:18] [P1] vi choose (pass): choice=59VC15.0.63.c0 action=passPriority obj=None
[16:15:18] [P0] vi choose (pass): choice=59VC15.0.64.c0 action=passPriority obj=None
[16:15:18] [P0] vi choose (pass): choice=59VC15.0.65.c0 action=passPriority obj=None
[16:15:18] [P1] vi choose (pass): choice=59VC15.0.66.c0 action=passPriority obj=None
[16:15:18] [P0] vi choose (pass): choice=59VC15.0.67.c0 action=passPriority obj=None
[16:15:19] [P1] vi choose (pass): choice=59VC15.0.68.c0 action=passPriority obj=None
[16:15:19] [P0] vi choose (cast grizzly bears): choice=59VC15.0.69.c6 action=castSpell obj=grizzly bears
[16:15:19] [P0] vi choose (pass): choice=59VC15.0.70.c0 action=passPriority obj=None
[16:15:19] [P1] vi choose (pass): choice=59VC15.0.71.c0 action=passPriority obj=None
[16:15:19] [P0] vi choose (play forest): choice=59VC15.0.72.c1 action=playLand obj=forest
[16:15:19] [P0] vi choose (pass): choice=59VC15.0.73.c0 action=passPriority obj=None
[16:15:20] [P1] vi choose (pass): choice=59VC15.0.74.c0 action=passPriority obj=None
[16:15:20] [P0] vi choose (pass): choice=59VC15.0.75.c0 action=passPriority obj=None
[16:15:20] [P1] vi choose (pass): choice=59VC15.0.76.c0 action=passPriority obj=None
[16:15:20] [P0] declares no attackers (prison=False ready=1 mana_ok=False decline_mode=False)
[16:15:20] [P0] vi choose (pass): choice=59VC15.0.78.c0 action=passPriority obj=None
[16:15:20] [P1] vi choose (pass): choice=59VC15.0.79.c0 action=passPriority obj=None
[16:15:20] [P0] vi choose (pass): choice=59VC15.0.80.c0 action=passPriority obj=None
[16:15:21] [P1] vi choose (pass): choice=59VC15.0.81.c0 action=passPriority obj=None
[16:15:21] [P0] vi choose (pass): choice=59VC15.0.82.c0 action=passPriority obj=None
[16:15:21] [P1] vi choose (pass): choice=59VC15.0.83.c0 action=passPriority obj=None
[16:15:21] [P1] vi choose (pass): choice=59VC15.0.84.c0 action=passPriority obj=None
[16:15:21] [P0] vi choose (pass): choice=59VC15.0.85.c0 action=passPriority obj=None
[16:15:21] [P1] vi choose (pass): choice=59VC15.0.86.c0 action=passPriority obj=None
[16:15:21] [P0] vi choose (pass): choice=59VC15.0.87.c0 action=passPriority obj=None
[16:15:22] [P1] discarding 1 to hand size
[16:15:22] [P1] vi choose (cast ghostly prison): choice=59VC15.0.89.c1 action=castSpell obj=ghostly prison
[16:15:22] [P1] vi choose (pass): choice=59VC15.0.90.c0 action=passPriority obj=None
[16:15:22] [P0] vi choose (pass): choice=59VC15.0.91.c0 action=passPriority obj=None
[16:15:22] [P1] vi choose (pass): choice=59VC15.0.92.c0 action=passPriority obj=None
[16:15:23] [P0] vi choose (pass): choice=59VC15.0.93.c0 action=passPriority obj=None
[16:15:23] [P1] vi choose (pass): choice=59VC15.0.94.c0 action=passPriority obj=None
[16:15:23] [P0] vi choose (pass): choice=59VC15.0.95.c0 action=passPriority obj=None
[16:15:23] [P1] vi choose (pass): choice=59VC15.0.96.c0 action=passPriority obj=None
[16:15:23] [P0] vi choose (pass): choice=59VC15.0.97.c0 action=passPriority obj=None
[16:15:23] [P1] vi choose (pass): choice=59VC15.0.98.c0 action=passPriority obj=None
[16:15:23] [P0] vi choose (pass): choice=59VC15.0.99.c0 action=passPriority obj=None
[16:15:24] [P1] vi choose (pass): choice=59VC15.0.100.c0 action=passPriority obj=None
[16:15:24] [P0] vi choose (pass): choice=59VC15.0.101.c0 action=passPriority obj=None
[16:15:24] [P0] vi choose (pass): choice=59VC15.0.102.c0 action=passPriority obj=None
[16:15:24] [P1] vi choose (pass): choice=59VC15.0.103.c0 action=passPriority obj=None
[16:15:24] [P0] vi choose (pass): choice=59VC15.0.104.c0 action=passPriority obj=None
[16:15:24] [P1] vi choose (pass): choice=59VC15.0.105.c0 action=passPriority obj=None
[16:15:25] [P0] vi choose (play forest): choice=59VC15.0.106.c1 action=playLand obj=forest
[16:15:25] [P0] vi choose (pass): choice=59VC15.0.107.c0 action=passPriority obj=None
[16:15:25] [P1] vi choose (pass): choice=59VC15.0.108.c0 action=passPriority obj=None
[16:15:25] [P0] vi choose (pass): choice=59VC15.0.109.c0 action=passPriority obj=None
[16:15:25] [P1] vi choose (pass): choice=59VC15.0.110.c0 action=passPriority obj=None
[16:15:25] [P0] declares attack: Bear 18 -> P1 (mode=pay)
[16:15:25] [P0] CombatTaxPayment wait (mode=pay): avail=2 pay_offered=True decline_offered=True
[16:15:25] [P0] dumped tax_decision_dump.json
[16:15:26] [P0] exported mid_tax.json (first tax wait, pre-answer)
[16:15:26] [P0] exported pre.json (first taxed DeclareAttackers; P1 life 20)
[16:15:26] [P0] vi choose (tax pay): choice=59VC15.0.112.c1 action=payCombatTax obj=None
[16:15:26] [P0] vi choose (pass): choice=59VC15.0.113.c0 action=passPriority obj=None
[16:15:26] [P1] vi choose (pass): choice=59VC15.0.114.c0 action=passPriority obj=None
[16:15:26] [P0] vi choose (pass): choice=59VC15.0.115.c0 action=passPriority obj=None
[16:15:26] [P1] vi choose (pass): choice=59VC15.0.116.c0 action=passPriority obj=None
[16:15:26] [P0] vi choose (pass): choice=59VC15.0.117.c0 action=passPriority obj=None
[16:15:26] switched to DECLINE mode
[16:15:26] [P1] vi choose (pass): choice=59VC15.0.118.c0 action=passPriority obj=None
[16:15:27] [P0] vi choose (pass): choice=59VC15.0.119.c0 action=passPriority obj=None
[16:15:27] [P1] vi choose (pass): choice=59VC15.0.120.c0 action=passPriority obj=None
[16:15:27] [P0] vi choose (pass): choice=59VC15.0.121.c0 action=passPriority obj=None
[16:15:27] [P1] vi choose (pass): choice=59VC15.0.122.c0 action=passPriority obj=None
[16:15:27] [P0] vi choose (pass): choice=59VC15.0.123.c0 action=passPriority obj=None
[16:15:27] [P1] vi choose (pass): choice=59VC15.0.124.c0 action=passPriority obj=None
[16:15:28] [P1] vi choose (pass): choice=59VC15.0.125.c0 action=passPriority obj=None
[16:15:28] [P0] vi choose (pass): choice=59VC15.0.126.c0 action=passPriority obj=None
[16:15:28] [P1] vi choose (pass): choice=59VC15.0.127.c0 action=passPriority obj=None
[16:15:28] [P0] vi choose (pass): choice=59VC15.0.128.c0 action=passPriority obj=None
[16:15:28] [P1] vi choose (play plains): choice=59VC15.0.129.c1 action=playLand obj=plains
[16:15:28] [P1] vi choose (pass): choice=59VC15.0.130.c0 action=passPriority obj=None
[16:15:29] [P0] vi choose (pass): choice=59VC15.0.131.c0 action=passPriority obj=None
[16:15:29] [P1] vi choose (pass): choice=59VC15.0.132.c0 action=passPriority obj=None
[16:15:29] [P0] vi choose (pass): choice=59VC15.0.133.c0 action=passPriority obj=None
[16:15:29] [P1] vi choose (pass): choice=59VC15.0.134.c0 action=passPriority obj=None
[16:15:29] [P0] vi choose (pass): choice=59VC15.0.135.c0 action=passPriority obj=None
[16:15:29] [P1] vi choose (pass): choice=59VC15.0.136.c0 action=passPriority obj=None
[16:15:30] [P0] vi choose (pass): choice=59VC15.0.137.c0 action=passPriority obj=None
[16:15:30] [P1] vi choose (pass): choice=59VC15.0.138.c0 action=passPriority obj=None
[16:15:30] [P0] vi choose (pass): choice=59VC15.0.139.c0 action=passPriority obj=None
[16:15:30] [P0] vi choose (pass): choice=59VC15.0.140.c0 action=passPriority obj=None
[16:15:30] [P1] vi choose (pass): choice=59VC15.0.141.c0 action=passPriority obj=None
[16:15:30] [P0] vi choose (pass): choice=59VC15.0.142.c0 action=passPriority obj=None
[16:15:30] [P1] vi choose (pass): choice=59VC15.0.143.c0 action=passPriority obj=None
[16:15:31] [P0] vi choose (play forest): choice=59VC15.0.144.c1 action=playLand obj=forest
[16:15:31] [P0] vi choose (pass): choice=59VC15.0.145.c0 action=passPriority obj=None
[16:15:31] [P1] vi choose (pass): choice=59VC15.0.146.c0 action=passPriority obj=None
[16:15:31] [P0] vi choose (pass): choice=59VC15.0.147.c0 action=passPriority obj=None
[16:15:31] [P1] vi choose (pass): choice=59VC15.0.148.c0 action=passPriority obj=None
[16:15:31] [P0] declares attack: Bear 18 -> P1 (mode=decline)
[16:15:31] [P0] CombatTaxPayment wait (mode=decline): avail=2 pay_offered=True decline_offered=True
[16:15:31] [P0] vi choose (tax decline): choice=59VC15.0.150.c0 action=payCombatTax obj=None
[16:15:32] [P0] declares no attackers (prison=True ready=2 mana_ok=True decline_mode=True)
[16:15:32] [P0] vi choose (pass): choice=59VC15.0.152.c0 action=passPriority obj=None
[16:15:32] [P1] vi choose (pass): choice=59VC15.0.153.c0 action=passPriority obj=None
[16:15:32] [P0] vi choose (pass): choice=59VC15.0.154.c0 action=passPriority obj=None
[16:15:32] exported post.json (P1 life 18)
[16:15:32] done flag set; finishing
[16:15:32] game finished ok=True decline_mode=True
[16:15:32] server excerpts: 316 game-code lines, 0 CastSpell-applied lines
[16:15:32] rendered summary.png
