game L06JDQ; P0 seat=0 P1 seat=1
P0 keeps (tempest=True, lands=6)
P1 keeps (tempest=n/a, lands=7)
DIAG turn=1 active=1 phase=Untap wf=MulliganDecision pp=1 P0hand=['mountain', 'mountain', 'mountain', 'mountain', 'mountain', 'fateful tempest', 'mountain'] P0lands=0 life=20/20 stack=0 cast=False vote=False pre=False post=False
[P1] interaction rtype=exactChoices vote_like=False choices=[]
P0 discards to hand size: ?
[P0] interaction rtype=exactChoices vote_like=False choices=[]
[P1] interaction rtype=exactChoices vote_like=False choices=[ // Mountain // Mountain // Mountain // Mountain // Mountain // Mountain // Mountain]
[P1] interaction rtype=exactChoices vote_like=False choices=[ // Mountain]
P0 discards to hand size: ?
P0 discards to hand size: ?
P0 discards to hand size: ?
P0 discards to hand size: ?
P0 discards to hand size: ?
P0 discards to hand size: ?
P0 discards to hand size: ?
P0 discards to hand size: ?
[P0] interaction rtype=exactChoices vote_like=False choices=[ // Mountain // Mountain // Mountain // Mountain // Mountain // Mountain]
P0 discards to hand size: ?
[P0] interaction rtype=exactChoices vote_like=False choices=[ // Mountain]
P0 discards to hand size: ?
P0 discards to hand size: ?
DIAG turn=2 active=0 phase=EndCombat wf=Priority pp=0 P0hand=['mountain', 'mountain', 'mountain', 'mountain', 'fateful tempest', 'mountain', 'fateful tempest'] P0lands=1 life=20/20 stack=0 cast=False vote=False pre=False post=False
P0 discards to hand size: ?
P0 discards to hand size: ?
P0 discards to hand size: ?
P0 discards to hand size: ?
[P1] interaction rtype=exactChoices vote_like=False choices=[ // Mountain // Mountain]
P0 discards to hand size: ?
P0 discards to hand size: ?
P0 discards to hand size: ?
P0 discards to hand size: ?
P0 discards to hand size: ?
P0 discards to hand size: ?
P0 discards to hand size: ?
DIAG turn=4 active=0 phase=Draw wf=Priority pp=0 P0hand=['mountain', 'mountain', 'mountain', 'mountain', 'fateful tempest', 'mountain', 'fateful tempest', 'fateful tempest'] P0lands=1 life=20/20 stack=0 cast=False vote=False pre=False post=False
P0 discards to hand size: ?
P0 discards to hand size: ?
[P0] interaction rtype=exactChoices vote_like=False choices=[ // Mountain // Mountain]
P0 discards to hand size: ?
P0 discards to hand size: ?
P0 discards to hand size: ?
P0 discards to hand size: ?
P0 discards to hand size: ?
P0 discards to hand size: ?
[P1] interaction rtype=exactChoices vote_like=False choices=[ // Mountain // Mountain // Mountain]
P0 discards to hand size: ?
P0 discards to hand size: ?
P0 discards to hand size: ?
DIAG turn=5 active=1 phase=EndCombat wf=Priority pp=0 P0hand=['mountain', 'mountain', 'mountain', 'mountain', 'fateful tempest', 'fateful tempest', 'fateful tempest'] P0lands=2 life=20/20 stack=0 cast=False vote=False pre=False post=False
P0 discards to hand size: ?
P0 discards to hand size: ?
P0 discards to hand size: ?
P0 discards to hand size: ?
P0 discards to hand size: ?
[P0] interaction rtype=exactChoices vote_like=False choices=[ // Mountain // Mountain // Mountain // Mountain // Mountain // Mountain // Mountain]
P0 discards to hand size: ?
[P0] interaction rtype=exactChoices vote_like=False choices=[ // Fateful Tempest // Fateful Tempest // Fateful Tempest // Fateful Tempest // Fateful Tempest // Fateful Tempest // Mountain // Mountain // Mountain]
P0 main phase: exporting PRE, then casting Fateful Tempest
P0 casts Fateful Tempest (turn 6, oid 29)
P0 discards to hand size: ?
P0 discards to hand size: ?
P0 discards to hand size: ?
Tempest resolved; exporting POST
exported POST
post exported; finishing
milled=[] mv_sum=0 dmg_p1=0 exiled=[]
