[16:18:05] ServerHello: version=0.104.0 build=4227122 protocol=118 mode=Full
[16:18:05] data-level check: ok=True notes=[]
[16:18:05] ===== GAME A: banefire {X}{R} (X=0) =====
[16:18:07] [A] game JLQ0HA; P0 seat=0 P1 seat=1
[16:18:07] [P0A] keep 7: ['memnite', 'memnite', 'mountain', 'memnite', 'banefire', 'krark-clan ironworks', 'mountain']
[16:18:07] [P1A] keep 7: ['forest', 'forest', 'forest', 'forest', 'forest', 'forest', 'forest']
[16:18:08] [P0A] playing land mountain
[16:18:08] [A] P0 casts memnite (oid 45) needs={'generic': 0}
[16:18:11] [P1A] NOTE: hand=8>7 but vi kind code='choose'; vi_ops=1; trying SelectCards fallback
[16:18:11] [P1A] NOTE: hand=8>7 but vi kind code='choose'; vi_ops=0; trying SelectCards fallback
[16:18:12] [P1A] NOTE: hand=8>7 but vi kind code='choose'; vi_ops=1; trying SelectCards fallback
[16:18:12] [P1A] playing land forest
[16:18:12] [P1A] tap land for mana used_for=any
[16:18:12] [P1A] submitting interaction iid=JLQ0HA.0.25 choice=JLQ0HA.0.25.c1 (Forest)
[16:18:14] [P0A] playing land mountain
[16:18:17] [P1A] tap land for mana used_for=any
[16:18:17] [P1A] submitting interaction iid=JLQ0HA.0.52 choice=JLQ0HA.0.52.c1 (Forest)
[16:18:17] [P1A] NOTE: hand=8>7 but vi kind code='choose'; vi_ops=1; trying SelectCards fallback
[16:18:17] [P1A] NOTE: hand=8>7 but vi kind code='choose'; vi_ops=0; trying SelectCards fallback
[16:18:18] [P1A] NOTE: hand=8>7 but vi kind code='choose'; vi_ops=1; trying SelectCards fallback
[16:18:18] [P1A] playing land forest
[16:18:18] [P1A] tap land for mana used_for=any
[16:18:18] [P1A] submitting interaction iid=JLQ0HA.0.58 choice=JLQ0HA.0.58.c1 (Forest)
[16:18:21] [P0A] playing land mountain
[16:18:24] [P1A] tap land for mana used_for=any
[16:18:24] [P1A] submitting interaction iid=JLQ0HA.0.85 choice=JLQ0HA.0.85.c1 (Forest)
[16:18:25] [P1A] tap land for mana used_for=any
[16:18:25] [P1A] submitting interaction iid=JLQ0HA.0.86 choice=JLQ0HA.0.86.c1 (Forest)
[16:18:25] [P1A] NOTE: hand=8>7 but vi kind code='choose'; vi_ops=1; trying SelectCards fallback
[16:18:25] [P1A] NOTE: hand=8>7 but vi kind code='choose'; vi_ops=0; trying SelectCards fallback
[16:18:26] [P1A] NOTE: hand=8>7 but vi kind code='choose'; vi_ops=1; trying SelectCards fallback
[16:18:26] [P1A] playing land forest
[16:18:26] [P1A] tap land for mana used_for=any
[16:18:26] [P1A] submitting interaction iid=JLQ0HA.0.92 choice=JLQ0HA.0.92.c1 (Forest)
[16:18:30] [P1A] tap land for mana used_for=any
[16:18:30] [P1A] submitting interaction iid=JLQ0HA.0.118 choice=JLQ0HA.0.118.c1 (Forest)
[16:18:30] [P1A] tap land for mana used_for=any
[16:18:30] [P1A] submitting interaction iid=JLQ0HA.0.119 choice=JLQ0HA.0.119.c1 (Forest)
[16:18:30] [P1A] tap land for mana used_for=any
[16:18:30] [P1A] submitting interaction iid=JLQ0HA.0.120 choice=JLQ0HA.0.120.c1 (Forest)
[16:18:31] [P1A] NOTE: hand=8>7 but vi kind code='choose'; vi_ops=1; trying SelectCards fallback
[16:18:32] [P1A] NOTE: hand=8>7 but vi kind code='choose'; vi_ops=0; trying SelectCards fallback
[16:18:32] [P1A] NOTE: hand=8>7 but vi kind code='choose'; vi_ops=1; trying SelectCards fallback
[16:18:32] [P1A] playing land forest
[16:18:32] [P1A] tap land for mana used_for=any
[16:18:32] [P1A] submitting interaction iid=JLQ0HA.0.126 choice=JLQ0HA.0.126.c1 (Forest)
[16:18:34] [P0A] playing land mountain
[16:18:34] [A] P0 casts krark-clan ironworks (oid 25) needs={'generic': 4}
[16:18:37] [P1A] tap land for mana used_for=any
[16:18:37] [P1A] submitting interaction iid=JLQ0HA.0.156 choice=JLQ0HA.0.156.c1 (Forest)
[16:18:37] [P1A] tap land for mana used_for=any
[16:18:37] [P1A] submitting interaction iid=JLQ0HA.0.157 choice=JLQ0HA.0.157.c1 (Forest)
[16:18:37] [P1A] tap land for mana used_for=any
[16:18:37] [P1A] submitting interaction iid=JLQ0HA.0.158 choice=JLQ0HA.0.158.c1 (Forest)
[16:18:38] [P1A] tap land for mana used_for=any
[16:18:38] [P1A] submitting interaction iid=JLQ0HA.0.159 choice=JLQ0HA.0.159.c1 (Forest)
[16:18:38] [P1A] NOTE: hand=8>7 but vi kind code='choose'; vi_ops=1; trying SelectCards fallback
[16:18:38] [P1A] NOTE: hand=8>7 but vi kind code='choose'; vi_ops=0; trying SelectCards fallback
[16:18:38] [P1A] NOTE: hand=8>7 but vi kind code='choose'; vi_ops=1; trying SelectCards fallback
[16:18:38] [P1A] playing land forest
[16:18:39] [P1A] tap land for mana used_for=any
[16:18:39] [P1A] submitting interaction iid=JLQ0HA.0.165 choice=JLQ0HA.0.165.c1 (Forest)
[16:18:40] [A] tap land for mana used_for=generic
[16:18:40] [A] submitting interaction iid=JLQ0HA.0.176 choice=JLQ0HA.0.176.c2 (Mountain)
[16:18:40] [A] tap land for mana used_for=generic
[16:18:40] [A] submitting interaction iid=JLQ0HA.0.177 choice=JLQ0HA.0.177.c2 (Mountain)
[16:18:41] [A] tap land for mana used_for=generic
[16:18:41] [A] submitting interaction iid=JLQ0HA.0.178 choice=JLQ0HA.0.178.c2 (Mountain)
[16:18:41] [A] tap land for mana used_for=generic
[16:18:41] [A] submitting interaction iid=JLQ0HA.0.179 choice=JLQ0HA.0.179.c2 (Mountain)
[16:18:43] [P1A] tap land for mana used_for=any
[16:18:43] [P1A] submitting interaction iid=JLQ0HA.0.195 choice=JLQ0HA.0.195.c1 (Forest)
[16:18:43] [P1A] tap land for mana used_for=any
[16:18:43] [P1A] submitting interaction iid=JLQ0HA.0.196 choice=JLQ0HA.0.196.c1 (Forest)
[16:18:43] [P1A] tap land for mana used_for=any
[16:18:43] [P1A] submitting interaction iid=JLQ0HA.0.197 choice=JLQ0HA.0.197.c1 (Forest)
[16:18:44] [P1A] tap land for mana used_for=any
[16:18:44] [P1A] submitting interaction iid=JLQ0HA.0.198 choice=JLQ0HA.0.198.c1 (Forest)
[16:18:44] [P1A] tap land for mana used_for=any
[16:18:44] [P1A] submitting interaction iid=JLQ0HA.0.199 choice=JLQ0HA.0.199.c1 (Forest)
[16:18:44] [P1A] NOTE: hand=8>7 but vi kind code='choose'; vi_ops=1; trying SelectCards fallback
[16:18:44] [P1A] NOTE: hand=8>7 but vi kind code='choose'; vi_ops=0; trying SelectCards fallback
[16:18:45] [P1A] NOTE: hand=8>7 but vi kind code='choose'; vi_ops=1; trying SelectCards fallback
[16:18:45] [P1A] playing land forest
[16:18:45] [P1A] tap land for mana used_for=any
[16:18:45] [P1A] submitting interaction iid=JLQ0HA.0.205 choice=JLQ0HA.0.205.c1 (Forest)
[16:18:48] [A] P0 casts krark-clan ironworks (oid 3) needs={'generic': 4}
[16:18:49] [A] setup complete -> assert phase
[16:18:49] [A] exported pre_A.json
[16:18:49] [A] PRE exported; setup ready (turn 13)
[16:18:51] [P1A] tap land for mana used_for=any
[16:18:51] [P1A] submitting interaction iid=JLQ0HA.0.234 choice=JLQ0HA.0.234.c1 (Forest)
[16:18:51] [P1A] tap land for mana used_for=any
[16:18:51] [P1A] submitting interaction iid=JLQ0HA.0.235 choice=JLQ0HA.0.235.c1 (Forest)
[16:18:51] [P1A] tap land for mana used_for=any
[16:18:51] [P1A] submitting interaction iid=JLQ0HA.0.236 choice=JLQ0HA.0.236.c1 (Forest)
[16:18:51] [P1A] tap land for mana used_for=any
[16:18:51] [P1A] submitting interaction iid=JLQ0HA.0.237 choice=JLQ0HA.0.237.c1 (Forest)
[16:18:51] [P1A] tap land for mana used_for=any
[16:18:51] [P1A] submitting interaction iid=JLQ0HA.0.238 choice=JLQ0HA.0.238.c1 (Forest)
[16:18:51] [P1A] tap land for mana used_for=any
[16:18:51] [P1A] submitting interaction iid=JLQ0HA.0.239 choice=JLQ0HA.0.239.c1 (Forest)
[16:18:52] [P1A] NOTE: hand=8>7 but vi kind code='choose'; vi_ops=1; trying SelectCards fallback
[16:18:52] [P1A] NOTE: hand=8>7 but vi kind code='choose'; vi_ops=0; trying SelectCards fallback
[16:18:52] [P1A] NOTE: hand=8>7 but vi kind code='choose'; vi_ops=1; trying SelectCards fallback
[16:18:52] [P1A] playing land forest
[16:18:52] [P1A] tap land for mana used_for=any
[16:18:52] [P1A] submitting interaction iid=JLQ0HA.0.245 choice=JLQ0HA.0.245.c1 (Forest)
[16:18:54] [A] tap land for mana used_for=generic
[16:18:54] [A] submitting interaction iid=JLQ0HA.0.256 choice=JLQ0HA.0.256.c3 (Mountain)
[16:18:54] [A] tap land for mana used_for=generic
[16:18:54] [A] submitting interaction iid=JLQ0HA.0.257 choice=JLQ0HA.0.257.c3 (Mountain)
[16:18:54] [A] tap land for mana used_for=generic
[16:18:54] [A] submitting interaction iid=JLQ0HA.0.258 choice=JLQ0HA.0.258.c3 (Mountain)
[16:18:55] [A] tap land for mana used_for=generic
[16:18:55] [A] submitting interaction iid=JLQ0HA.0.259 choice=JLQ0HA.0.259.c3 (Mountain)
[16:18:55] [A] gate: CastSpell(banefire) offered_seen=False (obs=4)
[16:18:55] [A] -> act phase
[16:18:55] [A] cast step: CastSpell not offered; acts=['PassPriority', 'PlayLand', 'CastSpell', 'CastSpell', 'CastSpell', 'CastSpell', 'ActivateAbility', 'CastSpell', 'PlayLand', 'CastSpell']
[16:19:01] [A] cast step: CastSpell not offered; acts=['PassPriority', 'PlayLand', 'CastSpell', 'CastSpell', 'CastSpell', 'CastSpell', 'ActivateAbility', 'CastSpell', 'PlayLand', 'CastSpell']
[16:19:01] [A] cast step: CastSpell not offered; acts=['PassPriority', 'ActivateAbility', 'ActivateAbility']
[16:19:01] [A] cast step: CastSpell not offered; acts=['PassPriority', 'ActivateAbility', 'ActivateAbility']
[16:19:02] [A] cast step: CastSpell not offered; acts=['PassPriority', 'PlayLand', 'CastSpell', 'CastSpell', 'CastSpell', 'CastSpell', 'ActivateAbility', 'CastSpell', 'ActivateAbility', 'PlayLand']
[16:19:02] [A] cast step: CastSpell not offered; acts=['PassPriority', 'ActivateAbility', 'ActivateAbility']
[16:19:02] [P1A] tap land for mana used_for=any
[16:19:02] [P1A] submitting interaction iid=JLQ0HA.0.275 choice=JLQ0HA.0.275.c1 (Forest)
[16:19:02] [P1A] tap land for mana used_for=any
[16:19:02] [P1A] submitting interaction iid=JLQ0HA.0.276 choice=JLQ0HA.0.276.c1 (Forest)
[16:19:03] [P1A] tap land for mana used_for=any
[16:19:03] [P1A] submitting interaction iid=JLQ0HA.0.277 choice=JLQ0HA.0.277.c1 (Forest)
[16:19:03] [P1A] tap land for mana used_for=any
[16:19:03] [P1A] submitting interaction iid=JLQ0HA.0.278 choice=JLQ0HA.0.278.c1 (Forest)
[16:19:03] [P1A] tap land for mana used_for=any
[16:19:03] [P1A] submitting interaction iid=JLQ0HA.0.279 choice=JLQ0HA.0.279.c1 (Forest)
[16:19:03] [P1A] tap land for mana used_for=any
[16:19:03] [P1A] submitting interaction iid=JLQ0HA.0.280 choice=JLQ0HA.0.280.c1 (Forest)
[16:19:03] [P1A] tap land for mana used_for=any
[16:19:03] [P1A] submitting interaction iid=JLQ0HA.0.281 choice=JLQ0HA.0.281.c1 (Forest)
[16:19:03] [A] cast step: CastSpell not offered; acts=['PassPriority', 'ActivateAbility', 'ActivateAbility']
[16:19:04] [P1A] NOTE: hand=8>7 but vi kind code='choose'; vi_ops=1; trying SelectCards fallback
[16:19:04] [A] cast step: CastSpell not offered; acts=['PassPriority', 'ActivateAbility', 'ActivateAbility']
[16:19:04] [P1A] NOTE: hand=8>7 but vi kind code='choose'; vi_ops=0; trying SelectCards fallback
[16:19:04] [P1A] NOTE: hand=8>7 but vi kind code='choose'; vi_ops=1; trying SelectCards fallback
[16:19:04] [P1A] playing land forest
[16:19:04] [P1A] tap land for mana used_for=any
[16:19:04] [P1A] submitting interaction iid=JLQ0HA.0.287 choice=JLQ0HA.0.287.c1 (Forest)
[16:19:04] [A] cast step: CastSpell not offered; acts=['PassPriority', 'ActivateAbility', 'ActivateAbility']
[16:19:05] [A] cast step: CastSpell not offered; acts=['PassPriority', 'ActivateAbility', 'ActivateAbility']
[16:19:05] [A] cast step: CastSpell not offered; acts=['PassPriority', 'ActivateAbility', 'ActivateAbility']
[16:19:05] [A] cast step: CastSpell not offered; acts=['PassPriority', 'ActivateAbility', 'ActivateAbility']
[16:19:06] [A] cast step: CastSpell not offered; acts=['PassPriority', 'ActivateAbility', 'ActivateAbility']
[16:19:06] [A] cast step: CastSpell not offered; acts=['PassPriority', 'TapLandForMana', 'ActivateAbility', 'TapLandForMana', 'ActivateAbility', 'TapLandForMana', 'TapLandForMana']
[16:19:06] [P0A] NOTE: hand=8>7 but vi kind code='choose'; vi_ops=1; trying SelectCards fallback
[16:19:06] [A] cast step: CastSpell not offered; acts=['PassPriority', 'TapLandForMana', 'TapLandForMana', 'ActivateAbility', 'TapLandForMana', 'TapLandForMana', 'ActivateAbility']
[16:19:06] [P0A] NOTE: hand=8>7 but vi kind code='choose'; vi_ops=0; trying SelectCards fallback
[16:19:07] [P0A] NOTE: hand=8>7 but vi kind code='choose'; vi_ops=1; trying SelectCards fallback
[16:19:07] [A] casting banefire
[16:19:07] [P0A] NOTE: hand=8>7 but vi kind code='sequence'; vi_ops=1; trying SelectCards fallback
[16:19:07] [A] submitting interaction iid=JLQ0HA.0.303 choice=JLQ0HA.0.303.t1 ()
[16:19:07] [A] targeted P1 for banefire
[16:19:08] [P0A] NOTE: hand=8>7 but vi kind code='choose'; vi_ops=1; trying SelectCards fallback
[16:19:08] [A] X-choice offered: min=0 max=7 (turn 17, bf=[('krark-clan ironworks', 2), ('memnite', 1), ('mountain', 4)])
[16:19:08] [A] A2_x_cap_overcounted: max=7 vs bounded-flow acceptance 5 (mtn=4 kci=2 memnite=1); delta=+2 -> passed
[16:19:08] [A] submitting number X=0
[16:19:08] [A] chose X=0 for banefire
[16:19:09] [A] tap land for mana used_for=R
[16:19:09] [A] submitting interaction iid=JLQ0HA.0.305 choice=JLQ0HA.0.305.c3 (Mountain)
[16:19:10] [A] A3: cast Banefire (oid 21) resolved at X=0; P1 life=20 (want 20) -> passed
[16:19:10] [A] POST exported
[16:19:10] ===== GAME B: endless one {X} (X=3) =====
[16:19:11] [B] game E2YHOO; P0 seat=0 P1 seat=1
[16:19:11] [P0B] keep 7: ['mountain', 'krark-clan ironworks', 'krark-clan ironworks', 'memnite', 'phyrexian altar', 'mountain', 'endless one']
[16:19:11] [P1B] keep 7: ['forest', 'forest', 'forest', 'forest', 'forest', 'forest', 'forest']
[16:19:11] [P1B] playing land forest
[16:19:11] [P1B] tap land for mana used_for=any
[16:19:11] [P1B] submitting interaction iid=E2YHOO.0.7 choice=E2YHOO.0.7.c1 (Forest)
[16:19:15] [P0B] NOTE: hand=8>7 but vi kind code='choose'; vi_ops=1; trying SelectCards fallback
[16:19:15] [P0B] NOTE: hand=8>7 but vi kind code='choose'; vi_ops=0; trying SelectCards fallback
[16:19:15] [P0B] NOTE: hand=8>7 but vi kind code='choose'; vi_ops=1; trying SelectCards fallback
[16:19:15] [P0B] playing land mountain
[16:19:15] [B] P0 casts memnite (oid 25) needs={'generic': 0}
[16:19:18] [P1B] tap land for mana used_for=any
[16:19:18] [P1B] submitting interaction iid=E2YHOO.0.36 choice=E2YHOO.0.36.c1 (Forest)
[16:19:18] [P1B] playing land forest
[16:19:19] [P1B] tap land for mana used_for=any
[16:19:19] [P1B] submitting interaction iid=E2YHOO.0.42 choice=E2YHOO.0.42.c1 (Forest)
[16:19:21] [P0B] playing land mountain
[16:19:23] [P1B] tap land for mana used_for=any
[16:19:23] [P1B] submitting interaction iid=E2YHOO.0.69 choice=E2YHOO.0.69.c1 (Forest)
[16:19:23] [P1B] tap land for mana used_for=any
[16:19:23] [P1B] submitting interaction iid=E2YHOO.0.70 choice=E2YHOO.0.70.c1 (Forest)
[16:19:24] [P1B] playing land forest
[16:19:24] [P1B] tap land for mana used_for=any
[16:19:24] [P1B] submitting interaction iid=E2YHOO.0.76 choice=E2YHOO.0.76.c1 (Forest)
[16:19:26] [P0B] playing land mountain
[16:19:26] [B] P0 casts phyrexian altar (oid 44) needs={'generic': 3}
[16:19:29] [P1B] tap land for mana used_for=any
[16:19:29] [P1B] submitting interaction iid=E2YHOO.0.106 choice=E2YHOO.0.106.c1 (Forest)
[16:19:29] [P1B] tap land for mana used_for=any
[16:19:29] [P1B] submitting interaction iid=E2YHOO.0.107 choice=E2YHOO.0.107.c1 (Forest)
[16:19:29] [P1B] tap land for mana used_for=any
[16:19:29] [P1B] submitting interaction iid=E2YHOO.0.108 choice=E2YHOO.0.108.c1 (Forest)
[16:19:30] [P1B] playing land forest
[16:19:30] [P1B] tap land for mana used_for=any
[16:19:30] [P1B] submitting interaction iid=E2YHOO.0.114 choice=E2YHOO.0.114.c1 (Forest)
[16:19:32] [B] tap land for mana used_for=generic
[16:19:32] [B] submitting interaction iid=E2YHOO.0.125 choice=E2YHOO.0.125.c2 (Mountain)
[16:19:32] [B] tap land for mana used_for=generic
[16:19:32] [B] submitting interaction iid=E2YHOO.0.126 choice=E2YHOO.0.126.c2 (Mountain)
[16:19:32] [B] tap land for mana used_for=generic
[16:19:32] [B] submitting interaction iid=E2YHOO.0.127 choice=E2YHOO.0.127.c2 (Mountain)
[16:19:36] [P1B] tap land for mana used_for=any
[16:19:36] [P1B] submitting interaction iid=E2YHOO.0.143 choice=E2YHOO.0.143.c1 (Forest)
[16:19:36] [P1B] tap land for mana used_for=any
[16:19:36] [P1B] submitting interaction iid=E2YHOO.0.144 choice=E2YHOO.0.144.c1 (Forest)
[16:19:36] [P1B] tap land for mana used_for=any
[16:19:36] [P1B] submitting interaction iid=E2YHOO.0.145 choice=E2YHOO.0.145.c1 (Forest)
[16:19:36] [P1B] tap land for mana used_for=any
[16:19:36] [P1B] submitting interaction iid=E2YHOO.0.146 choice=E2YHOO.0.146.c1 (Forest)
[16:19:37] [P1B] playing land forest
[16:19:37] [P1B] tap land for mana used_for=any
[16:19:37] [P1B] submitting interaction iid=E2YHOO.0.152 choice=E2YHOO.0.152.c1 (Forest)
[16:19:41] [P1B] tap land for mana used_for=any
[16:19:41] [P1B] submitting interaction iid=E2YHOO.0.178 choice=E2YHOO.0.178.c1 (Forest)
[16:19:41] [P1B] tap land for mana used_for=any
[16:19:41] [P1B] submitting interaction iid=E2YHOO.0.179 choice=E2YHOO.0.179.c1 (Forest)
[16:19:41] [P1B] tap land for mana used_for=any
[16:19:41] [P1B] submitting interaction iid=E2YHOO.0.180 choice=E2YHOO.0.180.c1 (Forest)
[16:19:41] [P1B] tap land for mana used_for=any
[16:19:41] [P1B] submitting interaction iid=E2YHOO.0.181 choice=E2YHOO.0.181.c1 (Forest)
[16:19:42] [P1B] tap land for mana used_for=any
[16:19:42] [P1B] submitting interaction iid=E2YHOO.0.182 choice=E2YHOO.0.182.c1 (Forest)
[16:19:42] [P1B] playing land forest
[16:19:43] [P1B] tap land for mana used_for=any
[16:19:43] [P1B] submitting interaction iid=E2YHOO.0.188 choice=E2YHOO.0.188.c1 (Forest)
[16:19:45] [P0B] NOTE: hand=8>7 but vi kind code='choose'; vi_ops=1; trying SelectCards fallback
[16:19:45] [P0B] NOTE: hand=8>7 but vi kind code='choose'; vi_ops=0; trying SelectCards fallback
[16:19:45] [P0B] NOTE: hand=8>7 but vi kind code='choose'; vi_ops=1; trying SelectCards fallback
[16:19:45] [P0B] NOTE: hand=8>7 but vi kind code='choose'; vi_ops=0; trying SelectCards fallback
[16:19:45] [P0B] NOTE: hand=8>7 but vi kind code='choose'; vi_ops=1; trying SelectCards fallback
[16:19:45] [P0B] NOTE: hand=8>7 but vi kind code='choose'; vi_ops=0; trying SelectCards fallback
[16:19:45] [P0B] NOTE: hand=8>7 but vi kind code='relations'; vi_ops=1; trying SelectCards fallback
[16:19:46] [P0B] NOTE: hand=8>7 but vi kind code='choose'; vi_ops=1; trying SelectCards fallback
[16:19:46] [P0B] NOTE: hand=8>7 but vi kind code='choose'; vi_ops=0; trying SelectCards fallback
[16:19:46] [P0B] NOTE: hand=8>7 but vi kind code='choose'; vi_ops=1; trying SelectCards fallback
[16:19:46] [P0B] NOTE: hand=8>7 but vi kind code='choose'; vi_ops=0; trying SelectCards fallback
[16:19:46] [P0B] NOTE: hand=8>7 but vi kind code='choose'; vi_ops=1; trying SelectCards fallback
[16:19:46] [P0B] NOTE: hand=8>7 but vi kind code='choose'; vi_ops=0; trying SelectCards fallback
[16:19:47] [P0B] NOTE: hand=8>7 but vi kind code='select'; vi_ops=1; trying SelectCards fallback
[16:19:47] [P0B] discarding 1 via verbatim SelectCards: ['krark-clan ironworks']
[16:19:47] [P1B] tap land for mana used_for=any
[16:19:47] [P1B] submitting interaction iid=E2YHOO.0.215 choice=E2YHOO.0.215.c1 (Forest)
[16:19:47] [P1B] tap land for mana used_for=any
[16:19:47] [P1B] submitting interaction iid=E2YHOO.0.216 choice=E2YHOO.0.216.c1 (Forest)
[16:19:47] [P1B] tap land for mana used_for=any
[16:19:47] [P1B] submitting interaction iid=E2YHOO.0.217 choice=E2YHOO.0.217.c1 (Forest)
[16:19:47] [P1B] tap land for mana used_for=any
[16:19:47] [P1B] submitting interaction iid=E2YHOO.0.218 choice=E2YHOO.0.218.c1 (Forest)
[16:19:48] [P1B] tap land for mana used_for=any
[16:19:48] [P1B] submitting interaction iid=E2YHOO.0.219 choice=E2YHOO.0.219.c1 (Forest)
[16:19:48] [P1B] tap land for mana used_for=any
[16:19:48] [P1B] submitting interaction iid=E2YHOO.0.220 choice=E2YHOO.0.220.c1 (Forest)
[16:19:48] [P1B] playing land forest
[16:19:49] [P1B] tap land for mana used_for=any
[16:19:49] [P1B] submitting interaction iid=E2YHOO.0.226 choice=E2YHOO.0.226.c1 (Forest)
[16:19:51] [P0B] NOTE: hand=8>7 but vi kind code='choose'; vi_ops=1; trying SelectCards fallback
[16:19:51] [P0B] NOTE: hand=8>7 but vi kind code='choose'; vi_ops=0; trying SelectCards fallback
[16:19:51] [P0B] NOTE: hand=8>7 but vi kind code='choose'; vi_ops=1; trying SelectCards fallback
[16:19:51] [P0B] NOTE: hand=8>7 but vi kind code='choose'; vi_ops=0; trying SelectCards fallback
[16:19:51] [P0B] NOTE: hand=8>7 but vi kind code='choose'; vi_ops=1; trying SelectCards fallback
[16:19:51] [P0B] NOTE: hand=8>7 but vi kind code='choose'; vi_ops=0; trying SelectCards fallback
[16:19:51] [P0B] NOTE: hand=8>7 but vi kind code='relations'; vi_ops=1; trying SelectCards fallback
[16:19:52] [P0B] NOTE: hand=8>7 but vi kind code='choose'; vi_ops=1; trying SelectCards fallback
[16:19:52] [P0B] NOTE: hand=8>7 but vi kind code='choose'; vi_ops=0; trying SelectCards fallback
[16:19:52] [P0B] NOTE: hand=8>7 but vi kind code='choose'; vi_ops=1; trying SelectCards fallback
[16:19:52] [P0B] NOTE: hand=8>7 but vi kind code='choose'; vi_ops=0; trying SelectCards fallback
[16:19:52] [P0B] NOTE: hand=8>7 but vi kind code='choose'; vi_ops=1; trying SelectCards fallback
[16:19:52] [P0B] NOTE: hand=8>7 but vi kind code='choose'; vi_ops=0; trying SelectCards fallback
[16:19:53] [P0B] NOTE: hand=8>7 but vi kind code='select'; vi_ops=1; trying SelectCards fallback
[16:19:53] [P0B] discarding 1 via verbatim SelectCards: ['krark-clan ironworks']
[16:19:53] [P1B] tap land for mana used_for=any
[16:19:53] [P1B] submitting interaction iid=E2YHOO.0.253 choice=E2YHOO.0.253.c1 (Forest)
[16:19:53] [P1B] tap land for mana used_for=any
[16:19:53] [P1B] submitting interaction iid=E2YHOO.0.254 choice=E2YHOO.0.254.c1 (Forest)
[16:19:53] [P1B] tap land for mana used_for=any
[16:19:53] [P1B] submitting interaction iid=E2YHOO.0.255 choice=E2YHOO.0.255.c1 (Forest)
[16:19:53] [P1B] tap land for mana used_for=any
[16:19:53] [P1B] submitting interaction iid=E2YHOO.0.256 choice=E2YHOO.0.256.c1 (Forest)
[16:19:54] [P1B] tap land for mana used_for=any
[16:19:54] [P1B] submitting interaction iid=E2YHOO.0.257 choice=E2YHOO.0.257.c1 (Forest)
[16:19:54] [P1B] tap land for mana used_for=any
[16:19:54] [P1B] submitting interaction iid=E2YHOO.0.258 choice=E2YHOO.0.258.c1 (Forest)
[16:19:54] [P1B] tap land for mana used_for=any
[16:19:54] [P1B] submitting interaction iid=E2YHOO.0.259 choice=E2YHOO.0.259.c1 (Forest)
[16:19:56] [P1B] playing land forest
[16:19:56] [P1B] tap land for mana used_for=any
[16:19:56] [P1B] submitting interaction iid=E2YHOO.0.265 choice=E2YHOO.0.265.c1 (Forest)
[16:19:58] [P0B] NOTE: hand=8>7 but vi kind code='choose'; vi_ops=1; trying SelectCards fallback
[16:19:58] [P0B] NOTE: hand=8>7 but vi kind code='choose'; vi_ops=0; trying SelectCards fallback
[16:19:59] [P0B] NOTE: hand=8>7 but vi kind code='choose'; vi_ops=1; trying SelectCards fallback
[16:19:59] [P0B] playing land mountain
[16:20:00] [P1B] tap land for mana used_for=any
[16:20:00] [P1B] submitting interaction iid=E2YHOO.0.292 choice=E2YHOO.0.292.c1 (Forest)
[16:20:00] [P1B] tap land for mana used_for=any
[16:20:00] [P1B] submitting interaction iid=E2YHOO.0.293 choice=E2YHOO.0.293.c1 (Forest)
[16:20:01] [P1B] tap land for mana used_for=any
[16:20:01] [P1B] submitting interaction iid=E2YHOO.0.294 choice=E2YHOO.0.294.c1 (Forest)
[16:20:01] [P1B] tap land for mana used_for=any
[16:20:01] [P1B] submitting interaction iid=E2YHOO.0.295 choice=E2YHOO.0.295.c1 (Forest)
[16:20:01] [P1B] tap land for mana used_for=any
[16:20:01] [P1B] submitting interaction iid=E2YHOO.0.296 choice=E2YHOO.0.296.c1 (Forest)
[16:20:01] [P1B] tap land for mana used_for=any
[16:20:01] [P1B] submitting interaction iid=E2YHOO.0.297 choice=E2YHOO.0.297.c1 (Forest)
[16:20:01] [P1B] tap land for mana used_for=any
[16:20:01] [P1B] submitting interaction iid=E2YHOO.0.298 choice=E2YHOO.0.298.c1 (Forest)
[16:20:01] [P1B] tap land for mana used_for=any
[16:20:01] [P1B] submitting interaction iid=E2YHOO.0.299 choice=E2YHOO.0.299.c1 (Forest)
[16:20:02] [P1B] playing land forest
[16:20:03] [P1B] tap land for mana used_for=any
[16:20:03] [P1B] submitting interaction iid=E2YHOO.0.305 choice=E2YHOO.0.305.c1 (Forest)
[16:20:04] [P0B] NOTE: hand=8>7 but vi kind code='choose'; vi_ops=1; trying SelectCards fallback
[16:20:05] [P0B] NOTE: hand=8>7 but vi kind code='choose'; vi_ops=0; trying SelectCards fallback
[16:20:05] [P0B] NOTE: hand=8>7 but vi kind code='choose'; vi_ops=1; trying SelectCards fallback
[16:20:05] [P0B] playing land mountain
[16:20:07] [P1B] tap land for mana used_for=any
[16:20:07] [P1B] submitting interaction iid=E2YHOO.0.332 choice=E2YHOO.0.332.c1 (Forest)
[16:20:07] [P1B] tap land for mana used_for=any
[16:20:07] [P1B] submitting interaction iid=E2YHOO.0.333 choice=E2YHOO.0.333.c1 (Forest)
[16:20:07] [P1B] tap land for mana used_for=any
[16:20:07] [P1B] submitting interaction iid=E2YHOO.0.334 choice=E2YHOO.0.334.c1 (Forest)
[16:20:07] [P1B] tap land for mana used_for=any
[16:20:07] [P1B] submitting interaction iid=E2YHOO.0.335 choice=E2YHOO.0.335.c1 (Forest)
[16:20:07] [P1B] tap land for mana used_for=any
[16:20:07] [P1B] submitting interaction iid=E2YHOO.0.336 choice=E2YHOO.0.336.c1 (Forest)
[16:20:07] [P1B] tap land for mana used_for=any
[16:20:07] [P1B] submitting interaction iid=E2YHOO.0.337 choice=E2YHOO.0.337.c1 (Forest)
[16:20:08] [P1B] tap land for mana used_for=any
[16:20:08] [P1B] submitting interaction iid=E2YHOO.0.338 choice=E2YHOO.0.338.c1 (Forest)
[16:20:08] [P1B] tap land for mana used_for=any
[16:20:08] [P1B] submitting interaction iid=E2YHOO.0.339 choice=E2YHOO.0.339.c1 (Forest)
[16:20:08] [P1B] tap land for mana used_for=any
[16:20:08] [P1B] submitting interaction iid=E2YHOO.0.340 choice=E2YHOO.0.340.c1 (Forest)
[16:20:09] [P1B] playing land forest
[16:20:09] [P1B] tap land for mana used_for=any
[16:20:09] [P1B] submitting interaction iid=E2YHOO.0.346 choice=E2YHOO.0.346.c1 (Forest)
[16:20:11] [P0B] NOTE: hand=8>7 but vi kind code='choose'; vi_ops=1; trying SelectCards fallback
[16:20:11] [P0B] NOTE: hand=8>7 but vi kind code='choose'; vi_ops=0; trying SelectCards fallback
[16:20:12] [P0B] NOTE: hand=8>7 but vi kind code='choose'; vi_ops=1; trying SelectCards fallback
[16:20:12] [P0B] NOTE: hand=8>7 but vi kind code='choose'; vi_ops=0; trying SelectCards fallback
[16:20:12] [P0B] NOTE: hand=8>7 but vi kind code='choose'; vi_ops=1; trying SelectCards fallback
[16:20:12] [P0B] NOTE: hand=8>7 but vi kind code='choose'; vi_ops=0; trying SelectCards fallback
[16:20:12] [P0B] NOTE: hand=8>7 but vi kind code='relations'; vi_ops=1; trying SelectCards fallback
[16:20:12] [P0B] NOTE: hand=8>7 but vi kind code='choose'; vi_ops=1; trying SelectCards fallback
[16:20:13] [P0B] NOTE: hand=8>7 but vi kind code='choose'; vi_ops=0; trying SelectCards fallback
[16:20:13] [P0B] NOTE: hand=8>7 but vi kind code='choose'; vi_ops=1; trying SelectCards fallback
[16:20:13] [P0B] NOTE: hand=8>7 but vi kind code='choose'; vi_ops=0; trying SelectCards fallback
[16:20:13] [P0B] NOTE: hand=8>7 but vi kind code='choose'; vi_ops=1; trying SelectCards fallback
[16:20:13] [P0B] NOTE: hand=8>7 but vi kind code='choose'; vi_ops=0; trying SelectCards fallback
[16:20:14] [P0B] NOTE: hand=8>7 but vi kind code='select'; vi_ops=1; trying SelectCards fallback
[16:20:14] [P0B] discarding 1 via verbatim SelectCards: ['memnite']
[16:20:14] [P1B] tap land for mana used_for=any
[16:20:14] [P1B] submitting interaction iid=E2YHOO.0.373 choice=E2YHOO.0.373.c1 (Forest)
[16:20:14] [P1B] tap land for mana used_for=any
[16:20:14] [P1B] submitting interaction iid=E2YHOO.0.374 choice=E2YHOO.0.374.c1 (Forest)
[16:20:14] [P1B] tap land for mana used_for=any
[16:20:14] [P1B] submitting interaction iid=E2YHOO.0.375 choice=E2YHOO.0.375.c1 (Forest)
[16:20:14] [P1B] tap land for mana used_for=any
[16:20:14] [P1B] submitting interaction iid=E2YHOO.0.376 choice=E2YHOO.0.376.c1 (Forest)
[16:20:15] [P1B] tap land for mana used_for=any
[16:20:15] [P1B] submitting interaction iid=E2YHOO.0.377 choice=E2YHOO.0.377.c1 (Forest)
[16:20:15] [P1B] tap land for mana used_for=any
[16:20:15] [P1B] submitting interaction iid=E2YHOO.0.378 choice=E2YHOO.0.378.c1 (Forest)
[16:20:15] [P1B] tap land for mana used_for=any
[16:20:15] [P1B] submitting interaction iid=E2YHOO.0.379 choice=E2YHOO.0.379.c1 (Forest)
[16:20:15] [P1B] tap land for mana used_for=any
[16:20:15] [P1B] submitting interaction iid=E2YHOO.0.380 choice=E2YHOO.0.380.c1 (Forest)
[16:20:15] [P1B] tap land for mana used_for=any
[16:20:15] [P1B] submitting interaction iid=E2YHOO.0.381 choice=E2YHOO.0.381.c1 (Forest)
[16:20:15] [P1B] tap land for mana used_for=any
[16:20:15] [P1B] submitting interaction iid=E2YHOO.0.382 choice=E2YHOO.0.382.c1 (Forest)
[16:20:16] [P1B] playing land forest
[16:20:16] [P1B] tap land for mana used_for=any
[16:20:16] [P1B] submitting interaction iid=E2YHOO.0.388 choice=E2YHOO.0.388.c1 (Forest)
[16:20:18] [P0B] NOTE: hand=8>7 but vi kind code='choose'; vi_ops=1; trying SelectCards fallback
[16:20:18] [P0B] NOTE: hand=8>7 but vi kind code='choose'; vi_ops=0; trying SelectCards fallback
[16:20:19] [P0B] NOTE: hand=8>7 but vi kind code='choose'; vi_ops=1; trying SelectCards fallback
[16:20:19] [P0B] playing land mountain
[16:20:20] [P1B] tap land for mana used_for=any
[16:20:20] [P1B] submitting interaction iid=E2YHOO.0.415 choice=E2YHOO.0.415.c1 (Forest)
[16:20:21] [P1B] tap land for mana used_for=any
[16:20:21] [P1B] submitting interaction iid=E2YHOO.0.416 choice=E2YHOO.0.416.c1 (Forest)
[16:20:22] [P1B] tap land for mana used_for=any
[16:20:22] [P1B] submitting interaction iid=E2YHOO.0.417 choice=E2YHOO.0.417.c1 (Forest)
[16:20:22] [P1B] tap land for mana used_for=any
[16:20:22] [P1B] submitting interaction iid=E2YHOO.0.418 choice=E2YHOO.0.418.c1 (Forest)
[16:20:23] [P1B] tap land for mana used_for=any
[16:20:23] [P1B] submitting interaction iid=E2YHOO.0.419 choice=E2YHOO.0.419.c1 (Forest)
[16:20:23] [P1B] tap land for mana used_for=any
[16:20:23] [P1B] submitting interaction iid=E2YHOO.0.420 choice=E2YHOO.0.420.c1 (Forest)
[16:20:23] [P1B] tap land for mana used_for=any
[16:20:23] [P1B] submitting interaction iid=E2YHOO.0.421 choice=E2YHOO.0.421.c1 (Forest)
[16:20:23] [P1B] tap land for mana used_for=any
[16:20:23] [P1B] submitting interaction iid=E2YHOO.0.422 choice=E2YHOO.0.422.c1 (Forest)
[16:20:23] [P1B] tap land for mana used_for=any
[16:20:23] [P1B] submitting interaction iid=E2YHOO.0.423 choice=E2YHOO.0.423.c1 (Forest)
[16:20:23] [P1B] tap land for mana used_for=any
[16:20:23] [P1B] submitting interaction iid=E2YHOO.0.424 choice=E2YHOO.0.424.c1 (Forest)
[16:20:23] [P1B] tap land for mana used_for=any
[16:20:23] [P1B] submitting interaction iid=E2YHOO.0.425 choice=E2YHOO.0.425.c1 (Forest)
[16:20:24] [P1B] playing land forest
[16:20:25] [P1B] tap land for mana used_for=any
[16:20:25] [P1B] submitting interaction iid=E2YHOO.0.431 choice=E2YHOO.0.431.c1 (Forest)
[16:20:27] [P0B] NOTE: hand=8>7 but vi kind code='choose'; vi_ops=1; trying SelectCards fallback
[16:20:27] [P0B] NOTE: hand=8>7 but vi kind code='choose'; vi_ops=0; trying SelectCards fallback
[16:20:27] [P0B] NOTE: hand=8>7 but vi kind code='choose'; vi_ops=1; trying SelectCards fallback
[16:20:27] [P0B] NOTE: hand=8>7 but vi kind code='choose'; vi_ops=0; trying SelectCards fallback
[16:20:27] [P0B] NOTE: hand=8>7 but vi kind code='choose'; vi_ops=1; trying SelectCards fallback
[16:20:27] [P0B] NOTE: hand=8>7 but vi kind code='choose'; vi_ops=0; trying SelectCards fallback
[16:20:27] [P0B] NOTE: hand=8>7 but vi kind code='relations'; vi_ops=1; trying SelectCards fallback
[16:20:28] [P0B] NOTE: hand=8>7 but vi kind code='choose'; vi_ops=1; trying SelectCards fallback
[16:20:28] [P0B] NOTE: hand=8>7 but vi kind code='choose'; vi_ops=0; trying SelectCards fallback
[16:20:28] [P0B] NOTE: hand=8>7 but vi kind code='choose'; vi_ops=1; trying SelectCards fallback
[16:20:28] [P0B] NOTE: hand=8>7 but vi kind code='choose'; vi_ops=0; trying SelectCards fallback
[16:20:28] [P0B] NOTE: hand=8>7 but vi kind code='choose'; vi_ops=1; trying SelectCards fallback
[16:20:28] [P0B] NOTE: hand=8>7 but vi kind code='choose'; vi_ops=0; trying SelectCards fallback
[16:20:29] [P0B] NOTE: hand=8>7 but vi kind code='select'; vi_ops=1; trying SelectCards fallback
[16:20:29] [P0B] discarding 1 via verbatim SelectCards: ['memnite']
[16:20:29] [P1B] tap land for mana used_for=any
[16:20:29] [P1B] submitting interaction iid=E2YHOO.0.458 choice=E2YHOO.0.458.c1 (Forest)
[16:20:29] [P1B] tap land for mana used_for=any
[16:20:29] [P1B] submitting interaction iid=E2YHOO.0.459 choice=E2YHOO.0.459.c1 (Forest)
[16:20:29] [P1B] tap land for mana used_for=any
[16:20:29] [P1B] submitting interaction iid=E2YHOO.0.460 choice=E2YHOO.0.460.c1 (Forest)
[16:20:29] [P1B] tap land for mana used_for=any
[16:20:29] [P1B] submitting interaction iid=E2YHOO.0.461 choice=E2YHOO.0.461.c1 (Forest)
[16:20:30] [P1B] tap land for mana used_for=any
[16:20:30] [P1B] submitting interaction iid=E2YHOO.0.462 choice=E2YHOO.0.462.c1 (Forest)
[16:20:30] [P1B] tap land for mana used_for=any
[16:20:30] [P1B] submitting interaction iid=E2YHOO.0.463 choice=E2YHOO.0.463.c1 (Forest)
[16:20:30] [P1B] tap land for mana used_for=any
[16:20:30] [P1B] submitting interaction iid=E2YHOO.0.464 choice=E2YHOO.0.464.c1 (Forest)
[16:20:30] [P1B] tap land for mana used_for=any
[16:20:30] [P1B] submitting interaction iid=E2YHOO.0.465 choice=E2YHOO.0.465.c1 (Forest)
[16:20:30] [P1B] tap land for mana used_for=any
[16:20:30] [P1B] submitting interaction iid=E2YHOO.0.466 choice=E2YHOO.0.466.c1 (Forest)
[16:20:30] [P1B] tap land for mana used_for=any
[16:20:30] [P1B] submitting interaction iid=E2YHOO.0.467 choice=E2YHOO.0.467.c1 (Forest)
[16:20:30] [P1B] tap land for mana used_for=any
[16:20:30] [P1B] submitting interaction iid=E2YHOO.0.468 choice=E2YHOO.0.468.c1 (Forest)
[16:20:31] [P1B] tap land for mana used_for=any
[16:20:31] [P1B] submitting interaction iid=E2YHOO.0.469 choice=E2YHOO.0.469.c1 (Forest)
[16:20:31] [P1B] playing land forest
[16:20:32] [P1B] tap land for mana used_for=any
[16:20:32] [P1B] submitting interaction iid=E2YHOO.0.475 choice=E2YHOO.0.475.c1 (Forest)
[16:20:33] [P0B] NOTE: hand=8>7 but vi kind code='choose'; vi_ops=1; trying SelectCards fallback
[16:20:34] [P0B] NOTE: hand=8>7 but vi kind code='choose'; vi_ops=0; trying SelectCards fallback
[16:20:34] [P0B] NOTE: hand=8>7 but vi kind code='choose'; vi_ops=1; trying SelectCards fallback
[16:20:34] [P0B] playing land mountain
[16:20:36] [P1B] tap land for mana used_for=any
[16:20:36] [P1B] submitting interaction iid=E2YHOO.0.502 choice=E2YHOO.0.502.c1 (Forest)
[16:20:36] [P1B] tap land for mana used_for=any
[16:20:36] [P1B] submitting interaction iid=E2YHOO.0.503 choice=E2YHOO.0.503.c1 (Forest)
[16:20:36] [P1B] tap land for mana used_for=any
[16:20:36] [P1B] submitting interaction iid=E2YHOO.0.504 choice=E2YHOO.0.504.c1 (Forest)
[16:20:36] [P1B] tap land for mana used_for=any
[16:20:36] [P1B] submitting interaction iid=E2YHOO.0.505 choice=E2YHOO.0.505.c1 (Forest)
[16:20:36] [P1B] tap land for mana used_for=any
[16:20:36] [P1B] submitting interaction iid=E2YHOO.0.506 choice=E2YHOO.0.506.c1 (Forest)
[16:20:36] [P1B] tap land for mana used_for=any
[16:20:36] [P1B] submitting interaction iid=E2YHOO.0.507 choice=E2YHOO.0.507.c1 (Forest)
[16:20:37] [P1B] tap land for mana used_for=any
[16:20:37] [P1B] submitting interaction iid=E2YHOO.0.508 choice=E2YHOO.0.508.c1 (Forest)
[16:20:37] [P1B] tap land for mana used_for=any
[16:20:37] [P1B] submitting interaction iid=E2YHOO.0.509 choice=E2YHOO.0.509.c1 (Forest)
[16:20:37] [P1B] tap land for mana used_for=any
[16:20:37] [P1B] submitting interaction iid=E2YHOO.0.510 choice=E2YHOO.0.510.c1 (Forest)
[16:20:37] [P1B] tap land for mana used_for=any
[16:20:37] [P1B] submitting interaction iid=E2YHOO.0.511 choice=E2YHOO.0.511.c1 (Forest)
[16:20:37] [P1B] tap land for mana used_for=any
[16:20:37] [P1B] submitting interaction iid=E2YHOO.0.512 choice=E2YHOO.0.512.c1 (Forest)
[16:20:37] [P1B] tap land for mana used_for=any
[16:20:37] [P1B] submitting interaction iid=E2YHOO.0.513 choice=E2YHOO.0.513.c1 (Forest)
[16:20:37] [P1B] tap land for mana used_for=any
[16:20:37] [P1B] submitting interaction iid=E2YHOO.0.514 choice=E2YHOO.0.514.c1 (Forest)
[16:20:38] [P1B] playing land forest
[16:20:38] [P1B] tap land for mana used_for=any
[16:20:38] [P1B] submitting interaction iid=E2YHOO.0.520 choice=E2YHOO.0.520.c1 (Forest)
[16:20:41] [P0B] NOTE: hand=8>7 but vi kind code='choose'; vi_ops=1; trying SelectCards fallback
[16:20:41] [P0B] NOTE: hand=8>7 but vi kind code='choose'; vi_ops=0; trying SelectCards fallback
[16:20:41] [P0B] NOTE: hand=8>7 but vi kind code='choose'; vi_ops=1; trying SelectCards fallback
[16:20:41] [P0B] NOTE: hand=8>7 but vi kind code='choose'; vi_ops=0; trying SelectCards fallback
[16:20:41] [P0B] NOTE: hand=8>7 but vi kind code='choose'; vi_ops=1; trying SelectCards fallback
[16:20:41] [P0B] NOTE: hand=8>7 but vi kind code='choose'; vi_ops=0; trying SelectCards fallback
[16:20:41] [P0B] NOTE: hand=8>7 but vi kind code='relations'; vi_ops=1; trying SelectCards fallback
[16:20:42] [P0B] NOTE: hand=8>7 but vi kind code='choose'; vi_ops=1; trying SelectCards fallback
[16:20:42] [P0B] NOTE: hand=8>7 but vi kind code='choose'; vi_ops=0; trying SelectCards fallback
[16:20:42] [P0B] NOTE: hand=8>7 but vi kind code='choose'; vi_ops=1; trying SelectCards fallback
[16:20:42] [P0B] NOTE: hand=8>7 but vi kind code='choose'; vi_ops=0; trying SelectCards fallback
[16:20:42] [P0B] NOTE: hand=8>7 but vi kind code='choose'; vi_ops=1; trying SelectCards fallback
[16:20:42] [P0B] NOTE: hand=8>7 but vi kind code='choose'; vi_ops=0; trying SelectCards fallback
[16:20:42] [P0B] NOTE: hand=8>7 but vi kind code='select'; vi_ops=1; trying SelectCards fallback
[16:20:42] [P0B] discarding 1 via verbatim SelectCards: ['memnite']
[16:20:43] [P1B] tap land for mana used_for=any
[16:20:43] [P1B] submitting interaction iid=E2YHOO.0.547 choice=E2YHOO.0.547.c1 (Forest)
[16:20:43] [P1B] tap land for mana used_for=any
[16:20:43] [P1B] submitting interaction iid=E2YHOO.0.548 choice=E2YHOO.0.548.c1 (Forest)
[16:20:43] [P1B] tap land for mana used_for=any
[16:20:43] [P1B] submitting interaction iid=E2YHOO.0.549 choice=E2YHOO.0.549.c1 (Forest)
[16:20:43] [P1B] tap land for mana used_for=any
[16:20:43] [P1B] submitting interaction iid=E2YHOO.0.550 choice=E2YHOO.0.550.c1 (Forest)
[16:20:43] [P1B] tap land for mana used_for=any
[16:20:43] [P1B] submitting interaction iid=E2YHOO.0.551 choice=E2YHOO.0.551.c1 (Forest)
[16:20:44] [P1B] tap land for mana used_for=any
[16:20:44] [P1B] submitting interaction iid=E2YHOO.0.552 choice=E2YHOO.0.552.c1 (Forest)
[16:20:44] [P1B] tap land for mana used_for=any
[16:20:44] [P1B] submitting interaction iid=E2YHOO.0.553 choice=E2YHOO.0.553.c1 (Forest)
[16:20:44] [P1B] tap land for mana used_for=any
[16:20:44] [P1B] submitting interaction iid=E2YHOO.0.554 choice=E2YHOO.0.554.c1 (Forest)
[16:20:44] [P1B] tap land for mana used_for=any
[16:20:44] [P1B] submitting interaction iid=E2YHOO.0.555 choice=E2YHOO.0.555.c1 (Forest)
[16:20:44] [P1B] tap land for mana used_for=any
[16:20:44] [P1B] submitting interaction iid=E2YHOO.0.556 choice=E2YHOO.0.556.c1 (Forest)
[16:20:44] [P1B] tap land for mana used_for=any
[16:20:44] [P1B] submitting interaction iid=E2YHOO.0.557 choice=E2YHOO.0.557.c1 (Forest)
[16:20:45] [P1B] tap land for mana used_for=any
[16:20:45] [P1B] submitting interaction iid=E2YHOO.0.558 choice=E2YHOO.0.558.c1 (Forest)
[16:20:45] [P1B] tap land for mana used_for=any
[16:20:45] [P1B] submitting interaction iid=E2YHOO.0.559 choice=E2YHOO.0.559.c1 (Forest)
[16:20:45] [P1B] tap land for mana used_for=any
[16:20:45] [P1B] submitting interaction iid=E2YHOO.0.560 choice=E2YHOO.0.560.c1 (Forest)
[16:20:46] [P1B] playing land forest
[16:20:46] [P1B] tap land for mana used_for=any
[16:20:46] [P1B] submitting interaction iid=E2YHOO.0.566 choice=E2YHOO.0.566.c1 (Forest)
[16:20:48] [P0B] NOTE: hand=8>7 but vi kind code='choose'; vi_ops=1; trying SelectCards fallback
[16:20:48] [P0B] NOTE: hand=8>7 but vi kind code='choose'; vi_ops=0; trying SelectCards fallback
[16:20:48] [P0B] NOTE: hand=8>7 but vi kind code='choose'; vi_ops=1; trying SelectCards fallback
[16:20:48] [B] P0 casts krark-clan ironworks (oid 59) needs={'generic': 4}
[16:20:49] [B] tap land for mana used_for=generic
[16:20:49] [B] submitting interaction iid=E2YHOO.0.582 choice=E2YHOO.0.582.c2 (Mountain)
[16:20:49] [B] tap land for mana used_for=generic
[16:20:49] [B] submitting interaction iid=E2YHOO.0.583 choice=E2YHOO.0.583.c2 (Mountain)
[16:20:49] [B] tap land for mana used_for=generic
[16:20:49] [B] submitting interaction iid=E2YHOO.0.584 choice=E2YHOO.0.584.c2 (Mountain)
[16:20:51] [B] setup complete -> assert phase
[16:20:51] [B] exported pre_B.json
[16:20:51] [B] PRE exported; setup ready (turn 30)
[16:20:52] [P1B] tap land for mana used_for=any
[16:20:52] [P1B] submitting interaction iid=E2YHOO.0.598 choice=E2YHOO.0.598.c1 (Forest)
[16:20:52] [P1B] tap land for mana used_for=any
[16:20:52] [P1B] submitting interaction iid=E2YHOO.0.599 choice=E2YHOO.0.599.c1 (Forest)
[16:20:52] [P1B] tap land for mana used_for=any
[16:20:52] [P1B] submitting interaction iid=E2YHOO.0.600 choice=E2YHOO.0.600.c1 (Forest)
[16:20:52] [P1B] tap land for mana used_for=any
[16:20:52] [P1B] submitting interaction iid=E2YHOO.0.601 choice=E2YHOO.0.601.c1 (Forest)
[16:20:52] [P1B] tap land for mana used_for=any
[16:20:52] [P1B] submitting interaction iid=E2YHOO.0.602 choice=E2YHOO.0.602.c1 (Forest)
[16:20:53] [P1B] tap land for mana used_for=any
[16:20:53] [P1B] submitting interaction iid=E2YHOO.0.603 choice=E2YHOO.0.603.c1 (Forest)
[16:20:53] [P1B] tap land for mana used_for=any
[16:20:53] [P1B] submitting interaction iid=E2YHOO.0.604 choice=E2YHOO.0.604.c1 (Forest)
[16:20:53] [P1B] tap land for mana used_for=any
[16:20:53] [P1B] submitting interaction iid=E2YHOO.0.605 choice=E2YHOO.0.605.c1 (Forest)
[16:20:53] [P1B] tap land for mana used_for=any
[16:20:53] [P1B] submitting interaction iid=E2YHOO.0.606 choice=E2YHOO.0.606.c1 (Forest)
[16:20:53] [P1B] tap land for mana used_for=any
[16:20:53] [P1B] submitting interaction iid=E2YHOO.0.607 choice=E2YHOO.0.607.c1 (Forest)
[16:20:53] [P1B] tap land for mana used_for=any
[16:20:53] [P1B] submitting interaction iid=E2YHOO.0.608 choice=E2YHOO.0.608.c1 (Forest)
[16:20:55] [P1B] tap land for mana used_for=any
[16:20:55] [P1B] submitting interaction iid=E2YHOO.0.609 choice=E2YHOO.0.609.c1 (Forest)
[16:20:55] [P1B] tap land for mana used_for=any
[16:20:55] [P1B] submitting interaction iid=E2YHOO.0.610 choice=E2YHOO.0.610.c1 (Forest)
[16:20:55] [P1B] tap land for mana used_for=any
[16:20:55] [P1B] submitting interaction iid=E2YHOO.0.611 choice=E2YHOO.0.611.c1 (Forest)
[16:20:55] [P1B] tap land for mana used_for=any
[16:20:55] [P1B] submitting interaction iid=E2YHOO.0.612 choice=E2YHOO.0.612.c1 (Forest)
[16:20:56] [P1B] playing land forest
[16:20:56] [P1B] tap land for mana used_for=any
[16:20:56] [P1B] submitting interaction iid=E2YHOO.0.618 choice=E2YHOO.0.618.c1 (Forest)
[16:20:58] [B] tap land for mana used_for=generic
[16:20:58] [B] submitting interaction iid=E2YHOO.0.629 choice=E2YHOO.0.629.c3 (Mountain)
[16:20:59] [P0B] NOTE: hand=8>7 but vi kind code='choose'; vi_ops=1; trying SelectCards fallback
[16:20:59] [P0B] NOTE: hand=8>7 but vi kind code='choose'; vi_ops=0; trying SelectCards fallback
[16:20:59] [P0B] NOTE: hand=8>7 but vi kind code='choose'; vi_ops=1; trying SelectCards fallback
[16:20:59] [P0B] NOTE: hand=8>7 but vi kind code='choose'; vi_ops=0; trying SelectCards fallback
[16:20:59] [P0B] NOTE: hand=8>7 but vi kind code='choose'; vi_ops=1; trying SelectCards fallback
[16:21:00] [P0B] NOTE: hand=8>7 but vi kind code='choose'; vi_ops=0; trying SelectCards fallback
[16:21:00] [P0B] NOTE: hand=8>7 but vi kind code='relations'; vi_ops=1; trying SelectCards fallback
[16:21:00] [P0B] NOTE: hand=8>7 but vi kind code='choose'; vi_ops=1; trying SelectCards fallback
[16:21:00] [P0B] NOTE: hand=8>7 but vi kind code='choose'; vi_ops=0; trying SelectCards fallback
[16:21:00] [P0B] NOTE: hand=8>7 but vi kind code='choose'; vi_ops=1; trying SelectCards fallback
[16:21:00] [B] gate: CastSpell(endless one) offered_seen=True (obs=4)
[16:21:00] [B] -> act phase
[16:21:00] [B] casting endless one
[16:21:01] [P0B] NOTE: hand=8>7 but vi kind code='choose'; vi_ops=1; trying SelectCards fallback
[16:21:01] [B] X-choice offered: min=0 max=9 (turn 32, bf=[('krark-clan ironworks', 1), ('memnite', 1), ('mountain', 6), ('mountain(tapped)', 1), ('phyrexian altar', 1)])
[16:21:01] [B] B2_x_cap_overcounted: max=9 vs bounded-flow acceptance 8 (mtn=6 kci=1 memnite=1); delta=+1 -> passed
[16:21:01] [B] submitting number X=3
[16:21:01] [B] chose X=3 for endless one
[16:21:02] [B] tap land for mana used_for=generic
[16:21:02] [B] submitting interaction iid=E2YHOO.0.643 choice=E2YHOO.0.643.c3 (Mountain)
[16:21:02] [B] tap land for mana used_for=generic
[16:21:02] [B] submitting interaction iid=E2YHOO.0.644 choice=E2YHOO.0.644.c3 (Mountain)
[16:21:03] [B] tap land for mana used_for=generic
[16:21:03] [B] submitting interaction iid=E2YHOO.0.645 choice=E2YHOO.0.645.c3 (Mountain)
[16:21:03] [B] unmatched interaction while expecting=pay: rtype=exactChoices
[16:21:03] [B] pay telemetry: pool={'R': 3}, stack_spells=1, ones_bf=0, vikind=choose, pending_cast=False
[16:21:03] [B] B3: X=3 payment completed: pool={'R': 3}, stack_spells=1, ones_bf=0, sacs=None
[16:21:03] [B] mid-pay state exported
[16:21:48] WATCHDOG stale P0B: rev 646 turn=32 phase=PostCombatMain legal=['PassPriority'] vikind=choose
[16:21:48] WATCHDOG stale P1B: rev 646 turn=32 phase=PostCombatMain legal=[] vikind=choose
[16:21:49] [B] B3: paid spell not resolved after passes (stack_spells=1)
[16:21:49] [B] POST exported
[16:21:49] [B] expecting pay timed out; clearing
[16:21:49] ===== GAME C: endless one {X} (X=2) =====
[16:21:49] [C] game 5DD002; P0 seat=0 P1 seat=1
[16:21:49] [P0C] keep 7: ['mountain', 'mountain', 'mountain', 'endless one', 'krark-clan ironworks', 'mountain', 'mountain']
[16:21:49] [P1C] keep 7: ['forest', 'forest', 'forest', 'forest', 'forest', 'forest', 'forest']
[16:21:50] [P1C] playing land forest
[16:21:50] [P1C] tap land for mana used_for=any
[16:21:50] [P1C] submitting interaction iid=5DD002.0.7 choice=5DD002.0.7.c1 (Forest)
[16:21:52] [P0C] NOTE: hand=8>7 but vi kind code='choose'; vi_ops=1; trying SelectCards fallback
[16:21:52] [P0C] NOTE: hand=8>7 but vi kind code='choose'; vi_ops=0; trying SelectCards fallback
[16:21:53] [P0C] NOTE: hand=8>7 but vi kind code='choose'; vi_ops=1; trying SelectCards fallback
[16:21:53] [P0C] playing land mountain
[16:21:54] [P1C] tap land for mana used_for=any
[16:21:54] [P1C] submitting interaction iid=5DD002.0.33 choice=5DD002.0.33.c1 (Forest)
[16:21:55] [P1C] playing land forest
[16:21:55] [P1C] tap land for mana used_for=any
[16:21:55] [P1C] submitting interaction iid=5DD002.0.39 choice=5DD002.0.39.c1 (Forest)
[16:21:57] [P0C] NOTE: hand=8>7 but vi kind code='choose'; vi_ops=1; trying SelectCards fallback
[16:21:57] [P0C] NOTE: hand=8>7 but vi kind code='choose'; vi_ops=0; trying SelectCards fallback
[16:21:57] [P0C] NOTE: hand=8>7 but vi kind code='choose'; vi_ops=1; trying SelectCards fallback
[16:21:57] [P0C] playing land mountain
[16:21:58] [C] P0 casts memnite (oid 25) needs={'generic': 0}
[16:22:00] [P1C] tap land for mana used_for=any
[16:22:00] [P1C] submitting interaction iid=5DD002.0.68 choice=5DD002.0.68.c1 (Forest)
[16:22:00] [P1C] tap land for mana used_for=any
[16:22:00] [P1C] submitting interaction iid=5DD002.0.69 choice=5DD002.0.69.c1 (Forest)
[16:22:01] [P1C] playing land forest
[16:22:01] [P1C] tap land for mana used_for=any
[16:22:01] [P1C] submitting interaction iid=5DD002.0.75 choice=5DD002.0.75.c1 (Forest)
[16:22:03] [P0C] playing land mountain
[16:22:05] [P1C] tap land for mana used_for=any
[16:22:05] [P1C] submitting interaction iid=5DD002.0.102 choice=5DD002.0.102.c1 (Forest)
[16:22:05] [P1C] tap land for mana used_for=any
[16:22:05] [P1C] submitting interaction iid=5DD002.0.103 choice=5DD002.0.103.c1 (Forest)
[16:22:06] [P1C] tap land for mana used_for=any
[16:22:06] [P1C] submitting interaction iid=5DD002.0.104 choice=5DD002.0.104.c1 (Forest)
[16:22:06] [P1C] playing land forest
[16:22:06] [P1C] tap land for mana used_for=any
[16:22:06] [P1C] submitting interaction iid=5DD002.0.110 choice=5DD002.0.110.c1 (Forest)
[16:22:09] [P0C] playing land mountain
[16:22:09] [C] P0 casts krark-clan ironworks (oid 20) needs={'generic': 4}
[16:22:11] [P1C] tap land for mana used_for=any
[16:22:11] [P1C] submitting interaction iid=5DD002.0.140 choice=5DD002.0.140.c1 (Forest)
[16:22:12] [P1C] tap land for mana used_for=any
[16:22:12] [P1C] submitting interaction iid=5DD002.0.141 choice=5DD002.0.141.c1 (Forest)
[16:22:12] [P1C] tap land for mana used_for=any
[16:22:12] [P1C] submitting interaction iid=5DD002.0.142 choice=5DD002.0.142.c1 (Forest)
[16:22:12] [P1C] tap land for mana used_for=any
[16:22:12] [P1C] submitting interaction iid=5DD002.0.143 choice=5DD002.0.143.c1 (Forest)
[16:22:15] [P1C] playing land forest
[16:22:15] [P1C] tap land for mana used_for=any
[16:22:15] [P1C] submitting interaction iid=5DD002.0.149 choice=5DD002.0.149.c1 (Forest)
[16:22:17] [C] tap land for mana used_for=generic
[16:22:17] [C] submitting interaction iid=5DD002.0.160 choice=5DD002.0.160.c2 (Mountain)
[16:22:17] [C] tap land for mana used_for=generic
[16:22:17] [C] submitting interaction iid=5DD002.0.161 choice=5DD002.0.161.c2 (Mountain)
[16:22:17] [C] tap land for mana used_for=generic
[16:22:17] [C] submitting interaction iid=5DD002.0.162 choice=5DD002.0.162.c2 (Mountain)
[16:22:17] [C] tap land for mana used_for=generic
[16:22:17] [C] submitting interaction iid=5DD002.0.163 choice=5DD002.0.163.c2 (Mountain)
[16:22:18] [P0C] playing land mountain
[16:22:20] [P1C] tap land for mana used_for=any
[16:22:20] [P1C] submitting interaction iid=5DD002.0.180 choice=5DD002.0.180.c1 (Forest)
[16:22:20] [P1C] tap land for mana used_for=any
[16:22:20] [P1C] submitting interaction iid=5DD002.0.181 choice=5DD002.0.181.c1 (Forest)
[16:22:20] [P1C] tap land for mana used_for=any
[16:22:20] [P1C] submitting interaction iid=5DD002.0.182 choice=5DD002.0.182.c1 (Forest)
[16:22:20] [P1C] tap land for mana used_for=any
[16:22:20] [P1C] submitting interaction iid=5DD002.0.183 choice=5DD002.0.183.c1 (Forest)
[16:22:20] [P1C] tap land for mana used_for=any
[16:22:20] [P1C] submitting interaction iid=5DD002.0.184 choice=5DD002.0.184.c1 (Forest)
[16:22:21] [P1C] playing land forest
[16:22:21] [P1C] tap land for mana used_for=any
[16:22:21] [P1C] submitting interaction iid=5DD002.0.190 choice=5DD002.0.190.c1 (Forest)
[16:22:24] [P0C] playing land mountain
[16:22:25] [P1C] tap land for mana used_for=any
[16:22:25] [P1C] submitting interaction iid=5DD002.0.217 choice=5DD002.0.217.c1 (Forest)
[16:22:26] [P1C] tap land for mana used_for=any
[16:22:26] [P1C] submitting interaction iid=5DD002.0.218 choice=5DD002.0.218.c1 (Forest)
[16:22:26] [P1C] tap land for mana used_for=any
[16:22:26] [P1C] submitting interaction iid=5DD002.0.219 choice=5DD002.0.219.c1 (Forest)
[16:22:26] [P1C] tap land for mana used_for=any
[16:22:26] [P1C] submitting interaction iid=5DD002.0.220 choice=5DD002.0.220.c1 (Forest)
[16:22:26] [P1C] tap land for mana used_for=any
[16:22:26] [P1C] submitting interaction iid=5DD002.0.221 choice=5DD002.0.221.c1 (Forest)
[16:22:26] [P1C] tap land for mana used_for=any
[16:22:26] [P1C] submitting interaction iid=5DD002.0.222 choice=5DD002.0.222.c1 (Forest)
[16:22:27] [P1C] playing land forest
[16:22:27] [P1C] tap land for mana used_for=any
[16:22:27] [P1C] submitting interaction iid=5DD002.0.228 choice=5DD002.0.228.c1 (Forest)
[16:22:30] [P0C] playing land mountain
[16:22:31] [P1C] tap land for mana used_for=any
[16:22:31] [P1C] submitting interaction iid=5DD002.0.255 choice=5DD002.0.255.c1 (Forest)
[16:22:32] [P1C] tap land for mana used_for=any
[16:22:32] [P1C] submitting interaction iid=5DD002.0.256 choice=5DD002.0.256.c1 (Forest)
[16:22:32] [P1C] tap land for mana used_for=any
[16:22:32] [P1C] submitting interaction iid=5DD002.0.257 choice=5DD002.0.257.c1 (Forest)
[16:22:32] [P1C] tap land for mana used_for=any
[16:22:32] [P1C] submitting interaction iid=5DD002.0.258 choice=5DD002.0.258.c1 (Forest)
[16:22:32] [P1C] tap land for mana used_for=any
[16:22:32] [P1C] submitting interaction iid=5DD002.0.259 choice=5DD002.0.259.c1 (Forest)
[16:22:32] [P1C] tap land for mana used_for=any
[16:22:32] [P1C] submitting interaction iid=5DD002.0.260 choice=5DD002.0.260.c1 (Forest)
[16:22:32] [P1C] tap land for mana used_for=any
[16:22:32] [P1C] submitting interaction iid=5DD002.0.261 choice=5DD002.0.261.c1 (Forest)
[16:22:33] [P1C] playing land forest
[16:22:34] [P1C] tap land for mana used_for=any
[16:22:34] [P1C] submitting interaction iid=5DD002.0.267 choice=5DD002.0.267.c1 (Forest)
[16:22:36] [P0C] playing land mountain
[16:22:38] [P1C] tap land for mana used_for=any
[16:22:38] [P1C] submitting interaction iid=5DD002.0.294 choice=5DD002.0.294.c1 (Forest)
[16:22:38] [P1C] tap land for mana used_for=any
[16:22:38] [P1C] submitting interaction iid=5DD002.0.295 choice=5DD002.0.295.c1 (Forest)
[16:22:38] [P1C] tap land for mana used_for=any
[16:22:38] [P1C] submitting interaction iid=5DD002.0.296 choice=5DD002.0.296.c1 (Forest)
[16:22:38] [P1C] tap land for mana used_for=any
[16:22:38] [P1C] submitting interaction iid=5DD002.0.297 choice=5DD002.0.297.c1 (Forest)
[16:22:38] [P1C] tap land for mana used_for=any
[16:22:39] [P1C] submitting interaction iid=5DD002.0.298 choice=5DD002.0.298.c1 (Forest)
[16:22:39] [P1C] tap land for mana used_for=any
[16:22:39] [P1C] submitting interaction iid=5DD002.0.299 choice=5DD002.0.299.c1 (Forest)
[16:22:39] [P1C] tap land for mana used_for=any
[16:22:39] [P1C] submitting interaction iid=5DD002.0.300 choice=5DD002.0.300.c1 (Forest)
[16:22:39] [P1C] tap land for mana used_for=any
[16:22:39] [P1C] submitting interaction iid=5DD002.0.301 choice=5DD002.0.301.c1 (Forest)
[16:22:40] [P1C] playing land forest
[16:22:40] [P1C] tap land for mana used_for=any
[16:22:40] [P1C] submitting interaction iid=5DD002.0.307 choice=5DD002.0.307.c1 (Forest)
[16:22:43] [P0C] playing land mountain
[16:22:44] [P1C] tap land for mana used_for=any
[16:22:44] [P1C] submitting interaction iid=5DD002.0.334 choice=5DD002.0.334.c1 (Forest)
[16:22:45] [P1C] tap land for mana used_for=any
[16:22:45] [P1C] submitting interaction iid=5DD002.0.335 choice=5DD002.0.335.c1 (Forest)
[16:22:45] [P1C] tap land for mana used_for=any
[16:22:45] [P1C] submitting interaction iid=5DD002.0.336 choice=5DD002.0.336.c1 (Forest)
[16:22:45] [P1C] tap land for mana used_for=any
[16:22:45] [P1C] submitting interaction iid=5DD002.0.337 choice=5DD002.0.337.c1 (Forest)
[16:22:45] [P1C] tap land for mana used_for=any
[16:22:45] [P1C] submitting interaction iid=5DD002.0.338 choice=5DD002.0.338.c1 (Forest)
[16:22:45] [P1C] tap land for mana used_for=any
[16:22:45] [P1C] submitting interaction iid=5DD002.0.339 choice=5DD002.0.339.c1 (Forest)
[16:22:45] [P1C] tap land for mana used_for=any
[16:22:45] [P1C] submitting interaction iid=5DD002.0.340 choice=5DD002.0.340.c1 (Forest)
[16:22:46] [P1C] tap land for mana used_for=any
[16:22:46] [P1C] submitting interaction iid=5DD002.0.341 choice=5DD002.0.341.c1 (Forest)
[16:22:46] [P1C] tap land for mana used_for=any
[16:22:46] [P1C] submitting interaction iid=5DD002.0.342 choice=5DD002.0.342.c1 (Forest)
[16:22:47] [P1C] playing land forest
[16:22:47] [P1C] tap land for mana used_for=any
[16:22:47] [P1C] submitting interaction iid=5DD002.0.348 choice=5DD002.0.348.c1 (Forest)
[16:22:53] [P1C] tap land for mana used_for=any
[16:22:53] [P1C] submitting interaction iid=5DD002.0.374 choice=5DD002.0.374.c1 (Forest)
[16:22:53] [P1C] tap land for mana used_for=any
[16:22:53] [P1C] submitting interaction iid=5DD002.0.375 choice=5DD002.0.375.c1 (Forest)
[16:22:53] [P1C] tap land for mana used_for=any
[16:22:53] [P1C] submitting interaction iid=5DD002.0.376 choice=5DD002.0.376.c1 (Forest)
[16:22:53] [P1C] tap land for mana used_for=any
[16:22:53] [P1C] submitting interaction iid=5DD002.0.377 choice=5DD002.0.377.c1 (Forest)
[16:22:53] [P1C] tap land for mana used_for=any
[16:22:53] [P1C] submitting interaction iid=5DD002.0.378 choice=5DD002.0.378.c1 (Forest)
[16:22:54] [P1C] tap land for mana used_for=any
[16:22:54] [P1C] submitting interaction iid=5DD002.0.379 choice=5DD002.0.379.c1 (Forest)
[16:22:54] [P1C] tap land for mana used_for=any
[16:22:54] [P1C] submitting interaction iid=5DD002.0.380 choice=5DD002.0.380.c1 (Forest)
[16:22:54] [P1C] tap land for mana used_for=any
[16:22:54] [P1C] submitting interaction iid=5DD002.0.381 choice=5DD002.0.381.c1 (Forest)
[16:22:54] [P1C] tap land for mana used_for=any
[16:22:54] [P1C] submitting interaction iid=5DD002.0.382 choice=5DD002.0.382.c1 (Forest)
[16:22:54] [P1C] tap land for mana used_for=any
[16:22:54] [P1C] submitting interaction iid=5DD002.0.383 choice=5DD002.0.383.c1 (Forest)
[16:22:55] [P1C] playing land forest
[16:22:55] [P1C] tap land for mana used_for=any
[16:22:55] [P1C] submitting interaction iid=5DD002.0.389 choice=5DD002.0.389.c1 (Forest)
[16:22:58] [P0C] playing land mountain
[16:22:59] [P1C] tap land for mana used_for=any
[16:22:59] [P1C] submitting interaction iid=5DD002.0.416 choice=5DD002.0.416.c1 (Forest)
[16:23:00] [P1C] tap land for mana used_for=any
[16:23:00] [P1C] submitting interaction iid=5DD002.0.417 choice=5DD002.0.417.c1 (Forest)
[16:23:00] [P1C] tap land for mana used_for=any
[16:23:00] [P1C] submitting interaction iid=5DD002.0.418 choice=5DD002.0.418.c1 (Forest)
[16:23:00] [P1C] tap land for mana used_for=any
[16:23:00] [P1C] submitting interaction iid=5DD002.0.419 choice=5DD002.0.419.c1 (Forest)
[16:23:00] [P1C] tap land for mana used_for=any
[16:23:00] [P1C] submitting interaction iid=5DD002.0.420 choice=5DD002.0.420.c1 (Forest)
[16:23:00] [P1C] tap land for mana used_for=any
[16:23:00] [P1C] submitting interaction iid=5DD002.0.421 choice=5DD002.0.421.c1 (Forest)
[16:23:00] [P1C] tap land for mana used_for=any
[16:23:00] [P1C] submitting interaction iid=5DD002.0.422 choice=5DD002.0.422.c1 (Forest)
[16:23:00] [P1C] tap land for mana used_for=any
[16:23:00] [P1C] submitting interaction iid=5DD002.0.423 choice=5DD002.0.423.c1 (Forest)
[16:23:01] [P1C] tap land for mana used_for=any
[16:23:01] [P1C] submitting interaction iid=5DD002.0.424 choice=5DD002.0.424.c1 (Forest)
[16:23:01] [P1C] tap land for mana used_for=any
[16:23:01] [P1C] submitting interaction iid=5DD002.0.425 choice=5DD002.0.425.c1 (Forest)
[16:23:01] [P1C] tap land for mana used_for=any
[16:23:01] [P1C] submitting interaction iid=5DD002.0.426 choice=5DD002.0.426.c1 (Forest)
[16:23:02] [P1C] playing land forest
[16:23:02] [P1C] tap land for mana used_for=any
[16:23:02] [P1C] submitting interaction iid=5DD002.0.432 choice=5DD002.0.432.c1 (Forest)
[16:23:04] [P0C] playing land mountain
[16:23:06] [P1C] tap land for mana used_for=any
[16:23:06] [P1C] submitting interaction iid=5DD002.0.459 choice=5DD002.0.459.c1 (Forest)
[16:23:06] [P1C] tap land for mana used_for=any
[16:23:06] [P1C] submitting interaction iid=5DD002.0.460 choice=5DD002.0.460.c1 (Forest)
[16:23:06] [P1C] tap land for mana used_for=any
[16:23:06] [P1C] submitting interaction iid=5DD002.0.461 choice=5DD002.0.461.c1 (Forest)
[16:23:07] [P1C] tap land for mana used_for=any
[16:23:07] [P1C] submitting interaction iid=5DD002.0.462 choice=5DD002.0.462.c1 (Forest)
[16:23:07] [P1C] tap land for mana used_for=any
[16:23:07] [P1C] submitting interaction iid=5DD002.0.463 choice=5DD002.0.463.c1 (Forest)
[16:23:07] [P1C] tap land for mana used_for=any
[16:23:07] [P1C] submitting interaction iid=5DD002.0.464 choice=5DD002.0.464.c1 (Forest)
[16:23:07] [P1C] tap land for mana used_for=any
[16:23:07] [P1C] submitting interaction iid=5DD002.0.465 choice=5DD002.0.465.c1 (Forest)
[16:23:07] [P1C] tap land for mana used_for=any
[16:23:07] [P1C] submitting interaction iid=5DD002.0.466 choice=5DD002.0.466.c1 (Forest)
[16:23:07] [P1C] tap land for mana used_for=any
[16:23:07] [P1C] submitting interaction iid=5DD002.0.467 choice=5DD002.0.467.c1 (Forest)
[16:23:07] [P1C] tap land for mana used_for=any
[16:23:07] [P1C] submitting interaction iid=5DD002.0.468 choice=5DD002.0.468.c1 (Forest)
[16:23:08] [P1C] tap land for mana used_for=any
[16:23:08] [P1C] submitting interaction iid=5DD002.0.469 choice=5DD002.0.469.c1 (Forest)
[16:23:08] [P1C] tap land for mana used_for=any
[16:23:08] [P1C] submitting interaction iid=5DD002.0.470 choice=5DD002.0.470.c1 (Forest)
[16:23:08] [P1C] playing land forest
[16:23:09] [P1C] tap land for mana used_for=any
[16:23:09] [P1C] submitting interaction iid=5DD002.0.476 choice=5DD002.0.476.c1 (Forest)
[16:23:11] [P0C] playing land mountain
[16:23:13] [P1C] tap land for mana used_for=any
[16:23:13] [P1C] submitting interaction iid=5DD002.0.503 choice=5DD002.0.503.c1 (Forest)
[16:23:13] [P1C] tap land for mana used_for=any
[16:23:13] [P1C] submitting interaction iid=5DD002.0.504 choice=5DD002.0.504.c1 (Forest)
[16:23:14] [P1C] tap land for mana used_for=any
[16:23:14] [P1C] submitting interaction iid=5DD002.0.505 choice=5DD002.0.505.c1 (Forest)
[16:23:14] [P1C] tap land for mana used_for=any
[16:23:14] [P1C] submitting interaction iid=5DD002.0.506 choice=5DD002.0.506.c1 (Forest)
[16:23:14] [P1C] tap land for mana used_for=any
[16:23:14] [P1C] submitting interaction iid=5DD002.0.507 choice=5DD002.0.507.c1 (Forest)
[16:23:14] [P1C] tap land for mana used_for=any
[16:23:14] [P1C] submitting interaction iid=5DD002.0.508 choice=5DD002.0.508.c1 (Forest)
[16:23:14] [P1C] tap land for mana used_for=any
[16:23:14] [P1C] submitting interaction iid=5DD002.0.509 choice=5DD002.0.509.c1 (Forest)
[16:23:14] [P1C] tap land for mana used_for=any
[16:23:14] [P1C] submitting interaction iid=5DD002.0.510 choice=5DD002.0.510.c1 (Forest)
[16:23:14] [P1C] tap land for mana used_for=any
[16:23:14] [P1C] submitting interaction iid=5DD002.0.511 choice=5DD002.0.511.c1 (Forest)
[16:23:15] [P1C] tap land for mana used_for=any
[16:23:15] [P1C] submitting interaction iid=5DD002.0.512 choice=5DD002.0.512.c1 (Forest)
[16:23:15] [P1C] tap land for mana used_for=any
[16:23:15] [P1C] submitting interaction iid=5DD002.0.513 choice=5DD002.0.513.c1 (Forest)
[16:23:15] [P1C] tap land for mana used_for=any
[16:23:15] [P1C] submitting interaction iid=5DD002.0.514 choice=5DD002.0.514.c1 (Forest)
[16:23:15] [P1C] tap land for mana used_for=any
[16:23:15] [P1C] submitting interaction iid=5DD002.0.515 choice=5DD002.0.515.c1 (Forest)
[16:23:16] [P1C] playing land forest
[16:23:16] [P1C] tap land for mana used_for=any
[16:23:16] [P1C] submitting interaction iid=5DD002.0.521 choice=5DD002.0.521.c1 (Forest)
[16:23:18] [P0C] playing land mountain
[16:23:21] [P1C] tap land for mana used_for=any
[16:23:21] [P1C] submitting interaction iid=5DD002.0.548 choice=5DD002.0.548.c1 (Forest)
[16:23:22] [P1C] tap land for mana used_for=any
[16:23:22] [P1C] submitting interaction iid=5DD002.0.549 choice=5DD002.0.549.c1 (Forest)
[16:23:22] [P1C] tap land for mana used_for=any
[16:23:22] [P1C] submitting interaction iid=5DD002.0.550 choice=5DD002.0.550.c1 (Forest)
[16:23:22] [P1C] tap land for mana used_for=any
[16:23:22] [P1C] submitting interaction iid=5DD002.0.551 choice=5DD002.0.551.c1 (Forest)
[16:23:22] [P1C] tap land for mana used_for=any
[16:23:22] [P1C] submitting interaction iid=5DD002.0.552 choice=5DD002.0.552.c1 (Forest)
[16:23:22] [P1C] tap land for mana used_for=any
[16:23:22] [P1C] submitting interaction iid=5DD002.0.553 choice=5DD002.0.553.c1 (Forest)
[16:23:22] [P1C] tap land for mana used_for=any
[16:23:22] [P1C] submitting interaction iid=5DD002.0.554 choice=5DD002.0.554.c1 (Forest)
[16:23:23] [P1C] tap land for mana used_for=any
[16:23:23] [P1C] submitting interaction iid=5DD002.0.555 choice=5DD002.0.555.c1 (Forest)
[16:23:23] [P1C] tap land for mana used_for=any
[16:23:23] [P1C] submitting interaction iid=5DD002.0.556 choice=5DD002.0.556.c1 (Forest)
[16:23:23] [P1C] tap land for mana used_for=any
[16:23:23] [P1C] submitting interaction iid=5DD002.0.557 choice=5DD002.0.557.c1 (Forest)
[16:23:23] [P1C] tap land for mana used_for=any
[16:23:23] [P1C] submitting interaction iid=5DD002.0.558 choice=5DD002.0.558.c1 (Forest)
[16:23:23] [P1C] tap land for mana used_for=any
[16:23:23] [P1C] submitting interaction iid=5DD002.0.559 choice=5DD002.0.559.c1 (Forest)
[16:23:23] [P1C] tap land for mana used_for=any
[16:23:23] [P1C] submitting interaction iid=5DD002.0.560 choice=5DD002.0.560.c1 (Forest)
[16:23:23] [P1C] tap land for mana used_for=any
[16:23:23] [P1C] submitting interaction iid=5DD002.0.561 choice=5DD002.0.561.c1 (Forest)
[16:23:24] [P1C] playing land forest
[16:23:24] [P1C] tap land for mana used_for=any
[16:23:24] [P1C] submitting interaction iid=5DD002.0.567 choice=5DD002.0.567.c1 (Forest)
[16:23:28] [P1C] tap land for mana used_for=any
[16:23:28] [P1C] submitting interaction iid=5DD002.0.593 choice=5DD002.0.593.c1 (Forest)
[16:23:28] [P1C] tap land for mana used_for=any
[16:23:28] [P1C] submitting interaction iid=5DD002.0.594 choice=5DD002.0.594.c1 (Forest)
[16:23:29] [P1C] tap land for mana used_for=any
[16:23:29] [P1C] submitting interaction iid=5DD002.0.595 choice=5DD002.0.595.c1 (Forest)
[16:23:29] [P1C] tap land for mana used_for=any
[16:23:29] [P1C] submitting interaction iid=5DD002.0.596 choice=5DD002.0.596.c1 (Forest)
[16:23:29] [P1C] tap land for mana used_for=any
[16:23:29] [P1C] submitting interaction iid=5DD002.0.597 choice=5DD002.0.597.c1 (Forest)
[16:23:29] [P1C] tap land for mana used_for=any
[16:23:29] [P1C] submitting interaction iid=5DD002.0.598 choice=5DD002.0.598.c1 (Forest)
[16:23:29] [P1C] tap land for mana used_for=any
[16:23:29] [P1C] submitting interaction iid=5DD002.0.599 choice=5DD002.0.599.c1 (Forest)
[16:23:29] [P1C] tap land for mana used_for=any
[16:23:29] [P1C] submitting interaction iid=5DD002.0.600 choice=5DD002.0.600.c1 (Forest)
[16:23:30] [P1C] tap land for mana used_for=any
[16:23:30] [P1C] submitting interaction iid=5DD002.0.601 choice=5DD002.0.601.c1 (Forest)
[16:23:30] [P1C] tap land for mana used_for=any
[16:23:30] [P1C] submitting interaction iid=5DD002.0.602 choice=5DD002.0.602.c1 (Forest)
[16:23:30] [P1C] tap land for mana used_for=any
[16:23:30] [P1C] submitting interaction iid=5DD002.0.603 choice=5DD002.0.603.c1 (Forest)
[16:23:30] [P1C] tap land for mana used_for=any
[16:23:30] [P1C] submitting interaction iid=5DD002.0.604 choice=5DD002.0.604.c1 (Forest)
[16:23:30] [P1C] tap land for mana used_for=any
[16:23:30] [P1C] submitting interaction iid=5DD002.0.605 choice=5DD002.0.605.c1 (Forest)
[16:23:30] [P1C] tap land for mana used_for=any
[16:23:30] [P1C] submitting interaction iid=5DD002.0.606 choice=5DD002.0.606.c1 (Forest)
[16:23:31] [P1C] tap land for mana used_for=any
[16:23:31] [P1C] submitting interaction iid=5DD002.0.607 choice=5DD002.0.607.c1 (Forest)
[16:23:32] [P1C] playing land forest
[16:23:32] [P1C] tap land for mana used_for=any
[16:23:32] [P1C] submitting interaction iid=5DD002.0.613 choice=5DD002.0.613.c1 (Forest)
[16:23:36] [P0C] NOTE: hand=8>7 but vi kind code='choose'; vi_ops=1; trying SelectCards fallback
[16:23:37] [P0C] NOTE: hand=8>7 but vi kind code='choose'; vi_ops=0; trying SelectCards fallback
[16:23:37] [P0C] NOTE: hand=8>7 but vi kind code='choose'; vi_ops=1; trying SelectCards fallback
[16:23:37] [C] P0 casts phyrexian altar (oid 49) needs={'generic': 3}
[16:23:37] [C] tap land for mana used_for=generic
[16:23:37] [C] submitting interaction iid=5DD002.0.629 choice=5DD002.0.629.c2 (Mountain)
[16:23:37] [C] tap land for mana used_for=generic
[16:23:37] [C] submitting interaction iid=5DD002.0.630 choice=5DD002.0.630.c2 (Mountain)
[16:23:38] [C] tap land for mana used_for=generic
[16:23:38] [C] submitting interaction iid=5DD002.0.631 choice=5DD002.0.631.c2 (Mountain)
[16:23:39] [C] setup complete -> assert phase
[16:23:39] [C] exported pre_C.json
[16:23:39] [C] PRE exported; setup ready (turn 32)
[16:23:40] [P1C] tap land for mana used_for=any
[16:23:40] [P1C] submitting interaction iid=5DD002.0.645 choice=5DD002.0.645.c1 (Forest)
[16:23:40] [P1C] tap land for mana used_for=any
[16:23:40] [P1C] submitting interaction iid=5DD002.0.646 choice=5DD002.0.646.c1 (Forest)
[16:23:40] [P1C] tap land for mana used_for=any
[16:23:40] [P1C] submitting interaction iid=5DD002.0.647 choice=5DD002.0.647.c1 (Forest)
[16:23:40] [P1C] tap land for mana used_for=any
[16:23:40] [P1C] submitting interaction iid=5DD002.0.648 choice=5DD002.0.648.c1 (Forest)
[16:23:41] [P1C] tap land for mana used_for=any
[16:23:41] [P1C] submitting interaction iid=5DD002.0.649 choice=5DD002.0.649.c1 (Forest)
[16:23:41] [P1C] tap land for mana used_for=any
[16:23:41] [P1C] submitting interaction iid=5DD002.0.650 choice=5DD002.0.650.c1 (Forest)
[16:23:41] [P1C] tap land for mana used_for=any
[16:23:41] [P1C] submitting interaction iid=5DD002.0.651 choice=5DD002.0.651.c1 (Forest)
[16:23:41] [P1C] tap land for mana used_for=any
[16:23:41] [P1C] submitting interaction iid=5DD002.0.652 choice=5DD002.0.652.c1 (Forest)
[16:23:41] [P1C] tap land for mana used_for=any
[16:23:41] [P1C] submitting interaction iid=5DD002.0.653 choice=5DD002.0.653.c1 (Forest)
[16:23:41] [P1C] tap land for mana used_for=any
[16:23:41] [P1C] submitting interaction iid=5DD002.0.654 choice=5DD002.0.654.c1 (Forest)
[16:23:41] [P1C] tap land for mana used_for=any
[16:23:41] [P1C] submitting interaction iid=5DD002.0.655 choice=5DD002.0.655.c1 (Forest)
[16:23:42] [P1C] tap land for mana used_for=any
[16:23:42] [P1C] submitting interaction iid=5DD002.0.656 choice=5DD002.0.656.c1 (Forest)
[16:23:42] [P1C] tap land for mana used_for=any
[16:23:42] [P1C] submitting interaction iid=5DD002.0.657 choice=5DD002.0.657.c1 (Forest)
[16:23:42] [P1C] tap land for mana used_for=any
[16:23:42] [P1C] submitting interaction iid=5DD002.0.658 choice=5DD002.0.658.c1 (Forest)
[16:23:42] [P1C] tap land for mana used_for=any
[16:23:42] [P1C] submitting interaction iid=5DD002.0.659 choice=5DD002.0.659.c1 (Forest)
[16:23:42] [P1C] tap land for mana used_for=any
[16:23:42] [P1C] submitting interaction iid=5DD002.0.660 choice=5DD002.0.660.c1 (Forest)
[16:23:43] [P1C] playing land forest
[16:23:43] [P1C] tap land for mana used_for=any
[16:23:43] [P1C] submitting interaction iid=5DD002.0.666 choice=5DD002.0.666.c1 (Forest)
[16:23:45] [P0C] NOTE: hand=8>7 but vi kind code='choose'; vi_ops=1; trying SelectCards fallback
[16:23:45] [P0C] NOTE: hand=8>7 but vi kind code='choose'; vi_ops=0; trying SelectCards fallback
[16:23:46] [P0C] NOTE: hand=8>7 but vi kind code='choose'; vi_ops=1; trying SelectCards fallback
[16:23:46] [P0C] NOTE: hand=8>7 but vi kind code='choose'; vi_ops=0; trying SelectCards fallback
[16:23:46] [P0C] NOTE: hand=8>7 but vi kind code='choose'; vi_ops=1; trying SelectCards fallback
[16:23:46] [P0C] NOTE: hand=8>7 but vi kind code='choose'; vi_ops=0; trying SelectCards fallback
[16:23:46] [P0C] NOTE: hand=8>7 but vi kind code='relations'; vi_ops=1; trying SelectCards fallback
[16:23:47] [P0C] NOTE: hand=8>7 but vi kind code='choose'; vi_ops=1; trying SelectCards fallback
[16:23:47] [P0C] NOTE: hand=8>7 but vi kind code='choose'; vi_ops=0; trying SelectCards fallback
[16:23:47] [P0C] NOTE: hand=8>7 but vi kind code='choose'; vi_ops=1; trying SelectCards fallback
[16:23:47] [C] gate: CastSpell(endless one) offered_seen=True (obs=4)
[16:23:47] [C] -> act phase
[16:23:47] [C] casting endless one
[16:23:48] [P0C] NOTE: hand=8>7 but vi kind code='choose'; vi_ops=1; trying SelectCards fallback
[16:23:48] [C] X-choice offered: min=0 max=16 (turn 34, bf=[('krark-clan ironworks', 1), ('memnite', 1), ('mountain', 13), ('phyrexian altar', 1)])
[16:23:48] [C] C2_x_cap_observed: max=16
[16:23:48] [C] submitting number X=2
[16:23:48] [C] chose X=2 for endless one
[16:23:49] [C] tap land for mana used_for=generic
[16:23:49] [C] submitting interaction iid=5DD002.0.690 choice=5DD002.0.690.c3 (Mountain)
[16:23:49] [C] tap land for mana used_for=generic
[16:23:49] [C] submitting interaction iid=5DD002.0.691 choice=5DD002.0.691.c3 (Mountain)
[16:23:49] [C] unmatched interaction while expecting=pay: rtype=exactChoices
[16:23:49] [C] C: payment done (stack_spells=1, ones_bf=0); letting it resolve
[16:24:34] WATCHDOG stale P0C: rev 692 turn=34 phase=PostCombatMain legal=['PassPriority'] vikind=choose
[16:24:34] WATCHDOG stale P1C: rev 692 turn=34 phase=PostCombatMain legal=[] vikind=choose
[16:24:35] [C] expecting pay timed out; clearing
[16:24:35] [C] C3: Endless One on battlefield with 2 +1/+1 counters (want 2) -> passed
[16:24:35] [C] POST exported
