game=G9TYO3 run=20260908-03
P0 mulligan decision: Mulligan
P0 mulligan decision: Keep
P0 mulligan decision: Keep
[P0] ActionRejected: {"rejection": {"code": "invalid_action", "disposition": "invalid", "message": "That action is not valid in the current game state.", "related_object_ids": []}}
P0 mulligan decision: Keep
[P0] ActionRejected: {"rejection": {"code": "invalid_action", "disposition": "invalid", "message": "That action is not valid in the current game state.", "related_object_ids": []}}
P1 mulligan decision: Keep
P0 bottoms 1 cards after mulligan
DBG P0 main turn 1: hand=['Llanowar Elves', 'Swamp', 'Llanowar Elves', 'Llanowar Elves', 'Forest', 'Swamp']; castable=[]
P0 casting Llanowar Elves
Elves entered turn 1; keys: ['abilities', 'assigns_damage_as_though_unblocked', 'assigns_damage_from_toughness', 'assigns_no_combat_damage', 'attached_to', 'attachments', 'available_mana_pips', 'back_face', 'base_abilities', 'base_card_types', 'base_characteristics_initialized', 'base_color', 'base_controller', 'base_defense', 'base_keywords', 'base_loyalty', 'base_mana_cost', 'base_name', 'base_power', 'base_printed_ref', 'base_replacement_definitions', 'base_static_definitions', 'base_toughness', 'base_trigger_definitions', 'card_id', 'card_types', 'cast_controller', 'cast_face_committed', 'cast_from_zone', 'color', 'colors_spent_to_cast', 'controller', 'counters', 'damage_marked', 'dealt_deathtouch_damage', 'display_source', 'display_visible_to_viewer', 'echo_due', 'entered_battlefield_turn', 'face_down', 'flipped', 'foretold', 'harnessed', 'has_mana_ability', 'has_summoning_sickness', 'id', 'in_attraction_deck', 'in_contraption_deck', 'incarnation', 'intensity', 'is_commander', 'is_emblem', 'is_renowned', 'is_saddled', 'is_suspected', 'is_token', 'keywords', 'layer_base_power', 'layer_base_toughness', 'loyalty', 'loyalty_activations_this_turn', 'mana_cost', 'mana_spent_source_snapshots', 'mana_spent_to_cast', 'mana_spent_to_cast_amount', 'modal_back_face', 'monstrous', 'name', 'next_trigger_base_set_instance', 'owner', 'phase_status', 'power', 'printed_ref', 'replacement_definitions', 'saddled_by', 'static_definitions', 'summoning_sick', 'tapped', 'timestamp', 'toughness', 'transformed', 'trigger_base_set_instance', 'trigger_definitions', 'trigger_occurrence_state', 'zone']
P0 player keys: ['attraction_deck', 'bending_types_this_turn', 'can_look_at_top_of_library', 'cards_drawn_this_step', 'cards_drawn_this_turn', 'commander_color_identity', 'contraption_crank_sprocket', 'contraption_deck', 'crimes_committed_this_turn', 'descended_this_turn', 'drew_from_empty_library', 'energy', 'graveyard', 'hand', 'has_drawn_this_turn', 'id', 'is_eliminated', 'lands_played_this_turn', 'library', 'life', 'life_gained_this_turn', 'life_lost_last_turn', 'life_lost_this_turn', 'mana_pool', 'poison_counters', 'speed_trigger_used_this_turn', 'status', 'turns_taken']
DBG P0 main turn 3: hand=['Llanowar Elves', 'Swamp', 'Llanowar Elves', 'Swamp', 'Forest']; castable=[('CastSpell', 'Llanowar Elves'), ('CastSpell', 'Llanowar Elves'), ('CastSpell', 'Llanowar Elves'), ('CastSpell', 'Llanowar Elves')]
P0 casting Llanowar Elves
P0 casting Llanowar Elves
DBG P0 main turn 5: hand=['Swamp', 'Forest', 'Swamp']; castable=[]
DBG non-priority decision: DeclareAttackers turn 5 actions=[('DeclareAttackers', ['attacks', 'bands']), ('DeclareAttackers', ['attacks', 'bands']), ('DeclareAttackers', ['attacks', 'bands']), ('DeclareAttackers', ['attacks', 'bands']), ('DeclareAttackers', ['attacks', 'bands'])]
DBG DeclareAttackers shape: {"type": "DeclareAttackers", "data": {"attacks": [], "bands": []}}
P0 declares no DeclareAttackers
DBG P0 main turn 5: hand=['Swamp', 'Forest']; castable=[]
DBG P0 main turn 7: hand=['Swamp', 'Forest', 'Swamp']; castable=[]
DBG non-priority decision: DeclareAttackers turn 7 actions=[('DeclareAttackers', ['attacks', 'bands']), ('DeclareAttackers', ['attacks', 'bands']), ('DeclareAttackers', ['attacks', 'bands']), ('DeclareAttackers', ['attacks', 'bands']), ('DeclareAttackers', ['attacks', 'bands'])]
DBG DeclareAttackers shape: {"type": "DeclareAttackers", "data": {"attacks": [], "bands": []}}
P0 declares no DeclareAttackers
DBG P0 main turn 7: hand=['Forest', 'Swamp']; castable=[]
DBG P0 main turn 9: hand=['Forest', 'Swamp', 'Forest']; castable=[]
DBG non-priority decision: DeclareAttackers turn 9 actions=[('DeclareAttackers', ['attacks', 'bands']), ('DeclareAttackers', ['attacks', 'bands']), ('DeclareAttackers', ['attacks', 'bands']), ('DeclareAttackers', ['attacks', 'bands']), ('DeclareAttackers', ['attacks', 'bands'])]
DBG DeclareAttackers shape: {"type": "DeclareAttackers", "data": {"attacks": [], "bands": []}}
P0 declares no DeclareAttackers
DBG P0 main turn 9: hand=['Forest', 'Swamp']; castable=[]
DBG P0 main turn 11: hand=['Forest', 'Swamp', 'Forest']; castable=[]
DBG non-priority decision: DeclareAttackers turn 11 actions=[('DeclareAttackers', ['attacks', 'bands']), ('DeclareAttackers', ['attacks', 'bands']), ('DeclareAttackers', ['attacks', 'bands']), ('DeclareAttackers', ['attacks', 'bands']), ('DeclareAttackers', ['attacks', 'bands'])]
DBG DeclareAttackers shape: {"type": "DeclareAttackers", "data": {"attacks": [], "bands": []}}
P0 declares no DeclareAttackers
DBG P0 main turn 11: hand=['Forest', 'Swamp']; castable=[]
DBG P0 main turn 13: hand=['Forest', 'Swamp', 'Forest']; castable=[]
DBG non-priority decision: DeclareAttackers turn 13 actions=[('DeclareAttackers', ['attacks', 'bands']), ('DeclareAttackers', ['attacks', 'bands']), ('DeclareAttackers', ['attacks', 'bands']), ('DeclareAttackers', ['attacks', 'bands']), ('DeclareAttackers', ['attacks', 'bands'])]
DBG DeclareAttackers shape: {"type": "DeclareAttackers", "data": {"attacks": [], "bands": []}}
P0 declares no DeclareAttackers
DBG P0 main turn 13: hand=['Forest', 'Swamp']; castable=[]
DBG P0 main turn 15: hand=['Forest', 'Swamp', 'Tyvar the Bellicose']; castable=[('CastSpell', 'Tyvar the Bellicose'), ('CastSpell', 'Tyvar the Bellicose')]
P0 casting Tyvar the Bellicose
setup ok at turn 15
PRE export at turn 15; activating Elves mana ability
exported pre.json
exported mid.json
DBG non-priority decision: DeclareAttackers turn 15 actions=[('DeclareAttackers', ['attacks', 'bands']), ('DeclareAttackers', ['attacks', 'bands']), ('DeclareAttackers', ['attacks', 'bands']), ('DeclareAttackers', ['attacks', 'bands'])]
DBG DeclareAttackers shape: {"type": "DeclareAttackers", "data": {"attacks": [], "bands": []}}
P0 declares no DeclareAttackers
DBG P0 main turn 15: hand=['Forest']; castable=[]
DBG P0 main turn 17: hand=['Forest', 'Swamp']; castable=[]
DBG non-priority decision: DeclareAttackers turn 17 actions=[('DeclareAttackers', ['attacks', 'bands']), ('DeclareAttackers', ['attacks', 'bands']), ('DeclareAttackers', ['attacks', 'bands']), ('DeclareAttackers', ['attacks', 'bands']), ('DeclareAttackers', ['attacks', 'bands']), ('DeclareAttackers', ['attacks', 'bands'])]
DBG DeclareAttackers shape: {"type": "DeclareAttackers", "data": {"attacks": [], "bands": []}}
P0 declares no DeclareAttackers
DBG P0 main turn 17: hand=['Forest']; castable=[]
DBG P0 main turn 19: hand=['Forest', 'Swamp']; castable=[]
DBG non-priority decision: DeclareAttackers turn 19 actions=[('DeclareAttackers', ['attacks', 'bands']), ('DeclareAttackers', ['attacks', 'bands']), ('DeclareAttackers', ['attacks', 'bands']), ('DeclareAttackers', ['attacks', 'bands']), ('DeclareAttackers', ['attacks', 'bands']), ('DeclareAttackers', ['attacks', 'bands'])]
DBG DeclareAttackers shape: {"type": "DeclareAttackers", "data": {"attacks": [], "bands": []}}
P0 declares no DeclareAttackers
DBG P0 main turn 19: hand=['Forest']; castable=[]
exported post.json
{
 "verdict": "reproduced",
 "assertions": {
  "A1_setup_ok": "passed",
  "A2_mana_produced": "passed",
  "A3_counters_added": "failed",
  "A4_once_per_turn": "not-run"
 },
 "notes": [
  "mid: Elves tapped=True pool_g=1 (pre pool_g=0)",
  "post: Elves counters raw sample: {\"counters\": {}}",
  "post: Elves tapped=False",
  "BUG: no +1/+1 counters after granted trigger window",
  "A4 not-run: second same-turn activation of the same Elves impossible while tapped; no untap effect in scenario decks",
  "parser corroboration: card-data.json parses Tyvar's granted trigger as mode {Unknown: 'Whenever a mana ability of ~ resolves'} with effect {Unimplemented: put ...}; the trigger can never fire"
 ]
}
