both clients connected
game created: BEN4NG
P1 joined
[P0] mulligan: keep 7
[P1] mulligan: keep 7
[diag] t=1s stage=setup turn=1 phase=PreCombatMain wf=Priority cq=False b1=None b2=None promptsA=False promptsB=False
exported pre.json (turn=3)
[P0] casting Charismatic Conqueror
[P0] Charismatic Conqueror ENTERED oid=20 turn=3 phase=PreCombatMain
[P1] casting Grizzly Bears #1 (leg A: accept branch)
[P0] Bears #1 ENTERED oid=72 -> legA window open (turn=8 phase=PreCombatMain)
[P1] legA may-tap answered accept=True
exported mid_accept.json (turn=8)
[P0] legA closed: answered=True prompt_seen=True tokens=0
[P1] casting Grizzly Bears #2 (leg B: decline branch)
[P0] Bears #2 ENTERED oid=76 -> legB window open (turn=16 phase=PreCombatMain)
[P1] legB may-tap answered accept=False
exported mid_decline.json (turn=16)
[P0] legB closed: answered=True prompt_seen=True tokens=0
exported post.json (turn=17)
loaded pre.json
loaded mid_accept.json
loaded mid_decline.json
loaded post.json
server.log excerpt failed: [Errno 2] No such file or directory: '/home/hatch/workspace/dev/phase-backfill/runs/20260915-7178b/server.log'
saved summary.png (49365 bytes)
wrote manifest.sha256 (9 files)
