both clients connected
BACKFILL_7142_MODE=accept
game created: G7O3EF
P1 joined
[P0] mulligan: keep 7
[P1] mulligan: keep 7
[diag] t=1s stage=setup turn=1 phase=PreCombatMain wf=Priority paragon_bf=0 bears_bf=0 salves_hand=3 life=20/20
[P0] playing land plains
[P1] discarding to hand size: G7O3EF.0.45.s0
[P1] submitting interaction iid=G7O3EF.0.45 choice=G7O3EF.0.45.s0 (G7O3EF.0.45.s0)
[P0] playing land plains
[P1] discarding to hand size: G7O3EF.0.75.s0
[P1] submitting interaction iid=G7O3EF.0.75 choice=G7O3EF.0.75.s0 (G7O3EF.0.75.s0)
[P0] discarding to hand size: G7O3EF.0.90.s0
[P0] submitting interaction iid=G7O3EF.0.90 choice=G7O3EF.0.90.s0 (G7O3EF.0.90.s0)
[P1] discarding to hand size: G7O3EF.0.105.s0
[P1] submitting interaction iid=G7O3EF.0.105 choice=G7O3EF.0.105.s0 (G7O3EF.0.105.s0)
[P0] playing land plains
[P1] discarding to hand size: G7O3EF.0.135.s0
[P1] submitting interaction iid=G7O3EF.0.135 choice=G7O3EF.0.135.s0 (G7O3EF.0.135.s0)
[P0] playing land plains
[P1] discarding to hand size: G7O3EF.0.165.s0
[P1] submitting interaction iid=G7O3EF.0.165 choice=G7O3EF.0.165.s0 (G7O3EF.0.165.s0)
[P0] playing land forest
[P0] casting grizzly bears
[P1] discarding to hand size: G7O3EF.0.198.s0
[P1] submitting interaction iid=G7O3EF.0.198 choice=G7O3EF.0.198.s0 (G7O3EF.0.198.s0)
[P0] playing land plains
[P0] casting nykthos paragon
[P1] discarding to hand size: G7O3EF.0.232.s0
[P1] submitting interaction iid=G7O3EF.0.232 choice=G7O3EF.0.232.s0 (G7O3EF.0.232.s0)
[P1] discarding to hand size: G7O3EF.0.262.s0
[P1] submitting interaction iid=G7O3EF.0.262 choice=G7O3EF.0.262.s0 (G7O3EF.0.262.s0)
[P1] discarding to hand size: G7O3EF.0.292.s0
[P1] submitting interaction iid=G7O3EF.0.292 choice=G7O3EF.0.292.s0 (G7O3EF.0.292.s0)
[P0] casting grizzly bears
exported pre.json (turn=20)
[P0] PRE exported: paragon_bf=1 bears_bf=2 salves_hand=4 life=20
stage -> salve1 (was setup)
[P0] casting healing salve #1 (oid=1)
[P0] salve mode choice (leg 1): modes=['Target player gains 3 life.', 'Prevent the next 3 damage that would be dealt to any target this turn.'] picking index 0 (G7O3EF.0.301.o0)
[P0] submitting interaction iid=G7O3EF.0.301 choice=G7O3EF.0.301.o0 (G7O3EF.0.301.o0)
[P0] TargetSelection (salve leg 1): choosing self
[P0] submitting interaction iid=G7O3EF.0.302 choice=G7O3EF.0.302.t0 (G7O3EF.0.302.t0)
[P0] salve #1 resolved: P0 20->23
[P0] NYKTHOS offer (leg 1, wf=OptionalEffectChoice): n=2 accept=['false', 'true'] texts=['G7O3EF.0.307.c0', 'G7O3EF.0.307.c1']
exported offer1.json (turn=20)
[P0] ACCEPTING the Paragon counters (accept-only mode)
[P0] submitting interaction iid=G7O3EF.0.307 choice=G7O3EF.0.307.c1 (G7O3EF.0.307.c1)
exported choice.json (turn=20)
[P0] NYKTHOS choice prompt: choose 1 of 3 creatures [(32, 'grizzly bears'), (2, 'nykthos paragon'), (58, 'grizzly bears')] (source oid=2) -- the 'each creature' bug mechanism
[P0] choosing creature 32 (grizzly bears) for the counters
[P0] submitting interaction iid=G7O3EF.0.308 choice=G7O3EF.0.308.s0 (G7O3EF.0.308.s0)
[P0] accept leg settled; exporting post
exported post.json (turn=20)
stage -> done (was salve1)
loaded pre.json
loaded offer1.json
loaded post.json
wrote server.log excerpts (626 lines)
rendered summary.png
manifest: MISSING offer2.json
wrote manifest.sha256
