P0 creating game...
P1 joining...
game O97GG3; seats 0/1
P0 mulligan -> Keep
P1 mulligan -> Keep
[P0] casts Krark
P0 discards 1
P0 discards 1
[P0] casts Mirror Box
P0 discards 1
[P0] casts Krark
=== stage -> TRIALS (turn 31) ===
[P0] casts Bolt (trial 0)
[P0] Bolt targets P1 (seat 1)
trial 0: 2-trigger stack seen; exporting pre
exported pre_trial_0.json
trial 0: trigger 82 -> loss (copy=False, boltlike=0)
trial 0: trigger 81 -> unknown (copy=False, boltlike=0)
trial 0 done: class=L? damage=0 first_loss_trials=1
[P0] casts Bolt (trial 1)
[P0] Bolt targets P1 (seat 1)
trial 1: 2-trigger stack seen; exporting pre
exported pre_trial_1.json
trial 1: trigger 84 -> loss (copy=False, boltlike=0)
trial 1: trigger 83 -> unknown (copy=False, boltlike=0)
trial 1 done: class=L? damage=0 first_loss_trials=2
[P0] casts Bolt (trial 2)
[P0] Bolt targets P1 (seat 1)
trial 2: 2-trigger stack seen; exporting pre
exported pre_trial_2.json
trial 2: trigger 86 -> loss (copy=False, boltlike=0)
trial 2: trigger 85 -> unknown (copy=False, boltlike=0)
trial 2 done: class=L? damage=0 first_loss_trials=3
P0 discards 1
[P0] casts Bolt (trial 3)
[P0] Bolt targets P1 (seat 1)
trial 3: 2-trigger stack seen; exporting pre
exported pre_trial_3.json
trial 3: trigger 88 -> loss (copy=False, boltlike=0)
trial 3: trigger 87 -> unknown (copy=False, boltlike=0)
trial 3 done: class=L? damage=0 first_loss_trials=4
[P0] casts Bolt (trial 4)
[P0] Bolt targets P1 (seat 1)
trial 4: 2-trigger stack seen; exporting pre
exported pre_trial_4.json
[P0] CopyRetarget: rtype=exactChoices cands=[('O97GG3.0.564.c0', ['chooseTarget'], None), ('O97GG3.0.564.c1', ['chooseTarget'], None), ('O97GG3.0.564.c2', ['chooseTarget'], None), ('O97GG3.0.564.c3', ['chooseTarget'], 0), ('O97GG3.0.564.c4', ['chooseTarget'], 1), ('O97GG3.0.564.c5', ['keepAllCopyTargets'], None)]
[P0] CopyRetarget answered: O97GG3.0.564.c5 (keep targets)
trial 4: trigger 90 -> win (copy=True, boltlike=2)
trial 4: trigger 89 -> loss (copy=False, boltlike=0)
trial 4 done: class=WL damage=3 first_loss_trials=4
[P0] casts Bolt (trial 5)
[P0] Bolt targets P1 (seat 1)
trial 5: 2-trigger stack seen; exporting pre
exported pre_trial_5.json
[P0] CopyRetarget answered: O97GG3.0.596.c5 (keep targets)
trial 5: trigger 93 -> win (copy=True, boltlike=2)
[P0] CopyRetarget answered: O97GG3.0.601.c5 (keep targets)
trial 5: trigger 92 -> win (copy=True, boltlike=2)
trial 5 done: class=WW damage=9 first_loss_trials=4
P0 discards 1
P0 discards 1
