P0 creating game...
P1 joining...
game XUU6AG; seats 0/1
P0 mulligan -> Keep
P1 mulligan -> Keep
[P0] casts Krark
[P0] casts Mirror Box
[P0] casts Krark
=== stage -> TRIALS (turn 7) ===
[P0] casts Bolt (trial 0)
[P0] Bolt targets P1 (seat 1)
trial 0: 2-trigger stack seen; exporting pre
exported pre_trial_0.json
trial 0: trigger 82 -> loss (copy=False, boltlike=0)
trial 0: trigger 81 -> unknown (copy=False, boltlike=0)
trial 0 done: class=L? damage=0 first_loss_trials=1
[P0] casts Bolt (trial 1)
[P0] Bolt targets P1 (seat 1)
trial 1: 2-trigger stack seen; exporting pre
exported pre_trial_1.json
trial 1: trigger 84 -> loss (copy=False, boltlike=0)
trial 1: trigger 83 -> unknown (copy=False, boltlike=0)
trial 1 done: class=L? damage=0 first_loss_trials=2
[P0] casts Bolt (trial 2)
[P0] Bolt targets P1 (seat 1)
trial 2: 2-trigger stack seen; exporting pre
exported pre_trial_2.json
trial 2: trigger 86 -> loss (copy=False, boltlike=0)
trial 2: trigger 85 -> unknown (copy=False, boltlike=0)
trial 2 done: class=L? damage=0 first_loss_trials=3
[P0] casts Bolt (trial 3)
[P0] Bolt targets P1 (seat 1)
trial 3: 2-trigger stack seen; exporting pre
exported pre_trial_3.json
[P0] CopyRetarget: rtype=exactChoices cands=[('XUU6AG.0.189.c0', ['chooseTarget'], None), ('XUU6AG.0.189.c1', ['chooseTarget'], None), ('XUU6AG.0.189.c2', ['chooseTarget'], None), ('XUU6AG.0.189.c3', ['chooseTarget'], 0), ('XUU6AG.0.189.c4', ['chooseTarget'], 1), ('XUU6AG.0.189.c5', ['keepAllCopyTargets'], None)]
[P0] CopyRetarget answered: XUU6AG.0.189.c5 (keep targets)
trial 3: trigger 88 -> win (copy=True, boltlike=2)
trial 3: trigger 87 -> loss (copy=False, boltlike=0)
trial 3 done: class=WL damage=3 first_loss_trials=3
[P0] casts Bolt (trial 4)
[P0] Bolt targets P1 (seat 1)
trial 4: 2-trigger stack seen; exporting pre
exported pre_trial_4.json
trial 4: trigger 91 -> loss (copy=False, boltlike=0)
trial 4: trigger 90 -> unknown (copy=False, boltlike=0)
trial 4 done: class=L? damage=0 first_loss_trials=4
[P0] casts Bolt (trial 5)
[P0] Bolt targets P1 (seat 1)
trial 5: 2-trigger stack seen; exporting pre
exported pre_trial_5.json
[P0] CopyRetarget answered: XUU6AG.0.235.c5 (keep targets)
trial 5: trigger 93 -> win (copy=True, boltlike=2)
trial 5: trigger 92 -> loss (copy=False, boltlike=0)
trial 5 done: class=WL damage=3 first_loss_trials=4
[P0] casts Bolt (trial 6)
[P0] Bolt targets P1 (seat 1)
trial 6: 2-trigger stack seen; exporting pre
exported pre_trial_6.json
trial 6: trigger 96 -> loss (copy=False, boltlike=0)
trial 6: trigger 95 -> unknown (copy=False, boltlike=0)
trial 6 done: class=L? damage=0 first_loss_trials=5
[P0] casts Bolt (trial 7)
[P0] Bolt targets P1 (seat 1)
trial 7: 2-trigger stack seen; exporting pre
exported pre_trial_7.json
trial 7: trigger 98 -> loss (copy=False, boltlike=0)
trial 7: trigger 97 -> unknown (copy=False, boltlike=0)
trial 7 done: class=L? damage=0 first_loss_trials=6
[P0] casts Bolt (trial 8)
[P0] Bolt targets P1 (seat 1)
trial 8: 2-trigger stack seen; exporting pre
exported pre_trial_8.json
trial 8: trigger 100 -> loss (copy=False, boltlike=0)
trial 8: trigger 99 -> unknown (copy=False, boltlike=0)
trial 8 done: class=L? damage=0 first_loss_trials=7
[P0] casts Bolt (trial 9)
[P0] Bolt targets P1 (seat 1)
trial 9: 2-trigger stack seen; exporting pre
exported pre_trial_9.json
trial 9: trigger 102 -> loss (copy=False, boltlike=0)
trial 9: trigger 101 -> unknown (copy=False, boltlike=0)
trial 9 done: class=L? damage=0 first_loss_trials=8
8 first-loss trials collected; stopping
loop ended: stage=TRIALS elapsed=85s trials=10
exported post_trials.json
wrote observations.json
