P0 creating game...
P1 joining...
game LEHSYF; seats 0/1
P0 mulligan -> Keep
P1 mulligan -> Keep
[P0] casts Krark
[P0] casts Mirror Box
P0 discards 1
[P0] casts Krark
=== stage -> TRIALS (turn 37) ===
[P0] casts Bolt (trial 0)
[P0] Bolt targets P1 (seat 1)
trial 0: 2-trigger stack seen; exporting pre
exported pre_trial_0.json
[P0] CopyRetarget: rtype=exactChoices cands=[('LEHSYF.0.579.c0', ['chooseTarget'], None), ('LEHSYF.0.579.c1', ['chooseTarget'], None), ('LEHSYF.0.579.c2', ['chooseTarget'], None), ('LEHSYF.0.579.c3', ['chooseTarget'], 0), ('LEHSYF.0.579.c4', ['chooseTarget'], 1), ('LEHSYF.0.579.c5', ['keepAllCopyTargets'], None)]
[P0] CopyRetarget answered: LEHSYF.0.579.c5 (keep targets)
trial 0: trigger 82 -> win (copy=True, boltlike=2)
trial 0: trigger 81 -> loss (copy=False, boltlike=0)
trial 0 done: class=WL damage=3 first_loss_trials=0
[P0] casts Bolt (trial 1)
[P0] Bolt targets P1 (seat 1)
trial 1: 2-trigger stack seen; exporting pre
exported pre_trial_1.json
trial 1: trigger 85 -> loss (copy=False, boltlike=0)
trial 1: trigger 84 -> unknown (copy=False, boltlike=0)
trial 1 done: class=L? damage=0 first_loss_trials=1
[P0] casts Bolt (trial 2)
[P0] Bolt targets P1 (seat 1)
trial 2: 2-trigger stack seen; exporting pre
exported pre_trial_2.json
trial 2: trigger 87 -> loss (copy=False, boltlike=0)
trial 2: trigger 86 -> unknown (copy=False, boltlike=0)
trial 2 done: class=L? damage=0 first_loss_trials=2
[P0] casts Bolt (trial 3)
[P0] Bolt targets P1 (seat 1)
trial 3: 2-trigger stack seen; exporting pre
exported pre_trial_3.json
trial 3: trigger 89 -> loss (copy=False, boltlike=0)
trial 3: trigger 88 -> unknown (copy=False, boltlike=0)
trial 3 done: class=L? damage=0 first_loss_trials=3
[P0] casts Bolt (trial 4)
[P0] Bolt targets P1 (seat 1)
trial 4: 2-trigger stack seen; exporting pre
exported pre_trial_4.json
trial 4: trigger 91 -> loss (copy=False, boltlike=0)
trial 4: trigger 90 -> unknown (copy=False, boltlike=0)
trial 4 done: class=L? damage=0 first_loss_trials=4
P0 discards 1
[P0] casts Bolt (trial 5)
[P0] Bolt targets P1 (seat 1)
trial 5: 2-trigger stack seen; exporting pre
exported pre_trial_5.json
[P0] CopyRetarget answered: LEHSYF.0.697.c5 (keep targets)
trial 5: trigger 93 -> win (copy=True, boltlike=2)
[P0] CopyRetarget answered: LEHSYF.0.702.c5 (keep targets)
trial 5: trigger 92 -> win (copy=True, boltlike=2)
trial 5 done: class=WW damage=9 first_loss_trials=4
P0 discards 1
P0 discards 1
P0 discards 1
P0 discards 1
P0 discards 1
P0 discards 1
P0 discards 1
game over -> stopping
loop ended: stage=TRIALS elapsed=278s trials=6
