ServerHello: 0.103.0/ec27a8d/protocol 106/Full
data-level check: ok=True notes=[]
=== g1_kicked: plan={'x': 2, 'kick': True, 'targets': [1, 0], 'need_lands': 5, 'mana_needs': {'R': 2, 'generic': 3}} ===
game IFCI8D; P0 seat=0 P1 seat=1
[P0] keep 7: ['mountain', 'mountain', 'comet storm', 'mountain', 'mountain', 'mountain', 'mountain'] (mull_count=1)
[P1] keep 7: ['mountain', 'mountain', 'mountain', 'mountain', 'mountain', 'mountain', 'mountain'] (mull_count=1)
DIAG g1_kicked turn=1 active=0 phase=Untap vikind=mulligan P0hand=['mountain', 'mountain', 'comet storm', 'mountain', 'mountain', 'mountain', 'mountain'] P0lands=0 life=20/20 stack=0 cast=False x=None kick=False targets=[]
[P0] plays land (legacy PlayLand)
[P1] plays land (legacy PlayLand)
[P1] tap land for mana used_for=any
[P1] submitting interaction iid=IFCI8D.0.22 choice=IFCI8D.0.22.c1 (candidate | tapLandForMana | Mountain)
[P0] plays land (legacy PlayLand)
[P1] tap land for mana used_for=any
[P1] submitting interaction iid=IFCI8D.0.48 choice=IFCI8D.0.48.c1 (candidate | tapLandForMana | Mountain)
[P1] plays land (legacy PlayLand)
[P1] tap land for mana used_for=any
[P1] submitting interaction iid=IFCI8D.0.54 choice=IFCI8D.0.54.c1 (candidate | tapLandForMana | Mountain)
[P0] plays land (legacy PlayLand)
[P1] tap land for mana used_for=any
[P1] submitting interaction iid=IFCI8D.0.80 choice=IFCI8D.0.80.c1 (candidate | tapLandForMana | Mountain)
[P1] tap land for mana used_for=any
[P1] submitting interaction iid=IFCI8D.0.81 choice=IFCI8D.0.81.c1 (candidate | tapLandForMana | Mountain)
[P1] plays land (legacy PlayLand)
[P1] tap land for mana used_for=any
[P1] submitting interaction iid=IFCI8D.0.87 choice=IFCI8D.0.87.c1 (candidate | tapLandForMana | Mountain)
[P0] plays land (legacy PlayLand)
[P1] tap land for mana used_for=any
[P1] submitting interaction iid=IFCI8D.0.113 choice=IFCI8D.0.113.c1 (candidate | tapLandForMana | Mountain)
[P1] tap land for mana used_for=any
[P1] submitting interaction iid=IFCI8D.0.114 choice=IFCI8D.0.114.c1 (candidate | tapLandForMana | Mountain)
[P1] tap land for mana used_for=any
[P1] submitting interaction iid=IFCI8D.0.115 choice=IFCI8D.0.115.c1 (candidate | tapLandForMana | Mountain)
[P1] plays land (legacy PlayLand)
[P1] tap land for mana used_for=any
[P1] submitting interaction iid=IFCI8D.0.121 choice=IFCI8D.0.121.c1 (candidate | tapLandForMana | Mountain)
[P0] plays land (legacy PlayLand)
[P0] P0 main phase: exporting g1_kicked_pre.json, then casting Comet Storm
[P0] P0 casts Comet Storm (turn 9, oid 48)
[P0] SHAPE rtype=schema spec=sequence n=11 vikind=sequence
[P0] TARGET #1 -> seat 1 (iid IFCI8D.0.138)
[P0] SHAPE rtype=exactChoices spec=None n=3 vikind=choose
[P0] KICKER prompt iid=IFCI8D.0.139 choices={"IFCI8D.0.139.c0": {"codes": ["cancelCast"], "vals": [], "text": "candidate | cancelCast"}, "IFCI8D.0.139.c1": {"codes": ["decideOptionalCost"], "vals": [["pay", "false"]], "text": "candidate | decideOptionalCost | false"}, "IFCI8D.0.139.c2": {"codes": ["decideOptionalCost"], "vals": [["pay", "true"]], "text": "candidate | decideOptionalCost | true"}}
[P0] KICKER -> PAY (choice IFCI8D.0.139.c2)
[P0] KICKER prompt iid=IFCI8D.0.140 choices={"IFCI8D.0.140.c0": {"codes": ["cancelCast"], "vals": [], "text": "candidate | cancelCast"}, "IFCI8D.0.140.c1": {"codes": ["decideOptionalCost"], "vals": [["pay", "false"]], "text": "candidate | decideOptionalCost | false"}, "IFCI8D.0.140.c2": {"codes": ["decideOptionalCost"], "vals": [["pay", "true"]], "text": "candidate | decideOptionalCost | true"}}
[P0] KICKER -> STOP (choice IFCI8D.0.140.c1)
[P0] SHAPE rtype=schema spec=number n=0 vikind=choose
[P0] submitting number X=2
[P0] X-choice -> X=2 (iid IFCI8D.0.141)
[P0] SHAPE rtype=exactChoices spec=None n=1 vikind=choose
[P0] exported g1_kicked_on_stack.json (targets=[1], prompts=1, x=2, kick_paid=True)
[P0] Storm left the stack; exporting POST
[P0] exported g1_kicked_post.json
g1_kicked: post exported; game done
=== g2_control: plan={'x': 1, 'kick': False, 'targets': [1], 'need_lands': 3, 'mana_needs': {'R': 2, 'generic': 1}} ===
game V4CV2K; P0 seat=0 P1 seat=1
[P0] keep 7: ['comet storm', 'mountain', 'comet storm', 'mountain', 'mountain', 'mountain', 'mountain'] (mull_count=1)
[P1] keep 7: ['mountain', 'mountain', 'mountain', 'mountain', 'mountain', 'mountain', 'mountain'] (mull_count=1)
DIAG g2_control turn=1 active=1 phase=Untap vikind=mulligan P0hand=['comet storm', 'mountain', 'comet storm', 'mountain', 'mountain', 'mountain', 'mountain'] P0lands=0 life=20/20 stack=0 cast=False x=None kick=False targets=[]
[P1] plays land (legacy PlayLand)
[P1] tap land for mana used_for=any
[P1] submitting interaction iid=V4CV2K.0.7 choice=V4CV2K.0.7.c1 (candidate | tapLandForMana | Mountain)
[P0] plays land (legacy PlayLand)
[P1] tap land for mana used_for=any
[P1] submitting interaction iid=V4CV2K.0.33 choice=V4CV2K.0.33.c1 (candidate | tapLandForMana | Mountain)
[P1] plays land (legacy PlayLand)
[P1] tap land for mana used_for=any
[P1] submitting interaction iid=V4CV2K.0.39 choice=V4CV2K.0.39.c1 (candidate | tapLandForMana | Mountain)
[P0] plays land (legacy PlayLand)
[P1] tap land for mana used_for=any
[P1] submitting interaction iid=V4CV2K.0.65 choice=V4CV2K.0.65.c1 (candidate | tapLandForMana | Mountain)
[P1] tap land for mana used_for=any
[P1] submitting interaction iid=V4CV2K.0.66 choice=V4CV2K.0.66.c1 (candidate | tapLandForMana | Mountain)
[P1] plays land (legacy PlayLand)
[P1] tap land for mana used_for=any
[P1] submitting interaction iid=V4CV2K.0.72 choice=V4CV2K.0.72.c1 (candidate | tapLandForMana | Mountain)
[P0] plays land (legacy PlayLand)
[P0] P0 main phase: exporting g2_control_pre.json, then casting Comet Storm
[P0] P0 casts Comet Storm (turn 6, oid 23)
[P0] SHAPE rtype=schema spec=sequence n=8 vikind=sequence
[P0] TARGET #1 -> seat 1 (iid V4CV2K.0.89)
[P0] SHAPE rtype=exactChoices spec=None n=3 vikind=choose
[P0] KICKER prompt iid=V4CV2K.0.90 choices={"V4CV2K.0.90.c0": {"codes": ["cancelCast"], "vals": [], "text": "candidate | cancelCast"}, "V4CV2K.0.90.c1": {"codes": ["decideOptionalCost"], "vals": [["pay", "false"]], "text": "candidate | decideOptionalCost | false"}, "V4CV2K.0.90.c2": {"codes": ["decideOptionalCost"], "vals": [["pay", "true"]], "text": "candidate | decideOptionalCost | true"}}
[P0] KICKER -> STOP (choice V4CV2K.0.90.c1)
[P0] SHAPE rtype=schema spec=number n=0 vikind=choose
[P0] submitting number X=1
[P0] X-choice -> X=1 (iid V4CV2K.0.91)
[P0] SHAPE rtype=exactChoices spec=None n=1 vikind=choose
[P0] exported g2_control_on_stack.json (targets=[1], prompts=1, x=1, kick_paid=False)
[P0] Storm left the stack; exporting POST
[P0] exported g2_control_post.json
g2_control: post exported; game done
VERDICT: reproduced -- kicked-once cast offered 1 target prompt(s) (expected 2); resolution: P1 20->20, P0 20->20; control X=1 no-kick: prompts=1 P1 20->None
