[16:50:53] ServerHello: version=0.102.0 build=e17f6fd protocol=106 mode=Full
[16:50:53] data-level check: ok=True notes=[]
[16:50:53] ===== GAME A: banefire {X}{R} (X=0) =====
[16:50:54] [A] game Y0M0QI; P0 seat=0 P1 seat=1
[16:50:55] [P0A] keep 7: ['memnite', 'mountain', 'banefire', 'banefire', 'mountain', 'banefire', 'mountain']
[16:50:55] [P1A] keep 7: ['forest', 'forest', 'forest', 'forest', 'forest', 'forest', 'forest']
[16:50:55] [P1A] playing land forest
[16:50:55] [P1A] tap land for mana used_for=any
[16:50:55] [P1A] submitting interaction iid=Y0M0QI.0.7 choice=Y0M0QI.0.7.c1 (Forest)
[16:50:57] [P0A] NOTE: hand=8>7 but vi kind code='choose'; vi_ops=1; trying SelectCards fallback
[16:50:58] [P0A] NOTE: hand=8>7 but vi kind code='choose'; vi_ops=0; trying SelectCards fallback
[16:50:58] [P0A] NOTE: hand=8>7 but vi kind code='choose'; vi_ops=1; trying SelectCards fallback
[16:50:58] [P0A] playing land mountain
[16:50:58] [A] P0 casts memnite (oid 38) needs={'generic': 0}
[16:51:00] [P1A] tap land for mana used_for=any
[16:51:00] [P1A] submitting interaction iid=Y0M0QI.0.36 choice=Y0M0QI.0.36.c1 (Forest)
[16:51:01] [P1A] playing land forest
[16:51:01] [P1A] tap land for mana used_for=any
[16:51:01] [P1A] submitting interaction iid=Y0M0QI.0.42 choice=Y0M0QI.0.42.c1 (Forest)
[16:51:05] [P0A] playing land mountain
[16:51:06] [P1A] tap land for mana used_for=any
[16:51:06] [P1A] submitting interaction iid=Y0M0QI.0.69 choice=Y0M0QI.0.69.c1 (Forest)
[16:51:06] [P1A] tap land for mana used_for=any
[16:51:07] [P1A] submitting interaction iid=Y0M0QI.0.70 choice=Y0M0QI.0.70.c1 (Forest)
[16:51:07] [P1A] playing land forest
[16:51:07] [P1A] tap land for mana used_for=any
[16:51:07] [P1A] submitting interaction iid=Y0M0QI.0.76 choice=Y0M0QI.0.76.c1 (Forest)
[16:51:10] [P0A] playing land mountain
[16:51:12] [P1A] tap land for mana used_for=any
[16:51:12] [P1A] submitting interaction iid=Y0M0QI.0.103 choice=Y0M0QI.0.103.c1 (Forest)
[16:51:12] [P1A] tap land for mana used_for=any
[16:51:12] [P1A] submitting interaction iid=Y0M0QI.0.104 choice=Y0M0QI.0.104.c1 (Forest)
[16:51:12] [P1A] tap land for mana used_for=any
[16:51:12] [P1A] submitting interaction iid=Y0M0QI.0.105 choice=Y0M0QI.0.105.c1 (Forest)
[16:51:13] [P1A] playing land forest
[16:51:13] [P1A] tap land for mana used_for=any
[16:51:13] [P1A] submitting interaction iid=Y0M0QI.0.111 choice=Y0M0QI.0.111.c1 (Forest)
[16:51:18] [P1A] tap land for mana used_for=any
[16:51:18] [P1A] submitting interaction iid=Y0M0QI.0.137 choice=Y0M0QI.0.137.c1 (Forest)
[16:51:18] [P1A] tap land for mana used_for=any
[16:51:18] [P1A] submitting interaction iid=Y0M0QI.0.138 choice=Y0M0QI.0.138.c1 (Forest)
[16:51:18] [P1A] tap land for mana used_for=any
[16:51:18] [P1A] submitting interaction iid=Y0M0QI.0.139 choice=Y0M0QI.0.139.c1 (Forest)
[16:51:18] [P1A] tap land for mana used_for=any
[16:51:18] [P1A] submitting interaction iid=Y0M0QI.0.140 choice=Y0M0QI.0.140.c1 (Forest)
[16:51:19] [P1A] playing land forest
[16:51:19] [P1A] tap land for mana used_for=any
[16:51:19] [P1A] submitting interaction iid=Y0M0QI.0.146 choice=Y0M0QI.0.146.c1 (Forest)
[16:51:21] [P0A] NOTE: hand=8>7 but vi kind code='choose'; vi_ops=1; trying SelectCards fallback
[16:51:21] [P0A] NOTE: hand=8>7 but vi kind code='choose'; vi_ops=0; trying SelectCards fallback
[16:51:22] [P0A] NOTE: hand=8>7 but vi kind code='choose'; vi_ops=1; trying SelectCards fallback
[16:51:22] [P0A] NOTE: hand=8>7 but vi kind code='choose'; vi_ops=0; trying SelectCards fallback
[16:51:22] [P0A] NOTE: hand=8>7 but vi kind code='choose'; vi_ops=1; trying SelectCards fallback
[16:51:22] [P0A] NOTE: hand=8>7 but vi kind code='choose'; vi_ops=0; trying SelectCards fallback
[16:51:22] [P0A] NOTE: hand=8>7 but vi kind code='relations'; vi_ops=1; trying SelectCards fallback
[16:51:22] [P0A] NOTE: hand=8>7 but vi kind code='choose'; vi_ops=1; trying SelectCards fallback
[16:51:23] [P0A] NOTE: hand=8>7 but vi kind code='choose'; vi_ops=0; trying SelectCards fallback
[16:51:23] [P0A] NOTE: hand=8>7 but vi kind code='choose'; vi_ops=1; trying SelectCards fallback
[16:51:23] [P0A] NOTE: hand=8>7 but vi kind code='choose'; vi_ops=0; trying SelectCards fallback
[16:51:23] [P0A] NOTE: hand=8>7 but vi kind code='choose'; vi_ops=1; trying SelectCards fallback
[16:51:23] [P0A] NOTE: hand=8>7 but vi kind code='choose'; vi_ops=0; trying SelectCards fallback
[16:51:23] [P0A] NOTE: hand=8>7 but vi kind code='select'; vi_ops=1; trying SelectCards fallback
[16:51:23] [P0A] discarding 1 via verbatim SelectCards: ['krark-clan ironworks']
[16:51:24] [P1A] tap land for mana used_for=any
[16:51:24] [P1A] submitting interaction iid=Y0M0QI.0.173 choice=Y0M0QI.0.173.c1 (Forest)
[16:51:24] [P1A] tap land for mana used_for=any
[16:51:24] [P1A] submitting interaction iid=Y0M0QI.0.174 choice=Y0M0QI.0.174.c1 (Forest)
[16:51:24] [P1A] tap land for mana used_for=any
[16:51:24] [P1A] submitting interaction iid=Y0M0QI.0.175 choice=Y0M0QI.0.175.c1 (Forest)
[16:51:24] [P1A] tap land for mana used_for=any
[16:51:24] [P1A] submitting interaction iid=Y0M0QI.0.176 choice=Y0M0QI.0.176.c1 (Forest)
[16:51:24] [P1A] tap land for mana used_for=any
[16:51:24] [P1A] submitting interaction iid=Y0M0QI.0.177 choice=Y0M0QI.0.177.c1 (Forest)
[16:51:25] [P1A] playing land forest
[16:51:25] [P1A] tap land for mana used_for=any
[16:51:25] [P1A] submitting interaction iid=Y0M0QI.0.183 choice=Y0M0QI.0.183.c1 (Forest)
[16:51:27] [P0A] NOTE: hand=8>7 but vi kind code='choose'; vi_ops=1; trying SelectCards fallback
[16:51:27] [P0A] NOTE: hand=8>7 but vi kind code='choose'; vi_ops=0; trying SelectCards fallback
[16:51:27] [P0A] NOTE: hand=8>7 but vi kind code='choose'; vi_ops=1; trying SelectCards fallback
[16:51:28] [P0A] NOTE: hand=8>7 but vi kind code='choose'; vi_ops=0; trying SelectCards fallback
[16:51:28] [P0A] NOTE: hand=8>7 but vi kind code='choose'; vi_ops=1; trying SelectCards fallback
[16:51:28] [P0A] NOTE: hand=8>7 but vi kind code='choose'; vi_ops=0; trying SelectCards fallback
[16:51:28] [P0A] NOTE: hand=8>7 but vi kind code='relations'; vi_ops=1; trying SelectCards fallback
[16:51:28] [P0A] NOTE: hand=8>7 but vi kind code='choose'; vi_ops=1; trying SelectCards fallback
[16:51:28] [P0A] NOTE: hand=8>7 but vi kind code='choose'; vi_ops=0; trying SelectCards fallback
[16:51:29] [P0A] NOTE: hand=8>7 but vi kind code='choose'; vi_ops=1; trying SelectCards fallback
[16:51:29] [P0A] NOTE: hand=8>7 but vi kind code='choose'; vi_ops=0; trying SelectCards fallback
[16:51:29] [P0A] NOTE: hand=8>7 but vi kind code='choose'; vi_ops=1; trying SelectCards fallback
[16:51:29] [P0A] NOTE: hand=8>7 but vi kind code='choose'; vi_ops=0; trying SelectCards fallback
[16:51:29] [P0A] NOTE: hand=8>7 but vi kind code='select'; vi_ops=1; trying SelectCards fallback
[16:51:29] [P0A] discarding 1 via verbatim SelectCards: ['memnite']
[16:51:30] [P1A] tap land for mana used_for=any
[16:51:30] [P1A] submitting interaction iid=Y0M0QI.0.210 choice=Y0M0QI.0.210.c1 (Forest)
[16:51:30] [P1A] tap land for mana used_for=any
[16:51:30] [P1A] submitting interaction iid=Y0M0QI.0.211 choice=Y0M0QI.0.211.c1 (Forest)
[16:51:30] [P1A] tap land for mana used_for=any
[16:51:30] [P1A] submitting interaction iid=Y0M0QI.0.212 choice=Y0M0QI.0.212.c1 (Forest)
[16:51:30] [P1A] tap land for mana used_for=any
[16:51:30] [P1A] submitting interaction iid=Y0M0QI.0.213 choice=Y0M0QI.0.213.c1 (Forest)
[16:51:30] [P1A] tap land for mana used_for=any
[16:51:30] [P1A] submitting interaction iid=Y0M0QI.0.214 choice=Y0M0QI.0.214.c1 (Forest)
[16:51:30] [P1A] tap land for mana used_for=any
[16:51:30] [P1A] submitting interaction iid=Y0M0QI.0.215 choice=Y0M0QI.0.215.c1 (Forest)
[16:51:32] [P1A] playing land forest
[16:51:32] [P1A] tap land for mana used_for=any
[16:51:32] [P1A] submitting interaction iid=Y0M0QI.0.221 choice=Y0M0QI.0.221.c1 (Forest)
[16:51:35] [P0A] NOTE: hand=8>7 but vi kind code='choose'; vi_ops=1; trying SelectCards fallback
[16:51:35] [P0A] NOTE: hand=8>7 but vi kind code='choose'; vi_ops=0; trying SelectCards fallback
[16:51:35] [P0A] NOTE: hand=8>7 but vi kind code='choose'; vi_ops=1; trying SelectCards fallback
[16:51:35] [P0A] NOTE: hand=8>7 but vi kind code='choose'; vi_ops=0; trying SelectCards fallback
[16:51:35] [P0A] NOTE: hand=8>7 but vi kind code='choose'; vi_ops=1; trying SelectCards fallback
[16:51:35] [P0A] NOTE: hand=8>7 but vi kind code='choose'; vi_ops=0; trying SelectCards fallback
[16:51:36] [P0A] NOTE: hand=8>7 but vi kind code='relations'; vi_ops=1; trying SelectCards fallback
[16:51:36] [P0A] NOTE: hand=8>7 but vi kind code='choose'; vi_ops=1; trying SelectCards fallback
[16:51:36] [P0A] NOTE: hand=8>7 but vi kind code='choose'; vi_ops=0; trying SelectCards fallback
[16:51:36] [P0A] NOTE: hand=8>7 but vi kind code='choose'; vi_ops=1; trying SelectCards fallback
[16:51:36] [P0A] NOTE: hand=8>7 but vi kind code='choose'; vi_ops=0; trying SelectCards fallback
[16:51:36] [P0A] NOTE: hand=8>7 but vi kind code='choose'; vi_ops=1; trying SelectCards fallback
[16:51:37] [P0A] NOTE: hand=8>7 but vi kind code='choose'; vi_ops=0; trying SelectCards fallback
[16:51:37] [P0A] NOTE: hand=8>7 but vi kind code='select'; vi_ops=1; trying SelectCards fallback
[16:51:37] [P0A] discarding 1 via verbatim SelectCards: ['memnite']
[16:51:37] [P1A] tap land for mana used_for=any
[16:51:37] [P1A] submitting interaction iid=Y0M0QI.0.248 choice=Y0M0QI.0.248.c1 (Forest)
[16:51:37] [P1A] tap land for mana used_for=any
[16:51:37] [P1A] submitting interaction iid=Y0M0QI.0.249 choice=Y0M0QI.0.249.c1 (Forest)
[16:51:38] [P1A] tap land for mana used_for=any
[16:51:38] [P1A] submitting interaction iid=Y0M0QI.0.250 choice=Y0M0QI.0.250.c1 (Forest)
[16:51:38] [P1A] tap land for mana used_for=any
[16:51:38] [P1A] submitting interaction iid=Y0M0QI.0.251 choice=Y0M0QI.0.251.c1 (Forest)
[16:51:38] [P1A] tap land for mana used_for=any
[16:51:38] [P1A] submitting interaction iid=Y0M0QI.0.252 choice=Y0M0QI.0.252.c1 (Forest)
[16:51:38] [P1A] tap land for mana used_for=any
[16:51:38] [P1A] submitting interaction iid=Y0M0QI.0.253 choice=Y0M0QI.0.253.c1 (Forest)
[16:51:38] [P1A] tap land for mana used_for=any
[16:51:38] [P1A] submitting interaction iid=Y0M0QI.0.254 choice=Y0M0QI.0.254.c1 (Forest)
[16:51:39] [P1A] playing land forest
[16:51:39] [P1A] tap land for mana used_for=any
[16:51:39] [P1A] submitting interaction iid=Y0M0QI.0.260 choice=Y0M0QI.0.260.c1 (Forest)
[16:51:41] [P0A] NOTE: hand=8>7 but vi kind code='choose'; vi_ops=1; trying SelectCards fallback
[16:51:41] [P0A] NOTE: hand=8>7 but vi kind code='choose'; vi_ops=0; trying SelectCards fallback
[16:51:41] [P0A] NOTE: hand=8>7 but vi kind code='choose'; vi_ops=1; trying SelectCards fallback
[16:51:41] [P0A] playing land mountain
[16:51:43] [P1A] tap land for mana used_for=any
[16:51:43] [P1A] submitting interaction iid=Y0M0QI.0.287 choice=Y0M0QI.0.287.c1 (Forest)
[16:51:44] [P1A] tap land for mana used_for=any
[16:51:44] [P1A] submitting interaction iid=Y0M0QI.0.288 choice=Y0M0QI.0.288.c1 (Forest)
[16:51:44] [P1A] tap land for mana used_for=any
[16:51:44] [P1A] submitting interaction iid=Y0M0QI.0.289 choice=Y0M0QI.0.289.c1 (Forest)
[16:51:44] [P1A] tap land for mana used_for=any
[16:51:44] [P1A] submitting interaction iid=Y0M0QI.0.290 choice=Y0M0QI.0.290.c1 (Forest)
[16:51:44] [P1A] tap land for mana used_for=any
[16:51:44] [P1A] submitting interaction iid=Y0M0QI.0.291 choice=Y0M0QI.0.291.c1 (Forest)
[16:51:44] [P1A] tap land for mana used_for=any
[16:51:44] [P1A] submitting interaction iid=Y0M0QI.0.292 choice=Y0M0QI.0.292.c1 (Forest)
[16:51:44] [P1A] tap land for mana used_for=any
[16:51:44] [P1A] submitting interaction iid=Y0M0QI.0.293 choice=Y0M0QI.0.293.c1 (Forest)
[16:51:44] [P1A] tap land for mana used_for=any
[16:51:44] [P1A] submitting interaction iid=Y0M0QI.0.294 choice=Y0M0QI.0.294.c1 (Forest)
[16:51:45] [P1A] playing land forest
[16:51:45] [P1A] tap land for mana used_for=any
[16:51:45] [P1A] submitting interaction iid=Y0M0QI.0.300 choice=Y0M0QI.0.300.c1 (Forest)
[16:51:47] [P0A] NOTE: hand=8>7 but vi kind code='choose'; vi_ops=1; trying SelectCards fallback
[16:51:47] [P0A] NOTE: hand=8>7 but vi kind code='choose'; vi_ops=0; trying SelectCards fallback
[16:51:48] [P0A] NOTE: hand=8>7 but vi kind code='choose'; vi_ops=1; trying SelectCards fallback
[16:51:48] [P0A] NOTE: hand=8>7 but vi kind code='choose'; vi_ops=0; trying SelectCards fallback
[16:51:48] [P0A] NOTE: hand=8>7 but vi kind code='choose'; vi_ops=1; trying SelectCards fallback
[16:51:48] [P0A] NOTE: hand=8>7 but vi kind code='choose'; vi_ops=0; trying SelectCards fallback
[16:51:48] [P0A] NOTE: hand=8>7 but vi kind code='relations'; vi_ops=1; trying SelectCards fallback
[16:51:48] [P0A] NOTE: hand=8>7 but vi kind code='choose'; vi_ops=1; trying SelectCards fallback
[16:51:49] [P0A] NOTE: hand=8>7 but vi kind code='choose'; vi_ops=0; trying SelectCards fallback
[16:51:49] [P0A] NOTE: hand=8>7 but vi kind code='choose'; vi_ops=1; trying SelectCards fallback
[16:51:49] [P0A] NOTE: hand=8>7 but vi kind code='choose'; vi_ops=0; trying SelectCards fallback
[16:51:49] [P0A] NOTE: hand=8>7 but vi kind code='choose'; vi_ops=1; trying SelectCards fallback
[16:51:49] [P0A] NOTE: hand=8>7 but vi kind code='choose'; vi_ops=0; trying SelectCards fallback
[16:51:49] [P0A] NOTE: hand=8>7 but vi kind code='select'; vi_ops=1; trying SelectCards fallback
[16:51:49] [P0A] discarding 1 via verbatim SelectCards: ['memnite']
[16:51:50] [P1A] tap land for mana used_for=any
[16:51:50] [P1A] submitting interaction iid=Y0M0QI.0.327 choice=Y0M0QI.0.327.c1 (Forest)
[16:51:50] [P1A] tap land for mana used_for=any
[16:51:50] [P1A] submitting interaction iid=Y0M0QI.0.328 choice=Y0M0QI.0.328.c1 (Forest)
[16:51:50] [P1A] tap land for mana used_for=any
[16:51:50] [P1A] submitting interaction iid=Y0M0QI.0.329 choice=Y0M0QI.0.329.c1 (Forest)
[16:51:50] [P1A] tap land for mana used_for=any
[16:51:50] [P1A] submitting interaction iid=Y0M0QI.0.330 choice=Y0M0QI.0.330.c1 (Forest)
[16:51:50] [P1A] tap land for mana used_for=any
[16:51:50] [P1A] submitting interaction iid=Y0M0QI.0.331 choice=Y0M0QI.0.331.c1 (Forest)
[16:51:51] [P1A] tap land for mana used_for=any
[16:51:51] [P1A] submitting interaction iid=Y0M0QI.0.332 choice=Y0M0QI.0.332.c1 (Forest)
[16:51:51] [P1A] tap land for mana used_for=any
[16:51:51] [P1A] submitting interaction iid=Y0M0QI.0.333 choice=Y0M0QI.0.333.c1 (Forest)
[16:51:52] [P1A] tap land for mana used_for=any
[16:51:52] [P1A] submitting interaction iid=Y0M0QI.0.334 choice=Y0M0QI.0.334.c1 (Forest)
[16:51:52] [P1A] tap land for mana used_for=any
[16:51:52] [P1A] submitting interaction iid=Y0M0QI.0.335 choice=Y0M0QI.0.335.c1 (Forest)
[16:51:53] [P1A] playing land forest
[16:51:53] [P1A] tap land for mana used_for=any
[16:51:53] [P1A] submitting interaction iid=Y0M0QI.0.341 choice=Y0M0QI.0.341.c1 (Forest)
[16:51:55] [P0A] NOTE: hand=8>7 but vi kind code='choose'; vi_ops=1; trying SelectCards fallback
[16:51:56] [P0A] NOTE: hand=8>7 but vi kind code='choose'; vi_ops=0; trying SelectCards fallback
[16:51:56] [P0A] NOTE: hand=8>7 but vi kind code='choose'; vi_ops=1; trying SelectCards fallback
[16:51:56] [P0A] playing land mountain
[16:51:58] [P1A] tap land for mana used_for=any
[16:51:58] [P1A] submitting interaction iid=Y0M0QI.0.368 choice=Y0M0QI.0.368.c1 (Forest)
[16:51:58] [P1A] tap land for mana used_for=any
[16:51:58] [P1A] submitting interaction iid=Y0M0QI.0.369 choice=Y0M0QI.0.369.c1 (Forest)
[16:51:58] [P1A] tap land for mana used_for=any
[16:51:58] [P1A] submitting interaction iid=Y0M0QI.0.370 choice=Y0M0QI.0.370.c1 (Forest)
[16:51:58] [P1A] tap land for mana used_for=any
[16:51:58] [P1A] submitting interaction iid=Y0M0QI.0.371 choice=Y0M0QI.0.371.c1 (Forest)
[16:51:58] [P1A] tap land for mana used_for=any
[16:51:58] [P1A] submitting interaction iid=Y0M0QI.0.372 choice=Y0M0QI.0.372.c1 (Forest)
[16:51:59] [P1A] tap land for mana used_for=any
[16:51:59] [P1A] submitting interaction iid=Y0M0QI.0.373 choice=Y0M0QI.0.373.c1 (Forest)
[16:51:59] [P1A] tap land for mana used_for=any
[16:51:59] [P1A] submitting interaction iid=Y0M0QI.0.374 choice=Y0M0QI.0.374.c1 (Forest)
[16:51:59] [P1A] tap land for mana used_for=any
[16:51:59] [P1A] submitting interaction iid=Y0M0QI.0.375 choice=Y0M0QI.0.375.c1 (Forest)
[16:51:59] [P1A] tap land for mana used_for=any
[16:51:59] [P1A] submitting interaction iid=Y0M0QI.0.376 choice=Y0M0QI.0.376.c1 (Forest)
[16:51:59] [P1A] tap land for mana used_for=any
[16:51:59] [P1A] submitting interaction iid=Y0M0QI.0.377 choice=Y0M0QI.0.377.c1 (Forest)
[16:52:00] [P1A] playing land forest
[16:52:00] [P1A] tap land for mana used_for=any
[16:52:00] [P1A] submitting interaction iid=Y0M0QI.0.383 choice=Y0M0QI.0.383.c1 (Forest)
[16:52:02] [P0A] NOTE: hand=8>7 but vi kind code='choose'; vi_ops=1; trying SelectCards fallback
[16:52:02] [P0A] NOTE: hand=8>7 but vi kind code='choose'; vi_ops=0; trying SelectCards fallback
[16:52:03] [P0A] NOTE: hand=8>7 but vi kind code='choose'; vi_ops=1; trying SelectCards fallback
[16:52:03] [A] P0 casts krark-clan ironworks (oid 7) needs={'generic': 4}
[16:52:03] [A] tap land for mana used_for=generic
[16:52:03] [A] submitting interaction iid=Y0M0QI.0.399 choice=Y0M0QI.0.399.c1 (Mountain)
[16:52:05] [P1A] tap land for mana used_for=any
[16:52:05] [P1A] submitting interaction iid=Y0M0QI.0.413 choice=Y0M0QI.0.413.c1 (Forest)
[16:52:06] [P1A] tap land for mana used_for=any
[16:52:06] [P1A] submitting interaction iid=Y0M0QI.0.414 choice=Y0M0QI.0.414.c1 (Forest)
[16:52:06] [P1A] tap land for mana used_for=any
[16:52:06] [P1A] submitting interaction iid=Y0M0QI.0.415 choice=Y0M0QI.0.415.c1 (Forest)
[16:52:06] [P1A] tap land for mana used_for=any
[16:52:06] [P1A] submitting interaction iid=Y0M0QI.0.416 choice=Y0M0QI.0.416.c1 (Forest)
[16:52:06] [P1A] tap land for mana used_for=any
[16:52:06] [P1A] submitting interaction iid=Y0M0QI.0.417 choice=Y0M0QI.0.417.c1 (Forest)
[16:52:06] [P1A] tap land for mana used_for=any
[16:52:06] [P1A] submitting interaction iid=Y0M0QI.0.418 choice=Y0M0QI.0.418.c1 (Forest)
[16:52:06] [P1A] tap land for mana used_for=any
[16:52:06] [P1A] submitting interaction iid=Y0M0QI.0.419 choice=Y0M0QI.0.419.c1 (Forest)
[16:52:07] [P1A] tap land for mana used_for=any
[16:52:07] [P1A] submitting interaction iid=Y0M0QI.0.420 choice=Y0M0QI.0.420.c1 (Forest)
[16:52:07] [P1A] tap land for mana used_for=any
[16:52:07] [P1A] submitting interaction iid=Y0M0QI.0.421 choice=Y0M0QI.0.421.c1 (Forest)
[16:52:07] [P1A] tap land for mana used_for=any
[16:52:07] [P1A] submitting interaction iid=Y0M0QI.0.422 choice=Y0M0QI.0.422.c1 (Forest)
[16:52:07] [P1A] tap land for mana used_for=any
[16:52:07] [P1A] submitting interaction iid=Y0M0QI.0.423 choice=Y0M0QI.0.423.c1 (Forest)
[16:52:08] [P1A] playing land forest
[16:52:08] [P1A] tap land for mana used_for=any
[16:52:08] [P1A] submitting interaction iid=Y0M0QI.0.429 choice=Y0M0QI.0.429.c1 (Forest)
[16:52:10] [A] tap land for mana used_for=generic
[16:52:10] [A] submitting interaction iid=Y0M0QI.0.440 choice=Y0M0QI.0.440.c2 (Mountain)
[16:52:10] [A] tap land for mana used_for=generic
[16:52:10] [A] submitting interaction iid=Y0M0QI.0.441 choice=Y0M0QI.0.441.c2 (Mountain)
[16:52:10] [A] tap land for mana used_for=generic
[16:52:10] [A] submitting interaction iid=Y0M0QI.0.442 choice=Y0M0QI.0.442.c2 (Mountain)
[16:52:11] [P0A] NOTE: hand=8>7 but vi kind code='choose'; vi_ops=1; trying SelectCards fallback
[16:52:11] [P0A] NOTE: hand=8>7 but vi kind code='choose'; vi_ops=0; trying SelectCards fallback
[16:52:11] [P0A] NOTE: hand=8>7 but vi kind code='choose'; vi_ops=1; trying SelectCards fallback
[16:52:11] [P0A] NOTE: hand=8>7 but vi kind code='choose'; vi_ops=0; trying SelectCards fallback
[16:52:11] [P0A] NOTE: hand=8>7 but vi kind code='choose'; vi_ops=1; trying SelectCards fallback
[16:52:12] [P0A] NOTE: hand=8>7 but vi kind code='choose'; vi_ops=0; trying SelectCards fallback
[16:52:12] [P0A] NOTE: hand=8>7 but vi kind code='relations'; vi_ops=1; trying SelectCards fallback
[16:52:12] [P0A] NOTE: hand=8>7 but vi kind code='choose'; vi_ops=1; trying SelectCards fallback
[16:52:12] [P0A] NOTE: hand=8>7 but vi kind code='choose'; vi_ops=0; trying SelectCards fallback
[16:52:12] [P0A] NOTE: hand=8>7 but vi kind code='choose'; vi_ops=1; trying SelectCards fallback
[16:52:12] [P0A] NOTE: hand=8>7 but vi kind code='choose'; vi_ops=0; trying SelectCards fallback
[16:52:13] [P0A] NOTE: hand=8>7 but vi kind code='choose'; vi_ops=1; trying SelectCards fallback
[16:52:13] [P0A] NOTE: hand=8>7 but vi kind code='choose'; vi_ops=0; trying SelectCards fallback
[16:52:13] [P0A] NOTE: hand=8>7 but vi kind code='select'; vi_ops=1; trying SelectCards fallback
[16:52:13] [P0A] discarding 1 via verbatim SelectCards: ['memnite']
[16:52:13] [P1A] tap land for mana used_for=any
[16:52:13] [P1A] submitting interaction iid=Y0M0QI.0.459 choice=Y0M0QI.0.459.c1 (Forest)
[16:52:13] [P1A] tap land for mana used_for=any
[16:52:13] [P1A] submitting interaction iid=Y0M0QI.0.460 choice=Y0M0QI.0.460.c1 (Forest)
[16:52:14] [P1A] tap land for mana used_for=any
[16:52:14] [P1A] submitting interaction iid=Y0M0QI.0.461 choice=Y0M0QI.0.461.c1 (Forest)
[16:52:14] [P1A] tap land for mana used_for=any
[16:52:14] [P1A] submitting interaction iid=Y0M0QI.0.462 choice=Y0M0QI.0.462.c1 (Forest)
[16:52:14] [P1A] tap land for mana used_for=any
[16:52:14] [P1A] submitting interaction iid=Y0M0QI.0.463 choice=Y0M0QI.0.463.c1 (Forest)
[16:52:14] [P1A] tap land for mana used_for=any
[16:52:14] [P1A] submitting interaction iid=Y0M0QI.0.464 choice=Y0M0QI.0.464.c1 (Forest)
[16:52:14] [P1A] tap land for mana used_for=any
[16:52:14] [P1A] submitting interaction iid=Y0M0QI.0.465 choice=Y0M0QI.0.465.c1 (Forest)
[16:52:14] [P1A] tap land for mana used_for=any
[16:52:14] [P1A] submitting interaction iid=Y0M0QI.0.466 choice=Y0M0QI.0.466.c1 (Forest)
[16:52:15] [P1A] tap land for mana used_for=any
[16:52:15] [P1A] submitting interaction iid=Y0M0QI.0.467 choice=Y0M0QI.0.467.c1 (Forest)
[16:52:15] [P1A] tap land for mana used_for=any
[16:52:15] [P1A] submitting interaction iid=Y0M0QI.0.468 choice=Y0M0QI.0.468.c1 (Forest)
[16:52:15] [P1A] tap land for mana used_for=any
[16:52:15] [P1A] submitting interaction iid=Y0M0QI.0.469 choice=Y0M0QI.0.469.c1 (Forest)
[16:52:15] [P1A] tap land for mana used_for=any
[16:52:15] [P1A] submitting interaction iid=Y0M0QI.0.470 choice=Y0M0QI.0.470.c1 (Forest)
[16:52:17] [P1A] playing land forest
[16:52:17] [P1A] tap land for mana used_for=any
[16:52:17] [P1A] submitting interaction iid=Y0M0QI.0.476 choice=Y0M0QI.0.476.c1 (Forest)
[16:52:19] [P0A] NOTE: hand=8>7 but vi kind code='choose'; vi_ops=1; trying SelectCards fallback
[16:52:19] [P0A] NOTE: hand=8>7 but vi kind code='choose'; vi_ops=0; trying SelectCards fallback
[16:52:20] [P0A] NOTE: hand=8>7 but vi kind code='choose'; vi_ops=1; trying SelectCards fallback
[16:52:20] [P0A] playing land mountain
[16:52:22] [P1A] tap land for mana used_for=any
[16:52:22] [P1A] submitting interaction iid=Y0M0QI.0.503 choice=Y0M0QI.0.503.c1 (Forest)
[16:52:22] [P1A] tap land for mana used_for=any
[16:52:22] [P1A] submitting interaction iid=Y0M0QI.0.504 choice=Y0M0QI.0.504.c1 (Forest)
[16:52:22] [P1A] tap land for mana used_for=any
[16:52:22] [P1A] submitting interaction iid=Y0M0QI.0.505 choice=Y0M0QI.0.505.c1 (Forest)
[16:52:22] [P1A] tap land for mana used_for=any
[16:52:22] [P1A] submitting interaction iid=Y0M0QI.0.506 choice=Y0M0QI.0.506.c1 (Forest)
[16:52:23] [P1A] tap land for mana used_for=any
[16:52:23] [P1A] submitting interaction iid=Y0M0QI.0.507 choice=Y0M0QI.0.507.c1 (Forest)
[16:52:23] [P1A] tap land for mana used_for=any
[16:52:23] [P1A] submitting interaction iid=Y0M0QI.0.508 choice=Y0M0QI.0.508.c1 (Forest)
[16:52:23] [P1A] tap land for mana used_for=any
[16:52:23] [P1A] submitting interaction iid=Y0M0QI.0.509 choice=Y0M0QI.0.509.c1 (Forest)
[16:52:23] [P1A] tap land for mana used_for=any
[16:52:23] [P1A] submitting interaction iid=Y0M0QI.0.510 choice=Y0M0QI.0.510.c1 (Forest)
[16:52:23] [P1A] tap land for mana used_for=any
[16:52:23] [P1A] submitting interaction iid=Y0M0QI.0.511 choice=Y0M0QI.0.511.c1 (Forest)
[16:52:23] [P1A] tap land for mana used_for=any
[16:52:23] [P1A] submitting interaction iid=Y0M0QI.0.512 choice=Y0M0QI.0.512.c1 (Forest)
[16:52:23] [P1A] tap land for mana used_for=any
[16:52:23] [P1A] submitting interaction iid=Y0M0QI.0.513 choice=Y0M0QI.0.513.c1 (Forest)
[16:52:24] [P1A] tap land for mana used_for=any
[16:52:24] [P1A] submitting interaction iid=Y0M0QI.0.514 choice=Y0M0QI.0.514.c1 (Forest)
[16:52:24] [P1A] tap land for mana used_for=any
[16:52:24] [P1A] submitting interaction iid=Y0M0QI.0.515 choice=Y0M0QI.0.515.c1 (Forest)
[16:52:25] [P1A] playing land forest
[16:52:25] [P1A] tap land for mana used_for=any
[16:52:25] [P1A] submitting interaction iid=Y0M0QI.0.521 choice=Y0M0QI.0.521.c1 (Forest)
[16:52:27] [P0A] NOTE: hand=8>7 but vi kind code='choose'; vi_ops=1; trying SelectCards fallback
[16:52:27] [P0A] NOTE: hand=8>7 but vi kind code='choose'; vi_ops=0; trying SelectCards fallback
[16:52:27] [P0A] NOTE: hand=8>7 but vi kind code='choose'; vi_ops=1; trying SelectCards fallback
[16:52:27] [P0A] playing land mountain
[16:52:29] [P1A] tap land for mana used_for=any
[16:52:29] [P1A] submitting interaction iid=Y0M0QI.0.548 choice=Y0M0QI.0.548.c1 (Forest)
[16:52:29] [P1A] tap land for mana used_for=any
[16:52:29] [P1A] submitting interaction iid=Y0M0QI.0.549 choice=Y0M0QI.0.549.c1 (Forest)
[16:52:29] [P1A] tap land for mana used_for=any
[16:52:29] [P1A] submitting interaction iid=Y0M0QI.0.550 choice=Y0M0QI.0.550.c1 (Forest)
[16:52:30] [P1A] tap land for mana used_for=any
[16:52:30] [P1A] submitting interaction iid=Y0M0QI.0.551 choice=Y0M0QI.0.551.c1 (Forest)
[16:52:30] [P1A] tap land for mana used_for=any
[16:52:30] [P1A] submitting interaction iid=Y0M0QI.0.552 choice=Y0M0QI.0.552.c1 (Forest)
[16:52:30] [P1A] tap land for mana used_for=any
[16:52:30] [P1A] submitting interaction iid=Y0M0QI.0.553 choice=Y0M0QI.0.553.c1 (Forest)
[16:52:30] [P1A] tap land for mana used_for=any
[16:52:30] [P1A] submitting interaction iid=Y0M0QI.0.554 choice=Y0M0QI.0.554.c1 (Forest)
[16:52:30] [P1A] tap land for mana used_for=any
[16:52:30] [P1A] submitting interaction iid=Y0M0QI.0.555 choice=Y0M0QI.0.555.c1 (Forest)
[16:52:30] [P1A] tap land for mana used_for=any
[16:52:30] [P1A] submitting interaction iid=Y0M0QI.0.556 choice=Y0M0QI.0.556.c1 (Forest)
[16:52:31] [P1A] tap land for mana used_for=any
[16:52:31] [P1A] submitting interaction iid=Y0M0QI.0.557 choice=Y0M0QI.0.557.c1 (Forest)
[16:52:31] [P1A] tap land for mana used_for=any
[16:52:31] [P1A] submitting interaction iid=Y0M0QI.0.558 choice=Y0M0QI.0.558.c1 (Forest)
[16:52:31] [P1A] tap land for mana used_for=any
[16:52:31] [P1A] submitting interaction iid=Y0M0QI.0.559 choice=Y0M0QI.0.559.c1 (Forest)
[16:52:31] [P1A] tap land for mana used_for=any
[16:52:31] [P1A] submitting interaction iid=Y0M0QI.0.560 choice=Y0M0QI.0.560.c1 (Forest)
[16:52:31] [P1A] tap land for mana used_for=any
[16:52:31] [P1A] submitting interaction iid=Y0M0QI.0.561 choice=Y0M0QI.0.561.c1 (Forest)
[16:52:32] [P1A] playing land forest
[16:52:32] [P1A] tap land for mana used_for=any
[16:52:32] [P1A] submitting interaction iid=Y0M0QI.0.567 choice=Y0M0QI.0.567.c1 (Forest)
[16:52:34] [P0A] NOTE: hand=8>7 but vi kind code='choose'; vi_ops=1; trying SelectCards fallback
[16:52:34] [P0A] NOTE: hand=8>7 but vi kind code='choose'; vi_ops=0; trying SelectCards fallback
[16:52:35] [P0A] NOTE: hand=8>7 but vi kind code='choose'; vi_ops=1; trying SelectCards fallback
[16:52:35] [P0A] playing land mountain
[16:52:37] [P1A] tap land for mana used_for=any
[16:52:37] [P1A] submitting interaction iid=Y0M0QI.0.594 choice=Y0M0QI.0.594.c1 (Forest)
[16:52:37] [P1A] tap land for mana used_for=any
[16:52:37] [P1A] submitting interaction iid=Y0M0QI.0.595 choice=Y0M0QI.0.595.c1 (Forest)
[16:52:37] [P1A] tap land for mana used_for=any
[16:52:37] [P1A] submitting interaction iid=Y0M0QI.0.596 choice=Y0M0QI.0.596.c1 (Forest)
[16:52:37] [P1A] tap land for mana used_for=any
[16:52:37] [P1A] submitting interaction iid=Y0M0QI.0.597 choice=Y0M0QI.0.597.c1 (Forest)
[16:52:37] [P1A] tap land for mana used_for=any
[16:52:37] [P1A] submitting interaction iid=Y0M0QI.0.598 choice=Y0M0QI.0.598.c1 (Forest)
[16:52:37] [P1A] tap land for mana used_for=any
[16:52:37] [P1A] submitting interaction iid=Y0M0QI.0.599 choice=Y0M0QI.0.599.c1 (Forest)
[16:52:37] [P1A] tap land for mana used_for=any
[16:52:37] [P1A] submitting interaction iid=Y0M0QI.0.600 choice=Y0M0QI.0.600.c1 (Forest)
[16:52:38] [P1A] tap land for mana used_for=any
[16:52:38] [P1A] submitting interaction iid=Y0M0QI.0.601 choice=Y0M0QI.0.601.c1 (Forest)
[16:52:38] [P1A] tap land for mana used_for=any
[16:52:38] [P1A] submitting interaction iid=Y0M0QI.0.602 choice=Y0M0QI.0.602.c1 (Forest)
[16:52:38] [P1A] tap land for mana used_for=any
[16:52:38] [P1A] submitting interaction iid=Y0M0QI.0.603 choice=Y0M0QI.0.603.c1 (Forest)
[16:52:38] [P1A] tap land for mana used_for=any
[16:52:38] [P1A] submitting interaction iid=Y0M0QI.0.604 choice=Y0M0QI.0.604.c1 (Forest)
[16:52:38] [P1A] tap land for mana used_for=any
[16:52:38] [P1A] submitting interaction iid=Y0M0QI.0.605 choice=Y0M0QI.0.605.c1 (Forest)
[16:52:38] [P1A] tap land for mana used_for=any
[16:52:38] [P1A] submitting interaction iid=Y0M0QI.0.606 choice=Y0M0QI.0.606.c1 (Forest)
[16:52:38] [P1A] tap land for mana used_for=any
[16:52:38] [P1A] submitting interaction iid=Y0M0QI.0.607 choice=Y0M0QI.0.607.c1 (Forest)
[16:52:39] [P1A] tap land for mana used_for=any
[16:52:39] [P1A] submitting interaction iid=Y0M0QI.0.608 choice=Y0M0QI.0.608.c1 (Forest)
[16:52:40] [P1A] playing land forest
[16:52:40] [P1A] tap land for mana used_for=any
[16:52:40] [P1A] submitting interaction iid=Y0M0QI.0.614 choice=Y0M0QI.0.614.c1 (Forest)
[16:52:42] [P0A] NOTE: hand=8>7 but vi kind code='choose'; vi_ops=1; trying SelectCards fallback
[16:52:42] [P0A] NOTE: hand=8>7 but vi kind code='choose'; vi_ops=0; trying SelectCards fallback
[16:52:42] [P0A] NOTE: hand=8>7 but vi kind code='choose'; vi_ops=1; trying SelectCards fallback
[16:52:42] [P0A] playing land mountain
[16:52:46] [P1A] tap land for mana used_for=any
[16:52:46] [P1A] submitting interaction iid=Y0M0QI.0.641 choice=Y0M0QI.0.641.c1 (Forest)
[16:52:46] [P1A] tap land for mana used_for=any
[16:52:46] [P1A] submitting interaction iid=Y0M0QI.0.642 choice=Y0M0QI.0.642.c1 (Forest)
[16:52:46] [P1A] tap land for mana used_for=any
[16:52:46] [P1A] submitting interaction iid=Y0M0QI.0.643 choice=Y0M0QI.0.643.c1 (Forest)
[16:52:46] [P1A] tap land for mana used_for=any
[16:52:46] [P1A] submitting interaction iid=Y0M0QI.0.644 choice=Y0M0QI.0.644.c1 (Forest)
[16:52:47] [P1A] tap land for mana used_for=any
[16:52:47] [P1A] submitting interaction iid=Y0M0QI.0.645 choice=Y0M0QI.0.645.c1 (Forest)
[16:52:47] [P1A] tap land for mana used_for=any
[16:52:47] [P1A] submitting interaction iid=Y0M0QI.0.646 choice=Y0M0QI.0.646.c1 (Forest)
[16:52:47] [P1A] tap land for mana used_for=any
[16:52:47] [P1A] submitting interaction iid=Y0M0QI.0.647 choice=Y0M0QI.0.647.c1 (Forest)
[16:52:47] [P1A] tap land for mana used_for=any
[16:52:47] [P1A] submitting interaction iid=Y0M0QI.0.648 choice=Y0M0QI.0.648.c1 (Forest)
[16:52:47] [P1A] tap land for mana used_for=any
[16:52:47] [P1A] submitting interaction iid=Y0M0QI.0.649 choice=Y0M0QI.0.649.c1 (Forest)
[16:52:47] [P1A] tap land for mana used_for=any
[16:52:47] [P1A] submitting interaction iid=Y0M0QI.0.650 choice=Y0M0QI.0.650.c1 (Forest)
[16:52:47] [P1A] tap land for mana used_for=any
[16:52:47] [P1A] submitting interaction iid=Y0M0QI.0.651 choice=Y0M0QI.0.651.c1 (Forest)
[16:52:48] [P1A] tap land for mana used_for=any
[16:52:48] [P1A] submitting interaction iid=Y0M0QI.0.652 choice=Y0M0QI.0.652.c1 (Forest)
[16:52:48] [P1A] tap land for mana used_for=any
[16:52:48] [P1A] submitting interaction iid=Y0M0QI.0.653 choice=Y0M0QI.0.653.c1 (Forest)
[16:52:48] [P1A] tap land for mana used_for=any
[16:52:48] [P1A] submitting interaction iid=Y0M0QI.0.654 choice=Y0M0QI.0.654.c1 (Forest)
[16:52:48] [P1A] tap land for mana used_for=any
[16:52:48] [P1A] submitting interaction iid=Y0M0QI.0.655 choice=Y0M0QI.0.655.c1 (Forest)
[16:52:48] [P1A] tap land for mana used_for=any
[16:52:48] [P1A] submitting interaction iid=Y0M0QI.0.656 choice=Y0M0QI.0.656.c1 (Forest)
[16:52:49] [P1A] playing land forest
[16:52:49] [P1A] tap land for mana used_for=any
[16:52:49] [P1A] submitting interaction iid=Y0M0QI.0.662 choice=Y0M0QI.0.662.c1 (Forest)
[16:52:51] [P0A] NOTE: hand=8>7 but vi kind code='choose'; vi_ops=1; trying SelectCards fallback
[16:52:51] [P0A] NOTE: hand=8>7 but vi kind code='choose'; vi_ops=0; trying SelectCards fallback
[16:52:52] [P0A] NOTE: hand=8>7 but vi kind code='choose'; vi_ops=1; trying SelectCards fallback
[16:52:52] [A] P0 casts krark-clan ironworks (oid 54) needs={'generic': 4}
[16:52:52] [A] tap land for mana used_for=generic
[16:52:52] [A] submitting interaction iid=Y0M0QI.0.678 choice=Y0M0QI.0.678.c2 (Mountain)
[16:52:52] [A] tap land for mana used_for=generic
[16:52:52] [A] submitting interaction iid=Y0M0QI.0.679 choice=Y0M0QI.0.679.c2 (Mountain)
[16:52:53] [A] tap land for mana used_for=generic
[16:52:53] [A] submitting interaction iid=Y0M0QI.0.680 choice=Y0M0QI.0.680.c2 (Mountain)
[16:52:53] [A] tap land for mana used_for=generic
[16:52:53] [A] submitting interaction iid=Y0M0QI.0.681 choice=Y0M0QI.0.681.c2 (Mountain)
[16:52:54] [A] setup complete -> assert phase
[16:52:55] [A] exported pre_A.json
[16:52:55] [A] PRE exported; setup ready (turn 34)
[16:52:55] [P1A] tap land for mana used_for=any
[16:52:55] [P1A] submitting interaction iid=Y0M0QI.0.695 choice=Y0M0QI.0.695.c1 (Forest)
[16:52:56] [P1A] tap land for mana used_for=any
[16:52:56] [P1A] submitting interaction iid=Y0M0QI.0.696 choice=Y0M0QI.0.696.c1 (Forest)
[16:52:56] [P1A] tap land for mana used_for=any
[16:52:56] [P1A] submitting interaction iid=Y0M0QI.0.697 choice=Y0M0QI.0.697.c1 (Forest)
[16:52:56] [P1A] tap land for mana used_for=any
[16:52:56] [P1A] submitting interaction iid=Y0M0QI.0.698 choice=Y0M0QI.0.698.c1 (Forest)
[16:52:56] [P1A] tap land for mana used_for=any
[16:52:56] [P1A] submitting interaction iid=Y0M0QI.0.699 choice=Y0M0QI.0.699.c1 (Forest)
[16:52:56] [P1A] tap land for mana used_for=any
[16:52:56] [P1A] submitting interaction iid=Y0M0QI.0.700 choice=Y0M0QI.0.700.c1 (Forest)
[16:52:56] [P1A] tap land for mana used_for=any
[16:52:56] [P1A] submitting interaction iid=Y0M0QI.0.701 choice=Y0M0QI.0.701.c1 (Forest)
[16:52:56] [P1A] tap land for mana used_for=any
[16:52:56] [P1A] submitting interaction iid=Y0M0QI.0.702 choice=Y0M0QI.0.702.c1 (Forest)
[16:52:57] [P1A] tap land for mana used_for=any
[16:52:57] [P1A] submitting interaction iid=Y0M0QI.0.703 choice=Y0M0QI.0.703.c1 (Forest)
[16:52:57] [P1A] tap land for mana used_for=any
[16:52:57] [P1A] submitting interaction iid=Y0M0QI.0.704 choice=Y0M0QI.0.704.c1 (Forest)
[16:52:57] [P1A] tap land for mana used_for=any
[16:52:57] [P1A] submitting interaction iid=Y0M0QI.0.705 choice=Y0M0QI.0.705.c1 (Forest)
[16:52:57] [P1A] tap land for mana used_for=any
[16:52:57] [P1A] submitting interaction iid=Y0M0QI.0.706 choice=Y0M0QI.0.706.c1 (Forest)
[16:52:57] [P1A] tap land for mana used_for=any
[16:52:57] [P1A] submitting interaction iid=Y0M0QI.0.707 choice=Y0M0QI.0.707.c1 (Forest)
[16:52:57] [P1A] tap land for mana used_for=any
[16:52:57] [P1A] submitting interaction iid=Y0M0QI.0.708 choice=Y0M0QI.0.708.c1 (Forest)
[16:52:57] [P1A] tap land for mana used_for=any
[16:52:57] [P1A] submitting interaction iid=Y0M0QI.0.709 choice=Y0M0QI.0.709.c1 (Forest)
[16:52:58] [P1A] tap land for mana used_for=any
[16:52:58] [P1A] submitting interaction iid=Y0M0QI.0.710 choice=Y0M0QI.0.710.c1 (Forest)
[16:52:58] [P1A] tap land for mana used_for=any
[16:52:58] [P1A] submitting interaction iid=Y0M0QI.0.711 choice=Y0M0QI.0.711.c1 (Forest)
[16:52:59] [P1A] playing land forest
[16:52:59] [P1A] tap land for mana used_for=any
[16:52:59] [P1A] submitting interaction iid=Y0M0QI.0.717 choice=Y0M0QI.0.717.c1 (Forest)
[16:53:01] [P0A] NOTE: hand=8>7 but vi kind code='choose'; vi_ops=1; trying SelectCards fallback
[16:53:01] [P0A] NOTE: hand=8>7 but vi kind code='choose'; vi_ops=0; trying SelectCards fallback
[16:53:01] [P0A] NOTE: hand=8>7 but vi kind code='choose'; vi_ops=1; trying SelectCards fallback
[16:53:01] [P0A] NOTE: hand=8>7 but vi kind code='choose'; vi_ops=0; trying SelectCards fallback
[16:53:02] [P0A] NOTE: hand=8>7 but vi kind code='choose'; vi_ops=1; trying SelectCards fallback
[16:53:02] [P0A] NOTE: hand=8>7 but vi kind code='choose'; vi_ops=0; trying SelectCards fallback
[16:53:02] [P0A] NOTE: hand=8>7 but vi kind code='relations'; vi_ops=1; trying SelectCards fallback
[16:53:02] [P0A] NOTE: hand=8>7 but vi kind code='choose'; vi_ops=1; trying SelectCards fallback
[16:53:02] [P0A] NOTE: hand=8>7 but vi kind code='choose'; vi_ops=0; trying SelectCards fallback
[16:53:03] [P0A] NOTE: hand=8>7 but vi kind code='choose'; vi_ops=1; trying SelectCards fallback
[16:53:03] [A] gate: CastSpell(banefire) offered_seen=True (obs=4)
[16:53:03] [A] -> act phase
[16:53:03] [A] casting banefire
[16:53:03] [P0A] NOTE: hand=8>7 but vi kind code='sequence'; vi_ops=1; trying SelectCards fallback
[16:53:03] [A] submitting interaction iid=Y0M0QI.0.740 choice=Y0M0QI.0.740.t1 ()
[16:53:03] [A] targeted P1 for banefire
[16:53:04] [P0A] NOTE: hand=8>7 but vi kind code='choose'; vi_ops=1; trying SelectCards fallback
[16:53:04] [A] X-choice offered: min=0 max=12 (turn 36, bf=[('krark-clan ironworks', 2), ('memnite', 1), ('mountain', 9)])
[16:53:04] [A] A2_x_cap_overcounted: max=12 vs bounded-flow acceptance 10 (mtn=9 kci=2 memnite=1); delta=+2 -> passed
[16:53:04] [A] submitting number X=0
[16:53:04] [A] chose X=0 for banefire
[16:53:05] [A] tap land for mana used_for=R
[16:53:05] [A] submitting interaction iid=Y0M0QI.0.742 choice=Y0M0QI.0.742.c3 (Mountain)
[16:53:06] [A] A3: cast Banefire (oid 15) resolved at X=0; P1 life=20 (want 20) -> passed
[16:53:06] [A] POST exported
[16:53:06] ===== GAME B: endless one {X} (X=3) =====
[16:53:06] [B] game 1IUFJO; P0 seat=0 P1 seat=1
[16:53:06] [P0B] mulligan (7 cards, hand=['mountain', 'krark-clan ironworks', 'krark-clan ironworks', 'memnite', 'memnite', 'mountain', 'phyrexian altar'])
[16:53:06] [P1B] keep 7: ['forest', 'forest', 'forest', 'forest', 'forest', 'forest', 'forest']
[16:53:07] [P0B] keep 7: ['memnite', 'mountain', 'mountain', 'memnite', 'krark-clan ironworks', 'endless one', 'mountain']
[16:53:07] [P0B] bottoming ['mountain'] via vi
[16:53:07] [P1B] playing land forest
[16:53:07] [P1B] tap land for mana used_for=any
[16:53:07] [P1B] submitting interaction iid=1IUFJO.0.9 choice=1IUFJO.0.9.c1 (Forest)
[16:53:10] [P0B] playing land mountain
[16:53:10] [B] P0 casts memnite (oid 34) needs={'generic': 0}
[16:53:12] [P1B] tap land for mana used_for=any
[16:53:12] [P1B] submitting interaction iid=1IUFJO.0.38 choice=1IUFJO.0.38.c1 (Forest)
[16:53:13] [P1B] playing land forest
[16:53:13] [P1B] tap land for mana used_for=any
[16:53:13] [P1B] submitting interaction iid=1IUFJO.0.44 choice=1IUFJO.0.44.c1 (Forest)
[16:53:16] [P0B] playing land mountain
[16:53:17] [P1B] tap land for mana used_for=any
[16:53:17] [P1B] submitting interaction iid=1IUFJO.0.71 choice=1IUFJO.0.71.c1 (Forest)
[16:53:18] [P1B] tap land for mana used_for=any
[16:53:18] [P1B] submitting interaction iid=1IUFJO.0.72 choice=1IUFJO.0.72.c1 (Forest)
[16:53:18] [P1B] playing land forest
[16:53:19] [P1B] tap land for mana used_for=any
[16:53:19] [P1B] submitting interaction iid=1IUFJO.0.78 choice=1IUFJO.0.78.c1 (Forest)
[16:53:23] [P1B] tap land for mana used_for=any
[16:53:23] [P1B] submitting interaction iid=1IUFJO.0.104 choice=1IUFJO.0.104.c1 (Forest)
[16:53:23] [P1B] tap land for mana used_for=any
[16:53:23] [P1B] submitting interaction iid=1IUFJO.0.105 choice=1IUFJO.0.105.c1 (Forest)
[16:53:25] [P1B] tap land for mana used_for=any
[16:53:25] [P1B] submitting interaction iid=1IUFJO.0.106 choice=1IUFJO.0.106.c1 (Forest)
[16:53:25] [P1B] playing land forest
[16:53:26] [P1B] tap land for mana used_for=any
[16:53:26] [P1B] submitting interaction iid=1IUFJO.0.112 choice=1IUFJO.0.112.c1 (Forest)
[16:53:28] [P0B] playing land mountain
[16:53:30] [P1B] tap land for mana used_for=any
[16:53:30] [P1B] submitting interaction iid=1IUFJO.0.139 choice=1IUFJO.0.139.c1 (Forest)
[16:53:30] [P1B] tap land for mana used_for=any
[16:53:30] [P1B] submitting interaction iid=1IUFJO.0.140 choice=1IUFJO.0.140.c1 (Forest)
[16:53:30] [P1B] tap land for mana used_for=any
[16:53:30] [P1B] submitting interaction iid=1IUFJO.0.141 choice=1IUFJO.0.141.c1 (Forest)
[16:53:30] [P1B] tap land for mana used_for=any
[16:53:30] [P1B] submitting interaction iid=1IUFJO.0.142 choice=1IUFJO.0.142.c1 (Forest)
[16:53:31] [P1B] playing land forest
[16:53:31] [P1B] tap land for mana used_for=any
[16:53:31] [P1B] submitting interaction iid=1IUFJO.0.148 choice=1IUFJO.0.148.c1 (Forest)
[16:53:35] [P1B] tap land for mana used_for=any
[16:53:35] [P1B] submitting interaction iid=1IUFJO.0.174 choice=1IUFJO.0.174.c1 (Forest)
[16:53:35] [P1B] tap land for mana used_for=any
[16:53:35] [P1B] submitting interaction iid=1IUFJO.0.175 choice=1IUFJO.0.175.c1 (Forest)
[16:53:35] [P1B] tap land for mana used_for=any
[16:53:35] [P1B] submitting interaction iid=1IUFJO.0.176 choice=1IUFJO.0.176.c1 (Forest)
[16:53:35] [P1B] tap land for mana used_for=any
[16:53:35] [P1B] submitting interaction iid=1IUFJO.0.177 choice=1IUFJO.0.177.c1 (Forest)
[16:53:36] [P1B] tap land for mana used_for=any
[16:53:36] [P1B] submitting interaction iid=1IUFJO.0.178 choice=1IUFJO.0.178.c1 (Forest)
[16:53:36] [P1B] playing land forest
[16:53:37] [P1B] tap land for mana used_for=any
[16:53:37] [P1B] submitting interaction iid=1IUFJO.0.184 choice=1IUFJO.0.184.c1 (Forest)
[16:53:38] [P0B] NOTE: hand=8>7 but vi kind code='choose'; vi_ops=1; trying SelectCards fallback
[16:53:39] [P0B] NOTE: hand=8>7 but vi kind code='choose'; vi_ops=0; trying SelectCards fallback
[16:53:39] [P0B] NOTE: hand=8>7 but vi kind code='choose'; vi_ops=1; trying SelectCards fallback
[16:53:39] [P0B] NOTE: hand=8>7 but vi kind code='choose'; vi_ops=0; trying SelectCards fallback
[16:53:39] [P0B] NOTE: hand=8>7 but vi kind code='choose'; vi_ops=1; trying SelectCards fallback
[16:53:39] [P0B] NOTE: hand=8>7 but vi kind code='choose'; vi_ops=0; trying SelectCards fallback
[16:53:39] [P0B] NOTE: hand=8>7 but vi kind code='relations'; vi_ops=1; trying SelectCards fallback
[16:53:40] [P0B] NOTE: hand=8>7 but vi kind code='choose'; vi_ops=1; trying SelectCards fallback
[16:53:40] [P0B] NOTE: hand=8>7 but vi kind code='choose'; vi_ops=0; trying SelectCards fallback
[16:53:40] [P0B] NOTE: hand=8>7 but vi kind code='choose'; vi_ops=1; trying SelectCards fallback
[16:53:40] [P0B] NOTE: hand=8>7 but vi kind code='choose'; vi_ops=0; trying SelectCards fallback
[16:53:40] [P0B] NOTE: hand=8>7 but vi kind code='choose'; vi_ops=1; trying SelectCards fallback
[16:53:40] [P0B] NOTE: hand=8>7 but vi kind code='choose'; vi_ops=0; trying SelectCards fallback
[16:53:40] [P0B] NOTE: hand=8>7 but vi kind code='select'; vi_ops=1; trying SelectCards fallback
[16:53:40] [P0B] discarding 1 via verbatim SelectCards: ['krark-clan ironworks']
[16:53:41] [P1B] tap land for mana used_for=any
[16:53:41] [P1B] submitting interaction iid=1IUFJO.0.211 choice=1IUFJO.0.211.c1 (Forest)
[16:53:41] [P1B] tap land for mana used_for=any
[16:53:41] [P1B] submitting interaction iid=1IUFJO.0.212 choice=1IUFJO.0.212.c1 (Forest)
[16:53:41] [P1B] tap land for mana used_for=any
[16:53:41] [P1B] submitting interaction iid=1IUFJO.0.213 choice=1IUFJO.0.213.c1 (Forest)
[16:53:41] [P1B] tap land for mana used_for=any
[16:53:41] [P1B] submitting interaction iid=1IUFJO.0.214 choice=1IUFJO.0.214.c1 (Forest)
[16:53:41] [P1B] tap land for mana used_for=any
[16:53:41] [P1B] submitting interaction iid=1IUFJO.0.215 choice=1IUFJO.0.215.c1 (Forest)
[16:53:42] [P1B] tap land for mana used_for=any
[16:53:42] [P1B] submitting interaction iid=1IUFJO.0.216 choice=1IUFJO.0.216.c1 (Forest)
[16:53:43] [P1B] playing land forest
[16:53:43] [P1B] tap land for mana used_for=any
[16:53:43] [P1B] submitting interaction iid=1IUFJO.0.222 choice=1IUFJO.0.222.c1 (Forest)
[16:53:45] [P0B] NOTE: hand=8>7 but vi kind code='choose'; vi_ops=1; trying SelectCards fallback
[16:53:45] [P0B] NOTE: hand=8>7 but vi kind code='choose'; vi_ops=0; trying SelectCards fallback
[16:53:45] [P0B] NOTE: hand=8>7 but vi kind code='choose'; vi_ops=1; trying SelectCards fallback
[16:53:45] [P0B] playing land mountain
[16:53:45] [B] P0 casts krark-clan ironworks (oid 4) needs={'generic': 4}
[16:53:48] [P1B] tap land for mana used_for=any
[16:53:48] [P1B] submitting interaction iid=1IUFJO.0.252 choice=1IUFJO.0.252.c1 (Forest)
[16:53:48] [P1B] tap land for mana used_for=any
[16:53:48] [P1B] submitting interaction iid=1IUFJO.0.253 choice=1IUFJO.0.253.c1 (Forest)
[16:53:48] [P1B] tap land for mana used_for=any
[16:53:48] [P1B] submitting interaction iid=1IUFJO.0.254 choice=1IUFJO.0.254.c1 (Forest)
[16:53:48] [P1B] tap land for mana used_for=any
[16:53:48] [P1B] submitting interaction iid=1IUFJO.0.255 choice=1IUFJO.0.255.c1 (Forest)
[16:53:48] [P1B] tap land for mana used_for=any
[16:53:48] [P1B] submitting interaction iid=1IUFJO.0.256 choice=1IUFJO.0.256.c1 (Forest)
[16:53:49] [P1B] tap land for mana used_for=any
[16:53:49] [P1B] submitting interaction iid=1IUFJO.0.257 choice=1IUFJO.0.257.c1 (Forest)
[16:53:49] [P1B] tap land for mana used_for=any
[16:53:49] [P1B] submitting interaction iid=1IUFJO.0.258 choice=1IUFJO.0.258.c1 (Forest)
[16:53:50] [P1B] playing land forest
[16:53:50] [P1B] tap land for mana used_for=any
[16:53:50] [P1B] submitting interaction iid=1IUFJO.0.264 choice=1IUFJO.0.264.c1 (Forest)
[16:53:52] [B] tap land for mana used_for=generic
[16:53:52] [B] submitting interaction iid=1IUFJO.0.275 choice=1IUFJO.0.275.c2 (Mountain)
[16:53:52] [B] tap land for mana used_for=generic
[16:53:52] [B] submitting interaction iid=1IUFJO.0.276 choice=1IUFJO.0.276.c2 (Mountain)
[16:53:52] [B] tap land for mana used_for=generic
[16:53:52] [B] submitting interaction iid=1IUFJO.0.277 choice=1IUFJO.0.277.c2 (Mountain)
[16:53:52] [B] tap land for mana used_for=generic
[16:53:52] [B] submitting interaction iid=1IUFJO.0.278 choice=1IUFJO.0.278.c2 (Mountain)
[16:53:53] [P0B] playing land mountain
[16:53:57] [P1B] tap land for mana used_for=any
[16:53:57] [P1B] submitting interaction iid=1IUFJO.0.295 choice=1IUFJO.0.295.c1 (Forest)
[16:53:57] [P1B] tap land for mana used_for=any
[16:53:57] [P1B] submitting interaction iid=1IUFJO.0.296 choice=1IUFJO.0.296.c1 (Forest)
[16:53:57] [P1B] tap land for mana used_for=any
[16:53:57] [P1B] submitting interaction iid=1IUFJO.0.297 choice=1IUFJO.0.297.c1 (Forest)
[16:53:57] [P1B] tap land for mana used_for=any
[16:53:57] [P1B] submitting interaction iid=1IUFJO.0.298 choice=1IUFJO.0.298.c1 (Forest)
[16:53:57] [P1B] tap land for mana used_for=any
[16:53:57] [P1B] submitting interaction iid=1IUFJO.0.299 choice=1IUFJO.0.299.c1 (Forest)
[16:53:58] [P1B] tap land for mana used_for=any
[16:53:58] [P1B] submitting interaction iid=1IUFJO.0.300 choice=1IUFJO.0.300.c1 (Forest)
[16:53:58] [P1B] tap land for mana used_for=any
[16:53:58] [P1B] submitting interaction iid=1IUFJO.0.301 choice=1IUFJO.0.301.c1 (Forest)
[16:53:58] [P1B] tap land for mana used_for=any
[16:53:58] [P1B] submitting interaction iid=1IUFJO.0.302 choice=1IUFJO.0.302.c1 (Forest)
[16:53:59] [P1B] playing land forest
[16:53:59] [P1B] tap land for mana used_for=any
[16:53:59] [P1B] submitting interaction iid=1IUFJO.0.308 choice=1IUFJO.0.308.c1 (Forest)
[16:54:01] [P0B] playing land mountain
[16:54:03] [P1B] tap land for mana used_for=any
[16:54:03] [P1B] submitting interaction iid=1IUFJO.0.335 choice=1IUFJO.0.335.c1 (Forest)
[16:54:03] [P1B] tap land for mana used_for=any
[16:54:03] [P1B] submitting interaction iid=1IUFJO.0.336 choice=1IUFJO.0.336.c1 (Forest)
[16:54:03] [P1B] tap land for mana used_for=any
[16:54:03] [P1B] submitting interaction iid=1IUFJO.0.337 choice=1IUFJO.0.337.c1 (Forest)
[16:54:03] [P1B] tap land for mana used_for=any
[16:54:03] [P1B] submitting interaction iid=1IUFJO.0.338 choice=1IUFJO.0.338.c1 (Forest)
[16:54:04] [P1B] tap land for mana used_for=any
[16:54:04] [P1B] submitting interaction iid=1IUFJO.0.339 choice=1IUFJO.0.339.c1 (Forest)
[16:54:04] [P1B] tap land for mana used_for=any
[16:54:04] [P1B] submitting interaction iid=1IUFJO.0.340 choice=1IUFJO.0.340.c1 (Forest)
[16:54:04] [P1B] tap land for mana used_for=any
[16:54:04] [P1B] submitting interaction iid=1IUFJO.0.341 choice=1IUFJO.0.341.c1 (Forest)
[16:54:04] [P1B] tap land for mana used_for=any
[16:54:04] [P1B] submitting interaction iid=1IUFJO.0.342 choice=1IUFJO.0.342.c1 (Forest)
[16:54:04] [P1B] tap land for mana used_for=any
[16:54:04] [P1B] submitting interaction iid=1IUFJO.0.343 choice=1IUFJO.0.343.c1 (Forest)
[16:54:05] [P1B] playing land forest
[16:54:05] [P1B] tap land for mana used_for=any
[16:54:05] [P1B] submitting interaction iid=1IUFJO.0.349 choice=1IUFJO.0.349.c1 (Forest)
[16:54:08] [P0B] playing land mountain
[16:54:09] [P1B] tap land for mana used_for=any
[16:54:09] [P1B] submitting interaction iid=1IUFJO.0.376 choice=1IUFJO.0.376.c1 (Forest)
[16:54:10] [P1B] tap land for mana used_for=any
[16:54:10] [P1B] submitting interaction iid=1IUFJO.0.377 choice=1IUFJO.0.377.c1 (Forest)
[16:54:10] [P1B] tap land for mana used_for=any
[16:54:10] [P1B] submitting interaction iid=1IUFJO.0.378 choice=1IUFJO.0.378.c1 (Forest)
[16:54:10] [P1B] tap land for mana used_for=any
[16:54:10] [P1B] submitting interaction iid=1IUFJO.0.379 choice=1IUFJO.0.379.c1 (Forest)
[16:54:10] [P1B] tap land for mana used_for=any
[16:54:10] [P1B] submitting interaction iid=1IUFJO.0.380 choice=1IUFJO.0.380.c1 (Forest)
[16:54:10] [P1B] tap land for mana used_for=any
[16:54:10] [P1B] submitting interaction iid=1IUFJO.0.381 choice=1IUFJO.0.381.c1 (Forest)
[16:54:10] [P1B] tap land for mana used_for=any
[16:54:10] [P1B] submitting interaction iid=1IUFJO.0.382 choice=1IUFJO.0.382.c1 (Forest)
[16:54:10] [P1B] tap land for mana used_for=any
[16:54:10] [P1B] submitting interaction iid=1IUFJO.0.383 choice=1IUFJO.0.383.c1 (Forest)
[16:54:11] [P1B] tap land for mana used_for=any
[16:54:11] [P1B] submitting interaction iid=1IUFJO.0.384 choice=1IUFJO.0.384.c1 (Forest)
[16:54:11] [P1B] tap land for mana used_for=any
[16:54:11] [P1B] submitting interaction iid=1IUFJO.0.385 choice=1IUFJO.0.385.c1 (Forest)
[16:54:12] [P1B] playing land forest
[16:54:12] [P1B] tap land for mana used_for=any
[16:54:12] [P1B] submitting interaction iid=1IUFJO.0.391 choice=1IUFJO.0.391.c1 (Forest)
[16:54:16] [P1B] tap land for mana used_for=any
[16:54:16] [P1B] submitting interaction iid=1IUFJO.0.417 choice=1IUFJO.0.417.c1 (Forest)
[16:54:16] [P1B] tap land for mana used_for=any
[16:54:16] [P1B] submitting interaction iid=1IUFJO.0.418 choice=1IUFJO.0.418.c1 (Forest)
[16:54:17] [P1B] tap land for mana used_for=any
[16:54:17] [P1B] submitting interaction iid=1IUFJO.0.419 choice=1IUFJO.0.419.c1 (Forest)
[16:54:17] [P1B] tap land for mana used_for=any
[16:54:17] [P1B] submitting interaction iid=1IUFJO.0.420 choice=1IUFJO.0.420.c1 (Forest)
[16:54:17] [P1B] tap land for mana used_for=any
[16:54:17] [P1B] submitting interaction iid=1IUFJO.0.421 choice=1IUFJO.0.421.c1 (Forest)
[16:54:17] [P1B] tap land for mana used_for=any
[16:54:17] [P1B] submitting interaction iid=1IUFJO.0.422 choice=1IUFJO.0.422.c1 (Forest)
[16:54:17] [P1B] tap land for mana used_for=any
[16:54:17] [P1B] submitting interaction iid=1IUFJO.0.423 choice=1IUFJO.0.423.c1 (Forest)
[16:54:17] [P1B] tap land for mana used_for=any
[16:54:17] [P1B] submitting interaction iid=1IUFJO.0.424 choice=1IUFJO.0.424.c1 (Forest)
[16:54:17] [P1B] tap land for mana used_for=any
[16:54:17] [P1B] submitting interaction iid=1IUFJO.0.425 choice=1IUFJO.0.425.c1 (Forest)
[16:54:18] [P1B] tap land for mana used_for=any
[16:54:18] [P1B] submitting interaction iid=1IUFJO.0.426 choice=1IUFJO.0.426.c1 (Forest)
[16:54:18] [P1B] tap land for mana used_for=any
[16:54:18] [P1B] submitting interaction iid=1IUFJO.0.427 choice=1IUFJO.0.427.c1 (Forest)
[16:54:19] [P1B] playing land forest
[16:54:19] [P1B] tap land for mana used_for=any
[16:54:19] [P1B] submitting interaction iid=1IUFJO.0.433 choice=1IUFJO.0.433.c1 (Forest)
[16:54:21] [P0B] NOTE: hand=8>7 but vi kind code='choose'; vi_ops=1; trying SelectCards fallback
[16:54:21] [P0B] NOTE: hand=8>7 but vi kind code='choose'; vi_ops=0; trying SelectCards fallback
[16:54:21] [P0B] NOTE: hand=8>7 but vi kind code='choose'; vi_ops=1; trying SelectCards fallback
[16:54:21] [P0B] NOTE: hand=8>7 but vi kind code='choose'; vi_ops=0; trying SelectCards fallback
[16:54:22] [P0B] NOTE: hand=8>7 but vi kind code='choose'; vi_ops=1; trying SelectCards fallback
[16:54:22] [P0B] NOTE: hand=8>7 but vi kind code='choose'; vi_ops=0; trying SelectCards fallback
[16:54:22] [P0B] NOTE: hand=8>7 but vi kind code='relations'; vi_ops=1; trying SelectCards fallback
[16:54:22] [P0B] NOTE: hand=8>7 but vi kind code='choose'; vi_ops=1; trying SelectCards fallback
[16:54:22] [P0B] NOTE: hand=8>7 but vi kind code='choose'; vi_ops=0; trying SelectCards fallback
[16:54:22] [P0B] NOTE: hand=8>7 but vi kind code='choose'; vi_ops=1; trying SelectCards fallback
[16:54:22] [P0B] NOTE: hand=8>7 but vi kind code='choose'; vi_ops=0; trying SelectCards fallback
[16:54:23] [P0B] NOTE: hand=8>7 but vi kind code='choose'; vi_ops=1; trying SelectCards fallback
[16:54:23] [P0B] NOTE: hand=8>7 but vi kind code='choose'; vi_ops=0; trying SelectCards fallback
[16:54:23] [P0B] NOTE: hand=8>7 but vi kind code='select'; vi_ops=1; trying SelectCards fallback
[16:54:23] [P0B] discarding 1 via verbatim SelectCards: ['memnite']
[16:54:24] [P1B] tap land for mana used_for=any
[16:54:24] [P1B] submitting interaction iid=1IUFJO.0.460 choice=1IUFJO.0.460.c1 (Forest)
[16:54:24] [P1B] tap land for mana used_for=any
[16:54:24] [P1B] submitting interaction iid=1IUFJO.0.461 choice=1IUFJO.0.461.c1 (Forest)
[16:54:24] [P1B] tap land for mana used_for=any
[16:54:24] [P1B] submitting interaction iid=1IUFJO.0.462 choice=1IUFJO.0.462.c1 (Forest)
[16:54:24] [P1B] tap land for mana used_for=any
[16:54:24] [P1B] submitting interaction iid=1IUFJO.0.463 choice=1IUFJO.0.463.c1 (Forest)
[16:54:24] [P1B] tap land for mana used_for=any
[16:54:24] [P1B] submitting interaction iid=1IUFJO.0.464 choice=1IUFJO.0.464.c1 (Forest)
[16:54:24] [P1B] tap land for mana used_for=any
[16:54:24] [P1B] submitting interaction iid=1IUFJO.0.465 choice=1IUFJO.0.465.c1 (Forest)
[16:54:25] [P1B] tap land for mana used_for=any
[16:54:25] [P1B] submitting interaction iid=1IUFJO.0.466 choice=1IUFJO.0.466.c1 (Forest)
[16:54:25] [P1B] tap land for mana used_for=any
[16:54:25] [P1B] submitting interaction iid=1IUFJO.0.467 choice=1IUFJO.0.467.c1 (Forest)
[16:54:25] [P1B] tap land for mana used_for=any
[16:54:25] [P1B] submitting interaction iid=1IUFJO.0.468 choice=1IUFJO.0.468.c1 (Forest)
[16:54:25] [P1B] tap land for mana used_for=any
[16:54:25] [P1B] submitting interaction iid=1IUFJO.0.469 choice=1IUFJO.0.469.c1 (Forest)
[16:54:25] [P1B] tap land for mana used_for=any
[16:54:25] [P1B] submitting interaction iid=1IUFJO.0.470 choice=1IUFJO.0.470.c1 (Forest)
[16:54:25] [P1B] tap land for mana used_for=any
[16:54:25] [P1B] submitting interaction iid=1IUFJO.0.471 choice=1IUFJO.0.471.c1 (Forest)
[16:54:26] [P1B] playing land forest
[16:54:26] [P1B] tap land for mana used_for=any
[16:54:26] [P1B] submitting interaction iid=1IUFJO.0.477 choice=1IUFJO.0.477.c1 (Forest)
[16:54:28] [P0B] NOTE: hand=8>7 but vi kind code='choose'; vi_ops=1; trying SelectCards fallback
[16:54:29] [P0B] NOTE: hand=8>7 but vi kind code='choose'; vi_ops=0; trying SelectCards fallback
[16:54:29] [P0B] NOTE: hand=8>7 but vi kind code='choose'; vi_ops=1; trying SelectCards fallback
[16:54:29] [P0B] playing land mountain
[16:54:31] [P1B] tap land for mana used_for=any
[16:54:31] [P1B] submitting interaction iid=1IUFJO.0.504 choice=1IUFJO.0.504.c1 (Forest)
[16:54:31] [P1B] tap land for mana used_for=any
[16:54:31] [P1B] submitting interaction iid=1IUFJO.0.505 choice=1IUFJO.0.505.c1 (Forest)
[16:54:31] [P1B] tap land for mana used_for=any
[16:54:31] [P1B] submitting interaction iid=1IUFJO.0.506 choice=1IUFJO.0.506.c1 (Forest)
[16:54:31] [P1B] tap land for mana used_for=any
[16:54:31] [P1B] submitting interaction iid=1IUFJO.0.507 choice=1IUFJO.0.507.c1 (Forest)
[16:54:31] [P1B] tap land for mana used_for=any
[16:54:31] [P1B] submitting interaction iid=1IUFJO.0.508 choice=1IUFJO.0.508.c1 (Forest)
[16:54:34] [P1B] tap land for mana used_for=any
[16:54:34] [P1B] submitting interaction iid=1IUFJO.0.509 choice=1IUFJO.0.509.c1 (Forest)
[16:54:34] [P1B] tap land for mana used_for=any
[16:54:34] [P1B] submitting interaction iid=1IUFJO.0.510 choice=1IUFJO.0.510.c1 (Forest)
[16:54:34] [P1B] tap land for mana used_for=any
[16:54:34] [P1B] submitting interaction iid=1IUFJO.0.511 choice=1IUFJO.0.511.c1 (Forest)
[16:54:34] [P1B] tap land for mana used_for=any
[16:54:34] [P1B] submitting interaction iid=1IUFJO.0.512 choice=1IUFJO.0.512.c1 (Forest)
[16:54:34] [P1B] tap land for mana used_for=any
[16:54:34] [P1B] submitting interaction iid=1IUFJO.0.513 choice=1IUFJO.0.513.c1 (Forest)
[16:54:35] [P1B] tap land for mana used_for=any
[16:54:35] [P1B] submitting interaction iid=1IUFJO.0.514 choice=1IUFJO.0.514.c1 (Forest)
[16:54:35] [P1B] tap land for mana used_for=any
[16:54:35] [P1B] submitting interaction iid=1IUFJO.0.515 choice=1IUFJO.0.515.c1 (Forest)
[16:54:35] [P1B] tap land for mana used_for=any
[16:54:35] [P1B] submitting interaction iid=1IUFJO.0.516 choice=1IUFJO.0.516.c1 (Forest)
[16:54:36] [P1B] playing land forest
[16:54:36] [P1B] tap land for mana used_for=any
[16:54:36] [P1B] submitting interaction iid=1IUFJO.0.522 choice=1IUFJO.0.522.c1 (Forest)
[16:54:38] [P0B] NOTE: hand=8>7 but vi kind code='choose'; vi_ops=1; trying SelectCards fallback
[16:54:38] [P0B] NOTE: hand=8>7 but vi kind code='choose'; vi_ops=0; trying SelectCards fallback
[16:54:38] [P0B] NOTE: hand=8>7 but vi kind code='choose'; vi_ops=1; trying SelectCards fallback
[16:54:38] [B] P0 casts phyrexian altar (oid 41) needs={'generic': 3}
[16:54:39] [B] tap land for mana used_for=generic
[16:54:39] [B] submitting interaction iid=1IUFJO.0.538 choice=1IUFJO.0.538.c2 (Mountain)
[16:54:39] [B] tap land for mana used_for=generic
[16:54:39] [B] submitting interaction iid=1IUFJO.0.539 choice=1IUFJO.0.539.c2 (Mountain)
[16:54:39] [B] tap land for mana used_for=generic
[16:54:39] [B] submitting interaction iid=1IUFJO.0.540 choice=1IUFJO.0.540.c2 (Mountain)
[16:54:41] [B] setup complete -> assert phase
[16:54:41] [B] exported pre_B.json
[16:54:41] [B] PRE exported; setup ready (turn 28)
[16:54:42] [P1B] tap land for mana used_for=any
[16:54:42] [P1B] submitting interaction iid=1IUFJO.0.554 choice=1IUFJO.0.554.c1 (Forest)
[16:54:42] [P1B] tap land for mana used_for=any
[16:54:42] [P1B] submitting interaction iid=1IUFJO.0.555 choice=1IUFJO.0.555.c1 (Forest)
[16:54:42] [P1B] tap land for mana used_for=any
[16:54:42] [P1B] submitting interaction iid=1IUFJO.0.556 choice=1IUFJO.0.556.c1 (Forest)
[16:54:42] [P1B] tap land for mana used_for=any
[16:54:42] [P1B] submitting interaction iid=1IUFJO.0.557 choice=1IUFJO.0.557.c1 (Forest)
[16:54:42] [P1B] tap land for mana used_for=any
[16:54:42] [P1B] submitting interaction iid=1IUFJO.0.558 choice=1IUFJO.0.558.c1 (Forest)
[16:54:42] [P1B] tap land for mana used_for=any
[16:54:42] [P1B] submitting interaction iid=1IUFJO.0.559 choice=1IUFJO.0.559.c1 (Forest)
[16:54:43] [P1B] tap land for mana used_for=any
[16:54:43] [P1B] submitting interaction iid=1IUFJO.0.560 choice=1IUFJO.0.560.c1 (Forest)
[16:54:43] [P1B] tap land for mana used_for=any
[16:54:43] [P1B] submitting interaction iid=1IUFJO.0.561 choice=1IUFJO.0.561.c1 (Forest)
[16:54:43] [P1B] tap land for mana used_for=any
[16:54:43] [P1B] submitting interaction iid=1IUFJO.0.562 choice=1IUFJO.0.562.c1 (Forest)
[16:54:43] [P1B] tap land for mana used_for=any
[16:54:43] [P1B] submitting interaction iid=1IUFJO.0.563 choice=1IUFJO.0.563.c1 (Forest)
[16:54:43] [P1B] tap land for mana used_for=any
[16:54:43] [P1B] submitting interaction iid=1IUFJO.0.564 choice=1IUFJO.0.564.c1 (Forest)
[16:54:43] [P1B] tap land for mana used_for=any
[16:54:43] [P1B] submitting interaction iid=1IUFJO.0.565 choice=1IUFJO.0.565.c1 (Forest)
[16:54:44] [P1B] tap land for mana used_for=any
[16:54:44] [P1B] submitting interaction iid=1IUFJO.0.566 choice=1IUFJO.0.566.c1 (Forest)
[16:54:44] [P1B] tap land for mana used_for=any
[16:54:44] [P1B] submitting interaction iid=1IUFJO.0.567 choice=1IUFJO.0.567.c1 (Forest)
[16:54:45] [P1B] playing land forest
[16:54:45] [P1B] tap land for mana used_for=any
[16:54:45] [P1B] submitting interaction iid=1IUFJO.0.573 choice=1IUFJO.0.573.c1 (Forest)
[16:54:47] [P0B] NOTE: hand=8>7 but vi kind code='choose'; vi_ops=1; trying SelectCards fallback
[16:54:47] [P0B] NOTE: hand=8>7 but vi kind code='choose'; vi_ops=0; trying SelectCards fallback
[16:54:47] [P0B] NOTE: hand=8>7 but vi kind code='choose'; vi_ops=1; trying SelectCards fallback
[16:54:47] [P0B] NOTE: hand=8>7 but vi kind code='choose'; vi_ops=0; trying SelectCards fallback
[16:54:47] [P0B] NOTE: hand=8>7 but vi kind code='choose'; vi_ops=1; trying SelectCards fallback
[16:54:48] [P0B] NOTE: hand=8>7 but vi kind code='choose'; vi_ops=0; trying SelectCards fallback
[16:54:48] [P0B] NOTE: hand=8>7 but vi kind code='relations'; vi_ops=1; trying SelectCards fallback
[16:54:48] [P0B] NOTE: hand=8>7 but vi kind code='choose'; vi_ops=1; trying SelectCards fallback
[16:54:48] [P0B] NOTE: hand=8>7 but vi kind code='choose'; vi_ops=0; trying SelectCards fallback
[16:54:48] [P0B] NOTE: hand=8>7 but vi kind code='choose'; vi_ops=1; trying SelectCards fallback
[16:54:48] [B] gate: CastSpell(endless one) offered_seen=True (obs=4)
[16:54:48] [B] -> act phase
[16:54:48] [B] casting endless one
[16:54:49] [P0B] NOTE: hand=8>7 but vi kind code='choose'; vi_ops=1; trying SelectCards fallback
[16:54:49] [B] X-choice offered: min=0 max=11 (turn 30, bf=[('krark-clan ironworks', 1), ('memnite', 1), ('mountain', 8), ('phyrexian altar', 1)])
[16:54:49] [B] B2_x_cap_overcounted: max=11 vs bounded-flow acceptance 10 (mtn=8 kci=1 memnite=1); delta=+1 -> passed
[16:54:49] [B] submitting number X=3
[16:54:49] [B] chose X=3 for endless one
[16:54:50] [B] tap land for mana used_for=generic
[16:54:50] [B] submitting interaction iid=1IUFJO.0.597 choice=1IUFJO.0.597.c3 (Mountain)
[16:54:50] [B] tap land for mana used_for=generic
[16:54:50] [B] submitting interaction iid=1IUFJO.0.598 choice=1IUFJO.0.598.c3 (Mountain)
[16:54:51] [B] tap land for mana used_for=generic
[16:54:51] [B] submitting interaction iid=1IUFJO.0.599 choice=1IUFJO.0.599.c3 (Mountain)
[16:54:51] [B] unmatched interaction while expecting=pay: rtype=exactChoices
[16:54:51] [B] pay telemetry: pool={'R': 3}, stack_spells=1, ones_bf=0, vikind=choose, pending_cast=False
[16:54:51] [B] B3: X=3 payment completed: pool={'R': 3}, stack_spells=1, ones_bf=0, sacs=None
[16:54:51] [B] mid-pay state exported
[16:55:36] WATCHDOG stale P0B: rev 600 turn=30 phase=PostCombatMain legal=['PassPriority'] vikind=choose
[16:55:36] WATCHDOG stale P1B: rev 600 turn=30 phase=PostCombatMain legal=[] vikind=choose
[16:55:37] [B] B3: paid spell not resolved after passes (stack_spells=1)
[16:55:37] [B] POST exported
[16:55:37] [B] expecting pay timed out; clearing
[16:55:37] ===== GAME C: endless one {X} (X=2) =====
[16:55:37] [C] game KTN0XC; P0 seat=0 P1 seat=1
[16:55:38] [P0C] mulligan (7 cards, hand=['memnite', 'mountain', 'phyrexian altar', 'mountain', 'mountain', 'mountain', 'phyrexian altar'])
[16:55:38] [P1C] keep 7: ['forest', 'forest', 'forest', 'forest', 'forest', 'forest', 'forest']
[16:55:38] [P0C] keep 7: ['endless one', 'krark-clan ironworks', 'mountain', 'krark-clan ironworks', 'endless one', 'mountain', 'mountain']
[16:55:38] [P0C] bottoming ['mountain'] via vi
[16:55:38] [P1C] playing land forest
[16:55:39] [P1C] tap land for mana used_for=any
[16:55:39] [P1C] submitting interaction iid=KTN0XC.0.9 choice=KTN0XC.0.9.c1 (Forest)
[16:55:41] [P0C] playing land mountain
[16:55:43] [P1C] tap land for mana used_for=any
[16:55:43] [P1C] submitting interaction iid=KTN0XC.0.35 choice=KTN0XC.0.35.c1 (Forest)
[16:55:43] [P1C] playing land forest
[16:55:44] [P1C] tap land for mana used_for=any
[16:55:44] [P1C] submitting interaction iid=KTN0XC.0.41 choice=KTN0XC.0.41.c1 (Forest)
[16:55:46] [P0C] playing land mountain
[16:55:46] [C] P0 casts memnite (oid 15) needs={'generic': 0}
[16:55:49] [P1C] tap land for mana used_for=any
[16:55:49] [P1C] submitting interaction iid=KTN0XC.0.70 choice=KTN0XC.0.70.c1 (Forest)
[16:55:49] [P1C] tap land for mana used_for=any
[16:55:49] [P1C] submitting interaction iid=KTN0XC.0.71 choice=KTN0XC.0.71.c1 (Forest)
[16:55:50] [P1C] playing land forest
[16:55:50] [P1C] tap land for mana used_for=any
[16:55:50] [P1C] submitting interaction iid=KTN0XC.0.77 choice=KTN0XC.0.77.c1 (Forest)
[16:55:54] [P1C] tap land for mana used_for=any
[16:55:54] [P1C] submitting interaction iid=KTN0XC.0.103 choice=KTN0XC.0.103.c1 (Forest)
[16:55:54] [P1C] tap land for mana used_for=any
[16:55:54] [P1C] submitting interaction iid=KTN0XC.0.104 choice=KTN0XC.0.104.c1 (Forest)
[16:55:54] [P1C] tap land for mana used_for=any
[16:55:54] [P1C] submitting interaction iid=KTN0XC.0.105 choice=KTN0XC.0.105.c1 (Forest)
[16:55:55] [P1C] playing land forest
[16:55:55] [P1C] tap land for mana used_for=any
[16:55:55] [P1C] submitting interaction iid=KTN0XC.0.111 choice=KTN0XC.0.111.c1 (Forest)
[16:55:57] [P0C] playing land mountain
[16:55:57] [C] P0 casts phyrexian altar (oid 12) needs={'generic': 3}
[16:56:00] [P1C] tap land for mana used_for=any
[16:56:00] [P1C] submitting interaction iid=KTN0XC.0.141 choice=KTN0XC.0.141.c1 (Forest)
[16:56:00] [P1C] tap land for mana used_for=any
[16:56:00] [P1C] submitting interaction iid=KTN0XC.0.142 choice=KTN0XC.0.142.c1 (Forest)
[16:56:00] [P1C] tap land for mana used_for=any
[16:56:00] [P1C] submitting interaction iid=KTN0XC.0.143 choice=KTN0XC.0.143.c1 (Forest)
[16:56:01] [P1C] tap land for mana used_for=any
[16:56:01] [P1C] submitting interaction iid=KTN0XC.0.144 choice=KTN0XC.0.144.c1 (Forest)
[16:56:01] [P1C] playing land forest
[16:56:01] [P1C] tap land for mana used_for=any
[16:56:01] [P1C] submitting interaction iid=KTN0XC.0.150 choice=KTN0XC.0.150.c1 (Forest)
[16:56:03] [C] tap land for mana used_for=generic
[16:56:03] [C] submitting interaction iid=KTN0XC.0.161 choice=KTN0XC.0.161.c2 (Mountain)
[16:56:03] [C] tap land for mana used_for=generic
[16:56:03] [C] submitting interaction iid=KTN0XC.0.162 choice=KTN0XC.0.162.c2 (Mountain)
[16:56:03] [C] tap land for mana used_for=generic
[16:56:03] [C] submitting interaction iid=KTN0XC.0.163 choice=KTN0XC.0.163.c2 (Mountain)
[16:56:04] [P0C] playing land mountain
[16:56:06] [P1C] tap land for mana used_for=any
[16:56:06] [P1C] submitting interaction iid=KTN0XC.0.180 choice=KTN0XC.0.180.c1 (Forest)
[16:56:06] [P1C] tap land for mana used_for=any
[16:56:06] [P1C] submitting interaction iid=KTN0XC.0.181 choice=KTN0XC.0.181.c1 (Forest)
[16:56:06] [P1C] tap land for mana used_for=any
[16:56:06] [P1C] submitting interaction iid=KTN0XC.0.182 choice=KTN0XC.0.182.c1 (Forest)
[16:56:06] [P1C] tap land for mana used_for=any
[16:56:06] [P1C] submitting interaction iid=KTN0XC.0.183 choice=KTN0XC.0.183.c1 (Forest)
[16:56:07] [P1C] tap land for mana used_for=any
[16:56:07] [P1C] submitting interaction iid=KTN0XC.0.184 choice=KTN0XC.0.184.c1 (Forest)
[16:56:08] [P1C] playing land forest
[16:56:08] [P1C] tap land for mana used_for=any
[16:56:08] [P1C] submitting interaction iid=KTN0XC.0.190 choice=KTN0XC.0.190.c1 (Forest)
[16:56:12] [C] P0 casts krark-clan ironworks (oid 4) needs={'generic': 4}
[16:56:13] [C] setup complete -> assert phase
[16:56:14] [C] exported pre_C.json
[16:56:14] [C] PRE exported; setup ready (turn 12)
[16:56:15] [P1C] tap land for mana used_for=any
[16:56:15] [P1C] submitting interaction iid=KTN0XC.0.219 choice=KTN0XC.0.219.c1 (Forest)
[16:56:15] [P1C] tap land for mana used_for=any
[16:56:15] [P1C] submitting interaction iid=KTN0XC.0.220 choice=KTN0XC.0.220.c1 (Forest)
[16:56:15] [P1C] tap land for mana used_for=any
[16:56:15] [P1C] submitting interaction iid=KTN0XC.0.221 choice=KTN0XC.0.221.c1 (Forest)
[16:56:16] [P1C] tap land for mana used_for=any
[16:56:16] [P1C] submitting interaction iid=KTN0XC.0.222 choice=KTN0XC.0.222.c1 (Forest)
[16:56:16] [P1C] tap land for mana used_for=any
[16:56:16] [P1C] submitting interaction iid=KTN0XC.0.223 choice=KTN0XC.0.223.c1 (Forest)
[16:56:16] [P1C] tap land for mana used_for=any
[16:56:16] [P1C] submitting interaction iid=KTN0XC.0.224 choice=KTN0XC.0.224.c1 (Forest)
[16:56:17] [P1C] playing land forest
[16:56:17] [P1C] tap land for mana used_for=any
[16:56:17] [P1C] submitting interaction iid=KTN0XC.0.230 choice=KTN0XC.0.230.c1 (Forest)
[16:56:19] [C] tap land for mana used_for=generic
[16:56:19] [C] submitting interaction iid=KTN0XC.0.241 choice=KTN0XC.0.241.c3 (Mountain)
[16:56:19] [C] tap land for mana used_for=generic
[16:56:19] [C] submitting interaction iid=KTN0XC.0.242 choice=KTN0XC.0.242.c3 (Mountain)
[16:56:19] [C] tap land for mana used_for=generic
[16:56:19] [C] submitting interaction iid=KTN0XC.0.243 choice=KTN0XC.0.243.c3 (Mountain)
[16:56:19] [C] tap land for mana used_for=generic
[16:56:19] [C] submitting interaction iid=KTN0XC.0.244 choice=KTN0XC.0.244.c3 (Mountain)
[16:56:20] [C] gate: CastSpell(endless one) offered_seen=True (obs=4)
[16:56:20] [C] -> act phase
[16:56:20] [C] casting endless one
[16:56:21] [C] X-choice offered: min=0 max=3 (turn 14, bf=[('krark-clan ironworks', 1), ('memnite', 1), ('mountain(tapped)', 4), ('phyrexian altar', 1)])
[16:56:21] [C] C2_x_cap_observed: max=3
[16:56:21] [C] submitting number X=2
[16:56:21] [C] chose X=2 for endless one
[16:56:22] [C] unmatched interaction while expecting=pay: rtype=exactChoices
[16:56:22] [C] activating Krark-Clan Ironworks (ActivateAbility legal_action)
[16:56:22] [C] submitting interaction iid=KTN0XC.0.252 choice=KTN0XC.0.252.s0 (Memnite)
[16:56:22] [C] sacrificed (#1): memnite
[16:56:23] [C] spend pool mana for payment (paid=0/2)
[16:56:23] [C] submitting interaction iid=KTN0XC.0.253 choice=KTN0XC.0.253.p3 ()
[16:56:24] [C] spend pool mana for payment (paid=1/2)
[16:56:24] [C] submitting interaction iid=KTN0XC.0.254 choice=KTN0XC.0.254.p4 ()
[16:56:25] [C] unmatched interaction while expecting=pay: rtype=exactChoices
[16:57:10] WATCHDOG stale P1C: rev 255 turn=14 phase=PreCombatMain legal=[] vikind=choose
[16:57:10] WATCHDOG stale P0C: rev 255 turn=14 phase=PreCombatMain legal=['PassPriority', 'ActivateAbility', 'CancelCast'] vikind=choose
[16:57:11] [C] expecting pay timed out; clearing
[16:57:21] [C] C3: payment never completed in 60s
[16:57:21] [C] POST exported
