ServerHello: version=0.103.0 build=ec27a8d protocol=106 mode=Full
data-level check: ok=True notes=[]
P0 creating game...
P1 joining...
game YMJ8IR; P0 seat=0 P1 seat=1
[P0] keeps (hand=7)
[P1] keeps (hand=7)
DIAG turn=1 active=0 phase=Untap wf=MulliganDecision stage=SETUP house=None rolls=0 pending=False casting_house=False P0hand=['adorable kitten', 'swamp', 'adorable kitten', 'adorable kitten', 'adorable kitten', 'swamp']
[P1] keeps (hand=7)
[P1] ActionRejected: {"rejection": {"code": "wrong_player", "disposition": "unauthorized", "message": "That action belongs to a different player.", "related_object_ids": []}}
[P0] playing land swamp
[P1] hand 8 > 7 but no Select discard opportunity in vi (1 other opps)
[P1] hand 8 > 7 but no Select discard opportunity in vi (0 other opps)
[P1] hand 8 > 7 but no Select discard opportunity in vi (1 other opps)
[P1] playing land forest
[P1] tap land for mana used_for=any needs_left=None
[P0] playing land swamp
[P1] tap land for mana used_for=any needs_left=None
[P1] hand 8 > 7 but no Select discard opportunity in vi (1 other opps)
[P1] hand 8 > 7 but no Select discard opportunity in vi (0 other opps)
[P1] hand 8 > 7 but no Select discard opportunity in vi (1 other opps)
[P1] playing land forest
[P1] tap land for mana used_for=any needs_left=None
[P0] playing land plains
[P1] tap land for mana used_for=any needs_left=None
[P1] tap land for mana used_for=any needs_left=None
[P1] hand 8 > 7 but no Select discard opportunity in vi (1 other opps)
[P1] hand 8 > 7 but no Select discard opportunity in vi (0 other opps)
[P1] hand 8 > 7 but no Select discard opportunity in vi (1 other opps)
[P1] playing land forest
[P1] tap land for mana used_for=any needs_left=None
[P0] playing land mountain
[P1] tap land for mana used_for=any needs_left=None
[P1] tap land for mana used_for=any needs_left=None
[P1] tap land for mana used_for=any needs_left=None
[P1] hand 8 > 7 but no Select discard opportunity in vi (1 other opps)
[P1] hand 8 > 7 but no Select discard opportunity in vi (0 other opps)
[P1] hand 8 > 7 but no Select discard opportunity in vi (1 other opps)
[P1] playing land forest
[P1] tap land for mana used_for=any needs_left=None
[P1] tap land for mana used_for=any needs_left=None
[P1] tap land for mana used_for=any needs_left=None
[P1] tap land for mana used_for=any needs_left=None
[P1] tap land for mana used_for=any needs_left=None
[P1] hand 8 > 7 but no Select discard opportunity in vi (1 other opps)
[P1] hand 8 > 7 but no Select discard opportunity in vi (0 other opps)
[P1] hand 8 > 7 but no Select discard opportunity in vi (1 other opps)
[P1] playing land forest
[P1] tap land for mana used_for=any needs_left=None
[P0] hand 8 > 7 but no Select discard opportunity in vi (1 other opps)
[P0] hand 8 > 7 but no Select discard opportunity in vi (0 other opps)
[P0] hand 8 > 7 but no Select discard opportunity in vi (1 other opps)
[P0] hand 8 > 7 but no Select discard opportunity in vi (0 other opps)
[P0] hand 8 > 7 but no Select discard opportunity in vi (1 other opps)
[P0] hand 8 > 7 but no Select discard opportunity in vi (0 other opps)
[P0] hand 8 > 7 but no Select discard opportunity in vi (1 other opps)
[P0] hand 8 > 7 but no Select discard opportunity in vi (0 other opps)
[P0] hand 8 > 7 but no Select discard opportunity in vi (1 other opps)
[P0] hand 8 > 7 but no Select discard opportunity in vi (0 other opps)
[P0] hand 8 > 7 but no Select discard opportunity in vi (1 other opps)
[P0] hand 8 > 7 but no Select discard opportunity in vi (0 other opps)
[P0] discarding 1 to hand size via select
[P1] tap land for mana used_for=any needs_left=None
[P1] tap land for mana used_for=any needs_left=None
[P1] tap land for mana used_for=any needs_left=None
[P1] tap land for mana used_for=any needs_left=None
[P1] tap land for mana used_for=any needs_left=None
[P1] hand 8 > 7 but no Select discard opportunity in vi (1 other opps)
[P1] hand 8 > 7 but no Select discard opportunity in vi (0 other opps)
[P1] hand 8 > 7 but no Select discard opportunity in vi (1 other opps)
[P1] playing land forest
[P1] tap land for mana used_for=any needs_left=None
[P0] hand 8 > 7 but no Select discard opportunity in vi (1 other opps)
[P0] hand 8 > 7 but no Select discard opportunity in vi (0 other opps)
[P0] hand 8 > 7 but no Select discard opportunity in vi (1 other opps)
[P0] hand 8 > 7 but no Select discard opportunity in vi (0 other opps)
[P0] hand 8 > 7 but no Select discard opportunity in vi (1 other opps)
[P0] hand 8 > 7 but no Select discard opportunity in vi (0 other opps)
[P0] hand 8 > 7 but no Select discard opportunity in vi (1 other opps)
[P0] hand 8 > 7 but no Select discard opportunity in vi (0 other opps)
[P0] hand 8 > 7 but no Select discard opportunity in vi (1 other opps)
[P0] hand 8 > 7 but no Select discard opportunity in vi (0 other opps)
[P0] hand 8 > 7 but no Select discard opportunity in vi (1 other opps)
[P0] hand 8 > 7 but no Select discard opportunity in vi (0 other opps)
[P0] discarding 1 to hand size via select
[P1] tap land for mana used_for=any needs_left=None
[P1] tap land for mana used_for=any needs_left=None
[P1] tap land for mana used_for=any needs_left=None
[P1] tap land for mana used_for=any needs_left=None
[P1] tap land for mana used_for=any needs_left=None
[P1] tap land for mana used_for=any needs_left=None
[P1] hand 8 > 7 but no Select discard opportunity in vi (1 other opps)
[P1] hand 8 > 7 but no Select discard opportunity in vi (0 other opps)
[P1] hand 8 > 7 but no Select discard opportunity in vi (1 other opps)
[P1] playing land forest
[P1] tap land for mana used_for=any needs_left=None
[P0] hand 8 > 7 but no Select discard opportunity in vi (1 other opps)
[P0] hand 8 > 7 but no Select discard opportunity in vi (0 other opps)
[P0] hand 8 > 7 but no Select discard opportunity in vi (1 other opps)
[P0] playing land plains
[P1] tap land for mana used_for=any needs_left=None
[P1] tap land for mana used_for=any needs_left=None
[P1] tap land for mana used_for=any needs_left=None
[P1] tap land for mana used_for=any needs_left=None
[P1] tap land for mana used_for=any needs_left=None
[P1] tap land for mana used_for=any needs_left=None
[P1] tap land for mana used_for=any needs_left=None
[P1] hand 8 > 7 but no Select discard opportunity in vi (1 other opps)
[P1] hand 8 > 7 but no Select discard opportunity in vi (0 other opps)
[P1] hand 8 > 7 but no Select discard opportunity in vi (1 other opps)
[P1] playing land forest
[P1] tap land for mana used_for=any needs_left=None
[P0] hand 8 > 7 but no Select discard opportunity in vi (1 other opps)
[P0] hand 8 > 7 but no Select discard opportunity in vi (0 other opps)
[P0] hand 8 > 7 but no Select discard opportunity in vi (1 other opps)
[P0] playing land plains
[P1] tap land for mana used_for=any needs_left=None
[P1] tap land for mana used_for=any needs_left=None
[P1] tap land for mana used_for=any needs_left=None
[P1] tap land for mana used_for=any needs_left=None
[P1] tap land for mana used_for=any needs_left=None
[P1] tap land for mana used_for=any needs_left=None
[P1] tap land for mana used_for=any needs_left=None
[P1] tap land for mana used_for=any needs_left=None
[P1] hand 8 > 7 but no Select discard opportunity in vi (1 other opps)
[P1] hand 8 > 7 but no Select discard opportunity in vi (0 other opps)
[P1] hand 8 > 7 but no Select discard opportunity in vi (1 other opps)
[P1] playing land forest
[P1] tap land for mana used_for=any needs_left=None
[P0] hand 8 > 7 but no Select discard opportunity in vi (1 other opps)
[P0] hand 8 > 7 but no Select discard opportunity in vi (0 other opps)
[P0] hand 8 > 7 but no Select discard opportunity in vi (1 other opps)
[P0] playing land plains
[P1] tap land for mana used_for=any needs_left=None
[P1] tap land for mana used_for=any needs_left=None
DIAG turn=20 active=1 phase=Upkeep wf=Priority stage=SETUP house=None rolls=0 pending=False casting_house=False P0hand=['adorable kitten', 'adorable kitten', 'adorable kitten', 'adorable kitten', 'adorable kitten', 'adorable kitten']
[P1] tap land for mana used_for=any needs_left=None
[P1] tap land for mana used_for=any needs_left=None
[P1] tap land for mana used_for=any needs_left=None
[P1] tap land for mana used_for=any needs_left=None
[P1] tap land for mana used_for=any needs_left=None
[P1] tap land for mana used_for=any needs_left=None
[P1] tap land for mana used_for=any needs_left=None
[P1] hand 8 > 7 but no Select discard opportunity in vi (1 other opps)
[P1] hand 8 > 7 but no Select discard opportunity in vi (0 other opps)
[P1] hand 8 > 7 but no Select discard opportunity in vi (1 other opps)
[P1] playing land forest
[P1] tap land for mana used_for=any needs_left=None
[P0] hand 8 > 7 but no Select discard opportunity in vi (1 other opps)
[P0] hand 8 > 7 but no Select discard opportunity in vi (0 other opps)
[P0] hand 8 > 7 but no Select discard opportunity in vi (1 other opps)
[P0] playing land plains
[P1] tap land for mana used_for=any needs_left=None
[P1] tap land for mana used_for=any needs_left=None
[P1] tap land for mana used_for=any needs_left=None
[P1] tap land for mana used_for=any needs_left=None
[P1] tap land for mana used_for=any needs_left=None
[P1] tap land for mana used_for=any needs_left=None
[P1] tap land for mana used_for=any needs_left=None
[P1] tap land for mana used_for=any needs_left=None
[P1] tap land for mana used_for=any needs_left=None
[P1] tap land for mana used_for=any needs_left=None
[P1] hand 8 > 7 but no Select discard opportunity in vi (1 other opps)
[P1] hand 8 > 7 but no Select discard opportunity in vi (0 other opps)
[P1] hand 8 > 7 but no Select discard opportunity in vi (1 other opps)
[P1] playing land forest
[P1] tap land for mana used_for=any needs_left=None
[P0] hand 8 > 7 but no Select discard opportunity in vi (1 other opps)
[P0] hand 8 > 7 but no Select discard opportunity in vi (0 other opps)
[P0] hand 8 > 7 but no Select discard opportunity in vi (1 other opps)
[P0] playing land mountain
[P1] tap land for mana used_for=any needs_left=None
[P1] tap land for mana used_for=any needs_left=None
[P1] tap land for mana used_for=any needs_left=None
[P1] tap land for mana used_for=any needs_left=None
[P1] tap land for mana used_for=any needs_left=None
[P1] tap land for mana used_for=any needs_left=None
[P1] tap land for mana used_for=any needs_left=None
[P1] tap land for mana used_for=any needs_left=None
[P1] tap land for mana used_for=any needs_left=None
[P1] tap land for mana used_for=any needs_left=None
[P1] tap land for mana used_for=any needs_left=None
[P1] hand 8 > 7 but no Select discard opportunity in vi (1 other opps)
[P1] hand 8 > 7 but no Select discard opportunity in vi (0 other opps)
[P1] hand 8 > 7 but no Select discard opportunity in vi (1 other opps)
[P1] playing land forest
[P1] tap land for mana used_for=any needs_left=None
[P0] hand 8 > 7 but no Select discard opportunity in vi (1 other opps)
[P0] hand 8 > 7 but no Select discard opportunity in vi (0 other opps)
[P0] hand 8 > 7 but no Select discard opportunity in vi (1 other opps)
[P0] playing land swamp
[P1] tap land for mana used_for=any needs_left=None
[P1] tap land for mana used_for=any needs_left=None
[P1] tap land for mana used_for=any needs_left=None
[P1] tap land for mana used_for=any needs_left=None
[P1] tap land for mana used_for=any needs_left=None
[P1] tap land for mana used_for=any needs_left=None
[P1] tap land for mana used_for=any needs_left=None
[P1] tap land for mana used_for=any needs_left=None
[P1] tap land for mana used_for=any needs_left=None
[P1] tap land for mana used_for=any needs_left=None
[P1] tap land for mana used_for=any needs_left=None
[P1] tap land for mana used_for=any needs_left=None
[P1] hand 8 > 7 but no Select discard opportunity in vi (1 other opps)
[P1] hand 8 > 7 but no Select discard opportunity in vi (0 other opps)
[P1] hand 8 > 7 but no Select discard opportunity in vi (1 other opps)
[P1] playing land forest
[P1] tap land for mana used_for=any needs_left=None
[P0] hand 8 > 7 but no Select discard opportunity in vi (1 other opps)
[P0] hand 8 > 7 but no Select discard opportunity in vi (0 other opps)
[P0] hand 8 > 7 but no Select discard opportunity in vi (1 other opps)
[P0] hand 8 > 7 but no Select discard opportunity in vi (0 other opps)
[P0] hand 8 > 7 but no Select discard opportunity in vi (1 other opps)
[P0] hand 8 > 7 but no Select discard opportunity in vi (0 other opps)
[P0] hand 8 > 7 but no Select discard opportunity in vi (1 other opps)
[P0] hand 8 > 7 but no Select discard opportunity in vi (0 other opps)
[P0] hand 8 > 7 but no Select discard opportunity in vi (1 other opps)
[P0] hand 8 > 7 but no Select discard opportunity in vi (0 other opps)
[P0] hand 8 > 7 but no Select discard opportunity in vi (1 other opps)
[P0] hand 8 > 7 but no Select discard opportunity in vi (0 other opps)
[P0] discarding 1 to hand size via select
[P1] tap land for mana used_for=any needs_left=None
[P1] tap land for mana used_for=any needs_left=None
[P1] tap land for mana used_for=any needs_left=None
[P1] tap land for mana used_for=any needs_left=None
[P1] tap land for mana used_for=any needs_left=None
[P1] tap land for mana used_for=any needs_left=None
[P1] tap land for mana used_for=any needs_left=None
[P1] tap land for mana used_for=any needs_left=None
[P1] tap land for mana used_for=any needs_left=None
[P1] tap land for mana used_for=any needs_left=None
[P1] tap land for mana used_for=any needs_left=None
[P1] tap land for mana used_for=any needs_left=None
[P1] tap land for mana used_for=any needs_left=None
[P1] hand 8 > 7 but no Select discard opportunity in vi (1 other opps)
[P1] hand 8 > 7 but no Select discard opportunity in vi (0 other opps)
[P1] hand 8 > 7 but no Select discard opportunity in vi (1 other opps)
[P1] playing land forest
[P1] tap land for mana used_for=any needs_left=None
[P0] hand 8 > 7 but no Select discard opportunity in vi (1 other opps)
[P0] hand 8 > 7 but no Select discard opportunity in vi (0 other opps)
[P0] hand 8 > 7 but no Select discard opportunity in vi (1 other opps)
[P0] casting Mr. House (oid 21)
[P0] tap land for mana used_for=R needs_left={'R': 0, 'W': 1, 'B': 1}
[P0] tap land for mana used_for=B needs_left={'R': 0, 'W': 1, 'B': 0}
[P0] tap land for mana used_for=W needs_left={'R': 0, 'W': 0, 'B': 0}
House on BF oid=21; stage -> ROLLING
exported pre.json
[P0] casting Adorable Kitten (oid 7)
P0 BF object names at first token count: ['mountain', 'mr. house, president and ceo', 'plains', 'swamp']
[P0] roll pending: kitten oid=7 life0=20 robots0=0 treasures0=0
[P0] tap land for mana used_for=W needs_left={'W': 0}
[P1] tap land for mana used_for=any needs_left=None
[P1] tap land for mana used_for=any needs_left=None
[P1] tap land for mana used_for=any needs_left=None
[P1] tap land for mana used_for=any needs_left=None
[P0] roll #1: r=5 robotsΔ=1 treasuresΔ=0 trigger_seen=True
[P1] tap land for mana used_for=any needs_left=None
[P1] tap land for mana used_for=any needs_left=None
[P1] tap land for mana used_for=any needs_left=None
[P1] tap land for mana used_for=any needs_left=None
[P1] tap land for mana used_for=any needs_left=None
[P1] tap land for mana used_for=any needs_left=None
[P1] tap land for mana used_for=any needs_left=None
[P1] tap land for mana used_for=any needs_left=None
[P1] tap land for mana used_for=any needs_left=None
[P1] tap land for mana used_for=any needs_left=None
[P1] hand 8 > 7 but no Select discard opportunity in vi (1 other opps)
[P1] hand 8 > 7 but no Select discard opportunity in vi (0 other opps)
[P1] hand 8 > 7 but no Select discard opportunity in vi (1 other opps)
[P1] playing land forest
[P1] tap land for mana used_for=any needs_left=None
[P0] playing land mountain
[P0] casting Adorable Kitten (oid 17)
[P0] roll pending: kitten oid=17 life0=25 robots0=1 treasures0=0
[P0] tap land for mana used_for=W needs_left={'W': 0}
[P0] roll #2: r=6 robotsΔ=1 treasuresΔ=0 trigger_seen=True
[P0] casting Adorable Kitten (oid 22)
[P0] roll pending: kitten oid=22 life0=31 robots0=2 treasures0=0
[P0] tap land for mana used_for=W needs_left={'W': 0}
[P1] tap land for mana used_for=any needs_left=None
[P1] tap land for mana used_for=any needs_left=None
[P1] tap land for mana used_for=any needs_left=None
[P1] tap land for mana used_for=any needs_left=None
[P0] roll #3: r=3 robotsΔ=0 treasuresΔ=0 trigger_seen=False
[P1] tap land for mana used_for=any needs_left=None
[P1] tap land for mana used_for=any needs_left=None
[P1] tap land for mana used_for=any needs_left=None
[P1] tap land for mana used_for=any needs_left=None
[P1] tap land for mana used_for=any needs_left=None
[P1] tap land for mana used_for=any needs_left=None
[P1] tap land for mana used_for=any needs_left=None
[P1] tap land for mana used_for=any needs_left=None
[P1] tap land for mana used_for=any needs_left=None
[P1] tap land for mana used_for=any needs_left=None
[P1] tap land for mana used_for=any needs_left=None
[P1] hand 8 > 7 but no Select discard opportunity in vi (1 other opps)
[P1] hand 8 > 7 but no Select discard opportunity in vi (0 other opps)
[P1] hand 8 > 7 but no Select discard opportunity in vi (1 other opps)
[P1] playing land forest
[P1] tap land for mana used_for=any needs_left=None
[P0] casting Adorable Kitten (oid 26)
[P0] roll pending: kitten oid=26 life0=34 robots0=2 treasures0=0
[P0] tap land for mana used_for=W needs_left={'W': 0}
[P0] roll #4: r=2 robotsΔ=0 treasuresΔ=0 trigger_seen=False
[P1] tap land for mana used_for=any needs_left=None
[P1] tap land for mana used_for=any needs_left=None
[P1] tap land for mana used_for=any needs_left=None
[P1] tap land for mana used_for=any needs_left=None
[P1] tap land for mana used_for=any needs_left=None
[P1] tap land for mana used_for=any needs_left=None
[P1] tap land for mana used_for=any needs_left=None
[P1] tap land for mana used_for=any needs_left=None
[P1] tap land for mana used_for=any needs_left=None
[P1] tap land for mana used_for=any needs_left=None
[P1] tap land for mana used_for=any needs_left=None
[P1] tap land for mana used_for=any needs_left=None
[P1] tap land for mana used_for=any needs_left=None
[P1] tap land for mana used_for=any needs_left=None
[P1] tap land for mana used_for=any needs_left=None
[P1] tap land for mana used_for=any needs_left=None
DIAG turn=34 active=1 phase=Upkeep wf=Priority stage=ROLLING house=21 rolls=4 pending=False casting_house=True P0hand=['adorable kitten', 'adorable kitten', 'adorable kitten', 'adorable kitten']
[P1] hand 8 > 7 but no Select discard opportunity in vi (1 other opps)
[P1] hand 8 > 7 but no Select discard opportunity in vi (0 other opps)
[P1] hand 8 > 7 but no Select discard opportunity in vi (1 other opps)
[P1] playing land forest
[P1] tap land for mana used_for=any needs_left=None
[P0] casting Adorable Kitten (oid 28)
[P0] roll pending: kitten oid=28 life0=36 robots0=2 treasures0=0
[P0] tap land for mana used_for=W needs_left={'W': 0}
[P0] roll #5: r=2 robotsΔ=0 treasuresΔ=0 trigger_seen=False
[P0] casting Adorable Kitten (oid 31)
[P0] roll pending: kitten oid=31 life0=38 robots0=2 treasures0=0
[P0] tap land for mana used_for=W needs_left={'W': 0}
[P1] tap land for mana used_for=any needs_left=None
[P1] tap land for mana used_for=any needs_left=None
[P1] tap land for mana used_for=any needs_left=None
[P1] tap land for mana used_for=any needs_left=None
[P0] roll #6: r=1 robotsΔ=0 treasuresΔ=0 trigger_seen=False
[P1] tap land for mana used_for=any needs_left=None
[P1] tap land for mana used_for=any needs_left=None
[P1] tap land for mana used_for=any needs_left=None
[P1] tap land for mana used_for=any needs_left=None
[P1] tap land for mana used_for=any needs_left=None
[P1] tap land for mana used_for=any needs_left=None
[P1] tap land for mana used_for=any needs_left=None
[P1] tap land for mana used_for=any needs_left=None
[P1] tap land for mana used_for=any needs_left=None
[P1] tap land for mana used_for=any needs_left=None
[P1] tap land for mana used_for=any needs_left=None
[P1] tap land for mana used_for=any needs_left=None
[P1] tap land for mana used_for=any needs_left=None
[P1] hand 8 > 7 but no Select discard opportunity in vi (1 other opps)
[P1] hand 8 > 7 but no Select discard opportunity in vi (0 other opps)
[P1] hand 8 > 7 but no Select discard opportunity in vi (1 other opps)
[P1] playing land forest
[P1] tap land for mana used_for=any needs_left=None
[P0] casting Adorable Kitten (oid 41)
[P0] roll pending: kitten oid=41 life0=39 robots0=2 treasures0=0
[P0] tap land for mana used_for=W needs_left={'W': 0}
[P0] roll #7: r=5 robotsΔ=1 treasuresΔ=0 trigger_seen=True
[P1] tap land for mana used_for=any needs_left=None
[P1] tap land for mana used_for=any needs_left=None
[P1] tap land for mana used_for=any needs_left=None
[P1] tap land for mana used_for=any needs_left=None
[P1] tap land for mana used_for=any needs_left=None
[P1] tap land for mana used_for=any needs_left=None
[P1] tap land for mana used_for=any needs_left=None
[P1] tap land for mana used_for=any needs_left=None
[P1] tap land for mana used_for=any needs_left=None
[P1] tap land for mana used_for=any needs_left=None
[P1] tap land for mana used_for=any needs_left=None
[P1] tap land for mana used_for=any needs_left=None
[P1] tap land for mana used_for=any needs_left=None
[P1] tap land for mana used_for=any needs_left=None
[P1] tap land for mana used_for=any needs_left=None
[P1] tap land for mana used_for=any needs_left=None
[P1] tap land for mana used_for=any needs_left=None
[P1] tap land for mana used_for=any needs_left=None
[P1] hand 8 > 7 but no Select discard opportunity in vi (1 other opps)
[P1] hand 8 > 7 but no Select discard opportunity in vi (0 other opps)
[P1] hand 8 > 7 but no Select discard opportunity in vi (1 other opps)
[P1] playing land forest
[P1] tap land for mana used_for=any needs_left=None
[P0] playing land swamp
[P0] casting Adorable Kitten (oid 44)
[P0] roll pending: kitten oid=44 life0=44 robots0=3 treasures0=0
[P0] tap land for mana used_for=W needs_left={'W': 0}
[P0] roll #8: r=2 robotsΔ=0 treasuresΔ=0 trigger_seen=False
[P1] tap land for mana used_for=any needs_left=None
[P1] tap land for mana used_for=any needs_left=None
[P1] tap land for mana used_for=any needs_left=None
[P1] tap land for mana used_for=any needs_left=None
[P1] tap land for mana used_for=any needs_left=None
[P1] tap land for mana used_for=any needs_left=None
[P1] tap land for mana used_for=any needs_left=None
[P1] tap land for mana used_for=any needs_left=None
[P1] tap land for mana used_for=any needs_left=None
[P1] tap land for mana used_for=any needs_left=None
[P1] tap land for mana used_for=any needs_left=None
[P1] tap land for mana used_for=any needs_left=None
[P1] tap land for mana used_for=any needs_left=None
[P1] tap land for mana used_for=any needs_left=None
[P1] tap land for mana used_for=any needs_left=None
[P1] tap land for mana used_for=any needs_left=None
[P1] tap land for mana used_for=any needs_left=None
[P1] tap land for mana used_for=any needs_left=None
[P1] tap land for mana used_for=any needs_left=None
[P1] hand 8 > 7 but no Select discard opportunity in vi (1 other opps)
[P1] hand 8 > 7 but no Select discard opportunity in vi (0 other opps)
[P1] hand 8 > 7 but no Select discard opportunity in vi (1 other opps)
[P1] playing land forest
[P1] tap land for mana used_for=any needs_left=None
[P0] playing land mountain
[P0] casting Adorable Kitten (oid 49)
[P0] roll pending: kitten oid=49 life0=46 robots0=3 treasures0=0
[P0] tap land for mana used_for=W needs_left={'W': 0}
[P0] roll #9: r=3 robotsΔ=0 treasuresΔ=0 trigger_seen=False
[P1] tap land for mana used_for=any needs_left=None
[P1] tap land for mana used_for=any needs_left=None
[P1] tap land for mana used_for=any needs_left=None
[P1] tap land for mana used_for=any needs_left=None
[P1] tap land for mana used_for=any needs_left=None
[P1] tap land for mana used_for=any needs_left=None
[P1] tap land for mana used_for=any needs_left=None
[P1] tap land for mana used_for=any needs_left=None
[P1] tap land for mana used_for=any needs_left=None
[P1] tap land for mana used_for=any needs_left=None
[P1] tap land for mana used_for=any needs_left=None
[P1] tap land for mana used_for=any needs_left=None
[P1] tap land for mana used_for=any needs_left=None
[P1] tap land for mana used_for=any needs_left=None
[P1] tap land for mana used_for=any needs_left=None
[P1] tap land for mana used_for=any needs_left=None
[P1] tap land for mana used_for=any needs_left=None
[P1] tap land for mana used_for=any needs_left=None
[P1] tap land for mana used_for=any needs_left=None
[P1] tap land for mana used_for=any needs_left=None
[P1] hand 8 > 7 but no Select discard opportunity in vi (1 other opps)
[P1] hand 8 > 7 but no Select discard opportunity in vi (0 other opps)
[P1] hand 8 > 7 but no Select discard opportunity in vi (1 other opps)
[P1] playing land forest
[P1] tap land for mana used_for=any needs_left=None
[P0] playing land plains
[P0] casting Adorable Kitten (oid 58)
[P0] roll pending: kitten oid=58 life0=49 robots0=3 treasures0=0
[P0] tap land for mana used_for=W needs_left={'W': 0}
[P0] roll #10: r=4 robotsΔ=1 treasuresΔ=0 trigger_seen=True
[P1] tap land for mana used_for=any needs_left=None
[P1] tap land for mana used_for=any needs_left=None
[P1] tap land for mana used_for=any needs_left=None
[P1] tap land for mana used_for=any needs_left=None
[P1] tap land for mana used_for=any needs_left=None
[P1] tap land for mana used_for=any needs_left=None
[P1] tap land for mana used_for=any needs_left=None
[P1] tap land for mana used_for=any needs_left=None
[P1] tap land for mana used_for=any needs_left=None
[P1] tap land for mana used_for=any needs_left=None
[P1] tap land for mana used_for=any needs_left=None
[P1] tap land for mana used_for=any needs_left=None
[P1] tap land for mana used_for=any needs_left=None
[P1] tap land for mana used_for=any needs_left=None
[P1] tap land for mana used_for=any needs_left=None
[P1] tap land for mana used_for=any needs_left=None
[P1] tap land for mana used_for=any needs_left=None
[P1] tap land for mana used_for=any needs_left=None
[P1] tap land for mana used_for=any needs_left=None
[P1] tap land for mana used_for=any needs_left=None
[P1] tap land for mana used_for=any needs_left=None
[P1] hand 8 > 7 but no Select discard opportunity in vi (1 other opps)
[P1] hand 8 > 7 but no Select discard opportunity in vi (0 other opps)
[P1] hand 8 > 7 but no Select discard opportunity in vi (1 other opps)
[P1] playing land forest
[P1] tap land for mana used_for=any needs_left=None
[P0] casting Adorable Kitten (oid 39)
[P0] roll pending: kitten oid=39 life0=53 robots0=4 treasures0=0
[P0] tap land for mana used_for=W needs_left={'W': 0}
[P0] roll #11: r=6 robotsΔ=1 treasuresΔ=0 trigger_seen=True
[P1] tap land for mana used_for=any needs_left=None
[P1] tap land for mana used_for=any needs_left=None
[P1] tap land for mana used_for=any needs_left=None
[P1] tap land for mana used_for=any needs_left=None
[P1] tap land for mana used_for=any needs_left=None
[P1] tap land for mana used_for=any needs_left=None
[P1] tap land for mana used_for=any needs_left=None
[P1] tap land for mana used_for=any needs_left=None
[P1] tap land for mana used_for=any needs_left=None
[P1] tap land for mana used_for=any needs_left=None
[P1] tap land for mana used_for=any needs_left=None
[P1] tap land for mana used_for=any needs_left=None
[P1] tap land for mana used_for=any needs_left=None
[P1] tap land for mana used_for=any needs_left=None
[P1] tap land for mana used_for=any needs_left=None
[P1] tap land for mana used_for=any needs_left=None
[P1] tap land for mana used_for=any needs_left=None
[P1] tap land for mana used_for=any needs_left=None
[P1] tap land for mana used_for=any needs_left=None
[P1] tap land for mana used_for=any needs_left=None
DIAG turn=46 active=1 phase=Upkeep wf=Priority stage=ROLLING house=21 rolls=11 pending=False casting_house=True P0hand=[]
[P1] tap land for mana used_for=any needs_left=None
[P1] tap land for mana used_for=any needs_left=None
[P1] hand 8 > 7 but no Select discard opportunity in vi (1 other opps)
[P1] hand 8 > 7 but no Select discard opportunity in vi (0 other opps)
[P1] hand 8 > 7 but no Select discard opportunity in vi (1 other opps)
[P1] playing land forest
[P1] tap land for mana used_for=any needs_left=None
[P0] casting Adorable Kitten (oid 32)
[P0] roll pending: kitten oid=32 life0=59 robots0=5 treasures0=0
[P0] tap land for mana used_for=W needs_left={'W': 0}
[P0] roll #12: r=6 robotsΔ=1 treasuresΔ=0 trigger_seen=True
[P1] tap land for mana used_for=any needs_left=None
[P1] tap land for mana used_for=any needs_left=None
[P1] tap land for mana used_for=any needs_left=None
[P1] tap land for mana used_for=any needs_left=None
[P1] tap land for mana used_for=any needs_left=None
[P1] tap land for mana used_for=any needs_left=None
[P1] tap land for mana used_for=any needs_left=None
[P1] tap land for mana used_for=any needs_left=None
[P1] tap land for mana used_for=any needs_left=None
[P1] tap land for mana used_for=any needs_left=None
[P1] tap land for mana used_for=any needs_left=None
[P1] tap land for mana used_for=any needs_left=None
[P1] tap land for mana used_for=any needs_left=None
[P1] tap land for mana used_for=any needs_left=None
[P1] tap land for mana used_for=any needs_left=None
[P1] tap land for mana used_for=any needs_left=None
[P1] tap land for mana used_for=any needs_left=None
[P1] tap land for mana used_for=any needs_left=None
[P1] tap land for mana used_for=any needs_left=None
[P1] tap land for mana used_for=any needs_left=None
[P1] tap land for mana used_for=any needs_left=None
[P1] tap land for mana used_for=any needs_left=None
[P1] tap land for mana used_for=any needs_left=None
[P1] hand 8 > 7 but no Select discard opportunity in vi (1 other opps)
[P1] hand 8 > 7 but no Select discard opportunity in vi (0 other opps)
[P1] hand 8 > 7 but no Select discard opportunity in vi (1 other opps)
[P1] playing land forest
[P1] tap land for mana used_for=any needs_left=None
[P0] playing land mountain
[P1] tap land for mana used_for=any needs_left=None
[P1] tap land for mana used_for=any needs_left=None
[P1] tap land for mana used_for=any needs_left=None
[P1] tap land for mana used_for=any needs_left=None
[P1] tap land for mana used_for=any needs_left=None
[P1] tap land for mana used_for=any needs_left=None
[P1] tap land for mana used_for=any needs_left=None
[P1] tap land for mana used_for=any needs_left=None
[P1] tap land for mana used_for=any needs_left=None
[P1] tap land for mana used_for=any needs_left=None
[P1] tap land for mana used_for=any needs_left=None
[P1] tap land for mana used_for=any needs_left=None
[P1] tap land for mana used_for=any needs_left=None
[P1] tap land for mana used_for=any needs_left=None
[P1] tap land for mana used_for=any needs_left=None
[P1] tap land for mana used_for=any needs_left=None
[P1] tap land for mana used_for=any needs_left=None
[P1] tap land for mana used_for=any needs_left=None
[P1] tap land for mana used_for=any needs_left=None
[P1] tap land for mana used_for=any needs_left=None
[P1] tap land for mana used_for=any needs_left=None
[P1] tap land for mana used_for=any needs_left=None
[P1] tap land for mana used_for=any needs_left=None
[P1] tap land for mana used_for=any needs_left=None
[P1] hand 8 > 7 but no Select discard opportunity in vi (1 other opps)
[P1] hand 8 > 7 but no Select discard opportunity in vi (0 other opps)
[P1] hand 8 > 7 but no Select discard opportunity in vi (1 other opps)
[P1] playing land forest
[P1] tap land for mana used_for=any needs_left=None
[P1] tap land for mana used_for=any needs_left=None
[P1] tap land for mana used_for=any needs_left=None
[P1] tap land for mana used_for=any needs_left=None
[P1] tap land for mana used_for=any needs_left=None
[P1] tap land for mana used_for=any needs_left=None
[P1] tap land for mana used_for=any needs_left=None
[P1] tap land for mana used_for=any needs_left=None
[P1] tap land for mana used_for=any needs_left=None
[P1] tap land for mana used_for=any needs_left=None
[P1] tap land for mana used_for=any needs_left=None
[P1] tap land for mana used_for=any needs_left=None
[P1] tap land for mana used_for=any needs_left=None
[P1] tap land for mana used_for=any needs_left=None
[P1] tap land for mana used_for=any needs_left=None
[P1] tap land for mana used_for=any needs_left=None
[P1] tap land for mana used_for=any needs_left=None
[P1] tap land for mana used_for=any needs_left=None
[P1] tap land for mana used_for=any needs_left=None
[P1] tap land for mana used_for=any needs_left=None
[P1] tap land for mana used_for=any needs_left=None
[P1] tap land for mana used_for=any needs_left=None
[P1] tap land for mana used_for=any needs_left=None
[P1] tap land for mana used_for=any needs_left=None
[P1] tap land for mana used_for=any needs_left=None
[P1] tap land for mana used_for=any needs_left=None
[P1] hand 8 > 7 but no Select discard opportunity in vi (1 other opps)
[P1] hand 8 > 7 but no Select discard opportunity in vi (0 other opps)
[P1] hand 8 > 7 but no Select discard opportunity in vi (1 other opps)
[P1] playing land forest
[P1] tap land for mana used_for=any needs_left=None
[P0] playing land plains
[P1] tap land for mana used_for=any needs_left=None
[P1] tap land for mana used_for=any needs_left=None
[P1] tap land for mana used_for=any needs_left=None
[P1] tap land for mana used_for=any needs_left=None
[P1] tap land for mana used_for=any needs_left=None
[P1] tap land for mana used_for=any needs_left=None
[P1] tap land for mana used_for=any needs_left=None
[P1] tap land for mana used_for=any needs_left=None
[P1] tap land for mana used_for=any needs_left=None
[P1] tap land for mana used_for=any needs_left=None
[P1] tap land for mana used_for=any needs_left=None
[P1] tap land for mana used_for=any needs_left=None
[P1] tap land for mana used_for=any needs_left=None
[P1] tap land for mana used_for=any needs_left=None
[P1] tap land for mana used_for=any needs_left=None
[P1] tap land for mana used_for=any needs_left=None
[P1] tap land for mana used_for=any needs_left=None
[P1] tap land for mana used_for=any needs_left=None
[P1] tap land for mana used_for=any needs_left=None
[P1] tap land for mana used_for=any needs_left=None
[P1] tap land for mana used_for=any needs_left=None
[P1] tap land for mana used_for=any needs_left=None
[P1] tap land for mana used_for=any needs_left=None
[P1] tap land for mana used_for=any needs_left=None
[P1] tap land for mana used_for=any needs_left=None
[P1] tap land for mana used_for=any needs_left=None
[P1] hand 8 > 7 but no Select discard opportunity in vi (1 other opps)
[P1] hand 8 > 7 but no Select discard opportunity in vi (0 other opps)
[P1] hand 8 > 7 but no Select discard opportunity in vi (1 other opps)
[P1] playing land forest
[P1] tap land for mana used_for=any needs_left=None
[P0] playing land swamp
[P1] tap land for mana used_for=any needs_left=None
[P1] tap land for mana used_for=any needs_left=None
[P1] tap land for mana used_for=any needs_left=None
[P1] tap land for mana used_for=any needs_left=None
[P1] tap land for mana used_for=any needs_left=None
[P1] tap land for mana used_for=any needs_left=None
[P1] tap land for mana used_for=any needs_left=None
[P1] tap land for mana used_for=any needs_left=None
[P1] tap land for mana used_for=any needs_left=None
[P1] tap land for mana used_for=any needs_left=None
[P1] tap land for mana used_for=any needs_left=None
[P1] tap land for mana used_for=any needs_left=None
[P1] tap land for mana used_for=any needs_left=None
[P1] tap land for mana used_for=any needs_left=None
[P1] tap land for mana used_for=any needs_left=None
[P1] tap land for mana used_for=any needs_left=None
[P1] tap land for mana used_for=any needs_left=None
[P1] tap land for mana used_for=any needs_left=None
[P1] tap land for mana used_for=any needs_left=None
[P1] tap land for mana used_for=any needs_left=None
[P1] tap land for mana used_for=any needs_left=None
[P1] tap land for mana used_for=any needs_left=None
[P1] tap land for mana used_for=any needs_left=None
[P1] tap land for mana used_for=any needs_left=None
[P1] tap land for mana used_for=any needs_left=None
[P1] tap land for mana used_for=any needs_left=None
[P1] tap land for mana used_for=any needs_left=None
[P1] hand 8 > 7 but no Select discard opportunity in vi (1 other opps)
[P1] hand 8 > 7 but no Select discard opportunity in vi (0 other opps)
[P1] hand 8 > 7 but no Select discard opportunity in vi (1 other opps)
[P1] playing land forest
[P1] tap land for mana used_for=any needs_left=None
DIAG turn=57 active=0 phase=Draw wf=Priority stage=ROLLING house=21 rolls=12 pending=False casting_house=True P0hand=['mr. house, president and ceo', 'swamp']
[P0] playing land swamp
[P1] tap land for mana used_for=any needs_left=None
[P1] tap land for mana used_for=any needs_left=None
[P1] tap land for mana used_for=any needs_left=None
[P1] tap land for mana used_for=any needs_left=None
[P1] tap land for mana used_for=any needs_left=None
[P1] tap land for mana used_for=any needs_left=None
[P1] tap land for mana used_for=any needs_left=None
[P1] tap land for mana used_for=any needs_left=None
[P1] tap land for mana used_for=any needs_left=None
[P1] tap land for mana used_for=any needs_left=None
[P1] tap land for mana used_for=any needs_left=None
[P1] tap land for mana used_for=any needs_left=None
[P1] tap land for mana used_for=any needs_left=None
[P1] tap land for mana used_for=any needs_left=None
[P1] tap land for mana used_for=any needs_left=None
[P1] tap land for mana used_for=any needs_left=None
[P1] tap land for mana used_for=any needs_left=None
[P1] tap land for mana used_for=any needs_left=None
[P1] tap land for mana used_for=any needs_left=None
[P1] tap land for mana used_for=any needs_left=None
[P1] tap land for mana used_for=any needs_left=None
[P1] tap land for mana used_for=any needs_left=None
[P1] tap land for mana used_for=any needs_left=None
[P1] tap land for mana used_for=any needs_left=None
[P1] tap land for mana used_for=any needs_left=None
[P1] tap land for mana used_for=any needs_left=None
[P1] tap land for mana used_for=any needs_left=None
[P1] tap land for mana used_for=any needs_left=None
[P1] hand 8 > 7 but no Select discard opportunity in vi (1 other opps)
[P1] hand 8 > 7 but no Select discard opportunity in vi (0 other opps)
[P1] hand 8 > 7 but no Select discard opportunity in vi (1 other opps)
[P1] playing land forest
[P1] tap land for mana used_for=any needs_left=None
[P0] playing land plains
[P1] tap land for mana used_for=any needs_left=None
[P1] tap land for mana used_for=any needs_left=None
[P1] tap land for mana used_for=any needs_left=None
[P1] tap land for mana used_for=any needs_left=None
[P1] tap land for mana used_for=any needs_left=None
[P1] tap land for mana used_for=any needs_left=None
[P1] tap land for mana used_for=any needs_left=None
[P1] tap land for mana used_for=any needs_left=None
[P1] tap land for mana used_for=any needs_left=None
[P1] tap land for mana used_for=any needs_left=None
[P1] tap land for mana used_for=any needs_left=None
[P1] tap land for mana used_for=any needs_left=None
[P1] tap land for mana used_for=any needs_left=None
[P1] tap land for mana used_for=any needs_left=None
[P1] tap land for mana used_for=any needs_left=None
[P1] tap land for mana used_for=any needs_left=None
[P1] tap land for mana used_for=any needs_left=None
[P1] tap land for mana used_for=any needs_left=None
[P1] tap land for mana used_for=any needs_left=None
[P1] tap land for mana used_for=any needs_left=None
[P1] tap land for mana used_for=any needs_left=None
[P1] tap land for mana used_for=any needs_left=None
[P1] tap land for mana used_for=any needs_left=None
[P1] tap land for mana used_for=any needs_left=None
[P1] tap land for mana used_for=any needs_left=None
[P1] tap land for mana used_for=any needs_left=None
[P1] tap land for mana used_for=any needs_left=None
[P1] tap land for mana used_for=any needs_left=None
[P1] tap land for mana used_for=any needs_left=None
[P1] hand 8 > 7 but no Select discard opportunity in vi (1 other opps)
[P1] hand 8 > 7 but no Select discard opportunity in vi (0 other opps)
[P1] hand 8 > 7 but no Select discard opportunity in vi (1 other opps)
[P1] playing land forest
[P1] tap land for mana used_for=any needs_left=None
[P0] casting Adorable Kitten (oid 38)
[P0] roll pending: kitten oid=38 life0=65 robots0=6 treasures0=0
[P0] tap land for mana used_for=W needs_left={'W': 0}
[P0] roll #13: r=6 robotsΔ=1 treasuresΔ=0 trigger_seen=True
[P1] tap land for mana used_for=any needs_left=None
[P1] tap land for mana used_for=any needs_left=None
[P1] tap land for mana used_for=any needs_left=None
[P1] tap land for mana used_for=any needs_left=None
[P1] tap land for mana used_for=any needs_left=None
[P1] tap land for mana used_for=any needs_left=None
[P1] tap land for mana used_for=any needs_left=None
[P1] tap land for mana used_for=any needs_left=None
[P1] tap land for mana used_for=any needs_left=None
[P1] tap land for mana used_for=any needs_left=None
[P1] tap land for mana used_for=any needs_left=None
[P1] tap land for mana used_for=any needs_left=None
[P1] tap land for mana used_for=any needs_left=None
[P1] tap land for mana used_for=any needs_left=None
[P1] tap land for mana used_for=any needs_left=None
[P1] tap land for mana used_for=any needs_left=None
[P1] tap land for mana used_for=any needs_left=None
[P1] tap land for mana used_for=any needs_left=None
[P1] tap land for mana used_for=any needs_left=None
[P1] tap land for mana used_for=any needs_left=None
[P1] tap land for mana used_for=any needs_left=None
[P1] tap land for mana used_for=any needs_left=None
[P1] tap land for mana used_for=any needs_left=None
[P1] tap land for mana used_for=any needs_left=None
[P1] tap land for mana used_for=any needs_left=None
[P1] tap land for mana used_for=any needs_left=None
[P1] tap land for mana used_for=any needs_left=None
[P1] tap land for mana used_for=any needs_left=None
[P1] tap land for mana used_for=any needs_left=None
[P1] tap land for mana used_for=any needs_left=None
[P1] hand 8 > 7 but no Select discard opportunity in vi (1 other opps)
[P1] hand 8 > 7 but no Select discard opportunity in vi (0 other opps)
[P1] hand 8 > 7 but no Select discard opportunity in vi (1 other opps)
[P1] playing land forest
[P1] tap land for mana used_for=any needs_left=None
[P0] playing land mountain
[P1] tap land for mana used_for=any needs_left=None
[P1] tap land for mana used_for=any needs_left=None
[P1] tap land for mana used_for=any needs_left=None
[P1] tap land for mana used_for=any needs_left=None
[P1] tap land for mana used_for=any needs_left=None
[P1] tap land for mana used_for=any needs_left=None
[P1] tap land for mana used_for=any needs_left=None
[P1] tap land for mana used_for=any needs_left=None
[P1] tap land for mana used_for=any needs_left=None
[P1] tap land for mana used_for=any needs_left=None
[P1] tap land for mana used_for=any needs_left=None
[P1] tap land for mana used_for=any needs_left=None
[P1] tap land for mana used_for=any needs_left=None
[P1] tap land for mana used_for=any needs_left=None
[P1] tap land for mana used_for=any needs_left=None
[P1] tap land for mana used_for=any needs_left=None
[P1] tap land for mana used_for=any needs_left=None
[P1] tap land for mana used_for=any needs_left=None
[P1] tap land for mana used_for=any needs_left=None
[P1] tap land for mana used_for=any needs_left=None
[P1] tap land for mana used_for=any needs_left=None
[P1] tap land for mana used_for=any needs_left=None
[P1] tap land for mana used_for=any needs_left=None
[P1] tap land for mana used_for=any needs_left=None
[P1] tap land for mana used_for=any needs_left=None
[P1] tap land for mana used_for=any needs_left=None
[P1] tap land for mana used_for=any needs_left=None
[P1] tap land for mana used_for=any needs_left=None
[P1] tap land for mana used_for=any needs_left=None
[P1] tap land for mana used_for=any needs_left=None
[P1] tap land for mana used_for=any needs_left=None
[P1] hand 8 > 7 but no Select discard opportunity in vi (1 other opps)
[P1] hand 8 > 7 but no Select discard opportunity in vi (0 other opps)
[P1] hand 8 > 7 but no Select discard opportunity in vi (1 other opps)
[P1] playing land forest
[P1] tap land for mana used_for=any needs_left=None
[P0] playing land plains
[P1] tap land for mana used_for=any needs_left=None
[P1] tap land for mana used_for=any needs_left=None
[P1] tap land for mana used_for=any needs_left=None
[P1] tap land for mana used_for=any needs_left=None
[P1] tap land for mana used_for=any needs_left=None
[P1] tap land for mana used_for=any needs_left=None
[P1] tap land for mana used_for=any needs_left=None
[P1] tap land for mana used_for=any needs_left=None
[P1] tap land for mana used_for=any needs_left=None
[P1] tap land for mana used_for=any needs_left=None
[P1] tap land for mana used_for=any needs_left=None
[P1] tap land for mana used_for=any needs_left=None
[P1] tap land for mana used_for=any needs_left=None
[P1] tap land for mana used_for=any needs_left=None
[P1] tap land for mana used_for=any needs_left=None
[P1] tap land for mana used_for=any needs_left=None
[P1] tap land for mana used_for=any needs_left=None
[P1] tap land for mana used_for=any needs_left=None
[P1] tap land for mana used_for=any needs_left=None
[P1] tap land for mana used_for=any needs_left=None
[P1] tap land for mana used_for=any needs_left=None
[P1] tap land for mana used_for=any needs_left=None
[P1] tap land for mana used_for=any needs_left=None
[P1] tap land for mana used_for=any needs_left=None
[P1] tap land for mana used_for=any needs_left=None
[P1] tap land for mana used_for=any needs_left=None
[P1] tap land for mana used_for=any needs_left=None
[P1] tap land for mana used_for=any needs_left=None
[P1] tap land for mana used_for=any needs_left=None
[P1] tap land for mana used_for=any needs_left=None
[P1] tap land for mana used_for=any needs_left=None
DIAG turn=66 active=1 phase=Upkeep wf=Priority stage=ROLLING house=21 rolls=13 pending=False casting_house=True P0hand=['mr. house, president and ceo']
[P1] tap land for mana used_for=any needs_left=None
[P1] hand 8 > 7 but no Select discard opportunity in vi (1 other opps)
[P1] hand 8 > 7 but no Select discard opportunity in vi (0 other opps)
[P1] hand 8 > 7 but no Select discard opportunity in vi (1 other opps)
[P1] playing land forest
[P1] tap land for mana used_for=any needs_left=None
[P0] casting Adorable Kitten (oid 30)
[P0] roll pending: kitten oid=30 life0=71 robots0=7 treasures0=0
[P0] tap land for mana used_for=W needs_left={'W': 0}
[P0] roll #14: r=6 robotsΔ=1 treasuresΔ=0 trigger_seen=True
[P1] tap land for mana used_for=any needs_left=None
[P1] tap land for mana used_for=any needs_left=None
[P1] tap land for mana used_for=any needs_left=None
[P1] tap land for mana used_for=any needs_left=None
[P1] tap land for mana used_for=any needs_left=None
[P1] tap land for mana used_for=any needs_left=None
[P1] tap land for mana used_for=any needs_left=None
[P1] tap land for mana used_for=any needs_left=None
[P1] tap land for mana used_for=any needs_left=None
[P1] tap land for mana used_for=any needs_left=None
[P1] tap land for mana used_for=any needs_left=None
[P1] tap land for mana used_for=any needs_left=None
[P1] tap land for mana used_for=any needs_left=None
[P1] tap land for mana used_for=any needs_left=None
[P1] tap land for mana used_for=any needs_left=None
[P1] tap land for mana used_for=any needs_left=None
[P1] tap land for mana used_for=any needs_left=None
[P1] tap land for mana used_for=any needs_left=None
[P1] tap land for mana used_for=any needs_left=None
[P1] tap land for mana used_for=any needs_left=None
[P1] tap land for mana used_for=any needs_left=None
[P1] tap land for mana used_for=any needs_left=None
[P1] tap land for mana used_for=any needs_left=None
[P1] tap land for mana used_for=any needs_left=None
[P1] tap land for mana used_for=any needs_left=None
[P1] tap land for mana used_for=any needs_left=None
[P1] tap land for mana used_for=any needs_left=None
[P1] tap land for mana used_for=any needs_left=None
[P1] tap land for mana used_for=any needs_left=None
[P1] tap land for mana used_for=any needs_left=None
[P1] tap land for mana used_for=any needs_left=None
[P1] tap land for mana used_for=any needs_left=None
[P1] tap land for mana used_for=any needs_left=None
[P1] hand 8 > 7 but no Select discard opportunity in vi (1 other opps)
[P1] hand 8 > 7 but no Select discard opportunity in vi (0 other opps)
[P1] hand 8 > 7 but no Select discard opportunity in vi (1 other opps)
[P1] playing land forest
[P1] tap land for mana used_for=any needs_left=None
[P0] playing land plains
[P1] tap land for mana used_for=any needs_left=None
[P1] tap land for mana used_for=any needs_left=None
[P1] tap land for mana used_for=any needs_left=None
[P1] tap land for mana used_for=any needs_left=None
[P1] tap land for mana used_for=any needs_left=None
[P1] tap land for mana used_for=any needs_left=None
[P1] tap land for mana used_for=any needs_left=None
[P1] tap land for mana used_for=any needs_left=None
[P1] tap land for mana used_for=any needs_left=None
[P1] tap land for mana used_for=any needs_left=None
[P1] tap land for mana used_for=any needs_left=None
[P1] tap land for mana used_for=any needs_left=None
[P1] tap land for mana used_for=any needs_left=None
[P1] tap land for mana used_for=any needs_left=None
[P1] tap land for mana used_for=any needs_left=None
[P1] tap land for mana used_for=any needs_left=None
[P1] tap land for mana used_for=any needs_left=None
[P1] tap land for mana used_for=any needs_left=None
[P1] tap land for mana used_for=any needs_left=None
[P1] tap land for mana used_for=any needs_left=None
[P1] tap land for mana used_for=any needs_left=None
[P1] tap land for mana used_for=any needs_left=None
[P1] tap land for mana used_for=any needs_left=None
[P1] tap land for mana used_for=any needs_left=None
[P1] tap land for mana used_for=any needs_left=None
[P1] tap land for mana used_for=any needs_left=None
[P1] tap land for mana used_for=any needs_left=None
[P1] tap land for mana used_for=any needs_left=None
[P1] tap land for mana used_for=any needs_left=None
[P1] tap land for mana used_for=any needs_left=None
[P1] tap land for mana used_for=any needs_left=None
[P1] tap land for mana used_for=any needs_left=None
[P1] tap land for mana used_for=any needs_left=None
[P1] tap land for mana used_for=any needs_left=None
[P1] hand 8 > 7 but no Select discard opportunity in vi (1 other opps)
[P1] hand 8 > 7 but no Select discard opportunity in vi (0 other opps)
[P1] hand 8 > 7 but no Select discard opportunity in vi (1 other opps)
[P1] playing land forest
[P1] tap land for mana used_for=any needs_left=None
[P0] casting Adorable Kitten (oid 46)
[P0] roll pending: kitten oid=46 life0=77 robots0=8 treasures0=0
[P0] tap land for mana used_for=W needs_left={'W': 0}
[P0] roll #15: r=6 robotsΔ=1 treasuresΔ=0 trigger_seen=True
[P1] tap land for mana used_for=any needs_left=None
[P1] tap land for mana used_for=any needs_left=None
[P1] tap land for mana used_for=any needs_left=None
[P1] tap land for mana used_for=any needs_left=None
[P1] tap land for mana used_for=any needs_left=None
[P1] tap land for mana used_for=any needs_left=None
[P1] tap land for mana used_for=any needs_left=None
[P1] tap land for mana used_for=any needs_left=None
[P1] tap land for mana used_for=any needs_left=None
[P1] tap land for mana used_for=any needs_left=None
[P1] tap land for mana used_for=any needs_left=None
[P1] tap land for mana used_for=any needs_left=None
[P1] tap land for mana used_for=any needs_left=None
[P1] tap land for mana used_for=any needs_left=None
[P1] tap land for mana used_for=any needs_left=None
[P1] tap land for mana used_for=any needs_left=None
[P1] tap land for mana used_for=any needs_left=None
[P1] tap land for mana used_for=any needs_left=None
[P1] tap land for mana used_for=any needs_left=None
[P1] tap land for mana used_for=any needs_left=None
[P1] tap land for mana used_for=any needs_left=None
[P1] tap land for mana used_for=any needs_left=None
[P1] tap land for mana used_for=any needs_left=None
[P1] tap land for mana used_for=any needs_left=None
[P1] tap land for mana used_for=any needs_left=None
[P1] tap land for mana used_for=any needs_left=None
[P1] tap land for mana used_for=any needs_left=None
[P1] tap land for mana used_for=any needs_left=None
[P1] tap land for mana used_for=any needs_left=None
[P1] tap land for mana used_for=any needs_left=None
[P1] tap land for mana used_for=any needs_left=None
[P1] tap land for mana used_for=any needs_left=None
[P1] tap land for mana used_for=any needs_left=None
[P1] tap land for mana used_for=any needs_left=None
[P1] tap land for mana used_for=any needs_left=None
[P1] hand 8 > 7 but no Select discard opportunity in vi (1 other opps)
[P1] hand 8 > 7 but no Select discard opportunity in vi (0 other opps)
[P1] hand 8 > 7 but no Select discard opportunity in vi (1 other opps)
[P1] playing land forest
[P1] tap land for mana used_for=any needs_left=None
[P0] playing land mountain
[P1] tap land for mana used_for=any needs_left=None
[P1] tap land for mana used_for=any needs_left=None
[P1] tap land for mana used_for=any needs_left=None
[P1] tap land for mana used_for=any needs_left=None
[P1] tap land for mana used_for=any needs_left=None
[P1] tap land for mana used_for=any needs_left=None
[P1] tap land for mana used_for=any needs_left=None
[P1] tap land for mana used_for=any needs_left=None
[P1] tap land for mana used_for=any needs_left=None
[P1] tap land for mana used_for=any needs_left=None
[P1] tap land for mana used_for=any needs_left=None
[P1] tap land for mana used_for=any needs_left=None
[P1] tap land for mana used_for=any needs_left=None
[P1] tap land for mana used_for=any needs_left=None
[P1] tap land for mana used_for=any needs_left=None
[P1] tap land for mana used_for=any needs_left=None
[P1] tap land for mana used_for=any needs_left=None
[P1] tap land for mana used_for=any needs_left=None
[P1] tap land for mana used_for=any needs_left=None
[P1] tap land for mana used_for=any needs_left=None
[P1] tap land for mana used_for=any needs_left=None
[P1] tap land for mana used_for=any needs_left=None
[P1] tap land for mana used_for=any needs_left=None
[P1] tap land for mana used_for=any needs_left=None
[P1] tap land for mana used_for=any needs_left=None
[P1] tap land for mana used_for=any needs_left=None
[P1] tap land for mana used_for=any needs_left=None
[P1] tap land for mana used_for=any needs_left=None
[P1] tap land for mana used_for=any needs_left=None
[P1] tap land for mana used_for=any needs_left=None
[P1] tap land for mana used_for=any needs_left=None
[P1] tap land for mana used_for=any needs_left=None
[P1] tap land for mana used_for=any needs_left=None
[P1] tap land for mana used_for=any needs_left=None
[P1] tap land for mana used_for=any needs_left=None
[P1] tap land for mana used_for=any needs_left=None
[P1] hand 8 > 7 but no Select discard opportunity in vi (1 other opps)
[P1] hand 8 > 7 but no Select discard opportunity in vi (0 other opps)
[P1] hand 8 > 7 but no Select discard opportunity in vi (1 other opps)
[P1] playing land forest
[P1] tap land for mana used_for=any needs_left=None
[P1] tap land for mana used_for=any needs_left=None
[P1] tap land for mana used_for=any needs_left=None
[P1] tap land for mana used_for=any needs_left=None
[P1] tap land for mana used_for=any needs_left=None
[P1] tap land for mana used_for=any needs_left=None
[P1] tap land for mana used_for=any needs_left=None
[P1] tap land for mana used_for=any needs_left=None
[P1] tap land for mana used_for=any needs_left=None
[P1] tap land for mana used_for=any needs_left=None
[P1] tap land for mana used_for=any needs_left=None
[P1] tap land for mana used_for=any needs_left=None
[P1] tap land for mana used_for=any needs_left=None
DIAG turn=76 active=1 phase=Upkeep wf=Priority stage=ROLLING house=21 rolls=15 pending=False casting_house=True P0hand=['mr. house, president and ceo', 'mr. house, president and ceo']
[P1] tap land for mana used_for=any needs_left=None
[P1] tap land for mana used_for=any needs_left=None
[P1] tap land for mana used_for=any needs_left=None
[P1] tap land for mana used_for=any needs_left=None
[P1] tap land for mana used_for=any needs_left=None
[P1] tap land for mana used_for=any needs_left=None
[P1] tap land for mana used_for=any needs_left=None
[P1] tap land for mana used_for=any needs_left=None
[P1] tap land for mana used_for=any needs_left=None
[P1] tap land for mana used_for=any needs_left=None
[P1] tap land for mana used_for=any needs_left=None
[P1] tap land for mana used_for=any needs_left=None
[P1] tap land for mana used_for=any needs_left=None
[P1] tap land for mana used_for=any needs_left=None
[P1] tap land for mana used_for=any needs_left=None
[P1] tap land for mana used_for=any needs_left=None
[P1] tap land for mana used_for=any needs_left=None
[P1] tap land for mana used_for=any needs_left=None
[P1] tap land for mana used_for=any needs_left=None
[P1] tap land for mana used_for=any needs_left=None
[P1] tap land for mana used_for=any needs_left=None
[P1] tap land for mana used_for=any needs_left=None
[P1] tap land for mana used_for=any needs_left=None
[P1] tap land for mana used_for=any needs_left=None
[P1] tap land for mana used_for=any needs_left=None
[P1] hand 8 > 7 but no Select discard opportunity in vi (1 other opps)
[P1] hand 8 > 7 but no Select discard opportunity in vi (0 other opps)
[P1] hand 8 > 7 but no Select discard opportunity in vi (1 other opps)
[P1] playing land forest
[P1] tap land for mana used_for=any needs_left=None
[P0] casting Adorable Kitten (oid 2)
[P0] roll pending: kitten oid=2 life0=83 robots0=9 treasures0=0
[P0] tap land for mana used_for=W needs_left={'W': 0}
[P0] roll #16: r=5 robotsΔ=1 treasuresΔ=0 trigger_seen=True
[P1] tap land for mana used_for=any needs_left=None
[P1] tap land for mana used_for=any needs_left=None
[P1] tap land for mana used_for=any needs_left=None
[P1] tap land for mana used_for=any needs_left=None
[P1] tap land for mana used_for=any needs_left=None
[P1] tap land for mana used_for=any needs_left=None
[P1] tap land for mana used_for=any needs_left=None
[P1] tap land for mana used_for=any needs_left=None
[P1] tap land for mana used_for=any needs_left=None
[P1] tap land for mana used_for=any needs_left=None
[P1] tap land for mana used_for=any needs_left=None
[P1] tap land for mana used_for=any needs_left=None
[P1] tap land for mana used_for=any needs_left=None
[P1] tap land for mana used_for=any needs_left=None
[P1] tap land for mana used_for=any needs_left=None
[P1] tap land for mana used_for=any needs_left=None
[P1] tap land for mana used_for=any needs_left=None
[P1] tap land for mana used_for=any needs_left=None
[P1] tap land for mana used_for=any needs_left=None
[P1] tap land for mana used_for=any needs_left=None
[P1] tap land for mana used_for=any needs_left=None
[P1] tap land for mana used_for=any needs_left=None
[P1] tap land for mana used_for=any needs_left=None
[P1] tap land for mana used_for=any needs_left=None
[P1] tap land for mana used_for=any needs_left=None
[P1] tap land for mana used_for=any needs_left=None
[P1] tap land for mana used_for=any needs_left=None
[P1] tap land for mana used_for=any needs_left=None
[P1] tap land for mana used_for=any needs_left=None
[P1] tap land for mana used_for=any needs_left=None
[P1] tap land for mana used_for=any needs_left=None
[P1] tap land for mana used_for=any needs_left=None
[P1] tap land for mana used_for=any needs_left=None
[P1] tap land for mana used_for=any needs_left=None
[P1] tap land for mana used_for=any needs_left=None
[P1] tap land for mana used_for=any needs_left=None
[P1] tap land for mana used_for=any needs_left=None
[P1] tap land for mana used_for=any needs_left=None
[P1] hand 8 > 7 but no Select discard opportunity in vi (1 other opps)
[P1] hand 8 > 7 but no Select discard opportunity in vi (0 other opps)
[P1] hand 8 > 7 but no Select discard opportunity in vi (1 other opps)
[P1] playing land forest
[P1] tap land for mana used_for=any needs_left=None
[P0] casting Adorable Kitten (oid 60)
[P0] roll pending: kitten oid=60 life0=88 robots0=10 treasures0=0
[P0] tap land for mana used_for=W needs_left={'W': 0}
[P0] roll #17: r=1 robotsΔ=0 treasuresΔ=0 trigger_seen=False
[P1] tap land for mana used_for=any needs_left=None
[P1] tap land for mana used_for=any needs_left=None
[P1] tap land for mana used_for=any needs_left=None
[P1] tap land for mana used_for=any needs_left=None
[P1] tap land for mana used_for=any needs_left=None
[P1] tap land for mana used_for=any needs_left=None
[P1] tap land for mana used_for=any needs_left=None
[P1] tap land for mana used_for=any needs_left=None
[P1] tap land for mana used_for=any needs_left=None
[P1] tap land for mana used_for=any needs_left=None
[P1] tap land for mana used_for=any needs_left=None
[P1] tap land for mana used_for=any needs_left=None
[P1] tap land for mana used_for=any needs_left=None
[P1] tap land for mana used_for=any needs_left=None
[P1] tap land for mana used_for=any needs_left=None
[P1] tap land for mana used_for=any needs_left=None
[P1] tap land for mana used_for=any needs_left=None
[P1] tap land for mana used_for=any needs_left=None
[P1] tap land for mana used_for=any needs_left=None
[P1] tap land for mana used_for=any needs_left=None
[P1] tap land for mana used_for=any needs_left=None
[P1] tap land for mana used_for=any needs_left=None
[P1] tap land for mana used_for=any needs_left=None
[P1] tap land for mana used_for=any needs_left=None
[P1] tap land for mana used_for=any needs_left=None
[P1] tap land for mana used_for=any needs_left=None
[P1] tap land for mana used_for=any needs_left=None
[P1] tap land for mana used_for=any needs_left=None
[P1] tap land for mana used_for=any needs_left=None
[P1] tap land for mana used_for=any needs_left=None
[P1] tap land for mana used_for=any needs_left=None
[P1] tap land for mana used_for=any needs_left=None
[P1] tap land for mana used_for=any needs_left=None
[P1] tap land for mana used_for=any needs_left=None
[P1] tap land for mana used_for=any needs_left=None
[P1] tap land for mana used_for=any needs_left=None
[P1] tap land for mana used_for=any needs_left=None
[P1] tap land for mana used_for=any needs_left=None
[P1] tap land for mana used_for=any needs_left=None
[P1] hand 8 > 7 but no Select discard opportunity in vi (1 other opps)
[P1] hand 8 > 7 but no Select discard opportunity in vi (0 other opps)
[P1] hand 8 > 7 but no Select discard opportunity in vi (1 other opps)
[P1] playing land forest
[P1] tap land for mana used_for=any needs_left=None
[P0] playing land plains
[P1] tap land for mana used_for=any needs_left=None
[P1] tap land for mana used_for=any needs_left=None
[P1] tap land for mana used_for=any needs_left=None
[P1] tap land for mana used_for=any needs_left=None
[P1] tap land for mana used_for=any needs_left=None
[P1] tap land for mana used_for=any needs_left=None
[P1] tap land for mana used_for=any needs_left=None
[P1] tap land for mana used_for=any needs_left=None
[P1] tap land for mana used_for=any needs_left=None
[P1] tap land for mana used_for=any needs_left=None
[P1] tap land for mana used_for=any needs_left=None
[P1] tap land for mana used_for=any needs_left=None
[P1] tap land for mana used_for=any needs_left=None
[P1] tap land for mana used_for=any needs_left=None
[P1] tap land for mana used_for=any needs_left=None
[P1] tap land for mana used_for=any needs_left=None
[P1] tap land for mana used_for=any needs_left=None
[P1] tap land for mana used_for=any needs_left=None
[P1] tap land for mana used_for=any needs_left=None
[P1] tap land for mana used_for=any needs_left=None
[P1] tap land for mana used_for=any needs_left=None
[P1] tap land for mana used_for=any needs_left=None
[P1] tap land for mana used_for=any needs_left=None
[P1] tap land for mana used_for=any needs_left=None
[P1] tap land for mana used_for=any needs_left=None
DIAG turn=82 active=1 phase=Upkeep wf=Priority stage=ROLLING house=21 rolls=17 pending=False casting_house=True P0hand=['mr. house, president and ceo', 'mr. house, president and ceo']
[P1] tap land for mana used_for=any needs_left=None
[P1] tap land for mana used_for=any needs_left=None
[P1] tap land for mana used_for=any needs_left=None
[P1] tap land for mana used_for=any needs_left=None
[P1] tap land for mana used_for=any needs_left=None
[P1] tap land for mana used_for=any needs_left=None
[P1] tap land for mana used_for=any needs_left=None
[P1] tap land for mana used_for=any needs_left=None
[P1] tap land for mana used_for=any needs_left=None
[P1] tap land for mana used_for=any needs_left=None
[P1] tap land for mana used_for=any needs_left=None
[P1] tap land for mana used_for=any needs_left=None
[P1] tap land for mana used_for=any needs_left=None
[P1] tap land for mana used_for=any needs_left=None
[P1] tap land for mana used_for=any needs_left=None
[P1] hand 8 > 7 but no Select discard opportunity in vi (1 other opps)
[P1] hand 8 > 7 but no Select discard opportunity in vi (0 other opps)
[P1] hand 8 > 7 but no Select discard opportunity in vi (1 other opps)
[P1] playing land forest
[P1] tap land for mana used_for=any needs_left=None
[P0] playing land mountain
[P1] tap land for mana used_for=any needs_left=None
[P1] tap land for mana used_for=any needs_left=None
[P1] tap land for mana used_for=any needs_left=None
[P1] tap land for mana used_for=any needs_left=None
[P1] tap land for mana used_for=any needs_left=None
[P1] tap land for mana used_for=any needs_left=None
[P1] tap land for mana used_for=any needs_left=None
[P1] tap land for mana used_for=any needs_left=None
[P1] tap land for mana used_for=any needs_left=None
[P1] tap land for mana used_for=any needs_left=None
[P1] tap land for mana used_for=any needs_left=None
[P1] tap land for mana used_for=any needs_left=None
[P1] tap land for mana used_for=any needs_left=None
[P1] tap land for mana used_for=any needs_left=None
[P1] tap land for mana used_for=any needs_left=None
[P1] tap land for mana used_for=any needs_left=None
[P1] tap land for mana used_for=any needs_left=None
[P1] tap land for mana used_for=any needs_left=None
[P1] tap land for mana used_for=any needs_left=None
[P1] tap land for mana used_for=any needs_left=None
[P1] tap land for mana used_for=any needs_left=None
[P1] tap land for mana used_for=any needs_left=None
[P1] tap land for mana used_for=any needs_left=None
[P1] tap land for mana used_for=any needs_left=None
[P1] tap land for mana used_for=any needs_left=None
[P1] tap land for mana used_for=any needs_left=None
[P1] tap land for mana used_for=any needs_left=None
[P1] tap land for mana used_for=any needs_left=None
[P1] tap land for mana used_for=any needs_left=None
[P1] tap land for mana used_for=any needs_left=None
[P1] tap land for mana used_for=any needs_left=None
[P1] tap land for mana used_for=any needs_left=None
[P1] tap land for mana used_for=any needs_left=None
[P1] tap land for mana used_for=any needs_left=None
[P1] tap land for mana used_for=any needs_left=None
[P1] tap land for mana used_for=any needs_left=None
[P1] tap land for mana used_for=any needs_left=None
[P1] tap land for mana used_for=any needs_left=None
[P1] tap land for mana used_for=any needs_left=None
[P1] tap land for mana used_for=any needs_left=None
[P1] tap land for mana used_for=any needs_left=None
[P1] hand 8 > 7 but no Select discard opportunity in vi (1 other opps)
[P1] hand 8 > 7 but no Select discard opportunity in vi (0 other opps)
[P1] hand 8 > 7 but no Select discard opportunity in vi (1 other opps)
[P1] playing land forest
[P1] tap land for mana used_for=any needs_left=None
[P0] casting Adorable Kitten (oid 6)
[P0] roll pending: kitten oid=6 life0=89 robots0=10 treasures0=0
[P0] tap land for mana used_for=W needs_left={'W': 0}
[P0] roll #18: r=6 robotsΔ=1 treasuresΔ=0 trigger_seen=True
[P1] tap land for mana used_for=any needs_left=None
[P1] tap land for mana used_for=any needs_left=None
[P1] tap land for mana used_for=any needs_left=None
[P1] tap land for mana used_for=any needs_left=None
[P1] tap land for mana used_for=any needs_left=None
[P1] tap land for mana used_for=any needs_left=None
[P1] tap land for mana used_for=any needs_left=None
[P1] tap land for mana used_for=any needs_left=None
[P1] tap land for mana used_for=any needs_left=None
[P1] tap land for mana used_for=any needs_left=None
[P1] tap land for mana used_for=any needs_left=None
[P1] tap land for mana used_for=any needs_left=None
[P1] tap land for mana used_for=any needs_left=None
[P1] tap land for mana used_for=any needs_left=None
[P1] tap land for mana used_for=any needs_left=None
[P1] tap land for mana used_for=any needs_left=None
[P1] tap land for mana used_for=any needs_left=None
[P1] tap land for mana used_for=any needs_left=None
[P1] tap land for mana used_for=any needs_left=None
[P1] tap land for mana used_for=any needs_left=None
[P1] tap land for mana used_for=any needs_left=None
[P1] tap land for mana used_for=any needs_left=None
[P1] tap land for mana used_for=any needs_left=None
[P1] tap land for mana used_for=any needs_left=None
[P1] tap land for mana used_for=any needs_left=None
[P1] tap land for mana used_for=any needs_left=None
[P1] tap land for mana used_for=any needs_left=None
[P1] tap land for mana used_for=any needs_left=None
[P1] tap land for mana used_for=any needs_left=None
[P1] tap land for mana used_for=any needs_left=None
[P1] tap land for mana used_for=any needs_left=None
[P1] tap land for mana used_for=any needs_left=None
[P1] tap land for mana used_for=any needs_left=None
[P1] tap land for mana used_for=any needs_left=None
[P1] tap land for mana used_for=any needs_left=None
[P1] tap land for mana used_for=any needs_left=None
[P1] tap land for mana used_for=any needs_left=None
[P1] tap land for mana used_for=any needs_left=None
[P1] tap land for mana used_for=any needs_left=None
[P1] tap land for mana used_for=any needs_left=None
[P1] tap land for mana used_for=any needs_left=None
[P1] tap land for mana used_for=any needs_left=None
DIAG turn=86 active=1 phase=Upkeep wf=Priority stage=ROLLING house=21 rolls=18 pending=False casting_house=True P0hand=['mr. house, president and ceo', 'mr. house, president and ceo']
[P1] hand 8 > 7 but no Select discard opportunity in vi (1 other opps)
[P1] hand 8 > 7 but no Select discard opportunity in vi (0 other opps)
[P1] hand 8 > 7 but no Select discard opportunity in vi (1 other opps)
[P1] playing land forest
[P1] tap land for mana used_for=any needs_left=None
[P1] tap land for mana used_for=any needs_left=None
[P1] tap land for mana used_for=any needs_left=None
[P1] tap land for mana used_for=any needs_left=None
[P1] tap land for mana used_for=any needs_left=None
[P1] tap land for mana used_for=any needs_left=None
[P1] tap land for mana used_for=any needs_left=None
[P1] tap land for mana used_for=any needs_left=None
[P1] tap land for mana used_for=any needs_left=None
[P1] tap land for mana used_for=any needs_left=None
[P1] tap land for mana used_for=any needs_left=None
[P1] tap land for mana used_for=any needs_left=None
[P1] tap land for mana used_for=any needs_left=None
[P1] tap land for mana used_for=any needs_left=None
[P1] tap land for mana used_for=any needs_left=None
[P1] tap land for mana used_for=any needs_left=None
[P1] tap land for mana used_for=any needs_left=None
[P1] tap land for mana used_for=any needs_left=None
[P1] tap land for mana used_for=any needs_left=None
[P1] tap land for mana used_for=any needs_left=None
[P1] tap land for mana used_for=any needs_left=None
[P1] tap land for mana used_for=any needs_left=None
[P1] tap land for mana used_for=any needs_left=None
[P1] tap land for mana used_for=any needs_left=None
[P1] tap land for mana used_for=any needs_left=None
[P1] tap land for mana used_for=any needs_left=None
[P1] tap land for mana used_for=any needs_left=None
[P1] tap land for mana used_for=any needs_left=None
[P1] tap land for mana used_for=any needs_left=None
[P1] tap land for mana used_for=any needs_left=None
[P1] tap land for mana used_for=any needs_left=None
[P1] tap land for mana used_for=any needs_left=None
[P1] tap land for mana used_for=any needs_left=None
[P1] tap land for mana used_for=any needs_left=None
[P1] tap land for mana used_for=any needs_left=None
[P1] tap land for mana used_for=any needs_left=None
[P1] tap land for mana used_for=any needs_left=None
[P1] tap land for mana used_for=any needs_left=None
[P1] tap land for mana used_for=any needs_left=None
[P1] tap land for mana used_for=any needs_left=None
[P1] tap land for mana used_for=any needs_left=None
[P1] tap land for mana used_for=any needs_left=None
[P1] tap land for mana used_for=any needs_left=None
[P1] tap land for mana used_for=any needs_left=None
[P1] hand 8 > 7 but no Select discard opportunity in vi (1 other opps)
[P1] hand 8 > 7 but no Select discard opportunity in vi (0 other opps)
[P1] hand 8 > 7 but no Select discard opportunity in vi (1 other opps)
[P1] playing land forest
[P1] tap land for mana used_for=any needs_left=None
[P0] casting Adorable Kitten (oid 25)
[P0] roll pending: kitten oid=25 life0=95 robots0=11 treasures0=0
[P0] tap land for mana used_for=W needs_left={'W': 0}
[P0] roll #19: r=2 robotsΔ=0 treasuresΔ=0 trigger_seen=False
[P1] tap land for mana used_for=any needs_left=None
[P1] tap land for mana used_for=any needs_left=None
[P1] tap land for mana used_for=any needs_left=None
[P1] tap land for mana used_for=any needs_left=None
[P1] tap land for mana used_for=any needs_left=None
[P1] tap land for mana used_for=any needs_left=None
[P1] tap land for mana used_for=any needs_left=None
[P1] tap land for mana used_for=any needs_left=None
[P1] tap land for mana used_for=any needs_left=None
[P1] tap land for mana used_for=any needs_left=None
[P1] tap land for mana used_for=any needs_left=None
[P1] tap land for mana used_for=any needs_left=None
[P1] tap land for mana used_for=any needs_left=None
[P1] tap land for mana used_for=any needs_left=None
[P1] tap land for mana used_for=any needs_left=None
[P1] tap land for mana used_for=any needs_left=None
[P1] tap land for mana used_for=any needs_left=None
[P1] tap land for mana used_for=any needs_left=None
[P1] tap land for mana used_for=any needs_left=None
[P1] tap land for mana used_for=any needs_left=None
[P1] tap land for mana used_for=any needs_left=None
[P1] tap land for mana used_for=any needs_left=None
[P1] tap land for mana used_for=any needs_left=None
[P1] tap land for mana used_for=any needs_left=None
[P1] tap land for mana used_for=any needs_left=None
[P1] tap land for mana used_for=any needs_left=None
[P1] tap land for mana used_for=any needs_left=None
[P1] tap land for mana used_for=any needs_left=None
[P1] tap land for mana used_for=any needs_left=None
[P1] tap land for mana used_for=any needs_left=None
[P1] tap land for mana used_for=any needs_left=None
[P1] tap land for mana used_for=any needs_left=None
[P1] tap land for mana used_for=any needs_left=None
[P1] tap land for mana used_for=any needs_left=None
[P1] tap land for mana used_for=any needs_left=None
[P1] tap land for mana used_for=any needs_left=None
[P1] tap land for mana used_for=any needs_left=None
[P1] tap land for mana used_for=any needs_left=None
[P1] tap land for mana used_for=any needs_left=None
[P1] tap land for mana used_for=any needs_left=None
[P1] tap land for mana used_for=any needs_left=None
[P1] tap land for mana used_for=any needs_left=None
[P1] tap land for mana used_for=any needs_left=None
[P1] tap land for mana used_for=any needs_left=None
[P1] hand 8 > 7 but no Select discard opportunity in vi (1 other opps)
[P1] hand 8 > 7 but no Select discard opportunity in vi (0 other opps)
[P1] hand 8 > 7 but no Select discard opportunity in vi (1 other opps)
[P1] playing land forest
[P1] tap land for mana used_for=any needs_left=None
DIAG turn=90 active=1 phase=End wf=Priority stage=ROLLING house=21 rolls=19 pending=False casting_house=True P0hand=['mr. house, president and ceo', 'mr. house, president and ceo', 'mr. house, president and ceo']
[P0] casting Adorable Kitten (oid 12)
[P0] roll pending: kitten oid=12 life0=97 robots0=11 treasures0=0
[P0] tap land for mana used_for=W needs_left={'W': 0}
[P0] roll #20: r=5 robotsΔ=1 treasuresΔ=0 trigger_seen=True
exported post.json
roll target reached; exporting post and stopping
A1_setup_ok: passed
A2_rolls_valid: passed
A3_low_clean: passed
A4_mid_robot: passed
A5_six_treasure: failed
A6_cleanup: passed
WF sequence: ['MulliganDecision', 'Priority', 'DiscardToHandSize', 'Priority', 'DiscardToHandSize', 'Priority', 'DiscardToHandSize', 'Priority', 'DeclareAttackers', 'Priority', 'DeclareAttackers', 'Priority', 'DeclareAttackers', 'Priority', 'DeclareAttackers', 'Priority', 'DeclareAttackers', 'Priority', 'DeclareAttackers', 'Priority', 'DeclareAttackers', 'Priority', 'DeclareAttackers', 'Priority', 'DeclareAttackers', 'Priority', 'DeclareAttackers', 'Priority', 'DeclareAttackers', 'Priority', 'DeclareAttackers', 'Priority', 'DeclareAttackers', 'Priority', 'DeclareAttackers', 'Priority', 'DeclareAttackers', 'Priority', 'DeclareAttackers', 'Priority', 'DeclareAttackers', 'Priority', 'DeclareAttackers', 'Priority', 'DeclareAttackers', 'Priority', 'DeclareAttackers', 'Priority', 'DeclareAttackers', 'Priority', 'DeclareAttackers', 'Priority', 'DeclareAttackers', 'Priority', 'DeclareAttackers', 'Priority', 'DeclareAttackers', 'Priority', 'DeclareAttackers', 'Priority', 'DeclareAttackers', 'Priority', 'DeclareAttackers', 'Priority', 'DeclareAttackers', 'Priority', 'DeclareAttackers', 'Priority']
DONE verdict=reproduced assertions={"A1_setup_ok": "passed", "A2_rolls_valid": "passed", "A3_low_clean": "passed", "A4_mid_robot": "passed", "A5_six_treasure": "failed", "A6_cleanup": "passed"}
