# server.log excerpts for game YMJ8IR (run 20261007-7177, v0.103.0)
# 5116 total lines for this game; 25 matched lines below
2026-10-07T17:39:11.801160Z  INFO ws_message: phase_server: game created via lobby game=YMJ8IR host=P0 players=2
2026-10-07T17:39:11.865392Z  INFO ws_message: server_core::session: player joined session game=YMJ8IR player=PlayerId(1) seat=1
2026-10-07T17:39:11.886344Z  INFO ws_message: phase_server: player joined game=YMJ8IR player=PlayerId(1)
2026-10-07T17:39:12.206242Z  WARN phase_server: Full snapshot was no longer current game=YMJ8IR disposition=SupersededOrRetired
2026-10-07T17:40:46.731790Z  INFO ws_message:game_session{game=YMJ8IR player=PlayerId(0)}: server_core::session: action applied game=YMJ8IR player=PlayerId(0) action_type="CastSpell" event_count=19
2026-10-07T17:40:48.900860Z  INFO ws_message:game_session{game=YMJ8IR player=PlayerId(0)}: server_core::session: action applied game=YMJ8IR player=PlayerId(0) action_type="CastSpell" event_count=9
2026-10-07T17:40:56.995243Z  INFO ws_message:game_session{game=YMJ8IR player=PlayerId(0)}: server_core::session: action applied game=YMJ8IR player=PlayerId(0) action_type="CastSpell" event_count=9
2026-10-07T17:40:59.434247Z  INFO ws_message:game_session{game=YMJ8IR player=PlayerId(0)}: server_core::session: action applied game=YMJ8IR player=PlayerId(0) action_type="CastSpell" event_count=9
2026-10-07T17:41:07.676925Z  INFO ws_message:game_session{game=YMJ8IR player=PlayerId(0)}: server_core::session: action applied game=YMJ8IR player=PlayerId(0) action_type="CastSpell" event_count=9
2026-10-07T17:41:16.206503Z  INFO ws_message:game_session{game=YMJ8IR player=PlayerId(0)}: server_core::session: action applied game=YMJ8IR player=PlayerId(0) action_type="CastSpell" event_count=9
2026-10-07T17:41:18.648447Z  INFO ws_message:game_session{game=YMJ8IR player=PlayerId(0)}: server_core::session: action applied game=YMJ8IR player=PlayerId(0) action_type="CastSpell" event_count=9
2026-10-07T17:41:27.905038Z  INFO ws_message:game_session{game=YMJ8IR player=PlayerId(0)}: server_core::session: action applied game=YMJ8IR player=PlayerId(0) action_type="CastSpell" event_count=9
2026-10-07T17:41:36.884472Z  INFO ws_message:game_session{game=YMJ8IR player=PlayerId(0)}: server_core::session: action applied game=YMJ8IR player=PlayerId(0) action_type="CastSpell" event_count=9
2026-10-07T17:41:47.883461Z  INFO ws_message:game_session{game=YMJ8IR player=PlayerId(0)}: server_core::session: action applied game=YMJ8IR player=PlayerId(0) action_type="CastSpell" event_count=9
2026-10-07T17:41:57.031815Z  INFO ws_message:game_session{game=YMJ8IR player=PlayerId(0)}: server_core::session: action applied game=YMJ8IR player=PlayerId(0) action_type="CastSpell" event_count=9
2026-10-07T17:42:06.796169Z  INFO ws_message:game_session{game=YMJ8IR player=PlayerId(0)}: server_core::session: action applied game=YMJ8IR player=PlayerId(0) action_type="CastSpell" event_count=9
2026-10-07T17:42:19.191718Z  INFO ws_message:game_session{game=YMJ8IR player=PlayerId(0)}: server_core::session: action applied game=YMJ8IR player=PlayerId(0) action_type="CastSpell" event_count=9
2026-10-07T17:43:39.017125Z  INFO ws_message:game_session{game=YMJ8IR player=PlayerId(0)}: server_core::session: action applied game=YMJ8IR player=PlayerId(0) action_type="CastSpell" event_count=9
2026-10-07T17:44:16.593021Z  INFO ws_message:game_session{game=YMJ8IR player=PlayerId(0)}: server_core::session: action applied game=YMJ8IR player=PlayerId(0) action_type="CastSpell" event_count=9
2026-10-07T17:44:43.997945Z  INFO ws_message:game_session{game=YMJ8IR player=PlayerId(0)}: server_core::session: action applied game=YMJ8IR player=PlayerId(0) action_type="CastSpell" event_count=9
2026-10-07T17:45:23.114942Z  INFO ws_message:game_session{game=YMJ8IR player=PlayerId(0)}: server_core::session: action applied game=YMJ8IR player=PlayerId(0) action_type="CastSpell" event_count=9
2026-10-07T17:45:37.984040Z  INFO ws_message:game_session{game=YMJ8IR player=PlayerId(0)}: server_core::session: action applied game=YMJ8IR player=PlayerId(0) action_type="CastSpell" event_count=9
2026-10-07T17:46:54.947265Z  INFO ws_message:game_session{game=YMJ8IR player=PlayerId(0)}: server_core::session: action applied game=YMJ8IR player=PlayerId(0) action_type="CastSpell" event_count=9
2026-10-07T17:47:38.468422Z  INFO ws_message:game_session{game=YMJ8IR player=PlayerId(0)}: server_core::session: action applied game=YMJ8IR player=PlayerId(0) action_type="CastSpell" event_count=9
2026-10-07T17:48:21.992048Z  INFO ws_message:game_session{game=YMJ8IR player=PlayerId(0)}: server_core::session: action applied game=YMJ8IR player=PlayerId(0) action_type="CastSpell" event_count=9
