ServerHello: 0.104.0/4227122/protocol 118/Full
data-level check: ok=True notes=[]
game PR24WY; P0 seat=0 P1 seat=1
[P0] mulligan 7: ['divination', 'island', 'island', 'island', 'island', 'island', 'island'] (mull_count=1)
[P1] keep 7: ['forest', 'grizzly bears', 'grizzly bears', 'forest', 'forest', 'forest', 'forest'] (mull_count=1)
DIAG turn=1 active=0 phase=Untap legal=['MulliganDecision', 'MulliganDecision', 'MulliganDecision', 'MulliganDecision'] vikind=mulligan P0hand=['divination', 'island', 'island', 'island', 'island', 'island'] pw_loyalty=None life=20/20 stack=0 plus2=False atk1=False atk2=False exp={"pre": false, "mid": false, "post": false, "p0next": false, "post2": false}
[P0] mulligan 7: ['divination', 'island', 'island', 'island', 'island', 'island', 'island'] (mull_count=2)
[P0] keep 7: ['island', 'tamiyo, inquisitive student', 'island', 'divination', 'island', 'island', 'island'] (mull_count=3)
[P0] bottoming ['island', 'island'] via vi
P0 casts Tamiyo (turn 1)
[p0] tamiyo on stack; payment done, clearing flag
P0 declares no attackers (turn 3)
P1 casts Grizzly Bears (turn 4)
[p1] bear on stack; payment done, clearing flag
P0 casts Divination (turn 5)
[p0] divination on stack; payment done, clearing flag
TRIGGER on stack (turn 5 PreCombatMain): {"id": 121, "source_id": 40, "controller": 0, "kind": {"type": "TriggeredAbility", "data": {"source_id": 40, "ability": {"effect": {"type": "ChangeZone", "origin": null, "destination": "Exile", "target": {"type": "SelfRef"}, "owner_library": false, "enter_transformed": false, "enter_tapped": false, "enters_attacking": false}, "targets": [], "source_id": 40, "source_incarnation": 3, "trigger_source": {"identity": {"reference": {"object_id": 40, "incarnation": 3}, "expected_zone": "Battlefield"}, 
proof: exporting PRE, activating Tamiyo +2 (turn 5 phase PreCombatMain)
exported pre.json
P0 activates Tamiyo +2 (turn 5)
MID: +2 resolved, loyalty 4 (turn 5)
exported mid.json
P1 casts Grizzly Bears (turn 6)
[p1] bear on stack; payment done, clearing flag
P1 attack1: attacks P0 with Bear oid 62 (turn 6)
TRIGGER on stack (turn 6 DeclareAttackers): {"id": 123, "source_id": 40, "controller": 0, "kind": {"type": "TriggeredAbility", "data": {"source_id": 40, "ability": {"effect": {"type": "Pump", "power": {"type": "Fixed", "value": -1}, "toughness": {"type": "Fixed", "value": 0}, "target": {"type": "SelfRef"}}, "targets": [], "source_id": 40, "source_incarnation": 5, "trigger_source": {"identity": {"reference": {"object_id": 40, "incarnation": 5}, "expected_zone": "Battlefield"}, "lki": {"name": "Tamiyo, Seasoned Scholar", "power": null, "tou
exported post.json
POST: attack1 turn 6 phase EndCombat; bear oid 62 power=2, P0 life=18
P0NEXT: P0 turn 7 phase Upkeep; bear powers=[2, 2]
exported p0next.json
P1 casts Grizzly Bears (turn 8)
[p1] bear on stack; payment done, clearing flag
P1 attack2: attacks P0 with Bear oid 62 (turn 8)
exported post2.json
POST2: attack2 turn 8 phase EndCombat; bear oid 62 power=2, P0 life=16
post2 exported; finishing
