[07:27:14] server identity hashes verified against the v0.103.0 pin
[07:27:18] ServerHello: version=0.103.0 build=ec27a8d protocol=106 mode=Full
[07:27:18] saved parse_mercurial_spelldancer.json
[07:27:18] parse: {'RemoveCounter': True, 'CreateDelayedTrigger': True, 'CopySpell': True, 'MayChooseNewTargets': True, 'oil': True} -> A1=passed
[07:27:19] P0 creating game (default Bo1, 2 seats)...
[07:27:19] P1 joining...
[07:27:20] game 9IM7N6; P0 seat=0 P1 seat=1 RUN_ID=20261008-7140c
[07:27:20] [P0] mulligan -> Mulligan (hand=['mountain', 'lightning bolt', 'lightning bolt', 'lightning bolt', 'island', 'mountain', 'mountain'])
[07:27:20] [P1] mulligan -> Mulligan (hand=['forest', 'forest', 'forest', 'forest', 'forest', 'forest', 'forest'])
[07:27:20] DIAG turn=1 active=1 phase=Untap pp=1 life=[20, 20] stage=setup counters=[] attacks=False/False test=False/False decl=False/False stack_bolts=0
[07:27:20] [P1] mulligan -> Mulligan (hand=['forest', 'forest', 'forest', 'forest', 'forest', 'forest', 'forest'])
[07:27:21] [P0] mulligan -> Mulligan (hand=['lightning bolt', 'mountain', 'lightning bolt', 'lightning bolt', 'lightning bolt', 'island', 'island'])
[07:27:21] [P1] mulligan -> Keep (hand=['forest', 'forest', 'forest', 'forest', 'forest', 'forest', 'forest'])
[07:27:22] [P0] mulligan -> Keep (hand=['island', 'mountain', 'island', 'mountain', 'mountain', 'island', 'lightning bolt'])
[07:27:22] [P1] mulligan -> Keep (hand=['forest', 'forest', 'forest', 'forest', 'forest', 'forest', 'forest'])
[07:27:22] [P0] mulligan -> Keep (hand=['island', 'mountain', 'island', 'mountain', 'mountain', 'island', 'lightning bolt'])
[07:27:22] [P17140r] ActionRejected: {"rejection": {"code": "invalid_action", "disposition": "invalid", "message": "That action is not valid in the current game state.", "related_object_ids": []}}
[07:27:22] [P1] mulligan -> Keep (hand=['forest', 'forest', 'forest', 'forest', 'forest', 'forest', 'forest'])
[07:27:22] [P07140r] ActionRejected: {"rejection": {"code": "invalid_action", "disposition": "invalid", "message": "That action is not valid in the current game state.", "related_object_ids": []}}
[07:27:22] [P0] bottoms 2
[07:27:22] [P17140r] ActionRejected: {"rejection": {"code": "invalid_action", "disposition": "invalid", "message": "That action is not valid in the current game state.", "related_object_ids": []}}
[07:27:22] [P1] bottoms 2
[07:27:23] life = (20, 20)
[07:27:29] [P0] plays land island (target 99 untapped)
[07:27:37] [P0] plays land island (target 99 untapped)
[07:27:45] [P0] plays land island (target 99 untapped)
[07:27:52] [P1] discards 1: ['forest']
[07:27:53] [P0] plays land mountain (target 99 untapped)
[07:27:53] [P0] casting mercurial spelldancer oid=5 (engine Auto payment)
[07:27:54] [P0] casting lightning bolt (counter) at seat 1
[07:27:54] target selection #1 (bolt-counter, stage setup): ?(?,pNone,tapped=None), ?(?,pNone,tapped=None), mercurial spelldancer(Battlefield,p0,tapped=False)
[07:27:54] [P0] bolt-counter target: choosing seat 1 (choice 9IM7N6.0.119.t1)
[07:27:54] [P0] submitting interaction iid=9IM7N6.0.119 choice=9IM7N6.0.119.t1 ()
[07:27:56] life = (20, 17)
[07:28:02] [P1] discards 1: ['forest']
[07:28:04] [P0] plays land island (target 99 untapped)
[07:28:04] [P0] casting lightning bolt (counter) at seat 1
[07:28:04] target selection #2 (bolt-counter, stage setup): ?(?,pNone,tapped=None), ?(?,pNone,tapped=None), mercurial spelldancer(Battlefield,p0,tapped=False)
[07:28:04] [P0] bolt-counter target: choosing seat 1 (choice 9IM7N6.0.155.t1)
[07:28:04] [P0] submitting interaction iid=9IM7N6.0.155 choice=9IM7N6.0.155.t1 ()
[07:28:06] life = (20, 14)
[07:28:06] [P0] stage -> combat1 (counters=2, turn=10, P1 life=14)
[07:28:07] [P0] declaring attacker: spelldancer -> P1 (leg 1)
[07:28:08] life = (20, 12)
[07:28:08] optional prompt #1 (removal-accept, stage combat1): false(accept=false) | true(accept=true)
[07:28:08] [P0] combat1 optional: pre counters=2 P1 life=12
[07:28:08] exported PRE
[07:28:08] [P0] ACCEPTING removal of two oil counters (reported branch)
[07:28:08] [P0] submitting interaction iid=9IM7N6.0.171 choice=9IM7N6.0.171.c1 (true)
[07:28:09] [P0] counters_post_accept=0
[07:28:15] [P1] discards 1: ['forest']
[07:28:16] [P0] plays land island (target 99 untapped)
[07:28:20] DIAG turn=13 active=1 phase=PreCombatMain pp=1 life=[20, 12] stage=accept_test counters=[0] attacks=True/False test=False/False decl=False/False stack_bolts=0
[07:28:23] [P1] discards 1: ['forest']
[07:28:24] [P0] plays land island (target 99 untapped)
[07:28:31] [P1] discards 1: ['forest']
[07:28:33] [P0] plays land mountain (target 99 untapped)
[07:28:41] [P1] discards 1: ['forest']
[07:28:45] [P0] plays land island (target 99 untapped)
[07:28:52] [P1] discards 1: ['forest']
[07:28:54] [P0] plays land mountain (target 99 untapped)
[07:29:01] [P1] discards 1: ['forest']
[07:29:03] [P0] plays land mountain (target 99 untapped)
[07:29:10] [P1] discards 1: ['forest']
[07:29:11] [P0] plays land mountain (target 99 untapped)
[07:29:13] [P0] casting lightning bolt (test) at seat 1
[07:29:13] target selection #3 (bolt-test, stage accept_test): ?(?,pNone,tapped=None), ?(?,pNone,tapped=None), mercurial spelldancer(Battlefield,p0,tapped=False)
[07:29:13] [P0] bolt-test target: choosing seat 1 (choice 9IM7N6.0.394.t1)
[07:29:13] [P0] submitting interaction iid=9IM7N6.0.394 choice=9IM7N6.0.394.t1 ()
[07:29:14] exported MID
[07:29:15] life = (20, 9)
[07:29:15] [P0] accept_test bolt resolved: P1 12->9, P0-gy bolts=3
[07:29:20] [P1] discards 1: ['forest']
[07:29:21] DIAG turn=26 active=0 phase=Draw pp=0 life=[20, 9] stage=regen counters=[1] attacks=True/False test=True/True decl=False/False stack_bolts=0
[07:29:21] [P0] plays land mountain (target 99 untapped)
[07:29:21] [P0] casting lightning bolt (regen) at seat 0
[07:29:22] target selection #4 (bolt-regen, stage regen): ?(?,pNone,tapped=None), ?(?,pNone,tapped=None), mercurial spelldancer(Battlefield,p0,tapped=False)
[07:29:22] [P0] bolt-regen target: choosing seat 0 (choice 9IM7N6.0.424.t0)
[07:29:22] [P0] submitting interaction iid=9IM7N6.0.424 choice=9IM7N6.0.424.t0 ()
[07:29:23] life = (17, 9)
[07:29:23] [P0] regen bolt resolved (counters=2)
[07:29:23] [P0] stage -> combat2 (counters=2, turn=26)
[07:29:24] [P0] declaring attacker: spelldancer -> P1 (leg 2)
[07:29:25] life = (17, 7)
[07:29:26] optional prompt #2 (removal-decline, stage combat2): false(accept=false) | true(accept=true)
[07:29:26] [P0] DECLINING removal (control branch)
[07:29:26] [P0] submitting interaction iid=9IM7N6.0.440 choice=9IM7N6.0.440.c0 (false)
[07:29:33] [P1] discards 1: ['forest']
[07:29:34] [P0] plays land mountain (target 99 untapped)
[07:29:43] [P1] discards 1: ['forest']
[07:29:46] [P0] casting lightning bolt (decl) at seat 1
[07:29:47] target selection #5 (bolt-decl, stage decline_test): ?(?,pNone,tapped=None), ?(?,pNone,tapped=None), mercurial spelldancer(Battlefield,p0,tapped=False)
[07:29:47] [P0] bolt-decl target: choosing seat 1 (choice 9IM7N6.0.507.t1)
[07:29:47] [P0] submitting interaction iid=9IM7N6.0.507 choice=9IM7N6.0.507.t1 ()
[07:29:48] life = (17, 4)
[07:29:48] [P0] decline_test bolt resolved: P1 7->4
[07:29:49] exported POST
[07:29:49] loop ended: elapsed=150s
[07:29:49] loaded pre.json
[07:29:49] loaded mid.json
[07:29:49] loaded post.json
[07:29:49] wrote run.json verdict=reproduced
[07:29:49] A1_parse: passed
[07:29:49] A2_setup: passed
[07:29:49] A3_removal_accept: passed
[07:29:49] A4_copy_created: failed
[07:29:49] A5_copy_resolves: failed
[07:29:49] A6_decline_control: passed
[07:29:49] A7_cleanup: passed
[07:29:49] copied scenario_7140_01030.py into EVDIR
[07:29:49] server.log: wrote note instead (no runs/<run-id>/server.log)
[07:29:49] wrote summary.png
[07:29:49] wrote manifest.sha256 (17 files)
[07:29:49] scenario finished
