[03:39:26] ServerHello: version=0.105.0 build=965e243 protocol=120 mode=Full
[03:39:26] data-level check: ok=True notes=["mana_cost={'type': 'Cost', 'shards': ['Blue', 'Blue', 'Black'], 'generic': 2}"]
[03:39:27] [instant] game ZNIOX6; P0 seat=0 P1 seat=1
[03:39:27] [P0-instant] keep 7: ['island', 'swamp', 'murder', 'swamp', 'island', 'murder', 'hidetsugu and kairi']
[03:39:27] [P1-instant] keep 7: ['island', 'island', 'island', 'island', 'island', 'island', 'island']
[03:39:28] [P1-instant] PENDING-DUMP (p1_real_decision): canSubmit=True kind=choose n_ops=1 atypes=['PassPriority', 'PlayLand']
[03:39:28] [P1-instant]   opp iid=ZNIOX6.0.6 rtype=exactChoices spec=None n=8 first={"id": "ZNIOX6.0.6.c0", "surfaces": [{"type": "summary", "data": {"code": "candidate"}}, {"type": "action", "data": {"code": "passPriority", "actionId": "aa9063230e9a1e8880abc47051b715da0ce68724929194424f44c81e1695ecca0"}}], "status": {"type": "available"}}
[03:39:28] [P1-instant] playing land island
[03:39:32] [P0-instant] playing land island
[03:39:35] [P1-instant] playing land island
[03:39:43] [P0-instant] playing land swamp
[03:39:49] [P1-instant] PENDING-DUMP (p1_real_decision): canSubmit=True kind=choose n_ops=1 atypes=['PassPriority', 'PlayLand', 'TapLandForMana']
[03:39:49] [P1-instant]   opp iid=ZNIOX6.0.66 rtype=exactChoices spec=None n=10 first={"id": "ZNIOX6.0.66.c0", "surfaces": [{"type": "summary", "data": {"code": "candidate"}}, {"type": "action", "data": {"code": "passPriority", "actionId": "aa9063230e9a1e8880abc47051b715da0ce68724929194424f44c81e1695ecca0"}}], "status": {"type": "available"}}
[03:39:49] [P1-instant] playing land island
[03:39:52] [P0-instant] playing land swamp
[03:39:56] [P1-instant] playing land island
[03:39:59] [P0-instant] playing land island
[03:40:03] [P1-instant] playing land island
[03:40:07] [P0-instant] playing land island
[03:40:07] [P0-instant] casting hidetsugu and kairi (oid 29) needs={'U': 2, 'B': 1, 'generic': 2}
[03:40:07] [P0-instant] cast hidetsugu and kairi confirmed; resuming
[03:40:07] [P0-instant] H&K resolved on BF; ETB putback pending
[03:40:08] [P0-instant] PENDING-DUMP (etb_pending): canSubmit=False kind=choose n_ops=0 atypes=[]
[03:40:08] [P0-instant] discarding to hand size via vi (select): picks=['ZNIOX6.0.147.s8', 'ZNIOX6.0.147.s5']
[03:40:12] [P1-instant] playing land island
[03:40:15] [P0-instant] playing land mountain
[03:40:16] [P0-instant] casting mystical tutor (oid 54) needs={'U': 1}
[03:40:16] [P0-instant] tap land for mana used_for=U needs={'U': 0}
[03:40:16] [P0-instant] submitting interaction iid=ZNIOX6.0.179 choice=ZNIOX6.0.179.c15 (Island)
[03:40:16] [P0-instant] cast mystical tutor confirmed; resuming
[03:40:17] [P0-instant] tutor search: staging 'lightning bolt'
[03:40:17] [P0-instant] tutor resolved (turn 12)
[03:40:17] [P0-instant] casting murder (oid 13) needs={'B': 2, 'generic': 1}
[03:40:17] [P0-instant] tap land for mana used_for=generic needs={'B': 2, 'generic': 0}
[03:40:17] [P0-instant] submitting interaction iid=ZNIOX6.0.184 choice=ZNIOX6.0.184.c9 (Mountain)
[03:40:17] [P0-instant] cast murder confirmed; resuming
[03:40:18] [P0-instant] murder resolved
[03:40:18] [P0-instant] H&K died; exporting pre_trigger
[03:40:18] [instant] exported instant_pre_trigger.json (turn=12)
[03:40:19] [P0-instant] trigger resolved: lightning bolt exiled; P1 life 20->19; exporting post_trigger, watching 90s for the offer
[03:40:19] [instant] exported instant_post_trigger.json (turn=12)
[03:40:29] [P0-instant] *** FREE-CAST OFFER OBSERVED ***
[03:40:29] [P0-instant] submitting interaction iid=ZNIOX6.0.189 choice=ZNIOX6.0.189.c1 (true)
[03:40:29] [P0-instant] accepted the free cast; driving to resolution
[03:40:33] [P1-instant] PENDING-DUMP (p1_real_decision): canSubmit=True kind=choose n_ops=1 atypes=['PassPriority', 'PlayLand', 'TapLandForMana']
[03:40:33] [P1-instant]   opp iid=ZNIOX6.0.204 rtype=exactChoices spec=None n=14 first={"id": "ZNIOX6.0.204.c0", "surfaces": [{"type": "summary", "data": {"code": "candidate"}}, {"type": "action", "data": {"code": "passPriority", "actionId": "aa9063230e9a1e8880abc47051b715da0ce68724929194424f44c81e1695ecca0"}}], "status": {"type": "available"}}
[03:40:33] [P1-instant] playing land island
[03:41:21] [instant] WATCHDOG stale P0-instant: rev 219 turn=14 phase=PreCombatMain stage=accept_drive prio=True real_decision=True
[03:41:21] [instant] WATCHDOG stale P1-instant: rev 219 turn=14 phase=PreCombatMain stage=accept_drive prio=False real_decision=False
[03:42:06] [instant] WATCHDOG stale P0-instant: rev 219 turn=14 phase=PreCombatMain stage=accept_drive prio=True real_decision=True
[03:42:06] [instant] WATCHDOG stale P1-instant: rev 219 turn=14 phase=PreCombatMain stage=accept_drive prio=False real_decision=False
[03:42:32] [P0-instant] accept-drive expired without resolution
[03:42:32] [instant] exported instant_post.json (turn=14)
[03:42:32] [instant] ASSERTIONS: A1_setup_ok:passed; A2_hk_on_battlefield:passed; A3_top_staged:passed; A4_hk_died:passed; A5_exile_and_lifeloss:passed; A6_free_cast_offered:passed; A7_accept_resolves:failed; A8_no_dangling:passed;
[03:42:32] [instant] VERDICT: reproduced
[03:42:32] [sorcery] game MJGD17; P0 seat=0 P1 seat=1
[03:42:33] [P0-sorcery] keep 7: ['mystical tutor', 'murder', 'swamp', 'island', 'mountain', 'swamp', 'island']
[03:42:33] [P1-sorcery] keep 7: ['island', 'island', 'island', 'island', 'island', 'island', 'island']
[03:42:34] [P0-sorcery] playing land swamp
[03:42:37] [P1-sorcery] PENDING-DUMP (p1_real_decision): canSubmit=True kind=choose n_ops=1 atypes=['PassPriority', 'PlayLand']
[03:42:37] [P1-sorcery]   opp iid=MJGD17.0.21 rtype=exactChoices spec=None n=9 first={"id": "MJGD17.0.21.c0", "surfaces": [{"type": "summary", "data": {"code": "candidate"}}, {"type": "action", "data": {"code": "passPriority", "actionId": "aa9063230e9a1e8880abc47051b715da0ce68724929194424f44c81e1695ecca0"}}], "status": {"type": "available"}}
[03:42:37] [P1-sorcery] playing land island
[03:42:41] [P0-sorcery] playing land island
[03:42:52] [P1-sorcery] playing land island
[03:42:55] [P0-sorcery] playing land mountain
[03:42:59] [P1-sorcery] PENDING-DUMP (p1_real_decision): canSubmit=True kind=choose n_ops=1 atypes=['PassPriority', 'PlayLand', 'TapLandForMana']
[03:42:59] [P1-sorcery]   opp iid=MJGD17.0.81 rtype=exactChoices spec=None n=11 first={"id": "MJGD17.0.81.c0", "surfaces": [{"type": "summary", "data": {"code": "candidate"}}, {"type": "action", "data": {"code": "passPriority", "actionId": "aa9063230e9a1e8880abc47051b715da0ce68724929194424f44c81e1695ecca0"}}], "status": {"type": "available"}}
[03:42:59] [P1-sorcery] playing land island
[03:43:02] [P0-sorcery] playing land swamp
[03:43:06] [P1-sorcery] playing land island
[03:43:10] [P0-sorcery] playing land island
[03:43:10] [P0-sorcery] casting hidetsugu and kairi (oid 44) needs={'U': 2, 'B': 1, 'generic': 2}
[03:43:10] [P0-sorcery] cast hidetsugu and kairi confirmed; resuming
[03:43:10] [P0-sorcery] H&K resolved on BF; ETB putback pending
[03:43:11] [P0-sorcery] discarding to hand size via vi (select): picks=['MJGD17.0.132.s6']
[03:43:21] [P0-sorcery] REJECTION: {"rejection": {"code": "interaction_constraint_unsatisfied", "disposition": "invalid", "message": "That response does not satisfy the interaction constraints.", "related_object_ids": []}}
[03:43:21] [P0-sorcery] ETB putback: ['island', 'swamp']
[03:43:30] [P1-sorcery] PENDING-DUMP (p1_real_decision): canSubmit=True kind=choose n_ops=1 atypes=['PassPriority', 'PlayLand', 'TapLandForMana']
[03:43:30] [P1-sorcery]   opp iid=MJGD17.0.147 rtype=exactChoices spec=None n=13 first={"id": "MJGD17.0.147.c0", "surfaces": [{"type": "summary", "data": {"code": "candidate"}}, {"type": "action", "data": {"code": "passPriority", "actionId": "aa9063230e9a1e8880abc47051b715da0ce68724929194424f44c81e1695ecca0"}}], "status": {"type": "available"}}
[03:43:30] [P1-sorcery] playing land island
[03:43:33] [P0-sorcery] playing land swamp
[03:43:33] [P0-sorcery] casting mystical tutor (oid 32) needs={'U': 1}
[03:43:34] [P0-sorcery] tap land for mana used_for=U needs={'U': 0}
[03:43:34] [P0-sorcery] submitting interaction iid=MJGD17.0.164 choice=MJGD17.0.164.c5 (Island)
[03:43:34] [P0-sorcery] cast mystical tutor confirmed; resuming
[03:43:34] [P0-sorcery] tutor search: staging 'divination'
[03:43:34] [P0-sorcery] tutor resolved (turn 11)
[03:43:34] [P0-sorcery] casting murder (oid 37) needs={'B': 2, 'generic': 1}
[03:43:35] [P0-sorcery] tap land for mana used_for=B needs={'B': 1, 'generic': 1}
[03:43:35] [P0-sorcery] submitting interaction iid=MJGD17.0.169 choice=MJGD17.0.169.c1 (Swamp)
[03:43:35] [P0-sorcery] tap land for mana used_for=generic needs={'B': 1, 'generic': 0}
[03:43:35] [P0-sorcery] submitting interaction iid=MJGD17.0.170 choice=MJGD17.0.170.c1 (Mountain)
[03:43:35] [P0-sorcery] cast murder confirmed; resuming
[03:43:36] [P0-sorcery] murder resolved
[03:43:36] [P0-sorcery] H&K died; exporting pre_trigger
[03:43:36] [sorcery] exported sorcery_pre_trigger.json (turn=11)
[03:43:36] [P0-sorcery] trigger resolved: divination exiled; P1 life 20->17; exporting post_trigger, watching 90s for the offer
[03:43:37] [sorcery] exported sorcery_post_trigger.json (turn=11)
[03:43:46] [P0-sorcery] *** FREE-CAST OFFER OBSERVED ***
[03:43:46] [P0-sorcery] submitting interaction iid=MJGD17.0.175 choice=MJGD17.0.175.c1 (true)
[03:43:46] [P0-sorcery] accepted the free cast; driving to resolution
[03:43:50] [P1-sorcery] PENDING-DUMP (p1_real_decision): canSubmit=True kind=choose n_ops=1 atypes=['PassPriority', 'PlayLand', 'TapLandForMana']
[03:43:50] [P1-sorcery]   opp iid=MJGD17.0.190 rtype=exactChoices spec=None n=14 first={"id": "MJGD17.0.190.c0", "surfaces": [{"type": "summary", "data": {"code": "candidate"}}, {"type": "action", "data": {"code": "passPriority", "actionId": "aa9063230e9a1e8880abc47051b715da0ce68724929194424f44c81e1695ecca0"}}], "status": {"type": "available"}}
[03:43:50] [P1-sorcery] playing land island
[03:44:38] [sorcery] WATCHDOG stale P0-sorcery: rev 205 turn=13 phase=PreCombatMain stage=accept_drive prio=True real_decision=True
[03:44:38] [sorcery] WATCHDOG stale P1-sorcery: rev 205 turn=13 phase=PreCombatMain stage=accept_drive prio=False real_decision=False
[03:45:23] [sorcery] WATCHDOG stale P0-sorcery: rev 205 turn=13 phase=PreCombatMain stage=accept_drive prio=True real_decision=True
[03:45:23] [sorcery] WATCHDOG stale P1-sorcery: rev 205 turn=13 phase=PreCombatMain stage=accept_drive prio=False real_decision=False
[03:45:48] [P0-sorcery] accept-drive expired without resolution
[03:45:48] [sorcery] exported sorcery_post.json (turn=13)
[03:45:48] [sorcery] ASSERTIONS: A1_setup_ok:passed; A2_hk_on_battlefield:passed; A3_top_staged:passed; A4_hk_died:passed; A5_exile_and_lifeloss:passed; A6_free_cast_offered:passed; A7_accept_resolves:failed; A8_no_dangling:passed;
[03:45:48] [sorcery] VERDICT: reproduced
[03:45:48] closing logs before manifest computation
