server identity pinned: v0.83.0 (b7a59d4) protocol 70, mode Full; reusing live server per task body (already listening)
game JI7HEI; P0 seat=0 P1 seat=1
[P0] mulligan: 3 lands -> keep
[P1] mulligan: 7 lands -> keep
DIAG turn=1 active=0 phase=Untap wf=MulliganDecision pp=0 stage=SETUP house=None rolls=0 pending=False P0hand=['swamp', 'adorable kitten', 'adorable kitten', 'adorable kitten', 'mountain', 'plains']
[P0] casting mr. house, president and ceo (oid=44)
House on BF oid=44
exported pre.json
[P0] casting adorable kitten (oid=7)
P0 BF object names at first token count: ['mountain', 'mr. house, president and ceo', 'plains', 'swamp']
[P0] roll pending: kitten oid=7 life0=20 robots0=0 treasures0=0
[P0] roll #1: r=3 robotsΔ=0 treasuresΔ=0 trigger_seen=False
[P0] casting adorable kitten (oid=2)
[P0] roll pending: kitten oid=2 life0=23 robots0=0 treasures0=0
[P0] roll #2: r=1 robotsΔ=0 treasuresΔ=0 trigger_seen=False
DIAG turn=26 active=1 phase=BeginCombat wf=Priority pp=1 stage=ROLLING house=44 rolls=2 pending=False P0hand=['adorable kitten', 'adorable kitten', 'adorable kitten', 'adorable kitten', 'adorable kitten']
[P0] casting adorable kitten (oid=9)
[P0] roll pending: kitten oid=9 life0=24 robots0=0 treasures0=0
[P0] roll #3: r=5 robotsΔ=1 treasuresΔ=0 trigger_seen=True
[P0] casting adorable kitten (oid=17)
[P0] roll pending: kitten oid=17 life0=29 robots0=1 treasures0=0
[P0] roll #4: r=4 robotsΔ=1 treasuresΔ=0 trigger_seen=True
[P0] casting adorable kitten (oid=19)
[P0] roll pending: kitten oid=19 life0=33 robots0=2 treasures0=0
[P0] roll #5: r=1 robotsΔ=0 treasuresΔ=0 trigger_seen=False
[P0] casting adorable kitten (oid=25)
[P0] roll pending: kitten oid=25 life0=34 robots0=2 treasures0=0
[P0] roll #6: r=6 robotsΔ=1 treasuresΔ=0 trigger_seen=True
[P0] casting adorable kitten (oid=14)
[P0] roll pending: kitten oid=14 life0=40 robots0=3 treasures0=0
[P0] roll #7: r=5 robotsΔ=1 treasuresΔ=0 trigger_seen=True
[P0] casting adorable kitten (oid=36)
[P0] roll pending: kitten oid=36 life0=45 robots0=4 treasures0=0
[P0] roll #8: r=3 robotsΔ=0 treasuresΔ=0 trigger_seen=False
[P0] casting adorable kitten (oid=42)
[P0] roll pending: kitten oid=42 life0=48 robots0=4 treasures0=0
[P0] roll #9: r=1 robotsΔ=0 treasuresΔ=0 trigger_seen=False
[P0] casting adorable kitten (oid=43)
[P0] roll pending: kitten oid=43 life0=49 robots0=4 treasures0=0
[P0] roll #10: r=5 robotsΔ=1 treasuresΔ=0 trigger_seen=True
[P0] casting adorable kitten (oid=45)
[P0] roll pending: kitten oid=45 life0=54 robots0=5 treasures0=0
[P0] roll #11: r=2 robotsΔ=0 treasuresΔ=0 trigger_seen=False
[P0] casting adorable kitten (oid=24)
[P0] roll pending: kitten oid=24 life0=56 robots0=5 treasures0=0
[P0] roll #12: r=5 robotsΔ=1 treasuresΔ=0 trigger_seen=True
[P0] casting adorable kitten (oid=23)
[P0] roll pending: kitten oid=23 life0=61 robots0=6 treasures0=0
[P0] roll #13: r=5 robotsΔ=1 treasuresΔ=0 trigger_seen=True
DIAG turn=46 active=1 phase=Draw wf=Priority pp=1 stage=ROLLING house=44 rolls=13 pending=False P0hand=['mr. house, president and ceo']
[P0] casting adorable kitten (oid=53)
[P0] roll pending: kitten oid=53 life0=66 robots0=7 treasures0=0
[P0] roll #14: r=6 robotsΔ=1 treasuresΔ=0 trigger_seen=True
[P0] casting adorable kitten (oid=18)
[P0] roll pending: kitten oid=18 life0=72 robots0=8 treasures0=0
[P0] roll #15: r=1 robotsΔ=0 treasuresΔ=0 trigger_seen=False
DIAG turn=68 active=1 phase=PostCombatMain wf=Priority pp=0 stage=ROLLING house=44 rolls=15 pending=False P0hand=['mr. house, president and ceo', 'mr. house, president and ceo']
[P0] casting adorable kitten (oid=1)
[P0] roll pending: kitten oid=1 life0=73 robots0=8 treasures0=0
[P0] roll #16: r=1 robotsΔ=0 treasuresΔ=0 trigger_seen=False
[P0] casting adorable kitten (oid=11)
[P0] roll pending: kitten oid=11 life0=74 robots0=8 treasures0=0
[P0] roll #17: r=4 robotsΔ=1 treasuresΔ=0 trigger_seen=True
[P0] casting adorable kitten (oid=52)
[P0] roll pending: kitten oid=52 life0=78 robots0=9 treasures0=0
[P0] roll #18: r=3 robotsΔ=0 treasuresΔ=0 trigger_seen=False
[P0] casting adorable kitten (oid=39)
[P0] roll pending: kitten oid=39 life0=81 robots0=9 treasures0=0
[P0] roll #19: r=3 robotsΔ=0 treasuresΔ=0 trigger_seen=False
[P0] casting adorable kitten (oid=12)
[P0] roll pending: kitten oid=12 life0=84 robots0=9 treasures0=0
[P0] roll #20: r=2 robotsΔ=0 treasuresΔ=0 trigger_seen=False
exported post.json
roll target reached; exporting post and stopping
A1: house_bf_pre=True pre_exported=True
A2: rolls=20 valid=20 sixes=2 mids=7 lows=11 results=[3, 1, 5, 4, 1, 6, 5, 3, 1, 5, 2, 5, 5, 6, 1, 1, 4, 3, 3, 2]
  roll r=3: robotsΔ=0 treasuresΔ=0 house_trigger_seen=False
  roll r=1: robotsΔ=0 treasuresΔ=0 house_trigger_seen=False
  roll r=1: robotsΔ=0 treasuresΔ=0 house_trigger_seen=False
  roll r=3: robotsΔ=0 treasuresΔ=0 house_trigger_seen=False
  roll r=1: robotsΔ=0 treasuresΔ=0 house_trigger_seen=False
  roll r=2: robotsΔ=0 treasuresΔ=0 house_trigger_seen=False
  roll r=1: robotsΔ=0 treasuresΔ=0 house_trigger_seen=False
  roll r=1: robotsΔ=0 treasuresΔ=0 house_trigger_seen=False
  roll r=3: robotsΔ=0 treasuresΔ=0 house_trigger_seen=False
  roll r=3: robotsΔ=0 treasuresΔ=0 house_trigger_seen=False
  roll r=2: robotsΔ=0 treasuresΔ=0 house_trigger_seen=False
  roll r=5: robotsΔ=1 treasuresΔ=0 house_trigger_seen=True
  roll r=4: robotsΔ=1 treasuresΔ=0 house_trigger_seen=True
  roll r=5: robotsΔ=1 treasuresΔ=0 house_trigger_seen=True
  roll r=5: robotsΔ=1 treasuresΔ=0 house_trigger_seen=True
  roll r=5: robotsΔ=1 treasuresΔ=0 house_trigger_seen=True
  roll r=5: robotsΔ=1 treasuresΔ=0 house_trigger_seen=True
  roll r=4: robotsΔ=1 treasuresΔ=0 house_trigger_seen=True
  roll r=6: robotsΔ=1 treasuresΔ=0 house_trigger_seen=True
  roll r=6: robotsΔ=1 treasuresΔ=0 house_trigger_seen=True
FINAL verdict=reproduced assertions={'A1_setup_ok': 'passed', 'A2_rolls_valid': 'passed', 'A3_low_clean': 'passed', 'A4_mid_robot': 'passed', 'A5_six_treasure': 'failed', 'A6_cleanup': 'passed'}
A1: house_bf_pre=True pre_exported=True
A2: rolls=20 valid=20 sixes=2 mids=7 lows=11 results=[3, 1, 5, 4, 1, 6, 5, 3, 1, 5, 2, 5, 5, 6, 1, 1, 4, 3, 3, 2]
  roll r=3: robotsΔ=0 treasuresΔ=0 house_trigger_seen=False
  roll r=1: robotsΔ=0 treasuresΔ=0 house_trigger_seen=False
  roll r=1: robotsΔ=0 treasuresΔ=0 house_trigger_seen=False
  roll r=3: robotsΔ=0 treasuresΔ=0 house_trigger_seen=False
  roll r=1: robotsΔ=0 treasuresΔ=0 house_trigger_seen=False
  roll r=2: robotsΔ=0 treasuresΔ=0 house_trigger_seen=False
  roll r=1: robotsΔ=0 treasuresΔ=0 house_trigger_seen=False
  roll r=1: robotsΔ=0 treasuresΔ=0 house_trigger_seen=False
  roll r=3: robotsΔ=0 treasuresΔ=0 house_trigger_seen=False
  roll r=3: robotsΔ=0 treasuresΔ=0 house_trigger_seen=False
  roll r=2: robotsΔ=0 treasuresΔ=0 house_trigger_seen=False
  roll r=5: robotsΔ=1 treasuresΔ=0 house_trigger_seen=True
  roll r=4: robotsΔ=1 treasuresΔ=0 house_trigger_seen=True
  roll r=5: robotsΔ=1 treasuresΔ=0 house_trigger_seen=True
  roll r=5: robotsΔ=1 treasuresΔ=0 house_trigger_seen=True
  roll r=5: robotsΔ=1 treasuresΔ=0 house_trigger_seen=True
  roll r=5: robotsΔ=1 treasuresΔ=0 house_trigger_seen=True
  roll r=4: robotsΔ=1 treasuresΔ=0 house_trigger_seen=True
  roll r=6: robotsΔ=1 treasuresΔ=0 house_trigger_seen=True
  roll r=6: robotsΔ=1 treasuresΔ=0 house_trigger_seen=True
wrote server_excerpts.log (300 lines)
wrote run.json verdict=reproduced
wrote summary.png
