[07:15:25] server identity hashes recomputed against on-disk pinned artifacts
[07:15:25] ServerHello: version=0.105.0 build=965e243 protocol=120 mode=Full
[07:15:25] ===== attempt 1 =====
[07:15:26] game I3VYVR attempt=1; P0 seat=0 P1 seat=1
[07:15:26] [6765-a1] phase 1: ramp to Yidris
[07:15:26] [6765-a1] keeps opening hand (lands=5 mulls=0 hand=7 shock=True)
[07:15:26] [P16765-a1] keeps opening hand (lands=7 mulls=0 hand=7 shock=False)
[07:15:26] [6765-a1] DIAG rev=2 turn=1 phase=Untap prio=False vikind='mulligan' real_decision=False yidris_cast=None stage=ramp a4=not-run
[07:15:27] [P16765-a1] playing land mountain (legacy)
[07:15:29] [6765-a1] playing land forest (legacy)
[07:15:32] [P16765-a1] playing land mountain (legacy)
[07:15:34] [6765-a1] playing land mountain (legacy)
[07:15:37] [P16765-a1] playing land mountain (legacy)
[07:15:39] [6765-a1] playing land swamp (legacy)
[07:15:41] [P16765-a1] playing land mountain (legacy)
[07:15:44] [6765-a1] playing land forest (legacy)
[07:15:46] [P16765-a1] playing land mountain (legacy)
[07:15:49] [6765-a1] playing land swamp (legacy)
[07:15:51] [P16765-a1] playing land mountain (legacy)
[07:15:54] [6765-a1] playing land forest (legacy)
[07:15:56] [6765-a1] DIAG rev=184 turn=13 phase=Draw prio=False vikind='choose' real_decision=False yidris_cast=None stage=ramp a4=not-run
[07:15:57] [P16765-a1] playing land mountain (legacy)
[07:15:59] [6765-a1] playing land swamp (legacy)
[07:16:02] [P16765-a1] playing land mountain (legacy)
[07:16:04] [6765-a1] playing land forest (legacy)
[07:16:07] [P16765-a1] playing land mountain (legacy)
[07:16:09] [6765-a1] playing land mountain (legacy)
[07:16:12] [P16765-a1] playing land mountain (legacy)
[07:16:14] [6765-a1] playing land swamp (legacy)
[07:16:17] [P16765-a1] playing land mountain (legacy)
[07:16:23] [6765-a1] discarding to hand size via vi (select)
[07:16:24] [P16765-a1] playing land mountain (legacy)
[07:16:26] [6765-a1] DIAG rev=348 turn=24 phase=Upkeep prio=False vikind='choose' real_decision=False yidris_cast=None stage=ramp a4=not-run
[07:16:29] [6765-a1] discarding to hand size via vi (select)
[07:16:30] [P16765-a1] playing land mountain (legacy)
[07:16:35] [6765-a1] discarding to hand size via vi (select)
[07:16:36] [P16765-a1] playing land mountain (legacy)
[07:16:42] [6765-a1] discarding to hand size via vi (select)
[07:16:43] [P16765-a1] playing land mountain (legacy)
[07:16:48] [6765-a1] discarding to hand size via vi (select)
[07:16:49] [P16765-a1] playing land mountain (legacy)
[07:16:52] [6765-a1] playing land via vi playLand: Mountain
[07:16:52] [6765-a1] submitting interaction iid=I3VYVR.0.471 choice=I3VYVR.0.471.c1 (Mountain)
[07:16:56] [P16765-a1] playing land mountain (legacy)
[07:16:56] [6765-a1] DIAG rev=487 turn=33 phase=PreCombatMain prio=False vikind='choose' real_decision=False yidris_cast=None stage=ramp a4=not-run
[07:17:03] [6765-a1] discarding to hand size via vi (select)
[07:17:04] [P16765-a1] playing land mountain (legacy)
[07:17:08] [6765-a1] playing land via vi playLand: Mountain
[07:17:08] [6765-a1] submitting interaction iid=I3VYVR.0.531 choice=I3VYVR.0.531.c1 (Mountain)
[07:17:12] [P16765-a1] playing land mountain (legacy)
[07:17:19] [6765-a1] discarding to hand size via vi (select)
[07:17:20] [P16765-a1] playing land mountain (legacy)
[07:17:25] [6765-a1] playing land via vi playLand: Mountain
[07:17:25] [6765-a1] submitting interaction iid=I3VYVR.0.591 choice=I3VYVR.0.591.c1 (Mountain)
[07:17:26] [6765-a1] DIAG rev=595 turn=40 phase=BeginCombat prio=False vikind='choose' real_decision=False yidris_cast=None stage=ramp a4=not-run
[07:17:30] [P16765-a1] playing land mountain (legacy)
[07:17:37] [6765-a1] discarding to hand size via vi (select)
[07:17:38] [P16765-a1] playing land mountain (legacy)
[07:17:45] [6765-a1] discarding to hand size via vi (select)
[07:17:47] [P16765-a1] playing land mountain (legacy)
[07:17:55] [6765-a1] discarding to hand size via vi (select)
[07:17:56] [P16765-a1] playing land mountain (legacy)
[07:17:57] [6765-a1] DIAG rev=697 turn=47 phase=PreCombatMain prio=False vikind='choose' real_decision=False yidris_cast=None stage=ramp a4=not-run
[07:18:01] [6765-a1] playing land via vi playLand: Mountain
[07:18:01] [6765-a1] submitting interaction iid=I3VYVR.0.711 choice=I3VYVR.0.711.c1 (Mountain)
[07:18:06] [P16765-a1] playing land mountain (legacy)
[07:18:10] [6765-a1] playing land via vi playLand: Mountain
[07:18:10] [6765-a1] submitting interaction iid=I3VYVR.0.741 choice=I3VYVR.0.741.c1 (Mountain)
[07:18:15] [P16765-a1] playing land mountain (legacy)
[07:18:20] [6765-a1] playing land via vi playLand: Mountain
[07:18:20] [6765-a1] submitting interaction iid=I3VYVR.0.771 choice=I3VYVR.0.771.c1 (Mountain)
[07:18:25] [P16765-a1] playing land mountain (legacy)
[07:18:27] [6765-a1] DIAG rev=791 turn=53 phase=EndCombat prio=False vikind='choose' real_decision=False yidris_cast=None stage=ramp a4=not-run
[07:18:30] [6765-a1] playing land via vi playLand: Mountain
[07:18:30] [6765-a1] submitting interaction iid=I3VYVR.0.801 choice=I3VYVR.0.801.c1 (Mountain)
[07:18:35] [P16765-a1] playing land mountain (legacy)
[07:18:40] [6765-a1] playing land via vi playLand: Mountain
[07:18:40] [6765-a1] submitting interaction iid=I3VYVR.0.831 choice=I3VYVR.0.831.c1 (Mountain)
[07:18:44] [P16765-a1] playing land mountain (legacy)
[07:18:52] [6765-a1] discarding to hand size via vi (select)
[07:18:53] [P16765-a1] playing land mountain (legacy)
[07:18:57] [6765-a1] DIAG rev=888 turn=60 phase=Upkeep prio=False vikind='choose' real_decision=False yidris_cast=None stage=ramp a4=not-run
[07:19:01] [6765-a1] discarding to hand size via vi (select)
[07:19:02] [P16765-a1] playing land mountain (legacy)
[07:19:12] [6765-a1] discarding to hand size via vi (select)
[07:19:13] [P16765-a1] playing land mountain (legacy)
[07:19:18] [6765-a1] playing land via vi playLand: Mountain
[07:19:18] [6765-a1] submitting interaction iid=I3VYVR.0.951 choice=I3VYVR.0.951.c1 (Mountain)
[07:19:22] [P16765-a1] playing land mountain (legacy)
[07:19:27] [6765-a1] DIAG rev=974 turn=65 phase=PostCombatMain prio=True vikind='choose' real_decision=False yidris_cast=None stage=ramp a4=not-run
[07:19:33] [6765-a1] discarding to hand size via vi (select)
[07:19:34] [P16765-a1] playing land mountain (legacy)
[07:19:42] [6765-a1] discarding to hand size via vi (select)
[07:19:43] [P16765-a1] playing land mountain (legacy)
[07:19:50] [6765-a1] discarding to hand size via vi (select)
[07:19:52] [P16765-a1] playing land mountain (legacy)
[07:19:57] [6765-a1] DIAG rev=1072 turn=72 phase=PreCombatMain prio=False vikind='choose' real_decision=False yidris_cast=None stage=ramp a4=not-run
[07:20:00] [6765-a1] discarding to hand size via vi (select)
[07:20:01] [P16765-a1] playing land mountain (legacy)
[07:20:10] [6765-a1] discarding to hand size via vi (select)
[07:20:11] [P16765-a1] playing land mountain (legacy)
[07:20:20] [6765-a1] discarding to hand size via vi (select)
[07:20:21] [P16765-a1] playing land mountain (legacy)
[07:20:27] [6765-a1] DIAG rev=1159 turn=78 phase=Draw prio=True vikind='choose' real_decision=False yidris_cast=None stage=ramp a4=not-run
[07:20:32] [6765-a1] discarding to hand size via vi (select)
[07:20:33] [P16765-a1] playing land mountain (legacy)
[07:20:43] [6765-a1] discarding to hand size via vi (select)
[07:20:45] [P16765-a1] playing land mountain (legacy)
[07:20:54] [6765-a1] discarding to hand size via vi (select)
[07:20:56] [P16765-a1] playing land mountain (legacy)
[07:20:57] [6765-a1] DIAG rev=1240 turn=83 phase=BeginCombat prio=True vikind='choose' real_decision=False yidris_cast=None stage=ramp a4=not-run
[07:21:05] [6765-a1] discarding to hand size via vi (select)
[07:21:06] [P16765-a1] playing land mountain (legacy)
[07:21:16] [6765-a1] discarding to hand size via vi (select)
[07:21:18] [P16765-a1] playing land mountain (legacy)
[07:21:27] [6765-a1] DIAG rev=1318 turn=88 phase=PostCombatMain prio=False vikind='choose' real_decision=False yidris_cast=None stage=ramp a4=not-run
[07:21:28] [6765-a1] discarding to hand size via vi (select)
[07:21:30] [P16765-a1] playing land mountain (legacy)
[07:21:40] [6765-a1] discarding to hand size via vi (select)
[07:21:42] [P16765-a1] playing land mountain (legacy)
[07:21:53] [6765-a1] discarding to hand size via vi (select)
[07:21:54] [P16765-a1] playing land mountain (legacy)
[07:21:57] [6765-a1] DIAG rev=1391 turn=93 phase=EndCombat prio=False vikind='choose' real_decision=False yidris_cast=None stage=ramp a4=not-run
[07:22:07] [6765-a1] discarding to hand size via vi (select)
[07:22:09] [P16765-a1] playing land mountain (legacy)
[07:22:22] [6765-a1] discarding to hand size via vi (select)
[07:22:24] [P16765-a1] playing land mountain (legacy)
[07:22:27] [6765-a1] DIAG rev=1453 turn=97 phase=PostCombatMain prio=False vikind='choose' real_decision=False yidris_cast=None stage=ramp a4=not-run
[07:22:36] [6765-a1] discarding to hand size via vi (select)
[07:22:38] [P16765-a1] playing land mountain (legacy)
[07:22:45] [6765-a1] playing land via vi playLand: Mountain
[07:22:45] [6765-a1] submitting interaction iid=I3VYVR.0.1491 choice=I3VYVR.0.1491.c1 (Mountain)
[07:22:51] [P16765-a1] playing land mountain (legacy)
[07:22:57] [6765-a1] DIAG rev=1516 turn=101 phase=End prio=True vikind='choose' real_decision=False yidris_cast=None stage=ramp a4=not-run
[07:23:05] [6765-a1] discarding to hand size via vi (select)
[07:23:07] [P16765-a1] playing land mountain (legacy)
[07:23:22] [6765-a1] discarding to hand size via vi (select)
[07:23:24] [P16765-a1] playing land mountain (legacy)
[07:23:28] [6765-a1] DIAG rev=1572 turn=105 phase=EndCombat prio=True vikind='choose' real_decision=False yidris_cast=None stage=ramp a4=not-run
[07:23:37] [6765-a1] discarding to hand size via vi (select)
[07:23:38] [P16765-a1] playing land mountain (legacy)
[07:23:53] [6765-a1] discarding to hand size via vi (select)
[07:23:55] [P16765-a1] playing land mountain (legacy)
[07:23:58] [6765-a1] DIAG rev=1629 turn=109 phase=BeginCombat prio=False vikind='choose' real_decision=False yidris_cast=None stage=ramp a4=not-run
[07:24:05] [6765-a1] playing land via vi playLand: Mountain
[07:24:05] [6765-a1] submitting interaction iid=I3VYVR.0.1641 choice=I3VYVR.0.1641.c1 (Mountain)
[07:24:12] [P16765-a1] playing land mountain (legacy)
[07:24:27] [6765-a1] discarding to hand size via vi (select)
[07:24:28] [6765-a1] DIAG rev=1684 turn=113 phase=Draw prio=False vikind='choose' real_decision=False yidris_cast=None stage=ramp a4=not-run
[07:24:28] [P16765-a1] playing land mountain (legacy)
[07:24:42] [6765-a1] discarding to hand size via vi (select)
[07:24:44] [P16765-a1] playing land mountain (legacy)
[07:24:58] [6765-a1] DIAG rev=1736 turn=116 phase=EndCombat prio=False vikind='choose' real_decision=False yidris_cast=None stage=ramp a4=not-run
[07:25:00] [6765-a1] discarding to hand size via vi (select)
[07:25:02] [P16765-a1] playing land mountain (legacy)
[07:25:18] [6765-a1] discarding to hand size via vi (select)
[07:25:20] [P16765-a1] playing land mountain (legacy)
[07:25:28] [6765-a1] DIAG rev=1787 turn=120 phase=Upkeep prio=True vikind='choose' real_decision=False yidris_cast=None stage=ramp a4=not-run
[07:25:37] [6765-a1] discarding to hand size via vi (select)
[07:25:38] [P16765-a1] playing land mountain (legacy)
[07:25:53] [6765-a1] discarding to hand size via vi (select)
[07:25:55] [P16765-a1] playing land mountain (legacy)
[07:25:58] [6765-a1] DIAG rev=1840 turn=123 phase=BeginCombat prio=True vikind='choose' real_decision=False yidris_cast=None stage=ramp a4=not-run
[07:26:10] [6765-a1] discarding to hand size via vi (select)
[07:26:12] [P16765-a1] playing land mountain (legacy)
[07:26:28] [6765-a1] DIAG rev=1889 turn=126 phase=End prio=True vikind='choose' real_decision=False yidris_cast=None stage=ramp a4=not-run
[07:26:28] [6765-a1] discarding to hand size via vi (select)
[07:26:30] [P16765-a1] playing land mountain (legacy)
[07:26:46] [6765-a1] discarding to hand size via vi (select)
[07:26:47] [P16765-a1] playing land mountain (legacy)
[07:26:58] [6765-a1] DIAG rev=1943 turn=130 phase=BeginCombat prio=True vikind='choose' real_decision=False yidris_cast=None stage=ramp a4=not-run
[07:27:03] [6765-a1] discarding to hand size via vi (select)
[07:27:04] [P16765-a1] playing land mountain (legacy)
[07:27:21] [6765-a1] discarding to hand size via vi (select)
[07:27:22] [P16765-a1] playing land mountain (legacy)
[07:27:28] [6765-a1] DIAG rev=1992 turn=133 phase=EndCombat prio=True vikind='choose' real_decision=False yidris_cast=None stage=ramp a4=not-run
[07:27:58] [6765-a1] DIAG rev=1994 turn=133 phase=PostCombatMain prio=True vikind='choose' real_decision=False yidris_cast=None stage=ramp a4=not-run
[07:28:28] [6765-a1] DIAG rev=1994 turn=133 phase=PostCombatMain prio=True vikind='choose' real_decision=False yidris_cast=None stage=ramp a4=not-run
[07:28:58] [6765-a1] DIAG rev=1994 turn=133 phase=PostCombatMain prio=True vikind='choose' real_decision=False yidris_cast=None stage=ramp a4=not-run
[07:29:28] [6765-a1] DIAG rev=1994 turn=133 phase=PostCombatMain prio=True vikind='choose' real_decision=False yidris_cast=None stage=ramp a4=not-run
[07:29:59] [6765-a1] DIAG rev=1994 turn=133 phase=PostCombatMain prio=True vikind='choose' real_decision=False yidris_cast=None stage=ramp a4=not-run
[07:30:26] attempt 1 assertions: {"A0_connect": "passed", "A1_setup_ok": "not-run", "A2_combat_damage": "not-run", "A3_pre_damage_control": "not-run", "A4_yidris_grant": "not-run", "A5_control_cascade": "not-run", "A6_cleanup": "not-run"}
[07:30:26] attempt did not reach the A4 window; retrying with a fresh game
[07:30:26] ===== attempt 2 =====
[07:30:27] game RK8D60 attempt=2; P0 seat=0 P1 seat=1
[07:30:27] [6765-a2] phase 1: ramp to Yidris
[07:30:27] [6765-a2] keeps opening hand (lands=6 mulls=0 hand=7 shock=True)
[07:30:27] [P16765-a2] keeps opening hand (lands=7 mulls=0 hand=7 shock=False)
[07:30:27] [6765-a2] DIAG rev=2 turn=1 phase=Untap prio=False vikind='mulligan' real_decision=False yidris_cast=None stage=ramp a4=not-run
[07:30:28] [P16765-a2] playing land mountain (legacy)
[07:30:30] [6765-a2] playing land forest (legacy)
[07:30:33] [P16765-a2] playing land mountain (legacy)
[07:30:35] [6765-a2] playing land island (legacy)
[07:30:38] [P16765-a2] playing land mountain (legacy)
[07:30:40] [6765-a2] playing land mountain (legacy)
[07:30:42] [P16765-a2] playing land mountain (legacy)
[07:30:45] [6765-a2] playing land swamp (legacy)
[07:30:45] [6765-a2] casting Yidris, Maelstrom Wielder (oid 36); engine auto-pays (payment_mode Auto)
[07:30:45] [6765-a2] cast confirmed (stack): Yidris, Maelstrom Wielder (oid 36)
[07:30:46] [6765-a2] Yidris on battlefield (oid 36)
[07:30:46] [6765-a2] A1 passed: Yidris on battlefield
[07:30:46] [6765-a2] phase 2: hunt + post-damage window
[07:30:46] [6765-a2] DIAG rev=116 turn=8 phase=PreCombatMain prio=False vikind='choose' real_decision=False yidris_cast=True stage=hunt a4=not-run
[07:30:48] [P16765-a2] playing land mountain (legacy)
[07:30:50] [6765-a2] playing land forest (legacy)
[07:30:51] [6765-a2] hunt window staged on turn 10 (shocks in hand: 3)
[07:30:51] [6765-a2] A3 not-run (3 shock in hand)
[07:30:51] [6765-a2] declaring attackers: Yidris -> P1 (turn 10, P1 life 20)
[07:30:52] [6765-a2] YIDRIS TRIGGER ON STACK: {"id": 307, "source_id": 36, "controller": 0, "kind": {"type": "TriggeredAbility", "data": {"source_id": 36, "ability": {"effect": {"type": "Unimplemented", "name": "unrecognized_clause_head", "descri
[07:30:52] [6765-a2] combat damage observed: P1 life 20->15 (turn 10)
[07:30:52] [6765-a2] exported post_damage.json (grant window should be active)
[07:30:53] [6765-a2] Yidris stood down (attack_live=False); P1 must survive for A5
[07:30:54] [6765-a2] A4: casting post-damage Shock (oid 27); engine auto-pays
[07:30:54] [6765-a2] submitting Shock target: P1 (seat 1)
[07:30:54] [6765-a2] submitting advertised target: id=RK8D60.0.161.t1 kind=sequence ()
[07:30:54] [6765-a2] cast confirmed (stack): Shock (A4 post-damage) (oid 27)
[07:30:56] [P16765-a2] playing land mountain (legacy)
[07:30:58] [6765-a2] playing land island (legacy)
[07:31:01] [P16765-a2] playing land mountain (legacy)
[07:31:03] [6765-a2] playing land mountain (legacy)
[07:31:06] [P16765-a2] playing land mountain (legacy)
[07:31:08] [6765-a2] playing land forest (legacy)
[07:31:11] [P16765-a2] playing land mountain (legacy)
[07:31:13] [6765-a2] playing land mountain (legacy)
[07:31:16] [6765-a2] DIAG rev=295 turn=19 phase=Draw prio=True vikind='choose' real_decision=False yidris_cast=True stage=hunt a4=not-run
[07:31:16] [P16765-a2] playing land mountain (legacy)
[07:31:19] [6765-a2] playing land island (legacy)
[07:31:21] [P16765-a2] playing land mountain (legacy)
[07:31:27] [P16765-a2] playing land mountain (legacy)
[07:31:32] [P16765-a2] playing land mountain (legacy)
[07:31:36] [6765-a2] discarding to hand size via vi (select)
[07:31:38] [P16765-a2] playing land mountain (legacy)
[07:31:42] [6765-a2] discarding to hand size via vi (select)
[07:31:43] [P16765-a2] playing land mountain (legacy)
[07:31:46] [6765-a2] DIAG rev=468 turn=30 phase=DeclareAttackers prio=False vikind='relations' real_decision=True yidris_cast=True stage=hunt a4=not-run
[07:31:47] [6765-a2] discarding to hand size via vi (select)
[07:31:48] [P16765-a2] playing land mountain (legacy)
[07:31:51] [6765-a2] playing land via vi playLand: Mountain
[07:31:51] [6765-a2] submitting interaction iid=RK8D60.0.495 choice=RK8D60.0.495.c1 (Mountain)
[07:31:54] [6765-a2] a4_watch: concluded (trigger=None may=None kind=None)
[07:31:54] [6765-a2] A4: cascade after Yidris damage = False (expect True) -> failed
[07:31:54] [6765-a2] advancing to control phase
[07:31:54] [6765-a2] A2: combat damage -> passed
[07:31:54] [6765-a2] phase 3: Bloodbraid control
[07:31:54] [6765-a2] DIAG rev=508 turn=33 phase=Upkeep prio=True vikind='choose' real_decision=False yidris_cast=True stage=control a4=failed
[07:31:55] [P16765-a2] playing land mountain (legacy)
[07:31:57] [6765-a2] A5: casting Bloodbraid Elf (oid 22); engine auto-pays
[07:31:58] [6765-a2] cast confirmed (stack): Bloodbraid Elf (A5 control) (oid 22)
[07:31:58] [6765-a2] control_watch: CASCADE TRIGGER ON STACK: Bloodbraid Elf (entry 308)
[07:31:58] [6765-a2] control_watch: concluded (trigger=True may=None kind=None)
[07:31:58] [6765-a2] A5: native cascade works = True (expect True) -> passed
[07:31:58] [6765-a2] settle complete; advancing to phase done
[07:32:24] [6765-a2] DIAG rev=529 turn=34 phase=PreCombatMain prio=False vikind='choose' real_decision=True yidris_cast=True stage=done a4=failed
[07:32:44] [6765-a2] phase 3: parked 45s at rev=529 (cascade card choice deliberately unanswered)
[07:32:44] [6765-a2] phase 4: cleanup
[07:32:44] [6765-a2] DIAG rev=529 turn=34 phase=PreCombatMain prio=False vikind='choose' real_decision=True yidris_cast=True stage=done a4=failed
[07:33:14] [6765-a2] DIAG rev=529 turn=34 phase=PreCombatMain prio=False vikind='choose' real_decision=True yidris_cast=True stage=done a4=failed
[07:33:29] [6765-a2] A6: stack_empty=False no_pending=False -> failed
[07:33:29] attempt 2 assertions: {"A0_connect": "passed", "A1_setup_ok": "passed", "A2_combat_damage": "passed", "A3_pre_damage_control": "not-run", "A4_yidris_grant": "failed", "A5_control_cascade": "passed", "A6_cleanup": "failed"}
[07:33:29] DONE verdict=reproduced assertions={"A0_connect": "passed", "A1_setup_ok": "passed", "A2_combat_damage": "passed", "A3_pre_damage_control": "not-run", "A4_yidris_grant": "failed", "A5_control_cascade": "passed", "A6_cleanup": "failed"}
