Server log excerpts for game RK8D60 (attempt 2, the completed attempt), run-6765-reval-v01050-20261010-0711, server pid 2974 (runs/run-6729-reval-v01050-20261010-0441/server.log).
Attempt 1 (game I3VYVR) was abandoned after both client websockets dropped mid-ramp at 07:28:15 CDT with no server-side error; the scenario's attempt retry recovered on a fresh game.

2026-10-10T12:31:47.055947Z  INFO ws_message:game_session{game=RK8D60 player=PlayerId(0)}: server_core::session: action applied game=RK8D60 player=PlayerId(0) action_type="PassPriority" event_count=1
2026-10-10T12:31:47.075585Z  INFO ws_message:game_session{game=RK8D60 player=PlayerId(0)}: phase_server: game submission processed (lock held) game=RK8D60 kind="action" lock_ms=26 ai_actions=0
2026-10-10T12:31:47.207732Z  INFO ws_message:game_session{game=RK8D60 player=PlayerId(1)}: server_core::session: action applied game=RK8D60 player=PlayerId(1) action_type="PassPriority" event_count=1
2026-10-10T12:31:47.217792Z  INFO ws_message:game_session{game=RK8D60 player=PlayerId(1)}: phase_server: game submission processed (lock held) game=RK8D60 kind="action" lock_ms=16 ai_actions=0
2026-10-10T12:31:47.364001Z  INFO ws_message:game_session{game=RK8D60 player=PlayerId(0)}: server_core::session: action applied game=RK8D60 player=PlayerId(0) action_type="PassPriority" event_count=1
2026-10-10T12:31:47.380775Z  INFO ws_message:game_session{game=RK8D60 player=PlayerId(0)}: phase_server: game submission processed (lock held) game=RK8D60 kind="action" lock_ms=25 ai_actions=0
2026-10-10T12:31:47.511318Z  INFO ws_message:game_session{game=RK8D60 player=PlayerId(1)}: server_core::session: action applied game=RK8D60 player=PlayerId(1) action_type="PassPriority" event_count=1
2026-10-10T12:31:47.581003Z  INFO ws_message:game_session{game=RK8D60 player=PlayerId(1)}: phase_server: game submission processed (lock held) game=RK8D60 kind="action" lock_ms=75 ai_actions=0
2026-10-10T12:31:47.715437Z  INFO ws_message:game_session{game=RK8D60 player=PlayerId(0)}: server_core::session: interaction applied game=RK8D60 player=PlayerId(0) action_type="SelectCards" event_count=5
2026-10-10T12:31:47.725697Z  INFO ws_message:game_session{game=RK8D60 player=PlayerId(0)}: phase_server: game submission processed (lock held) game=RK8D60 kind="interaction" lock_ms=64 ai_actions=0
2026-10-10T12:31:47.821890Z  INFO ws_message:game_session{game=RK8D60 player=PlayerId(1)}: server_core::session: action applied game=RK8D60 player=PlayerId(1) action_type="PassPriority" event_count=1
2026-10-10T12:31:47.834089Z  INFO ws_message:game_session{game=RK8D60 player=PlayerId(1)}: phase_server: game submission processed (lock held) game=RK8D60 kind="action" lock_ms=17 ai_actions=0
2026-10-10T12:31:47.980977Z  INFO ws_message:game_session{game=RK8D60 player=PlayerId(0)}: server_core::session: action applied game=RK8D60 player=PlayerId(0) action_type="PassPriority" event_count=4
2026-10-10T12:31:47.988896Z  INFO ws_message:game_session{game=RK8D60 player=PlayerId(0)}: phase_server: game submission processed (lock held) game=RK8D60 kind="action" lock_ms=18 ai_actions=0
2026-10-10T12:31:48.128471Z  INFO ws_message:game_session{game=RK8D60 player=PlayerId(1)}: server_core::session: action applied game=RK8D60 player=PlayerId(1) action_type="PassPriority" event_count=1
2026-10-10T12:31:48.140569Z  INFO ws_message:game_session{game=RK8D60 player=PlayerId(1)}: phase_server: game submission processed (lock held) game=RK8D60 kind="action" lock_ms=17 ai_actions=0
2026-10-10T12:31:48.280438Z  INFO ws_message:game_session{game=RK8D60 player=PlayerId(0)}: server_core::session: action applied game=RK8D60 player=PlayerId(0) action_type="PassPriority" event_count=1
2026-10-10T12:31:48.321390Z  INFO ws_message:game_session{game=RK8D60 player=PlayerId(0)}: phase_server: game submission processed (lock held) game=RK8D60 kind="action" lock_ms=45 ai_actions=0
2026-10-10T12:31:48.597722Z  INFO ws_message:game_session{game=RK8D60 player=PlayerId(1)}: server_core::session: action applied game=RK8D60 player=PlayerId(1) action_type="PlayLand" event_count=2
2026-10-10T12:31:48.671894Z  INFO ws_message:game_session{game=RK8D60 player=PlayerId(1)}: phase_server: game submission processed (lock held) game=RK8D60 kind="action" lock_ms=91 ai_actions=0
2026-10-10T12:31:48.781460Z  INFO ws_message:game_session{game=RK8D60 player=PlayerId(1)}: server_core::session: action applied game=RK8D60 player=PlayerId(1) action_type="PassPriority" event_count=1
2026-10-10T12:31:48.799087Z  INFO ws_message:game_session{game=RK8D60 player=PlayerId(1)}: phase_server: game submission processed (lock held) game=RK8D60 kind="action" lock_ms=24 ai_actions=0
2026-10-10T12:31:49.051238Z  INFO ws_message:game_session{game=RK8D60 player=PlayerId(0)}: server_core::session: action applied game=RK8D60 player=PlayerId(0) action_type="PassPriority" event_count=1
2026-10-10T12:31:49.078620Z  INFO ws_message:game_session{game=RK8D60 player=PlayerId(0)}: phase_server: game submission processed (lock held) game=RK8D60 kind="action" lock_ms=34 ai_actions=0
2026-10-10T12:31:49.205277Z  INFO ws_message:game_session{game=RK8D60 player=PlayerId(1)}: server_core::session: action applied game=RK8D60 player=PlayerId(1) action_type="PassPriority" event_count=1
2026-10-10T12:31:49.218906Z  INFO ws_message:game_session{game=RK8D60 player=PlayerId(1)}: phase_server: game submission processed (lock held) game=RK8D60 kind="action" lock_ms=19 ai_actions=0
2026-10-10T12:31:49.362881Z  INFO ws_message:game_session{game=RK8D60 player=PlayerId(0)}: server_core::session: action applied game=RK8D60 player=PlayerId(0) action_type="PassPriority" event_count=3
2026-10-10T12:31:49.383300Z  INFO ws_message:game_session{game=RK8D60 player=PlayerId(0)}: phase_server: game submission processed (lock held) game=RK8D60 kind="action" lock_ms=29 ai_actions=0
2026-10-10T12:31:49.510908Z  INFO ws_message:game_session{game=RK8D60 player=PlayerId(1)}: server_core::session: action applied game=RK8D60 player=PlayerId(1) action_type="PassPriority" event_count=1
2026-10-10T12:31:49.521925Z  INFO ws_message:game_session{game=RK8D60 player=PlayerId(1)}: phase_server: game submission processed (lock held) game=RK8D60 kind="action" lock_ms=15 ai_actions=0
2026-10-10T12:31:49.663732Z  INFO ws_message:game_session{game=RK8D60 player=PlayerId(0)}: server_core::session: action applied game=RK8D60 player=PlayerId(0) action_type="PassPriority" event_count=1
2026-10-10T12:31:49.684185Z  INFO ws_message:game_session{game=RK8D60 player=PlayerId(0)}: phase_server: game submission processed (lock held) game=RK8D60 kind="action" lock_ms=27 ai_actions=0
2026-10-10T12:31:49.815835Z  INFO ws_message:game_session{game=RK8D60 player=PlayerId(1)}: server_core::session: action applied game=RK8D60 player=PlayerId(1) action_type="PassPriority" event_count=1
2026-10-10T12:31:49.832564Z  INFO ws_message:game_session{game=RK8D60 player=PlayerId(1)}: phase_server: game submission processed (lock held) game=RK8D60 kind="action" lock_ms=23 ai_actions=0
2026-10-10T12:31:50.131420Z  INFO ws_message:game_session{game=RK8D60 player=PlayerId(0)}: server_core::session: action applied game=RK8D60 player=PlayerId(0) action_type="PassPriority" event_count=1
2026-10-10T12:31:50.152962Z  INFO ws_message:game_session{game=RK8D60 player=PlayerId(0)}: phase_server: game submission processed (lock held) game=RK8D60 kind="action" lock_ms=27 ai_actions=0
2026-10-10T12:31:50.283256Z  INFO ws_message:game_session{game=RK8D60 player=PlayerId(1)}: server_core::session: action applied game=RK8D60 player=PlayerId(1) action_type="PassPriority" event_count=1
2026-10-10T12:31:50.295513Z  INFO ws_message:game_session{game=RK8D60 player=PlayerId(1)}: phase_server: game submission processed (lock held) game=RK8D60 kind="action" lock_ms=17 ai_actions=0
2026-10-10T12:31:50.439065Z  INFO ws_message:game_session{game=RK8D60 player=PlayerId(0)}: server_core::session: action applied game=RK8D60 player=PlayerId(0) action_type="PassPriority" event_count=4
2026-10-10T12:31:50.452386Z  INFO ws_message:game_session{game=RK8D60 player=PlayerId(0)}: phase_server: game submission processed (lock held) game=RK8D60 kind="action" lock_ms=22 ai_actions=0
2026-10-10T12:31:50.589518Z  INFO ws_message:game_session{game=RK8D60 player=PlayerId(0)}: server_core::session: action applied game=RK8D60 player=PlayerId(0) action_type="PassPriority" event_count=1
2026-10-10T12:31:50.611244Z  INFO ws_message:game_session{game=RK8D60 player=PlayerId(0)}: phase_server: game submission processed (lock held) game=RK8D60 kind="action" lock_ms=26 ai_actions=0
2026-10-10T12:31:50.747024Z  INFO ws_message:game_session{game=RK8D60 player=PlayerId(1)}: server_core::session: action applied game=RK8D60 player=PlayerId(1) action_type="PassPriority" event_count=4
2026-10-10T12:31:50.757238Z  INFO ws_message:game_session{game=RK8D60 player=PlayerId(1)}: phase_server: game submission processed (lock held) game=RK8D60 kind="action" lock_ms=19 ai_actions=0
2026-10-10T12:31:50.896954Z  INFO ws_message:game_session{game=RK8D60 player=PlayerId(0)}: server_core::session: action applied game=RK8D60 player=PlayerId(0) action_type="PassPriority" event_count=1
2026-10-10T12:31:50.920018Z  INFO ws_message:game_session{game=RK8D60 player=PlayerId(0)}: phase_server: game submission processed (lock held) game=RK8D60 kind="action" lock_ms=29 ai_actions=0
2026-10-10T12:31:51.050392Z  INFO ws_message:game_session{game=RK8D60 player=PlayerId(1)}: server_core::session: action applied game=RK8D60 player=PlayerId(1) action_type="PassPriority" event_count=1
2026-10-10T12:31:51.109139Z  INFO ws_message:game_session{game=RK8D60 player=PlayerId(1)}: phase_server: game submission processed (lock held) game=RK8D60 kind="action" lock_ms=64 ai_actions=0
2026-10-10T12:31:51.415910Z  INFO ws_message:game_session{game=RK8D60 player=PlayerId(0)}: server_core::session: interaction applied game=RK8D60 player=PlayerId(0) action_type="PlayLand" event_count=2
2026-10-10T12:31:51.433009Z  INFO ws_message:game_session{game=RK8D60 player=PlayerId(0)}: phase_server: game submission processed (lock held) game=RK8D60 kind="interaction" lock_ms=83 ai_actions=0
2026-10-10T12:31:51.562444Z  INFO ws_message:game_session{game=RK8D60 player=PlayerId(0)}: server_core::session: action applied game=RK8D60 player=PlayerId(0) action_type="PassPriority" event_count=1
2026-10-10T12:31:51.589675Z  INFO ws_message:game_session{game=RK8D60 player=PlayerId(0)}: phase_server: game submission processed (lock held) game=RK8D60 kind="action" lock_ms=35 ai_actions=0
2026-10-10T12:31:51.818161Z  INFO ws_message:game_session{game=RK8D60 player=PlayerId(1)}: server_core::session: action applied game=RK8D60 player=PlayerId(1) action_type="PassPriority" event_count=1
2026-10-10T12:31:51.830163Z  INFO ws_message:game_session{game=RK8D60 player=PlayerId(1)}: phase_server: game submission processed (lock held) game=RK8D60 kind="action" lock_ms=17 ai_actions=0
2026-10-10T12:31:51.970278Z  INFO ws_message:game_session{game=RK8D60 player=PlayerId(0)}: server_core::session: action applied game=RK8D60 player=PlayerId(0) action_type="PassPriority" event_count=1
2026-10-10T12:31:51.991703Z  INFO ws_message:game_session{game=RK8D60 player=PlayerId(0)}: phase_server: game submission processed (lock held) game=RK8D60 kind="action" lock_ms=26 ai_actions=0
2026-10-10T12:31:52.122832Z  INFO ws_message:game_session{game=RK8D60 player=PlayerId(1)}: server_core::session: action applied game=RK8D60 player=PlayerId(1) action_type="PassPriority" event_count=1
2026-10-10T12:31:52.144570Z  INFO ws_message:game_session{game=RK8D60 player=PlayerId(1)}: phase_server: game submission processed (lock held) game=RK8D60 kind="action" lock_ms=26 ai_actions=0
2026-10-10T12:31:52.280731Z  INFO ws_message:game_session{game=RK8D60 player=PlayerId(0)}: server_core::session: action applied game=RK8D60 player=PlayerId(0) action_type="DeclareAttackers" event_count=2
2026-10-10T12:31:52.294401Z  INFO ws_message:game_session{game=RK8D60 player=PlayerId(0)}: phase_server: game submission processed (lock held) game=RK8D60 kind="action" lock_ms=22 ai_actions=0
2026-10-10T12:31:52.585779Z  INFO ws_message:game_session{game=RK8D60 player=PlayerId(0)}: server_core::session: action applied game=RK8D60 player=PlayerId(0) action_type="PassPriority" event_count=1
2026-10-10T12:31:52.617961Z  INFO ws_message:game_session{game=RK8D60 player=PlayerId(0)}: phase_server: game submission processed (lock held) game=RK8D60 kind="action" lock_ms=39 ai_actions=0
2026-10-10T12:31:52.896047Z  INFO ws_message:game_session{game=RK8D60 player=PlayerId(1)}: server_core::session: action applied game=RK8D60 player=PlayerId(1) action_type="PassPriority" event_count=1
2026-10-10T12:31:52.919557Z  INFO ws_message:game_session{game=RK8D60 player=PlayerId(1)}: phase_server: game submission processed (lock held) game=RK8D60 kind="action" lock_ms=35 ai_actions=0
2026-10-10T12:31:53.194033Z  INFO ws_message:game_session{game=RK8D60 player=PlayerId(0)}: server_core::session: action applied game=RK8D60 player=PlayerId(0) action_type="PassPriority" event_count=1
2026-10-10T12:31:53.241103Z  INFO ws_message:game_session{game=RK8D60 player=PlayerId(0)}: phase_server: game submission processed (lock held) game=RK8D60 kind="action" lock_ms=52 ai_actions=0
2026-10-10T12:31:53.500064Z  INFO ws_message:game_session{game=RK8D60 player=PlayerId(1)}: server_core::session: action applied game=RK8D60 player=PlayerId(1) action_type="PassPriority" event_count=1
2026-10-10T12:31:53.511762Z  INFO ws_message:game_session{game=RK8D60 player=PlayerId(1)}: phase_server: game submission processed (lock held) game=RK8D60 kind="action" lock_ms=19 ai_actions=0
2026-10-10T12:31:53.804012Z  INFO ws_message:game_session{game=RK8D60 player=PlayerId(0)}: server_core::session: action applied game=RK8D60 player=PlayerId(0) action_type="PassPriority" event_count=1
2026-10-10T12:31:53.825154Z  INFO ws_message:game_session{game=RK8D60 player=PlayerId(0)}: phase_server: game submission processed (lock held) game=RK8D60 kind="action" lock_ms=27 ai_actions=0
2026-10-10T12:31:53.960159Z  INFO ws_message:game_session{game=RK8D60 player=PlayerId(1)}: server_core::session: action applied game=RK8D60 player=PlayerId(1) action_type="PassPriority" event_count=4
2026-10-10T12:31:53.964526Z  INFO ws_message:game_session{game=RK8D60 player=PlayerId(1)}: phase_server: game submission processed (lock held) game=RK8D60 kind="action" lock_ms=14 ai_actions=0
2026-10-10T12:31:54.174145Z  INFO ws_message:game_session{game=RK8D60 player=PlayerId(1)}: server_core::session: action applied game=RK8D60 player=PlayerId(1) action_type="PassPriority" event_count=1
2026-10-10T12:31:54.185575Z  INFO ws_message:game_session{game=RK8D60 player=PlayerId(1)}: phase_server: game submission processed (lock held) game=RK8D60 kind="action" lock_ms=17 ai_actions=0
2026-10-10T12:31:54.339828Z  INFO ws_message:game_session{game=RK8D60 player=PlayerId(0)}: server_core::session: action applied game=RK8D60 player=PlayerId(0) action_type="PassPriority" event_count=4
2026-10-10T12:31:54.342893Z  INFO ws_message:game_session{game=RK8D60 player=PlayerId(0)}: phase_server: game submission processed (lock held) game=RK8D60 kind="action" lock_ms=21 ai_actions=0
2026-10-10T12:31:54.478580Z  INFO ws_message:game_session{game=RK8D60 player=PlayerId(1)}: server_core::session: action applied game=RK8D60 player=PlayerId(1) action_type="PassPriority" event_count=1
2026-10-10T12:31:54.491241Z  INFO ws_message:game_session{game=RK8D60 player=PlayerId(1)}: phase_server: game submission processed (lock held) game=RK8D60 kind="action" lock_ms=18 ai_actions=0
2026-10-10T12:31:54.802189Z  INFO ws_message:game_session{game=RK8D60 player=PlayerId(0)}: server_core::session: action applied game=RK8D60 player=PlayerId(0) action_type="PassPriority" event_count=1
2026-10-10T12:31:54.845831Z  INFO ws_message:game_session{game=RK8D60 player=PlayerId(0)}: phase_server: game submission processed (lock held) game=RK8D60 kind="action" lock_ms=49 ai_actions=0
2026-10-10T12:31:55.110919Z  INFO ws_message:game_session{game=RK8D60 player=PlayerId(1)}: server_core::session: action applied game=RK8D60 player=PlayerId(1) action_type="PlayLand" event_count=2
2026-10-10T12:31:55.133913Z  INFO ws_message:game_session{game=RK8D60 player=PlayerId(1)}: phase_server: game submission processed (lock held) game=RK8D60 kind="action" lock_ms=33 ai_actions=0
2026-10-10T12:31:55.261202Z  INFO ws_message:game_session{game=RK8D60 player=PlayerId(1)}: server_core::session: action applied game=RK8D60 player=PlayerId(1) action_type="PassPriority" event_count=1
2026-10-10T12:31:55.274142Z  INFO ws_message:game_session{game=RK8D60 player=PlayerId(1)}: phase_server: game submission processed (lock held) game=RK8D60 kind="action" lock_ms=19 ai_actions=0
2026-10-10T12:31:55.413348Z  INFO ws_message:game_session{game=RK8D60 player=PlayerId(0)}: server_core::session: action applied game=RK8D60 player=PlayerId(0) action_type="PassPriority" event_count=1
2026-10-10T12:31:55.436645Z  INFO ws_message:game_session{game=RK8D60 player=PlayerId(0)}: phase_server: game submission processed (lock held) game=RK8D60 kind="action" lock_ms=30 ai_actions=0
2026-10-10T12:31:55.723978Z  INFO ws_message:game_session{game=RK8D60 player=PlayerId(1)}: server_core::session: action applied game=RK8D60 player=PlayerId(1) action_type="PassPriority" event_count=1
2026-10-10T12:31:55.738908Z  INFO ws_message:game_session{game=RK8D60 player=PlayerId(1)}: phase_server: game submission processed (lock held) game=RK8D60 kind="action" lock_ms=23 ai_actions=0
2026-10-10T12:31:55.873841Z  INFO ws_message:game_session{game=RK8D60 player=PlayerId(0)}: server_core::session: action applied game=RK8D60 player=PlayerId(0) action_type="PassPriority" event_count=3
2026-10-10T12:31:55.898192Z  INFO ws_message:game_session{game=RK8D60 player=PlayerId(0)}: phase_server: game submission processed (lock held) game=RK8D60 kind="action" lock_ms=31 ai_actions=0
2026-10-10T12:31:56.025208Z  INFO ws_message:game_session{game=RK8D60 player=PlayerId(1)}: server_core::session: action applied game=RK8D60 player=PlayerId(1) action_type="PassPriority" event_count=1
2026-10-10T12:31:56.038160Z  INFO ws_message:game_session{game=RK8D60 player=PlayerId(1)}: phase_server: game submission processed (lock held) game=RK8D60 kind="action" lock_ms=19 ai_actions=0
2026-10-10T12:31:56.179075Z  INFO ws_message:game_session{game=RK8D60 player=PlayerId(0)}: server_core::session: action applied game=RK8D60 player=PlayerId(0) action_type="PassPriority" event_count=1
2026-10-10T12:31:56.201077Z  INFO ws_message:game_session{game=RK8D60 player=PlayerId(0)}: phase_server: game submission processed (lock held) game=RK8D60 kind="action" lock_ms=28 ai_actions=0
2026-10-10T12:31:56.330742Z  INFO ws_message:game_session{game=RK8D60 player=PlayerId(1)}: server_core::session: action applied game=RK8D60 player=PlayerId(1) action_type="PassPriority" event_count=1
2026-10-10T12:31:56.342655Z  INFO ws_message:game_session{game=RK8D60 player=PlayerId(1)}: phase_server: game submission processed (lock held) game=RK8D60 kind="action" lock_ms=17 ai_actions=0
2026-10-10T12:31:56.482995Z  INFO ws_message:game_session{game=RK8D60 player=PlayerId(0)}: server_core::session: action applied game=RK8D60 player=PlayerId(0) action_type="PassPriority" event_count=1
2026-10-10T12:31:56.505781Z  INFO ws_message:game_session{game=RK8D60 player=PlayerId(0)}: phase_server: game submission processed (lock held) game=RK8D60 kind="action" lock_ms=28 ai_actions=0
2026-10-10T12:31:56.636158Z  INFO ws_message:game_session{game=RK8D60 player=PlayerId(1)}: server_core::session: action applied game=RK8D60 player=PlayerId(1) action_type="PassPriority" event_count=1
2026-10-10T12:31:56.649968Z  INFO ws_message:game_session{game=RK8D60 player=PlayerId(1)}: phase_server: game submission processed (lock held) game=RK8D60 kind="action" lock_ms=19 ai_actions=0
2026-10-10T12:31:56.792550Z  INFO ws_message:game_session{game=RK8D60 player=PlayerId(0)}: server_core::session: action applied game=RK8D60 player=PlayerId(0) action_type="PassPriority" event_count=4
2026-10-10T12:31:56.803969Z  INFO ws_message:game_session{game=RK8D60 player=PlayerId(0)}: phase_server: game submission processed (lock held) game=RK8D60 kind="action" lock_ms=19 ai_actions=0
2026-10-10T12:31:56.941638Z  INFO ws_message:game_session{game=RK8D60 player=PlayerId(0)}: server_core::session: action applied game=RK8D60 player=PlayerId(0) action_type="PassPriority" event_count=1
2026-10-10T12:31:56.963959Z  INFO ws_message:game_session{game=RK8D60 player=PlayerId(0)}: phase_server: game submission processed (lock held) game=RK8D60 kind="action" lock_ms=27 ai_actions=0
2026-10-10T12:31:57.253416Z  INFO ws_message:game_session{game=RK8D60 player=PlayerId(1)}: server_core::session: action applied game=RK8D60 player=PlayerId(1) action_type="PassPriority" event_count=4
2026-10-10T12:31:57.264741Z  INFO ws_message:game_session{game=RK8D60 player=PlayerId(1)}: phase_server: game submission processed (lock held) game=RK8D60 kind="action" lock_ms=22 ai_actions=0
2026-10-10T12:31:57.403129Z  INFO ws_message:game_session{game=RK8D60 player=PlayerId(0)}: server_core::session: action applied game=RK8D60 player=PlayerId(0) action_type="PassPriority" event_count=1
2026-10-10T12:31:57.428038Z  INFO ws_message:game_session{game=RK8D60 player=PlayerId(0)}: phase_server: game submission processed (lock held) game=RK8D60 kind="action" lock_ms=30 ai_actions=0
2026-10-10T12:31:57.555019Z  INFO ws_message:game_session{game=RK8D60 player=PlayerId(1)}: server_core::session: action applied game=RK8D60 player=PlayerId(1) action_type="PassPriority" event_count=1
2026-10-10T12:31:57.601887Z  INFO ws_message:game_session{game=RK8D60 player=PlayerId(1)}: phase_server: game submission processed (lock held) game=RK8D60 kind="action" lock_ms=53 ai_actions=0
2026-10-10T12:31:57.935178Z  INFO ws_message:game_session{game=RK8D60 player=PlayerId(0)}: server_core::session: action applied game=RK8D60 player=PlayerId(0) action_type="CastSpell" event_count=24
2026-10-10T12:31:57.946100Z  INFO ws_message:game_session{game=RK8D60 player=PlayerId(0)}: phase_server: game submission processed (lock held) game=RK8D60 kind="action" lock_ms=28 ai_actions=0
2026-10-10T12:31:58.441183Z  INFO ws_message:game_session{game=RK8D60 player=PlayerId(0)}: server_core::session: action applied game=RK8D60 player=PlayerId(0) action_type="PassPriority" event_count=1
2026-10-10T12:31:58.470054Z  INFO ws_message:game_session{game=RK8D60 player=PlayerId(0)}: phase_server: game submission processed (lock held) game=RK8D60 kind="action" lock_ms=37 ai_actions=0
2026-10-10T12:31:58.767939Z  INFO ws_message:game_session{game=RK8D60 player=PlayerId(1)}: server_core::session: action applied game=RK8D60 player=PlayerId(1) action_type="PassPriority" event_count=8
2026-10-10T12:31:58.801174Z  INFO ws_message:game_session{game=RK8D60 player=PlayerId(1)}: phase_server: game submission processed (lock held) game=RK8D60 kind="action" lock_ms=59 ai_actions=0
2026-10-10T12:33:29.563521Z  INFO phase_server: client disconnected game=Some("RK8D60") player=Some(PlayerId(0))
2026-10-10T12:33:29.571731Z  INFO server_core::session: player disconnected game=RK8D60 player=PlayerId(0)
2026-10-10T12:33:29.572566Z  INFO phase_server: client disconnected game=Some("RK8D60") player=Some(PlayerId(1))
2026-10-10T12:33:29.572627Z  INFO server_core::session: player disconnected game=RK8D60 player=PlayerId(1)
