P0 creating game...
P1 joining...
game 03VZX4; seats 0/1
[P0] keeps
[P0] plays Forest
[P0] casts Manabond
[P0] answers Manabond may-choice false (choice 03VZX4.0.20.c0)
[P0] plays Forest
[P0] answers Manabond may-choice false (choice 03VZX4.0.53.c0)
[P0] plays Forest
[P0] answers Manabond may-choice false (choice 03VZX4.0.86.c0)
[P0] plays Forest
[decline-armed] turn 7 hand lands=4 nonlands=1
exported pre_decline.json
[pre_decline] turn 7: lands=4 nonlands=1
[P0] answers Manabond may-choice false (choice 03VZX4.0.119.c0)
exported post_decline.json
[post_decline] phase=End turn=7; arming ACCEPT for next end step
exported pre_accept.json
[pre_accept] turn 9: lands=5 nonlands=1
[P0] answers Manabond may-choice true (choice 03VZX4.0.151.c1)
exported post_accept.json
[post_accept] phase=Upkeep turn=10
A1_setup_ok: passed
A2_decline_no_move: passed
A3_accept_lands_battlefield: failed
A4_accept_rest_discarded: passed
A5_cleanup: passed
WF sequence: ['MulliganDecision', 'Priority', 'OptionalEffectChoice', 'Priority', 'OptionalEffectChoice', 'Priority', 'OptionalEffectChoice', 'Priority', 'OptionalEffectChoice', 'Priority', 'OptionalEffectChoice', 'Priority']
verdict: reproduced
