server identity hashes verified against on-disk pinned artifacts
connecting P1...
game BY663E mode=accept; P0 seat=0 P1 seat=1
[P0] mulligan keep
[P1] mulligan keep
P0 casts Chaos Wand
exporting PRE_ACTIVATION state
ACTIVATING CHAOS WAND (id 2) via advertised ActivateAbility
submitting ActivateAbility {"source_id": 2, "ability_index": 0}
exporting POST_EXILE checkpoint
P0 submitting accept: choice id=BY663E.0.507.c1
TargetSelection pending; exporting PRE_TARGET checkpoint
target interaction= {"waitingForKind": {"simultaneous": null, "terminal": false, "code": "sequence"}, "authorizedSubmitters": [0], "canSubmit": true, "autoPassRecommended": false, "opportunities": [{"interactionId": "BY663E.0.508", "response": {"type": "schema", "data": {"spec": {"type": "sequence", "data": {"min": 1, "max": 1, "unique": true, "includeAll": false, "engineValidated": false, "escape": null, "confirm": "explicit"}}, "candidates": [{"id": "BY663E.0.508.t0", "surfaces": [{"type": "summary", "data": {"code": "candidate"}}, {"type": "player", "data": {"role": "candidate", "index": null, "seat": 0}}], "status": {"type": "available"}}, {"id": "BY663E.0.508.t1", "surfaces": [{"type": "summary", "data": {"code": "candidate"}}, {"type": "player", "data": {"role": "candidate", "index": null, "seat": 1}}], "status": {"type": "available"}}]}}, "surfaces": [{"type": "summary", "data": {"code": "decision"}}, {"type": "selection", "data": {"intent": "damage", "constraint": {"type": "count", "data": {"min": 1, "max": 1}}, "confirm": "explicit"}}], "progress": {"selected": 0, "minimum": 1, "maximum": 1, "aggregate": null, "confirmable": false}}], "attachmentFans": {}, "attachmentViews": {}, "availability": {"type": "inputRequired"}}
candidate lists found: [["vi/opportunities[0]/response/data/candidates", [{"id": "BY663E.0.508.t0", "label": "None"}, {"id": "BY663E.0.508.t1", "label": "None"}]]]
submitting advertised target: id=BY663E.0.508.t1 kind=sequence
REJECTION: {"type": "ActionRejected", "data": {"rejection": {"code": "action_not_allowed", "disposition": "unavailable", "message": "That action is not allowed right now.", "related_object_ids": []}}}
exporting POST_FAILURE state
connecting P1...
game RCG34I mode=decline; P0 seat=0 P1 seat=1
[P0] mulligan keep
[P1] mulligan keep
P0 casts Chaos Wand
exporting PRE_ACTIVATION state
ACTIVATING CHAOS WAND (id 25) via advertised ActivateAbility
submitting ActivateAbility {"source_id": 25, "ability_index": 0}
exporting POST_EXILE checkpoint
P0 submitting decline: choice id=RCG34I.0.358.c0
exporting DECLINE_POST state
