P0 creating game...
P1 joining...
game SW22UP; seats 0/1
[P0] keeps
[P0] casts Tifa Lockhart
[P0] Tifa on battlefield (turn 3)
exported pre_landfall.json
[pre] exported turn 5 phase PreCombatMain tifa power=1
[P0] plays the single TEST land (turn 5)
exported mid_trigger.json
[mid] exported: 1 Tifa triggers on stack
exported post_landfall.json
[post] exported: Tifa power=2 toughness=2
[cleanup] turn 7: Tifa power=1
A1_setup_ok: passed
A2_single_landfall: passed
A3_power_once: passed
A4_trigger_count: passed
A5_temp_expires: passed
WF sequence: ['MulliganDecision', 'Priority', 'DeclareAttackers', 'Priority']
verdict: not-reproduced
