2026-09-18T04:31:35.062444Z  INFO ws_message: server_core::session: game session created game=RHMNKP player_count=2
2026-09-18T04:31:35.082629Z  INFO ws_message: phase_server: game created via lobby game=RHMNKP host=P0-doctor players=2
2026-09-18T04:31:35.143347Z  INFO ws_message: phase_server: JoinGameWithPassword game=RHMNKP joiner=P1-idle
2026-09-18T04:31:35.143511Z  INFO ws_message: server_core::session: player joined session game=RHMNKP player=PlayerId(1) seat=1
2026-09-18T04:31:35.163782Z  INFO ws_message: phase_server: player joined via lobby game=RHMNKP player=PlayerId(1)
2026-09-18T04:31:35.384508Z  WARN phase_server: Full snapshot was no longer current game=RHMNKP disposition=SupersededOrRetired
2026-09-18T04:31:35.644668Z  INFO ws_message:game_session{game=RHMNKP player=PlayerId(0)}: server_core::session: action applied game=RHMNKP player=PlayerId(0) action_type="MulliganDecision" event_count=0
2026-09-18T04:31:35.656523Z  INFO ws_message:game_session{game=RHMNKP player=PlayerId(0)}: phase_server: game submission processed (lock held) game=RHMNKP kind="action" lock_ms=12 ai_actions=0
2026-09-18T04:31:35.742685Z  INFO ws_message:game_session{game=RHMNKP player=PlayerId(1)}: server_core::session: action applied game=RHMNKP player=PlayerId(1) action_type="MulliganDecision" event_count=1
2026-09-18T04:31:35.744719Z  INFO ws_message:game_session{game=RHMNKP player=PlayerId(1)}: phase_server: game submission processed (lock held) game=RHMNKP kind="action" lock_ms=9 ai_actions=0
2026-09-18T04:31:35.896396Z  INFO ws_message:game_session{game=RHMNKP player=PlayerId(0)}: server_core::session: action applied game=RHMNKP player=PlayerId(0) action_type="PassPriority" event_count=1
2026-09-18T04:31:35.899030Z  INFO ws_message:game_session{game=RHMNKP player=PlayerId(0)}: phase_server: game submission processed (lock held) game=RHMNKP kind="action" lock_ms=3 ai_actions=0
2026-09-18T04:31:36.149383Z  INFO ws_message:game_session{game=RHMNKP player=PlayerId(1)}: server_core::session: action applied game=RHMNKP player=PlayerId(1) action_type="PassPriority" event_count=2
2026-09-18T04:31:36.218845Z  INFO ws_message:game_session{game=RHMNKP player=PlayerId(1)}: phase_server: game submission processed (lock held) game=RHMNKP kind="action" lock_ms=70 ai_actions=0
2026-09-18T04:31:36.402774Z  INFO ws_message:game_session{game=RHMNKP player=PlayerId(0)}: server_core::session: action applied game=RHMNKP player=PlayerId(0) action_type="PlayLand" event_count=2
2026-09-18T04:31:36.407518Z  INFO ws_message:game_session{game=RHMNKP player=PlayerId(0)}: phase_server: game submission processed (lock held) game=RHMNKP kind="action" lock_ms=9 ai_actions=0
2026-09-18T04:31:36.651151Z  INFO ws_message:game_session{game=RHMNKP player=PlayerId(0)}: server_core::session: action applied game=RHMNKP player=PlayerId(0) action_type="PassPriority" event_count=1
2026-09-18T04:31:36.653188Z  INFO ws_message:game_session{game=RHMNKP player=PlayerId(0)}: phase_server: game submission processed (lock held) game=RHMNKP kind="action" lock_ms=2 ai_actions=0
2026-09-18T04:31:36.902428Z  INFO ws_message:game_session{game=RHMNKP player=PlayerId(1)}: server_core::session: action applied game=RHMNKP player=PlayerId(1) action_type="PassPriority" event_count=1
2026-09-18T04:31:36.905463Z  INFO ws_message:game_session{game=RHMNKP player=PlayerId(1)}: phase_server: game submission processed (lock held) game=RHMNKP kind="action" lock_ms=4 ai_actions=0
2026-09-18T04:31:37.152942Z  INFO ws_message:game_session{game=RHMNKP player=PlayerId(0)}: server_core::session: action applied game=RHMNKP player=PlayerId(0) action_type="PassPriority" event_count=1
2026-09-18T04:31:37.154807Z  INFO ws_message:game_session{game=RHMNKP player=PlayerId(0)}: phase_server: game submission processed (lock held) game=RHMNKP kind="action" lock_ms=2 ai_actions=0
2026-09-18T04:31:37.408346Z  INFO ws_message:game_session{game=RHMNKP player=PlayerId(1)}: server_core::session: action applied game=RHMNKP player=PlayerId(1) action_type="PassPriority" event_count=3
2026-09-18T04:31:37.410925Z  INFO ws_message:game_session{game=RHMNKP player=PlayerId(1)}: phase_server: game submission processed (lock held) game=RHMNKP kind="action" lock_ms=7 ai_actions=0
2026-09-18T04:31:37.655168Z  INFO ws_message:game_session{game=RHMNKP player=PlayerId(0)}: server_core::session: action applied game=RHMNKP player=PlayerId(0) action_type="PassPriority" event_count=1
2026-09-18T04:31:37.656945Z  INFO ws_message:game_session{game=RHMNKP player=PlayerId(0)}: phase_server: game submission processed (lock held) game=RHMNKP kind="action" lock_ms=2 ai_actions=0
2026-09-18T04:31:37.910534Z  INFO ws_message:game_session{game=RHMNKP player=PlayerId(1)}: server_core::session: action applied game=RHMNKP player=PlayerId(1) action_type="PassPriority" event_count=1
2026-09-18T04:31:37.915562Z  INFO ws_message:game_session{game=RHMNKP player=PlayerId(1)}: phase_server: game submission processed (lock held) game=RHMNKP kind="action" lock_ms=8 ai_actions=0
2026-09-18T04:31:38.158973Z  INFO ws_message:game_session{game=RHMNKP player=PlayerId(0)}: server_core::session: action applied game=RHMNKP player=PlayerId(0) action_type="PassPriority" event_count=1
2026-09-18T04:31:38.160797Z  INFO ws_message:game_session{game=RHMNKP player=PlayerId(0)}: phase_server: game submission processed (lock held) game=RHMNKP kind="action" lock_ms=2 ai_actions=0
2026-09-18T04:31:38.415331Z  INFO ws_message:game_session{game=RHMNKP player=PlayerId(1)}: server_core::session: action applied game=RHMNKP player=PlayerId(1) action_type="PassPriority" event_count=1
2026-09-18T04:31:38.419690Z  INFO ws_message:game_session{game=RHMNKP player=PlayerId(1)}: phase_server: game submission processed (lock held) game=RHMNKP kind="action" lock_ms=9 ai_actions=0
2026-09-18T04:31:38.664442Z  INFO ws_message:game_session{game=RHMNKP player=PlayerId(0)}: server_core::session: action applied game=RHMNKP player=PlayerId(0) action_type="PassPriority" event_count=1
2026-09-18T04:31:38.666327Z  INFO ws_message:game_session{game=RHMNKP player=PlayerId(0)}: phase_server: game submission processed (lock held) game=RHMNKP kind="action" lock_ms=5 ai_actions=0
2026-09-18T04:31:38.918205Z  INFO ws_message:game_session{game=RHMNKP player=PlayerId(1)}: server_core::session: action applied game=RHMNKP player=PlayerId(1) action_type="PassPriority" event_count=4
2026-09-18T04:31:38.923991Z  INFO ws_message:game_session{game=RHMNKP player=PlayerId(1)}: phase_server: game submission processed (lock held) game=RHMNKP kind="action" lock_ms=10 ai_actions=0
2026-09-18T04:31:39.164716Z  INFO ws_message:game_session{game=RHMNKP player=PlayerId(1)}: server_core::session: action applied game=RHMNKP player=PlayerId(1) action_type="PassPriority" event_count=1
2026-09-18T04:31:39.166931Z  INFO ws_message:game_session{game=RHMNKP player=PlayerId(1)}: phase_server: game submission processed (lock held) game=RHMNKP kind="action" lock_ms=3 ai_actions=0
2026-09-18T04:31:39.419460Z  INFO ws_message:game_session{game=RHMNKP player=PlayerId(0)}: server_core::session: action applied game=RHMNKP player=PlayerId(0) action_type="PassPriority" event_count=4
2026-09-18T04:31:39.420648Z  INFO ws_message:game_session{game=RHMNKP player=PlayerId(0)}: phase_server: game submission processed (lock held) game=RHMNKP kind="action" lock_ms=6 ai_actions=0
2026-09-18T04:31:39.668580Z  INFO ws_message:game_session{game=RHMNKP player=PlayerId(1)}: server_core::session: action applied game=RHMNKP player=PlayerId(1) action_type="PassPriority" event_count=1
2026-09-18T04:31:39.674730Z  INFO ws_message:game_session{game=RHMNKP player=PlayerId(1)}: phase_server: game submission processed (lock held) game=RHMNKP kind="action" lock_ms=8 ai_actions=0
2026-09-18T04:31:39.920858Z  INFO ws_message:game_session{game=RHMNKP player=PlayerId(0)}: server_core::session: action applied game=RHMNKP player=PlayerId(0) action_type="PassPriority" event_count=1
2026-09-18T04:31:39.961577Z  INFO ws_message:game_session{game=RHMNKP player=PlayerId(0)}: phase_server: game submission processed (lock held) game=RHMNKP kind="action" lock_ms=41 ai_actions=0
2026-09-18T04:31:40.173730Z  INFO ws_message:game_session{game=RHMNKP player=PlayerId(1)}: server_core::session: action applied game=RHMNKP player=PlayerId(1) action_type="PlayLand" event_count=2
2026-09-18T04:31:40.176256Z  INFO ws_message:game_session{game=RHMNKP player=PlayerId(1)}: phase_server: game submission processed (lock held) game=RHMNKP kind="action" lock_ms=7 ai_actions=0
2026-09-18T04:31:40.428199Z  INFO ws_message:game_session{game=RHMNKP player=PlayerId(1)}: server_core::session: action applied game=RHMNKP player=PlayerId(1) action_type="PassPriority" event_count=1
2026-09-18T04:31:40.431100Z  INFO ws_message:game_session{game=RHMNKP player=PlayerId(1)}: phase_server: game submission processed (lock held) game=RHMNKP kind="action" lock_ms=9 ai_actions=0
2026-09-18T04:31:40.676902Z  INFO ws_message:game_session{game=RHMNKP player=PlayerId(0)}: server_core::session: action applied game=RHMNKP player=PlayerId(0) action_type="PassPriority" event_count=1
2026-09-18T04:31:40.680838Z  INFO ws_message:game_session{game=RHMNKP player=PlayerId(0)}: phase_server: game submission processed (lock held) game=RHMNKP kind="action" lock_ms=5 ai_actions=0
2026-09-18T04:31:40.931892Z  INFO ws_message:game_session{game=RHMNKP player=PlayerId(1)}: server_core::session: action applied game=RHMNKP player=PlayerId(1) action_type="PassPriority" event_count=1
2026-09-18T04:31:40.935051Z  INFO ws_message:game_session{game=RHMNKP player=PlayerId(1)}: phase_server: game submission processed (lock held) game=RHMNKP kind="action" lock_ms=5 ai_actions=0
2026-09-18T04:31:41.185922Z  INFO ws_message:game_session{game=RHMNKP player=PlayerId(0)}: server_core::session: action applied game=RHMNKP player=PlayerId(0) action_type="PassPriority" event_count=3
2026-09-18T04:31:41.188073Z  INFO ws_message:game_session{game=RHMNKP player=PlayerId(0)}: phase_server: game submission processed (lock held) game=RHMNKP kind="action" lock_ms=6 ai_actions=0
2026-09-18T04:31:41.435448Z  INFO ws_message:game_session{game=RHMNKP player=PlayerId(1)}: server_core::session: action applied game=RHMNKP player=PlayerId(1) action_type="PassPriority" event_count=1
2026-09-18T04:31:41.437803Z  INFO ws_message:game_session{game=RHMNKP player=PlayerId(1)}: phase_server: game submission processed (lock held) game=RHMNKP kind="action" lock_ms=4 ai_actions=0
2026-09-18T04:31:41.687848Z  INFO ws_message:game_session{game=RHMNKP player=PlayerId(0)}: server_core::session: action applied game=RHMNKP player=PlayerId(0) action_type="PassPriority" event_count=1
2026-09-18T04:31:41.690328Z  INFO ws_message:game_session{game=RHMNKP player=PlayerId(0)}: phase_server: game submission processed (lock held) game=RHMNKP kind="action" lock_ms=6 ai_actions=0
2026-09-18T04:31:41.937071Z  INFO ws_message:game_session{game=RHMNKP player=PlayerId(1)}: server_core::session: action applied game=RHMNKP player=PlayerId(1) action_type="PassPriority" event_count=1
2026-09-18T04:31:41.939259Z  INFO ws_message:game_session{game=RHMNKP player=PlayerId(1)}: phase_server: game submission processed (lock held) game=RHMNKP kind="action" lock_ms=4 ai_actions=0
2026-09-18T04:31:42.190497Z  INFO ws_message:game_session{game=RHMNKP player=PlayerId(0)}: server_core::session: action applied game=RHMNKP player=PlayerId(0) action_type="PassPriority" event_count=1
2026-09-18T04:31:42.193211Z  INFO ws_message:game_session{game=RHMNKP player=PlayerId(0)}: phase_server: game submission processed (lock held) game=RHMNKP kind="action" lock_ms=6 ai_actions=0
2026-09-18T04:31:42.439355Z  INFO ws_message:game_session{game=RHMNKP player=PlayerId(1)}: server_core::session: action applied game=RHMNKP player=PlayerId(1) action_type="PassPriority" event_count=1
2026-09-18T04:31:42.441905Z  INFO ws_message:game_session{game=RHMNKP player=PlayerId(1)}: phase_server: game submission processed (lock held) game=RHMNKP kind="action" lock_ms=3 ai_actions=0
2026-09-18T04:31:42.693980Z  INFO ws_message:game_session{game=RHMNKP player=PlayerId(0)}: server_core::session: action applied game=RHMNKP player=PlayerId(0) action_type="PassPriority" event_count=4
2026-09-18T04:31:42.695254Z  INFO ws_message:game_session{game=RHMNKP player=PlayerId(0)}: phase_server: game submission processed (lock held) game=RHMNKP kind="action" lock_ms=6 ai_actions=0
2026-09-18T04:31:42.941313Z  INFO ws_message:game_session{game=RHMNKP player=PlayerId(0)}: server_core::session: action applied game=RHMNKP player=PlayerId(0) action_type="PassPriority" event_count=1
2026-09-18T04:31:42.943770Z  INFO ws_message:game_session{game=RHMNKP player=PlayerId(0)}: phase_server: game submission processed (lock held) game=RHMNKP kind="action" lock_ms=3 ai_actions=0
2026-09-18T04:31:43.197987Z  INFO ws_message:game_session{game=RHMNKP player=PlayerId(1)}: server_core::session: action applied game=RHMNKP player=PlayerId(1) action_type="PassPriority" event_count=4
2026-09-18T04:31:43.199382Z  INFO ws_message:game_session{game=RHMNKP player=PlayerId(1)}: phase_server: game submission processed (lock held) game=RHMNKP kind="action" lock_ms=7 ai_actions=0
2026-09-18T04:31:43.444048Z  INFO ws_message:game_session{game=RHMNKP player=PlayerId(0)}: server_core::session: action applied game=RHMNKP player=PlayerId(0) action_type="PassPriority" event_count=1
2026-09-18T04:31:43.446858Z  INFO ws_message:game_session{game=RHMNKP player=PlayerId(0)}: phase_server: game submission processed (lock held) game=RHMNKP kind="action" lock_ms=3 ai_actions=0
2026-09-18T04:31:43.695704Z  INFO ws_message:game_session{game=RHMNKP player=PlayerId(1)}: server_core::session: action applied game=RHMNKP player=PlayerId(1) action_type="PassPriority" event_count=1
2026-09-18T04:31:43.726104Z  INFO ws_message:game_session{game=RHMNKP player=PlayerId(1)}: phase_server: game submission processed (lock held) game=RHMNKP kind="action" lock_ms=31 ai_actions=0
2026-09-18T04:31:43.964083Z  INFO ws_message:game_session{game=RHMNKP player=PlayerId(0)}: server_core::session: action applied game=RHMNKP player=PlayerId(0) action_type="PlayLand" event_count=2
2026-09-18T04:31:43.982034Z  INFO ws_message:game_session{game=RHMNKP player=PlayerId(0)}: phase_server: game submission processed (lock held) game=RHMNKP kind="action" lock_ms=35 ai_actions=0
2026-09-18T04:31:44.206645Z  INFO ws_message:game_session{game=RHMNKP player=PlayerId(0)}: server_core::session: action applied game=RHMNKP player=PlayerId(0) action_type="PassPriority" event_count=1
2026-09-18T04:31:44.209617Z  INFO ws_message:game_session{game=RHMNKP player=PlayerId(0)}: phase_server: game submission processed (lock held) game=RHMNKP kind="action" lock_ms=5 ai_actions=0
2026-09-18T04:31:44.460363Z  INFO ws_message:game_session{game=RHMNKP player=PlayerId(1)}: server_core::session: action applied game=RHMNKP player=PlayerId(1) action_type="PassPriority" event_count=1
2026-09-18T04:31:44.469805Z  INFO ws_message:game_session{game=RHMNKP player=PlayerId(1)}: phase_server: game submission processed (lock held) game=RHMNKP kind="action" lock_ms=10 ai_actions=0
2026-09-18T04:31:44.708623Z  INFO ws_message:game_session{game=RHMNKP player=PlayerId(0)}: server_core::session: action applied game=RHMNKP player=PlayerId(0) action_type="PassPriority" event_count=1
2026-09-18T04:31:44.710844Z  INFO ws_message:game_session{game=RHMNKP player=PlayerId(0)}: phase_server: game submission processed (lock held) game=RHMNKP kind="action" lock_ms=4 ai_actions=0
2026-09-18T04:31:44.969802Z  INFO ws_message:game_session{game=RHMNKP player=PlayerId(1)}: server_core::session: action applied game=RHMNKP player=PlayerId(1) action_type="PassPriority" event_count=3
2026-09-18T04:31:44.972449Z  INFO ws_message:game_session{game=RHMNKP player=PlayerId(1)}: phase_server: game submission processed (lock held) game=RHMNKP kind="action" lock_ms=7 ai_actions=0
2026-09-18T04:31:45.211556Z  INFO ws_message:game_session{game=RHMNKP player=PlayerId(0)}: server_core::session: action applied game=RHMNKP player=PlayerId(0) action_type="PassPriority" event_count=1
2026-09-18T04:31:45.213932Z  INFO ws_message:game_session{game=RHMNKP player=PlayerId(0)}: phase_server: game submission processed (lock held) game=RHMNKP kind="action" lock_ms=4 ai_actions=0
2026-09-18T04:31:45.471168Z  INFO ws_message:game_session{game=RHMNKP player=PlayerId(1)}: server_core::session: action applied game=RHMNKP player=PlayerId(1) action_type="PassPriority" event_count=1
2026-09-18T04:31:45.478596Z  INFO ws_message:game_session{game=RHMNKP player=PlayerId(1)}: phase_server: game submission processed (lock held) game=RHMNKP kind="action" lock_ms=11 ai_actions=0
2026-09-18T04:31:45.714114Z  INFO ws_message:game_session{game=RHMNKP player=PlayerId(0)}: server_core::session: action applied game=RHMNKP player=PlayerId(0) action_type="PassPriority" event_count=1
2026-09-18T04:31:45.716413Z  INFO ws_message:game_session{game=RHMNKP player=PlayerId(0)}: phase_server: game submission processed (lock held) game=RHMNKP kind="action" lock_ms=4 ai_actions=0
2026-09-18T04:31:45.973159Z  INFO ws_message:game_session{game=RHMNKP player=PlayerId(1)}: server_core::session: action applied game=RHMNKP player=PlayerId(1) action_type="PassPriority" event_count=1
2026-09-18T04:31:45.975858Z  INFO ws_message:game_session{game=RHMNKP player=PlayerId(1)}: phase_server: game submission processed (lock held) game=RHMNKP kind="action" lock_ms=6 ai_actions=0
2026-09-18T04:31:46.215361Z  INFO ws_message:game_session{game=RHMNKP player=PlayerId(0)}: server_core::session: action applied game=RHMNKP player=PlayerId(0) action_type="PassPriority" event_count=1
2026-09-18T04:31:46.217842Z  INFO ws_message:game_session{game=RHMNKP player=PlayerId(0)}: phase_server: game submission processed (lock held) game=RHMNKP kind="action" lock_ms=3 ai_actions=0
2026-09-18T04:31:46.479778Z  INFO ws_message:game_session{game=RHMNKP player=PlayerId(1)}: server_core::session: action applied game=RHMNKP player=PlayerId(1) action_type="PassPriority" event_count=4
2026-09-18T04:31:46.481339Z  INFO ws_message:game_session{game=RHMNKP player=PlayerId(1)}: phase_server: game submission processed (lock held) game=RHMNKP kind="action" lock_ms=9 ai_actions=0
2026-09-18T04:31:46.723899Z  INFO ws_message:game_session{game=RHMNKP player=PlayerId(1)}: server_core::session: action applied game=RHMNKP player=PlayerId(1) action_type="PassPriority" event_count=1
2026-09-18T04:31:46.727673Z  INFO ws_message:game_session{game=RHMNKP player=PlayerId(1)}: phase_server: game submission processed (lock held) game=RHMNKP kind="action" lock_ms=4 ai_actions=0
2026-09-18T04:31:46.973894Z  INFO ws_message:game_session{game=RHMNKP player=PlayerId(0)}: server_core::session: action applied game=RHMNKP player=PlayerId(0) action_type="PassPriority" event_count=4
2026-09-18T04:31:46.975760Z  INFO ws_message:game_session{game=RHMNKP player=PlayerId(0)}: phase_server: game submission processed (lock held) game=RHMNKP kind="action" lock_ms=7 ai_actions=0
2026-09-18T04:31:47.227820Z  INFO ws_message:game_session{game=RHMNKP player=PlayerId(1)}: server_core::session: action applied game=RHMNKP player=PlayerId(1) action_type="PassPriority" event_count=1
2026-09-18T04:31:47.234387Z  INFO ws_message:game_session{game=RHMNKP player=PlayerId(1)}: phase_server: game submission processed (lock held) game=RHMNKP kind="action" lock_ms=7 ai_actions=0
2026-09-18T04:31:47.474118Z  INFO ws_message:game_session{game=RHMNKP player=PlayerId(0)}: server_core::session: action applied game=RHMNKP player=PlayerId(0) action_type="PassPriority" event_count=1
2026-09-18T04:31:47.509511Z  INFO ws_message:game_session{game=RHMNKP player=PlayerId(0)}: phase_server: game submission processed (lock held) game=RHMNKP kind="action" lock_ms=36 ai_actions=0
2026-09-18T04:31:47.735255Z  INFO ws_message:game_session{game=RHMNKP player=PlayerId(1)}: server_core::session: action applied game=RHMNKP player=PlayerId(1) action_type="PlayLand" event_count=2
2026-09-18T04:31:47.738070Z  INFO ws_message:game_session{game=RHMNKP player=PlayerId(1)}: phase_server: game submission processed (lock held) game=RHMNKP kind="action" lock_ms=7 ai_actions=0
2026-09-18T04:31:47.985348Z  INFO ws_message:game_session{game=RHMNKP player=PlayerId(1)}: server_core::session: action applied game=RHMNKP player=PlayerId(1) action_type="PassPriority" event_count=1
2026-09-18T04:31:47.988063Z  INFO ws_message:game_session{game=RHMNKP player=PlayerId(1)}: phase_server: game submission processed (lock held) game=RHMNKP kind="action" lock_ms=4 ai_actions=0
2026-09-18T04:31:48.232488Z  INFO ws_message:game_session{game=RHMNKP player=PlayerId(0)}: server_core::session: action applied game=RHMNKP player=PlayerId(0) action_type="PassPriority" event_count=1
2026-09-18T04:31:48.235713Z  INFO ws_message:game_session{game=RHMNKP player=PlayerId(0)}: phase_server: game submission processed (lock held) game=RHMNKP kind="action" lock_ms=4 ai_actions=0
2026-09-18T04:31:48.490010Z  INFO ws_message:game_session{game=RHMNKP player=PlayerId(1)}: server_core::session: action applied game=RHMNKP player=PlayerId(1) action_type="PassPriority" event_count=1
2026-09-18T04:31:48.495734Z  INFO ws_message:game_session{game=RHMNKP player=PlayerId(1)}: phase_server: game submission processed (lock held) game=RHMNKP kind="action" lock_ms=8 ai_actions=0
2026-09-18T04:31:48.760242Z  INFO ws_message:game_session{game=RHMNKP player=PlayerId(0)}: server_core::session: action applied game=RHMNKP player=PlayerId(0) action_type="PassPriority" event_count=3
2026-09-18T04:31:48.779372Z  INFO ws_message:game_session{game=RHMNKP player=PlayerId(0)}: phase_server: game submission processed (lock held) game=RHMNKP kind="action" lock_ms=43 ai_actions=0
2026-09-18T04:31:49.010879Z  INFO ws_message:game_session{game=RHMNKP player=PlayerId(1)}: server_core::session: action applied game=RHMNKP player=PlayerId(1) action_type="PassPriority" event_count=1
2026-09-18T04:31:49.013854Z  INFO ws_message:game_session{game=RHMNKP player=PlayerId(1)}: phase_server: game submission processed (lock held) game=RHMNKP kind="action" lock_ms=5 ai_actions=0
2026-09-18T04:31:49.253114Z  INFO ws_message:game_session{game=RHMNKP player=PlayerId(0)}: server_core::session: action applied game=RHMNKP player=PlayerId(0) action_type="PassPriority" event_count=1
2026-09-18T04:31:49.255953Z  INFO ws_message:game_session{game=RHMNKP player=PlayerId(0)}: phase_server: game submission processed (lock held) game=RHMNKP kind="action" lock_ms=7 ai_actions=0
2026-09-18T04:31:49.513171Z  INFO ws_message:game_session{game=RHMNKP player=PlayerId(1)}: server_core::session: action applied game=RHMNKP player=PlayerId(1) action_type="PassPriority" event_count=1
2026-09-18T04:31:49.518015Z  INFO ws_message:game_session{game=RHMNKP player=PlayerId(1)}: phase_server: game submission processed (lock held) game=RHMNKP kind="action" lock_ms=7 ai_actions=0
2026-09-18T04:31:49.765776Z  INFO ws_message:game_session{game=RHMNKP player=PlayerId(0)}: server_core::session: action applied game=RHMNKP player=PlayerId(0) action_type="PassPriority" event_count=1
2026-09-18T04:31:49.771461Z  INFO ws_message:game_session{game=RHMNKP player=PlayerId(0)}: phase_server: game submission processed (lock held) game=RHMNKP kind="action" lock_ms=18 ai_actions=0
2026-09-18T04:31:50.015888Z  INFO ws_message:game_session{game=RHMNKP player=PlayerId(1)}: server_core::session: action applied game=RHMNKP player=PlayerId(1) action_type="PassPriority" event_count=1
2026-09-18T04:31:50.021054Z  INFO ws_message:game_session{game=RHMNKP player=PlayerId(1)}: phase_server: game submission processed (lock held) game=RHMNKP kind="action" lock_ms=6 ai_actions=0
2026-09-18T04:31:50.262243Z  INFO ws_message:game_session{game=RHMNKP player=PlayerId(0)}: server_core::session: action applied game=RHMNKP player=PlayerId(0) action_type="PassPriority" event_count=4
2026-09-18T04:31:50.263523Z  INFO ws_message:game_session{game=RHMNKP player=PlayerId(0)}: phase_server: game submission processed (lock held) game=RHMNKP kind="action" lock_ms=6 ai_actions=0
2026-09-18T04:31:50.510549Z  INFO ws_message:game_session{game=RHMNKP player=PlayerId(0)}: server_core::session: action applied game=RHMNKP player=PlayerId(0) action_type="PassPriority" event_count=1
2026-09-18T04:31:50.514461Z  INFO ws_message:game_session{game=RHMNKP player=PlayerId(0)}: phase_server: game submission processed (lock held) game=RHMNKP kind="action" lock_ms=6 ai_actions=0
2026-09-18T04:31:50.774101Z  INFO ws_message:game_session{game=RHMNKP player=PlayerId(1)}: server_core::session: action applied game=RHMNKP player=PlayerId(1) action_type="PassPriority" event_count=4
2026-09-18T04:31:50.775506Z  INFO ws_message:game_session{game=RHMNKP player=PlayerId(1)}: phase_server: game submission processed (lock held) game=RHMNKP kind="action" lock_ms=7 ai_actions=0
2026-09-18T04:31:51.015026Z  INFO ws_message:game_session{game=RHMNKP player=PlayerId(0)}: server_core::session: action applied game=RHMNKP player=PlayerId(0) action_type="PassPriority" event_count=1
2026-09-18T04:31:51.022490Z  INFO ws_message:game_session{game=RHMNKP player=PlayerId(0)}: phase_server: game submission processed (lock held) game=RHMNKP kind="action" lock_ms=11 ai_actions=0
2026-09-18T04:31:51.273021Z  INFO ws_message:game_session{game=RHMNKP player=PlayerId(1)}: server_core::session: action applied game=RHMNKP player=PlayerId(1) action_type="PassPriority" event_count=1
2026-09-18T04:31:51.311213Z  INFO ws_message:game_session{game=RHMNKP player=PlayerId(1)}: phase_server: game submission processed (lock held) game=RHMNKP kind="action" lock_ms=39 ai_actions=0
2026-09-18T04:31:51.521122Z  INFO ws_message:game_session{game=RHMNKP player=PlayerId(0)}: server_core::session: action applied game=RHMNKP player=PlayerId(0) action_type="PlayLand" event_count=2
2026-09-18T04:31:51.537755Z  INFO ws_message:game_session{game=RHMNKP player=PlayerId(0)}: phase_server: game submission processed (lock held) game=RHMNKP kind="action" lock_ms=21 ai_actions=0
2026-09-18T04:31:51.772195Z  INFO ws_message:game_session{game=RHMNKP player=PlayerId(0)}: server_core::session: action applied game=RHMNKP player=PlayerId(0) action_type="PassPriority" event_count=1
2026-09-18T04:31:51.776680Z  INFO ws_message:game_session{game=RHMNKP player=PlayerId(0)}: phase_server: game submission processed (lock held) game=RHMNKP kind="action" lock_ms=6 ai_actions=0
2026-09-18T04:31:52.027172Z  INFO ws_message:game_session{game=RHMNKP player=PlayerId(1)}: server_core::session: action applied game=RHMNKP player=PlayerId(1) action_type="PassPriority" event_count=1
2026-09-18T04:31:52.030542Z  INFO ws_message:game_session{game=RHMNKP player=PlayerId(1)}: phase_server: game submission processed (lock held) game=RHMNKP kind="action" lock_ms=4 ai_actions=0
2026-09-18T04:31:52.277157Z  INFO ws_message:game_session{game=RHMNKP player=PlayerId(0)}: server_core::session: action applied game=RHMNKP player=PlayerId(0) action_type="PassPriority" event_count=1
2026-09-18T04:31:52.280367Z  INFO ws_message:game_session{game=RHMNKP player=PlayerId(0)}: phase_server: game submission processed (lock held) game=RHMNKP kind="action" lock_ms=7 ai_actions=0
2026-09-18T04:31:52.532178Z  INFO ws_message:game_session{game=RHMNKP player=PlayerId(1)}: server_core::session: action applied game=RHMNKP player=PlayerId(1) action_type="PassPriority" event_count=3
2026-09-18T04:31:52.535419Z  INFO ws_message:game_session{game=RHMNKP player=PlayerId(1)}: phase_server: game submission processed (lock held) game=RHMNKP kind="action" lock_ms=7 ai_actions=0
2026-09-18T04:31:52.780434Z  INFO ws_message:game_session{game=RHMNKP player=PlayerId(0)}: server_core::session: action applied game=RHMNKP player=PlayerId(0) action_type="PassPriority" event_count=1
2026-09-18T04:31:52.783775Z  INFO ws_message:game_session{game=RHMNKP player=PlayerId(0)}: phase_server: game submission processed (lock held) game=RHMNKP kind="action" lock_ms=5 ai_actions=0
2026-09-18T04:31:53.035119Z  INFO ws_message:game_session{game=RHMNKP player=PlayerId(1)}: server_core::session: action applied game=RHMNKP player=PlayerId(1) action_type="PassPriority" event_count=1
2026-09-18T04:31:53.045618Z  INFO ws_message:game_session{game=RHMNKP player=PlayerId(1)}: phase_server: game submission processed (lock held) game=RHMNKP kind="action" lock_ms=15 ai_actions=0
2026-09-18T04:31:53.285442Z  INFO ws_message:game_session{game=RHMNKP player=PlayerId(0)}: server_core::session: action applied game=RHMNKP player=PlayerId(0) action_type="PassPriority" event_count=1
2026-09-18T04:31:53.288317Z  INFO ws_message:game_session{game=RHMNKP player=PlayerId(0)}: phase_server: game submission processed (lock held) game=RHMNKP kind="action" lock_ms=6 ai_actions=0
2026-09-18T04:31:53.544481Z  INFO ws_message:game_session{game=RHMNKP player=PlayerId(1)}: server_core::session: action applied game=RHMNKP player=PlayerId(1) action_type="PassPriority" event_count=1
2026-09-18T04:31:53.549980Z  INFO ws_message:game_session{game=RHMNKP player=PlayerId(1)}: phase_server: game submission processed (lock held) game=RHMNKP kind="action" lock_ms=14 ai_actions=0
2026-09-18T04:31:53.786557Z  INFO ws_message:game_session{game=RHMNKP player=PlayerId(0)}: server_core::session: action applied game=RHMNKP player=PlayerId(0) action_type="PassPriority" event_count=1
2026-09-18T04:31:53.789261Z  INFO ws_message:game_session{game=RHMNKP player=PlayerId(0)}: phase_server: game submission processed (lock held) game=RHMNKP kind="action" lock_ms=4 ai_actions=0
2026-09-18T04:31:54.042676Z  INFO ws_message:game_session{game=RHMNKP player=PlayerId(1)}: server_core::session: action applied game=RHMNKP player=PlayerId(1) action_type="PassPriority" event_count=4
2026-09-18T04:31:54.043924Z  INFO ws_message:game_session{game=RHMNKP player=PlayerId(1)}: phase_server: game submission processed (lock held) game=RHMNKP kind="action" lock_ms=6 ai_actions=0
2026-09-18T04:31:54.291189Z  INFO ws_message:game_session{game=RHMNKP player=PlayerId(1)}: server_core::session: action applied game=RHMNKP player=PlayerId(1) action_type="PassPriority" event_count=1
2026-09-18T04:31:54.295183Z  INFO ws_message:game_session{game=RHMNKP player=PlayerId(1)}: phase_server: game submission processed (lock held) game=RHMNKP kind="action" lock_ms=5 ai_actions=0
2026-09-18T04:31:54.546297Z  INFO ws_message:game_session{game=RHMNKP player=PlayerId(0)}: server_core::session: action applied game=RHMNKP player=PlayerId(0) action_type="PassPriority" event_count=4
2026-09-18T04:31:54.547567Z  INFO ws_message:game_session{game=RHMNKP player=PlayerId(0)}: phase_server: game submission processed (lock held) game=RHMNKP kind="action" lock_ms=6 ai_actions=0
2026-09-18T04:31:54.793921Z  INFO ws_message:game_session{game=RHMNKP player=PlayerId(1)}: server_core::session: action applied game=RHMNKP player=PlayerId(1) action_type="PassPriority" event_count=1
2026-09-18T04:31:54.797391Z  INFO ws_message:game_session{game=RHMNKP player=PlayerId(1)}: phase_server: game submission processed (lock held) game=RHMNKP kind="action" lock_ms=5 ai_actions=0
2026-09-18T04:31:55.045074Z  INFO ws_message:game_session{game=RHMNKP player=PlayerId(0)}: server_core::session: action applied game=RHMNKP player=PlayerId(0) action_type="PassPriority" event_count=1
2026-09-18T04:31:55.080590Z  INFO ws_message:game_session{game=RHMNKP player=PlayerId(0)}: phase_server: game submission processed (lock held) game=RHMNKP kind="action" lock_ms=37 ai_actions=0
2026-09-18T04:31:55.299886Z  INFO ws_message:game_session{game=RHMNKP player=PlayerId(1)}: server_core::session: action applied game=RHMNKP player=PlayerId(1) action_type="PlayLand" event_count=2
2026-09-18T04:31:55.303652Z  INFO ws_message:game_session{game=RHMNKP player=PlayerId(1)}: phase_server: game submission processed (lock held) game=RHMNKP kind="action" lock_ms=8 ai_actions=0
2026-09-18T04:31:55.553954Z  INFO ws_message:game_session{game=RHMNKP player=PlayerId(1)}: server_core::session: action applied game=RHMNKP player=PlayerId(1) action_type="PassPriority" event_count=1
2026-09-18T04:31:55.559150Z  INFO ws_message:game_session{game=RHMNKP player=PlayerId(1)}: phase_server: game submission processed (lock held) game=RHMNKP kind="action" lock_ms=10 ai_actions=0
2026-09-18T04:31:55.802794Z  INFO ws_message:game_session{game=RHMNKP player=PlayerId(0)}: server_core::session: action applied game=RHMNKP player=PlayerId(0) action_type="PassPriority" event_count=1
2026-09-18T04:31:55.806441Z  INFO ws_message:game_session{game=RHMNKP player=PlayerId(0)}: phase_server: game submission processed (lock held) game=RHMNKP kind="action" lock_ms=6 ai_actions=0
2026-09-18T04:31:56.054561Z  INFO ws_message:game_session{game=RHMNKP player=PlayerId(1)}: server_core::session: action applied game=RHMNKP player=PlayerId(1) action_type="PassPriority" event_count=1
2026-09-18T04:31:56.058019Z  INFO ws_message:game_session{game=RHMNKP player=PlayerId(1)}: phase_server: game submission processed (lock held) game=RHMNKP kind="action" lock_ms=5 ai_actions=0
2026-09-18T04:31:56.308903Z  INFO ws_message:game_session{game=RHMNKP player=PlayerId(0)}: server_core::session: action applied game=RHMNKP player=PlayerId(0) action_type="PassPriority" event_count=3
2026-09-18T04:31:56.312352Z  INFO ws_message:game_session{game=RHMNKP player=PlayerId(0)}: phase_server: game submission processed (lock held) game=RHMNKP kind="action" lock_ms=9 ai_actions=0
2026-09-18T04:31:56.562032Z  INFO ws_message:game_session{game=RHMNKP player=PlayerId(1)}: server_core::session: action applied game=RHMNKP player=PlayerId(1) action_type="PassPriority" event_count=1
2026-09-18T04:31:56.565520Z  INFO ws_message:game_session{game=RHMNKP player=PlayerId(1)}: phase_server: game submission processed (lock held) game=RHMNKP kind="action" lock_ms=9 ai_actions=0
2026-09-18T04:31:56.816809Z  INFO ws_message:game_session{game=RHMNKP player=PlayerId(0)}: server_core::session: action applied game=RHMNKP player=PlayerId(0) action_type="PassPriority" event_count=1
2026-09-18T04:31:56.825407Z  INFO ws_message:game_session{game=RHMNKP player=PlayerId(0)}: phase_server: game submission processed (lock held) game=RHMNKP kind="action" lock_ms=19 ai_actions=0
2026-09-18T04:31:57.066064Z  INFO ws_message:game_session{game=RHMNKP player=PlayerId(1)}: server_core::session: action applied game=RHMNKP player=PlayerId(1) action_type="PassPriority" event_count=1
2026-09-18T04:31:57.069337Z  INFO ws_message:game_session{game=RHMNKP player=PlayerId(1)}: phase_server: game submission processed (lock held) game=RHMNKP kind="action" lock_ms=5 ai_actions=0
2026-09-18T04:31:57.314564Z  INFO ws_message:game_session{game=RHMNKP player=PlayerId(0)}: server_core::session: action applied game=RHMNKP player=PlayerId(0) action_type="PassPriority" event_count=1
2026-09-18T04:31:57.317842Z  INFO ws_message:game_session{game=RHMNKP player=PlayerId(0)}: phase_server: game submission processed (lock held) game=RHMNKP kind="action" lock_ms=8 ai_actions=0
2026-09-18T04:31:57.568126Z  INFO ws_message:game_session{game=RHMNKP player=PlayerId(1)}: server_core::session: action applied game=RHMNKP player=PlayerId(1) action_type="PassPriority" event_count=1
2026-09-18T04:31:57.574734Z  INFO ws_message:game_session{game=RHMNKP player=PlayerId(1)}: phase_server: game submission processed (lock held) game=RHMNKP kind="action" lock_ms=8 ai_actions=0
2026-09-18T04:31:57.822636Z  INFO ws_message:game_session{game=RHMNKP player=PlayerId(0)}: server_core::session: action applied game=RHMNKP player=PlayerId(0) action_type="PassPriority" event_count=4
2026-09-18T04:31:57.833411Z  INFO ws_message:game_session{game=RHMNKP player=PlayerId(0)}: phase_server: game submission processed (lock held) game=RHMNKP kind="action" lock_ms=17 ai_actions=0
2026-09-18T04:31:58.069163Z  INFO ws_message:game_session{game=RHMNKP player=PlayerId(0)}: server_core::session: action applied game=RHMNKP player=PlayerId(0) action_type="PassPriority" event_count=1
2026-09-18T04:31:58.074470Z  INFO ws_message:game_session{game=RHMNKP player=PlayerId(0)}: phase_server: game submission processed (lock held) game=RHMNKP kind="action" lock_ms=7 ai_actions=0
2026-09-18T04:31:58.337117Z  INFO ws_message:game_session{game=RHMNKP player=PlayerId(1)}: server_core::session: action applied game=RHMNKP player=PlayerId(1) action_type="PassPriority" event_count=4
2026-09-18T04:31:58.341483Z  INFO ws_message:game_session{game=RHMNKP player=PlayerId(1)}: phase_server: game submission processed (lock held) game=RHMNKP kind="action" lock_ms=20 ai_actions=0
2026-09-18T04:31:58.573539Z  INFO ws_message:game_session{game=RHMNKP player=PlayerId(0)}: server_core::session: action applied game=RHMNKP player=PlayerId(0) action_type="PassPriority" event_count=1
2026-09-18T04:31:58.577242Z  INFO ws_message:game_session{game=RHMNKP player=PlayerId(0)}: phase_server: game submission processed (lock held) game=RHMNKP kind="action" lock_ms=5 ai_actions=0
2026-09-18T04:31:58.826929Z  INFO ws_message:game_session{game=RHMNKP player=PlayerId(1)}: server_core::session: action applied game=RHMNKP player=PlayerId(1) action_type="PassPriority" event_count=1
2026-09-18T04:31:58.859317Z  INFO ws_message:game_session{game=RHMNKP player=PlayerId(1)}: phase_server: game submission processed (lock held) game=RHMNKP kind="action" lock_ms=35 ai_actions=0
2026-09-18T04:31:59.079132Z  INFO ws_message:game_session{game=RHMNKP player=PlayerId(0)}: server_core::session: action applied game=RHMNKP player=PlayerId(0) action_type="PlayLand" event_count=2
2026-09-18T04:31:59.142359Z  INFO ws_message:game_session{game=RHMNKP player=PlayerId(0)}: phase_server: game submission processed (lock held) game=RHMNKP kind="action" lock_ms=68 ai_actions=0
2026-09-18T04:31:59.331693Z  INFO ws_message:game_session{game=RHMNKP player=PlayerId(0)}: server_core::session: action applied game=RHMNKP player=PlayerId(0) action_type="PassPriority" event_count=1
2026-09-18T04:31:59.336015Z  INFO ws_message:game_session{game=RHMNKP player=PlayerId(0)}: phase_server: game submission processed (lock held) game=RHMNKP kind="action" lock_ms=8 ai_actions=0
2026-09-18T04:31:59.591872Z  INFO ws_message:game_session{game=RHMNKP player=PlayerId(1)}: server_core::session: action applied game=RHMNKP player=PlayerId(1) action_type="PassPriority" event_count=1
2026-09-18T04:31:59.611431Z  INFO ws_message:game_session{game=RHMNKP player=PlayerId(1)}: phase_server: game submission processed (lock held) game=RHMNKP kind="action" lock_ms=26 ai_actions=0
2026-09-18T04:31:59.836313Z  INFO ws_message:game_session{game=RHMNKP player=PlayerId(0)}: server_core::session: action applied game=RHMNKP player=PlayerId(0) action_type="PassPriority" event_count=1
2026-09-18T04:31:59.840974Z  INFO ws_message:game_session{game=RHMNKP player=PlayerId(0)}: phase_server: game submission processed (lock held) game=RHMNKP kind="action" lock_ms=7 ai_actions=0
2026-09-18T04:32:00.093571Z  INFO ws_message:game_session{game=RHMNKP player=PlayerId(1)}: server_core::session: action applied game=RHMNKP player=PlayerId(1) action_type="PassPriority" event_count=3
2026-09-18T04:32:00.097609Z  INFO ws_message:game_session{game=RHMNKP player=PlayerId(1)}: phase_server: game submission processed (lock held) game=RHMNKP kind="action" lock_ms=8 ai_actions=0
2026-09-18T04:32:00.339857Z  INFO ws_message:game_session{game=RHMNKP player=PlayerId(0)}: server_core::session: action applied game=RHMNKP player=PlayerId(0) action_type="PassPriority" event_count=1
2026-09-18T04:32:00.343976Z  INFO ws_message:game_session{game=RHMNKP player=PlayerId(0)}: phase_server: game submission processed (lock held) game=RHMNKP kind="action" lock_ms=7 ai_actions=0
2026-09-18T04:32:00.613979Z  INFO ws_message:game_session{game=RHMNKP player=PlayerId(1)}: server_core::session: action applied game=RHMNKP player=PlayerId(1) action_type="PassPriority" event_count=1
2026-09-18T04:32:00.643466Z  INFO ws_message:game_session{game=RHMNKP player=PlayerId(1)}: phase_server: game submission processed (lock held) game=RHMNKP kind="action" lock_ms=49 ai_actions=0
2026-09-18T04:32:00.842449Z  INFO ws_message:game_session{game=RHMNKP player=PlayerId(0)}: server_core::session: action applied game=RHMNKP player=PlayerId(0) action_type="PassPriority" event_count=1
2026-09-18T04:32:00.845858Z  INFO ws_message:game_session{game=RHMNKP player=PlayerId(0)}: phase_server: game submission processed (lock held) game=RHMNKP kind="action" lock_ms=5 ai_actions=0
2026-09-18T04:32:01.100240Z  INFO ws_message:game_session{game=RHMNKP player=PlayerId(1)}: server_core::session: action applied game=RHMNKP player=PlayerId(1) action_type="PassPriority" event_count=1
2026-09-18T04:32:01.104996Z  INFO ws_message:game_session{game=RHMNKP player=PlayerId(1)}: phase_server: game submission processed (lock held) game=RHMNKP kind="action" lock_ms=9 ai_actions=0
2026-09-18T04:32:01.344412Z  INFO ws_message:game_session{game=RHMNKP player=PlayerId(0)}: server_core::session: action applied game=RHMNKP player=PlayerId(0) action_type="PassPriority" event_count=1
2026-09-18T04:32:01.347649Z  INFO ws_message:game_session{game=RHMNKP player=PlayerId(0)}: phase_server: game submission processed (lock held) game=RHMNKP kind="action" lock_ms=5 ai_actions=0
2026-09-18T04:32:01.603865Z  INFO ws_message:game_session{game=RHMNKP player=PlayerId(1)}: server_core::session: action applied game=RHMNKP player=PlayerId(1) action_type="PassPriority" event_count=4
2026-09-18T04:32:01.606123Z  INFO ws_message:game_session{game=RHMNKP player=PlayerId(1)}: phase_server: game submission processed (lock held) game=RHMNKP kind="action" lock_ms=7 ai_actions=0
2026-09-18T04:32:01.853827Z  INFO ws_message:game_session{game=RHMNKP player=PlayerId(1)}: server_core::session: action applied game=RHMNKP player=PlayerId(1) action_type="PassPriority" event_count=1
2026-09-18T04:32:01.858721Z  INFO ws_message:game_session{game=RHMNKP player=PlayerId(1)}: phase_server: game submission processed (lock held) game=RHMNKP kind="action" lock_ms=9 ai_actions=0
2026-09-18T04:32:02.102689Z  INFO ws_message:game_session{game=RHMNKP player=PlayerId(0)}: server_core::session: action applied game=RHMNKP player=PlayerId(0) action_type="PassPriority" event_count=4
2026-09-18T04:32:02.103982Z  INFO ws_message:game_session{game=RHMNKP player=PlayerId(0)}: phase_server: game submission processed (lock held) game=RHMNKP kind="action" lock_ms=7 ai_actions=0
2026-09-18T04:32:02.354475Z  INFO ws_message:game_session{game=RHMNKP player=PlayerId(1)}: server_core::session: action applied game=RHMNKP player=PlayerId(1) action_type="PassPriority" event_count=1
2026-09-18T04:32:02.359649Z  INFO ws_message:game_session{game=RHMNKP player=PlayerId(1)}: phase_server: game submission processed (lock held) game=RHMNKP kind="action" lock_ms=7 ai_actions=0
2026-09-18T04:32:02.602632Z  INFO ws_message:game_session{game=RHMNKP player=PlayerId(0)}: server_core::session: action applied game=RHMNKP player=PlayerId(0) action_type="PassPriority" event_count=1
2026-09-18T04:32:02.645603Z  INFO ws_message:game_session{game=RHMNKP player=PlayerId(0)}: phase_server: game submission processed (lock held) game=RHMNKP kind="action" lock_ms=44 ai_actions=0
2026-09-18T04:32:02.859696Z  INFO ws_message:game_session{game=RHMNKP player=PlayerId(1)}: server_core::session: action applied game=RHMNKP player=PlayerId(1) action_type="PlayLand" event_count=2
2026-09-18T04:32:02.863355Z  INFO ws_message:game_session{game=RHMNKP player=PlayerId(1)}: phase_server: game submission processed (lock held) game=RHMNKP kind="action" lock_ms=8 ai_actions=0
2026-09-18T04:32:03.108082Z  INFO ws_message:game_session{game=RHMNKP player=PlayerId(1)}: server_core::session: action applied game=RHMNKP player=PlayerId(1) action_type="PassPriority" event_count=1
2026-09-18T04:32:03.112609Z  INFO ws_message:game_session{game=RHMNKP player=PlayerId(1)}: phase_server: game submission processed (lock held) game=RHMNKP kind="action" lock_ms=7 ai_actions=0
2026-09-18T04:32:03.357888Z  INFO ws_message:game_session{game=RHMNKP player=PlayerId(0)}: server_core::session: action applied game=RHMNKP player=PlayerId(0) action_type="PassPriority" event_count=1
2026-09-18T04:32:03.361446Z  INFO ws_message:game_session{game=RHMNKP player=PlayerId(0)}: phase_server: game submission processed (lock held) game=RHMNKP kind="action" lock_ms=5 ai_actions=0
2026-09-18T04:32:03.612057Z  INFO ws_message:game_session{game=RHMNKP player=PlayerId(1)}: server_core::session: action applied game=RHMNKP player=PlayerId(1) action_type="PassPriority" event_count=1
2026-09-18T04:32:03.620705Z  INFO ws_message:game_session{game=RHMNKP player=PlayerId(1)}: phase_server: game submission processed (lock held) game=RHMNKP kind="action" lock_ms=11 ai_actions=0
2026-09-18T04:32:03.865144Z  INFO ws_message:game_session{game=RHMNKP player=PlayerId(0)}: server_core::session: action applied game=RHMNKP player=PlayerId(0) action_type="PassPriority" event_count=3
2026-09-18T04:32:03.869590Z  INFO ws_message:game_session{game=RHMNKP player=PlayerId(0)}: phase_server: game submission processed (lock held) game=RHMNKP kind="action" lock_ms=9 ai_actions=0
2026-09-18T04:32:04.115912Z  INFO ws_message:game_session{game=RHMNKP player=PlayerId(1)}: server_core::session: action applied game=RHMNKP player=PlayerId(1) action_type="PassPriority" event_count=1
2026-09-18T04:32:04.119828Z  INFO ws_message:game_session{game=RHMNKP player=PlayerId(1)}: phase_server: game submission processed (lock held) game=RHMNKP kind="action" lock_ms=6 ai_actions=0
2026-09-18T04:32:04.368593Z  INFO ws_message:game_session{game=RHMNKP player=PlayerId(0)}: server_core::session: action applied game=RHMNKP player=PlayerId(0) action_type="PassPriority" event_count=1
2026-09-18T04:32:04.372115Z  INFO ws_message:game_session{game=RHMNKP player=PlayerId(0)}: phase_server: game submission processed (lock held) game=RHMNKP kind="action" lock_ms=8 ai_actions=0
2026-09-18T04:32:04.619043Z  INFO ws_message:game_session{game=RHMNKP player=PlayerId(1)}: server_core::session: action applied game=RHMNKP player=PlayerId(1) action_type="PassPriority" event_count=1
2026-09-18T04:32:04.622912Z  INFO ws_message:game_session{game=RHMNKP player=PlayerId(1)}: phase_server: game submission processed (lock held) game=RHMNKP kind="action" lock_ms=6 ai_actions=0
2026-09-18T04:32:04.871313Z  INFO ws_message:game_session{game=RHMNKP player=PlayerId(0)}: server_core::session: action applied game=RHMNKP player=PlayerId(0) action_type="PassPriority" event_count=1
2026-09-18T04:32:04.874947Z  INFO ws_message:game_session{game=RHMNKP player=PlayerId(0)}: phase_server: game submission processed (lock held) game=RHMNKP kind="action" lock_ms=8 ai_actions=0
2026-09-18T04:32:05.123220Z  INFO ws_message:game_session{game=RHMNKP player=PlayerId(1)}: server_core::session: action applied game=RHMNKP player=PlayerId(1) action_type="PassPriority" event_count=1
2026-09-18T04:32:05.138026Z  INFO ws_message:game_session{game=RHMNKP player=PlayerId(1)}: phase_server: game submission processed (lock held) game=RHMNKP kind="action" lock_ms=17 ai_actions=0
2026-09-18T04:32:05.379992Z  INFO ws_message:game_session{game=RHMNKP player=PlayerId(0)}: server_core::session: action applied game=RHMNKP player=PlayerId(0) action_type="PassPriority" event_count=4
2026-09-18T04:32:05.383088Z  INFO ws_message:game_session{game=RHMNKP player=PlayerId(0)}: phase_server: game submission processed (lock held) game=RHMNKP kind="action" lock_ms=13 ai_actions=0
2026-09-18T04:32:05.623616Z  INFO ws_message:game_session{game=RHMNKP player=PlayerId(0)}: server_core::session: action applied game=RHMNKP player=PlayerId(0) action_type="PassPriority" event_count=1
2026-09-18T04:32:05.627153Z  INFO ws_message:game_session{game=RHMNKP player=PlayerId(0)}: phase_server: game submission processed (lock held) game=RHMNKP kind="action" lock_ms=5 ai_actions=0
2026-09-18T04:32:05.890132Z  INFO ws_message:game_session{game=RHMNKP player=PlayerId(1)}: server_core::session: action applied game=RHMNKP player=PlayerId(1) action_type="PassPriority" event_count=4
2026-09-18T04:32:05.892350Z  INFO ws_message:game_session{game=RHMNKP player=PlayerId(1)}: phase_server: game submission processed (lock held) game=RHMNKP kind="action" lock_ms=18 ai_actions=0
2026-09-18T04:32:06.126365Z  INFO ws_message:game_session{game=RHMNKP player=PlayerId(0)}: server_core::session: action applied game=RHMNKP player=PlayerId(0) action_type="PassPriority" event_count=1
2026-09-18T04:32:06.129883Z  INFO ws_message:game_session{game=RHMNKP player=PlayerId(0)}: phase_server: game submission processed (lock held) game=RHMNKP kind="action" lock_ms=5 ai_actions=0
2026-09-18T04:32:06.379777Z  INFO ws_message:game_session{game=RHMNKP player=PlayerId(1)}: server_core::session: action applied game=RHMNKP player=PlayerId(1) action_type="PassPriority" event_count=1
2026-09-18T04:32:06.416736Z  INFO ws_message:game_session{game=RHMNKP player=PlayerId(1)}: phase_server: game submission processed (lock held) game=RHMNKP kind="action" lock_ms=39 ai_actions=0
2026-09-18T04:32:06.632008Z  INFO ws_message:game_session{game=RHMNKP player=PlayerId(0)}: server_core::session: action applied game=RHMNKP player=PlayerId(0) action_type="PlayLand" event_count=2
2026-09-18T04:32:06.653863Z  INFO ws_message:game_session{game=RHMNKP player=PlayerId(0)}: phase_server: game submission processed (lock held) game=RHMNKP kind="action" lock_ms=26 ai_actions=0
2026-09-18T04:32:06.882088Z  INFO ws_message:game_session{game=RHMNKP player=PlayerId(0)}: server_core::session: action applied game=RHMNKP player=PlayerId(0) action_type="PassPriority" event_count=1
2026-09-18T04:32:06.888711Z  INFO ws_message:game_session{game=RHMNKP player=PlayerId(0)}: phase_server: game submission processed (lock held) game=RHMNKP kind="action" lock_ms=10 ai_actions=0
2026-09-18T04:32:07.133275Z  INFO ws_message:game_session{game=RHMNKP player=PlayerId(1)}: server_core::session: action applied game=RHMNKP player=PlayerId(1) action_type="PassPriority" event_count=1
2026-09-18T04:32:07.137911Z  INFO ws_message:game_session{game=RHMNKP player=PlayerId(1)}: phase_server: game submission processed (lock held) game=RHMNKP kind="action" lock_ms=6 ai_actions=0
2026-09-18T04:32:07.385864Z  INFO ws_message:game_session{game=RHMNKP player=PlayerId(0)}: server_core::session: action applied game=RHMNKP player=PlayerId(0) action_type="PassPriority" event_count=1
2026-09-18T04:32:07.389413Z  INFO ws_message:game_session{game=RHMNKP player=PlayerId(0)}: phase_server: game submission processed (lock held) game=RHMNKP kind="action" lock_ms=6 ai_actions=0
2026-09-18T04:32:07.642366Z  INFO ws_message:game_session{game=RHMNKP player=PlayerId(1)}: server_core::session: action applied game=RHMNKP player=PlayerId(1) action_type="PassPriority" event_count=3
2026-09-18T04:32:07.647374Z  INFO ws_message:game_session{game=RHMNKP player=PlayerId(1)}: phase_server: game submission processed (lock held) game=RHMNKP kind="action" lock_ms=11 ai_actions=0
2026-09-18T04:32:07.890127Z  INFO ws_message:game_session{game=RHMNKP player=PlayerId(0)}: server_core::session: action applied game=RHMNKP player=PlayerId(0) action_type="PassPriority" event_count=1
2026-09-18T04:32:07.894219Z  INFO ws_message:game_session{game=RHMNKP player=PlayerId(0)}: phase_server: game submission processed (lock held) game=RHMNKP kind="action" lock_ms=7 ai_actions=0
2026-09-18T04:32:08.146618Z  INFO ws_message:game_session{game=RHMNKP player=PlayerId(1)}: server_core::session: action applied game=RHMNKP player=PlayerId(1) action_type="PassPriority" event_count=1
2026-09-18T04:32:08.165692Z  INFO ws_message:game_session{game=RHMNKP player=PlayerId(1)}: phase_server: game submission processed (lock held) game=RHMNKP kind="action" lock_ms=23 ai_actions=0
2026-09-18T04:32:08.396977Z  INFO ws_message:game_session{game=RHMNKP player=PlayerId(0)}: server_core::session: action applied game=RHMNKP player=PlayerId(0) action_type="PassPriority" event_count=1
2026-09-18T04:32:08.400668Z  INFO ws_message:game_session{game=RHMNKP player=PlayerId(0)}: phase_server: game submission processed (lock held) game=RHMNKP kind="action" lock_ms=7 ai_actions=0
2026-09-18T04:32:08.652928Z  INFO ws_message:game_session{game=RHMNKP player=PlayerId(1)}: server_core::session: action applied game=RHMNKP player=PlayerId(1) action_type="PassPriority" event_count=1
2026-09-18T04:32:08.658821Z  INFO ws_message:game_session{game=RHMNKP player=PlayerId(1)}: phase_server: game submission processed (lock held) game=RHMNKP kind="action" lock_ms=12 ai_actions=0
2026-09-18T04:32:08.899979Z  INFO ws_message:game_session{game=RHMNKP player=PlayerId(0)}: server_core::session: action applied game=RHMNKP player=PlayerId(0) action_type="PassPriority" event_count=1
2026-09-18T04:32:08.914708Z  INFO ws_message:game_session{game=RHMNKP player=PlayerId(0)}: phase_server: game submission processed (lock held) game=RHMNKP kind="action" lock_ms=17 ai_actions=0
2026-09-18T04:32:09.157849Z  INFO ws_message:game_session{game=RHMNKP player=PlayerId(1)}: server_core::session: action applied game=RHMNKP player=PlayerId(1) action_type="PassPriority" event_count=4
2026-09-18T04:32:09.160670Z  INFO ws_message:game_session{game=RHMNKP player=PlayerId(1)}: phase_server: game submission processed (lock held) game=RHMNKP kind="action" lock_ms=7 ai_actions=0
2026-09-18T04:32:09.406863Z  INFO ws_message:game_session{game=RHMNKP player=PlayerId(1)}: server_core::session: action applied game=RHMNKP player=PlayerId(1) action_type="PassPriority" event_count=1
2026-09-18T04:32:09.414779Z  INFO ws_message:game_session{game=RHMNKP player=PlayerId(1)}: phase_server: game submission processed (lock held) game=RHMNKP kind="action" lock_ms=10 ai_actions=0
2026-09-18T04:32:09.661963Z  INFO ws_message:game_session{game=RHMNKP player=PlayerId(0)}: server_core::session: action applied game=RHMNKP player=PlayerId(0) action_type="PassPriority" event_count=4
2026-09-18T04:32:09.665712Z  INFO ws_message:game_session{game=RHMNKP player=PlayerId(0)}: phase_server: game submission processed (lock held) game=RHMNKP kind="action" lock_ms=10 ai_actions=0
2026-09-18T04:32:09.915374Z  INFO ws_message:game_session{game=RHMNKP player=PlayerId(1)}: server_core::session: action applied game=RHMNKP player=PlayerId(1) action_type="PassPriority" event_count=1
2026-09-18T04:32:09.921450Z  INFO ws_message:game_session{game=RHMNKP player=PlayerId(1)}: phase_server: game submission processed (lock held) game=RHMNKP kind="action" lock_ms=12 ai_actions=0
2026-09-18T04:32:10.164501Z  INFO ws_message:game_session{game=RHMNKP player=PlayerId(0)}: server_core::session: action applied game=RHMNKP player=PlayerId(0) action_type="PassPriority" event_count=1
2026-09-18T04:32:10.212355Z  INFO ws_message:game_session{game=RHMNKP player=PlayerId(0)}: phase_server: game submission processed (lock held) game=RHMNKP kind="action" lock_ms=50 ai_actions=0
2026-09-18T04:32:10.419581Z  INFO ws_message:game_session{game=RHMNKP player=PlayerId(1)}: server_core::session: action applied game=RHMNKP player=PlayerId(1) action_type="PlayLand" event_count=2
2026-09-18T04:32:10.424378Z  INFO ws_message:game_session{game=RHMNKP player=PlayerId(1)}: phase_server: game submission processed (lock held) game=RHMNKP kind="action" lock_ms=11 ai_actions=0
2026-09-18T04:32:10.696637Z  INFO ws_message:game_session{game=RHMNKP player=PlayerId(1)}: server_core::session: action applied game=RHMNKP player=PlayerId(1) action_type="PassPriority" event_count=1
2026-09-18T04:32:10.703361Z  INFO ws_message:game_session{game=RHMNKP player=PlayerId(1)}: phase_server: game submission processed (lock held) game=RHMNKP kind="action" lock_ms=23 ai_actions=0
2026-09-18T04:32:10.917342Z  INFO ws_message:game_session{game=RHMNKP player=PlayerId(0)}: server_core::session: action applied game=RHMNKP player=PlayerId(0) action_type="PassPriority" event_count=1
2026-09-18T04:32:10.921356Z  INFO ws_message:game_session{game=RHMNKP player=PlayerId(0)}: phase_server: game submission processed (lock held) game=RHMNKP kind="action" lock_ms=6 ai_actions=0
2026-09-18T04:32:11.203250Z  INFO ws_message:game_session{game=RHMNKP player=PlayerId(1)}: server_core::session: action applied game=RHMNKP player=PlayerId(1) action_type="PassPriority" event_count=1
2026-09-18T04:32:11.208322Z  INFO ws_message:game_session{game=RHMNKP player=PlayerId(1)}: phase_server: game submission processed (lock held) game=RHMNKP kind="action" lock_ms=7 ai_actions=0
2026-09-18T04:32:11.423309Z  INFO ws_message:game_session{game=RHMNKP player=PlayerId(0)}: server_core::session: action applied game=RHMNKP player=PlayerId(0) action_type="PassPriority" event_count=3
2026-09-18T04:32:11.427388Z  INFO ws_message:game_session{game=RHMNKP player=PlayerId(0)}: phase_server: game submission processed (lock held) game=RHMNKP kind="action" lock_ms=9 ai_actions=0
2026-09-18T04:32:11.705841Z  INFO ws_message:game_session{game=RHMNKP player=PlayerId(1)}: server_core::session: action applied game=RHMNKP player=PlayerId(1) action_type="PassPriority" event_count=1
2026-09-18T04:32:11.711750Z  INFO ws_message:game_session{game=RHMNKP player=PlayerId(1)}: phase_server: game submission processed (lock held) game=RHMNKP kind="action" lock_ms=8 ai_actions=0
2026-09-18T04:32:11.930844Z  INFO ws_message:game_session{game=RHMNKP player=PlayerId(0)}: server_core::session: action applied game=RHMNKP player=PlayerId(0) action_type="PassPriority" event_count=1
2026-09-18T04:32:11.936513Z  INFO ws_message:game_session{game=RHMNKP player=PlayerId(0)}: phase_server: game submission processed (lock held) game=RHMNKP kind="action" lock_ms=15 ai_actions=0
2026-09-18T04:32:12.211261Z  INFO ws_message:game_session{game=RHMNKP player=PlayerId(1)}: server_core::session: action applied game=RHMNKP player=PlayerId(1) action_type="PassPriority" event_count=1
2026-09-18T04:32:12.215809Z  INFO ws_message:game_session{game=RHMNKP player=PlayerId(1)}: phase_server: game submission processed (lock held) game=RHMNKP kind="action" lock_ms=8 ai_actions=0
2026-09-18T04:32:12.447502Z  INFO ws_message:game_session{game=RHMNKP player=PlayerId(0)}: server_core::session: action applied game=RHMNKP player=PlayerId(0) action_type="PassPriority" event_count=1
2026-09-18T04:32:12.464472Z  INFO ws_message:game_session{game=RHMNKP player=PlayerId(0)}: phase_server: game submission processed (lock held) game=RHMNKP kind="action" lock_ms=37 ai_actions=0
2026-09-18T04:32:12.714738Z  INFO ws_message:game_session{game=RHMNKP player=PlayerId(1)}: server_core::session: action applied game=RHMNKP player=PlayerId(1) action_type="PassPriority" event_count=1
2026-09-18T04:32:12.719148Z  INFO ws_message:game_session{game=RHMNKP player=PlayerId(1)}: phase_server: game submission processed (lock held) game=RHMNKP kind="action" lock_ms=6 ai_actions=0
2026-09-18T04:32:12.935347Z  INFO ws_message:game_session{game=RHMNKP player=PlayerId(0)}: server_core::session: action applied game=RHMNKP player=PlayerId(0) action_type="PassPriority" event_count=4
2026-09-18T04:32:12.938548Z  INFO ws_message:game_session{game=RHMNKP player=PlayerId(0)}: phase_server: game submission processed (lock held) game=RHMNKP kind="action" lock_ms=9 ai_actions=0
2026-09-18T04:32:13.183905Z  INFO ws_message:game_session{game=RHMNKP player=PlayerId(0)}: server_core::session: action applied game=RHMNKP player=PlayerId(0) action_type="PassPriority" event_count=1
2026-09-18T04:32:13.191712Z  INFO ws_message:game_session{game=RHMNKP player=PlayerId(0)}: phase_server: game submission processed (lock held) game=RHMNKP kind="action" lock_ms=10 ai_actions=0
2026-09-18T04:32:13.475189Z  INFO ws_message:game_session{game=RHMNKP player=PlayerId(1)}: server_core::session: action applied game=RHMNKP player=PlayerId(1) action_type="PassPriority" event_count=4
2026-09-18T04:32:13.477034Z  INFO ws_message:game_session{game=RHMNKP player=PlayerId(1)}: phase_server: game submission processed (lock held) game=RHMNKP kind="action" lock_ms=9 ai_actions=0
2026-09-18T04:32:13.686727Z  INFO ws_message:game_session{game=RHMNKP player=PlayerId(0)}: server_core::session: action applied game=RHMNKP player=PlayerId(0) action_type="PassPriority" event_count=1
2026-09-18T04:32:13.691889Z  INFO ws_message:game_session{game=RHMNKP player=PlayerId(0)}: phase_server: game submission processed (lock held) game=RHMNKP kind="action" lock_ms=7 ai_actions=0
2026-09-18T04:32:13.971254Z  INFO ws_message:game_session{game=RHMNKP player=PlayerId(1)}: server_core::session: action applied game=RHMNKP player=PlayerId(1) action_type="PassPriority" event_count=1
2026-09-18T04:32:14.016572Z  INFO ws_message:game_session{game=RHMNKP player=PlayerId(1)}: phase_server: game submission processed (lock held) game=RHMNKP kind="action" lock_ms=47 ai_actions=0
2026-09-18T04:32:14.192476Z  INFO ws_message:game_session{game=RHMNKP player=PlayerId(0)}: server_core::session: action applied game=RHMNKP player=PlayerId(0) action_type="PlayLand" event_count=2
2026-09-18T04:32:14.205087Z  INFO ws_message:game_session{game=RHMNKP player=PlayerId(0)}: phase_server: game submission processed (lock held) game=RHMNKP kind="action" lock_ms=18 ai_actions=0
2026-09-18T04:32:14.456641Z  INFO ws_message:game_session{game=RHMNKP player=PlayerId(0)}: server_core::session: action applied game=RHMNKP player=PlayerId(0) action_type="CastSpell" event_count=28
2026-09-18T04:32:14.458210Z  INFO ws_message:game_session{game=RHMNKP player=PlayerId(0)}: phase_server: game submission processed (lock held) game=RHMNKP kind="action" lock_ms=18 ai_actions=0
2026-09-18T04:32:14.700284Z  INFO ws_message:game_session{game=RHMNKP player=PlayerId(0)}: server_core::session: action applied game=RHMNKP player=PlayerId(0) action_type="PassPriority" event_count=1
2026-09-18T04:32:14.729082Z  INFO ws_message:game_session{game=RHMNKP player=PlayerId(0)}: phase_server: game submission processed (lock held) game=RHMNKP kind="action" lock_ms=34 ai_actions=0
2026-09-18T04:32:14.979209Z  INFO ws_message:game_session{game=RHMNKP player=PlayerId(1)}: server_core::session: action applied game=RHMNKP player=PlayerId(1) action_type="PassPriority" event_count=2
2026-09-18T04:32:14.981964Z  INFO ws_message:game_session{game=RHMNKP player=PlayerId(1)}: phase_server: game submission processed (lock held) game=RHMNKP kind="action" lock_ms=6 ai_actions=0
2026-09-18T04:32:15.326056Z  INFO ws_message:game_session{game=RHMNKP player=PlayerId(0)}: server_core::session: action applied game=RHMNKP player=PlayerId(0) action_type="CastSpell" event_count=3
2026-09-18T04:32:15.330756Z  INFO ws_message:game_session{game=RHMNKP player=PlayerId(0)}: phase_server: game submission processed (lock held) game=RHMNKP kind="action" lock_ms=19 ai_actions=0
2026-09-18T04:32:15.577403Z  INFO ws_message:game_session{game=RHMNKP player=PlayerId(0)}: server_core::session: action applied game=RHMNKP player=PlayerId(0) action_type="PassPriority" event_count=1
2026-09-18T04:32:15.585230Z  INFO ws_message:game_session{game=RHMNKP player=PlayerId(0)}: phase_server: game submission processed (lock held) game=RHMNKP kind="action" lock_ms=14 ai_actions=0
2026-09-18T04:32:15.738801Z  INFO ws_message:game_session{game=RHMNKP player=PlayerId(1)}: server_core::session: action applied game=RHMNKP player=PlayerId(1) action_type="PassPriority" event_count=4
2026-09-18T04:32:15.740691Z  INFO ws_message:game_session{game=RHMNKP player=PlayerId(1)}: phase_server: game submission processed (lock held) game=RHMNKP kind="action" lock_ms=5 ai_actions=0
2026-09-18T04:32:15.821016Z  INFO ws_message:game_session{game=RHMNKP player=PlayerId(0)}: server_core::session: action applied game=RHMNKP player=PlayerId(0) action_type="PassPriority" event_count=1
2026-09-18T04:32:15.827853Z  INFO ws_message:game_session{game=RHMNKP player=PlayerId(0)}: phase_server: game submission processed (lock held) game=RHMNKP kind="action" lock_ms=10 ai_actions=0
2026-09-18T04:32:15.990759Z  INFO ws_message:game_session{game=RHMNKP player=PlayerId(1)}: server_core::session: action applied game=RHMNKP player=PlayerId(1) action_type="PassPriority" event_count=2
2026-09-18T04:32:15.993469Z  INFO ws_message:game_session{game=RHMNKP player=PlayerId(1)}: phase_server: game submission processed (lock held) game=RHMNKP kind="action" lock_ms=5 ai_actions=0
2026-09-18T04:32:16.104470Z  INFO ws_message:game_session{game=RHMNKP player=PlayerId(0)}: server_core::session: action applied game=RHMNKP player=PlayerId(0) action_type="PassPriority" event_count=1
2026-09-18T04:32:16.111610Z  INFO ws_message:game_session{game=RHMNKP player=PlayerId(0)}: phase_server: game submission processed (lock held) game=RHMNKP kind="action" lock_ms=41 ai_actions=0
2026-09-18T04:32:16.245108Z  INFO ws_message:game_session{game=RHMNKP player=PlayerId(1)}: server_core::session: action applied game=RHMNKP player=PlayerId(1) action_type="PassPriority" event_count=2
2026-09-18T04:32:16.268302Z  INFO ws_message:game_session{game=RHMNKP player=PlayerId(1)}: phase_server: game submission processed (lock held) game=RHMNKP kind="action" lock_ms=27 ai_actions=0
2026-09-18T04:32:16.913401Z  INFO ws_message:game_session{game=RHMNKP player=PlayerId(0)}: server_core::session: action applied game=RHMNKP player=PlayerId(0) action_type="PassPriority" event_count=1
2026-09-18T04:32:16.921032Z  INFO ws_message:game_session{game=RHMNKP player=PlayerId(0)}: phase_server: game submission processed (lock held) game=RHMNKP kind="action" lock_ms=11 ai_actions=0
2026-09-18T04:32:16.998573Z  INFO ws_message:game_session{game=RHMNKP player=PlayerId(1)}: server_core::session: action applied game=RHMNKP player=PlayerId(1) action_type="PassPriority" event_count=1
2026-09-18T04:32:17.001705Z  INFO ws_message:game_session{game=RHMNKP player=PlayerId(1)}: phase_server: game submission processed (lock held) game=RHMNKP kind="action" lock_ms=6 ai_actions=0
2026-09-18T04:32:17.165803Z  INFO ws_message:game_session{game=RHMNKP player=PlayerId(0)}: server_core::session: action applied game=RHMNKP player=PlayerId(0) action_type="PassPriority" event_count=1
2026-09-18T04:32:17.170762Z  INFO ws_message:game_session{game=RHMNKP player=PlayerId(0)}: phase_server: game submission processed (lock held) game=RHMNKP kind="action" lock_ms=8 ai_actions=0
2026-09-18T04:32:17.259097Z  INFO ws_message:game_session{game=RHMNKP player=PlayerId(1)}: server_core::session: action applied game=RHMNKP player=PlayerId(1) action_type="PassPriority" event_count=3
2026-09-18T04:32:17.262890Z  INFO ws_message:game_session{game=RHMNKP player=PlayerId(1)}: phase_server: game submission processed (lock held) game=RHMNKP kind="action" lock_ms=14 ai_actions=0
2026-09-18T04:32:17.416727Z  INFO ws_message:game_session{game=RHMNKP player=PlayerId(0)}: server_core::session: action applied game=RHMNKP player=PlayerId(0) action_type="PassPriority" event_count=1
2026-09-18T04:32:17.421509Z  INFO ws_message:game_session{game=RHMNKP player=PlayerId(0)}: phase_server: game submission processed (lock held) game=RHMNKP kind="action" lock_ms=7 ai_actions=0
2026-09-18T04:32:17.505948Z  INFO ws_message:game_session{game=RHMNKP player=PlayerId(1)}: server_core::session: action applied game=RHMNKP player=PlayerId(1) action_type="PassPriority" event_count=1
2026-09-18T04:32:17.530090Z  INFO ws_message:game_session{game=RHMNKP player=PlayerId(1)}: phase_server: game submission processed (lock held) game=RHMNKP kind="action" lock_ms=29 ai_actions=0
2026-09-18T04:32:17.919044Z  INFO ws_message:game_session{game=RHMNKP player=PlayerId(0)}: server_core::session: action applied game=RHMNKP player=PlayerId(0) action_type="PassPriority" event_count=1
2026-09-18T04:32:17.923705Z  INFO ws_message:game_session{game=RHMNKP player=PlayerId(0)}: phase_server: game submission processed (lock held) game=RHMNKP kind="action" lock_ms=7 ai_actions=0
2026-09-18T04:32:18.013204Z  INFO ws_message:game_session{game=RHMNKP player=PlayerId(1)}: server_core::session: action applied game=RHMNKP player=PlayerId(1) action_type="PassPriority" event_count=1
2026-09-18T04:32:18.017750Z  INFO ws_message:game_session{game=RHMNKP player=PlayerId(1)}: phase_server: game submission processed (lock held) game=RHMNKP kind="action" lock_ms=13 ai_actions=0
2026-09-18T04:32:18.171774Z  INFO ws_message:game_session{game=RHMNKP player=PlayerId(0)}: server_core::session: action applied game=RHMNKP player=PlayerId(0) action_type="PassPriority" event_count=1
2026-09-18T04:32:18.178597Z  INFO ws_message:game_session{game=RHMNKP player=PlayerId(0)}: phase_server: game submission processed (lock held) game=RHMNKP kind="action" lock_ms=9 ai_actions=0
2026-09-18T04:32:18.514453Z  INFO ws_message:game_session{game=RHMNKP player=PlayerId(1)}: server_core::session: action applied game=RHMNKP player=PlayerId(1) action_type="PassPriority" event_count=4
2026-09-18T04:32:18.518678Z  INFO ws_message:game_session{game=RHMNKP player=PlayerId(1)}: phase_server: game submission processed (lock held) game=RHMNKP kind="action" lock_ms=9 ai_actions=0
2026-09-18T04:32:18.764853Z  INFO ws_message:game_session{game=RHMNKP player=PlayerId(1)}: server_core::session: action applied game=RHMNKP player=PlayerId(1) action_type="PassPriority" event_count=1
2026-09-18T04:32:18.966594Z  INFO ws_message:game_session{game=RHMNKP player=PlayerId(1)}: phase_server: game submission processed (lock held) game=RHMNKP kind="action" lock_ms=204 ai_actions=0
