game 4O8YJE; P0 seat=0 P1 seat=1
P0 keeps opening hand (tempest=True, lands=6)
P1 keeps opening hand
DIAG turn=1 active=1 phase=Untap wf=MulliganDecision pp=1 P0hand=['fateful tempest', 'mountain', 'mountain', 'mountain', 'mountain', 'mountain', 'mountain'] P0lands=0 life=20/20 stack=0 cast=False vote=False pre=False post=False
[P1] interaction rtype=exactChoices vote_like=False choices=[]
[P0] interaction rtype=exactChoices vote_like=False choices=[]
[P1] interaction rtype=exactChoices vote_like=False choices=[ // Mountain // Mountain // Mountain // Mountain // Mountain // Mountain // Mountain]
[P1] interaction rtype=exactChoices vote_like=False choices=[ // Mountain]
[P0] interaction rtype=exactChoices vote_like=False choices=[ // Mountain // Mountain // Mountain // Mountain // Mountain // Mountain // Mountain]
[P0] interaction rtype=exactChoices vote_like=False choices=[ // Mountain]
[P1] interaction rtype=exactChoices vote_like=False choices=[ // Mountain // Mountain]
[P0] interaction rtype=exactChoices vote_like=False choices=[ // Mountain // Mountain]
[P1] interaction rtype=exactChoices vote_like=False choices=[ // Mountain // Mountain // Mountain]
[P0] interaction rtype=exactChoices vote_like=False choices=[ // Fateful Tempest // Fateful Tempest // Fateful Tempest // Fateful Tempest // Mountain // Mountain // Mountain]
P0 main phase: exporting PRE, then casting Fateful Tempest
P0 casts Fateful Tempest (turn 6)
Tempest resolved; exporting POST
exported POST
post exported; finishing
milled=[('fateful tempest', 3)] mv_sum=3 dmg_p1=0 exiled=[]
