game XO0CHX; seats P0=0 P1=1 RUN_ID=20260913-6951b
P0 keeps (6 lands)
P1 keeps (6 lands)
DIAG turn=1 active=1 phase=Untap wf=MulliganDecision pp=1 P0life=20 ecd=None lore=- bear_bf=[] bear_yard=[] stack=[] ST_bolt2=False/False ch3=False/False/False
[P0] casting grizzly bears via CastSpell (oid 44)
[P1] casting lightning bolt via CastSpell (oid 75)
[P1] bolt1-target-bear: chose oid=44 (Grizzly Bears)
[P1] submitting interaction iid=XO0CHX.0.160 choice=XO0CHX.0.160.t2 (Grizzly Bears)
[P0] casting elspeth conquers death via CastSpell (oid 32)
ECD on BF: oid=32
chapter II reached (lore=2)
[P1] casting lightning bolt via CastSpell (oid 111)
bolt2 cast (in chapter-II tax window)
[P1] bolt2-target-p0: chose oid=None ()
[P1] submitting interaction iid=XO0CHX.0.229 choice=XO0CHX.0.229.t0 ()
bolt2 resolved: P1 tapped Mountains = 1
chapter III reached (lore=3)
exported PRE
PRE exported: chapter III pending, Bear in yard
[P0] counter choice: picked '0 (optionIndex 0)'
[P0] submitting interaction iid=XO0CHX.0.249 choice=XO0CHX.0.249.c0 (0)
exported MID
MID exported: after chapter II
exported POST
POST exported: Bear returned with counter
post exported; finishing
loaded pre.json
loaded mid.json
loaded post.json
copied scenario_6951.py and server.log into EVDIR
wrote summary.png
wrote manifest.sha256
