ServerHello: version=0.105.0 build=965e243 protocol=120 mode=Full
data-level check: ok=True notes=[]
P0 creating game...
P1 joining...
game EYL442; seats 0/1
[P0] keeps (hand=7)
[P1] keeps (hand=7)
[P0] playing land island
[P1] playing land island
[P0] playing land island
[P1] playing land island
[P0] playing land island
exported pre_cast.json
[armed] pre_cast exported turn 5 hand=6 lib=51 islands=3
[P0] casting Breakthrough (oid 46); engine auto-pays (payment_mode Auto)
[P0] Breakthrough X prompt range [0,2]; answering X=2 (wanted 2, clamped=False)
[P0] cast confirmed on stack: Breakthrough (oid 46)
exported post_cast.json
[post] post_cast exported turn 5 phase=PostCombatMain hand=9 lib=47 x=2
A1_setup_ok: passed
A2_x_announced: passed
A3_draw_completed: passed
A4_choose_prompted: failed
A5_discard_happened: failed
A6_cleanup: passed
WF sequence: ['MulliganDecision', 'Priority', 'ChooseXValue', 'Priority']
verdict: reproduced
