[06:46:56] server identity hashes recomputed against on-disk pinned artifacts
[06:46:56] ServerHello: version=0.105.0 build=965e243 protocol=120 mode=Full
[06:46:56] ===== attempt 1 =====
[06:46:56] game VL4V7X attempt=1; P0 seat=0 P1 seat=1
[06:46:56] [6764-a1] phase 1: ramp to Knowledge Pool
[06:46:56] [6764-a1] keep 7: ['shock', 'shock', 'mountain', 'mountain', 'shock', 'shock', 'shock']
[06:46:56] [P16764-a1] keep 7: ['island', 'island', 'island', 'island', 'island', 'island', 'island']
[06:46:56] [6764-a1] DIAG rev=2 turn=1 phase=Untap prio=False vikind='mulligan' real_decision=False pool_cast=None imprint_done=None leg=1
[06:46:57] [P16764-a1] playing land island (legacy)
[06:46:59] [6764-a1] playing land mountain (legacy)
[06:47:02] [P16764-a1] playing land island (legacy)
[06:47:04] [6764-a1] playing land mountain (legacy)
[06:47:06] [P16764-a1] playing land island (legacy)
[06:47:09] [6764-a1] playing land mountain (legacy)
[06:47:11] [P16764-a1] playing land island (legacy)
[06:47:13] [6764-a1] playing land mountain (legacy)
[06:47:16] [P16764-a1] playing land island (legacy)
[06:47:18] [6764-a1] playing land mountain (legacy)
[06:47:21] [P16764-a1] playing land island (legacy)
[06:47:26] [6764-a1] discarding to hand size via vi (select)
[06:47:33] [6764-a1] DIAG rev=183 turn=13 phase=Upkeep prio=True vikind='choose' real_decision=False pool_cast=None imprint_done=None leg=1
[06:47:33] [P16764-a1] playing land island (legacy)
[06:47:37] [6764-a1] discarding to hand size via vi (select)
[06:47:38] [P16764-a1] playing land island (legacy)
[06:47:43] [6764-a1] discarding to hand size via vi (select)
[06:47:44] [P16764-a1] playing land island (legacy)
[06:47:48] [6764-a1] discarding to hand size via vi (select)
[06:47:49] [P16764-a1] playing land island (legacy)
[06:47:52] [6764-a1] playing land mountain (legacy)
[06:47:55] [P16764-a1] playing land island (legacy)
[06:47:57] [6764-a1] casting Knowledge Pool (oid 5); engine auto-pays (payment_mode Auto); awaiting confirmation
[06:47:57] [6764-a1] cast confirmed (oid=5, flag=pool_cast)
[06:47:58] [6764-a1] A1: pool_on_bf=True exiled=6 lib_delta=(3,3) -> passed
[06:47:58] [6764-a1] phase 2: leg 1 (decline)
[06:47:58] [6764-a1] DIAG rev=327 turn=22 phase=PreCombatMain prio=False vikind='choose' real_decision=False pool_cast=True imprint_done=True leg=1
[06:48:00] [P16764-a1] playing land island (legacy)
[06:48:03] [6764-a1] playing land mountain (legacy)
[06:48:03] [6764-a1] leg 1: casting Shock #1 (oid 2); engine auto-pays; awaiting confirmation
[06:48:03] [6764-a1] submitting Shock target: P1 (seat 1)
[06:48:03] [6764-a1] submitting advertised target: id=VL4V7X.0.357.t1 kind=sequence ()
[06:48:04] [6764-a1] cast confirmed (oid=2, flag=shock_cast_leg1)
[06:48:04] [6764-a1] P0 DECLINES Knowledge Pool may-choice
[06:48:04] [6764-a1] submitting interaction iid=VL4V7X.0.360 choice=VL4V7X.0.360.c0 (false)
[06:48:04] [6764-a1] leg 1 declined; 25s no-choice verification window
[06:48:11] [P16764-a1] playing land island (legacy)
[06:48:19] [6764-a1] playing land mountain (legacy)
[06:48:26] [P16764-a1] playing land island (legacy)
[06:48:29] [6764-a1] A2a: no_choice_after_decline=True shock1_exiled=True stack_empty=True -> passed
[06:48:29] [6764-a1] phase 3: leg 2 (accept)
[06:48:29] [6764-a1] DIAG rev=411 turn=27 phase=EndCombat prio=True vikind='choose' real_decision=False pool_cast=True imprint_done=True leg=2
[06:48:31] [6764-a1] playing land mountain (legacy)
[06:48:32] [6764-a1] leg 2: casting Shock #2 (oid 45); engine auto-pays; awaiting confirmation
[06:48:32] [6764-a1] submitting Shock target: P1 (seat 1)
[06:48:32] [6764-a1] submitting advertised target: id=VL4V7X.0.422.t1 kind=sequence ()
[06:48:32] [6764-a1] cast confirmed (oid=45, flag=shock_cast_leg2)
[06:48:32] [6764-a1] P0 ACCEPTS Knowledge Pool may-choice
[06:48:32] [6764-a1] submitting interaction iid=VL4V7X.0.425 choice=VL4V7X.0.425.c1 (true)
[06:48:32] [6764-a1] A2b: leg-2 may-choice offered and accepted -> passed
[06:48:32] [6764-a1] waiting for the free-cast card choice
[06:48:33] [6764-a1] DIAG rev=425 turn=28 phase=PreCombatMain prio=False vikind='choose' real_decision=True pool_cast=True imprint_done=True leg=2
[06:48:36] [P16764-a1] playing land island (legacy)
[06:48:39] [6764-a1] playing land mountain (legacy)
[06:48:43] [P16764-a1] playing land island (legacy)
[06:48:47] [6764-a1] playing land mountain (legacy)
[06:48:50] [P16764-a1] playing land island (legacy)
[06:48:54] [6764-a1] playing land mountain (legacy)
[06:48:58] [P16764-a1] playing land island (legacy)
[06:49:01] [6764-a1] playing land mountain (legacy)
[06:49:03] [6764-a1] DIAG rev=553 turn=36 phase=PostCombatMain prio=False vikind='choose' real_decision=False pool_cast=True imprint_done=True leg=2
[06:49:04] [P16764-a1] playing land island (legacy)
[06:49:08] [6764-a1] playing land mountain (legacy)
[06:49:11] [P16764-a1] playing land island (legacy)
[06:49:15] [6764-a1] playing land mountain (legacy)
[06:49:19] [P16764-a1] playing land island (legacy)
[06:49:23] [6764-a1] playing land mountain (legacy)
[06:49:27] [P16764-a1] playing land island (legacy)
[06:49:31] [6764-a1] playing land mountain (legacy)
[06:49:33] [6764-a1] DIAG rev=672 turn=44 phase=PostCombatMain prio=True vikind='choose' real_decision=False pool_cast=True imprint_done=True leg=2
[06:49:35] [P16764-a1] playing land island (legacy)
[06:49:42] [P16764-a1] playing land island (legacy)
[06:49:46] [6764-a1] playing land mountain (legacy)
[06:49:49] [P16764-a1] playing land island (legacy)
[06:49:53] [6764-a1] playing land mountain (legacy)
[06:49:57] [P16764-a1] playing land island (legacy)
[06:50:00] [6764-a1] playing land mountain (legacy)
[06:50:03] [6764-a1] DIAG rev=798 turn=53 phase=Draw prio=True vikind='choose' real_decision=False pool_cast=True imprint_done=True leg=2
[06:50:03] [P16764-a1] playing land island (legacy)
[06:50:09] [P16764-a1] playing land island (legacy)
[06:50:14] [6764-a1] playing land mountain (legacy)
[06:50:18] [P16764-a1] playing land island (legacy)
[06:50:22] [6764-a1] playing land mountain (legacy)
[06:50:32] [P16764-a1] playing land island (legacy)
[06:50:33] [6764-a1] DIAG rev=892 turn=59 phase=BeginCombat prio=True vikind='choose' real_decision=False pool_cast=True imprint_done=True leg=2
[06:50:38] [6764-a1] discarding to hand size via vi (select)
[06:50:39] [P16764-a1] playing land island (legacy)
[06:50:47] [6764-a1] discarding to hand size via vi (select)
[06:50:48] [P16764-a1] playing land island (legacy)
[06:50:52] [6764-a1] playing land mountain (legacy)
[06:50:57] [P16764-a1] playing land island (legacy)
[06:51:01] [6764-a1] playing land mountain (legacy)
[06:51:03] [6764-a1] DIAG rev=999 turn=66 phase=EndCombat prio=False vikind='choose' real_decision=False pool_cast=True imprint_done=True leg=2
[06:51:05] [P16764-a1] playing land island (legacy)
[06:51:13] [6764-a1] discarding to hand size via vi (select)
[06:51:14] [P16764-a1] playing land island (legacy)
[06:51:19] [6764-a1] playing land mountain (legacy)
[06:51:23] [P16764-a1] playing land island (legacy)
[06:51:28] [6764-a1] playing land mountain (legacy)
[06:51:32] [P16764-a1] playing land island (legacy)
[06:51:33] attempt 1 assertions: {"A1_setup_ok": "passed", "A2a_decline_control": "passed", "A2b_accept_may": "passed", "A3_choice_scope": "failed", "A4_free_cast_executes": "not-run", "A5_cleanup": "not-run"}
[06:51:33] assertions: {"A1_setup_ok": "passed", "A2a_decline_control": "passed", "A2b_accept_may": "passed", "A3_choice_scope": "failed", "A4_free_cast_executes": "not-run", "A5_cleanup": "not-run"}
[06:51:33] verdict: reproduced
[06:51:33] note: no free-cast card choice appeared within 180s of accepting the may
[06:51:33] note: protocol-120 driver (v0.105.0): mechanical port of the verified protocol-118 scenario_6764_01040.py. Knowledge Pool cast via bare legacy CastSpell matched by object_id, engine auto-pays (payment_mode Auto); the driver never taps lands for mana itself (no double-payment artifact). Shock casts via CastSpell with {R:1}; Shock targets via the advertised vi target opportunity (schema select/sequence), seat-1 candidate preferred; may-choice via exactChoices decideOptionalEffect accept true/false; the free-cast card choice found by scanning vi opportunities for card-object candidates (hand-zone-only prompts excluded); free cast submitted as {type:<spec.type>, data:{choiceIds:[...]}}; free_cast_window flag marks the card-choice-to-resolution window (driver makes no mana payments at all, so any mana demand by the engine would surface as a stall rather than being silently paid).
[06:51:33] note: Cast-confirmation guard (AGENTS.md 2026-10-09): after every CastSpell submission the driver withholds priority and starts no new main-phase plays until the cast is confirmed (spell left the hand / on the stack); *_cast flags are set at confirmation, not submission; 30s backstop treats a still-in-hand cast as dropped and re-arms the cast block. The free-cast choice (a viewer interaction, not a legacy CastSpell) gets a progress watcher with no priority hold.
[06:51:33] note: P0 deck 4x Knowledge Pool + 24x Shock + 32x Mountain; P1 60x Island draw-go, never attacks or blocks (engine accepts >4-of for custom games). Leg 1 (decline) exiles Shock #1, making it part of the legal free-cast set on leg 2 alongside the 6 imprint cards.
[06:51:33] note: Shared-server reuse: this run did not start its own phase-server; it reused the pinned v0.105.0 server on 127.0.0.1:9374 (PID 2974, owned by run-6729-reval-v01050-20261010-0441) after the handshake matched the pinned version/build/protocol.
[06:51:33] server excerpts: 2208 lines for VL4V7X
[06:51:33] render: rc=0 wrote summary.png 
