[03:29:52] server identity hashes verified against on-disk pinned artifacts
[03:29:55] ServerHello: version=0.102.0 build=e17f6fd protocol=106 mode=Full
[03:29:55] data-level finding: v0.102.0 card data still collapses Dargo's cost into a single ModifyCost { Reduce {2}, dynamic_count: TrackedSetSize } with condition AdditionalCostPaid; the 'each other artifact or creature you've sacrificed this turn' reduction is absent from the parse (same as v0.98.0).
[03:29:56] P0 creating game...
[03:29:56] P1 joining...
[03:29:56] game OQ2UGM; P0 seat=0 P1 seat=1
[03:29:57] [P0] mulligan -> Mulligan (hand=['memnite', 'mountain', 'mountain', 'mountain', 'mountain', 'mountain', 'mountain'])
[03:29:57] [P1] mulligan -> Keep (hand=['mountain', 'mountain', 'mountain', 'mountain', 'mountain', 'mountain', 'mountain'])
[03:29:57] [P0] mulligan -> Keep (hand=['mountain', 'mountain', 'mountain', 'mountain', 'mountain', 'dargo, the shipwrecker', 'memnite'])
[03:29:57] [P1] mulligan -> Keep (hand=['mountain', 'mountain', 'mountain', 'mountain', 'mountain', 'mountain', 'mountain'])
[03:29:57] [P0] bottoms 1: ['mountain']
[03:29:58] [P0] playing land mountain
[03:29:59] [P0] casts Memnite (12)
[03:30:06] [P1] discards 1: ['mountain']
[03:30:07] [P0] playing land mountain
[03:30:09] [P0] declare no attackers
[03:30:15] [P1] discards 1: ['mountain']
[03:30:16] [P0] playing land mountain
[03:30:17] [P0] declare no attackers
[03:30:23] [P1] discards 1: ['mountain']
[03:30:25] [P0] playing land mountain
[03:30:25] [P0] casts Goblin Bombardment (38)
[03:30:27] [P0] declare no attackers
[03:30:34] [P1] discards 1: ['mountain']
[03:30:35] [P0] playing land mountain
[03:30:36] [P0] declare no attackers
[03:30:42] [P1] discards 1: ['mountain']
[03:30:44] [P0] playing land mountain
[03:30:45] [P0] declare no attackers
[03:30:51] [P1] discards 1: ['mountain']
[03:30:52] [P0] playing land mountain
[03:30:54] [P0] declare no attackers
[03:30:57] DIAG p0: rev=213 turn=14 phase=Draw step=SETUP prio=False decision=False cast=None legend=0
[03:31:01] [P1] discards 1: ['mountain']
[03:31:02] [P0] playing land mountain
[03:31:03] [P0] declare no attackers
[03:31:09] [P1] discards 1: ['mountain']
[03:31:10] [P0] playing land mountain
[03:31:10] [P0] casts Memnite (18)
[03:31:12] [P0] declare no attackers
[03:31:18] [P1] discards 1: ['mountain']
[03:31:20] [P0] playing land mountain
[03:31:21] [P0] declare no attackers
[03:31:28] [P1] discards 1: ['mountain']
[03:31:29] [P0] playing land mountain
[03:31:31] [P0] declare no attackers
[03:31:37] [P1] discards 1: ['mountain']
[03:31:39] [P0] playing land mountain
[03:31:40] [P0] declare no attackers
[03:31:46] [P1] discards 1: ['mountain']
[03:31:47] [P0] playing land mountain
[03:31:49] [P0] declare no attackers
[03:31:54] [P1] discards 1: ['mountain']
[03:31:56] [P0] casts Memnite (54)
[03:31:57] DIAG p0: rev=425 turn=27 phase=BeginCombat step=SETUP prio=False decision=False cast=None legend=0
[03:31:57] [P0] declare no attackers
[03:32:04] [P1] discards 1: ['mountain']
[03:32:05] [P0] playing land mountain
[03:32:08] [P0] declare no attackers
[03:32:14] [P1] discards 1: ['mountain']
[03:32:17] [P0] declare no attackers
[03:32:23] [P1] discards 1: ['mountain']
[03:32:25] [P0] casts Memnite (24)
[03:32:27] [P0] declare no attackers
[03:32:33] [P1] discards 1: ['mountain']
[03:32:35] [P0] playing land mountain
[03:32:35] exported pre.json
[03:32:35] === stage -> ACTIVATE_BOMBARD ===
[03:32:36] [P0] declare no attackers
[03:32:37] [P0] activates Bombardment (plan sac Memnite 12)
[03:32:37] [P0] Bombardment targets P1
[03:32:37] [P0] submitting target: id=OQ2UGM.0.555.t1 kind=sequence ()
[03:32:38] [P0] Bombardment sacrifices Memnite (['OQ2UGM.0.556.s0'])
[03:32:39] === bombardment activation done -> LEG1 ===
[03:32:44] [P1] discards 1: ['mountain']
[03:32:46] [P0] playing land mountain
[03:32:46] [P0] casts LEG1 (Dargo 20); untapped_before=16
[03:32:46] [P0] LEG1: optional additional-cost prompt seen
[03:32:46] [P0] LEG1: additional cost -> DECLINE
[03:32:46] [P0] submitting interaction iid=OQ2UGM.0.584 choice=OQ2UGM.0.584.c1 (false)
[03:32:47] exported post_leg1.json
[03:32:47] LEG1 resolved: spent=7 (before=16 after=9 pool_after=0 manual_taps=0)
[03:32:47] === -> LEG2 ===
[03:32:52] [P0] casts LEG2 (Dargo 37); untapped_before=9
[03:32:53] [P0] LEG2: additional cost -> PAY
[03:32:53] [P0] submitting interaction iid=OQ2UGM.0.588 choice=OQ2UGM.0.588.c2 (true)
[03:32:53] [P0] LEG2: sacrifice count -> 2
[03:32:53] [P0] LEG2: sacrificing 2 permanents
[03:32:54] [P0] legend rule: keeps first (advertised action)
[03:32:54] exported post_leg2.json
[03:32:54] LEG2 resolved: spent=3 (before=9 after=6 pool_after=0 manual_taps=0)
[03:32:54] === LEG2 done; finishing ===
