[03:47:42] starting issue #6690 run 20261007-0341-6690 (pinned v0.103.0, protocol 106)
[03:47:42] ServerHello: version=0.103.0 build=ec27a8d protocol=106 mode=Full
[03:47:45] parse: bullies ability top_effect={"type": "Unimplemented", "name": "change_zone_enters_under_anaphor"}; structural scan hits = 0
[03:47:45] [game] game created code=6XNPM6
[03:47:46] [P0] mulligan: keep (mulls=0)
[03:47:46] [P1] mulligan: keep (mulls=0)
[03:47:46] [game] DIAG turn=1 active=1 phase=Untap P0hand=7 P1hand=7 stack=0 stage=develop bullies=no gy_bears=0
[03:47:46] [P1] playing land island
[03:47:49] [P0] playing land forest
[03:47:52] [P1] playing land island
[03:47:55] [P0] playing land mountain
[03:47:59] [P1] playing land island
[03:48:02] [P0] playing land swamp
[03:48:05] [P1] playing land island
[03:48:08] [P0] playing land forest
[03:48:08] [P0] casts Beamtown Bullies (t8); stage=armed
[03:48:11] [P1] playing land island
[03:48:14] [P0] tap land for mana used_for=B
[03:48:14] [P0] tap land for mana used_for=R
[03:48:14] [P0] tap land for mana used_for=generic
[03:48:15] [P0] playing land swamp
[03:48:19] [P1] playing land island
[03:48:22] [P0] casts Faithless Looting (t12)
[03:48:22] [P0] discard(looting): submits ['grizzly bears', 'grizzly bears'] via vi select
[03:48:23] [P0] playing land swamp
[03:48:26] [P0] PROBE POINT t13 Upkeep: bullies=15 untapped, bears_in_gy=2, P1's turn, P0 priority (cast on t8)
[03:48:26] exported pre.json (464254 bytes)
[03:48:26] [P0] ActivateAbility candidates for bullies 15: 2
[03:48:26] [P0] attempting activation while holding priority: {"source_id": 15, "ability_index": 0}
[03:48:29] [P0] after attempt: stack=1 tapped=True vi_kind=choose
[03:48:29] exported post.json (473803 bytes)
[03:48:30] [P1] playing land island
[03:48:46] [game] DIAG turn=14 active=0 phase=PreCombatMain P0hand=6 P1hand=6 stack=0 stage=settle bullies=bf gy_bears=2
[03:48:58] [P0] settle complete; finishing
[03:48:58] [game] contract complete; finishing
[03:48:59] rendered /home/hatch/workspace/dev/phase-backfill/evidence/6690/20261007-0341-6690/summary.png
[03:48:59] server excerpts: 447 lines
