[10:46:03] server identity hashes verified against the v0.103.0 pin
[10:46:06] ServerHello: version=0.103.0 build=ec27a8d protocol=106 mode=Full
[10:46:06] saved parse_bloodchief_torment.json
[10:46:06] parse: bloodchief=True torment=True oracle_ok=True
[10:46:07] P0 creating game (default Bo1, 2 seats)...
[10:46:08] P1 joining...
[10:46:08] game DK5R4Z; P0 seat=0 P1 seat=1 RUN_ID=20261008-7143b
[10:46:08] [P0] mulligan -> Keep (hand=['swamp', 'bloodchief ascension', 'swamp', 'bump in the night', 'dark ritual', 'torment of hailfire', 'swamp'])
[10:46:08] [P1] mulligan -> Keep (hand=['memnite', 'memnite', 'memnite', 'memnite', 'memnite', 'memnite', 'memnite'])
[10:46:08] DIAG turn=1 active=0 phase=Untap stage=setup asc_bf=False quest=0 p1mem=0 lands0=0 life=[20, 20] unless=0 bc=0/0 torment=False/False stack=0
[10:46:09] life = (20, 20)
[10:46:09] [P0] plays land ? (target 99 untapped)
[10:46:09] [P0] casting Bloodchief Ascension oid=39 t1
[10:46:10] stage -> counters
[10:46:14] [P1] casting Memnite oid=68 (bf=0)
[10:46:14] [P1] casting Memnite oid=79 (bf=1)
[10:46:15] [P1] casting Memnite oid=83 (bf=2)
[10:46:16] [P1] casting Memnite oid=85 (bf=3)
[10:46:17] [P1] casting Memnite oid=95 (bf=4)
[10:46:17] [P1] casting Memnite oid=98 (bf=5)
[10:46:18] [P1] casting Memnite oid=103 (bf=6)
[10:46:20] [P1] casting Memnite oid=119 (bf=7)
[10:46:24] [P0] plays land ? (target 99 untapped)
[10:46:25] [P0] casting Bump in the Night (#1) oid=47 t3
[10:46:26] life = (20, 17)
[10:46:26] [P0] bump resolved (bumps_cast=1)
[10:46:28] [P0] quest-counter offer #1: ACCEPT
[10:46:28] [P0] submitting interaction iid=DK5R4Z.0.76 choice=DK5R4Z.0.76.c1 (true)
[10:46:30] [P1] casting Memnite oid=65 (bf=8)
[10:46:35] [P0] plays land ? (target 99 untapped)
[10:46:35] [P0] casting Bump in the Night (#2) oid=59 t5
[10:46:35] [P0] bump resolved (bumps_cast=2)
[10:46:36] life = (20, 14)
[10:46:38] [P0] quest-counter offer #2: ACCEPT
[10:46:38] [P0] submitting interaction iid=DK5R4Z.0.115 choice=DK5R4Z.0.115.c1 (true)
[10:46:40] [P1] casting Memnite oid=70 (bf=9)
[10:46:45] [P0] plays land ? (target 99 untapped)
[10:46:49] [P1] casting Memnite oid=104 (bf=10)
[10:46:53] [P0] plays land ? (target 99 untapped)
[10:46:57] [P1] casting Memnite oid=75 (bf=11)
[10:47:02] [P0] plays land ? (target 99 untapped)
[10:47:06] [P1] casting Memnite oid=74 (bf=12)
[10:47:08] DIAG turn=12 active=1 phase=PostCombatMain stage=counters asc_bf=True quest=2 p1mem=13 lands0=6 life=[20, 14] unless=0 bc=0/0 torment=False/False stack=0
[10:47:10] [P0] plays land ? (target 99 untapped)
[10:47:14] [P1] casting Memnite oid=97 (bf=13)
[10:47:19] [P0] plays land ? (target 99 untapped)
[10:47:25] [P1] casting Memnite oid=111 (bf=14)
[10:47:29] [P0] plays land ? (target 99 untapped)
[10:47:33] [P1] casting Memnite oid=93 (bf=15)
[10:47:39] [P0] plays land ? (target 99 untapped)
[10:47:44] [P1] casting Memnite oid=100 (bf=16)
[10:47:49] [P0] plays land ? (target 99 untapped)
[10:47:49] [P0] casting Bump in the Night (#3) oid=26 t21
[10:47:49] [P0] bump resolved (bumps_cast=3)
[10:47:50] life = (20, 11)
[10:47:52] [P0] quest-counter offer #3: ACCEPT
[10:47:52] [P0] submitting interaction iid=DK5R4Z.0.385 choice=DK5R4Z.0.385.c1 (true)
[10:47:52] stage -> ramp
[10:47:54] [P1] casting Memnite oid=105 (bf=17)
[10:47:59] [P0] plays land ? (target 99 untapped)
[10:47:59] exported PRE
[10:47:59] PRE exported: quest=3 p1_bf_memnites=18 life=20/11
[10:47:59] [P0] cast Torment of Hailfire oid=31 t23 (engine Auto payment)
[10:48:00] [P0] Torment X-choice -> X=10 (schema number)
[10:48:00] Torment of Hailfire seen on the stack
[10:48:00] Torment of Hailfire in P0 graveyard (resolution done)
[10:48:00] [P1] unless-pay shape wired (rep 1): kinds=['decline', 'sacrifice', 'discard']
[10:48:00] [P1] torment rep 1: branch=sacrifice (kinds=['decline', 'sacrifice', 'discard'])
[10:48:00] [P1] submitting interaction iid=DK5R4Z.0.415 choice=DK5R4Z.0.415.c1 (0)
[10:48:01] [P0] X=10 confirmed (first unless-pay prompt arrived)
[10:48:01] [P1] sacrifice follow-up: memnite oid=68
[10:48:01] [P1] submitting interaction iid=DK5R4Z.0.416 choice=DK5R4Z.0.416.s0 (Memnite)
[10:48:01] [P1] unless-pay shape wired (rep 2): kinds=['decline', 'sacrifice', 'discard']
[10:48:01] [P1] torment rep 2: branch=sacrifice (kinds=['decline', 'sacrifice', 'discard'])
[10:48:01] [P1] submitting interaction iid=DK5R4Z.0.417 choice=DK5R4Z.0.417.c1 (0)
[10:48:02] [P1] sacrifice follow-up: memnite oid=79
[10:48:02] [P1] submitting interaction iid=DK5R4Z.0.418 choice=DK5R4Z.0.418.s0 (Memnite)
[10:48:02] [P1] unless-pay shape wired (rep 3): kinds=['decline', 'sacrifice', 'discard']
[10:48:02] [P1] torment rep 3: branch=sacrifice (kinds=['decline', 'sacrifice', 'discard'])
[10:48:02] [P1] submitting interaction iid=DK5R4Z.0.419 choice=DK5R4Z.0.419.c1 (0)
[10:48:03] [P1] sacrifice follow-up: memnite oid=83
[10:48:03] [P1] submitting interaction iid=DK5R4Z.0.420 choice=DK5R4Z.0.420.s0 (Memnite)
[10:48:03] [P1] unless-pay shape wired (rep 4): kinds=['decline', 'sacrifice', 'discard']
[10:48:03] [P1] torment rep 4: branch=sacrifice (kinds=['decline', 'sacrifice', 'discard'])
[10:48:03] [P1] submitting interaction iid=DK5R4Z.0.421 choice=DK5R4Z.0.421.c1 (0)
[10:48:03] [P1] sacrifice follow-up: memnite oid=85
[10:48:03] [P1] submitting interaction iid=DK5R4Z.0.422 choice=DK5R4Z.0.422.s0 (Memnite)
[10:48:03] [P1] unless-pay shape wired (rep 5): kinds=['decline', 'sacrifice', 'discard']
[10:48:03] [P1] torment rep 5: branch=sacrifice (kinds=['decline', 'sacrifice', 'discard'])
[10:48:03] [P1] submitting interaction iid=DK5R4Z.0.423 choice=DK5R4Z.0.423.c1 (0)
[10:48:04] [P1] sacrifice follow-up: memnite oid=95
[10:48:04] [P1] submitting interaction iid=DK5R4Z.0.424 choice=DK5R4Z.0.424.s0 (Memnite)
[10:48:04] [P1] unless-pay shape wired (rep 6): kinds=['decline', 'sacrifice', 'discard']
[10:48:04] [P1] torment rep 6: branch=sacrifice (kinds=['decline', 'sacrifice', 'discard'])
[10:48:04] [P1] submitting interaction iid=DK5R4Z.0.425 choice=DK5R4Z.0.425.c1 (0)
[10:48:04] [P1] sacrifice follow-up: memnite oid=98
[10:48:04] [P1] submitting interaction iid=DK5R4Z.0.426 choice=DK5R4Z.0.426.s0 (Memnite)
[10:48:04] [P1] unless-pay shape wired (rep 7): kinds=['decline', 'sacrifice', 'discard']
[10:48:04] [P1] torment rep 7: branch=sacrifice (kinds=['decline', 'sacrifice', 'discard'])
[10:48:04] [P1] submitting interaction iid=DK5R4Z.0.427 choice=DK5R4Z.0.427.c1 (0)
[10:48:05] [P1] sacrifice follow-up: memnite oid=103
[10:48:05] [P1] submitting interaction iid=DK5R4Z.0.428 choice=DK5R4Z.0.428.s0 (Memnite)
[10:48:05] [P1] unless-pay shape wired (rep 8): kinds=['decline', 'sacrifice', 'discard']
[10:48:05] [P1] torment rep 8: branch=sacrifice (kinds=['decline', 'sacrifice', 'discard'])
[10:48:05] [P1] submitting interaction iid=DK5R4Z.0.429 choice=DK5R4Z.0.429.c1 (0)
[10:48:05] [P1] sacrifice follow-up: memnite oid=119
[10:48:05] [P1] submitting interaction iid=DK5R4Z.0.430 choice=DK5R4Z.0.430.s0 (Memnite)
[10:48:06] [P1] unless-pay shape wired (rep 9): kinds=['decline', 'sacrifice', 'discard']
[10:48:06] [P1] torment rep 9: branch=sacrifice (kinds=['decline', 'sacrifice', 'discard'])
[10:48:06] [P1] submitting interaction iid=DK5R4Z.0.431 choice=DK5R4Z.0.431.c1 (0)
[10:48:06] [P1] sacrifice follow-up: memnite oid=65
[10:48:06] [P1] submitting interaction iid=DK5R4Z.0.432 choice=DK5R4Z.0.432.s0 (Memnite)
[10:48:06] [P1] unless-pay shape wired (rep 10): kinds=['decline', 'sacrifice', 'discard']
[10:48:06] [P1] torment rep 10: branch=sacrifice (kinds=['decline', 'sacrifice', 'discard'])
[10:48:06] [P1] submitting interaction iid=DK5R4Z.0.433 choice=DK5R4Z.0.433.c1 (0)
[10:48:06] [P1] sacrifice follow-up: memnite oid=70
[10:48:06] [P1] submitting interaction iid=DK5R4Z.0.434 choice=DK5R4Z.0.434.s0 (Memnite)
[10:48:07] [P0] bloodchief trigger offer #1: ACCEPT
[10:48:07] [P0] submitting interaction iid=DK5R4Z.0.437 choice=DK5R4Z.0.437.c1 (true)
[10:48:07] life = (22, 9)
[10:48:08] DIAG turn=23 active=0 phase=EndCombat stage=torment_resolve asc_bf=True quest=3 p1mem=8 lands0=0 life=[22, 9] unless=10 bc=1/1 torment=True/True stack=0
[10:48:10] [P0] quest-counter offer #4: ACCEPT
[10:48:10] [P0] submitting interaction iid=DK5R4Z.0.448 choice=DK5R4Z.0.448.c1 (true)
[10:48:12] [P1] casting Memnite oid=88 (bf=8)
[10:48:18] [P0] plays land ? (target 99 untapped)
[10:48:26] exported POST_TORMENT
[10:48:26] post_torment exported: unless_prompts=10 p1_gy_memnites=10 expected_triggers=10
[10:48:26] stage -> triggers
[10:48:27] [P1] casting Memnite oid=82 (bf=9)
[10:48:32] [P0] plays land ? (target 99 untapped)
[10:48:37] [P1] casting Memnite oid=76 (bf=10)
[10:48:42] [P0] plays land ? (target 99 untapped)
[10:48:46] [P1] casting Memnite oid=107 (bf=11)
[10:48:56] [P1] casting Memnite oid=120 (bf=12)
[10:49:09] [P1] casting Memnite oid=80 (bf=13)
[10:49:09] DIAG turn=34 active=1 phase=PreCombatMain stage=triggers asc_bf=True quest=4 p1mem=13 lands0=15 life=[22, 9] unless=10 bc=1/1 torment=True/True stack=0
[10:49:14] [P0] plays land ? (target 99 untapped)
[10:49:20] [P1] casting Memnite oid=72 (bf=14)
[10:49:29] [P0] plays land ? (target 99 untapped)
[10:49:35] [P1] casting Memnite oid=112 (bf=15)
[10:49:45] [P1] casting Memnite oid=90 (bf=16)
[10:49:54] [P1] casting Memnite oid=89 (bf=17)
[10:49:57] [P0] triggers quiet 90s: bc_answered=1 expected=10; settling
[10:50:00] [P0] plays land ? (target 99 untapped)
[10:50:05] [P1] casting Memnite oid=96 (bf=18)
[10:50:09] DIAG turn=45 active=0 phase=Draw stage=settle asc_bf=True quest=4 p1mem=19 lands0=18 life=[22, 9] unless=10 bc=1/1 torment=True/True stack=0
[10:50:09] [P0] plays land ? (target 99 untapped)
[10:50:14] [P1] casting Memnite oid=116 (bf=19)
[10:50:17] exported POST
[10:51:09] DIAG turn=46 active=1 phase=PostCombatMain stage=settle asc_bf=True quest=4 p1mem=20 lands0=19 life=[22, 9] unless=10 bc=1/1 torment=True/True stack=0
[10:52:09] DIAG turn=46 active=1 phase=PostCombatMain stage=settle asc_bf=True quest=4 p1mem=20 lands0=19 life=[22, 9] unless=10 bc=1/1 torment=True/True stack=0
[10:52:47] STALL: no revision for 150s; stopping
[10:52:47] loop ended: elapsed=401s
[10:52:47] loaded pre.json
[10:52:47] loaded post_torment.json
[10:52:47] loaded post.json
[10:52:47] wrote run.json verdict=reproduced
[10:52:47] A1_setup: passed
[10:52:47] A2_cast_x10: passed
[10:52:47] A3_ten_choices: passed
[10:52:47] A4_sacrifices: failed
[10:52:47] A5_triggers: failed
[10:52:47] A6_effect: passed
[10:52:47] A7_cleanup: passed
[10:52:47] copied scenario_7143_01030.py into EVDIR
[10:52:47] copied 1652 server.log lines for game DK5R4Z into EVDIR
[10:52:48] wrote summary.png
[10:52:48] wrote manifest.sha256 (10 files)
[10:52:48] scenario finished
