# server-log excerpt for game 1T79BA (phase-server v0.81.3, run 20260912-6912a)
# ANSI color codes stripped; window covers the ChooseReplacement interaction and resolution.
2026-09-13T05:13:20.420740Z  INFO ws_message:game_session{game=1T79BA player=PlayerId(0)}: server_core::session: action applied game=1T79BA player=PlayerId(0) action_type="PlayLand" event_count=2
2026-09-13T05:13:20.436163Z  INFO ws_message:game_session{game=1T79BA player=PlayerId(0)}: phase_server: game submission processed (lock held) game=1T79BA kind="action" lock_ms=20 ai_actions=0
2026-09-13T05:13:20.845765Z  INFO ws_message:game_session{game=1T79BA player=PlayerId(0)}: server_core::session: action applied game=1T79BA player=PlayerId(0) action_type="CastSpell" event_count=1
2026-09-13T05:13:20.925167Z  INFO ws_message:game_session{game=1T79BA player=PlayerId(0)}: phase_server: game submission processed (lock held) game=1T79BA kind="action" lock_ms=81 ai_actions=0
2026-09-13T05:13:21.160767Z  INFO ws_message:game_session{game=1T79BA player=PlayerId(0)}: server_core::session: interaction applied game=1T79BA player=PlayerId(0) action_type="ChooseTarget" event_count=17
2026-09-13T05:13:21.165157Z  INFO ws_message:game_session{game=1T79BA player=PlayerId(0)}: phase_server: game submission processed (lock held) game=1T79BA kind="interaction" lock_ms=18 ai_actions=0
2026-09-13T05:13:21.300832Z  INFO ws_message:game_session{game=1T79BA player=PlayerId(0)}: server_core::session: action applied game=1T79BA player=PlayerId(0) action_type="PassPriority" event_count=1
2026-09-13T05:13:21.305159Z  INFO ws_message:game_session{game=1T79BA player=PlayerId(0)}: phase_server: game submission processed (lock held) game=1T79BA kind="action" lock_ms=6 ai_actions=0
2026-09-13T05:13:21.454344Z  INFO ws_message:game_session{game=1T79BA player=PlayerId(1)}: server_core::session: action applied game=1T79BA player=PlayerId(1) action_type="PassPriority" event_count=1
2026-09-13T05:13:21.463125Z  INFO ws_message:game_session{game=1T79BA player=PlayerId(1)}: phase_server: game submission processed (lock held) game=1T79BA kind="action" lock_ms=11 ai_actions=0
2026-09-13T05:13:21.608827Z  INFO ws_message:game_session{game=1T79BA player=PlayerId(2)}: server_core::session: action applied game=1T79BA player=PlayerId(2) action_type="PassPriority" event_count=2
2026-09-13T05:13:21.623391Z  INFO ws_message:game_session{game=1T79BA player=PlayerId(2)}: phase_server: game submission processed (lock held) game=1T79BA kind="action" lock_ms=18 ai_actions=0
2026-09-13T05:13:21.945170Z  INFO ws_message:game_session{game=1T79BA player=PlayerId(1)}: server_core::session: interaction applied game=1T79BA player=PlayerId(1) action_type="ChooseReplacement" event_count=9
2026-09-13T05:13:21.950518Z  INFO ws_message:game_session{game=1T79BA player=PlayerId(1)}: phase_server: game submission processed (lock held) game=1T79BA kind="interaction" lock_ms=34 ai_actions=0
2026-09-13T05:13:22.187618Z  INFO ws_message:game_session{game=1T79BA player=PlayerId(0)}: server_core::session: action applied game=1T79BA player=PlayerId(0) action_type="PassPriority" event_count=1
2026-09-13T05:13:22.193163Z  INFO ws_message:game_session{game=1T79BA player=PlayerId(0)}: phase_server: game submission processed (lock held) game=1T79BA kind="action" lock_ms=8 ai_actions=0
2026-09-13T05:13:22.349831Z  INFO ws_message:game_session{game=1T79BA player=PlayerId(1)}: server_core::session: action applied game=1T79BA player=PlayerId(1) action_type="PassPriority" event_count=1
2026-09-13T05:13:22.366987Z  INFO ws_message:game_session{game=1T79BA player=PlayerId(1)}: phase_server: game submission processed (lock held) game=1T79BA kind="action" lock_ms=24 ai_actions=0
2026-09-13T05:13:22.499797Z  INFO ws_message:game_session{game=1T79BA player=PlayerId(2)}: server_core::session: action applied game=1T79BA player=PlayerId(2) action_type="PassPriority" event_count=1
2026-09-13T05:13:22.507162Z  INFO ws_message:game_session{game=1T79BA player=PlayerId(2)}: phase_server: game submission processed (lock held) game=1T79BA kind="action" lock_ms=10 ai_actions=0
2026-09-13T05:13:22.665138Z  INFO ws_message:game_session{game=1T79BA player=PlayerId(0)}: server_core::session: action applied game=1T79BA player=PlayerId(0) action_type="PassPriority" event_count=1
2026-09-13T05:13:22.669244Z  INFO ws_message:game_session{game=1T79BA player=PlayerId(0)}: phase_server: game submission processed (lock held) game=1T79BA kind="action" lock_ms=18 ai_actions=0
2026-09-13T05:13:22.819536Z  INFO ws_message:game_session{game=1T79BA player=PlayerId(1)}: server_core::session: action applied game=1T79BA player=PlayerId(1) action_type="PassPriority" event_count=1
2026-09-13T05:13:22.823910Z  INFO ws_message:game_session{game=1T79BA player=PlayerId(1)}: phase_server: game submission processed (lock held) game=1T79BA kind="action" lock_ms=7 ai_actions=0
2026-09-13T05:13:22.976515Z  INFO ws_message:game_session{game=1T79BA player=PlayerId(2)}: server_core::session: action applied game=1T79BA player=PlayerId(2) action_type="PassPriority" event_count=3
2026-09-13T05:13:22.982168Z  INFO ws_message:game_session{game=1T79BA player=PlayerId(2)}: phase_server: game submission processed (lock held) game=1T79BA kind="action" lock_ms=12 ai_actions=0
2026-09-13T05:13:23.128835Z  INFO ws_message:game_session{game=1T79BA player=PlayerId(0)}: server_core::session: action applied game=1T79BA player=PlayerId(0) action_type="PassPriority" event_count=1
2026-09-13T05:13:23.132916Z  INFO ws_message:game_session{game=1T79BA player=PlayerId(0)}: phase_server: game submission processed (lock held) game=1T79BA kind="action" lock_ms=6 ai_actions=0
2026-09-13T05:13:23.283855Z  INFO ws_message:game_session{game=1T79BA player=PlayerId(1)}: server_core::session: action applied game=1T79BA player=PlayerId(1) action_type="PassPriority" event_count=1
2026-09-13T05:13:23.288799Z  INFO ws_message:game_session{game=1T79BA player=PlayerId(1)}: phase_server: game submission processed (lock held) game=1T79BA kind="action" lock_ms=8 ai_actions=0
2026-09-13T05:13:23.435952Z  INFO ws_message:game_session{game=1T79BA player=PlayerId(2)}: server_core::session: action applied game=1T79BA player=PlayerId(2) action_type="PassPriority" event_count=1
