[11:55:09] server identity hashes recomputed against on-disk pinned artifacts
[11:55:09] ServerHello: version=0.104.0 build=4227122 protocol=118 mode=Full
[11:55:09] ===== game A =====
[11:55:10] game 9ODKQM variant=A; P0 seat=0 P1 seat=1
[11:55:10] [A] keep 7: ['forest', 'forest', 'forest', 'forest', 'forest', 'walking ballista', 'forest']
[11:55:10] [A] keep 7: ['swamp', 'swamp', 'swamp', 'swamp', 'emperor of bones', 'swamp', 'swamp']
[11:55:11] [A] playing land forest (legacy)
[11:55:11] [A] casting Walking Ballista (oid 47), X=0; engine auto-pays (payment_mode Auto)
[11:55:12] [A] Ballista X-choice -> X=0
[11:55:12] [A] cast confirmed on stack: Walking Ballista (oid 47)
[11:55:19] [A] playing land swamp (legacy)
[11:55:22] [A] playing land forest (legacy)
[11:55:22] [A] casting Walking Ballista (oid 50), X=0; engine auto-pays (payment_mode Auto)
[11:55:22] [A] Ballista X-choice -> X=0
[11:55:22] [A] cast confirmed on stack: Walking Ballista (oid 50)
[11:55:26] [A] playing land swamp (legacy)
[11:55:27] [A] casting Emperor of Bones (oid 73); engine auto-pays (payment_mode Auto)
[11:55:55] [A] DIAG P0-A: rev=62 turn=4 phase=BeginCombat vikind='choose' real_decision=False my_prio=False stack=0 p0_gy_ballistas=['47', '50'] cast_pending=False captured=False
[11:55:55] [A] DIAG P1-A: rev=62 turn=4 phase=BeginCombat vikind='choose' real_decision=False my_prio=True stack=0 p0_gy_ballistas=['47', '50'] cast_pending=True captured=False
[11:55:57] [A] cast NOT confirmed after 30s (still in hand): Emperor of Bones (oid 73); will retry
[11:56:03] [A] playing land forest (legacy)
[11:56:06] [A] playing land swamp (legacy)
[11:56:06] [A] casting Emperor of Bones (oid 73); engine auto-pays (payment_mode Auto)
[11:56:07] [A] cast confirmed on stack: Emperor of Bones (oid 73)
[11:56:07] [A] Emperor trigger targets Ballista oid 50 (choice 9ODKQM.0.95.t1) variant=A
[11:56:08] [A] CAPTURE: trigger entry 121 targets Ballista 50; P0 holds priority
[11:56:08] [A] trigger resolved; chosen Ballista 50 exiled; post state exported
[11:56:08] game A: captured=True chosen=50 entry=121
[11:56:08] ===== game B =====
[11:56:09] game 3N9L03 variant=B; P0 seat=0 P1 seat=1
[11:56:09] [B] keep 7: ['forest', 'forest', 'forest', 'walking ballista', 'walking ballista', 'walking ballista', 'forest']
[11:56:09] [B] keep 7: ['swamp', 'swamp', 'swamp', 'swamp', 'swamp', 'swamp', 'swamp']
[11:56:10] [B] playing land swamp (legacy)
[11:56:13] [B] playing land forest (legacy)
[11:56:13] [B] casting Walking Ballista (oid 6), X=0; engine auto-pays (payment_mode Auto)
[11:56:13] [B] Ballista X-choice -> X=0
[11:56:13] [B] cast confirmed on stack: Walking Ballista (oid 6)
[11:56:13] [B] casting Walking Ballista (oid 44), X=0; engine auto-pays (payment_mode Auto)
[11:56:13] [B] Ballista X-choice -> X=0
[11:56:14] [B] cast confirmed on stack: Walking Ballista (oid 44)
[11:56:16] [B] playing land swamp (legacy)
[11:56:19] [B] playing land forest (legacy)
[11:56:22] [B] playing land swamp (legacy)
[11:56:25] [B] playing land forest (legacy)
[11:56:27] [B] playing land swamp (legacy)
[11:56:30] [B] playing land forest (legacy)
[11:56:35] [B] playing land swamp (legacy)
[11:56:38] [B] playing land forest (legacy)
[11:56:41] [B] playing land swamp (legacy)
[11:56:43] [B] playing land forest (legacy)
[11:56:46] [B] playing land swamp (legacy)
[11:56:49] [B] playing land forest (legacy)
[11:56:51] [B] playing land swamp (legacy)
[11:56:54] [B] DIAG P0-B: rev=238 turn=16 phase=Draw vikind='choose' real_decision=False my_prio=False stack=0 p0_gy_ballistas=['6', '44'] cast_pending=False captured=False
[11:56:54] [B] DIAG P1-B: rev=238 turn=16 phase=Draw vikind='choose' real_decision=False my_prio=True stack=0 p0_gy_ballistas=['6', '44'] cast_pending=False captured=False
[11:56:54] [B] playing land forest (legacy)
[11:56:57] [B] playing land swamp (legacy)
[11:56:59] [B] playing land forest (legacy)
[11:57:03] [B] playing land swamp (legacy)
[11:57:06] [B] playing land forest (legacy)
[11:57:09] [B] playing land swamp (legacy)
[11:57:11] [B] playing land forest (legacy)
[11:57:16] [B] playing land swamp (legacy)
[11:57:20] [B] playing land forest (legacy)
[11:57:25] [B] playing land swamp (legacy)
[11:57:29] [B] playing land forest (legacy)
[11:57:38] [B] playing land swamp (legacy)
[11:57:39] [B] casting Emperor of Bones (oid 110); engine auto-pays (payment_mode Auto)
[11:57:39] [B] cast confirmed on stack: Emperor of Bones (oid 110)
[11:57:39] [B] DIAG P0-B: rev=406 turn=27 phase=PreCombatMain vikind='choose' real_decision=False my_prio=False stack=1 p0_gy_ballistas=['6', '44'] cast_pending=False captured=False
[11:57:39] [B] DIAG P1-B: rev=406 turn=27 phase=PreCombatMain vikind='choose' real_decision=False my_prio=True stack=1 p0_gy_ballistas=['6', '44'] cast_pending=False captured=False
[11:57:40] [B] Emperor trigger targets Ballista oid 6 (choice 3N9L03.0.410.t0) variant=B
[11:57:40] [B] CAPTURE: trigger entry 121 targets Ballista 6; P0 holds priority
[11:57:41] [B] trigger resolved; chosen Ballista 6 exiled; post state exported
[11:57:41] game B: captured=True chosen=6 entry=121
[11:57:41] ENGINE DONE assertions={"E1_setup_ok": "passed", "E2_trigger_targeted": "passed", "E3_identity_distinct": "passed", "E4_snapshot_captured": "passed", "E5_cleanup": "passed"}
