2026-09-10T07:21:15.781485Z  INFO ws_message:game_session{game=WEV9AO player=PlayerId(0)}: server_core::session: action applied game=WEV9AO player=PlayerId(0) action_type="MulliganDecision" event_count=0
2026-09-10T07:21:15.886440Z  INFO ws_message:game_session{game=WEV9AO player=PlayerId(1)}: server_core::session: action applied game=WEV9AO player=PlayerId(1) action_type="MulliganDecision" event_count=1
2026-09-10T07:21:15.935400Z  INFO ws_message:game_session{game=WEV9AO player=PlayerId(1)}: server_core::session: action applied game=WEV9AO player=PlayerId(1) action_type="PassPriority" event_count=1
2026-09-10T07:21:16.085929Z  INFO ws_message:game_session{game=WEV9AO player=PlayerId(0)}: server_core::session: action applied game=WEV9AO player=PlayerId(0) action_type="PassPriority" event_count=2
2026-09-10T07:21:16.391491Z  INFO ws_message:game_session{game=WEV9AO player=PlayerId(1)}: server_core::session: action applied game=WEV9AO player=PlayerId(1) action_type="PlayLand" event_count=2
2026-09-10T07:21:16.539166Z  INFO ws_message:game_session{game=WEV9AO player=PlayerId(1)}: server_core::session: action applied game=WEV9AO player=PlayerId(1) action_type="PassPriority" event_count=1
2026-09-10T07:21:16.690975Z  INFO ws_message:game_session{game=WEV9AO player=PlayerId(0)}: server_core::session: action applied game=WEV9AO player=PlayerId(0) action_type="PassPriority" event_count=1
2026-09-10T07:21:16.841768Z  INFO ws_message:game_session{game=WEV9AO player=PlayerId(1)}: server_core::session: action applied game=WEV9AO player=PlayerId(1) action_type="PassPriority" event_count=1
2026-09-10T07:21:16.998150Z  INFO ws_message:game_session{game=WEV9AO player=PlayerId(0)}: server_core::session: action applied game=WEV9AO player=PlayerId(0) action_type="PassPriority" event_count=3
2026-09-10T07:21:17.143212Z  INFO ws_message:game_session{game=WEV9AO player=PlayerId(1)}: server_core::session: action applied game=WEV9AO player=PlayerId(1) action_type="PassPriority" event_count=1
2026-09-10T07:21:17.298514Z  INFO ws_message:game_session{game=WEV9AO player=PlayerId(0)}: server_core::session: action applied game=WEV9AO player=PlayerId(0) action_type="PassPriority" event_count=1
2026-09-10T07:21:17.448715Z  INFO ws_message:game_session{game=WEV9AO player=PlayerId(1)}: server_core::session: action applied game=WEV9AO player=PlayerId(1) action_type="PassPriority" event_count=1
2026-09-10T07:21:17.603439Z  INFO ws_message:game_session{game=WEV9AO player=PlayerId(0)}: server_core::session: action applied game=WEV9AO player=PlayerId(0) action_type="PassPriority" event_count=1
2026-09-10T07:21:17.752584Z  INFO ws_message:game_session{game=WEV9AO player=PlayerId(1)}: server_core::session: action applied game=WEV9AO player=PlayerId(1) action_type="PassPriority" event_count=1
2026-09-10T07:21:17.908071Z  INFO ws_message:game_session{game=WEV9AO player=PlayerId(0)}: server_core::session: action applied game=WEV9AO player=PlayerId(0) action_type="PassPriority" event_count=4
2026-09-10T07:21:18.056159Z  INFO ws_message:game_session{game=WEV9AO player=PlayerId(0)}: server_core::session: action applied game=WEV9AO player=PlayerId(0) action_type="PassPriority" event_count=1
2026-09-10T07:21:18.214527Z  INFO ws_message:game_session{game=WEV9AO player=PlayerId(1)}: server_core::session: action applied game=WEV9AO player=PlayerId(1) action_type="PassPriority" event_count=4
2026-09-10T07:21:18.360552Z  INFO ws_message:game_session{game=WEV9AO player=PlayerId(0)}: server_core::session: action applied game=WEV9AO player=PlayerId(0) action_type="PassPriority" event_count=1
2026-09-10T07:21:18.511517Z  INFO ws_message:game_session{game=WEV9AO player=PlayerId(1)}: server_core::session: action applied game=WEV9AO player=PlayerId(1) action_type="PassPriority" event_count=1
2026-09-10T07:21:18.666581Z  INFO ws_message:game_session{game=WEV9AO player=PlayerId(0)}: server_core::session: action applied game=WEV9AO player=PlayerId(0) action_type="PlayLand" event_count=2
2026-09-10T07:21:18.815943Z  INFO ws_message:game_session{game=WEV9AO player=PlayerId(0)}: server_core::session: action applied game=WEV9AO player=PlayerId(0) action_type="PassPriority" event_count=1
2026-09-10T07:21:18.966096Z  INFO ws_message:game_session{game=WEV9AO player=PlayerId(1)}: server_core::session: action applied game=WEV9AO player=PlayerId(1) action_type="PassPriority" event_count=1
2026-09-10T07:21:19.118612Z  INFO ws_message:game_session{game=WEV9AO player=PlayerId(0)}: server_core::session: action applied game=WEV9AO player=PlayerId(0) action_type="PassPriority" event_count=1
2026-09-10T07:21:19.271844Z  INFO ws_message:game_session{game=WEV9AO player=PlayerId(1)}: server_core::session: action applied game=WEV9AO player=PlayerId(1) action_type="PassPriority" event_count=3
2026-09-10T07:21:19.420604Z  INFO ws_message:game_session{game=WEV9AO player=PlayerId(0)}: server_core::session: action applied game=WEV9AO player=PlayerId(0) action_type="PassPriority" event_count=1
2026-09-10T07:21:19.573141Z  INFO ws_message:game_session{game=WEV9AO player=PlayerId(1)}: server_core::session: action applied game=WEV9AO player=PlayerId(1) action_type="PassPriority" event_count=1
2026-09-10T07:21:19.721693Z  INFO ws_message:game_session{game=WEV9AO player=PlayerId(0)}: server_core::session: action applied game=WEV9AO player=PlayerId(0) action_type="PassPriority" event_count=1
2026-09-10T07:21:19.875365Z  INFO ws_message:game_session{game=WEV9AO player=PlayerId(1)}: server_core::session: action applied game=WEV9AO player=PlayerId(1) action_type="PassPriority" event_count=1
2026-09-10T07:21:20.023180Z  INFO ws_message:game_session{game=WEV9AO player=PlayerId(0)}: server_core::session: action applied game=WEV9AO player=PlayerId(0) action_type="PassPriority" event_count=1
2026-09-10T07:21:20.178299Z  INFO ws_message:game_session{game=WEV9AO player=PlayerId(1)}: server_core::session: action applied game=WEV9AO player=PlayerId(1) action_type="PassPriority" event_count=4
2026-09-10T07:21:20.326443Z  INFO ws_message:game_session{game=WEV9AO player=PlayerId(1)}: server_core::session: action applied game=WEV9AO player=PlayerId(1) action_type="PassPriority" event_count=1
2026-09-10T07:21:20.482381Z  INFO ws_message:game_session{game=WEV9AO player=PlayerId(0)}: server_core::session: action applied game=WEV9AO player=PlayerId(0) action_type="PassPriority" event_count=4
2026-09-10T07:21:20.629247Z  INFO ws_message:game_session{game=WEV9AO player=PlayerId(1)}: server_core::session: action applied game=WEV9AO player=PlayerId(1) action_type="PassPriority" event_count=1
2026-09-10T07:21:20.780686Z  INFO ws_message:game_session{game=WEV9AO player=PlayerId(0)}: server_core::session: action applied game=WEV9AO player=PlayerId(0) action_type="PassPriority" event_count=1
2026-09-10T07:21:20.938467Z  INFO ws_message:game_session{game=WEV9AO player=PlayerId(1)}: server_core::session: action applied game=WEV9AO player=PlayerId(1) action_type="PlayLand" event_count=2
2026-09-10T07:21:21.084303Z  INFO ws_message:game_session{game=WEV9AO player=PlayerId(1)}: server_core::session: action applied game=WEV9AO player=PlayerId(1) action_type="PassPriority" event_count=1
2026-09-10T07:21:21.235258Z  INFO ws_message:game_session{game=WEV9AO player=PlayerId(0)}: server_core::session: action applied game=WEV9AO player=PlayerId(0) action_type="PassPriority" event_count=1
2026-09-10T07:21:21.387004Z  INFO ws_message:game_session{game=WEV9AO player=PlayerId(1)}: server_core::session: action applied game=WEV9AO player=PlayerId(1) action_type="PassPriority" event_count=1
2026-09-10T07:21:21.540482Z  INFO ws_message:game_session{game=WEV9AO player=PlayerId(0)}: server_core::session: action applied game=WEV9AO player=PlayerId(0) action_type="PassPriority" event_count=3
2026-09-10T07:21:21.688942Z  INFO ws_message:game_session{game=WEV9AO player=PlayerId(1)}: server_core::session: action applied game=WEV9AO player=PlayerId(1) action_type="PassPriority" event_count=1
2026-09-10T07:21:21.845523Z  INFO ws_message:game_session{game=WEV9AO player=PlayerId(0)}: server_core::session: action applied game=WEV9AO player=PlayerId(0) action_type="PassPriority" event_count=1
2026-09-10T07:21:21.991151Z  INFO ws_message:game_session{game=WEV9AO player=PlayerId(1)}: server_core::session: action applied game=WEV9AO player=PlayerId(1) action_type="PassPriority" event_count=1
2026-09-10T07:21:22.143950Z  INFO ws_message:game_session{game=WEV9AO player=PlayerId(0)}: server_core::session: action applied game=WEV9AO player=PlayerId(0) action_type="PassPriority" event_count=1
2026-09-10T07:21:22.291812Z  INFO ws_message:game_session{game=WEV9AO player=PlayerId(1)}: server_core::session: action applied game=WEV9AO player=PlayerId(1) action_type="PassPriority" event_count=1
2026-09-10T07:21:22.448539Z  INFO ws_message:game_session{game=WEV9AO player=PlayerId(0)}: server_core::session: action applied game=WEV9AO player=PlayerId(0) action_type="PassPriority" event_count=4
2026-09-10T07:21:22.596790Z  INFO ws_message:game_session{game=WEV9AO player=PlayerId(0)}: server_core::session: action applied game=WEV9AO player=PlayerId(0) action_type="PassPriority" event_count=1
2026-09-10T07:21:22.761106Z  INFO ws_message:game_session{game=WEV9AO player=PlayerId(1)}: server_core::session: action applied game=WEV9AO player=PlayerId(1) action_type="PassPriority" event_count=4
2026-09-10T07:21:22.903011Z  INFO ws_message:game_session{game=WEV9AO player=PlayerId(0)}: server_core::session: action applied game=WEV9AO player=PlayerId(0) action_type="PassPriority" event_count=1
2026-09-10T07:21:23.054136Z  INFO ws_message:game_session{game=WEV9AO player=PlayerId(1)}: server_core::session: action applied game=WEV9AO player=PlayerId(1) action_type="PassPriority" event_count=1
2026-09-10T07:21:23.360494Z  INFO ws_message:game_session{game=WEV9AO player=PlayerId(0)}: server_core::session: action applied game=WEV9AO player=PlayerId(0) action_type="PlayLand" event_count=2
2026-09-10T07:21:23.660185Z  INFO ws_message:game_session{game=WEV9AO player=PlayerId(0)}: server_core::session: action applied game=WEV9AO player=PlayerId(0) action_type="PassPriority" event_count=1
2026-09-10T07:21:23.810350Z  INFO ws_message:game_session{game=WEV9AO player=PlayerId(1)}: server_core::session: action applied game=WEV9AO player=PlayerId(1) action_type="PassPriority" event_count=1
2026-09-10T07:21:23.962744Z  INFO ws_message:game_session{game=WEV9AO player=PlayerId(0)}: server_core::session: action applied game=WEV9AO player=PlayerId(0) action_type="PassPriority" event_count=1
2026-09-10T07:21:24.125174Z  INFO ws_message:game_session{game=WEV9AO player=PlayerId(1)}: server_core::session: action applied game=WEV9AO player=PlayerId(1) action_type="PassPriority" event_count=3
2026-09-10T07:21:24.266890Z  INFO ws_message:game_session{game=WEV9AO player=PlayerId(0)}: server_core::session: action applied game=WEV9AO player=PlayerId(0) action_type="PassPriority" event_count=1
2026-09-10T07:21:24.420125Z  INFO ws_message:game_session{game=WEV9AO player=PlayerId(1)}: server_core::session: action applied game=WEV9AO player=PlayerId(1) action_type="PassPriority" event_count=1
2026-09-10T07:21:24.570035Z  INFO ws_message:game_session{game=WEV9AO player=PlayerId(0)}: server_core::session: action applied game=WEV9AO player=PlayerId(0) action_type="PassPriority" event_count=1
2026-09-10T07:21:24.723148Z  INFO ws_message:game_session{game=WEV9AO player=PlayerId(1)}: server_core::session: action applied game=WEV9AO player=PlayerId(1) action_type="PassPriority" event_count=1
2026-09-10T07:21:24.871470Z  INFO ws_message:game_session{game=WEV9AO player=PlayerId(0)}: server_core::session: action applied game=WEV9AO player=PlayerId(0) action_type="PassPriority" event_count=1
2026-09-10T07:21:25.026324Z  INFO ws_message:game_session{game=WEV9AO player=PlayerId(1)}: server_core::session: action applied game=WEV9AO player=PlayerId(1) action_type="PassPriority" event_count=4
2026-09-10T07:21:25.174325Z  INFO ws_message:game_session{game=WEV9AO player=PlayerId(1)}: server_core::session: action applied game=WEV9AO player=PlayerId(1) action_type="PassPriority" event_count=1
2026-09-10T07:21:25.329978Z  INFO ws_message:game_session{game=WEV9AO player=PlayerId(0)}: server_core::session: action applied game=WEV9AO player=PlayerId(0) action_type="PassPriority" event_count=4
2026-09-10T07:21:25.477604Z  INFO ws_message:game_session{game=WEV9AO player=PlayerId(1)}: server_core::session: action applied game=WEV9AO player=PlayerId(1) action_type="PassPriority" event_count=1
2026-09-10T07:21:25.629694Z  INFO ws_message:game_session{game=WEV9AO player=PlayerId(0)}: server_core::session: action applied game=WEV9AO player=PlayerId(0) action_type="PassPriority" event_count=1
2026-09-10T07:21:25.937515Z  INFO ws_message:game_session{game=WEV9AO player=PlayerId(1)}: server_core::session: action applied game=WEV9AO player=PlayerId(1) action_type="PlayLand" event_count=2
2026-09-10T07:21:26.085019Z  INFO ws_message:game_session{game=WEV9AO player=PlayerId(1)}: server_core::session: action applied game=WEV9AO player=PlayerId(1) action_type="PassPriority" event_count=1
2026-09-10T07:21:26.234330Z  INFO ws_message:game_session{game=WEV9AO player=PlayerId(0)}: server_core::session: action applied game=WEV9AO player=PlayerId(0) action_type="PassPriority" event_count=1
2026-09-10T07:21:26.385939Z  INFO ws_message:game_session{game=WEV9AO player=PlayerId(1)}: server_core::session: action applied game=WEV9AO player=PlayerId(1) action_type="PassPriority" event_count=1
2026-09-10T07:21:26.540995Z  INFO ws_message:game_session{game=WEV9AO player=PlayerId(0)}: server_core::session: action applied game=WEV9AO player=PlayerId(0) action_type="PassPriority" event_count=3
2026-09-10T07:21:26.688504Z  INFO ws_message:game_session{game=WEV9AO player=PlayerId(1)}: server_core::session: action applied game=WEV9AO player=PlayerId(1) action_type="PassPriority" event_count=1
2026-09-10T07:21:26.844110Z  INFO ws_message:game_session{game=WEV9AO player=PlayerId(0)}: server_core::session: action applied game=WEV9AO player=PlayerId(0) action_type="PassPriority" event_count=1
2026-09-10T07:21:26.991883Z  INFO ws_message:game_session{game=WEV9AO player=PlayerId(1)}: server_core::session: action applied game=WEV9AO player=PlayerId(1) action_type="PassPriority" event_count=1
2026-09-10T07:21:27.144690Z  INFO ws_message:game_session{game=WEV9AO player=PlayerId(0)}: server_core::session: action applied game=WEV9AO player=PlayerId(0) action_type="PassPriority" event_count=1
2026-09-10T07:21:27.293359Z  INFO ws_message:game_session{game=WEV9AO player=PlayerId(1)}: server_core::session: action applied game=WEV9AO player=PlayerId(1) action_type="PassPriority" event_count=1
2026-09-10T07:21:27.452222Z  INFO ws_message:game_session{game=WEV9AO player=PlayerId(0)}: server_core::session: action applied game=WEV9AO player=PlayerId(0) action_type="PassPriority" event_count=4
2026-09-10T07:21:27.599423Z  INFO ws_message:game_session{game=WEV9AO player=PlayerId(0)}: server_core::session: action applied game=WEV9AO player=PlayerId(0) action_type="PassPriority" event_count=1
2026-09-10T07:21:27.754674Z  INFO ws_message:game_session{game=WEV9AO player=PlayerId(1)}: server_core::session: action applied game=WEV9AO player=PlayerId(1) action_type="PassPriority" event_count=4
2026-09-10T07:21:27.901199Z  INFO ws_message:game_session{game=WEV9AO player=PlayerId(0)}: server_core::session: action applied game=WEV9AO player=PlayerId(0) action_type="PassPriority" event_count=1
2026-09-10T07:21:28.052198Z  INFO ws_message:game_session{game=WEV9AO player=PlayerId(1)}: server_core::session: action applied game=WEV9AO player=PlayerId(1) action_type="PassPriority" event_count=1
2026-09-10T07:21:28.206924Z  INFO ws_message:game_session{game=WEV9AO player=PlayerId(0)}: server_core::session: action applied game=WEV9AO player=PlayerId(0) action_type="PlayLand" event_count=2
2026-09-10T07:21:28.362508Z  INFO ws_message:game_session{game=WEV9AO player=PlayerId(0)}: server_core::session: action applied game=WEV9AO player=PlayerId(0) action_type="CastSpell" event_count=16
2026-09-10T07:21:28.508323Z  INFO ws_message:game_session{game=WEV9AO player=PlayerId(0)}: server_core::session: action applied game=WEV9AO player=PlayerId(0) action_type="PassPriority" event_count=1
2026-09-10T07:21:28.660613Z  INFO ws_message:game_session{game=WEV9AO player=PlayerId(1)}: server_core::session: action applied game=WEV9AO player=PlayerId(1) action_type="PassPriority" event_count=2
2026-09-10T07:21:28.809553Z  INFO ws_message:game_session{game=WEV9AO player=PlayerId(0)}: server_core::session: action applied game=WEV9AO player=PlayerId(0) action_type="PassPriority" event_count=1
2026-09-10T07:21:28.965236Z  INFO ws_message:game_session{game=WEV9AO player=PlayerId(1)}: server_core::session: action applied game=WEV9AO player=PlayerId(1) action_type="PassPriority" event_count=1
2026-09-10T07:21:29.113507Z  INFO ws_message:game_session{game=WEV9AO player=PlayerId(0)}: server_core::session: action applied game=WEV9AO player=PlayerId(0) action_type="PassPriority" event_count=1
2026-09-10T07:21:29.270608Z  INFO ws_message:game_session{game=WEV9AO player=PlayerId(1)}: server_core::session: action applied game=WEV9AO player=PlayerId(1) action_type="PassPriority" event_count=3
2026-09-10T07:21:29.417104Z  INFO ws_message:game_session{game=WEV9AO player=PlayerId(0)}: server_core::session: action applied game=WEV9AO player=PlayerId(0) action_type="PassPriority" event_count=1
2026-09-10T07:21:29.570524Z  INFO ws_message:game_session{game=WEV9AO player=PlayerId(1)}: server_core::session: action applied game=WEV9AO player=PlayerId(1) action_type="PassPriority" event_count=1
2026-09-10T07:21:29.718976Z  INFO ws_message:game_session{game=WEV9AO player=PlayerId(0)}: server_core::session: action applied game=WEV9AO player=PlayerId(0) action_type="PassPriority" event_count=1
2026-09-10T07:21:29.872846Z  INFO ws_message:game_session{game=WEV9AO player=PlayerId(1)}: server_core::session: action applied game=WEV9AO player=PlayerId(1) action_type="PassPriority" event_count=1
2026-09-10T07:21:30.022256Z  INFO ws_message:game_session{game=WEV9AO player=PlayerId(0)}: server_core::session: action applied game=WEV9AO player=PlayerId(0) action_type="PassPriority" event_count=1
2026-09-10T07:21:30.177030Z  INFO ws_message:game_session{game=WEV9AO player=PlayerId(1)}: server_core::session: action applied game=WEV9AO player=PlayerId(1) action_type="PassPriority" event_count=4
2026-09-10T07:21:30.323374Z  INFO ws_message:game_session{game=WEV9AO player=PlayerId(1)}: server_core::session: action applied game=WEV9AO player=PlayerId(1) action_type="PassPriority" event_count=1
2026-09-10T07:21:30.477836Z  INFO ws_message:game_session{game=WEV9AO player=PlayerId(0)}: server_core::session: action applied game=WEV9AO player=PlayerId(0) action_type="PassPriority" event_count=4
2026-09-10T07:21:30.625446Z  INFO ws_message:game_session{game=WEV9AO player=PlayerId(1)}: server_core::session: action applied game=WEV9AO player=PlayerId(1) action_type="PassPriority" event_count=1
2026-09-10T07:21:30.776954Z  INFO ws_message:game_session{game=WEV9AO player=PlayerId(0)}: server_core::session: action applied game=WEV9AO player=PlayerId(0) action_type="PassPriority" event_count=1
2026-09-10T07:21:31.081627Z  INFO ws_message:game_session{game=WEV9AO player=PlayerId(1)}: server_core::session: action applied game=WEV9AO player=PlayerId(1) action_type="PlayLand" event_count=2
2026-09-10T07:21:31.229925Z  INFO ws_message:game_session{game=WEV9AO player=PlayerId(1)}: server_core::session: action applied game=WEV9AO player=PlayerId(1) action_type="PassPriority" event_count=1
2026-09-10T07:21:31.381551Z  INFO ws_message:game_session{game=WEV9AO player=PlayerId(0)}: server_core::session: action applied game=WEV9AO player=PlayerId(0) action_type="PassPriority" event_count=1
2026-09-10T07:21:31.532364Z  INFO ws_message:game_session{game=WEV9AO player=PlayerId(1)}: server_core::session: action applied game=WEV9AO player=PlayerId(1) action_type="PassPriority" event_count=1
2026-09-10T07:21:31.685860Z  INFO ws_message:game_session{game=WEV9AO player=PlayerId(0)}: server_core::session: action applied game=WEV9AO player=PlayerId(0) action_type="PassPriority" event_count=3
2026-09-10T07:21:31.834415Z  INFO ws_message:game_session{game=WEV9AO player=PlayerId(1)}: server_core::session: action applied game=WEV9AO player=PlayerId(1) action_type="PassPriority" event_count=1
2026-09-10T07:21:31.987155Z  INFO ws_message:game_session{game=WEV9AO player=PlayerId(0)}: server_core::session: action applied game=WEV9AO player=PlayerId(0) action_type="PassPriority" event_count=1
2026-09-10T07:21:32.135931Z  INFO ws_message:game_session{game=WEV9AO player=PlayerId(1)}: server_core::session: action applied game=WEV9AO player=PlayerId(1) action_type="PassPriority" event_count=1
2026-09-10T07:21:32.288544Z  INFO ws_message:game_session{game=WEV9AO player=PlayerId(0)}: server_core::session: action applied game=WEV9AO player=PlayerId(0) action_type="PassPriority" event_count=1
2026-09-10T07:21:32.437520Z  INFO ws_message:game_session{game=WEV9AO player=PlayerId(1)}: server_core::session: action applied game=WEV9AO player=PlayerId(1) action_type="PassPriority" event_count=1
2026-09-10T07:21:32.591371Z  INFO ws_message:game_session{game=WEV9AO player=PlayerId(0)}: server_core::session: action applied game=WEV9AO player=PlayerId(0) action_type="PassPriority" event_count=7
2026-09-10T07:21:32.839884Z  INFO ws_message:game_session{game=WEV9AO player=PlayerId(0)}: server_core::session: action applied game=WEV9AO player=PlayerId(0) action_type="PassPriority" event_count=1
2026-09-10T07:21:32.995168Z  INFO ws_message:game_session{game=WEV9AO player=PlayerId(1)}: server_core::session: action applied game=WEV9AO player=PlayerId(1) action_type="PassPriority" event_count=4
2026-09-10T07:21:33.144403Z  INFO ws_message:game_session{game=WEV9AO player=PlayerId(0)}: server_core::session: action applied game=WEV9AO player=PlayerId(0) action_type="PassPriority" event_count=1
2026-09-10T07:21:33.295039Z  INFO ws_message:game_session{game=WEV9AO player=PlayerId(1)}: server_core::session: action applied game=WEV9AO player=PlayerId(1) action_type="PassPriority" event_count=1
2026-09-10T07:21:33.451142Z  INFO ws_message:game_session{game=WEV9AO player=PlayerId(0)}: server_core::session: action applied game=WEV9AO player=PlayerId(0) action_type="CastSpell" event_count=9
2026-09-10T07:21:33.598582Z  INFO ws_message:game_session{game=WEV9AO player=PlayerId(0)}: server_core::session: action applied game=WEV9AO player=PlayerId(0) action_type="PassPriority" event_count=1
2026-09-10T07:21:33.753109Z  INFO ws_message:game_session{game=WEV9AO player=PlayerId(1)}: server_core::session: action applied game=WEV9AO player=PlayerId(1) action_type="PassPriority" event_count=2
2026-09-10T07:21:34.056484Z  INFO ws_message:game_session{game=WEV9AO player=PlayerId(0)}: server_core::session: action applied game=WEV9AO player=PlayerId(0) action_type="CastSpell" event_count=8
2026-09-10T07:21:34.202803Z  INFO ws_message:game_session{game=WEV9AO player=PlayerId(0)}: server_core::session: action applied game=WEV9AO player=PlayerId(0) action_type="PassPriority" event_count=1
2026-09-10T07:21:34.358453Z  INFO ws_message:game_session{game=WEV9AO player=PlayerId(1)}: server_core::session: action applied game=WEV9AO player=PlayerId(1) action_type="PassPriority" event_count=2
2026-09-10T07:21:34.508572Z  INFO ws_message:game_session{game=WEV9AO player=PlayerId(0)}: server_core::session: action applied game=WEV9AO player=PlayerId(0) action_type="PlayLand" event_count=2
2026-09-10T07:21:34.657265Z  INFO ws_message:game_session{game=WEV9AO player=PlayerId(0)}: server_core::session: action applied game=WEV9AO player=PlayerId(0) action_type="PassPriority" event_count=1
2026-09-10T07:21:34.810943Z  INFO ws_message:game_session{game=WEV9AO player=PlayerId(1)}: server_core::session: action applied game=WEV9AO player=PlayerId(1) action_type="PassPriority" event_count=2
2026-09-10T07:21:34.964183Z  INFO ws_message:game_session{game=WEV9AO player=PlayerId(0)}: server_core::session: interaction applied game=WEV9AO player=PlayerId(0) action_type="ChooseTarget" event_count=0
2026-09-10T07:21:35.115854Z  INFO ws_message:game_session{game=WEV9AO player=PlayerId(0)}: server_core::session: interaction applied game=WEV9AO player=PlayerId(0) action_type="ChooseTarget" event_count=2
2026-09-10T07:21:35.261252Z  INFO ws_message:game_session{game=WEV9AO player=PlayerId(0)}: server_core::session: action applied game=WEV9AO player=PlayerId(0) action_type="PassPriority" event_count=1
2026-09-10T07:21:35.411648Z  INFO ws_message:game_session{game=WEV9AO player=PlayerId(1)}: server_core::session: action applied game=WEV9AO player=PlayerId(1) action_type="PassPriority" event_count=1
2026-09-10T07:21:35.579655Z  INFO ws_message:game_session{game=WEV9AO player=PlayerId(0)}: server_core::session: interaction applied game=WEV9AO player=PlayerId(0) action_type="DecideOptionalEffect" event_count=1
2026-09-10T07:21:35.714854Z  INFO ws_message:game_session{game=WEV9AO player=PlayerId(0)}: server_core::session: action applied game=WEV9AO player=PlayerId(0) action_type="PassPriority" event_count=1
2026-09-10T07:21:35.945643Z  INFO ws_message:game_session{game=WEV9AO player=PlayerId(1)}: server_core::session: action applied game=WEV9AO player=PlayerId(1) action_type="PassPriority" event_count=1
