server identity hashes verified against on-disk pinned artifacts
data-level check: kind=Spell; head=Unimplemented/unparsed_quantity; a0.sub_ability.kind=Spell (a0 has no sub_link field in pinned data); sub=Spell/LoseLife/target=Controller/amount=Multiplyx3; sub.sub_link=SequentialSibling; sub2=Spell/ChangeZone/Exile/SelfRef
game created: code=CM10BQ
[P0] mulligan #1 (hand: ['forest', 'swamp', 'llanowar elves', 'swamp', 'forest', 'llanowar elves', 'swamp'])
[P0] keep 7 (hand: ['revival experiment', 'forest', 'swamp', 'swamp', 'revival experiment', 'swamp', 'grisly salvage'])
[P1] keep 7 (hand: ['forest', 'forest', 'forest', 'forest', 'forest', 'forest', 'forest'])
[P0] bottoming ['swamp']
[P0] casting Grisly Salvage (oid 13) -- setup
[P0] cast oid 13 left hand (zone Stack); payment complete, needs cleared
[P0] Grisly Salvage Dig pick -> CM10BQ.0.102.s2 (answered=1)
[P0] Grisly Salvage resolved (graveyard); count=1; P0 graveyard now 5 cards, types=['artifact', 'creature', 'land']
exported pre.json
[cast] pre.json exported: revival in P0 hand=True; mana B/G/total=(3, 3, 6); graveyard=5 cards types=['artifact', 'creature', 'land']; turn=11; phase=PreCombatMain
[P0] casting Revival Experiment (oid 22) -- DECISIVE
[window] Revival Experiment spell observed on the stack
exported mid_stack.json
[window] mid_stack exported (spell on stack)
[window] stack dump written (revival_on_stack); 1 entries
[resolving/P0] prompt class=pass_priority: {"interactionId": "CM10BQ.0.164", "response": {"type": "exactChoices", "data": {"choices": [{"id": "CM10BQ.0.164.c0", "surfaces": [{"type": "summary", "data": {"code": "candidate"}}, {"type": "action", "data": {"code": "passPriority", "actionId": "aa9063230e9a
[P0] cast oid 22 left hand (zone Stack); payment complete, needs cleared
exported mid_stack.json
[window] mid_stack exported (spell on stack)
[resolving/P1] prompt class=mana_payment: {"interactionId": "CM10BQ.0.165", "response": {"type": "exactChoices", "data": {"choices": [{"id": "CM10BQ.0.165.c0", "surfaces": [{"type": "summary", "data": {"code": "candidate"}}, {"type": "action", "data": {"code": "passPriority", "actionId": "aa9063230e9a
[window] Revival Experiment resolved; starting settle clock
[resolving/P0] prompt class=discard_handsize: {"interactionId": "CM10BQ.0.166", "response": {"type": "exactChoices", "data": {"choices": [{"id": "CM10BQ.0.166.c0", "surfaces": [{"type": "summary", "data": {"code": "candidate"}}, {"type": "action", "data": {"code": "passPriority", "actionId": "aa9063230e9a
[resolving/P1] prompt class=mana_payment: {"interactionId": "CM10BQ.0.167", "response": {"type": "exactChoices", "data": {"choices": [{"id": "CM10BQ.0.167.c0", "surfaces": [{"type": "summary", "data": {"code": "candidate"}}, {"type": "action", "data": {"code": "passPriority", "actionId": "aa9063230e9a
[resolving/P0] prompt class=pass_priority: {"interactionId": "CM10BQ.0.168", "response": {"type": "exactChoices", "data": {"choices": [{"id": "CM10BQ.0.168.c0", "surfaces": [{"type": "summary", "data": {"code": "candidate"}}, {"type": "action", "data": {"code": "passPriority", "actionId": "aa9063230e9a
[resolving/P1] prompt class=mana_payment: {"interactionId": "CM10BQ.0.169", "response": {"type": "exactChoices", "data": {"choices": [{"id": "CM10BQ.0.169.c0", "surfaces": [{"type": "summary", "data": {"code": "candidate"}}, {"type": "action", "data": {"code": "passPriority", "actionId": "aa9063230e9a
[resolving/P0] prompt class=pass_priority: {"interactionId": "CM10BQ.0.170", "response": {"type": "exactChoices", "data": {"choices": [{"id": "CM10BQ.0.170.c0", "surfaces": [{"type": "summary", "data": {"code": "candidate"}}, {"type": "action", "data": {"code": "passPriority", "actionId": "aa9063230e9a
[resolving/P1] prompt class=mana_payment: {"interactionId": "CM10BQ.0.171", "response": {"type": "exactChoices", "data": {"choices": [{"id": "CM10BQ.0.171.c0", "surfaces": [{"type": "summary", "data": {"code": "candidate"}}, {"type": "action", "data": {"code": "passPriority", "actionId": "aa9063230e9a
[resolving/P0] prompt class=discard_handsize: {"interactionId": "CM10BQ.0.172", "response": {"type": "exactChoices", "data": {"choices": [{"id": "CM10BQ.0.172.c0", "surfaces": [{"type": "summary", "data": {"code": "candidate"}}, {"type": "action", "data": {"code": "passPriority", "actionId": "aa9063230e9a
[resolving/P1] prompt class=mana_payment: {"interactionId": "CM10BQ.0.173", "response": {"type": "exactChoices", "data": {"choices": [{"id": "CM10BQ.0.173.c0", "surfaces": [{"type": "summary", "data": {"code": "candidate"}}, {"type": "action", "data": {"code": "passPriority", "actionId": "aa9063230e9a
[resolving/P0] prompt class=pass_priority: {"interactionId": "CM10BQ.0.174", "response": {"type": "exactChoices", "data": {"choices": [{"id": "CM10BQ.0.174.c0", "surfaces": [{"type": "summary", "data": {"code": "candidate"}}, {"type": "action", "data": {"code": "passPriority", "actionId": "aa9063230e9a
[resolving/P1] prompt class=mana_payment: {"interactionId": "CM10BQ.0.175", "response": {"type": "exactChoices", "data": {"choices": [{"id": "CM10BQ.0.175.c0", "surfaces": [{"type": "summary", "data": {"code": "candidate"}}, {"type": "action", "data": {"code": "passPriority", "actionId": "aa9063230e9a
[resolving/P1] prompt class=mana_payment: {"interactionId": "CM10BQ.0.176", "response": {"type": "exactChoices", "data": {"choices": [{"id": "CM10BQ.0.176.c0", "surfaces": [{"type": "summary", "data": {"code": "candidate"}}, {"type": "action", "data": {"code": "passPriority", "actionId": "aa9063230e9a
[resolving/P0] prompt class=pass_priority: {"interactionId": "CM10BQ.0.177", "response": {"type": "exactChoices", "data": {"choices": [{"id": "CM10BQ.0.177.c0", "surfaces": [{"type": "summary", "data": {"code": "candidate"}}, {"type": "action", "data": {"code": "passPriority", "actionId": "aa9063230e9a
[resolving/P1] prompt class=mana_payment: {"interactionId": "CM10BQ.0.178", "response": {"type": "exactChoices", "data": {"choices": [{"id": "CM10BQ.0.178.c0", "surfaces": [{"type": "summary", "data": {"code": "candidate"}}, {"type": "action", "data": {"code": "passPriority", "actionId": "aa9063230e9a
[resolving/P0] prompt class=pass_priority: {"interactionId": "CM10BQ.0.179", "response": {"type": "exactChoices", "data": {"choices": [{"id": "CM10BQ.0.179.c0", "surfaces": [{"type": "summary", "data": {"code": "candidate"}}, {"type": "action", "data": {"code": "passPriority", "actionId": "aa9063230e9a
[resolving/P1] prompt class=mana_payment: {"interactionId": "CM10BQ.0.180", "response": {"type": "exactChoices", "data": {"choices": [{"id": "CM10BQ.0.180.c0", "surfaces": [{"type": "summary", "data": {"code": "candidate"}}, {"type": "action", "data": {"code": "passPriority", "actionId": "aa9063230e9a
[resolving/P0] prompt class=pass_priority: {"interactionId": "CM10BQ.0.181", "response": {"type": "exactChoices", "data": {"choices": [{"id": "CM10BQ.0.181.c0", "surfaces": [{"type": "summary", "data": {"code": "candidate"}}, {"type": "action", "data": {"code": "passPriority", "actionId": "aa9063230e9a
[resolving/P1] prompt class=mana_payment: {"interactionId": "CM10BQ.0.182", "response": {"type": "exactChoices", "data": {"choices": [{"id": "CM10BQ.0.182.c0", "surfaces": [{"type": "summary", "data": {"code": "candidate"}}, {"type": "action", "data": {"code": "passPriority", "actionId": "aa9063230e9a
[resolving/P0] prompt class=pass_priority: {"interactionId": "CM10BQ.0.183", "response": {"type": "exactChoices", "data": {"choices": [{"id": "CM10BQ.0.183.c0", "surfaces": [{"type": "summary", "data": {"code": "candidate"}}, {"type": "action", "data": {"code": "passPriority", "actionId": "aa9063230e9a
[resolving/P1] prompt class=mana_payment: {"interactionId": "CM10BQ.0.184", "response": {"type": "exactChoices", "data": {"choices": [{"id": "CM10BQ.0.184.c0", "surfaces": [{"type": "summary", "data": {"code": "candidate"}}, {"type": "action", "data": {"code": "passPriority", "actionId": "aa9063230e9a
[resolving/P0] prompt class=pass_priority: {"interactionId": "CM10BQ.0.185", "response": {"type": "exactChoices", "data": {"choices": [{"id": "CM10BQ.0.185.c0", "surfaces": [{"type": "summary", "data": {"code": "candidate"}}, {"type": "action", "data": {"code": "passPriority", "actionId": "aa9063230e9a
[resolving/P1] prompt class=mana_payment: {"interactionId": "CM10BQ.0.186", "response": {"type": "exactChoices", "data": {"choices": [{"id": "CM10BQ.0.186.c0", "surfaces": [{"type": "summary", "data": {"code": "candidate"}}, {"type": "action", "data": {"code": "passPriority", "actionId": "aa9063230e9a
[resolving/P0] prompt class=pass_priority: {"interactionId": "CM10BQ.0.187", "response": {"type": "exactChoices", "data": {"choices": [{"id": "CM10BQ.0.187.c0", "surfaces": [{"type": "summary", "data": {"code": "candidate"}}, {"type": "action", "data": {"code": "passPriority", "actionId": "aa9063230e9a
[resolving/P1] prompt class=mana_payment: {"interactionId": "CM10BQ.0.188", "response": {"type": "exactChoices", "data": {"choices": [{"id": "CM10BQ.0.188.c0", "surfaces": [{"type": "summary", "data": {"code": "candidate"}}, {"type": "action", "data": {"code": "passPriority", "actionId": "aa9063230e9a
[resolving/P0] prompt class=pass_priority: {"interactionId": "CM10BQ.0.189", "response": {"type": "exactChoices", "data": {"choices": [{"id": "CM10BQ.0.189.c0", "surfaces": [{"type": "summary", "data": {"code": "candidate"}}, {"type": "action", "data": {"code": "passPriority", "actionId": "aa9063230e9a
[resolving/P1] prompt class=discard_handsize: {"interactionId": "CM10BQ.0.190", "response": {"type": "schema", "data": {"spec": {"type": "select", "data": {"constraint": {"type": "count", "data": {"min": 1, "max": 1}}, "confirm": "explicit"}}, "candidates": [{"id": "CM10BQ.0.190.s0", "surfaces": [{"type":
[P1] vi discard-to-hand-size: CM10BQ.0.190.s0
[resolving/P0] prompt class=mana_payment: {"interactionId": "CM10BQ.0.191", "response": {"type": "exactChoices", "data": {"choices": [{"id": "CM10BQ.0.191.c0", "surfaces": [{"type": "summary", "data": {"code": "candidate"}}, {"type": "action", "data": {"code": "passPriority", "actionId": "aa9063230e9a
[resolving/P1] prompt class=mana_payment: {"interactionId": "CM10BQ.0.192", "response": {"type": "exactChoices", "data": {"choices": [{"id": "CM10BQ.0.192.c0", "surfaces": [{"type": "summary", "data": {"code": "candidate"}}, {"type": "action", "data": {"code": "passPriority", "actionId": "aa9063230e9a
[resolving/P0] prompt class=mana_payment: {"interactionId": "CM10BQ.0.193", "response": {"type": "exactChoices", "data": {"choices": [{"id": "CM10BQ.0.193.c0", "surfaces": [{"type": "summary", "data": {"code": "candidate"}}, {"type": "action", "data": {"code": "passPriority", "actionId": "aa9063230e9a
[resolving/P1] prompt class=mana_payment: {"interactionId": "CM10BQ.0.194", "response": {"type": "exactChoices", "data": {"choices": [{"id": "CM10BQ.0.194.c0", "surfaces": [{"type": "summary", "data": {"code": "candidate"}}, {"type": "action", "data": {"code": "passPriority", "actionId": "aa9063230e9a
[resolving/P0] prompt class=mana_payment: {"interactionId": "CM10BQ.0.195", "response": {"type": "exactChoices", "data": {"choices": [{"id": "CM10BQ.0.195.c0", "surfaces": [{"type": "summary", "data": {"code": "candidate"}}, {"type": "action", "data": {"code": "passPriority", "actionId": "aa9063230e9a
[resolving/P1] prompt class=mana_payment: {"interactionId": "CM10BQ.0.196", "response": {"type": "exactChoices", "data": {"choices": [{"id": "CM10BQ.0.196.c0", "surfaces": [{"type": "summary", "data": {"code": "candidate"}}, {"type": "action", "data": {"code": "passPriority", "actionId": "aa9063230e9a
[resolving/P0] prompt class=mana_payment: {"interactionId": "CM10BQ.0.197", "response": {"type": "exactChoices", "data": {"choices": [{"id": "CM10BQ.0.197.c0", "surfaces": [{"type": "summary", "data": {"code": "candidate"}}, {"type": "action", "data": {"code": "passPriority", "actionId": "aa9063230e9a
[resolving/P1] prompt class=mana_payment: {"interactionId": "CM10BQ.0.198", "response": {"type": "exactChoices", "data": {"choices": [{"id": "CM10BQ.0.198.c0", "surfaces": [{"type": "summary", "data": {"code": "candidate"}}, {"type": "action", "data": {"code": "passPriority", "actionId": "aa9063230e9a
[resolving/P0] prompt class=mana_payment: {"interactionId": "CM10BQ.0.199", "response": {"type": "exactChoices", "data": {"choices": [{"id": "CM10BQ.0.199.c0", "surfaces": [{"type": "summary", "data": {"code": "candidate"}}, {"type": "action", "data": {"code": "passPriority", "actionId": "aa9063230e9a
[resolving/P1] prompt class=mana_payment: {"interactionId": "CM10BQ.0.200", "response": {"type": "exactChoices", "data": {"choices": [{"id": "CM10BQ.0.200.c0", "surfaces": [{"type": "summary", "data": {"code": "candidate"}}, {"type": "action", "data": {"code": "passPriority", "actionId": "aa9063230e9a
[resolving/P0] prompt class=mana_payment: {"interactionId": "CM10BQ.0.201", "response": {"type": "exactChoices", "data": {"choices": [{"id": "CM10BQ.0.201.c0", "surfaces": [{"type": "summary", "data": {"code": "candidate"}}, {"type": "action", "data": {"code": "passPriority", "actionId": "aa9063230e9a
[resolving/P1] prompt class=mana_payment: {"interactionId": "CM10BQ.0.202", "response": {"type": "exactChoices", "data": {"choices": [{"id": "CM10BQ.0.202.c0", "surfaces": [{"type": "summary", "data": {"code": "candidate"}}, {"type": "action", "data": {"code": "passPriority", "actionId": "aa9063230e9a
[resolving/P0] prompt class=mana_payment: {"interactionId": "CM10BQ.0.203", "response": {"type": "exactChoices", "data": {"choices": [{"id": "CM10BQ.0.203.c0", "surfaces": [{"type": "summary", "data": {"code": "candidate"}}, {"type": "action", "data": {"code": "passPriority", "actionId": "aa9063230e9a
[resolving/P1] prompt class=mana_payment: {"interactionId": "CM10BQ.0.204", "response": {"type": "exactChoices", "data": {"choices": [{"id": "CM10BQ.0.204.c0", "surfaces": [{"type": "summary", "data": {"code": "candidate"}}, {"type": "action", "data": {"code": "passPriority", "actionId": "aa9063230e9a
[resolving/P1] prompt class=mana_payment: {"interactionId": "CM10BQ.0.205", "response": {"type": "exactChoices", "data": {"choices": [{"id": "CM10BQ.0.205.c0", "surfaces": [{"type": "summary", "data": {"code": "candidate"}}, {"type": "action", "data": {"code": "passPriority", "actionId": "aa9063230e9a
[resolving/P0] prompt class=mana_payment: {"interactionId": "CM10BQ.0.206", "response": {"type": "exactChoices", "data": {"choices": [{"id": "CM10BQ.0.206.c0", "surfaces": [{"type": "summary", "data": {"code": "candidate"}}, {"type": "action", "data": {"code": "passPriority", "actionId": "aa9063230e9a
[resolving/P1] prompt class=mana_payment: {"interactionId": "CM10BQ.0.207", "response": {"type": "exactChoices", "data": {"choices": [{"id": "CM10BQ.0.207.c0", "surfaces": [{"type": "summary", "data": {"code": "candidate"}}, {"type": "action", "data": {"code": "passPriority", "actionId": "aa9063230e9a
[resolving/P0] prompt class=mana_payment: {"interactionId": "CM10BQ.0.208", "response": {"type": "exactChoices", "data": {"choices": [{"id": "CM10BQ.0.208.c0", "surfaces": [{"type": "summary", "data": {"code": "candidate"}}, {"type": "action", "data": {"code": "passPriority", "actionId": "aa9063230e9a
[resolving/P1] prompt class=mana_payment: {"interactionId": "CM10BQ.0.209", "response": {"type": "exactChoices", "data": {"choices": [{"id": "CM10BQ.0.209.c0", "surfaces": [{"type": "summary", "data": {"code": "candidate"}}, {"type": "action", "data": {"code": "passPriority", "actionId": "aa9063230e9a
[resolving/P0] prompt class=mana_payment: {"interactionId": "CM10BQ.0.210", "response": {"type": "exactChoices", "data": {"choices": [{"id": "CM10BQ.0.210.c0", "surfaces": [{"type": "summary", "data": {"code": "candidate"}}, {"type": "action", "data": {"code": "passPriority", "actionId": "aa9063230e9a
[resolving/P1] prompt class=mana_payment: {"interactionId": "CM10BQ.0.211", "response": {"type": "exactChoices", "data": {"choices": [{"id": "CM10BQ.0.211.c0", "surfaces": [{"type": "summary", "data": {"code": "candidate"}}, {"type": "action", "data": {"code": "passPriority", "actionId": "aa9063230e9a
[resolving/P0] prompt class=mana_payment: {"interactionId": "CM10BQ.0.212", "response": {"type": "exactChoices", "data": {"choices": [{"id": "CM10BQ.0.212.c0", "surfaces": [{"type": "summary", "data": {"code": "candidate"}}, {"type": "action", "data": {"code": "passPriority", "actionId": "aa9063230e9a
[resolving/P1] prompt class=mana_payment: {"interactionId": "CM10BQ.0.213", "response": {"type": "exactChoices", "data": {"choices": [{"id": "CM10BQ.0.213.c0", "surfaces": [{"type": "summary", "data": {"code": "candidate"}}, {"type": "action", "data": {"code": "passPriority", "actionId": "aa9063230e9a
[resolving/P0] prompt class=mana_payment: {"interactionId": "CM10BQ.0.214", "response": {"type": "exactChoices", "data": {"choices": [{"id": "CM10BQ.0.214.c0", "surfaces": [{"type": "summary", "data": {"code": "candidate"}}, {"type": "action", "data": {"code": "passPriority", "actionId": "aa9063230e9a
[resolving/P1] prompt class=mana_payment: {"interactionId": "CM10BQ.0.215", "response": {"type": "exactChoices", "data": {"choices": [{"id": "CM10BQ.0.215.c0", "surfaces": [{"type": "summary", "data": {"code": "candidate"}}, {"type": "action", "data": {"code": "passPriority", "actionId": "aa9063230e9a
[resolving/P0] prompt class=mana_payment: {"interactionId": "CM10BQ.0.216", "response": {"type": "exactChoices", "data": {"choices": [{"id": "CM10BQ.0.216.c0", "surfaces": [{"type": "summary", "data": {"code": "candidate"}}, {"type": "action", "data": {"code": "passPriority", "actionId": "aa9063230e9a
[resolving/P1] prompt class=mana_payment: {"interactionId": "CM10BQ.0.217", "response": {"type": "exactChoices", "data": {"choices": [{"id": "CM10BQ.0.217.c0", "surfaces": [{"type": "summary", "data": {"code": "candidate"}}, {"type": "action", "data": {"code": "passPriority", "actionId": "aa9063230e9a
[resolving/P0] prompt class=mana_payment: {"interactionId": "CM10BQ.0.218", "response": {"type": "exactChoices", "data": {"choices": [{"id": "CM10BQ.0.218.c0", "surfaces": [{"type": "summary", "data": {"code": "candidate"}}, {"type": "action", "data": {"code": "passPriority", "actionId": "aa9063230e9a
[resolving/P1] prompt class=discard_handsize: {"interactionId": "CM10BQ.0.219", "response": {"type": "schema", "data": {"spec": {"type": "select", "data": {"constraint": {"type": "count", "data": {"min": 1, "max": 1}}, "confirm": "explicit"}}, "candidates": [{"id": "CM10BQ.0.219.s0", "surfaces": [{"type":
[P1] vi discard-to-hand-size: CM10BQ.0.219.s0
[resolving/P0] prompt class=mana_payment: {"interactionId": "CM10BQ.0.220", "response": {"type": "exactChoices", "data": {"choices": [{"id": "CM10BQ.0.220.c0", "surfaces": [{"type": "summary", "data": {"code": "candidate"}}, {"type": "action", "data": {"code": "passPriority", "actionId": "aa9063230e9a
[resolving/P1] prompt class=mana_payment: {"interactionId": "CM10BQ.0.221", "response": {"type": "exactChoices", "data": {"choices": [{"id": "CM10BQ.0.221.c0", "surfaces": [{"type": "summary", "data": {"code": "candidate"}}, {"type": "action", "data": {"code": "passPriority", "actionId": "aa9063230e9a
[resolving/P0] prompt class=mana_payment: {"interactionId": "CM10BQ.0.222", "response": {"type": "exactChoices", "data": {"choices": [{"id": "CM10BQ.0.222.c0", "surfaces": [{"type": "summary", "data": {"code": "candidate"}}, {"type": "action", "data": {"code": "passPriority", "actionId": "aa9063230e9a
[resolving/P1] prompt class=mana_payment: {"interactionId": "CM10BQ.0.223", "response": {"type": "exactChoices", "data": {"choices": [{"id": "CM10BQ.0.223.c0", "surfaces": [{"type": "summary", "data": {"code": "candidate"}}, {"type": "action", "data": {"code": "passPriority", "actionId": "aa9063230e9a
[resolving/P0] prompt class=mana_payment: {"interactionId": "CM10BQ.0.224", "response": {"type": "exactChoices", "data": {"choices": [{"id": "CM10BQ.0.224.c0", "surfaces": [{"type": "summary", "data": {"code": "candidate"}}, {"type": "action", "data": {"code": "passPriority", "actionId": "aa9063230e9a
[resolving/P1] prompt class=mana_payment: {"interactionId": "CM10BQ.0.225", "response": {"type": "exactChoices", "data": {"choices": [{"id": "CM10BQ.0.225.c0", "surfaces": [{"type": "summary", "data": {"code": "candidate"}}, {"type": "action", "data": {"code": "passPriority", "actionId": "aa9063230e9a
[resolving/P0] prompt class=mana_payment: {"interactionId": "CM10BQ.0.226", "response": {"type": "exactChoices", "data": {"choices": [{"id": "CM10BQ.0.226.c0", "surfaces": [{"type": "summary", "data": {"code": "candidate"}}, {"type": "action", "data": {"code": "passPriority", "actionId": "aa9063230e9a
[resolving/P1] prompt class=mana_payment: {"interactionId": "CM10BQ.0.227", "response": {"type": "exactChoices", "data": {"choices": [{"id": "CM10BQ.0.227.c0", "surfaces": [{"type": "summary", "data": {"code": "candidate"}}, {"type": "action", "data": {"code": "passPriority", "actionId": "aa9063230e9a
[resolving/P0] prompt class=mana_payment: {"interactionId": "CM10BQ.0.228", "response": {"type": "exactChoices", "data": {"choices": [{"id": "CM10BQ.0.228.c0", "surfaces": [{"type": "summary", "data": {"code": "candidate"}}, {"type": "action", "data": {"code": "passPriority", "actionId": "aa9063230e9a
[resolving/P1] prompt class=mana_payment: {"interactionId": "CM10BQ.0.229", "response": {"type": "exactChoices", "data": {"choices": [{"id": "CM10BQ.0.229.c0", "surfaces": [{"type": "summary", "data": {"code": "candidate"}}, {"type": "action", "data": {"code": "passPriority", "actionId": "aa9063230e9a
[resolving/P0] prompt class=mana_payment: {"interactionId": "CM10BQ.0.230", "response": {"type": "exactChoices", "data": {"choices": [{"id": "CM10BQ.0.230.c0", "surfaces": [{"type": "summary", "data": {"code": "candidate"}}, {"type": "action", "data": {"code": "passPriority", "actionId": "aa9063230e9a
[resolving/P1] prompt class=mana_payment: {"interactionId": "CM10BQ.0.231", "response": {"type": "exactChoices", "data": {"choices": [{"id": "CM10BQ.0.231.c0", "surfaces": [{"type": "summary", "data": {"code": "candidate"}}, {"type": "action", "data": {"code": "passPriority", "actionId": "aa9063230e9a
[resolving/P0] prompt class=mana_payment: {"interactionId": "CM10BQ.0.232", "response": {"type": "exactChoices", "data": {"choices": [{"id": "CM10BQ.0.232.c0", "surfaces": [{"type": "summary", "data": {"code": "candidate"}}, {"type": "action", "data": {"code": "passPriority", "actionId": "aa9063230e9a
[resolving/P1] prompt class=mana_payment: {"interactionId": "CM10BQ.0.233", "response": {"type": "exactChoices", "data": {"choices": [{"id": "CM10BQ.0.233.c0", "surfaces": [{"type": "summary", "data": {"code": "candidate"}}, {"type": "action", "data": {"code": "passPriority", "actionId": "aa9063230e9a
[resolving/P1] prompt class=mana_payment: {"interactionId": "CM10BQ.0.234", "response": {"type": "exactChoices", "data": {"choices": [{"id": "CM10BQ.0.234.c0", "surfaces": [{"type": "summary", "data": {"code": "candidate"}}, {"type": "action", "data": {"code": "passPriority", "actionId": "aa9063230e9a
[resolving/P0] prompt class=mana_payment: {"interactionId": "CM10BQ.0.235", "response": {"type": "exactChoices", "data": {"choices": [{"id": "CM10BQ.0.235.c0", "surfaces": [{"type": "summary", "data": {"code": "candidate"}}, {"type": "action", "data": {"code": "passPriority", "actionId": "aa9063230e9a
[resolving/P1] prompt class=mana_payment: {"interactionId": "CM10BQ.0.236", "response": {"type": "exactChoices", "data": {"choices": [{"id": "CM10BQ.0.236.c0", "surfaces": [{"type": "summary", "data": {"code": "candidate"}}, {"type": "action", "data": {"code": "passPriority", "actionId": "aa9063230e9a
[resolving/P0] prompt class=mana_payment: {"interactionId": "CM10BQ.0.237", "response": {"type": "exactChoices", "data": {"choices": [{"id": "CM10BQ.0.237.c0", "surfaces": [{"type": "summary", "data": {"code": "candidate"}}, {"type": "action", "data": {"code": "passPriority", "actionId": "aa9063230e9a
[resolving/P1] prompt class=mana_payment: {"interactionId": "CM10BQ.0.238", "response": {"type": "exactChoices", "data": {"choices": [{"id": "CM10BQ.0.238.c0", "surfaces": [{"type": "summary", "data": {"code": "candidate"}}, {"type": "action", "data": {"code": "passPriority", "actionId": "aa9063230e9a
[resolving/P0] prompt class=mana_payment: {"interactionId": "CM10BQ.0.239", "response": {"type": "exactChoices", "data": {"choices": [{"id": "CM10BQ.0.239.c0", "surfaces": [{"type": "summary", "data": {"code": "candidate"}}, {"type": "action", "data": {"code": "passPriority", "actionId": "aa9063230e9a
[resolving/P1] prompt class=mana_payment: {"interactionId": "CM10BQ.0.240", "response": {"type": "exactChoices", "data": {"choices": [{"id": "CM10BQ.0.240.c0", "surfaces": [{"type": "summary", "data": {"code": "candidate"}}, {"type": "action", "data": {"code": "passPriority", "actionId": "aa9063230e9a
[resolving/P0] prompt class=mana_payment: {"interactionId": "CM10BQ.0.241", "response": {"type": "exactChoices", "data": {"choices": [{"id": "CM10BQ.0.241.c0", "surfaces": [{"type": "summary", "data": {"code": "candidate"}}, {"type": "action", "data": {"code": "passPriority", "actionId": "aa9063230e9a
[window] settle clock done; exporting post
[window] settle clock done; exporting post
exported post.json
exported post.json
FINAL VERDICT: reproduced
wrote /home/hatch/workspace/dev/phase-backfill/evidence/7438/20261003-0711-7438/summary.png (1000x1240)
manifest.sha256 written (12 files)
summary.png opens OK (1000x1240)
validation OK: all JSON parse, hashes match, PNG readable
{
 "verdict": "reproduced",
 "assertions": {
  "A1_data_level": "passed",
  "A2_setup_ok": "passed",
  "A3_cast_resolved": "passed",
  "A4_no_returns": "passed",
  "A5_life_unchanged": "passed",
  "A6_cleanup": "passed"
 },
 "validation_problems": []
}
