game A: code GKMVD7; P0 seat=0 P1 seat=1
game A P0 keeps (lands=2, mountains=1, key=True, bears=True, mulls=0)
game A P1 keeps
DIAG game=A turn=1 active=0 phase=Untap wf=MulliganDecision pp=0 hand=['faithless looting', 'faithless looting', 'faithless looting', 'mountain', 'swamp', 'too evil to stay dead'] thor_bf=False evil_gy=False evil_ex=False thor_turn=None
[P0] no decision for GKMVD7.0.4 (policy=exact_unrecognized)
[P1] no decision for GKMVD7.0.5 (policy=exact_unrecognized)
[P0] no decision for GKMVD7.0.6 (policy=exact_unrecognized)
[P0] no decision for GKMVD7.0.7 (policy=exact_unrecognized)
P0 casts Faithless Looting
[P0] no decision for GKMVD7.0.8 (policy=exact_unrecognized)
[P1] no decision for GKMVD7.0.9 (policy=exact_unrecognized)
looting discard picks: ['Too Evil to Stay Dead', 'Grizzly Bears']
[P0] looting_discard: choice GKMVD7.0.10.s3 'Too Evil to Stay Dead'
[P0] no decision for GKMVD7.0.11 (policy=exact_unrecognized)
[P1] no decision for GKMVD7.0.12 (policy=exact_unrecognized)
[P0] no decision for GKMVD7.0.13 (policy=exact_unrecognized)
[P1] no decision for GKMVD7.0.14 (policy=exact_unrecognized)
[P0] no decision for GKMVD7.0.15 (policy=exact_unrecognized)
[P1] no decision for GKMVD7.0.16 (policy=exact_unrecognized)
[P0] no decision for GKMVD7.0.17 (policy=exact_unrecognized)
[P1] no decision for GKMVD7.0.18 (policy=exact_unrecognized)
[P0] no decision for GKMVD7.0.19 (policy=exact_unrecognized)
[P1] no decision for GKMVD7.0.20 (policy=exact_unrecognized)
[P1] no decision for GKMVD7.0.21 (policy=exact_unrecognized)
[P0] no decision for GKMVD7.0.22 (policy=exact_unrecognized)
[P1] no decision for GKMVD7.0.23 (policy=exact_unrecognized)
[P0] no decision for GKMVD7.0.24 (policy=exact_unrecognized)
[P1] no decision for GKMVD7.0.25 (policy=exact_unrecognized)
[P1] no decision for GKMVD7.0.26 (policy=exact_unrecognized)
[P0] no decision for GKMVD7.0.27 (policy=exact_unrecognized)
[P1] no decision for GKMVD7.0.28 (policy=exact_unrecognized)
[P0] no decision for GKMVD7.0.29 (policy=exact_unrecognized)
[P1] no decision for GKMVD7.0.30 (policy=exact_unrecognized)
[P0] no decision for GKMVD7.0.31 (policy=exact_unrecognized)
[P1] no decision for GKMVD7.0.32 (policy=exact_unrecognized)
[P0] no decision for GKMVD7.0.33 (policy=exact_unrecognized)
[P1] no decision for GKMVD7.0.34 (policy=exact_unrecognized)
[P0] no decision for GKMVD7.0.35 (policy=exact_unrecognized)
[P0] no decision for GKMVD7.0.36 (policy=exact_unrecognized)
[P1] no decision for GKMVD7.0.37 (policy=exact_unrecognized)
[P0] no decision for GKMVD7.0.38 (policy=exact_unrecognized)
[P1] no decision for GKMVD7.0.39 (policy=exact_unrecognized)
[P0] no decision for GKMVD7.0.40 (policy=exact_unrecognized)
[P0] no decision for GKMVD7.0.41 (policy=exact_unrecognized)
[P1] no decision for GKMVD7.0.42 (policy=exact_unrecognized)
[P0] no decision for GKMVD7.0.43 (policy=exact_unrecognized)
[P1] no decision for GKMVD7.0.44 (policy=exact_unrecognized)
[P0] no decision for GKMVD7.0.45 (policy=exact_unrecognized)
[P1] no decision for GKMVD7.0.46 (policy=exact_unrecognized)
[P0] no decision for GKMVD7.0.47 (policy=exact_unrecognized)
[P1] no decision for GKMVD7.0.48 (policy=exact_unrecognized)
[P0] no decision for GKMVD7.0.49 (policy=exact_unrecognized)
[P1] no decision for GKMVD7.0.50 (policy=exact_unrecognized)
[P1] no decision for GKMVD7.0.51 (policy=exact_unrecognized)
[P0] no decision for GKMVD7.0.52 (policy=exact_unrecognized)
[P1] no decision for GKMVD7.0.53 (policy=exact_unrecognized)
[P0] no decision for GKMVD7.0.54 (policy=exact_unrecognized)
[P1] no decision for GKMVD7.0.55 (policy=exact_unrecognized)
[P1] no decision for GKMVD7.0.56 (policy=exact_unrecognized)
[P0] no decision for GKMVD7.0.57 (policy=exact_unrecognized)
[P1] no decision for GKMVD7.0.58 (policy=exact_unrecognized)
[P0] no decision for GKMVD7.0.59 (policy=exact_unrecognized)
[P1] no decision for GKMVD7.0.60 (policy=exact_unrecognized)
[P0] no decision for GKMVD7.0.61 (policy=exact_unrecognized)
[P1] no decision for GKMVD7.0.62 (policy=exact_unrecognized)
[P0] no decision for GKMVD7.0.63 (policy=exact_unrecognized)
[P1] no decision for GKMVD7.0.64 (policy=exact_unrecognized)
[P0] no decision for GKMVD7.0.65 (policy=exact_unrecognized)
[P0] no decision for GKMVD7.0.66 (policy=exact_unrecognized)
[P1] no decision for GKMVD7.0.67 (policy=exact_unrecognized)
[P0] no decision for GKMVD7.0.68 (policy=exact_unrecognized)
[P1] no decision for GKMVD7.0.69 (policy=exact_unrecognized)
[P0] no decision for GKMVD7.0.70 (policy=exact_unrecognized)
[P0] no decision for GKMVD7.0.71 (policy=exact_unrecognized)
[P1] no decision for GKMVD7.0.72 (policy=exact_unrecognized)
[P0] no decision for GKMVD7.0.73 (policy=exact_unrecognized)
[P1] no decision for GKMVD7.0.74 (policy=exact_unrecognized)
[P0] no decision for GKMVD7.0.75 (policy=exact_unrecognized)
[P1] no decision for GKMVD7.0.76 (policy=exact_unrecognized)
[P0] no decision for GKMVD7.0.77 (policy=exact_unrecognized)
[P1] no decision for GKMVD7.0.78 (policy=exact_unrecognized)
[P0] no decision for GKMVD7.0.79 (policy=exact_unrecognized)
[P1] no decision for GKMVD7.0.80 (policy=exact_unrecognized)
[P1] no decision for GKMVD7.0.81 (policy=exact_unrecognized)
[P0] no decision for GKMVD7.0.82 (policy=exact_unrecognized)
[P1] no decision for GKMVD7.0.83 (policy=exact_unrecognized)
[P0] no decision for GKMVD7.0.84 (policy=exact_unrecognized)
[P1] no decision for GKMVD7.0.85 (policy=exact_unrecognized)
[P1] no decision for GKMVD7.0.86 (policy=exact_unrecognized)
[P0] no decision for GKMVD7.0.87 (policy=exact_unrecognized)
[P1] no decision for GKMVD7.0.88 (policy=exact_unrecognized)
[P0] no decision for GKMVD7.0.89 (policy=exact_unrecognized)
[P1] no decision for GKMVD7.0.90 (policy=exact_unrecognized)
[P0] no decision for GKMVD7.0.91 (policy=exact_unrecognized)
[P1] no decision for GKMVD7.0.92 (policy=exact_unrecognized)
[P0] no decision for GKMVD7.0.93 (policy=exact_unrecognized)
[P1] no decision for GKMVD7.0.94 (policy=exact_unrecognized)
[P0] no decision for GKMVD7.0.95 (policy=exact_unrecognized)
[P0] no decision for GKMVD7.0.96 (policy=exact_unrecognized)
[P1] no decision for GKMVD7.0.97 (policy=exact_unrecognized)
[P0] no decision for GKMVD7.0.98 (policy=exact_unrecognized)
[P1] no decision for GKMVD7.0.99 (policy=exact_unrecognized)
[P0] no decision for GKMVD7.0.100 (policy=exact_unrecognized)
[P0] no decision for GKMVD7.0.101 (policy=exact_unrecognized)
[P1] no decision for GKMVD7.0.102 (policy=exact_unrecognized)
[P0] no decision for GKMVD7.0.103 (policy=exact_unrecognized)
[P1] no decision for GKMVD7.0.104 (policy=exact_unrecognized)
[P0] no decision for GKMVD7.0.105 (policy=exact_unrecognized)
[P1] no decision for GKMVD7.0.106 (policy=exact_unrecognized)
[P0] no decision for GKMVD7.0.107 (policy=exact_unrecognized)
[P1] no decision for GKMVD7.0.108 (policy=exact_unrecognized)
[P0] no decision for GKMVD7.0.109 (policy=exact_unrecognized)
[P1] no decision for GKMVD7.0.110 (policy=exact_unrecognized)
[P1] no decision for GKMVD7.0.111 (policy=exact_unrecognized)
[P0] no decision for GKMVD7.0.112 (policy=exact_unrecognized)
[P1] no decision for GKMVD7.0.113 (policy=exact_unrecognized)
[P0] no decision for GKMVD7.0.114 (policy=exact_unrecognized)
[P1] no decision for GKMVD7.0.115 (policy=exact_unrecognized)
[P1] no decision for GKMVD7.0.116 (policy=exact_unrecognized)
[P0] no decision for GKMVD7.0.117 (policy=exact_unrecognized)
[P1] no decision for GKMVD7.0.118 (policy=exact_unrecognized)
[P0] no decision for GKMVD7.0.119 (policy=exact_unrecognized)
[P1] no decision for GKMVD7.0.120 (policy=exact_unrecognized)
[P0] no decision for GKMVD7.0.121 (policy=exact_unrecognized)
[P1] no decision for GKMVD7.0.122 (policy=exact_unrecognized)
[P0] no decision for GKMVD7.0.123 (policy=exact_unrecognized)
[P1] no decision for GKMVD7.0.124 (policy=exact_unrecognized)
[P0] no decision for GKMVD7.0.125 (policy=exact_unrecognized)
[P0] no decision for GKMVD7.0.126 (policy=exact_unrecognized)
[P1] no decision for GKMVD7.0.127 (policy=exact_unrecognized)
[P0] no decision for GKMVD7.0.128 (policy=exact_unrecognized)
[P1] no decision for GKMVD7.0.129 (policy=exact_unrecognized)
[P0] no decision for GKMVD7.0.130 (policy=exact_unrecognized)
[P0] no decision for GKMVD7.0.131 (policy=exact_unrecognized)
P0 casts Thor (turn 9)
[P0] no decision for GKMVD7.0.132 (policy=exact_unrecognized)
[P1] no decision for GKMVD7.0.133 (policy=exact_unrecognized)
[P0] etb_exile_evil: choice GKMVD7.0.134.t1 'Too Evil to Stay Dead'
[P0] no decision for GKMVD7.0.135 (policy=exact_unrecognized)
exported pre_exile.json
game A: Thor ETB trigger on stack
[P1] no decision for GKMVD7.0.136 (policy=exact_unrecognized)
[P0] no decision for GKMVD7.0.137 (policy=exact_unrecognized)
exported post_etb.json
game A: too evil to stay dead exiled, oids=[25]
[P1] no decision for GKMVD7.0.138 (policy=exact_unrecognized)
[P0] no decision for GKMVD7.0.139 (policy=exact_unrecognized)
[P1] no decision for GKMVD7.0.140 (policy=exact_unrecognized)
[P0] no decision for GKMVD7.0.141 (policy=exact_unrecognized)
[P1] no decision for GKMVD7.0.142 (policy=exact_unrecognized)
[P0] no decision for GKMVD7.0.143 (policy=exact_unrecognized)
[P1] no decision for GKMVD7.0.144 (policy=exact_unrecognized)
[P0] no decision for GKMVD7.0.145 (policy=exact_unrecognized)
[P1] no decision for GKMVD7.0.146 (policy=exact_unrecognized)
[P1] no decision for GKMVD7.0.147 (policy=exact_unrecognized)
[P0] no decision for GKMVD7.0.148 (policy=exact_unrecognized)
[P1] no decision for GKMVD7.0.149 (policy=exact_unrecognized)
[P0] no decision for GKMVD7.0.150 (policy=exact_unrecognized)
[P1] no decision for GKMVD7.0.151 (policy=exact_unrecognized)
[P1] no decision for GKMVD7.0.152 (policy=exact_unrecognized)
[P0] no decision for GKMVD7.0.153 (policy=exact_unrecognized)
[P1] no decision for GKMVD7.0.154 (policy=exact_unrecognized)
[P0] no decision for GKMVD7.0.155 (policy=exact_unrecognized)
[P1] no decision for GKMVD7.0.156 (policy=exact_unrecognized)
[P0] no decision for GKMVD7.0.157 (policy=exact_unrecognized)
[P1] no decision for GKMVD7.0.158 (policy=exact_unrecognized)
[P0] no decision for GKMVD7.0.159 (policy=exact_unrecognized)
[P1] no decision for GKMVD7.0.160 (policy=exact_unrecognized)
[P0] no decision for GKMVD7.0.161 (policy=exact_unrecognized)
[P0] no decision for GKMVD7.0.162 (policy=exact_unrecognized)
game A: P0's next turn after Thor = 11
[P1] no decision for GKMVD7.0.163 (policy=exact_unrecognized)
[P0] no decision for GKMVD7.0.164 (policy=exact_unrecognized)
A2 draw check: offered=False
[P1] no decision for GKMVD7.0.165 (policy=exact_unrecognized)
[P0] no decision for GKMVD7.0.166 (policy=exact_unrecognized)
[P0] no decision for GKMVD7.0.167 (policy=exact_unrecognized)
A3 offer check at PreCombatMain: offered=True
exported pre_cast.json
P0 casts too evil to stay dead from exile (turn 11)
[P0] teamwork_decline: choice GKMVD7.0.168.c1 ''
[P0] thor_damage_p1: choice GKMVD7.0.169.t1 ''
[P0] no decision for GKMVD7.0.170 (policy=exact_unrecognized)
[P1] no decision for GKMVD7.0.171 (policy=exact_unrecognized)
[P0] no decision for GKMVD7.0.172 (policy=exact_unrecognized)
[P1] no decision for GKMVD7.0.173 (policy=exact_unrecognized)
[P0] no decision for GKMVD7.0.174 (policy=exact_unrecognized)
exported post_cast.json
game A: sorcery resolved; exporting post_cast
game A complete; starting game B (expiry path)
game B: code ZGG50P; P0 seat=0 P1 seat=1
game B P0 keeps (lands=3, mountains=2, key=True, bears=True, mulls=0)
game B P1 keeps
[P1] no decision for ZGG50P.0.4 (policy=exact_unrecognized)
[P0] no decision for ZGG50P.0.5 (policy=exact_unrecognized)
[P1] no decision for ZGG50P.0.6 (policy=exact_unrecognized)
[P1] no decision for ZGG50P.0.7 (policy=exact_unrecognized)
[P0] no decision for ZGG50P.0.8 (policy=exact_unrecognized)
[P1] no decision for ZGG50P.0.9 (policy=exact_unrecognized)
[P0] no decision for ZGG50P.0.10 (policy=exact_unrecognized)
[P1] no decision for ZGG50P.0.11 (policy=exact_unrecognized)
[P0] no decision for ZGG50P.0.12 (policy=exact_unrecognized)
[P1] no decision for ZGG50P.0.13 (policy=exact_unrecognized)
[P0] no decision for ZGG50P.0.14 (policy=exact_unrecognized)
[P1] no decision for ZGG50P.0.15 (policy=exact_unrecognized)
[P0] no decision for ZGG50P.0.16 (policy=exact_unrecognized)
[P0] no decision for ZGG50P.0.17 (policy=exact_unrecognized)
[P1] no decision for ZGG50P.0.18 (policy=exact_unrecognized)
[P0] no decision for ZGG50P.0.19 (policy=exact_unrecognized)
[P1] no decision for ZGG50P.0.20 (policy=exact_unrecognized)
[P0] no decision for ZGG50P.0.21 (policy=exact_unrecognized)
[P0] no decision for ZGG50P.0.22 (policy=exact_unrecognized)
P0 casts Faithless Looting
[P0] no decision for ZGG50P.0.23 (policy=exact_unrecognized)
[P1] no decision for ZGG50P.0.24 (policy=exact_unrecognized)
looting discard picks: ['Too Evil to Stay Dead', 'Grizzly Bears']
[P0] looting_discard: choice ZGG50P.0.25.s1 'Too Evil to Stay Dead'
[P0] no decision for ZGG50P.0.26 (policy=exact_unrecognized)
[P1] no decision for ZGG50P.0.27 (policy=exact_unrecognized)
[P0] no decision for ZGG50P.0.28 (policy=exact_unrecognized)
[P1] no decision for ZGG50P.0.29 (policy=exact_unrecognized)
[P0] no decision for ZGG50P.0.30 (policy=exact_unrecognized)
[P1] no decision for ZGG50P.0.31 (policy=exact_unrecognized)
[P0] no decision for ZGG50P.0.32 (policy=exact_unrecognized)
[P1] no decision for ZGG50P.0.33 (policy=exact_unrecognized)
[P0] no decision for ZGG50P.0.34 (policy=exact_unrecognized)
[P1] no decision for ZGG50P.0.35 (policy=exact_unrecognized)
[P1] no decision for ZGG50P.0.36 (policy=exact_unrecognized)
[P0] no decision for ZGG50P.0.37 (policy=exact_unrecognized)
[P1] no decision for ZGG50P.0.38 (policy=exact_unrecognized)
[P0] no decision for ZGG50P.0.39 (policy=exact_unrecognized)
[P1] no decision for ZGG50P.0.40 (policy=exact_unrecognized)
[P1] no decision for ZGG50P.0.41 (policy=exact_unrecognized)
[P0] no decision for ZGG50P.0.42 (policy=exact_unrecognized)
[P1] no decision for ZGG50P.0.43 (policy=exact_unrecognized)
[P0] no decision for ZGG50P.0.44 (policy=exact_unrecognized)
[P1] no decision for ZGG50P.0.45 (policy=exact_unrecognized)
[P0] no decision for ZGG50P.0.46 (policy=exact_unrecognized)
[P1] no decision for ZGG50P.0.47 (policy=exact_unrecognized)
[P0] no decision for ZGG50P.0.48 (policy=exact_unrecognized)
[P1] no decision for ZGG50P.0.49 (policy=exact_unrecognized)
[P0] no decision for ZGG50P.0.50 (policy=exact_unrecognized)
[P0] no decision for ZGG50P.0.51 (policy=exact_unrecognized)
[P1] no decision for ZGG50P.0.52 (policy=exact_unrecognized)
[P0] no decision for ZGG50P.0.53 (policy=exact_unrecognized)
[P1] no decision for ZGG50P.0.54 (policy=exact_unrecognized)
[P0] no decision for ZGG50P.0.55 (policy=exact_unrecognized)
[P0] no decision for ZGG50P.0.56 (policy=exact_unrecognized)
[P1] no decision for ZGG50P.0.57 (policy=exact_unrecognized)
[P0] no decision for ZGG50P.0.58 (policy=exact_unrecognized)
[P1] no decision for ZGG50P.0.59 (policy=exact_unrecognized)
[P0] no decision for ZGG50P.0.60 (policy=exact_unrecognized)
[P1] no decision for ZGG50P.0.61 (policy=exact_unrecognized)
[P0] no decision for ZGG50P.0.62 (policy=exact_unrecognized)
[P1] no decision for ZGG50P.0.63 (policy=exact_unrecognized)
[P0] no decision for ZGG50P.0.64 (policy=exact_unrecognized)
[P1] no decision for ZGG50P.0.65 (policy=exact_unrecognized)
[P1] no decision for ZGG50P.0.66 (policy=exact_unrecognized)
[P0] no decision for ZGG50P.0.67 (policy=exact_unrecognized)
[P1] no decision for ZGG50P.0.68 (policy=exact_unrecognized)
[P0] no decision for ZGG50P.0.69 (policy=exact_unrecognized)
[P1] no decision for ZGG50P.0.70 (policy=exact_unrecognized)
[P1] no decision for ZGG50P.0.71 (policy=exact_unrecognized)
[P0] no decision for ZGG50P.0.72 (policy=exact_unrecognized)
[P1] no decision for ZGG50P.0.73 (policy=exact_unrecognized)
[P0] no decision for ZGG50P.0.74 (policy=exact_unrecognized)
[P1] no decision for ZGG50P.0.75 (policy=exact_unrecognized)
[P0] no decision for ZGG50P.0.76 (policy=exact_unrecognized)
[P1] no decision for ZGG50P.0.77 (policy=exact_unrecognized)
[P0] no decision for ZGG50P.0.78 (policy=exact_unrecognized)
[P1] no decision for ZGG50P.0.79 (policy=exact_unrecognized)
[P0] no decision for ZGG50P.0.80 (policy=exact_unrecognized)
[P0] no decision for ZGG50P.0.81 (policy=exact_unrecognized)
[P1] no decision for ZGG50P.0.82 (policy=exact_unrecognized)
[P0] no decision for ZGG50P.0.83 (policy=exact_unrecognized)
[P1] no decision for ZGG50P.0.84 (policy=exact_unrecognized)
[P0] no decision for ZGG50P.0.85 (policy=exact_unrecognized)
[P0] no decision for ZGG50P.0.86 (policy=exact_unrecognized)
[P1] no decision for ZGG50P.0.87 (policy=exact_unrecognized)
[P0] no decision for ZGG50P.0.88 (policy=exact_unrecognized)
[P1] no decision for ZGG50P.0.89 (policy=exact_unrecognized)
[P0] no decision for ZGG50P.0.90 (policy=exact_unrecognized)
[P1] no decision for ZGG50P.0.91 (policy=exact_unrecognized)
[P0] no decision for ZGG50P.0.92 (policy=exact_unrecognized)
[P1] no decision for ZGG50P.0.93 (policy=exact_unrecognized)
[P0] no decision for ZGG50P.0.94 (policy=exact_unrecognized)
[P1] no decision for ZGG50P.0.95 (policy=exact_unrecognized)
[P1] no decision for ZGG50P.0.96 (policy=exact_unrecognized)
[P0] no decision for ZGG50P.0.97 (policy=exact_unrecognized)
[P1] no decision for ZGG50P.0.98 (policy=exact_unrecognized)
[P0] no decision for ZGG50P.0.99 (policy=exact_unrecognized)
[P1] no decision for ZGG50P.0.100 (policy=exact_unrecognized)
[P1] no decision for ZGG50P.0.101 (policy=exact_unrecognized)
[P0] no decision for ZGG50P.0.102 (policy=exact_unrecognized)
[P1] no decision for ZGG50P.0.103 (policy=exact_unrecognized)
[P0] no decision for ZGG50P.0.104 (policy=exact_unrecognized)
[P1] no decision for ZGG50P.0.105 (policy=exact_unrecognized)
[P0] no decision for ZGG50P.0.106 (policy=exact_unrecognized)
[P1] no decision for ZGG50P.0.107 (policy=exact_unrecognized)
[P0] no decision for ZGG50P.0.108 (policy=exact_unrecognized)
[P1] no decision for ZGG50P.0.109 (policy=exact_unrecognized)
[P0] no decision for ZGG50P.0.110 (policy=exact_unrecognized)
[P0] no decision for ZGG50P.0.111 (policy=exact_unrecognized)
[P1] no decision for ZGG50P.0.112 (policy=exact_unrecognized)
[P0] no decision for ZGG50P.0.113 (policy=exact_unrecognized)
[P1] no decision for ZGG50P.0.114 (policy=exact_unrecognized)
[P0] no decision for ZGG50P.0.115 (policy=exact_unrecognized)
[P0] no decision for ZGG50P.0.116 (policy=exact_unrecognized)
[P1] no decision for ZGG50P.0.117 (policy=exact_unrecognized)
[P0] no decision for ZGG50P.0.118 (policy=exact_unrecognized)
[P1] no decision for ZGG50P.0.119 (policy=exact_unrecognized)
[P0] no decision for ZGG50P.0.120 (policy=exact_unrecognized)
[P1] no decision for ZGG50P.0.121 (policy=exact_unrecognized)
[P0] no decision for ZGG50P.0.122 (policy=exact_unrecognized)
[P1] no decision for ZGG50P.0.123 (policy=exact_unrecognized)
[P0] no decision for ZGG50P.0.124 (policy=exact_unrecognized)
[P1] no decision for ZGG50P.0.125 (policy=exact_unrecognized)
[P1] no decision for ZGG50P.0.126 (policy=exact_unrecognized)
[P0] no decision for ZGG50P.0.127 (policy=exact_unrecognized)
[P1] no decision for ZGG50P.0.128 (policy=exact_unrecognized)
[P0] no decision for ZGG50P.0.129 (policy=exact_unrecognized)
[P1] no decision for ZGG50P.0.130 (policy=exact_unrecognized)
[P1] no decision for ZGG50P.0.131 (policy=exact_unrecognized)
[P0] no decision for ZGG50P.0.132 (policy=exact_unrecognized)
[P1] no decision for ZGG50P.0.133 (policy=exact_unrecognized)
[P0] no decision for ZGG50P.0.134 (policy=exact_unrecognized)
[P1] no decision for ZGG50P.0.135 (policy=exact_unrecognized)
[P0] no decision for ZGG50P.0.136 (policy=exact_unrecognized)
[P1] no decision for ZGG50P.0.137 (policy=exact_unrecognized)
[P0] no decision for ZGG50P.0.138 (policy=exact_unrecognized)
[P1] no decision for ZGG50P.0.139 (policy=exact_unrecognized)
[P0] no decision for ZGG50P.0.140 (policy=exact_unrecognized)
[P0] no decision for ZGG50P.0.141 (policy=exact_unrecognized)
[P1] no decision for ZGG50P.0.142 (policy=exact_unrecognized)
[P0] no decision for ZGG50P.0.143 (policy=exact_unrecognized)
[P1] no decision for ZGG50P.0.144 (policy=exact_unrecognized)
[P0] no decision for ZGG50P.0.145 (policy=exact_unrecognized)
[P0] no decision for ZGG50P.0.146 (policy=exact_unrecognized)
P0 casts Thor (turn 10)
[P0] no decision for ZGG50P.0.147 (policy=exact_unrecognized)
[P1] no decision for ZGG50P.0.148 (policy=exact_unrecognized)
[P0] etb_exile_evil: choice ZGG50P.0.149.t1 'Too Evil to Stay Dead'
[P0] no decision for ZGG50P.0.150 (policy=exact_unrecognized)
exported pre_B_etb.json
game B: Thor ETB trigger on stack
[P1] no decision for ZGG50P.0.151 (policy=exact_unrecognized)
[P0] no decision for ZGG50P.0.152 (policy=exact_unrecognized)
exported post_B_etb.json
game B: too evil to stay dead exiled, oids=[16]
[P1] no decision for ZGG50P.0.153 (policy=exact_unrecognized)
[P0] no decision for ZGG50P.0.154 (policy=exact_unrecognized)
[P1] no decision for ZGG50P.0.155 (policy=exact_unrecognized)
[P0] no decision for ZGG50P.0.156 (policy=exact_unrecognized)
[P1] no decision for ZGG50P.0.157 (policy=exact_unrecognized)
[P0] no decision for ZGG50P.0.158 (policy=exact_unrecognized)
[P1] no decision for ZGG50P.0.159 (policy=exact_unrecognized)
[P0] no decision for ZGG50P.0.160 (policy=exact_unrecognized)
[P1] no decision for ZGG50P.0.161 (policy=exact_unrecognized)
[P1] no decision for ZGG50P.0.162 (policy=exact_unrecognized)
[P0] no decision for ZGG50P.0.163 (policy=exact_unrecognized)
[P1] no decision for ZGG50P.0.164 (policy=exact_unrecognized)
[P0] no decision for ZGG50P.0.165 (policy=exact_unrecognized)
[P1] no decision for ZGG50P.0.166 (policy=exact_unrecognized)
[P1] no decision for ZGG50P.0.167 (policy=exact_unrecognized)
[P0] no decision for ZGG50P.0.168 (policy=exact_unrecognized)
[P1] no decision for ZGG50P.0.169 (policy=exact_unrecognized)
[P0] no decision for ZGG50P.0.170 (policy=exact_unrecognized)
[P1] no decision for ZGG50P.0.171 (policy=exact_unrecognized)
[P0] no decision for ZGG50P.0.172 (policy=exact_unrecognized)
[P1] no decision for ZGG50P.0.173 (policy=exact_unrecognized)
[P0] no decision for ZGG50P.0.174 (policy=exact_unrecognized)
[P1] no decision for ZGG50P.0.175 (policy=exact_unrecognized)
[P0] no decision for ZGG50P.0.176 (policy=exact_unrecognized)
[P0] no decision for ZGG50P.0.177 (policy=exact_unrecognized)
game B: P0's next turn after Thor = 12
[P1] no decision for ZGG50P.0.178 (policy=exact_unrecognized)
[P0] no decision for ZGG50P.0.179 (policy=exact_unrecognized)
[P1] no decision for ZGG50P.0.180 (policy=exact_unrecognized)
[P0] no decision for ZGG50P.0.181 (policy=exact_unrecognized)
[P0] no decision for ZGG50P.0.182 (policy=exact_unrecognized)
[P1] no decision for ZGG50P.0.183 (policy=exact_unrecognized)
[P0] no decision for ZGG50P.0.184 (policy=exact_unrecognized)
[P1] no decision for ZGG50P.0.185 (policy=exact_unrecognized)
[P0] no decision for ZGG50P.0.186 (policy=schema_not_sequence_relations)
[P0] no decision for ZGG50P.0.187 (policy=exact_unrecognized)
[P1] no decision for ZGG50P.0.188 (policy=exact_unrecognized)
[P0] no decision for ZGG50P.0.189 (policy=exact_unrecognized)
exported pre_B.json
game B: pre_B exported at turn 12 (permission still armed)
[P1] no decision for ZGG50P.0.190 (policy=exact_unrecognized)
[P0] no decision for ZGG50P.0.191 (policy=exact_unrecognized)
[P1] no decision for ZGG50P.0.192 (policy=exact_unrecognized)
[P1] no decision for ZGG50P.0.193 (policy=exact_unrecognized)
[P0] no decision for ZGG50P.0.194 (policy=exact_unrecognized)
[P1] no decision for ZGG50P.0.195 (policy=exact_unrecognized)
[P0] no decision for ZGG50P.0.196 (policy=exact_unrecognized)
[P1] no decision for ZGG50P.0.197 (policy=exact_unrecognized)
[P1] no decision for ZGG50P.0.198 (policy=exact_unrecognized)
[P0] no decision for ZGG50P.0.199 (policy=exact_unrecognized)
[P1] no decision for ZGG50P.0.200 (policy=exact_unrecognized)
DIAG game=B turn=13 active=1 phase=BeginCombat wf=Priority pp=1 hand=['grizzly bears', 'too evil to stay dead', 'faithless looting', 'swamp', 'faithless looting'] thor_bf=True evil_gy=False evil_ex=True thor_turn=10
[P0] no decision for ZGG50P.0.201 (policy=exact_unrecognized)
[P1] no decision for ZGG50P.0.202 (policy=exact_unrecognized)
[P0] no decision for ZGG50P.0.203 (policy=exact_unrecognized)
[P1] no decision for ZGG50P.0.204 (policy=exact_unrecognized)
[P0] no decision for ZGG50P.0.205 (policy=exact_unrecognized)
[P1] no decision for ZGG50P.0.206 (policy=exact_unrecognized)
[P0] no decision for ZGG50P.0.207 (policy=exact_unrecognized)
[P0] no decision for ZGG50P.0.208 (policy=exact_unrecognized)
game B: P0's following turn = 14
[P1] no decision for ZGG50P.0.209 (policy=exact_unrecognized)
[P0] no decision for ZGG50P.0.210 (policy=exact_unrecognized)
[P1] no decision for ZGG50P.0.211 (policy=exact_unrecognized)
[P0] no decision for ZGG50P.0.212 (policy=exact_unrecognized)
[P0] no decision for ZGG50P.0.213 (policy=exact_unrecognized)
A5 expiry check at turn 14 PreCombatMain: offered=False
exported post_B.json
game B complete; finishing
