[03:23:41] ServerHello: version=0.103.0 build=ec27a8d protocol=106 mode=Full
[03:23:41] data-level check: ok=True notes=["mana_cost={'type': 'Cost', 'shards': ['Blue', 'Blue', 'Black'], 'generic': 2}"]
[03:23:42] [instant] game N4CXBK; P0 seat=0 P1 seat=1
[03:23:42] [P0-instant] keep 7: ['mountain', 'lightning bolt', 'swamp', 'mystical tutor', 'hidetsugu and kairi', 'swamp', 'island']
[03:23:42] [P1-instant] keep 7: ['island', 'island', 'island', 'island', 'island', 'island', 'island']
[03:23:43] [P1-instant] PENDING-DUMP (p1_real_decision): canSubmit=True kind=choose n_ops=1 atypes=['PassPriority', 'PlayLand']
[03:23:43] [P1-instant]   opp iid=N4CXBK.0.6 rtype=exactChoices spec=None n=8 first={"id": "N4CXBK.0.6.c0", "surfaces": [{"type": "summary", "data": {"code": "candidate"}}, {"type": "action", "data": {"code": "passPriority", "actionId": "aa9063230e9a1e8880abc47051b715da0ce68724929194424f44c81e1695ecca0"}}], "status": {"type": "available"}}
[03:23:43] [P1-instant] playing land island
[03:23:46] [P0-instant] playing land mountain
[03:23:49] [P1-instant] playing land island
[03:23:53] [P0-instant] playing land swamp
[03:23:57] [P1-instant] playing land island
[03:24:00] [P0-instant] playing land swamp
[03:24:03] [P1-instant] PENDING-DUMP (p1_real_decision): canSubmit=True kind=choose n_ops=1 atypes=['PassPriority', 'PlayLand', 'TapLandForMana']
[03:24:03] [P1-instant]   opp iid=N4CXBK.0.96 rtype=exactChoices spec=None n=11 first={"id": "N4CXBK.0.96.c0", "surfaces": [{"type": "summary", "data": {"code": "candidate"}}, {"type": "action", "data": {"code": "passPriority", "actionId": "aa9063230e9a1e8880abc47051b715da0ce68724929194424f44c81e1695ecca0"}}], "status": {"type": "available"}}
[03:24:03] [P1-instant] playing land island
[03:24:06] [P0-instant] playing land island
[03:24:09] [P1-instant] playing land island
[03:24:12] [P0-instant] playing land island
[03:24:12] [P0-instant] casting hidetsugu and kairi (oid 36) needs={'U': 2, 'B': 1, 'generic': 2}
[03:24:13] [P0-instant] H&K resolved on BF; ETB putback pending
[03:24:13] [P0-instant] discarding to hand size via vi (select): picks=['N4CXBK.0.147.s5', 'N4CXBK.0.147.s6']
[03:24:16] [P1-instant] playing land island
[03:24:18] [P0-instant] PENDING-DUMP (etb_pending): canSubmit=True kind=choose n_ops=1 atypes=['PassPriority']
[03:24:18] [P0-instant]   opp iid=N4CXBK.0.170 rtype=exactChoices spec=None n=1 first={"id": "N4CXBK.0.170.c0", "surfaces": [{"type": "summary", "data": {"code": "candidate"}}, {"type": "action", "data": {"code": "passPriority", "actionId": "aa9063230e9a1e8880abc47051b715da0ce68724929194424f44c81e1695ecca0"}}], "status": {"type": "available"}}
[03:24:18] [P0-instant] tap land for mana used_for=B needs={'U': 2, 'B': 0, 'generic': 2}
[03:24:18] [P0-instant] submitting interaction iid=N4CXBK.0.173 choice=N4CXBK.0.173.c15 (Swamp)
[03:24:19] [P0-instant] tap land for mana used_for=U needs={'U': 1, 'B': 0, 'generic': 2}
[03:24:19] [P0-instant] submitting interaction iid=N4CXBK.0.174 choice=N4CXBK.0.174.c15 (Island)
[03:24:19] [P0-instant] tap land for mana used_for=U needs={'U': 0, 'B': 0, 'generic': 2}
[03:24:19] [P0-instant] submitting interaction iid=N4CXBK.0.175 choice=N4CXBK.0.175.c17 (Island)
[03:24:19] [P0-instant] tap land for mana used_for=generic needs={'U': 0, 'B': 0, 'generic': 1}
[03:24:19] [P0-instant] submitting interaction iid=N4CXBK.0.176 choice=N4CXBK.0.176.c15 (Swamp)
[03:24:19] [P0-instant] tap land for mana used_for=generic needs={'U': 0, 'B': 0, 'generic': 0}
[03:24:19] [P0-instant] submitting interaction iid=N4CXBK.0.177 choice=N4CXBK.0.177.c15 (Mountain)
[03:24:23] [P0-instant] discarding to hand size via vi (select): picks=['N4CXBK.0.193.s7']
[03:24:24] [P1-instant] playing land island
[03:24:27] [P0-instant] casting mystical tutor (oid 42) needs={'U': 1}
[03:24:27] [P0-instant] tap land for mana used_for=U needs={'U': 0}
[03:24:27] [P0-instant] submitting interaction iid=N4CXBK.0.214 choice=N4CXBK.0.214.c16 (Island)
[03:24:27] [P0-instant] tutor search: staging 'lightning bolt'
[03:24:28] [P0-instant] tutor resolved (turn 14)
[03:24:28] [P0-instant] casting murder (oid 2) needs={'B': 2, 'generic': 1}
[03:24:28] [P0-instant] tap land for mana used_for=generic needs={'B': 2, 'generic': 0}
[03:24:28] [P0-instant] submitting interaction iid=N4CXBK.0.219 choice=N4CXBK.0.219.c11 (Mountain)
[03:24:28] [P0-instant] murder resolved
[03:24:28] [P0-instant] H&K died; exporting pre_trigger
[03:24:29] [instant] exported instant_pre_trigger.json (turn=14)
[03:24:29] [P0-instant] trigger resolved: lightning bolt exiled; P1 life 20->19; exporting post_trigger, watching 90s for the offer
[03:24:29] [instant] exported instant_post_trigger.json (turn=14)
[03:24:39] [P0-instant] *** FREE-CAST OFFER OBSERVED ***
[03:24:39] [P0-instant] submitting interaction iid=N4CXBK.0.224 choice=N4CXBK.0.224.c1 (true)
[03:24:39] [P0-instant] accepted the free cast; driving to resolution
[03:24:43] [P1-instant] PENDING-DUMP (p1_real_decision): canSubmit=True kind=choose n_ops=1 atypes=['PassPriority', 'PlayLand', 'TapLandForMana']
[03:24:43] [P1-instant]   opp iid=N4CXBK.0.239 rtype=exactChoices spec=None n=15 first={"id": "N4CXBK.0.239.c0", "surfaces": [{"type": "summary", "data": {"code": "candidate"}}, {"type": "action", "data": {"code": "passPriority", "actionId": "aa9063230e9a1e8880abc47051b715da0ce68724929194424f44c81e1695ecca0"}}], "status": {"type": "available"}}
[03:24:43] [P1-instant] playing land island
[03:24:45] [P0-instant] tap land for mana used_for=B needs={'B': 1, 'generic': 0}
[03:24:45] [P0-instant] submitting interaction iid=N4CXBK.0.250 choice=N4CXBK.0.250.c11 (Swamp)
[03:24:46] [P0-instant] tap land for mana used_for=B needs={'B': 0, 'generic': 0}
[03:24:46] [P0-instant] submitting interaction iid=N4CXBK.0.251 choice=N4CXBK.0.251.c12 (Swamp)
[03:24:52] [P1-instant] playing land island
[03:24:57] [P0-instant] discarding to hand size via vi (select): picks=['N4CXBK.0.295.s5']
[03:24:59] [P1-instant] PENDING-DUMP (p1_real_decision): canSubmit=True kind=choose n_ops=1 atypes=['PassPriority', 'PlayLand', 'TapLandForMana']
[03:24:59] [P1-instant]   opp iid=N4CXBK.0.300 rtype=exactChoices spec=None n=17 first={"id": "N4CXBK.0.300.c0", "surfaces": [{"type": "summary", "data": {"code": "candidate"}}, {"type": "action", "data": {"code": "passPriority", "actionId": "aa9063230e9a1e8880abc47051b715da0ce68724929194424f44c81e1695ecca0"}}], "status": {"type": "available"}}
[03:24:59] [P1-instant] playing land island
[03:25:47] [instant] WATCHDOG stale P0-instant: rev 315 turn=20 phase=PreCombatMain stage=accept_drive prio=True real_decision=True
[03:25:47] [instant] WATCHDOG stale P1-instant: rev 315 turn=20 phase=PreCombatMain stage=accept_drive prio=False real_decision=False
[03:26:32] [instant] WATCHDOG stale P0-instant: rev 315 turn=20 phase=PreCombatMain stage=accept_drive prio=True real_decision=True
[03:26:32] [instant] WATCHDOG stale P1-instant: rev 315 turn=20 phase=PreCombatMain stage=accept_drive prio=False real_decision=False
[03:26:42] [P0-instant] accept-drive expired without resolution
[03:26:42] [instant] exported instant_post.json (turn=20)
[03:26:42] [instant] ASSERTIONS: A1_setup_ok:passed; A2_hk_on_battlefield:passed; A3_top_staged:passed; A4_hk_died:passed; A5_exile_and_lifeloss:passed; A6_free_cast_offered:passed; A7_accept_resolves:failed; A8_no_dangling:passed;
[03:26:42] [instant] VERDICT: reproduced
[03:26:43] [sorcery] game 7TROHC; P0 seat=0 P1 seat=1
[03:26:43] [P0-sorcery] mulligan (7 cards, hand=['swamp', 'mountain', 'divination', 'island', 'murder', 'island', 'murder'])
[03:26:43] [P1-sorcery] keep 7: ['island', 'island', 'island', 'island', 'island', 'island', 'island']
[03:26:43] [P0-sorcery] mulligan (7 cards, hand=['divination', 'island', 'murder', 'swamp', 'mountain', 'murder', 'mountain'])
[03:26:43] [P0-sorcery] keep 7: ['murder', 'island', 'swamp', 'island', 'hidetsugu and kairi', 'divination', 'swamp']
[03:26:43] [P0-sorcery] bottoming ['island', 'swamp'] via vi
[03:26:44] [P1-sorcery] PENDING-DUMP (p1_real_decision): canSubmit=True kind=choose n_ops=1 atypes=['PassPriority', 'PlayLand']
[03:26:44] [P1-sorcery]   opp iid=7TROHC.0.9 rtype=exactChoices spec=None n=8 first={"id": "7TROHC.0.9.c0", "surfaces": [{"type": "summary", "data": {"code": "candidate"}}, {"type": "action", "data": {"code": "passPriority", "actionId": "aa9063230e9a1e8880abc47051b715da0ce68724929194424f44c81e1695ecca0"}}], "status": {"type": "available"}}
[03:26:44] [P1-sorcery] playing land island
[03:26:47] [P0-sorcery] playing land swamp
[03:26:50] [P1-sorcery] playing land island
[03:26:53] [P0-sorcery] playing land island
[03:26:56] [P1-sorcery] playing land island
[03:26:59] [P0-sorcery] playing land mountain
[03:27:02] [P1-sorcery] PENDING-DUMP (p1_real_decision): canSubmit=True kind=choose n_ops=1 atypes=['PassPriority', 'PlayLand', 'TapLandForMana']
[03:27:02] [P1-sorcery]   opp iid=7TROHC.0.99 rtype=exactChoices spec=None n=11 first={"id": "7TROHC.0.99.c0", "surfaces": [{"type": "summary", "data": {"code": "candidate"}}, {"type": "action", "data": {"code": "passPriority", "actionId": "aa9063230e9a1e8880abc47051b715da0ce68724929194424f44c81e1695ecca0"}}], "status": {"type": "available"}}
[03:27:02] [P1-sorcery] playing land island
[03:27:08] [P1-sorcery] playing land island
[03:27:11] [P0-sorcery] playing land swamp
[03:27:15] [P1-sorcery] playing land island
[03:27:18] [P0-sorcery] playing land swamp
[03:27:21] [P1-sorcery] PENDING-DUMP (p1_real_decision): canSubmit=True kind=choose n_ops=1 atypes=['PassPriority', 'PlayLand', 'TapLandForMana']
[03:27:21] [P1-sorcery]   opp iid=7TROHC.0.188 rtype=exactChoices spec=None n=14 first={"id": "7TROHC.0.188.c0", "surfaces": [{"type": "summary", "data": {"code": "candidate"}}, {"type": "action", "data": {"code": "passPriority", "actionId": "aa9063230e9a1e8880abc47051b715da0ce68724929194424f44c81e1695ecca0"}}], "status": {"type": "available"}}
[03:27:21] [P1-sorcery] playing land island
[03:27:27] [P0-sorcery] playing land mountain
[03:27:30] [P1-sorcery] playing land island
[03:27:35] [P1-sorcery] playing land island
[03:27:39] [P0-sorcery] playing land island
[03:27:39] [P0-sorcery] casting hidetsugu and kairi (oid 3) needs={'U': 2, 'B': 1, 'generic': 2}
[03:27:39] [P0-sorcery] tap land for mana used_for=B needs={'U': 2, 'B': 0, 'generic': 2}
[03:27:39] [P0-sorcery] submitting interaction iid=7TROHC.0.264 choice=7TROHC.0.264.c2 (Swamp)
[03:27:39] [P0-sorcery] tap land for mana used_for=generic needs={'U': 2, 'B': 0, 'generic': 1}
[03:27:39] [P0-sorcery] submitting interaction iid=7TROHC.0.265 choice=7TROHC.0.265.c1 (Mountain)
[03:27:40] [P0-sorcery] H&K resolved on BF; ETB putback pending
[03:27:40] [P0-sorcery] PENDING-DUMP (etb_pending): canSubmit=False kind=choose n_ops=0 atypes=[]
[03:27:40] [P0-sorcery] discarding to hand size via vi (select): picks=['7TROHC.0.270.s6', '7TROHC.0.270.s8']
[03:27:43] [P1-sorcery] playing land island
[03:27:46] [P0-sorcery] tap land for mana used_for=U needs={'U': 1, 'B': 0, 'generic': 1}
[03:27:46] [P0-sorcery] submitting interaction iid=7TROHC.0.296 choice=7TROHC.0.296.c9 (Island)
[03:27:46] [P0-sorcery] tap land for mana used_for=U needs={'U': 0, 'B': 0, 'generic': 1}
[03:27:46] [P0-sorcery] submitting interaction iid=7TROHC.0.297 choice=7TROHC.0.297.c9 (Island)
[03:27:46] [P0-sorcery] tap land for mana used_for=generic needs={'U': 0, 'B': 0, 'generic': 0}
[03:27:46] [P0-sorcery] submitting interaction iid=7TROHC.0.298 choice=7TROHC.0.298.c5 (Mountain)
[03:27:47] [P0-sorcery] playing land swamp
[03:27:50] [P1-sorcery] playing land island
[03:27:53] [P0-sorcery] playing land swamp
[03:27:55] [P0-sorcery] PENDING-DUMP (etb_pending): canSubmit=True kind=choose n_ops=1 atypes=['CastSpell', 'PassPriority', 'TapLandForMana']
[03:27:55] [P0-sorcery]   opp iid=7TROHC.0.342 rtype=exactChoices spec=None n=24 first={"id": "7TROHC.0.342.c0", "surfaces": [{"type": "summary", "data": {"code": "candidate"}}, {"type": "action", "data": {"code": "passPriority", "actionId": "aa9063230e9a1e8880abc47051b715da0ce68724929194424f44c81e1695ecca0"}}], "status": {"type": "available"}}
[03:27:57] [P1-sorcery] playing land island
[03:28:00] [P0-sorcery] casting mystical tutor (oid 38) needs={'U': 1}
[03:28:00] [P0-sorcery] tap land for mana used_for=U needs={'U': 0}
[03:28:00] [P0-sorcery] submitting interaction iid=7TROHC.0.366 choice=7TROHC.0.366.c11 (Island)
[03:28:01] [P0-sorcery] tutor search: staging 'divination'
[03:28:01] [P0-sorcery] tutor resolved (turn 24)
[03:28:01] [P0-sorcery] casting murder (oid 51) needs={'B': 2, 'generic': 1}
[03:28:01] [P0-sorcery] tap land for mana used_for=B needs={'B': 1, 'generic': 1}
[03:28:01] [P0-sorcery] submitting interaction iid=7TROHC.0.371 choice=7TROHC.0.371.c4 (Swamp)
[03:28:01] [P0-sorcery] tap land for mana used_for=B needs={'B': 0, 'generic': 1}
[03:28:01] [P0-sorcery] submitting interaction iid=7TROHC.0.372 choice=7TROHC.0.372.c4 (Swamp)
[03:28:01] [P0-sorcery] tap land for mana used_for=generic needs={'B': 0, 'generic': 0}
[03:28:01] [P0-sorcery] submitting interaction iid=7TROHC.0.373 choice=7TROHC.0.373.c3 (Mountain)
[03:28:03] [P0-sorcery] murder resolved
[03:28:03] [P0-sorcery] H&K died; exporting pre_trigger
[03:28:03] [sorcery] exported sorcery_pre_trigger.json (turn=24)
[03:28:03] [P0-sorcery] trigger resolved: divination exiled; P1 life 20->17; exporting post_trigger, watching 90s for the offer
[03:28:03] [sorcery] exported sorcery_post_trigger.json (turn=24)
[03:28:13] [P0-sorcery] *** FREE-CAST OFFER OBSERVED ***
[03:28:13] [P0-sorcery] submitting interaction iid=7TROHC.0.378 choice=7TROHC.0.378.c1 (true)
[03:28:13] [P0-sorcery] accepted the free cast; driving to resolution
[03:28:17] [P1-sorcery] PENDING-DUMP (p1_real_decision): canSubmit=True kind=choose n_ops=1 atypes=['PassPriority', 'PlayLand', 'TapLandForMana']
[03:28:17] [P1-sorcery]   opp iid=7TROHC.0.393 rtype=exactChoices spec=None n=20 first={"id": "7TROHC.0.393.c0", "surfaces": [{"type": "summary", "data": {"code": "candidate"}}, {"type": "action", "data": {"code": "passPriority", "actionId": "aa9063230e9a1e8880abc47051b715da0ce68724929194424f44c81e1695ecca0"}}], "status": {"type": "available"}}
[03:28:17] [P1-sorcery] playing land island
[03:28:27] [P1-sorcery] playing land island
[03:28:32] [P0-sorcery] discarding to hand size via vi (select): picks=['7TROHC.0.447.s2']
[03:28:33] [P1-sorcery] PENDING-DUMP (p1_real_decision): canSubmit=True kind=choose n_ops=1 atypes=['PassPriority', 'PlayLand', 'TapLandForMana']
[03:28:33] [P1-sorcery]   opp iid=7TROHC.0.452 rtype=exactChoices spec=None n=22 first={"id": "7TROHC.0.452.c0", "surfaces": [{"type": "summary", "data": {"code": "candidate"}}, {"type": "action", "data": {"code": "passPriority", "actionId": "aa9063230e9a1e8880abc47051b715da0ce68724929194424f44c81e1695ecca0"}}], "status": {"type": "available"}}
[03:28:33] [P1-sorcery] playing land island
[03:29:21] [sorcery] WATCHDOG stale P0-sorcery: rev 467 turn=30 phase=PreCombatMain stage=accept_drive prio=True real_decision=True
[03:29:21] [sorcery] WATCHDOG stale P1-sorcery: rev 467 turn=30 phase=PreCombatMain stage=accept_drive prio=False real_decision=False
[03:30:06] [sorcery] WATCHDOG stale P0-sorcery: rev 467 turn=30 phase=PreCombatMain stage=accept_drive prio=True real_decision=True
[03:30:06] [sorcery] WATCHDOG stale P1-sorcery: rev 467 turn=30 phase=PreCombatMain stage=accept_drive prio=False real_decision=False
[03:30:16] [P0-sorcery] accept-drive expired without resolution
[03:30:17] [sorcery] exported sorcery_post.json (turn=30)
[03:30:17] [sorcery] ASSERTIONS: A1_setup_ok:passed; A2_hk_on_battlefield:passed; A3_top_staged:passed; A4_hk_died:passed; A5_exile_and_lifeloss:passed; A6_free_cast_offered:passed; A7_accept_resolves:failed; A8_no_dangling:passed;
[03:30:17] [sorcery] VERDICT: reproduced
[03:30:17] closing logs before manifest computation
