[12:21:41] server identity hashes recomputed against on-disk pinned artifacts
[12:21:41] ServerHello: version=0.106.0 build=29e0db3 protocol=126 mode=Full
[12:21:41] data-level check: ok=True notes=[]
[12:21:42] connecting P1...
[12:21:42] game G9SLG1 mode=accept; P0 seat=0 P1 seat=1
[12:21:43] [301-accept] keep 7: ['island', 'chaos wand', 'island', 'island', 'island', 'island', 'island']
[12:21:43] [P1301-accept] keep 7: ['island', 'island', 'island', 'island', 'island', 'island', 'island']
[12:21:43] [P1301-accept] playing land island
[12:21:43] [P1301-accept] tap land for mana used_for=any
[12:21:43] [P1301-accept] submitting interaction iid=G9SLG1.0.7 choice=G9SLG1.0.7.c1 (Island)
[12:21:45] [301-accept] playing land island
[12:21:47] [P1301-accept] tap land for mana used_for=any
[12:21:47] [P1301-accept] submitting interaction iid=G9SLG1.0.33 choice=G9SLG1.0.33.c1 (Island)
[12:21:48] [P1301-accept] playing land island
[12:21:48] [P1301-accept] tap land for mana used_for=any
[12:21:48] [P1301-accept] submitting interaction iid=G9SLG1.0.39 choice=G9SLG1.0.39.c1 (Island)
[12:21:51] [301-accept] playing land island
[12:21:53] [P1301-accept] tap land for mana used_for=any
[12:21:53] [P1301-accept] submitting interaction iid=G9SLG1.0.65 choice=G9SLG1.0.65.c1 (Island)
[12:21:53] [P1301-accept] tap land for mana used_for=any
[12:21:53] [P1301-accept] submitting interaction iid=G9SLG1.0.66 choice=G9SLG1.0.66.c1 (Island)
[12:21:54] [P1301-accept] playing land island
[12:21:54] [P1301-accept] tap land for mana used_for=any
[12:21:54] [P1301-accept] submitting interaction iid=G9SLG1.0.72 choice=G9SLG1.0.72.c1 (Island)
[12:21:56] [301-accept] playing land island
[12:21:57] [301-accept] casting Chaos Wand (oid 24)
[12:21:59] [P1301-accept] tap land for mana used_for=any
[12:21:59] [P1301-accept] submitting interaction iid=G9SLG1.0.101 choice=G9SLG1.0.101.c1 (Island)
[12:21:59] [P1301-accept] tap land for mana used_for=any
[12:21:59] [P1301-accept] submitting interaction iid=G9SLG1.0.102 choice=G9SLG1.0.102.c1 (Island)
[12:21:59] [P1301-accept] tap land for mana used_for=any
[12:21:59] [P1301-accept] submitting interaction iid=G9SLG1.0.103 choice=G9SLG1.0.103.c1 (Island)
[12:22:00] [P1301-accept] playing land island
[12:22:00] [P1301-accept] tap land for mana used_for=any
[12:22:00] [P1301-accept] submitting interaction iid=G9SLG1.0.109 choice=G9SLG1.0.109.c1 (Island)
[12:22:02] [301-accept] tap land for mana used_for=generic
[12:22:02] [301-accept] submitting interaction iid=G9SLG1.0.120 choice=G9SLG1.0.120.c1 (Island)
[12:22:03] [301-accept] tap land for mana used_for=generic
[12:22:03] [301-accept] submitting interaction iid=G9SLG1.0.121 choice=G9SLG1.0.121.c1 (Island)
[12:22:03] [301-accept] tap land for mana used_for=generic
[12:22:03] [301-accept] submitting interaction iid=G9SLG1.0.122 choice=G9SLG1.0.122.c1 (Island)
[12:22:04] [301-accept] playing land island
[12:22:05] [P1301-accept] tap land for mana used_for=any
[12:22:05] [P1301-accept] submitting interaction iid=G9SLG1.0.138 choice=G9SLG1.0.138.c1 (Island)
[12:22:05] [P1301-accept] tap land for mana used_for=any
[12:22:05] [P1301-accept] submitting interaction iid=G9SLG1.0.139 choice=G9SLG1.0.139.c1 (Island)
[12:22:06] [P1301-accept] tap land for mana used_for=any
[12:22:06] [P1301-accept] submitting interaction iid=G9SLG1.0.140 choice=G9SLG1.0.140.c1 (Island)
[12:22:06] [P1301-accept] tap land for mana used_for=any
[12:22:06] [P1301-accept] submitting interaction iid=G9SLG1.0.141 choice=G9SLG1.0.141.c1 (Island)
[12:22:06] [P1301-accept] playing land island
[12:22:07] [P1301-accept] tap land for mana used_for=any
[12:22:07] [P1301-accept] submitting interaction iid=G9SLG1.0.147 choice=G9SLG1.0.147.c1 (Island)
[12:22:07] [301-accept] DIAG P0301-accept: rev=153 turn=9 phase=EndCombat act=1 prio_acts=['PassPriority'] vikind='choose' real_decision=False my_prio=True ops=[{"rtype": "exactChoices", "n_items": 2, "codes": ["candidate", "passPriority", "tapLandForMana"]}]
[12:22:07] [301-accept] DIAG P1301-accept: rev=153 turn=9 phase=EndCombat act=1 prio_acts=[] vikind='choose' real_decision=False my_prio=False ops=[]
[12:22:09] [301-accept] playing land island
[12:22:11] [P1301-accept] tap land for mana used_for=any
[12:22:11] [P1301-accept] submitting interaction iid=G9SLG1.0.173 choice=G9SLG1.0.173.c1 (Island)
[12:22:11] [P1301-accept] tap land for mana used_for=any
[12:22:11] [P1301-accept] submitting interaction iid=G9SLG1.0.174 choice=G9SLG1.0.174.c1 (Island)
[12:22:11] [P1301-accept] tap land for mana used_for=any
[12:22:11] [P1301-accept] submitting interaction iid=G9SLG1.0.175 choice=G9SLG1.0.175.c1 (Island)
[12:22:11] [P1301-accept] tap land for mana used_for=any
[12:22:11] [P1301-accept] submitting interaction iid=G9SLG1.0.176 choice=G9SLG1.0.176.c1 (Island)
[12:22:11] [P1301-accept] tap land for mana used_for=any
[12:22:11] [P1301-accept] submitting interaction iid=G9SLG1.0.177 choice=G9SLG1.0.177.c1 (Island)
[12:22:12] [P1301-accept] playing land island
[12:22:12] [P1301-accept] tap land for mana used_for=any
[12:22:12] [P1301-accept] submitting interaction iid=G9SLG1.0.183 choice=G9SLG1.0.183.c1 (Island)
[12:22:15] [301-accept] playing land island
[12:22:18] [P1301-accept] tap land for mana used_for=any
[12:22:18] [P1301-accept] submitting interaction iid=G9SLG1.0.209 choice=G9SLG1.0.209.c1 (Island)
[12:22:18] [P1301-accept] tap land for mana used_for=any
[12:22:18] [P1301-accept] submitting interaction iid=G9SLG1.0.210 choice=G9SLG1.0.210.c1 (Island)
[12:22:18] [P1301-accept] tap land for mana used_for=any
[12:22:18] [P1301-accept] submitting interaction iid=G9SLG1.0.211 choice=G9SLG1.0.211.c1 (Island)
[12:22:18] [P1301-accept] tap land for mana used_for=any
[12:22:18] [P1301-accept] submitting interaction iid=G9SLG1.0.212 choice=G9SLG1.0.212.c1 (Island)
[12:22:18] [P1301-accept] tap land for mana used_for=any
[12:22:18] [P1301-accept] submitting interaction iid=G9SLG1.0.213 choice=G9SLG1.0.213.c1 (Island)
[12:22:19] [P1301-accept] tap land for mana used_for=any
[12:22:19] [P1301-accept] submitting interaction iid=G9SLG1.0.214 choice=G9SLG1.0.214.c1 (Island)
[12:22:19] [P1301-accept] playing land island
[12:22:20] [P1301-accept] tap land for mana used_for=any
[12:22:20] [P1301-accept] submitting interaction iid=G9SLG1.0.220 choice=G9SLG1.0.220.c1 (Island)
[12:22:22] [301-accept] playing land island
[12:22:24] [P1301-accept] tap land for mana used_for=any
[12:22:24] [P1301-accept] submitting interaction iid=G9SLG1.0.246 choice=G9SLG1.0.246.c1 (Island)
[12:22:24] [P1301-accept] tap land for mana used_for=any
[12:22:24] [P1301-accept] submitting interaction iid=G9SLG1.0.247 choice=G9SLG1.0.247.c1 (Island)
[12:22:24] [P1301-accept] tap land for mana used_for=any
[12:22:24] [P1301-accept] submitting interaction iid=G9SLG1.0.248 choice=G9SLG1.0.248.c1 (Island)
[12:22:24] [P1301-accept] tap land for mana used_for=any
[12:22:24] [P1301-accept] submitting interaction iid=G9SLG1.0.249 choice=G9SLG1.0.249.c1 (Island)
[12:22:25] [P1301-accept] tap land for mana used_for=any
[12:22:25] [P1301-accept] submitting interaction iid=G9SLG1.0.250 choice=G9SLG1.0.250.c1 (Island)
[12:22:25] [P1301-accept] tap land for mana used_for=any
[12:22:25] [P1301-accept] submitting interaction iid=G9SLG1.0.251 choice=G9SLG1.0.251.c1 (Island)
[12:22:25] [P1301-accept] tap land for mana used_for=any
[12:22:25] [P1301-accept] submitting interaction iid=G9SLG1.0.252 choice=G9SLG1.0.252.c1 (Island)
[12:22:26] [P1301-accept] playing land island
[12:22:26] [P1301-accept] tap land for mana used_for=any
[12:22:26] [P1301-accept] submitting interaction iid=G9SLG1.0.258 choice=G9SLG1.0.258.c1 (Island)
[12:22:28] [301-accept] playing land island
[12:22:30] [P1301-accept] tap land for mana used_for=any
[12:22:30] [P1301-accept] submitting interaction iid=G9SLG1.0.284 choice=G9SLG1.0.284.c1 (Island)
[12:22:30] [P1301-accept] tap land for mana used_for=any
[12:22:30] [P1301-accept] submitting interaction iid=G9SLG1.0.285 choice=G9SLG1.0.285.c1 (Island)
[12:22:30] [P1301-accept] tap land for mana used_for=any
[12:22:30] [P1301-accept] submitting interaction iid=G9SLG1.0.286 choice=G9SLG1.0.286.c1 (Island)
[12:22:30] [P1301-accept] tap land for mana used_for=any
[12:22:30] [P1301-accept] submitting interaction iid=G9SLG1.0.287 choice=G9SLG1.0.287.c1 (Island)
[12:22:31] [P1301-accept] tap land for mana used_for=any
[12:22:31] [P1301-accept] submitting interaction iid=G9SLG1.0.288 choice=G9SLG1.0.288.c1 (Island)
[12:22:31] [P1301-accept] tap land for mana used_for=any
[12:22:31] [P1301-accept] submitting interaction iid=G9SLG1.0.289 choice=G9SLG1.0.289.c1 (Island)
[12:22:31] [P1301-accept] tap land for mana used_for=any
[12:22:31] [P1301-accept] submitting interaction iid=G9SLG1.0.290 choice=G9SLG1.0.290.c1 (Island)
[12:22:31] [P1301-accept] tap land for mana used_for=any
[12:22:31] [P1301-accept] submitting interaction iid=G9SLG1.0.291 choice=G9SLG1.0.291.c1 (Island)
[12:22:32] [P1301-accept] playing land island
[12:22:32] [P1301-accept] tap land for mana used_for=any
[12:22:32] [P1301-accept] submitting interaction iid=G9SLG1.0.297 choice=G9SLG1.0.297.c1 (Island)
[12:22:33] [301-accept] DIAG P0301-accept: rev=300 turn=17 phase=BeginCombat act=1 prio_acts=[] vikind='choose' real_decision=False my_prio=False ops=[]
[12:22:33] [301-accept] DIAG P1301-accept: rev=300 turn=17 phase=BeginCombat act=1 prio_acts=['PassPriority'] vikind='choose' real_decision=False my_prio=True ops=[{"rtype": "exactChoices", "n_items": 1, "codes": ["candidate", "passPriority"]}]
[12:22:35] [301-accept] playing land island
[12:22:37] [P1301-accept] tap land for mana used_for=any
[12:22:37] [P1301-accept] submitting interaction iid=G9SLG1.0.323 choice=G9SLG1.0.323.c1 (Island)
[12:22:37] [P1301-accept] tap land for mana used_for=any
[12:22:37] [P1301-accept] submitting interaction iid=G9SLG1.0.324 choice=G9SLG1.0.324.c1 (Island)
[12:22:38] [P1301-accept] tap land for mana used_for=any
[12:22:38] [P1301-accept] submitting interaction iid=G9SLG1.0.325 choice=G9SLG1.0.325.c1 (Island)
[12:22:38] [P1301-accept] tap land for mana used_for=any
[12:22:38] [P1301-accept] submitting interaction iid=G9SLG1.0.326 choice=G9SLG1.0.326.c1 (Island)
[12:22:38] [P1301-accept] tap land for mana used_for=any
[12:22:38] [P1301-accept] submitting interaction iid=G9SLG1.0.327 choice=G9SLG1.0.327.c1 (Island)
[12:22:38] [P1301-accept] tap land for mana used_for=any
[12:22:38] [P1301-accept] submitting interaction iid=G9SLG1.0.328 choice=G9SLG1.0.328.c1 (Island)
[12:22:38] [P1301-accept] tap land for mana used_for=any
[12:22:38] [P1301-accept] submitting interaction iid=G9SLG1.0.329 choice=G9SLG1.0.329.c1 (Island)
[12:22:38] [P1301-accept] tap land for mana used_for=any
[12:22:38] [P1301-accept] submitting interaction iid=G9SLG1.0.330 choice=G9SLG1.0.330.c1 (Island)
[12:22:38] [P1301-accept] tap land for mana used_for=any
[12:22:38] [P1301-accept] submitting interaction iid=G9SLG1.0.331 choice=G9SLG1.0.331.c1 (Island)
[12:22:39] [P1301-accept] playing land island
[12:22:40] [P1301-accept] tap land for mana used_for=any
[12:22:40] [P1301-accept] submitting interaction iid=G9SLG1.0.337 choice=G9SLG1.0.337.c1 (Island)
[12:22:42] [301-accept] playing land island
[12:22:44] [P1301-accept] tap land for mana used_for=any
[12:22:44] [P1301-accept] submitting interaction iid=G9SLG1.0.363 choice=G9SLG1.0.363.c1 (Island)
[12:22:44] [P1301-accept] tap land for mana used_for=any
[12:22:44] [P1301-accept] submitting interaction iid=G9SLG1.0.364 choice=G9SLG1.0.364.c1 (Island)
[12:22:44] [P1301-accept] tap land for mana used_for=any
[12:22:44] [P1301-accept] submitting interaction iid=G9SLG1.0.365 choice=G9SLG1.0.365.c1 (Island)
[12:22:44] [P1301-accept] tap land for mana used_for=any
[12:22:44] [P1301-accept] submitting interaction iid=G9SLG1.0.366 choice=G9SLG1.0.366.c1 (Island)
[12:22:44] [P1301-accept] tap land for mana used_for=any
[12:22:44] [P1301-accept] submitting interaction iid=G9SLG1.0.367 choice=G9SLG1.0.367.c1 (Island)
[12:22:44] [P1301-accept] tap land for mana used_for=any
[12:22:44] [P1301-accept] submitting interaction iid=G9SLG1.0.368 choice=G9SLG1.0.368.c1 (Island)
[12:22:45] [P1301-accept] tap land for mana used_for=any
[12:22:45] [P1301-accept] submitting interaction iid=G9SLG1.0.369 choice=G9SLG1.0.369.c1 (Island)
[12:22:45] [P1301-accept] tap land for mana used_for=any
[12:22:45] [P1301-accept] submitting interaction iid=G9SLG1.0.370 choice=G9SLG1.0.370.c1 (Island)
[12:22:45] [P1301-accept] tap land for mana used_for=any
[12:22:45] [P1301-accept] submitting interaction iid=G9SLG1.0.371 choice=G9SLG1.0.371.c1 (Island)
[12:22:45] [P1301-accept] tap land for mana used_for=any
[12:22:45] [P1301-accept] submitting interaction iid=G9SLG1.0.372 choice=G9SLG1.0.372.c1 (Island)
[12:22:46] [P1301-accept] playing land island
[12:22:46] [P1301-accept] tap land for mana used_for=any
[12:22:46] [P1301-accept] submitting interaction iid=G9SLG1.0.378 choice=G9SLG1.0.378.c1 (Island)
[12:22:48] [301-accept] playing land island
[12:22:50] [P1301-accept] tap land for mana used_for=any
[12:22:50] [P1301-accept] submitting interaction iid=G9SLG1.0.404 choice=G9SLG1.0.404.c1 (Island)
[12:22:50] [P1301-accept] tap land for mana used_for=any
[12:22:50] [P1301-accept] submitting interaction iid=G9SLG1.0.405 choice=G9SLG1.0.405.c1 (Island)
[12:22:50] [P1301-accept] tap land for mana used_for=any
[12:22:50] [P1301-accept] submitting interaction iid=G9SLG1.0.406 choice=G9SLG1.0.406.c1 (Island)
[12:22:51] [P1301-accept] tap land for mana used_for=any
[12:22:51] [P1301-accept] submitting interaction iid=G9SLG1.0.407 choice=G9SLG1.0.407.c1 (Island)
[12:22:51] [P1301-accept] tap land for mana used_for=any
[12:22:51] [P1301-accept] submitting interaction iid=G9SLG1.0.408 choice=G9SLG1.0.408.c1 (Island)
[12:22:51] [P1301-accept] tap land for mana used_for=any
[12:22:51] [P1301-accept] submitting interaction iid=G9SLG1.0.409 choice=G9SLG1.0.409.c1 (Island)
[12:22:51] [P1301-accept] tap land for mana used_for=any
[12:22:51] [P1301-accept] submitting interaction iid=G9SLG1.0.410 choice=G9SLG1.0.410.c1 (Island)
[12:22:51] [P1301-accept] tap land for mana used_for=any
[12:22:51] [P1301-accept] submitting interaction iid=G9SLG1.0.411 choice=G9SLG1.0.411.c1 (Island)
[12:22:51] [P1301-accept] tap land for mana used_for=any
[12:22:51] [P1301-accept] submitting interaction iid=G9SLG1.0.412 choice=G9SLG1.0.412.c1 (Island)
[12:22:52] [P1301-accept] tap land for mana used_for=any
[12:22:52] [P1301-accept] submitting interaction iid=G9SLG1.0.413 choice=G9SLG1.0.413.c1 (Island)
[12:22:52] [P1301-accept] tap land for mana used_for=any
[12:22:52] [P1301-accept] submitting interaction iid=G9SLG1.0.414 choice=G9SLG1.0.414.c1 (Island)
[12:22:52] [P1301-accept] playing land island
[12:22:53] [P1301-accept] tap land for mana used_for=any
[12:22:53] [P1301-accept] submitting interaction iid=G9SLG1.0.420 choice=G9SLG1.0.420.c1 (Island)
[12:22:56] [301-accept] playing land island
[12:22:56] exporting PRE_ACTIVATION state
[12:22:56] ACTIVATING CHAOS WAND (id 24) via advertised ActivateAbility
[12:22:56] submitting ActivateAbility via ActivateAbility legal_action (holding priority)
[12:22:57] [301-accept] tap land for mana used_for=generic
[12:22:57] [301-accept] submitting interaction iid=G9SLG1.0.437 choice=G9SLG1.0.437.c1 (Island)
[12:22:57] [301-accept] tap land for mana used_for=generic
[12:22:57] [301-accept] submitting interaction iid=G9SLG1.0.438 choice=G9SLG1.0.438.c1 (Island)
[12:22:57] [301-accept] tap land for mana used_for=generic
[12:22:57] [301-accept] submitting interaction iid=G9SLG1.0.439 choice=G9SLG1.0.439.c1 (Island)
[12:22:57] [301-accept] tap land for mana used_for=generic
[12:22:57] [301-accept] submitting interaction iid=G9SLG1.0.440 choice=G9SLG1.0.440.c1 (Island)
[12:22:58] [301-accept] activation watch: wand tapped=True stack=1 needs={'generic': 0} pool={"mana": [{"color": "Blue", "source_id": 1, "pip_id": 89, "snow": false, "restrictions": []}, {"color": "Blue", "source_ vikind='choose'
[12:22:58] [301-accept] wand ability on the stack
[12:22:58] exporting POST_EXILE checkpoint
[12:22:59] P0 submitting accept: choice id=G9SLG1.0.443.c1
[12:23:02] target opportunity found; exporting PRE_TARGET checkpoint
[12:23:02] [301-accept] submitting advertised target: id=G9SLG1.0.444.t1 kind=sequence
[12:23:02] REJECTION: {"type": "ActionRejected", "data": {"rejection": {"code": "action_not_allowed", "disposition": "unavailable", "message": "That action is not allowed right now.", "related_object_ids": []}}}
[12:23:04] exporting POST_FAILURE state
[12:23:04] connecting P1...
[12:23:05] game 6CFRVX mode=decline; P0 seat=0 P1 seat=1
[12:23:05] [301-decline] keep 7: ['island', 'island', 'island', 'island', 'island', 'island', 'island']
[12:23:05] [P1301-decline] keep 7: ['island', 'island', 'island', 'island', 'island', 'island', 'island']
[12:23:07] [P1301-decline] playing land island
[12:23:07] [P1301-decline] tap land for mana used_for=any
[12:23:07] [P1301-decline] submitting interaction iid=6CFRVX.0.7 choice=6CFRVX.0.7.c1 (Island)
[12:23:10] [301-decline] playing land island
[12:23:11] [P1301-decline] tap land for mana used_for=any
[12:23:11] [P1301-decline] submitting interaction iid=6CFRVX.0.33 choice=6CFRVX.0.33.c1 (Island)
[12:23:12] [P1301-decline] playing land island
[12:23:12] [P1301-decline] tap land for mana used_for=any
[12:23:12] [P1301-decline] submitting interaction iid=6CFRVX.0.39 choice=6CFRVX.0.39.c1 (Island)
[12:23:15] [301-decline] playing land island
[12:23:17] [P1301-decline] tap land for mana used_for=any
[12:23:17] [P1301-decline] submitting interaction iid=6CFRVX.0.65 choice=6CFRVX.0.65.c1 (Island)
[12:23:17] [P1301-decline] tap land for mana used_for=any
[12:23:17] [P1301-decline] submitting interaction iid=6CFRVX.0.66 choice=6CFRVX.0.66.c1 (Island)
[12:23:30] [301-decline] DIAG P0301-decline: rev=70 turn=5 phase=Draw act=1 prio_acts=['PassPriority'] vikind='choose' real_decision=False my_prio=True ops=[{"rtype": "exactChoices", "n_items": 3, "codes": ["candidate", "passPriority", "tapLandForMana"]}]
[12:23:35] [301-decline] DIAG P1301-decline: rev=70 turn=5 phase=Draw act=1 prio_acts=[] vikind='choose' real_decision=False my_prio=False ops=[]
[12:23:36] [P1301-decline] playing land island
[12:23:36] [P1301-decline] tap land for mana used_for=any
[12:23:36] [P1301-decline] submitting interaction iid=6CFRVX.0.72 choice=6CFRVX.0.72.c1 (Island)
[12:23:39] [301-decline] playing land island
[12:23:40] [P1301-decline] tap land for mana used_for=any
[12:23:40] [P1301-decline] submitting interaction iid=6CFRVX.0.98 choice=6CFRVX.0.98.c1 (Island)
[12:23:41] [P1301-decline] tap land for mana used_for=any
[12:23:41] [P1301-decline] submitting interaction iid=6CFRVX.0.99 choice=6CFRVX.0.99.c1 (Island)
[12:23:41] [P1301-decline] tap land for mana used_for=any
[12:23:41] [P1301-decline] submitting interaction iid=6CFRVX.0.100 choice=6CFRVX.0.100.c1 (Island)
[12:23:42] [P1301-decline] playing land island
[12:23:42] [P1301-decline] tap land for mana used_for=any
[12:23:42] [P1301-decline] submitting interaction iid=6CFRVX.0.106 choice=6CFRVX.0.106.c1 (Island)
[12:23:44] [301-decline] playing land island
[12:23:46] [P1301-decline] tap land for mana used_for=any
[12:23:46] [P1301-decline] submitting interaction iid=6CFRVX.0.132 choice=6CFRVX.0.132.c1 (Island)
[12:23:46] [P1301-decline] tap land for mana used_for=any
[12:23:46] [P1301-decline] submitting interaction iid=6CFRVX.0.133 choice=6CFRVX.0.133.c1 (Island)
[12:23:46] [P1301-decline] tap land for mana used_for=any
[12:23:46] [P1301-decline] submitting interaction iid=6CFRVX.0.134 choice=6CFRVX.0.134.c1 (Island)
[12:23:46] [P1301-decline] tap land for mana used_for=any
[12:23:46] [P1301-decline] submitting interaction iid=6CFRVX.0.135 choice=6CFRVX.0.135.c1 (Island)
[12:23:47] [P1301-decline] playing land island
[12:23:47] [P1301-decline] tap land for mana used_for=any
[12:23:47] [P1301-decline] submitting interaction iid=6CFRVX.0.141 choice=6CFRVX.0.141.c1 (Island)
[12:23:51] [301-decline] playing land island
[12:23:52] [P1301-decline] tap land for mana used_for=any
[12:23:52] [P1301-decline] submitting interaction iid=6CFRVX.0.167 choice=6CFRVX.0.167.c1 (Island)
[12:23:52] [P1301-decline] tap land for mana used_for=any
[12:23:52] [P1301-decline] submitting interaction iid=6CFRVX.0.168 choice=6CFRVX.0.168.c1 (Island)
[12:23:53] [P1301-decline] tap land for mana used_for=any
[12:23:53] [P1301-decline] submitting interaction iid=6CFRVX.0.169 choice=6CFRVX.0.169.c1 (Island)
[12:23:53] [P1301-decline] tap land for mana used_for=any
[12:23:53] [P1301-decline] submitting interaction iid=6CFRVX.0.170 choice=6CFRVX.0.170.c1 (Island)
[12:23:53] [P1301-decline] tap land for mana used_for=any
[12:23:53] [P1301-decline] submitting interaction iid=6CFRVX.0.171 choice=6CFRVX.0.171.c1 (Island)
[12:23:54] [P1301-decline] playing land island
[12:23:54] [P1301-decline] tap land for mana used_for=any
[12:23:54] [P1301-decline] submitting interaction iid=6CFRVX.0.177 choice=6CFRVX.0.177.c1 (Island)
[12:23:55] [301-decline] DIAG P0301-decline: rev=181 turn=11 phase=BeginCombat act=1 prio_acts=['PassPriority'] vikind='choose' real_decision=False my_prio=True ops=[{"rtype": "exactChoices", "n_items": 6, "codes": ["candidate", "passPriority", "tapLandForMana"]}]
[12:23:55] [301-decline] DIAG P1301-decline: rev=181 turn=11 phase=BeginCombat act=1 prio_acts=[] vikind='choose' real_decision=False my_prio=False ops=[]
[12:23:56] [301-decline] playing land island
[12:23:57] [301-decline] casting Chaos Wand (oid 2)
[12:23:57] [301-decline] tap land for mana used_for=generic
[12:23:57] [301-decline] submitting interaction iid=6CFRVX.0.194 choice=6CFRVX.0.194.c1 (Island)
[12:23:57] [301-decline] tap land for mana used_for=generic
[12:23:57] [301-decline] submitting interaction iid=6CFRVX.0.195 choice=6CFRVX.0.195.c1 (Island)
[12:23:57] [301-decline] tap land for mana used_for=generic
[12:23:57] [301-decline] submitting interaction iid=6CFRVX.0.196 choice=6CFRVX.0.196.c1 (Island)
[12:23:59] [P1301-decline] tap land for mana used_for=any
[12:23:59] [P1301-decline] submitting interaction iid=6CFRVX.0.209 choice=6CFRVX.0.209.c1 (Island)
[12:23:59] [P1301-decline] tap land for mana used_for=any
[12:23:59] [P1301-decline] submitting interaction iid=6CFRVX.0.210 choice=6CFRVX.0.210.c1 (Island)
[12:23:59] [P1301-decline] tap land for mana used_for=any
[12:23:59] [P1301-decline] submitting interaction iid=6CFRVX.0.211 choice=6CFRVX.0.211.c1 (Island)
[12:23:59] [P1301-decline] tap land for mana used_for=any
[12:23:59] [P1301-decline] submitting interaction iid=6CFRVX.0.212 choice=6CFRVX.0.212.c1 (Island)
[12:24:00] [P1301-decline] tap land for mana used_for=any
[12:24:00] [P1301-decline] submitting interaction iid=6CFRVX.0.213 choice=6CFRVX.0.213.c1 (Island)
[12:24:00] [P1301-decline] tap land for mana used_for=any
[12:24:00] [P1301-decline] submitting interaction iid=6CFRVX.0.214 choice=6CFRVX.0.214.c1 (Island)
[12:24:01] [P1301-decline] playing land island
[12:24:01] [P1301-decline] tap land for mana used_for=any
[12:24:01] [P1301-decline] submitting interaction iid=6CFRVX.0.220 choice=6CFRVX.0.220.c1 (Island)
[12:24:04] [301-decline] playing land island
[12:24:05] [P1301-decline] tap land for mana used_for=any
[12:24:05] [P1301-decline] submitting interaction iid=6CFRVX.0.246 choice=6CFRVX.0.246.c1 (Island)
[12:24:05] [P1301-decline] tap land for mana used_for=any
[12:24:05] [P1301-decline] submitting interaction iid=6CFRVX.0.247 choice=6CFRVX.0.247.c1 (Island)
[12:24:06] [P1301-decline] tap land for mana used_for=any
[12:24:06] [P1301-decline] submitting interaction iid=6CFRVX.0.248 choice=6CFRVX.0.248.c1 (Island)
[12:24:06] [P1301-decline] tap land for mana used_for=any
[12:24:06] [P1301-decline] submitting interaction iid=6CFRVX.0.249 choice=6CFRVX.0.249.c1 (Island)
[12:24:06] [P1301-decline] tap land for mana used_for=any
[12:24:06] [P1301-decline] submitting interaction iid=6CFRVX.0.250 choice=6CFRVX.0.250.c1 (Island)
[12:24:07] [P1301-decline] tap land for mana used_for=any
[12:24:07] [P1301-decline] submitting interaction iid=6CFRVX.0.251 choice=6CFRVX.0.251.c1 (Island)
[12:24:07] [P1301-decline] tap land for mana used_for=any
[12:24:07] [P1301-decline] submitting interaction iid=6CFRVX.0.252 choice=6CFRVX.0.252.c1 (Island)
[12:24:08] [P1301-decline] playing land island
[12:24:08] [P1301-decline] tap land for mana used_for=any
[12:24:08] [P1301-decline] submitting interaction iid=6CFRVX.0.258 choice=6CFRVX.0.258.c1 (Island)
[12:24:11] [301-decline] playing land island
[12:24:13] [P1301-decline] tap land for mana used_for=any
[12:24:13] [P1301-decline] submitting interaction iid=6CFRVX.0.284 choice=6CFRVX.0.284.c1 (Island)
[12:24:13] [P1301-decline] tap land for mana used_for=any
[12:24:13] [P1301-decline] submitting interaction iid=6CFRVX.0.285 choice=6CFRVX.0.285.c1 (Island)
[12:24:13] [P1301-decline] tap land for mana used_for=any
[12:24:13] [P1301-decline] submitting interaction iid=6CFRVX.0.286 choice=6CFRVX.0.286.c1 (Island)
[12:24:14] [P1301-decline] tap land for mana used_for=any
[12:24:14] [P1301-decline] submitting interaction iid=6CFRVX.0.287 choice=6CFRVX.0.287.c1 (Island)
[12:24:14] [P1301-decline] tap land for mana used_for=any
[12:24:14] [P1301-decline] submitting interaction iid=6CFRVX.0.288 choice=6CFRVX.0.288.c1 (Island)
[12:24:14] [P1301-decline] tap land for mana used_for=any
[12:24:14] [P1301-decline] submitting interaction iid=6CFRVX.0.289 choice=6CFRVX.0.289.c1 (Island)
[12:24:14] [P1301-decline] tap land for mana used_for=any
[12:24:14] [P1301-decline] submitting interaction iid=6CFRVX.0.290 choice=6CFRVX.0.290.c1 (Island)
[12:24:14] [P1301-decline] tap land for mana used_for=any
[12:24:14] [P1301-decline] submitting interaction iid=6CFRVX.0.291 choice=6CFRVX.0.291.c1 (Island)
[12:24:15] [P1301-decline] playing land island
[12:24:15] [P1301-decline] tap land for mana used_for=any
[12:24:15] [P1301-decline] submitting interaction iid=6CFRVX.0.297 choice=6CFRVX.0.297.c1 (Island)
[12:24:18] [301-decline] playing land island
[12:24:20] [301-decline] DIAG P0301-decline: rev=320 turn=18 phase=PostCombatMain act=0 prio_acts=[] vikind='choose' real_decision=False my_prio=False ops=[]
[12:24:20] [301-decline] DIAG P1301-decline: rev=320 turn=18 phase=PostCombatMain act=0 prio_acts=['PassPriority'] vikind='choose' real_decision=False my_prio=True ops=[{"rtype": "exactChoices", "n_items": 1, "codes": ["candidate", "passPriority"]}]
[12:24:21] [P1301-decline] tap land for mana used_for=any
[12:24:21] [P1301-decline] submitting interaction iid=6CFRVX.0.323 choice=6CFRVX.0.323.c1 (Island)
[12:24:21] [P1301-decline] tap land for mana used_for=any
[12:24:21] [P1301-decline] submitting interaction iid=6CFRVX.0.324 choice=6CFRVX.0.324.c1 (Island)
[12:24:21] [P1301-decline] tap land for mana used_for=any
[12:24:21] [P1301-decline] submitting interaction iid=6CFRVX.0.325 choice=6CFRVX.0.325.c1 (Island)
[12:24:21] [P1301-decline] tap land for mana used_for=any
[12:24:21] [P1301-decline] submitting interaction iid=6CFRVX.0.326 choice=6CFRVX.0.326.c1 (Island)
[12:24:21] [P1301-decline] tap land for mana used_for=any
[12:24:21] [P1301-decline] submitting interaction iid=6CFRVX.0.327 choice=6CFRVX.0.327.c1 (Island)
[12:24:22] [P1301-decline] tap land for mana used_for=any
[12:24:22] [P1301-decline] submitting interaction iid=6CFRVX.0.328 choice=6CFRVX.0.328.c1 (Island)
[12:24:22] [P1301-decline] tap land for mana used_for=any
[12:24:22] [P1301-decline] submitting interaction iid=6CFRVX.0.329 choice=6CFRVX.0.329.c1 (Island)
[12:24:22] [P1301-decline] tap land for mana used_for=any
[12:24:22] [P1301-decline] submitting interaction iid=6CFRVX.0.330 choice=6CFRVX.0.330.c1 (Island)
[12:24:22] [P1301-decline] tap land for mana used_for=any
[12:24:22] [P1301-decline] submitting interaction iid=6CFRVX.0.331 choice=6CFRVX.0.331.c1 (Island)
[12:24:23] [P1301-decline] playing land island
[12:24:23] [P1301-decline] tap land for mana used_for=any
[12:24:23] [P1301-decline] submitting interaction iid=6CFRVX.0.337 choice=6CFRVX.0.337.c1 (Island)
[12:24:26] [301-decline] playing land island
[12:24:27] [P1301-decline] tap land for mana used_for=any
[12:24:27] [P1301-decline] submitting interaction iid=6CFRVX.0.363 choice=6CFRVX.0.363.c1 (Island)
[12:24:27] [P1301-decline] tap land for mana used_for=any
[12:24:27] [P1301-decline] submitting interaction iid=6CFRVX.0.364 choice=6CFRVX.0.364.c1 (Island)
[12:24:28] [P1301-decline] tap land for mana used_for=any
[12:24:28] [P1301-decline] submitting interaction iid=6CFRVX.0.365 choice=6CFRVX.0.365.c1 (Island)
[12:24:28] [P1301-decline] tap land for mana used_for=any
[12:24:28] [P1301-decline] submitting interaction iid=6CFRVX.0.366 choice=6CFRVX.0.366.c1 (Island)
[12:24:28] [P1301-decline] tap land for mana used_for=any
[12:24:28] [P1301-decline] submitting interaction iid=6CFRVX.0.367 choice=6CFRVX.0.367.c1 (Island)
[12:24:28] [P1301-decline] tap land for mana used_for=any
[12:24:28] [P1301-decline] submitting interaction iid=6CFRVX.0.368 choice=6CFRVX.0.368.c1 (Island)
[12:24:28] [P1301-decline] tap land for mana used_for=any
[12:24:28] [P1301-decline] submitting interaction iid=6CFRVX.0.369 choice=6CFRVX.0.369.c1 (Island)
[12:24:28] [P1301-decline] tap land for mana used_for=any
[12:24:28] [P1301-decline] submitting interaction iid=6CFRVX.0.370 choice=6CFRVX.0.370.c1 (Island)
[12:24:28] [P1301-decline] tap land for mana used_for=any
[12:24:28] [P1301-decline] submitting interaction iid=6CFRVX.0.371 choice=6CFRVX.0.371.c1 (Island)
[12:24:30] [P1301-decline] tap land for mana used_for=any
[12:24:30] [P1301-decline] submitting interaction iid=6CFRVX.0.372 choice=6CFRVX.0.372.c1 (Island)
[12:24:32] [P1301-decline] playing land island
[12:24:32] [P1301-decline] tap land for mana used_for=any
[12:24:32] [P1301-decline] submitting interaction iid=6CFRVX.0.378 choice=6CFRVX.0.378.c1 (Island)
[12:24:34] [301-decline] playing land island
[12:24:36] [P1301-decline] tap land for mana used_for=any
[12:24:36] [P1301-decline] submitting interaction iid=6CFRVX.0.404 choice=6CFRVX.0.404.c1 (Island)
[12:24:36] [P1301-decline] tap land for mana used_for=any
[12:24:36] [P1301-decline] submitting interaction iid=6CFRVX.0.405 choice=6CFRVX.0.405.c1 (Island)
[12:24:36] [P1301-decline] tap land for mana used_for=any
[12:24:36] [P1301-decline] submitting interaction iid=6CFRVX.0.406 choice=6CFRVX.0.406.c1 (Island)
[12:24:36] [P1301-decline] tap land for mana used_for=any
[12:24:36] [P1301-decline] submitting interaction iid=6CFRVX.0.407 choice=6CFRVX.0.407.c1 (Island)
[12:24:37] [P1301-decline] tap land for mana used_for=any
[12:24:37] [P1301-decline] submitting interaction iid=6CFRVX.0.408 choice=6CFRVX.0.408.c1 (Island)
[12:24:37] [P1301-decline] tap land for mana used_for=any
[12:24:37] [P1301-decline] submitting interaction iid=6CFRVX.0.409 choice=6CFRVX.0.409.c1 (Island)
[12:24:37] [P1301-decline] tap land for mana used_for=any
[12:24:37] [P1301-decline] submitting interaction iid=6CFRVX.0.410 choice=6CFRVX.0.410.c1 (Island)
[12:24:37] [P1301-decline] tap land for mana used_for=any
[12:24:37] [P1301-decline] submitting interaction iid=6CFRVX.0.411 choice=6CFRVX.0.411.c1 (Island)
[12:24:37] [P1301-decline] tap land for mana used_for=any
[12:24:37] [P1301-decline] submitting interaction iid=6CFRVX.0.412 choice=6CFRVX.0.412.c1 (Island)
[12:24:37] [P1301-decline] tap land for mana used_for=any
[12:24:37] [P1301-decline] submitting interaction iid=6CFRVX.0.413 choice=6CFRVX.0.413.c1 (Island)
[12:24:37] [P1301-decline] tap land for mana used_for=any
[12:24:37] [P1301-decline] submitting interaction iid=6CFRVX.0.414 choice=6CFRVX.0.414.c1 (Island)
[12:24:39] [P1301-decline] playing land island
[12:24:39] [P1301-decline] tap land for mana used_for=any
[12:24:39] [P1301-decline] submitting interaction iid=6CFRVX.0.420 choice=6CFRVX.0.420.c1 (Island)
[12:24:41] [301-decline] playing land island
[12:24:41] exporting PRE_ACTIVATION state
[12:24:41] ACTIVATING CHAOS WAND (id 2) via advertised ActivateAbility
[12:24:42] submitting ActivateAbility via ActivateAbility legal_action (holding priority)
[12:24:42] [301-decline] tap land for mana used_for=generic
[12:24:42] [301-decline] submitting interaction iid=6CFRVX.0.437 choice=6CFRVX.0.437.c1 (Island)
[12:24:42] [301-decline] tap land for mana used_for=generic
[12:24:42] [301-decline] submitting interaction iid=6CFRVX.0.438 choice=6CFRVX.0.438.c1 (Island)
[12:24:43] [301-decline] tap land for mana used_for=generic
[12:24:43] [301-decline] submitting interaction iid=6CFRVX.0.439 choice=6CFRVX.0.439.c1 (Island)
[12:24:43] [301-decline] tap land for mana used_for=generic
[12:24:43] [301-decline] submitting interaction iid=6CFRVX.0.440 choice=6CFRVX.0.440.c1 (Island)
[12:24:43] [301-decline] activation watch: wand tapped=True stack=1 needs={'generic': 0} pool={"mana": [{"color": "Blue", "source_id": 14, "pip_id": 89, "snow": false, "restrictions": []}, {"color": "Blue", "source vikind='choose'
[12:24:43] [301-decline] wand ability on the stack
[12:24:44] exporting POST_EXILE checkpoint
[12:24:45] P0 submitting decline: choice id=6CFRVX.0.443.c0
[12:24:47] exporting DECLINE_POST state
[12:24:47] VERDICT: reproduced
