[07:17:05] ServerHello: version=0.101.0 build=acafe9b protocol=103 mode=Full
[07:17:05] data-level check: ok=True notes=[]
[07:17:05] ===== GAME A: cabal ritual {1}{B} =====
[07:17:06] [A] game KJAK9V; P0 seat=0 P1 seat=1
[07:17:06] [P0A] keep 7: ['swamp', 'diregraf ghoul', 'swamp', 'swamp', 'cabal ritual', 'swamp', 'swamp']
[07:17:06] [P1A] keep 7: ['forest', 'forest', 'forest', 'forest', 'forest', 'forest', 'forest']
[07:17:07] [P1A] playing land forest
[07:17:07] [P1A] tap land for mana used_for=any
[07:17:07] [P1A] submitting interaction iid=KJAK9V.0.7 choice=KJAK9V.0.7.c1 (Forest)
[07:17:09] [A] playing land swamp
[07:17:09] [A] P0 casts diregraf ghoul (oid 38) needs={'B': 1}
[07:17:12] [P1A] tap land for mana used_for=any
[07:17:12] [P1A] submitting interaction iid=KJAK9V.0.36 choice=KJAK9V.0.36.c1 (Forest)
[07:17:12] [P1A] playing land forest
[07:17:13] [P1A] tap land for mana used_for=any
[07:17:13] [P1A] submitting interaction iid=KJAK9V.0.42 choice=KJAK9V.0.42.c1 (Forest)
[07:17:15] [A] tap land for mana used_for=B
[07:17:15] [A] submitting interaction iid=KJAK9V.0.53 choice=KJAK9V.0.53.c1 (Swamp)
[07:17:16] [A] playing land swamp
[07:17:18] [P1A] tap land for mana used_for=any
[07:17:18] [P1A] submitting interaction iid=KJAK9V.0.70 choice=KJAK9V.0.70.c1 (Forest)
[07:17:18] [P1A] tap land for mana used_for=any
[07:17:18] [P1A] submitting interaction iid=KJAK9V.0.71 choice=KJAK9V.0.71.c1 (Forest)
[07:17:19] [P1A] playing land forest
[07:17:19] [P1A] tap land for mana used_for=any
[07:17:19] [P1A] submitting interaction iid=KJAK9V.0.77 choice=KJAK9V.0.77.c1 (Forest)
[07:17:22] [A] playing land swamp
[07:17:24] [P1A] tap land for mana used_for=any
[07:17:24] [P1A] submitting interaction iid=KJAK9V.0.104 choice=KJAK9V.0.104.c1 (Forest)
[07:17:24] [P1A] tap land for mana used_for=any
[07:17:24] [P1A] submitting interaction iid=KJAK9V.0.105 choice=KJAK9V.0.105.c1 (Forest)
[07:17:24] [P1A] tap land for mana used_for=any
[07:17:24] [P1A] submitting interaction iid=KJAK9V.0.106 choice=KJAK9V.0.106.c1 (Forest)
[07:17:25] [P1A] playing land forest
[07:17:25] [P1A] tap land for mana used_for=any
[07:17:25] [P1A] submitting interaction iid=KJAK9V.0.112 choice=KJAK9V.0.112.c1 (Forest)
[07:17:29] [A] playing land swamp
[07:17:30] [P1A] tap land for mana used_for=any
[07:17:30] [P1A] submitting interaction iid=KJAK9V.0.139 choice=KJAK9V.0.139.c1 (Forest)
[07:17:30] [P1A] tap land for mana used_for=any
[07:17:30] [P1A] submitting interaction iid=KJAK9V.0.140 choice=KJAK9V.0.140.c1 (Forest)
[07:17:31] [P1A] tap land for mana used_for=any
[07:17:31] [P1A] submitting interaction iid=KJAK9V.0.141 choice=KJAK9V.0.141.c1 (Forest)
[07:17:31] [P1A] tap land for mana used_for=any
[07:17:31] [P1A] submitting interaction iid=KJAK9V.0.142 choice=KJAK9V.0.142.c1 (Forest)
[07:17:32] [P1A] playing land forest
[07:17:32] [P1A] tap land for mana used_for=any
[07:17:32] [P1A] submitting interaction iid=KJAK9V.0.148 choice=KJAK9V.0.148.c1 (Forest)
[07:17:34] [A] playing land swamp
[07:17:36] [P1A] tap land for mana used_for=any
[07:17:36] [P1A] submitting interaction iid=KJAK9V.0.175 choice=KJAK9V.0.175.c1 (Forest)
[07:17:36] [P1A] tap land for mana used_for=any
[07:17:36] [P1A] submitting interaction iid=KJAK9V.0.176 choice=KJAK9V.0.176.c1 (Forest)
[07:17:36] [P1A] tap land for mana used_for=any
[07:17:36] [P1A] submitting interaction iid=KJAK9V.0.177 choice=KJAK9V.0.177.c1 (Forest)
[07:17:36] [P1A] tap land for mana used_for=any
[07:17:36] [P1A] submitting interaction iid=KJAK9V.0.178 choice=KJAK9V.0.178.c1 (Forest)
[07:17:37] [P1A] tap land for mana used_for=any
[07:17:37] [P1A] submitting interaction iid=KJAK9V.0.179 choice=KJAK9V.0.179.c1 (Forest)
[07:17:37] [P1A] playing land forest
[07:17:38] [P1A] tap land for mana used_for=any
[07:17:38] [P1A] submitting interaction iid=KJAK9V.0.185 choice=KJAK9V.0.185.c1 (Forest)
[07:17:40] [A] playing land swamp
[07:17:43] [P1A] tap land for mana used_for=any
[07:17:43] [P1A] submitting interaction iid=KJAK9V.0.212 choice=KJAK9V.0.212.c1 (Forest)
[07:17:43] [P1A] tap land for mana used_for=any
[07:17:43] [P1A] submitting interaction iid=KJAK9V.0.213 choice=KJAK9V.0.213.c1 (Forest)
[07:17:43] [P1A] tap land for mana used_for=any
[07:17:43] [P1A] submitting interaction iid=KJAK9V.0.214 choice=KJAK9V.0.214.c1 (Forest)
[07:17:43] [P1A] tap land for mana used_for=any
[07:17:43] [P1A] submitting interaction iid=KJAK9V.0.215 choice=KJAK9V.0.215.c1 (Forest)
[07:17:43] [P1A] tap land for mana used_for=any
[07:17:43] [P1A] submitting interaction iid=KJAK9V.0.216 choice=KJAK9V.0.216.c1 (Forest)
[07:17:43] [P1A] tap land for mana used_for=any
[07:17:43] [P1A] submitting interaction iid=KJAK9V.0.217 choice=KJAK9V.0.217.c1 (Forest)
[07:17:44] [P1A] playing land forest
[07:17:44] [P1A] tap land for mana used_for=any
[07:17:44] [P1A] submitting interaction iid=KJAK9V.0.223 choice=KJAK9V.0.223.c1 (Forest)
[07:17:47] [A] playing land swamp
[07:17:48] [P1A] tap land for mana used_for=any
[07:17:48] [P1A] submitting interaction iid=KJAK9V.0.250 choice=KJAK9V.0.250.c1 (Forest)
[07:17:49] [P1A] tap land for mana used_for=any
[07:17:49] [P1A] submitting interaction iid=KJAK9V.0.251 choice=KJAK9V.0.251.c1 (Forest)
[07:17:49] [P1A] tap land for mana used_for=any
[07:17:49] [P1A] submitting interaction iid=KJAK9V.0.252 choice=KJAK9V.0.252.c1 (Forest)
[07:17:49] [P1A] tap land for mana used_for=any
[07:17:49] [P1A] submitting interaction iid=KJAK9V.0.253 choice=KJAK9V.0.253.c1 (Forest)
[07:17:49] [P1A] tap land for mana used_for=any
[07:17:49] [P1A] submitting interaction iid=KJAK9V.0.254 choice=KJAK9V.0.254.c1 (Forest)
[07:17:49] [P1A] tap land for mana used_for=any
[07:17:49] [P1A] submitting interaction iid=KJAK9V.0.255 choice=KJAK9V.0.255.c1 (Forest)
[07:17:49] [P1A] tap land for mana used_for=any
[07:17:49] [P1A] submitting interaction iid=KJAK9V.0.256 choice=KJAK9V.0.256.c1 (Forest)
[07:17:50] [P1A] playing land forest
[07:17:50] [P1A] tap land for mana used_for=any
[07:17:50] [P1A] submitting interaction iid=KJAK9V.0.262 choice=KJAK9V.0.262.c1 (Forest)
[07:17:53] [A] playing land swamp
[07:17:53] [A] P0 casts phyrexian altar (oid 3) needs={'generic': 3}
[07:17:54] [A] tap land for mana used_for=generic
[07:17:54] [A] submitting interaction iid=KJAK9V.0.279 choice=KJAK9V.0.279.c3 (Swamp)
[07:17:54] [A] tap land for mana used_for=generic
[07:17:54] [A] submitting interaction iid=KJAK9V.0.280 choice=KJAK9V.0.280.c3 (Swamp)
[07:17:54] [A] tap land for mana used_for=generic
[07:17:54] [A] submitting interaction iid=KJAK9V.0.281 choice=KJAK9V.0.281.c3 (Swamp)
[07:17:55] [A] setup complete -> assert phase
[07:17:55] [A] exported pre_A.json
[07:17:55] [A] PRE exported; setup ready (turn 16)
[07:17:56] [P1A] tap land for mana used_for=any
[07:17:56] [P1A] submitting interaction iid=KJAK9V.0.295 choice=KJAK9V.0.295.c1 (Forest)
[07:17:57] [P1A] tap land for mana used_for=any
[07:17:57] [P1A] submitting interaction iid=KJAK9V.0.296 choice=KJAK9V.0.296.c1 (Forest)
[07:17:57] [P1A] tap land for mana used_for=any
[07:17:57] [P1A] submitting interaction iid=KJAK9V.0.297 choice=KJAK9V.0.297.c1 (Forest)
[07:17:57] [P1A] tap land for mana used_for=any
[07:17:57] [P1A] submitting interaction iid=KJAK9V.0.298 choice=KJAK9V.0.298.c1 (Forest)
[07:17:57] [P1A] tap land for mana used_for=any
[07:17:57] [P1A] submitting interaction iid=KJAK9V.0.299 choice=KJAK9V.0.299.c1 (Forest)
[07:17:57] [P1A] tap land for mana used_for=any
[07:17:57] [P1A] submitting interaction iid=KJAK9V.0.300 choice=KJAK9V.0.300.c1 (Forest)
[07:17:57] [P1A] tap land for mana used_for=any
[07:17:57] [P1A] submitting interaction iid=KJAK9V.0.301 choice=KJAK9V.0.301.c1 (Forest)
[07:17:57] [P1A] tap land for mana used_for=any
[07:17:57] [P1A] submitting interaction iid=KJAK9V.0.302 choice=KJAK9V.0.302.c1 (Forest)
[07:17:58] [P1A] playing land forest
[07:17:59] [P1A] tap land for mana used_for=any
[07:17:59] [P1A] submitting interaction iid=KJAK9V.0.308 choice=KJAK9V.0.308.c1 (Forest)
[07:18:02] [A] gate assertion A2a_gate_offers_1B: offered_seen=True want_offered=True -> passed (obs=4)
[07:18:02] [A] -> act phase
[07:18:02] [A] activating phyrexian altar via ActivateAbility legal_action
[07:18:03] [A] submitting interaction iid=KJAK9V.0.324 choice=KJAK9V.0.324.s0 (Diregraf Ghoul)
[07:18:03] [A] sacrificed for phyrexian altar (#1): Diregraf Ghoul
[07:18:04] [A] submitting interaction iid=KJAK9V.0.325 choice=KJAK9V.0.325.m2 ()
[07:18:04] [A] chose mana color: 
[07:18:10] [A] casting cabal ritual
[07:18:11] [A] tap land for mana used_for=B
[07:18:11] [A] submitting interaction iid=KJAK9V.0.327 choice=KJAK9V.0.327.c1 (Swamp)
[07:18:11] [A] tap land for mana used_for=generic
[07:18:11] [A] submitting interaction iid=KJAK9V.0.328 choice=KJAK9V.0.328.c1 (Swamp)
[07:18:12] [A] A2b: ritual resolved; ghoul in gy=True; black pool=5 (want >=3: 1 altar + 1 swamp tap + 3 ritual) -> passed
[07:18:12] [A] exported post_A.json
[07:18:12] [A] POST exported
[07:18:12] ===== GAME B: sign in blood {B}{B} =====
[07:18:12] [B] game T7VGUS; P0 seat=0 P1 seat=1
[07:18:12] [P0B] keep 7: ['forest', 'forest', 'sign in blood', 'forest', 'forest', 'forest', 'forest']
[07:18:12] [P1B] keep 7: ['forest', 'forest', 'forest', 'forest', 'forest', 'forest', 'forest']
[07:18:13] [P1B] playing land forest
[07:18:13] [P1B] tap land for mana used_for=any
[07:18:13] [P1B] submitting interaction iid=T7VGUS.0.7 choice=T7VGUS.0.7.c1 (Forest)
[07:18:15] [B] playing land forest
[07:18:17] [P1B] tap land for mana used_for=any
[07:18:17] [P1B] submitting interaction iid=T7VGUS.0.33 choice=T7VGUS.0.33.c1 (Forest)
[07:18:18] [P1B] playing land forest
[07:18:18] [P1B] tap land for mana used_for=any
[07:18:18] [P1B] submitting interaction iid=T7VGUS.0.39 choice=T7VGUS.0.39.c1 (Forest)
[07:18:20] [B] playing land forest
[07:18:23] [P1B] tap land for mana used_for=any
[07:18:23] [P1B] submitting interaction iid=T7VGUS.0.65 choice=T7VGUS.0.65.c1 (Forest)
[07:18:23] [P1B] tap land for mana used_for=any
[07:18:23] [P1B] submitting interaction iid=T7VGUS.0.66 choice=T7VGUS.0.66.c1 (Forest)
[07:18:24] [P1B] playing land forest
[07:18:24] [P1B] tap land for mana used_for=any
[07:18:24] [P1B] submitting interaction iid=T7VGUS.0.72 choice=T7VGUS.0.72.c1 (Forest)
[07:18:27] [B] playing land forest
[07:18:27] [B] P0 casts phyrexian altar (oid 21) needs={'generic': 3}
[07:18:31] [P1B] tap land for mana used_for=any
[07:18:31] [P1B] submitting interaction iid=T7VGUS.0.101 choice=T7VGUS.0.101.c1 (Forest)
[07:18:31] [P1B] tap land for mana used_for=any
[07:18:31] [P1B] submitting interaction iid=T7VGUS.0.102 choice=T7VGUS.0.102.c1 (Forest)
[07:18:31] [P1B] tap land for mana used_for=any
[07:18:31] [P1B] submitting interaction iid=T7VGUS.0.103 choice=T7VGUS.0.103.c1 (Forest)
[07:18:32] [P1B] playing land forest
[07:18:32] [P1B] tap land for mana used_for=any
[07:18:32] [P1B] submitting interaction iid=T7VGUS.0.109 choice=T7VGUS.0.109.c1 (Forest)
[07:18:34] [B] tap land for mana used_for=generic
[07:18:34] [B] submitting interaction iid=T7VGUS.0.120 choice=T7VGUS.0.120.c1 (Forest)
[07:18:34] [B] tap land for mana used_for=generic
[07:18:34] [B] submitting interaction iid=T7VGUS.0.121 choice=T7VGUS.0.121.c1 (Forest)
[07:18:34] [B] tap land for mana used_for=generic
[07:18:34] [B] submitting interaction iid=T7VGUS.0.122 choice=T7VGUS.0.122.c1 (Forest)
[07:18:35] [B] playing land forest
[07:18:36] [P1B] tap land for mana used_for=any
[07:18:36] [P1B] submitting interaction iid=T7VGUS.0.138 choice=T7VGUS.0.138.c1 (Forest)
[07:18:36] [P1B] tap land for mana used_for=any
[07:18:36] [P1B] submitting interaction iid=T7VGUS.0.139 choice=T7VGUS.0.139.c1 (Forest)
[07:18:37] [P1B] tap land for mana used_for=any
[07:18:37] [P1B] submitting interaction iid=T7VGUS.0.140 choice=T7VGUS.0.140.c1 (Forest)
[07:18:37] [P1B] tap land for mana used_for=any
[07:18:37] [P1B] submitting interaction iid=T7VGUS.0.141 choice=T7VGUS.0.141.c1 (Forest)
[07:18:38] [P1B] playing land forest
[07:18:38] [P1B] tap land for mana used_for=any
[07:18:38] [P1B] submitting interaction iid=T7VGUS.0.147 choice=T7VGUS.0.147.c1 (Forest)
[07:18:40] [B] playing land forest
[07:18:42] [P1B] tap land for mana used_for=any
[07:18:42] [P1B] submitting interaction iid=T7VGUS.0.173 choice=T7VGUS.0.173.c1 (Forest)
[07:18:42] [P1B] tap land for mana used_for=any
[07:18:42] [P1B] submitting interaction iid=T7VGUS.0.174 choice=T7VGUS.0.174.c1 (Forest)
[07:18:42] [P1B] tap land for mana used_for=any
[07:18:42] [P1B] submitting interaction iid=T7VGUS.0.175 choice=T7VGUS.0.175.c1 (Forest)
[07:18:42] [P1B] tap land for mana used_for=any
[07:18:42] [P1B] submitting interaction iid=T7VGUS.0.176 choice=T7VGUS.0.176.c1 (Forest)
[07:18:43] [P1B] tap land for mana used_for=any
[07:18:43] [P1B] submitting interaction iid=T7VGUS.0.177 choice=T7VGUS.0.177.c1 (Forest)
[07:18:44] [P1B] playing land forest
[07:18:44] [P1B] tap land for mana used_for=any
[07:18:44] [P1B] submitting interaction iid=T7VGUS.0.183 choice=T7VGUS.0.183.c1 (Forest)
[07:18:47] [B] playing land forest
[07:18:47] [B] P0 casts memnite (oid 1) needs={'generic': 0}
[07:18:50] [P1B] tap land for mana used_for=any
[07:18:50] [P1B] submitting interaction iid=T7VGUS.0.212 choice=T7VGUS.0.212.c1 (Forest)
[07:18:50] [P1B] tap land for mana used_for=any
[07:18:50] [P1B] submitting interaction iid=T7VGUS.0.213 choice=T7VGUS.0.213.c1 (Forest)
[07:18:50] [P1B] tap land for mana used_for=any
[07:18:50] [P1B] submitting interaction iid=T7VGUS.0.214 choice=T7VGUS.0.214.c1 (Forest)
[07:18:50] [P1B] tap land for mana used_for=any
[07:18:50] [P1B] submitting interaction iid=T7VGUS.0.215 choice=T7VGUS.0.215.c1 (Forest)
[07:18:50] [P1B] tap land for mana used_for=any
[07:18:50] [P1B] submitting interaction iid=T7VGUS.0.216 choice=T7VGUS.0.216.c1 (Forest)
[07:18:51] [P1B] tap land for mana used_for=any
[07:18:51] [P1B] submitting interaction iid=T7VGUS.0.217 choice=T7VGUS.0.217.c1 (Forest)
[07:18:51] [P1B] playing land forest
[07:18:51] [P1B] tap land for mana used_for=any
[07:18:51] [P1B] submitting interaction iid=T7VGUS.0.223 choice=T7VGUS.0.223.c1 (Forest)
[07:18:54] [B] playing land forest
[07:18:56] [P1B] tap land for mana used_for=any
[07:18:56] [P1B] submitting interaction iid=T7VGUS.0.250 choice=T7VGUS.0.250.c1 (Forest)
[07:18:56] [P1B] tap land for mana used_for=any
[07:18:56] [P1B] submitting interaction iid=T7VGUS.0.251 choice=T7VGUS.0.251.c1 (Forest)
[07:18:56] [P1B] tap land for mana used_for=any
[07:18:56] [P1B] submitting interaction iid=T7VGUS.0.252 choice=T7VGUS.0.252.c1 (Forest)
[07:18:56] [P1B] tap land for mana used_for=any
[07:18:56] [P1B] submitting interaction iid=T7VGUS.0.253 choice=T7VGUS.0.253.c1 (Forest)
[07:18:57] [P1B] tap land for mana used_for=any
[07:18:57] [P1B] submitting interaction iid=T7VGUS.0.254 choice=T7VGUS.0.254.c1 (Forest)
[07:18:57] [P1B] tap land for mana used_for=any
[07:18:57] [P1B] submitting interaction iid=T7VGUS.0.255 choice=T7VGUS.0.255.c1 (Forest)
[07:18:57] [P1B] tap land for mana used_for=any
[07:18:57] [P1B] submitting interaction iid=T7VGUS.0.256 choice=T7VGUS.0.256.c1 (Forest)
[07:18:58] [P1B] playing land forest
[07:18:58] [P1B] tap land for mana used_for=any
[07:18:58] [P1B] submitting interaction iid=T7VGUS.0.262 choice=T7VGUS.0.262.c1 (Forest)
[07:19:00] [B] playing land forest
[07:19:04] [P1B] tap land for mana used_for=any
[07:19:04] [P1B] submitting interaction iid=T7VGUS.0.289 choice=T7VGUS.0.289.c1 (Forest)
[07:19:04] [P1B] tap land for mana used_for=any
[07:19:04] [P1B] submitting interaction iid=T7VGUS.0.290 choice=T7VGUS.0.290.c1 (Forest)
[07:19:04] [P1B] tap land for mana used_for=any
[07:19:04] [P1B] submitting interaction iid=T7VGUS.0.291 choice=T7VGUS.0.291.c1 (Forest)
[07:19:04] [P1B] tap land for mana used_for=any
[07:19:04] [P1B] submitting interaction iid=T7VGUS.0.292 choice=T7VGUS.0.292.c1 (Forest)
[07:19:05] [P1B] tap land for mana used_for=any
[07:19:05] [P1B] submitting interaction iid=T7VGUS.0.293 choice=T7VGUS.0.293.c1 (Forest)
[07:19:05] [P1B] tap land for mana used_for=any
[07:19:05] [P1B] submitting interaction iid=T7VGUS.0.294 choice=T7VGUS.0.294.c1 (Forest)
[07:19:05] [P1B] tap land for mana used_for=any
[07:19:05] [P1B] submitting interaction iid=T7VGUS.0.295 choice=T7VGUS.0.295.c1 (Forest)
[07:19:05] [P1B] tap land for mana used_for=any
[07:19:05] [P1B] submitting interaction iid=T7VGUS.0.296 choice=T7VGUS.0.296.c1 (Forest)
[07:19:06] [P1B] playing land forest
[07:19:06] [P1B] tap land for mana used_for=any
[07:19:06] [P1B] submitting interaction iid=T7VGUS.0.302 choice=T7VGUS.0.302.c1 (Forest)
[07:19:08] [B] playing land forest
[07:19:10] [P1B] tap land for mana used_for=any
[07:19:10] [P1B] submitting interaction iid=T7VGUS.0.329 choice=T7VGUS.0.329.c1 (Forest)
[07:19:11] [P1B] tap land for mana used_for=any
[07:19:11] [P1B] submitting interaction iid=T7VGUS.0.330 choice=T7VGUS.0.330.c1 (Forest)
[07:19:11] [P1B] tap land for mana used_for=any
[07:19:11] [P1B] submitting interaction iid=T7VGUS.0.331 choice=T7VGUS.0.331.c1 (Forest)
[07:19:11] [P1B] tap land for mana used_for=any
[07:19:11] [P1B] submitting interaction iid=T7VGUS.0.332 choice=T7VGUS.0.332.c1 (Forest)
[07:19:11] [P1B] tap land for mana used_for=any
[07:19:11] [P1B] submitting interaction iid=T7VGUS.0.333 choice=T7VGUS.0.333.c1 (Forest)
[07:19:11] [P1B] tap land for mana used_for=any
[07:19:11] [P1B] submitting interaction iid=T7VGUS.0.334 choice=T7VGUS.0.334.c1 (Forest)
[07:19:11] [P1B] tap land for mana used_for=any
[07:19:11] [P1B] submitting interaction iid=T7VGUS.0.335 choice=T7VGUS.0.335.c1 (Forest)
[07:19:12] [P1B] tap land for mana used_for=any
[07:19:12] [P1B] submitting interaction iid=T7VGUS.0.336 choice=T7VGUS.0.336.c1 (Forest)
[07:19:12] [P1B] tap land for mana used_for=any
[07:19:12] [P1B] submitting interaction iid=T7VGUS.0.337 choice=T7VGUS.0.337.c1 (Forest)
[07:19:12] [P1B] playing land forest
[07:19:13] [P1B] tap land for mana used_for=any
[07:19:13] [P1B] submitting interaction iid=T7VGUS.0.343 choice=T7VGUS.0.343.c1 (Forest)
[07:19:15] [B] playing land forest
[07:19:16] [B] P0 casts memnite (oid 42) needs={'generic': 0}
[07:19:17] [B] setup complete -> assert phase
[07:19:17] [B] exported pre_B.json
[07:19:17] [B] PRE exported; setup ready (turn 20)
[07:19:19] [P1B] tap land for mana used_for=any
[07:19:19] [P1B] submitting interaction iid=T7VGUS.0.373 choice=T7VGUS.0.373.c1 (Forest)
[07:19:19] [P1B] tap land for mana used_for=any
[07:19:19] [P1B] submitting interaction iid=T7VGUS.0.374 choice=T7VGUS.0.374.c1 (Forest)
[07:19:19] [P1B] tap land for mana used_for=any
[07:19:19] [P1B] submitting interaction iid=T7VGUS.0.375 choice=T7VGUS.0.375.c1 (Forest)
[07:19:19] [P1B] tap land for mana used_for=any
[07:19:19] [P1B] submitting interaction iid=T7VGUS.0.376 choice=T7VGUS.0.376.c1 (Forest)
[07:19:20] [P1B] tap land for mana used_for=any
[07:19:20] [P1B] submitting interaction iid=T7VGUS.0.377 choice=T7VGUS.0.377.c1 (Forest)
[07:19:20] [P1B] tap land for mana used_for=any
[07:19:20] [P1B] submitting interaction iid=T7VGUS.0.378 choice=T7VGUS.0.378.c1 (Forest)
[07:19:20] [P1B] tap land for mana used_for=any
[07:19:20] [P1B] submitting interaction iid=T7VGUS.0.379 choice=T7VGUS.0.379.c1 (Forest)
[07:19:20] [P1B] tap land for mana used_for=any
[07:19:20] [P1B] submitting interaction iid=T7VGUS.0.380 choice=T7VGUS.0.380.c1 (Forest)
[07:19:20] [P1B] tap land for mana used_for=any
[07:19:20] [P1B] submitting interaction iid=T7VGUS.0.381 choice=T7VGUS.0.381.c1 (Forest)
[07:19:20] [P1B] tap land for mana used_for=any
[07:19:20] [P1B] submitting interaction iid=T7VGUS.0.382 choice=T7VGUS.0.382.c1 (Forest)
[07:19:21] [P1B] playing land forest
[07:19:22] [P1B] tap land for mana used_for=any
[07:19:22] [P1B] submitting interaction iid=T7VGUS.0.388 choice=T7VGUS.0.388.c1 (Forest)
[07:19:24] [B] gate assertion A3a_gate_offers_BB: offered_seen=False want_offered=True -> failed (obs=4)
[07:19:24] [B] -> act phase
[07:19:24] [B] activating phyrexian altar via ActivateAbility legal_action
[07:19:25] [B] submitting interaction iid=T7VGUS.0.404 choice=T7VGUS.0.404.s0 (Memnite)
[07:19:25] [B] sacrificed for phyrexian altar (#1): Memnite
[07:19:26] [B] submitting interaction iid=T7VGUS.0.405 choice=T7VGUS.0.405.m2 ()
[07:19:26] [B] chose mana color: 
[07:19:33] [B] activating phyrexian altar via ActivateAbility legal_action
[07:19:33] [B] submitting interaction iid=T7VGUS.0.407 choice=T7VGUS.0.407.s0 (Memnite)
[07:19:33] [B] sacrificed for phyrexian altar (#2): Memnite
[07:19:34] [B] submitting interaction iid=T7VGUS.0.408 choice=T7VGUS.0.408.m2 ()
[07:19:34] [B] chose mana color: 
[07:19:35] [B] both activations done; pool={'B': 2}
[07:19:40] [B] exported mid_B.json
[07:19:40] [B] MID exported; pool={'B': 2}
[07:19:40] [B] A3b: with {B}{B} floating, gate now offers sign in blood -> passed (bug confirmed: feasibility analysis, not resources, blocked the offer)
[07:19:40] [B] casting sign in blood
[07:19:41] [B] submitting interaction iid=T7VGUS.0.410 choice=T7VGUS.0.410.t1 ()
[07:19:41] [B] targeted P1 for sign in blood
[07:19:43] [B] Sign in Blood resolved: P1 life=18 (want 18) -> passed
[07:19:43] [B] exported post_B.json
[07:19:43] [B] POST exported
[07:19:43] ===== GAME C: dark ritual {B} =====
[07:19:43] [C] game YS652B; P0 seat=0 P1 seat=1
[07:19:43] [P0C] keep 7: ['forest', 'forest', 'forest', 'forest', 'forest', 'dark ritual', 'forest']
[07:19:43] [P1C] keep 7: ['forest', 'forest', 'forest', 'forest', 'forest', 'forest', 'forest']
[07:19:44] [C] playing land forest
[07:19:46] [P1C] playing land forest
[07:19:46] [P1C] tap land for mana used_for=any
[07:19:46] [P1C] submitting interaction iid=YS652B.0.22 choice=YS652B.0.22.c1 (Forest)
[07:19:48] [C] playing land forest
[07:19:50] [P1C] tap land for mana used_for=any
[07:19:50] [P1C] submitting interaction iid=YS652B.0.48 choice=YS652B.0.48.c1 (Forest)
[07:19:51] [P1C] playing land forest
[07:19:51] [P1C] tap land for mana used_for=any
[07:19:51] [P1C] submitting interaction iid=YS652B.0.54 choice=YS652B.0.54.c1 (Forest)
[07:19:53] [C] playing land forest
[07:19:55] [P1C] tap land for mana used_for=any
[07:19:55] [P1C] submitting interaction iid=YS652B.0.80 choice=YS652B.0.80.c1 (Forest)
[07:19:55] [P1C] tap land for mana used_for=any
[07:19:55] [P1C] submitting interaction iid=YS652B.0.81 choice=YS652B.0.81.c1 (Forest)
[07:19:56] [P1C] playing land forest
[07:19:56] [P1C] tap land for mana used_for=any
[07:19:56] [P1C] submitting interaction iid=YS652B.0.87 choice=YS652B.0.87.c1 (Forest)
[07:19:59] [C] playing land forest
[07:20:00] [P1C] tap land for mana used_for=any
[07:20:00] [P1C] submitting interaction iid=YS652B.0.113 choice=YS652B.0.113.c1 (Forest)
[07:20:00] [P1C] tap land for mana used_for=any
[07:20:00] [P1C] submitting interaction iid=YS652B.0.114 choice=YS652B.0.114.c1 (Forest)
[07:20:01] [P1C] tap land for mana used_for=any
[07:20:01] [P1C] submitting interaction iid=YS652B.0.115 choice=YS652B.0.115.c1 (Forest)
[07:20:03] [P1C] playing land forest
[07:20:03] [P1C] tap land for mana used_for=any
[07:20:03] [P1C] submitting interaction iid=YS652B.0.121 choice=YS652B.0.121.c1 (Forest)
[07:20:06] [C] playing land forest
[07:20:07] [P1C] tap land for mana used_for=any
[07:20:07] [P1C] submitting interaction iid=YS652B.0.147 choice=YS652B.0.147.c1 (Forest)
[07:20:08] [P1C] tap land for mana used_for=any
[07:20:08] [P1C] submitting interaction iid=YS652B.0.148 choice=YS652B.0.148.c1 (Forest)
[07:20:08] [P1C] tap land for mana used_for=any
[07:20:08] [P1C] submitting interaction iid=YS652B.0.149 choice=YS652B.0.149.c1 (Forest)
[07:20:08] [P1C] tap land for mana used_for=any
[07:20:08] [P1C] submitting interaction iid=YS652B.0.150 choice=YS652B.0.150.c1 (Forest)
[07:20:09] [P1C] playing land forest
[07:20:09] [P1C] tap land for mana used_for=any
[07:20:09] [P1C] submitting interaction iid=YS652B.0.156 choice=YS652B.0.156.c1 (Forest)
[07:20:12] [C] playing land forest
[07:20:14] [P1C] tap land for mana used_for=any
[07:20:14] [P1C] submitting interaction iid=YS652B.0.182 choice=YS652B.0.182.c1 (Forest)
[07:20:14] [P1C] tap land for mana used_for=any
[07:20:14] [P1C] submitting interaction iid=YS652B.0.183 choice=YS652B.0.183.c1 (Forest)
[07:20:14] [P1C] tap land for mana used_for=any
[07:20:14] [P1C] submitting interaction iid=YS652B.0.184 choice=YS652B.0.184.c1 (Forest)
[07:20:14] [P1C] tap land for mana used_for=any
[07:20:14] [P1C] submitting interaction iid=YS652B.0.185 choice=YS652B.0.185.c1 (Forest)
[07:20:14] [P1C] tap land for mana used_for=any
[07:20:14] [P1C] submitting interaction iid=YS652B.0.186 choice=YS652B.0.186.c1 (Forest)
[07:20:15] [P1C] playing land forest
[07:20:15] [P1C] tap land for mana used_for=any
[07:20:15] [P1C] submitting interaction iid=YS652B.0.192 choice=YS652B.0.192.c1 (Forest)
[07:20:19] [C] playing land forest
[07:20:22] [P1C] tap land for mana used_for=any
[07:20:22] [P1C] submitting interaction iid=YS652B.0.218 choice=YS652B.0.218.c1 (Forest)
[07:20:22] [P1C] tap land for mana used_for=any
[07:20:22] [P1C] submitting interaction iid=YS652B.0.219 choice=YS652B.0.219.c1 (Forest)
[07:20:23] [P1C] tap land for mana used_for=any
[07:20:23] [P1C] submitting interaction iid=YS652B.0.220 choice=YS652B.0.220.c1 (Forest)
[07:20:23] [P1C] tap land for mana used_for=any
[07:20:23] [P1C] submitting interaction iid=YS652B.0.221 choice=YS652B.0.221.c1 (Forest)
[07:20:23] [P1C] tap land for mana used_for=any
[07:20:23] [P1C] submitting interaction iid=YS652B.0.222 choice=YS652B.0.222.c1 (Forest)
[07:20:23] [P1C] tap land for mana used_for=any
[07:20:23] [P1C] submitting interaction iid=YS652B.0.223 choice=YS652B.0.223.c1 (Forest)
[07:20:24] [P1C] playing land forest
[07:20:24] [P1C] tap land for mana used_for=any
[07:20:24] [P1C] submitting interaction iid=YS652B.0.229 choice=YS652B.0.229.c1 (Forest)
[07:20:28] [C] playing land forest
[07:20:30] [P1C] tap land for mana used_for=any
[07:20:30] [P1C] submitting interaction iid=YS652B.0.255 choice=YS652B.0.255.c1 (Forest)
[07:20:30] [P1C] tap land for mana used_for=any
[07:20:30] [P1C] submitting interaction iid=YS652B.0.256 choice=YS652B.0.256.c1 (Forest)
[07:20:31] [P1C] tap land for mana used_for=any
[07:20:31] [P1C] submitting interaction iid=YS652B.0.257 choice=YS652B.0.257.c1 (Forest)
[07:20:31] [P1C] tap land for mana used_for=any
[07:20:31] [P1C] submitting interaction iid=YS652B.0.258 choice=YS652B.0.258.c1 (Forest)
[07:20:31] [P1C] tap land for mana used_for=any
[07:20:31] [P1C] submitting interaction iid=YS652B.0.259 choice=YS652B.0.259.c1 (Forest)
[07:20:31] [P1C] tap land for mana used_for=any
[07:20:31] [P1C] submitting interaction iid=YS652B.0.260 choice=YS652B.0.260.c1 (Forest)
[07:20:31] [P1C] tap land for mana used_for=any
[07:20:31] [P1C] submitting interaction iid=YS652B.0.261 choice=YS652B.0.261.c1 (Forest)
[07:20:32] [P1C] playing land forest
[07:20:33] [P1C] tap land for mana used_for=any
[07:20:33] [P1C] submitting interaction iid=YS652B.0.267 choice=YS652B.0.267.c1 (Forest)
[07:20:36] [C] playing land forest
[07:20:38] [P1C] tap land for mana used_for=any
[07:20:38] [P1C] submitting interaction iid=YS652B.0.293 choice=YS652B.0.293.c1 (Forest)
[07:20:38] [P1C] tap land for mana used_for=any
[07:20:38] [P1C] submitting interaction iid=YS652B.0.294 choice=YS652B.0.294.c1 (Forest)
[07:20:38] [P1C] tap land for mana used_for=any
[07:20:38] [P1C] submitting interaction iid=YS652B.0.295 choice=YS652B.0.295.c1 (Forest)
[07:20:39] [P1C] tap land for mana used_for=any
[07:20:39] [P1C] submitting interaction iid=YS652B.0.296 choice=YS652B.0.296.c1 (Forest)
[07:20:39] [P1C] tap land for mana used_for=any
[07:20:39] [P1C] submitting interaction iid=YS652B.0.297 choice=YS652B.0.297.c1 (Forest)
[07:20:39] [P1C] tap land for mana used_for=any
[07:20:39] [P1C] submitting interaction iid=YS652B.0.298 choice=YS652B.0.298.c1 (Forest)
[07:20:39] [P1C] tap land for mana used_for=any
[07:20:39] [P1C] submitting interaction iid=YS652B.0.299 choice=YS652B.0.299.c1 (Forest)
[07:20:39] [P1C] tap land for mana used_for=any
[07:20:39] [P1C] submitting interaction iid=YS652B.0.300 choice=YS652B.0.300.c1 (Forest)
[07:20:40] [P1C] playing land forest
[07:20:41] [P1C] tap land for mana used_for=any
[07:20:41] [P1C] submitting interaction iid=YS652B.0.306 choice=YS652B.0.306.c1 (Forest)
[07:20:46] [C] playing land forest
[07:20:48] [P1C] tap land for mana used_for=any
[07:20:48] [P1C] submitting interaction iid=YS652B.0.332 choice=YS652B.0.332.c1 (Forest)
[07:20:49] [P1C] tap land for mana used_for=any
[07:20:49] [P1C] submitting interaction iid=YS652B.0.333 choice=YS652B.0.333.c1 (Forest)
[07:20:49] [P1C] tap land for mana used_for=any
[07:20:49] [P1C] submitting interaction iid=YS652B.0.334 choice=YS652B.0.334.c1 (Forest)
[07:20:49] [P1C] tap land for mana used_for=any
[07:20:49] [P1C] submitting interaction iid=YS652B.0.335 choice=YS652B.0.335.c1 (Forest)
[07:20:49] [P1C] tap land for mana used_for=any
[07:20:49] [P1C] submitting interaction iid=YS652B.0.336 choice=YS652B.0.336.c1 (Forest)
[07:20:49] [P1C] tap land for mana used_for=any
[07:20:49] [P1C] submitting interaction iid=YS652B.0.337 choice=YS652B.0.337.c1 (Forest)
[07:20:49] [P1C] tap land for mana used_for=any
[07:20:49] [P1C] submitting interaction iid=YS652B.0.338 choice=YS652B.0.338.c1 (Forest)
[07:20:50] [P1C] tap land for mana used_for=any
[07:20:50] [P1C] submitting interaction iid=YS652B.0.339 choice=YS652B.0.339.c1 (Forest)
[07:20:50] [P1C] tap land for mana used_for=any
[07:20:50] [P1C] submitting interaction iid=YS652B.0.340 choice=YS652B.0.340.c1 (Forest)
[07:20:51] [P1C] playing land forest
[07:20:51] [P1C] tap land for mana used_for=any
[07:20:51] [P1C] submitting interaction iid=YS652B.0.346 choice=YS652B.0.346.c1 (Forest)
[07:20:55] [C] playing land forest
[07:20:58] [P1C] tap land for mana used_for=any
[07:20:58] [P1C] submitting interaction iid=YS652B.0.372 choice=YS652B.0.372.c1 (Forest)
[07:20:59] [P1C] tap land for mana used_for=any
[07:20:59] [P1C] submitting interaction iid=YS652B.0.373 choice=YS652B.0.373.c1 (Forest)
[07:20:59] [P1C] tap land for mana used_for=any
[07:20:59] [P1C] submitting interaction iid=YS652B.0.374 choice=YS652B.0.374.c1 (Forest)
[07:20:59] [P1C] tap land for mana used_for=any
[07:20:59] [P1C] submitting interaction iid=YS652B.0.375 choice=YS652B.0.375.c1 (Forest)
[07:20:59] [P1C] tap land for mana used_for=any
[07:20:59] [P1C] submitting interaction iid=YS652B.0.376 choice=YS652B.0.376.c1 (Forest)
[07:20:59] [P1C] tap land for mana used_for=any
[07:20:59] [P1C] submitting interaction iid=YS652B.0.377 choice=YS652B.0.377.c1 (Forest)
[07:20:59] [P1C] tap land for mana used_for=any
[07:20:59] [P1C] submitting interaction iid=YS652B.0.378 choice=YS652B.0.378.c1 (Forest)
[07:21:00] [P1C] tap land for mana used_for=any
[07:21:00] [P1C] submitting interaction iid=YS652B.0.379 choice=YS652B.0.379.c1 (Forest)
[07:21:00] [P1C] tap land for mana used_for=any
[07:21:00] [P1C] submitting interaction iid=YS652B.0.380 choice=YS652B.0.380.c1 (Forest)
[07:21:00] [P1C] tap land for mana used_for=any
[07:21:00] [P1C] submitting interaction iid=YS652B.0.381 choice=YS652B.0.381.c1 (Forest)
[07:21:01] [P1C] playing land forest
[07:21:02] [P1C] tap land for mana used_for=any
[07:21:02] [P1C] submitting interaction iid=YS652B.0.387 choice=YS652B.0.387.c1 (Forest)
[07:21:06] [C] playing land forest
[07:21:09] [P1C] tap land for mana used_for=any
[07:21:09] [P1C] submitting interaction iid=YS652B.0.413 choice=YS652B.0.413.c1 (Forest)
[07:21:09] [P1C] tap land for mana used_for=any
[07:21:09] [P1C] submitting interaction iid=YS652B.0.414 choice=YS652B.0.414.c1 (Forest)
[07:21:09] [P1C] tap land for mana used_for=any
[07:21:09] [P1C] submitting interaction iid=YS652B.0.415 choice=YS652B.0.415.c1 (Forest)
[07:21:10] [P1C] tap land for mana used_for=any
[07:21:10] [P1C] submitting interaction iid=YS652B.0.416 choice=YS652B.0.416.c1 (Forest)
[07:21:10] [P1C] tap land for mana used_for=any
[07:21:10] [P1C] submitting interaction iid=YS652B.0.417 choice=YS652B.0.417.c1 (Forest)
[07:21:10] [P1C] tap land for mana used_for=any
[07:21:10] [P1C] submitting interaction iid=YS652B.0.418 choice=YS652B.0.418.c1 (Forest)
[07:21:10] [P1C] tap land for mana used_for=any
[07:21:10] [P1C] submitting interaction iid=YS652B.0.419 choice=YS652B.0.419.c1 (Forest)
[07:21:10] [P1C] tap land for mana used_for=any
[07:21:10] [P1C] submitting interaction iid=YS652B.0.420 choice=YS652B.0.420.c1 (Forest)
[07:21:10] [P1C] tap land for mana used_for=any
[07:21:10] [P1C] submitting interaction iid=YS652B.0.421 choice=YS652B.0.421.c1 (Forest)
[07:21:11] [P1C] tap land for mana used_for=any
[07:21:11] [P1C] submitting interaction iid=YS652B.0.422 choice=YS652B.0.422.c1 (Forest)
[07:21:11] [P1C] tap land for mana used_for=any
[07:21:11] [P1C] submitting interaction iid=YS652B.0.423 choice=YS652B.0.423.c1 (Forest)
[07:21:12] [P1C] playing land forest
[07:21:12] [P1C] tap land for mana used_for=any
[07:21:12] [P1C] submitting interaction iid=YS652B.0.429 choice=YS652B.0.429.c1 (Forest)
[07:21:17] [C] playing land forest
[07:21:23] [P1C] tap land for mana used_for=any
[07:21:23] [P1C] submitting interaction iid=YS652B.0.455 choice=YS652B.0.455.c1 (Forest)
[07:21:23] [P1C] tap land for mana used_for=any
[07:21:23] [P1C] submitting interaction iid=YS652B.0.456 choice=YS652B.0.456.c1 (Forest)
[07:21:23] [P1C] tap land for mana used_for=any
[07:21:23] [P1C] submitting interaction iid=YS652B.0.457 choice=YS652B.0.457.c1 (Forest)
[07:21:23] [P1C] tap land for mana used_for=any
[07:21:23] [P1C] submitting interaction iid=YS652B.0.458 choice=YS652B.0.458.c1 (Forest)
[07:21:23] [P1C] tap land for mana used_for=any
[07:21:23] [P1C] submitting interaction iid=YS652B.0.459 choice=YS652B.0.459.c1 (Forest)
[07:21:23] [P1C] tap land for mana used_for=any
[07:21:23] [P1C] submitting interaction iid=YS652B.0.460 choice=YS652B.0.460.c1 (Forest)
[07:21:24] [P1C] tap land for mana used_for=any
[07:21:24] [P1C] submitting interaction iid=YS652B.0.461 choice=YS652B.0.461.c1 (Forest)
[07:21:24] [P1C] tap land for mana used_for=any
[07:21:24] [P1C] submitting interaction iid=YS652B.0.462 choice=YS652B.0.462.c1 (Forest)
[07:21:24] [P1C] tap land for mana used_for=any
[07:21:24] [P1C] submitting interaction iid=YS652B.0.463 choice=YS652B.0.463.c1 (Forest)
[07:21:24] [P1C] tap land for mana used_for=any
[07:21:24] [P1C] submitting interaction iid=YS652B.0.464 choice=YS652B.0.464.c1 (Forest)
[07:21:24] [P1C] tap land for mana used_for=any
[07:21:24] [P1C] submitting interaction iid=YS652B.0.465 choice=YS652B.0.465.c1 (Forest)
[07:21:24] [P1C] tap land for mana used_for=any
[07:21:24] [P1C] submitting interaction iid=YS652B.0.466 choice=YS652B.0.466.c1 (Forest)
[07:21:26] [P1C] playing land forest
[07:21:26] [P1C] tap land for mana used_for=any
[07:21:26] [P1C] submitting interaction iid=YS652B.0.472 choice=YS652B.0.472.c1 (Forest)
[07:21:31] [C] playing land forest
[07:21:35] [P1C] tap land for mana used_for=any
[07:21:35] [P1C] submitting interaction iid=YS652B.0.498 choice=YS652B.0.498.c1 (Forest)
[07:21:36] [P1C] tap land for mana used_for=any
[07:21:36] [P1C] submitting interaction iid=YS652B.0.499 choice=YS652B.0.499.c1 (Forest)
[07:21:36] [P1C] tap land for mana used_for=any
[07:21:36] [P1C] submitting interaction iid=YS652B.0.500 choice=YS652B.0.500.c1 (Forest)
[07:21:36] [P1C] tap land for mana used_for=any
[07:21:36] [P1C] submitting interaction iid=YS652B.0.501 choice=YS652B.0.501.c1 (Forest)
[07:21:36] [P1C] tap land for mana used_for=any
[07:21:36] [P1C] submitting interaction iid=YS652B.0.502 choice=YS652B.0.502.c1 (Forest)
[07:21:36] [P1C] tap land for mana used_for=any
[07:21:36] [P1C] submitting interaction iid=YS652B.0.503 choice=YS652B.0.503.c1 (Forest)
[07:21:36] [P1C] tap land for mana used_for=any
[07:21:36] [P1C] submitting interaction iid=YS652B.0.504 choice=YS652B.0.504.c1 (Forest)
[07:21:36] [P1C] tap land for mana used_for=any
[07:21:36] [P1C] submitting interaction iid=YS652B.0.505 choice=YS652B.0.505.c1 (Forest)
[07:21:37] [P1C] tap land for mana used_for=any
[07:21:37] [P1C] submitting interaction iid=YS652B.0.506 choice=YS652B.0.506.c1 (Forest)
[07:21:37] [P1C] tap land for mana used_for=any
[07:21:37] [P1C] submitting interaction iid=YS652B.0.507 choice=YS652B.0.507.c1 (Forest)
[07:21:37] [P1C] tap land for mana used_for=any
[07:21:37] [P1C] submitting interaction iid=YS652B.0.508 choice=YS652B.0.508.c1 (Forest)
[07:21:37] [P1C] tap land for mana used_for=any
[07:21:37] [P1C] submitting interaction iid=YS652B.0.509 choice=YS652B.0.509.c1 (Forest)
[07:21:37] [P1C] tap land for mana used_for=any
[07:21:37] [P1C] submitting interaction iid=YS652B.0.510 choice=YS652B.0.510.c1 (Forest)
[07:21:39] [P1C] playing land forest
[07:21:39] [P1C] tap land for mana used_for=any
[07:21:39] [P1C] submitting interaction iid=YS652B.0.516 choice=YS652B.0.516.c1 (Forest)
[07:21:45] [C] playing land forest
[07:21:46] [C] P0 casts phyrexian altar (oid 53) needs={'generic': 3}
[07:21:46] [C] tap land for mana used_for=generic
[07:21:46] [C] submitting interaction iid=YS652B.0.533 choice=YS652B.0.533.c1 (Forest)
[07:21:47] [C] tap land for mana used_for=generic
[07:21:47] [C] submitting interaction iid=YS652B.0.534 choice=YS652B.0.534.c1 (Forest)
[07:21:47] [C] tap land for mana used_for=generic
[07:21:47] [C] submitting interaction iid=YS652B.0.535 choice=YS652B.0.535.c1 (Forest)
[07:21:48] [C] setup complete -> assert phase
[07:21:48] [C] exported pre_C.json
[07:21:48] [C] PRE exported; setup ready (turn 29)
[07:21:51] [P1C] tap land for mana used_for=any
[07:21:51] [P1C] submitting interaction iid=YS652B.0.548 choice=YS652B.0.548.c1 (Forest)
[07:21:51] [P1C] tap land for mana used_for=any
[07:21:51] [P1C] submitting interaction iid=YS652B.0.549 choice=YS652B.0.549.c1 (Forest)
[07:21:51] [P1C] tap land for mana used_for=any
[07:21:51] [P1C] submitting interaction iid=YS652B.0.550 choice=YS652B.0.550.c1 (Forest)
[07:21:51] [P1C] tap land for mana used_for=any
[07:21:51] [P1C] submitting interaction iid=YS652B.0.551 choice=YS652B.0.551.c1 (Forest)
[07:21:52] [P1C] tap land for mana used_for=any
[07:21:52] [P1C] submitting interaction iid=YS652B.0.552 choice=YS652B.0.552.c1 (Forest)
[07:21:52] [P1C] tap land for mana used_for=any
[07:21:52] [P1C] submitting interaction iid=YS652B.0.553 choice=YS652B.0.553.c1 (Forest)
[07:21:52] [P1C] tap land for mana used_for=any
[07:21:52] [P1C] submitting interaction iid=YS652B.0.554 choice=YS652B.0.554.c1 (Forest)
[07:21:52] [P1C] tap land for mana used_for=any
[07:21:52] [P1C] submitting interaction iid=YS652B.0.555 choice=YS652B.0.555.c1 (Forest)
[07:21:52] [P1C] tap land for mana used_for=any
[07:21:52] [P1C] submitting interaction iid=YS652B.0.556 choice=YS652B.0.556.c1 (Forest)
[07:21:52] [P1C] tap land for mana used_for=any
[07:21:52] [P1C] submitting interaction iid=YS652B.0.557 choice=YS652B.0.557.c1 (Forest)
[07:21:53] [P1C] tap land for mana used_for=any
[07:21:53] [P1C] submitting interaction iid=YS652B.0.558 choice=YS652B.0.558.c1 (Forest)
[07:21:53] [P1C] tap land for mana used_for=any
[07:21:53] [P1C] submitting interaction iid=YS652B.0.559 choice=YS652B.0.559.c1 (Forest)
[07:21:53] [P1C] tap land for mana used_for=any
[07:21:53] [P1C] submitting interaction iid=YS652B.0.560 choice=YS652B.0.560.c1 (Forest)
[07:21:53] [P1C] tap land for mana used_for=any
[07:21:53] [P1C] submitting interaction iid=YS652B.0.561 choice=YS652B.0.561.c1 (Forest)
[07:21:54] [P1C] playing land forest
[07:21:55] [P1C] tap land for mana used_for=any
[07:21:55] [P1C] submitting interaction iid=YS652B.0.567 choice=YS652B.0.567.c1 (Forest)
[07:22:00] [C] gate assertion A4_gate_rejects_B: offered_seen=False want_offered=False -> passed (obs=4)
[07:22:00] [C] exported post_C.json
[07:22:00] [C] POST exported (observe-only)
[07:22:00] ===== GAME D: steel overseer {2} =====
[07:22:00] [D] game RW64C8; P0 seat=0 P1 seat=1
[07:22:00] [P0D] keep 7: ['steel overseer', 'forest', 'steel overseer', 'forest', 'forest', 'forest', 'steel overseer']
[07:22:00] [P1D] keep 7: ['forest', 'forest', 'forest', 'forest', 'forest', 'forest', 'forest']
[07:22:01] [P1D] playing land forest
[07:22:01] [P1D] tap land for mana used_for=any
[07:22:01] [P1D] submitting interaction iid=RW64C8.0.7 choice=RW64C8.0.7.c1 (Forest)
[07:22:04] [D] playing land forest
[07:22:05] [P1D] tap land for mana used_for=any
[07:22:05] [P1D] submitting interaction iid=RW64C8.0.33 choice=RW64C8.0.33.c1 (Forest)
[07:22:08] [P1D] playing land forest
[07:22:08] [P1D] tap land for mana used_for=any
[07:22:08] [P1D] submitting interaction iid=RW64C8.0.39 choice=RW64C8.0.39.c1 (Forest)
[07:22:11] [D] playing land forest
[07:22:12] [P1D] tap land for mana used_for=any
[07:22:12] [P1D] submitting interaction iid=RW64C8.0.65 choice=RW64C8.0.65.c1 (Forest)
[07:22:12] [P1D] tap land for mana used_for=any
[07:22:12] [P1D] submitting interaction iid=RW64C8.0.66 choice=RW64C8.0.66.c1 (Forest)
[07:22:13] [P1D] playing land forest
[07:22:13] [P1D] tap land for mana used_for=any
[07:22:13] [P1D] submitting interaction iid=RW64C8.0.72 choice=RW64C8.0.72.c1 (Forest)
[07:22:16] [D] playing land forest
[07:22:17] [P1D] tap land for mana used_for=any
[07:22:17] [P1D] submitting interaction iid=RW64C8.0.98 choice=RW64C8.0.98.c1 (Forest)
[07:22:17] [P1D] tap land for mana used_for=any
[07:22:17] [P1D] submitting interaction iid=RW64C8.0.99 choice=RW64C8.0.99.c1 (Forest)
[07:22:18] [P1D] tap land for mana used_for=any
[07:22:18] [P1D] submitting interaction iid=RW64C8.0.100 choice=RW64C8.0.100.c1 (Forest)
[07:22:18] [P1D] playing land forest
[07:22:19] [P1D] tap land for mana used_for=any
[07:22:19] [P1D] submitting interaction iid=RW64C8.0.106 choice=RW64C8.0.106.c1 (Forest)
[07:22:22] [D] playing land forest
[07:22:23] [D] P0 casts krark-clan ironworks (oid 39) needs={'generic': 4}
[07:22:25] [P1D] tap land for mana used_for=any
[07:22:25] [P1D] submitting interaction iid=RW64C8.0.135 choice=RW64C8.0.135.c1 (Forest)
[07:22:25] [P1D] tap land for mana used_for=any
[07:22:25] [P1D] submitting interaction iid=RW64C8.0.136 choice=RW64C8.0.136.c1 (Forest)
[07:22:26] [P1D] tap land for mana used_for=any
[07:22:26] [P1D] submitting interaction iid=RW64C8.0.137 choice=RW64C8.0.137.c1 (Forest)
[07:22:26] [P1D] tap land for mana used_for=any
[07:22:26] [P1D] submitting interaction iid=RW64C8.0.138 choice=RW64C8.0.138.c1 (Forest)
[07:22:27] [P1D] playing land forest
[07:22:27] [P1D] tap land for mana used_for=any
[07:22:27] [P1D] submitting interaction iid=RW64C8.0.144 choice=RW64C8.0.144.c1 (Forest)
[07:22:30] [D] tap land for mana used_for=generic
[07:22:30] [D] submitting interaction iid=RW64C8.0.155 choice=RW64C8.0.155.c2 (Forest)
[07:22:31] [D] tap land for mana used_for=generic
[07:22:31] [D] submitting interaction iid=RW64C8.0.156 choice=RW64C8.0.156.c2 (Forest)
[07:22:31] [D] tap land for mana used_for=generic
[07:22:31] [D] submitting interaction iid=RW64C8.0.157 choice=RW64C8.0.157.c2 (Forest)
[07:22:31] [D] tap land for mana used_for=generic
[07:22:31] [D] submitting interaction iid=RW64C8.0.158 choice=RW64C8.0.158.c2 (Forest)
[07:22:32] [D] playing land forest
[07:22:34] [P1D] tap land for mana used_for=any
[07:22:34] [P1D] submitting interaction iid=RW64C8.0.174 choice=RW64C8.0.174.c1 (Forest)
[07:22:34] [P1D] tap land for mana used_for=any
[07:22:34] [P1D] submitting interaction iid=RW64C8.0.175 choice=RW64C8.0.175.c1 (Forest)
[07:22:34] [P1D] tap land for mana used_for=any
[07:22:34] [P1D] submitting interaction iid=RW64C8.0.176 choice=RW64C8.0.176.c1 (Forest)
[07:22:35] [P1D] tap land for mana used_for=any
[07:22:35] [P1D] submitting interaction iid=RW64C8.0.177 choice=RW64C8.0.177.c1 (Forest)
[07:22:35] [P1D] tap land for mana used_for=any
[07:22:35] [P1D] submitting interaction iid=RW64C8.0.178 choice=RW64C8.0.178.c1 (Forest)
[07:22:36] [P1D] playing land forest
[07:22:36] [P1D] tap land for mana used_for=any
[07:22:36] [P1D] submitting interaction iid=RW64C8.0.184 choice=RW64C8.0.184.c1 (Forest)
[07:22:38] [D] playing land forest
[07:22:41] [P1D] tap land for mana used_for=any
[07:22:41] [P1D] submitting interaction iid=RW64C8.0.210 choice=RW64C8.0.210.c1 (Forest)
[07:22:41] [P1D] tap land for mana used_for=any
[07:22:41] [P1D] submitting interaction iid=RW64C8.0.211 choice=RW64C8.0.211.c1 (Forest)
[07:22:41] [P1D] tap land for mana used_for=any
[07:22:41] [P1D] submitting interaction iid=RW64C8.0.212 choice=RW64C8.0.212.c1 (Forest)
[07:22:41] [P1D] tap land for mana used_for=any
[07:22:41] [P1D] submitting interaction iid=RW64C8.0.213 choice=RW64C8.0.213.c1 (Forest)
[07:22:42] [P1D] tap land for mana used_for=any
[07:22:42] [P1D] submitting interaction iid=RW64C8.0.214 choice=RW64C8.0.214.c1 (Forest)
[07:22:42] [P1D] tap land for mana used_for=any
[07:22:42] [P1D] submitting interaction iid=RW64C8.0.215 choice=RW64C8.0.215.c1 (Forest)
[07:22:43] [P1D] playing land forest
[07:22:43] [P1D] tap land for mana used_for=any
[07:22:43] [P1D] submitting interaction iid=RW64C8.0.221 choice=RW64C8.0.221.c1 (Forest)
[07:22:45] [D] playing land forest
[07:22:47] [P1D] tap land for mana used_for=any
[07:22:47] [P1D] submitting interaction iid=RW64C8.0.247 choice=RW64C8.0.247.c1 (Forest)
[07:22:47] [P1D] tap land for mana used_for=any
[07:22:47] [P1D] submitting interaction iid=RW64C8.0.248 choice=RW64C8.0.248.c1 (Forest)
[07:22:47] [P1D] tap land for mana used_for=any
[07:22:47] [P1D] submitting interaction iid=RW64C8.0.249 choice=RW64C8.0.249.c1 (Forest)
[07:22:47] [P1D] tap land for mana used_for=any
[07:22:47] [P1D] submitting interaction iid=RW64C8.0.250 choice=RW64C8.0.250.c1 (Forest)
[07:22:47] [P1D] tap land for mana used_for=any
[07:22:47] [P1D] submitting interaction iid=RW64C8.0.251 choice=RW64C8.0.251.c1 (Forest)
[07:22:48] [P1D] tap land for mana used_for=any
[07:22:48] [P1D] submitting interaction iid=RW64C8.0.252 choice=RW64C8.0.252.c1 (Forest)
[07:22:48] [P1D] tap land for mana used_for=any
[07:22:48] [P1D] submitting interaction iid=RW64C8.0.253 choice=RW64C8.0.253.c1 (Forest)
[07:22:48] [P1D] playing land forest
[07:22:49] [P1D] tap land for mana used_for=any
[07:22:49] [P1D] submitting interaction iid=RW64C8.0.259 choice=RW64C8.0.259.c1 (Forest)
[07:22:52] [P1D] tap land for mana used_for=any
[07:22:52] [P1D] submitting interaction iid=RW64C8.0.284 choice=RW64C8.0.284.c1 (Forest)
[07:22:53] [P1D] tap land for mana used_for=any
[07:22:53] [P1D] submitting interaction iid=RW64C8.0.285 choice=RW64C8.0.285.c1 (Forest)
[07:22:53] [P1D] tap land for mana used_for=any
[07:22:53] [P1D] submitting interaction iid=RW64C8.0.286 choice=RW64C8.0.286.c1 (Forest)
[07:22:53] [P1D] tap land for mana used_for=any
[07:22:53] [P1D] submitting interaction iid=RW64C8.0.287 choice=RW64C8.0.287.c1 (Forest)
[07:22:53] [P1D] tap land for mana used_for=any
[07:22:53] [P1D] submitting interaction iid=RW64C8.0.288 choice=RW64C8.0.288.c1 (Forest)
[07:22:53] [P1D] tap land for mana used_for=any
[07:22:53] [P1D] submitting interaction iid=RW64C8.0.289 choice=RW64C8.0.289.c1 (Forest)
[07:22:53] [P1D] tap land for mana used_for=any
[07:22:53] [P1D] submitting interaction iid=RW64C8.0.290 choice=RW64C8.0.290.c1 (Forest)
[07:22:53] [P1D] tap land for mana used_for=any
[07:22:53] [P1D] submitting interaction iid=RW64C8.0.291 choice=RW64C8.0.291.c1 (Forest)
[07:22:54] [P1D] playing land forest
[07:22:54] [P1D] tap land for mana used_for=any
[07:22:54] [P1D] submitting interaction iid=RW64C8.0.297 choice=RW64C8.0.297.c1 (Forest)
[07:22:58] [D] P0 casts memnite (oid 36) needs={'generic': 0}
[07:22:59] [D] setup complete -> assert phase
[07:22:59] [D] exported pre_D.json
[07:22:59] [D] PRE exported; setup ready (turn 18)
[07:23:01] [P1D] tap land for mana used_for=any
[07:23:01] [P1D] submitting interaction iid=RW64C8.0.325 choice=RW64C8.0.325.c1 (Forest)
[07:23:01] [P1D] tap land for mana used_for=any
[07:23:01] [P1D] submitting interaction iid=RW64C8.0.326 choice=RW64C8.0.326.c1 (Forest)
[07:23:01] [P1D] tap land for mana used_for=any
[07:23:01] [P1D] submitting interaction iid=RW64C8.0.327 choice=RW64C8.0.327.c1 (Forest)
[07:23:01] [P1D] tap land for mana used_for=any
[07:23:01] [P1D] submitting interaction iid=RW64C8.0.328 choice=RW64C8.0.328.c1 (Forest)
[07:23:01] [P1D] tap land for mana used_for=any
[07:23:01] [P1D] submitting interaction iid=RW64C8.0.329 choice=RW64C8.0.329.c1 (Forest)
[07:23:01] [P1D] tap land for mana used_for=any
[07:23:01] [P1D] submitting interaction iid=RW64C8.0.330 choice=RW64C8.0.330.c1 (Forest)
[07:23:01] [P1D] tap land for mana used_for=any
[07:23:01] [P1D] submitting interaction iid=RW64C8.0.331 choice=RW64C8.0.331.c1 (Forest)
[07:23:02] [P1D] tap land for mana used_for=any
[07:23:02] [P1D] submitting interaction iid=RW64C8.0.332 choice=RW64C8.0.332.c1 (Forest)
[07:23:02] [P1D] tap land for mana used_for=any
[07:23:02] [P1D] submitting interaction iid=RW64C8.0.333 choice=RW64C8.0.333.c1 (Forest)
[07:23:02] [P1D] playing land forest
[07:23:03] [P1D] tap land for mana used_for=any
[07:23:03] [P1D] submitting interaction iid=RW64C8.0.339 choice=RW64C8.0.339.c1 (Forest)
[07:23:05] [D] gate assertion A5a_gate_offers_2: offered_seen=True want_offered=True -> passed (obs=4)
[07:23:05] [D] -> act phase
[07:23:05] [D] activating krark-clan ironworks via ActivateAbility legal_action
[07:23:06] [D] submitting interaction iid=RW64C8.0.355 choice=RW64C8.0.355.s1 (Memnite)
[07:23:06] [D] sacrificed for krark-clan ironworks (#1): Memnite
[07:23:12] [D] casting steel overseer
[07:23:13] [D] tap land for mana used_for=generic
[07:23:13] [D] submitting interaction iid=RW64C8.0.357 choice=RW64C8.0.357.c2 (Forest)
[07:23:13] [D] tap land for mana used_for=generic
[07:23:13] [D] submitting interaction iid=RW64C8.0.358 choice=RW64C8.0.358.c2 (Forest)
[07:23:13] [D] A5b: Overseer on battlefield; Memnite in gy=True -> passed
[07:23:13] [D] exported post_D.json
[07:23:13] [D] POST exported
[07:23:14] VERDICT: reproduced
