[15:46:13] ServerHello: version=0.103.0 build=ec27a8d protocol=106 mode=Full
[15:46:13] data-level: squee oracle ok=True effects=[{'kind': 'Spell', 'type': 'Unimplemented', 'name': 'static_structure', 'description': 'Static pattern matched but line failed static parser: You may cast this card from your graveyard or from exile.'}]
[15:46:13] P0 creating game...
[15:46:14] P1 joining...
[15:46:14] game EHUGW7; P0 seat=0 P1 seat=1
[15:46:14] [P0] keep 7: ['squee, the immortal', 'mountain', 'squee, the immortal', 'forest', 'forest', 'forest', 'mountain']
[15:46:14] [P1] keep 7: ['mountain', 'forest', 'forest', 'forest', 'forest', 'forest', 'forest']
[15:46:15] [P0] playing land mountain
[15:46:19] [P1] playing land mountain
[15:46:23] [P0] playing land mountain
[15:46:27] [P1] playing land forest
[15:46:31] [P0] playing land forest
[15:46:35] [P1] playing land forest
[15:46:38] [P0] playing land forest
[15:46:42] [P1] playing land forest
[15:46:46] [P0] playing land forest
[15:46:50] [P1] playing land forest
[15:46:54] [P0] playing land forest
[15:46:57] [P1] playing land forest
[15:47:01] [P0] playing land forest
[15:47:05] [P1] playing land forest
[15:47:09] [P0] playing land mountain
[15:47:12] [P1] playing land forest
[15:47:14] DIAG P0: rev=237 turn=16 phase=EndCombat prio=True decision=False stage=SETUP step=0 exile_sq=0 gy_sq=0 untapped=8
[15:47:16] [P0] playing land mountain
[15:47:21] [P1] playing land forest
[15:47:24] [P0] playing land mountain
[15:47:30] [P1] playing land forest
[15:47:37] [P1] playing land forest
[15:47:41] [P0] playing land forest
[15:47:45] [P1] playing land mountain
[15:47:51] [P0] discards 1: ['scavenging ooze']
[15:47:52] [P1] playing land forest
[15:47:59] [P0] discards 1: ['scavenging ooze']
[15:48:00] [P1] playing land mountain
[15:48:04] [P0] playing land forest
[15:48:08] [P1] playing land mountain
[15:48:11] [P0] playing land mountain
[15:48:14] DIAG P0: rev=466 turn=32 phase=Upkeep prio=False decision=False stage=SETUP step=0 exile_sq=0 gy_sq=0 untapped=13
[15:48:15] [P1] playing land mountain
[15:48:20] [P0] playing land mountain
[15:48:24] [P1] playing land forest
[15:48:30] [P0] discards 1: ['squee, the immortal']
[15:48:31] [P1] playing land forest
[15:48:35] [P0] playing land forest
[15:48:39] [P1] playing land mountain
[15:48:43] [P0] playing land forest
[15:48:46] [P1] playing land mountain
[15:48:50] [P0] playing land mountain
[15:48:54] [P1] playing land mountain
[15:48:58] [P0] playing land forest
[15:49:02] [P1] playing land forest
[15:49:06] [P0] playing land forest
[15:49:09] [P1] playing land forest
[15:49:14] DIAG P0: rev=697 turn=47 phase=BeginCombat prio=True decision=False stage=SETUP step=0 exile_sq=0 gy_sq=1 untapped=19
[15:49:16] [P0] discards 1: ['squee, the immortal']
[15:49:18] [P1] playing land mountain
[15:49:21] [P0] casts Faithless Looting (oid 7)
[15:49:22] [P0] tap land for mana used_for=R
[15:49:22] [P0] submitting interaction iid=EHUGW7.0.726 choice=EHUGW7.0.726.c1 (Mountain)
[15:49:22] [P0] Looting discards 2 Squees ['43', '60']
[15:49:22] Looting resolved (discard done)
[15:49:23] [P0] playing land mountain
[15:49:27] [P1] playing land mountain
[15:49:30] [P0] playing land mountain
[15:49:31] [P0] casts Scavenging Ooze (oid 34)
[15:49:31] [P0] tap land for mana used_for=G
[15:49:31] [P0] submitting interaction iid=EHUGW7.0.762 choice=EHUGW7.0.762.c3 (Forest)
[15:49:31] [P0] tap land for mana used_for=generic
[15:49:31] [P0] submitting interaction iid=EHUGW7.0.763 choice=EHUGW7.0.763.c1 (Mountain)
[15:49:32] [P0] activates Scavenging Ooze (advertised action)
[15:49:32] [P0] Ooze exiles Squee 23 (choice EHUGW7.0.767.t2)
[15:49:33] [P0] tap land for mana used_for=G
[15:49:33] [P0] submitting interaction iid=EHUGW7.0.768 choice=EHUGW7.0.768.c4 (Forest)
[15:49:33] Ooze exile done: Squee 23 now in Exile
[15:49:34] exported pre.json
[15:49:34] === stage -> MAIN (exile=1 gy=3 untapped=16) ===
[15:49:34] EXILE menu: 0 castSpell choices: []
[15:49:34] EXILE menu: 0 castSpell choices: []
[15:49:39] EXILE menu: 0 castSpell choices: []
[15:49:44] EXILE menu: 0 castSpell choices: []
[15:49:49] EXILE menu: 0 castSpell choices: []
[15:49:54] EXILE menu: 0 castSpell choices: []
[15:49:54] EXILE menu: no castSpell choice for the exiled Squee after 20s; concluding not offered
[15:49:54] EXILE cast: oid=23 offered=False (none)
[15:49:54] [P06861] ActionRejected: {"rejection": {"code": "invalid_action", "disposition": "invalid", "message": "That action is not valid in the current game state.", "related_object_ids": [23]}}
[15:49:54] [P0] cast EXILE rejected
[15:49:59] exported post_exile.json
[15:49:59] === EXILE cast rejected -> GY control (step 2) ===
[15:50:04] GY menu: 0 castSpell choices: []
[15:50:09] GY menu: 0 castSpell choices: []
[15:50:14] GY menu: 0 castSpell choices: []
[15:50:14] DIAG P0: rev=773 turn=51 phase=BeginCombat prio=True decision=False stage=MAIN step=2 exile_sq=1 gy_sq=3 untapped=16
[15:50:19] GY menu: 0 castSpell choices: []
[15:50:24] GY menu: 0 castSpell choices: []
[15:50:24] GY menu: no castSpell choice for the gy Squee after 20s; concluding not offered
[15:50:24] GY control cast: oid=43 offered=False (none)
[15:50:24] GY control: no advertised CastSpell; attempting raw action
[15:50:24] [P06861] ActionRejected: {"rejection": {"code": "invalid_action", "disposition": "invalid", "message": "That action is not valid in the current game state.", "related_object_ids": [43]}}
[15:50:24] [P0] cast GYCTL rejected
[15:50:29] exported post_gy.json
[15:50:29] === GY cast rejected; finishing ===
[15:50:29] A1_setup_ok: passed
[15:50:29] A2_exile_cast_offered: failed
[15:50:29] A3_exile_cast_completes: failed
[15:50:29] A4_gy_cast_completes: failed
[15:50:29] A5_cleanup: passed
[15:50:30] DONE verdict=reproduced assertions={"A1_setup_ok": "passed", "A2_exile_cast_offered": "failed", "A3_exile_cast_completes": "failed", "A4_gy_cast_completes": "failed", "A5_cleanup": "passed"}
[15:50:30] rendered /home/hatch/workspace/dev/phase-backfill/evidence/6861/20261007-6861/summary.png
[15:50:30] copied driver into evidence dir
[15:50:30] wrote manifest.sha256 (13 files)
