[08:50:07] === scenario_9295 run 20261006-9295 ===
[08:50:08] ServerHello: version=0.102.0 build=e17f6fd protocol=106
[08:50:08] A1 data check [war_is_draw_replacement]: OK
[08:50:08] A1 data check [war_deals_2_any]: OK
[08:50:08] A1 data check [war_no_target_prompt]: OK
[08:50:08] A1 data check [wind_unparsed]: OK
[08:50:08] A1 data check [waste_unparsed]: OK
[08:50:08] P0 hello done; P1 hello done
[08:50:08] === leg war attempt 1 ===
[08:50:08] game created: code=TSWUGS
[08:50:09] P1 joined: {"state_revision": 2, "state": {"turn_number": 1, "active_player": 1, "phase": "Untap", "players": [{"id": 0, "life": 20
[08:50:09] [P1] keep 7
[08:50:09] [P0] keep 7
[08:50:11] [P1] playing land plains
[08:50:16] [P0] starting P0 turn #1 (game turn 2)
[08:50:18] [P0] playing land mountain
[08:50:26] [P1] playing land plains
[08:50:32] [P0] starting P0 turn #2 (game turn 4)
[08:50:34] [P0] playing land mountain
[08:50:41] [P1] playing land plains
[08:50:47] [P0] starting P0 turn #3 (game turn 6)
[08:50:49] [P0] playing land mountain
[08:50:56] [P1] playing land plains
[08:51:02] [P0] starting P0 turn #4 (game turn 8)
[08:51:04] [P0] playing land mountain
[08:51:12] [P1] playing land plains
[08:51:18] [P0] starting P0 turn #5 (game turn 10)
[08:51:20] [P0] playing land mountain
[08:51:27] [P1] playing land plains
[08:51:33] [P0] starting P0 turn #6 (game turn 12)
[08:51:35] [P0] playing land mountain
[08:51:42] [P1] playing land plains
[08:51:48] [P0] starting P0 turn #7 (game turn 14)
[08:51:50] [P0] playing land mountain
[08:51:58] [P1] playing land plains
[08:52:04] [P0] starting P0 turn #8 (game turn 16)
[08:52:06] [P0] playing land mountain
[08:52:13] [P1] playing land plains
[08:52:19] [P0] starting P0 turn #9 (game turn 18)
[08:52:21] [P0] playing land mountain
[08:52:29] [P1] playing land plains
[08:52:34] [P0] starting P0 turn #10 (game turn 20)
[08:52:36] [P0] playing land mountain
[08:52:37] [P0] casting words of war (oid 2)
[08:52:37] [P0] tap land for mana used_for=R needs={'R': 0, 'generic': 2}
[08:52:37] [P0] vi submit iid=TSWUGS.0.293 choice=TSWUGS.0.293.c1 (Mountain)
[08:52:38] [P0] tap land for mana used_for=generic needs={'R': 0, 'generic': 1}
[08:52:38] [P0] vi submit iid=TSWUGS.0.294 choice=TSWUGS.0.294.c1 (Mountain)
[08:52:38] [P0] tap land for mana used_for=generic needs={'R': 0, 'generic': 0}
[08:52:38] [P0] vi submit iid=TSWUGS.0.295 choice=TSWUGS.0.295.c1 (Mountain)
[08:52:40] [P0] words of war on battlefield (oid 2)
[08:52:47] [P1] playing land plains
[08:52:53] [P0] starting P0 turn #11 (game turn 22)
[08:52:53] [P0] activating words of war {1} via ActivateAbility legal_action (holding priority)
[08:52:54] [P0] tap land for mana used_for=generic needs={'generic': 0}
[08:52:54] [P0] vi submit iid=TSWUGS.0.324 choice=TSWUGS.0.324.c2 (Mountain)
[08:52:54] [P0] words of war ability on the stack
[08:52:55] exported pre.json
[08:52:55] [P0] pre.json exported in Upkeep (activation resolved)
[08:52:57] [P0] Draw phase reached (active P0)
[08:52:58] exported post.json
[08:52:58] [P0] post.json exported -- leg drive complete
[08:52:58] attempt 1 finished: phase=done
[08:52:58] war leg checks: {"pre_exported": true, "post_exported": true, "activation_submitted": true, "draw_seen": true, "pre_hand": 6, "post_hand": 6, "pre_p1_life": 20, "post_p1_life": 20, "target_prompt_seen": false, "target_answered": false, "replacement_choice_seen": false, "replacement_applied": false, "activation_window_opps": 2, "window_target_opps": 0}
[08:52:58] war leg done=True
[08:52:58] P0 hello done; P1 hello done
[08:52:58] === leg wind attempt 1 ===
[08:52:58] game created: code=AC6WA0
[08:52:59] P1 joined: {"state_revision": 2, "state": {"turn_number": 1, "active_player": 1, "phase": "Untap", "players": [{"id": 0, "life": 20
[08:52:59] [P1] keep 7
[08:52:59] [P0] keep 7
[08:53:01] [P1] playing land plains
[08:53:06] [P0] starting P0 turn #1 (game turn 2)
[08:53:08] [P0] playing land island
[08:53:16] [P1] playing land plains
[08:53:21] [P0] starting P0 turn #2 (game turn 4)
[08:53:23] [P0] playing land island
[08:53:31] [P1] playing land plains
[08:53:36] [P0] starting P0 turn #3 (game turn 6)
[08:53:38] [P0] playing land island
[08:53:39] [P0] casting words of wind (oid 9)
[08:53:40] [P0] words of wind on battlefield (oid 9)
[08:53:47] [P1] playing land plains
[08:53:53] [P0] starting P0 turn #4 (game turn 8)
[08:53:53] [P0] activating words of wind {1} via ActivateAbility legal_action (holding priority)
[08:53:53] [P0] tap land for mana used_for=generic needs={'generic': 0}
[08:53:53] [P0] vi submit iid=AC6WA0.0.111 choice=AC6WA0.0.111.c2 (Island)
[08:53:54] [P0] words of wind ability on the stack
[08:53:55] exported pre2.json
[08:53:55] [P0] pre2.json exported in Upkeep (activation resolved)
[08:53:56] [P0] Draw phase reached (active P0)
[08:53:57] exported post2.json
[08:53:57] [P0] post2.json exported -- leg drive complete
[08:53:58] attempt 1 finished: phase=done
[08:53:58] wind leg checks: {"pre_exported": true, "post_exported": true, "ability_offered": true, "activation_submitted": true, "draw_seen": true, "pre_hand": 6, "post_hand": 7}
[08:53:58] wind leg done=True
[08:53:58] ASSERTIONS: {'A1_data': 'passed', 'A2_no_target_prompt': 'passed', 'A3_draw_replaced': 'passed', 'A4_no_damage': 'passed', 'A5_wind_draw_normal': 'passed'}
[08:53:58] VERDICT: reproduced
[08:53:58] wrote run.json (verdict=reproduced)
[08:53:58] wrote manifest.sha256 (9 files)
