[07:52:28] server identity hashes recomputed against on-disk pinned artifacts
[07:52:28] ServerHello: version=0.102.0 build=e17f6fd protocol=106 mode=Full
[07:52:28] data-level: parse_ok=True chain=[{"kind": "Activated", "effect": "ChangeZone", "cost": {"type": "Mana", "cost": {"type": "Cost", "shards": ["Red"], "generic": 0}}}, {"kind": "Spell", "effect": "GenericEffect", "cost": null}, {"kind": "Spell", "effect": "CreateDelayedTrigger", "cost": null}, {"delayed_condition": {"type": "AtNextPh
[07:52:29] connecting P1...
[07:52:30] game GW5465; P0 seat=0 P1 seat=1
[07:52:30] [6902] keep 7: ['grizzly bears', 'grizzly bears', 'mountain', 'sneak attack', 'mountain', 'mountain', 'mountain']
[07:52:30] [P16902] keep 7: ['mountain', 'mountain', 'mountain', 'mountain', 'mountain', 'mountain', 'mountain']
[07:52:31] [P16902] playing land mountain
[07:52:31] [P16902] tap land for mana used_for=any
[07:52:31] [P16902] submitting interaction iid=GW5465.0.7 choice=GW5465.0.7.c1 (Mountain)
[07:52:33] [6902] playing land mountain
[07:52:35] [P16902] tap land for mana used_for=any
[07:52:35] [P16902] submitting interaction iid=GW5465.0.33 choice=GW5465.0.33.c1 (Mountain)
[07:52:36] [P16902] playing land mountain
[07:52:36] [P16902] tap land for mana used_for=any
[07:52:36] [P16902] submitting interaction iid=GW5465.0.39 choice=GW5465.0.39.c1 (Mountain)
[07:52:39] [6902] playing land mountain
[07:52:41] [P16902] tap land for mana used_for=any
[07:52:41] [P16902] submitting interaction iid=GW5465.0.65 choice=GW5465.0.65.c1 (Mountain)
[07:52:41] [P16902] tap land for mana used_for=any
[07:52:41] [P16902] submitting interaction iid=GW5465.0.66 choice=GW5465.0.66.c1 (Mountain)
[07:52:42] [P16902] playing land mountain
[07:52:42] [P16902] tap land for mana used_for=any
[07:52:42] [P16902] submitting interaction iid=GW5465.0.72 choice=GW5465.0.72.c1 (Mountain)
[07:52:44] [6902] playing land mountain
[07:52:46] [P16902] tap land for mana used_for=any
[07:52:46] [P16902] submitting interaction iid=GW5465.0.98 choice=GW5465.0.98.c1 (Mountain)
[07:52:46] [P16902] tap land for mana used_for=any
[07:52:46] [P16902] submitting interaction iid=GW5465.0.99 choice=GW5465.0.99.c1 (Mountain)
[07:52:46] [P16902] tap land for mana used_for=any
[07:52:46] [P16902] submitting interaction iid=GW5465.0.100 choice=GW5465.0.100.c1 (Mountain)
[07:52:47] [P16902] playing land mountain
[07:52:47] [P16902] tap land for mana used_for=any
[07:52:47] [P16902] submitting interaction iid=GW5465.0.106 choice=GW5465.0.106.c1 (Mountain)
[07:52:51] [6902] playing land mountain
[07:52:52] [P16902] tap land for mana used_for=any
[07:52:52] [P16902] submitting interaction iid=GW5465.0.132 choice=GW5465.0.132.c1 (Mountain)
[07:52:52] [P16902] tap land for mana used_for=any
[07:52:52] [P16902] submitting interaction iid=GW5465.0.133 choice=GW5465.0.133.c1 (Mountain)
[07:52:53] [P16902] tap land for mana used_for=any
[07:52:53] [P16902] submitting interaction iid=GW5465.0.134 choice=GW5465.0.134.c1 (Mountain)
[07:52:53] [P16902] tap land for mana used_for=any
[07:52:53] [P16902] submitting interaction iid=GW5465.0.135 choice=GW5465.0.135.c1 (Mountain)
[07:52:53] [P16902] playing land mountain
[07:52:54] [P16902] tap land for mana used_for=any
[07:52:54] [P16902] submitting interaction iid=GW5465.0.141 choice=GW5465.0.141.c1 (Mountain)
[07:52:56] [6902] playing land mountain
[07:52:58] [P16902] tap land for mana used_for=any
[07:52:58] [P16902] submitting interaction iid=GW5465.0.167 choice=GW5465.0.167.c1 (Mountain)
[07:52:58] [P16902] tap land for mana used_for=any
[07:52:58] [P16902] submitting interaction iid=GW5465.0.168 choice=GW5465.0.168.c1 (Mountain)
[07:52:58] [P16902] tap land for mana used_for=any
[07:52:58] [P16902] submitting interaction iid=GW5465.0.169 choice=GW5465.0.169.c1 (Mountain)
[07:52:58] [P16902] tap land for mana used_for=any
[07:52:58] [P16902] submitting interaction iid=GW5465.0.170 choice=GW5465.0.170.c1 (Mountain)
[07:52:58] [P16902] tap land for mana used_for=any
[07:52:58] [P16902] submitting interaction iid=GW5465.0.171 choice=GW5465.0.171.c1 (Mountain)
[07:52:59] [P16902] playing land mountain
[07:52:59] [P16902] tap land for mana used_for=any
[07:52:59] [P16902] submitting interaction iid=GW5465.0.177 choice=GW5465.0.177.c1 (Mountain)
[07:53:01] [6902] playing land mountain
[07:53:01] [6902] casting Sneak Attack (oid 41)
[07:53:02] [6902] tap land for mana used_for=R
[07:53:02] [6902] submitting interaction iid=GW5465.0.194 choice=GW5465.0.194.c1 (Mountain)
[07:53:02] [6902] tap land for mana used_for=generic
[07:53:02] [6902] submitting interaction iid=GW5465.0.195 choice=GW5465.0.195.c1 (Mountain)
[07:53:05] [P16902] tap land for mana used_for=any
[07:53:05] [P16902] submitting interaction iid=GW5465.0.208 choice=GW5465.0.208.c1 (Mountain)
[07:53:05] [P16902] tap land for mana used_for=any
[07:53:05] [P16902] submitting interaction iid=GW5465.0.209 choice=GW5465.0.209.c1 (Mountain)
[07:53:05] [P16902] tap land for mana used_for=any
[07:53:05] [P16902] submitting interaction iid=GW5465.0.210 choice=GW5465.0.210.c1 (Mountain)
[07:53:05] [P16902] tap land for mana used_for=any
[07:53:05] [P16902] submitting interaction iid=GW5465.0.211 choice=GW5465.0.211.c1 (Mountain)
[07:53:05] [P16902] tap land for mana used_for=any
[07:53:05] [P16902] submitting interaction iid=GW5465.0.212 choice=GW5465.0.212.c1 (Mountain)
[07:53:06] [P16902] tap land for mana used_for=any
[07:53:06] [P16902] submitting interaction iid=GW5465.0.213 choice=GW5465.0.213.c1 (Mountain)
[07:53:06] [P16902] playing land mountain
[07:53:07] [P16902] tap land for mana used_for=any
[07:53:07] [P16902] submitting interaction iid=GW5465.0.219 choice=GW5465.0.219.c1 (Mountain)
[07:53:08] [6902] tap land for mana used_for=generic
[07:53:08] [6902] submitting interaction iid=GW5465.0.230 choice=GW5465.0.230.c2 (Mountain)
[07:53:08] [6902] tap land for mana used_for=generic
[07:53:08] [6902] submitting interaction iid=GW5465.0.231 choice=GW5465.0.231.c2 (Mountain)
[07:53:09] [6902] playing land mountain
[07:53:09] [6902] exported pre.json
[07:53:09] [6902] submitting ActivateAbility (ActivateAbility legal_action) holding priority
[07:53:10] [6902] tap land for mana used_for=R
[07:53:10] [6902] submitting interaction iid=GW5465.0.238 choice=GW5465.0.238.c2 (Mountain)
[07:53:10] [6902] no decideOptionalEffect opportunity; vi kind='choose' ops=1
[07:53:10] [6902] activation watch: stack=1 may_done=False vikind='choose' real_decision=False
[07:53:11] [6902] no decideOptionalEffect opportunity; vi kind='choose' ops=0
[07:53:11] [6902] accepting sneak may-choice (choice GW5465.0.241.c1)
[07:53:11] [6902] choosing bear for sneak (ref 4)
[07:53:12] [6902] bear 4 entered the battlefield
[07:53:12] [6902] leg-1 activation 1/2 -> bear 4
[07:53:12] [6902] submitting ActivateAbility (ActivateAbility legal_action) holding priority
[07:53:12] [6902] tap land for mana used_for=R
[07:53:12] [6902] submitting interaction iid=GW5465.0.244 choice=GW5465.0.244.c2 (Mountain)
[07:53:13] [6902] no decideOptionalEffect opportunity; vi kind='choose' ops=1
[07:53:13] [6902] activation watch: stack=1 may_done=False vikind='choose' real_decision=False
[07:53:13] [6902] no decideOptionalEffect opportunity; vi kind='choose' ops=0
[07:53:14] [6902] accepting sneak may-choice (choice GW5465.0.247.c1)
[07:53:14] [6902] choosing bear for sneak (ref 26)
[07:53:14] [6902] bear 26 entered the battlefield
[07:53:14] [6902] leg-1 activation 2/2 -> bear 26
[07:53:16] [6902] answering trigger ordering (2 triggers)
[07:53:16] [6902] exported pre_end.json
[07:53:16] [6902] pre_end exported: triggers on stack = 2
[07:53:16] [6902] exported mid_end.json
[07:53:16] [6902] leg-1 end step: sacrifice triggers on stack = 2 (after 0.0s)
[07:53:17] [P16902] tap land for mana used_for=any
[07:53:17] [P16902] submitting interaction iid=GW5465.0.265 choice=GW5465.0.265.c1 (Mountain)
[07:53:17] [P16902] tap land for mana used_for=any
[07:53:17] [P16902] submitting interaction iid=GW5465.0.266 choice=GW5465.0.266.c1 (Mountain)
[07:53:17] [P16902] tap land for mana used_for=any
[07:53:17] [P16902] submitting interaction iid=GW5465.0.267 choice=GW5465.0.267.c1 (Mountain)
[07:53:18] [P16902] tap land for mana used_for=any
[07:53:18] [P16902] submitting interaction iid=GW5465.0.268 choice=GW5465.0.268.c1 (Mountain)
[07:53:18] [P16902] tap land for mana used_for=any
[07:53:18] [P16902] submitting interaction iid=GW5465.0.269 choice=GW5465.0.269.c1 (Mountain)
[07:53:18] [P16902] tap land for mana used_for=any
[07:53:18] [P16902] submitting interaction iid=GW5465.0.270 choice=GW5465.0.270.c1 (Mountain)
[07:53:18] [P16902] tap land for mana used_for=any
[07:53:18] [P16902] submitting interaction iid=GW5465.0.271 choice=GW5465.0.271.c1 (Mountain)
[07:53:19] [P16902] playing land mountain
[07:53:19] [P16902] tap land for mana used_for=any
[07:53:19] [P16902] submitting interaction iid=GW5465.0.277 choice=GW5465.0.277.c1 (Mountain)
[07:53:23] [6902] exported post1.json
[07:53:23] [6902] leg-1 end step resolved; post1 exported
[07:53:23] [P16902] tap land for mana used_for=any
[07:53:23] [P16902] submitting interaction iid=GW5465.0.302 choice=GW5465.0.302.c1 (Mountain)
[07:53:24] [P16902] tap land for mana used_for=any
[07:53:24] [P16902] submitting interaction iid=GW5465.0.303 choice=GW5465.0.303.c1 (Mountain)
[07:53:24] [P16902] tap land for mana used_for=any
[07:53:24] [P16902] submitting interaction iid=GW5465.0.304 choice=GW5465.0.304.c1 (Mountain)
[07:53:24] [P16902] tap land for mana used_for=any
[07:53:24] [P16902] submitting interaction iid=GW5465.0.305 choice=GW5465.0.305.c1 (Mountain)
[07:53:24] [P16902] tap land for mana used_for=any
[07:53:24] [P16902] submitting interaction iid=GW5465.0.306 choice=GW5465.0.306.c1 (Mountain)
[07:53:25] [P16902] tap land for mana used_for=any
[07:53:25] [P16902] submitting interaction iid=GW5465.0.307 choice=GW5465.0.307.c1 (Mountain)
[07:53:25] [P16902] tap land for mana used_for=any
[07:53:25] [P16902] submitting interaction iid=GW5465.0.308 choice=GW5465.0.308.c1 (Mountain)
[07:53:25] [P16902] tap land for mana used_for=any
[07:53:25] [P16902] submitting interaction iid=GW5465.0.309 choice=GW5465.0.309.c1 (Mountain)
[07:53:27] [P16902] playing land mountain
[07:53:27] [P16902] tap land for mana used_for=any
[07:53:27] [P16902] submitting interaction iid=GW5465.0.315 choice=GW5465.0.315.c1 (Mountain)
[07:53:29] [6902] playing land mountain
[07:53:30] [6902] DIAG rev=335 turn=18 phase=EndCombat act=0 stack=0 g6902={'joined': True, 'cast_sneak': True, 'sneak_oid': '41', 'leg1_activations': 2, 'leg1_bears': ['4', '26'], 'leg1_bears_entered': ['4', '26'], 'leg1_turn': 14, 'leg1_end_start': 1791291196.5705707, 'leg1_end_done': True, 'pre1_exported': True, 'endstep_snaps': [{'rev': 259, 'trig_ids': [123, 124], 'stack_len': 2}, {'rev': 260, 'trig_ids': [123, 124], 'stack_len': 2}, {'rev': 261, 'trig_ids': [123], 'stack_len': 1}, {'rev': 262, 'trig_ids': [123], 'stack_len': 1}, {'rev': 263, 'trig_ids': [], 'stack_len': 0}, {'rev': 264, 'trig_ids': [], 'stack_len': 0}, {'rev': 300, 'trig_ids': [], 'stack_len': 0}], 'mid1_exported': True, 'post1_exported': True, 'trig_records': [{'id': 123, 'text': ''}, {'id': 124, 'text': ''}], 'leg2_activated': False, 'leg2_turn': None, 'leg2_bear': None, 'mid2_exported': False, 'post2_pre_exported': False, 'post2_exported': False, 'stop': False}
[07:53:31] [6902] submitting ActivateAbility (ActivateAbility legal_action) holding priority
[07:53:31] [6902] tap land for mana used_for=R
[07:53:31] [6902] submitting interaction iid=GW5465.0.340 choice=GW5465.0.340.c2 (Mountain)
[07:53:32] [6902] no decideOptionalEffect opportunity; vi kind='choose' ops=1
[07:53:32] [6902] activation watch: stack=1 may_done=False vikind='choose' real_decision=False
[07:53:32] [6902] no decideOptionalEffect opportunity; vi kind='choose' ops=0
[07:53:32] [6902] accepting sneak may-choice (choice GW5465.0.343.c1)
[07:53:33] [6902] bear 52 entered the battlefield (detected by battlefield diff)
[07:53:33] [6902] leg-2 activation during end step -> bear 52
[07:53:33] [6902] exported mid2_end.json
[07:53:33] [6902] exported post2_pre.json
[07:53:33] [6902] post2_pre exported (P1 turn start)
[07:53:33] [P16902] tap land for mana used_for=any
[07:53:33] [P16902] submitting interaction iid=GW5465.0.346 choice=GW5465.0.346.c1 (Mountain)
[07:53:33] [P16902] tap land for mana used_for=any
[07:53:33] [P16902] submitting interaction iid=GW5465.0.347 choice=GW5465.0.347.c1 (Mountain)
[07:53:34] [P16902] tap land for mana used_for=any
[07:53:34] [P16902] submitting interaction iid=GW5465.0.348 choice=GW5465.0.348.c1 (Mountain)
[07:53:34] [P16902] tap land for mana used_for=any
[07:53:34] [P16902] submitting interaction iid=GW5465.0.349 choice=GW5465.0.349.c1 (Mountain)
[07:53:34] [P16902] tap land for mana used_for=any
[07:53:34] [P16902] submitting interaction iid=GW5465.0.350 choice=GW5465.0.350.c1 (Mountain)
[07:53:34] [P16902] tap land for mana used_for=any
[07:53:34] [P16902] submitting interaction iid=GW5465.0.351 choice=GW5465.0.351.c1 (Mountain)
[07:53:34] [P16902] tap land for mana used_for=any
[07:53:34] [P16902] submitting interaction iid=GW5465.0.352 choice=GW5465.0.352.c1 (Mountain)
[07:53:34] [P16902] tap land for mana used_for=any
[07:53:34] [P16902] submitting interaction iid=GW5465.0.353 choice=GW5465.0.353.c1 (Mountain)
[07:53:34] [P16902] tap land for mana used_for=any
[07:53:34] [P16902] submitting interaction iid=GW5465.0.354 choice=GW5465.0.354.c1 (Mountain)
[07:53:35] [P16902] playing land mountain
[07:53:35] [P16902] tap land for mana used_for=any
[07:53:35] [P16902] submitting interaction iid=GW5465.0.360 choice=GW5465.0.360.c1 (Mountain)
[07:53:37] [6902] exported post2.json
[07:53:37] [6902] leg 2 complete; stopping
[07:53:38] server excerpts: 752 lines for game GW5465
[07:53:38] VERDICT: not-reproduced
