server identity hashes verified against on-disk pinned artifacts
connecting P1...
game O4RBQ9 mode=accept; P0 seat=0 P1 seat=1
[P0] mulligan keep
[P1] mulligan keep
P0 casts Chaos Wand
exporting PRE_ACTIVATION state
ACTIVATING CHAOS WAND (id 3) via advertised ActivateAbility
submitting ActivateAbility {"source_id": 3, "ability_index": 0}
exporting POST_EXILE checkpoint
P0 submitting accept: choice id=O4RBQ9.0.343.c1
TargetSelection pending; exporting PRE_TARGET checkpoint
target interaction= {"waitingForKind": {"simultaneous": null, "terminal": false, "code": "sequence"}, "authorizedSubmitters": [0], "canSubmit": true, "autoPassRecommended": false, "opportunities": [{"interactionId": "O4RBQ9.0.344", "response": {"type": "schema", "data": {"spec": {"type": "sequence", "data": {"min": 1, "max": 1, "unique": true, "includeAll": false, "engineValidated": false, "escape": null, "confirm": "explicit"}}, "candidates": [{"id": "O4RBQ9.0.344.t0", "surfaces": [{"type": "summary", "data": {"code": "candidate"}}, {"type": "player", "data": {"role": "candidate", "index": null, "seat": 0}}], "status": {"type": "available"}}, {"id": "O4RBQ9.0.344.t1", "surfaces": [{"type": "summary", "data": {"code": "candidate"}}, {"type": "player", "data": {"role": "candidate", "index": null, "seat": 1}}], "status": {"type": "available"}}]}}, "surfaces": [{"type": "summary", "data": {"code": "decision"}}, {"type": "selection", "data": {"intent": "damage", "constraint": {"type": "count", "data": {"min": 1, "max": 1}}, "confirm": "explicit"}}], "progress": {"selected": 0, "minimum": 1, "maximum": 1, "aggregate": null, "confirmable": false}}], "attachmentFans": {}, "attachmentViews": {}, "availability": {"type": "inputRequired"}}
candidate lists found: [["vi/opportunities[0]/response/data/candidates", [{"id": "O4RBQ9.0.344.t0", "label": "None"}, {"id": "O4RBQ9.0.344.t1", "label": "None"}]]]
submitting advertised target: id=O4RBQ9.0.344.t1 kind=sequence
REJECTION: {"type": "ActionRejected", "data": {"rejection": {"code": "action_not_allowed", "disposition": "unavailable", "message": "That action is not allowed right now.", "related_object_ids": []}}}
exporting POST_FAILURE state
connecting P1...
game 7N2Y1A mode=decline; P0 seat=0 P1 seat=1
[P0] mulligan keep
[P1] mulligan keep
P0 casts Chaos Wand
exporting PRE_ACTIVATION state
ACTIVATING CHAOS WAND (id 30) via advertised ActivateAbility
submitting ActivateAbility {"source_id": 30, "ability_index": 0}
[P1] discarding to hand size: Island (oid 65) via SelectCards action
[P0] discarding to hand size: Island (oid 43) via SelectCards action
[P1] discarding to hand size: Island (oid 61) via SelectCards action
[P0] discarding to hand size: Island (oid 28) via SelectCards action
[P1] discarding to hand size: Island (oid 85) via SelectCards action
[P0] discarding to hand size: Island (oid 50) via SelectCards action
[P1] discarding to hand size: Island (oid 104) via SelectCards action
[P0] discarding to hand size: Island (oid 9) via SelectCards action
[P1] discarding to hand size: Island (oid 105) via SelectCards action
[P0] discarding to hand size: Island (oid 46) via SelectCards action
[P1] discarding to hand size: Island (oid 107) via SelectCards action
[P0] discarding to hand size: Island (oid 42) via SelectCards action
[P1] discarding to hand size: Island (oid 109) via SelectCards action
[P0] discarding to hand size: Island (oid 37) via SelectCards action
[P1] discarding to hand size: Island (oid 77) via SelectCards action
[P0] discarding to hand size: Island (oid 6) via SelectCards action
[P1] discarding to hand size: Island (oid 78) via SelectCards action
[P0] discarding to hand size: Island (oid 15) via SelectCards action
[P1] discarding to hand size: Island (oid 75) via SelectCards action
[P0] discarding to hand size: Island (oid 38) via SelectCards action
[P1] discarding to hand size: Island (oid 90) via SelectCards action
[P0] discarding to hand size: Island (oid 33) via SelectCards action
[P1] discarding to hand size: Island (oid 81) via SelectCards action
[P0] discarding to hand size: Island (oid 31) via SelectCards action
[P0] discarding to hand size: Island (oid 31) via SelectCards action
[P1] discarding to hand size: Island (oid 83) via SelectCards action
[P0] discarding to hand size: Island (oid 49) via SelectCards action
[P1] discarding to hand size: Island (oid 82) via SelectCards action
[P0] discarding to hand size: Island (oid 5) via SelectCards action
[P1] discarding to hand size: Island (oid 97) via SelectCards action
[P0] discarding to hand size: Island (oid 3) via SelectCards action
[P0] discarding to hand size: Island (oid 3) via SelectCards action
[P1] discarding to hand size: Island (oid 106) via SelectCards action
TIMEOUT in settle_gated: exile resolution
