[18:44:43] server identity hashes verified against on-disk pinned artifacts
[18:44:47] ServerHello: version=0.103.0 build=ec27a8d protocol=106 mode=Full
[18:44:47] data-level: trigger mode=Taps constraint=None condition=None effect=PutCounter+Draw
[18:44:47] data-level: structured teamwork qualifier present=False (description mentions teamwork=True)
[18:44:48] P0 creating game...
[18:44:48] P1 joining...
[18:44:48] game 140QT0; P0 seat=0 P1 seat=1
[18:44:48] [P0] mulligan -> Mulligan (hand=['forest', 'plains', 'grizzly bears', 'plains', 'forest', 'beast mode', 'plains'])
[18:44:48] [P1] mulligan -> Keep (hand=['plains', 'plains', 'plains', 'plains', 'plains', 'plains', 'plains'])
[18:44:48] [P0] mulligan -> Keep (hand=['forest', 'plains', 'agent maria hill', 'beast mode', 'plains', 'beast mode', 'plains'])
[18:44:49] [P0] bottoms 1
[18:44:49] [P1] playing land plains
[18:44:53] [P0] playing land forest
[18:44:57] [P1] playing land plains
[18:45:02] [P0] playing land plains
[18:45:02] [P0] casts Agent Maria Hill (12)
[18:45:07] [P1] playing land plains
[18:45:10] [P0] playing land plains
[18:45:12] [P0] declare no attackers
[18:45:14] [P1] playing land plains
[18:45:18] [P0] playing land forest
[18:45:19] [P0] declare no attackers
[18:45:22] [P1] playing land plains
[18:45:26] [P0] playing land plains
[18:45:27] [P0] declare no attackers
[18:45:30] [P1] playing land plains
[18:45:34] [P0] playing land plains
[18:45:35] [P0] declare no attackers
[18:45:38] [P1] playing land plains
[18:45:42] [P0] playing land forest
[18:45:43] [P0] declare no attackers
[18:45:46] [P1] playing land plains
[18:45:49] [P0] playing land forest
[18:45:50] [P0] casts Grizzly Bears (20)
[18:45:50] === stage -> TEAMWORK (turn 16) ===
[18:45:51] exported pre_teamwork.json
[18:45:51] [P0] casts Beast Mode (49)
[18:45:51] [P0] creature-candidate prompt (kind=sequence rtype=schema): [('Agent Maria Hill', '12'), ('Grizzly Bears', '20')]
[18:45:51] [P0] Beast Mode targets Bears (ref=20)
[18:45:51] [P0] submitting interaction iid=140QT0.0.248 choice=140QT0.0.248.t1 (Grizzly Bears)
[18:45:52] [P0] teamwork OptionalCostChoice (kind=choose): ['', 'false', 'true']
[18:45:52] [P0] teamwork -> PAY (true)
[18:45:52] [P0] submitting interaction iid=140QT0.0.249 choice=140QT0.0.249.c2 (true)
[18:45:52] [P0] teamwork taps Hill ONLY (ref=12)
[18:45:52] [P0] submitting interaction iid=140QT0.0.250 choice=140QT0.0.250.s0 (Agent Maria Hill)
[18:45:52] Beast Mode on stack (target hint: Grizzly Bears)
[18:45:52] Hill trigger on stack
[18:45:53] stack empty after Beast Mode + Hill trigger; exporting post_teamwork
[18:45:53] exported post_teamwork.json
[18:45:53] === stage -> ATTACK ===
[18:45:57] [P1] playing land plains
[18:46:01] [P0] playing land forest
[18:46:02] [P0] declares attackers: Hill alone (turn 18)
[18:46:02] [P0] blind declare empty (106 shape)
[18:46:02] [P06876] ActionRejected: {"rejection": {"code": "action_not_allowed", "disposition": "unavailable", "message": "That action is not allowed right now.", "related_object_ids": []}}
[18:46:07] [P0] blind declare empty (106 shape)
[18:46:08] [P06876] ActionRejected: {"rejection": {"code": "wrong_player", "disposition": "unauthorized", "message": "That action belongs to a different player.", "related_object_ids": []}}
[18:46:08] [P0] blind declare empty (106 shape)
[18:46:08] [P06876] ActionRejected: {"rejection": {"code": "action_not_allowed", "disposition": "unavailable", "message": "That action is not allowed right now.", "related_object_ids": []}}
[18:46:13] [P0] blind declare empty (106 shape)
[18:46:13] [P06876] ActionRejected: {"rejection": {"code": "wrong_player", "disposition": "unauthorized", "message": "That action belongs to a different player.", "related_object_ids": []}}
[18:46:15] PostCombatMain on attack turn; exporting post_attack
[18:46:15] exported post_attack.json
[18:46:15] loop ended: stage=ATTACK elapsed=88s
[18:46:15] A1_setup_ok: passed
[18:46:15] A2_teamwork_cast: passed
[18:46:15] A3_teamwork_trigger_ok: passed
[18:46:15] A4_attack_no_trigger: failed
[18:46:15] A5_cleanup: passed
[18:46:15] verdict: reproduced
[18:46:15] DONE verdict=reproduced assertions={"A1_setup_ok": "passed", "A2_teamwork_cast": "passed", "A3_teamwork_trigger_ok": "passed", "A4_attack_no_trigger": "failed", "A5_cleanup": "passed"}
[18:46:16] rendered /home/hatch/workspace/dev/phase-backfill/evidence/6876/20261007-6876/summary.png
[18:46:16] copied driver into evidence dir
[18:46:16] manifest written (12 files)
