[20:58:06] server identity hashes recomputed against on-disk pinned artifacts
[20:58:06] ServerHello: version=0.102.0 build=e17f6fd protocol=106 mode=Full
[20:58:06] ===== game A =====
[20:58:06] game DMHW8C variant=A; P0 seat=0 P1 seat=1
[20:58:06] [A] keep 7: ['walking ballista', 'forest', 'forest', 'forest', 'forest', 'forest', 'forest']
[20:58:06] [A] keep 7: ['swamp', 'swamp', 'swamp', 'swamp', 'swamp', 'swamp', 'swamp']
[20:58:07] [A] playing land forest (legacy)
[20:58:07] [A] casting Walking Ballista (oid 42), X=0
[20:58:07] [A] Ballista X-choice -> X=0
[20:58:10] [A] playing land swamp (legacy)
[20:58:12] [A] playing land forest (legacy)
[20:58:14] [A] playing land swamp (legacy)
[20:58:17] [A] playing land forest (legacy)
[20:58:19] [A] playing land swamp (legacy)
[20:58:21] [A] playing land forest (legacy)
[20:58:24] [A] playing land swamp (legacy)
[20:58:26] [A] playing land forest (legacy)
[20:58:29] [A] playing land swamp (legacy)
[20:58:31] [A] playing land forest (legacy)
[20:58:33] [A] playing land swamp (legacy)
[20:58:36] [A] playing land forest (legacy)
[20:58:36] [A] casting Walking Ballista (oid 28), X=0
[20:58:36] [A] Ballista X-choice -> X=0
[20:58:39] [A] playing land swamp (legacy)
[20:58:42] [A] playing land forest (legacy)
[20:58:44] [A] playing land swamp (legacy)
[20:58:46] [A] playing land forest (legacy)
[20:58:49] [A] playing land swamp (legacy)
[20:58:51] [A] DIAG P0-A: rev=281 turn=19 phase=Upkeep vikind='choose' real_decision=False my_prio=False stack=0 p0_gy_ballistas=['42', '28'] captured=False
[20:58:51] [A] DIAG P1-A: rev=281 turn=19 phase=Upkeep vikind='choose' real_decision=False my_prio=True stack=0 p0_gy_ballistas=['42', '28'] captured=False
[20:58:52] [A] playing land forest (legacy)
[20:58:54] [A] playing land swamp (legacy)
[20:58:54] [A] casting Emperor of Bones (oid 67)
[20:58:55] [A] tap land for mana used_for=B
[20:58:55] [A] submitting interaction iid=DMHW8C.0.301 choice=DMHW8C.0.301.c1 (Swamp)
[20:58:55] [A] tap land for mana used_for=B
[20:58:55] [A] submitting interaction iid=DMHW8C.0.302 choice=DMHW8C.0.302.c1 (Swamp)
[20:58:56] [A] Emperor trigger targets Ballista oid 28 (choice DMHW8C.0.307.t1) variant=A
[20:58:56] [A] CAPTURE: trigger entry 121 targets Ballista 28; P0 holds priority
[20:58:57] [A] trigger resolved; chosen Ballista 28 exiled; post state exported
[20:58:57] game A: captured=True chosen=28 entry=121
[20:58:57] ===== game B =====
[20:58:57] game CK8BX3 variant=B; P0 seat=0 P1 seat=1
[20:58:57] [B] keep 7: ['forest', 'forest', 'forest', 'walking ballista', 'forest', 'walking ballista', 'forest']
[20:58:58] [B] keep 7: ['swamp', 'swamp', 'swamp', 'swamp', 'swamp', 'swamp', 'swamp']
[20:58:58] [B] playing land forest (legacy)
[20:58:58] [B] casting Walking Ballista (oid 7), X=0
[20:58:58] [B] Ballista X-choice -> X=0
[20:58:59] [B] casting Walking Ballista (oid 29), X=0
[20:58:59] [B] Ballista X-choice -> X=0
[20:59:02] [B] playing land swamp (legacy)
[20:59:04] [B] playing land forest (legacy)
[20:59:06] [B] playing land swamp (legacy)
[20:59:09] [B] playing land forest (legacy)
[20:59:11] [B] playing land swamp (legacy)
[20:59:14] [B] playing land forest (legacy)
[20:59:16] [B] playing land swamp (legacy)
[20:59:19] [B] playing land forest (legacy)
[20:59:21] [B] playing land swamp (legacy)
[20:59:23] [B] playing land forest (legacy)
[20:59:26] [B] playing land swamp (legacy)
[20:59:28] [B] playing land forest (legacy)
[20:59:31] [B] playing land swamp (legacy)
[20:59:31] [B] casting Emperor of Bones (oid 77)
[20:59:31] [B] tap land for mana used_for=B
[20:59:31] [B] submitting interaction iid=CK8BX3.0.211 choice=CK8BX3.0.211.c1 (Swamp)
[20:59:31] [B] tap land for mana used_for=B
[20:59:31] [B] submitting interaction iid=CK8BX3.0.212 choice=CK8BX3.0.212.c1 (Swamp)
[20:59:32] [B] Emperor trigger targets Ballista oid 7 (choice CK8BX3.0.217.t0) variant=B
[20:59:32] [B] CAPTURE: trigger entry 121 targets Ballista 7; P0 holds priority
[20:59:33] [B] trigger resolved; chosen Ballista 7 exiled; post state exported
[20:59:33] game B: captured=True chosen=7 entry=121
[20:59:33] ENGINE DONE assertions={"E1_setup_ok": "passed", "E2_trigger_targeted": "passed", "E3_identity_distinct": "passed", "E4_snapshot_captured": "passed", "E5_cleanup": "passed"}
