game 1523HL; seats P0=0 P1=1 P2=2 RUN_ID=20260913-6915d
P0 keeps
P1 keeps
P2 keeps
DIAG turn=1 active=0 phase=Untap wf=MulliganDecision pp=0 P0hand=['swamp', 'abnormal endurance', 'abnormal endurance', 'swamp', 'swamp', 'abnormal endurance', 'swamp'] cmdr=None cmdrcast=False ae=False/False murder=False/False czchoice=False/None trig=False/False pre=False mid=False post=False stack=0
[P1] UNEXPECTED PROMPT iid=1523HL.0.3 n=2 texts=['keep', 'mulligan']
[P2] UNEXPECTED PROMPT iid=1523HL.0.4 n=2 texts=['keep', 'mulligan']
[P0] casting aphemia, the cacophony via CastSpell (oid 181)
[P0] OptionalEffectChoice: declining (optional effect): At the beginning of your end step, you may exile an enchantment card from your graveyard. If you do,
[P0] submitting interaction iid=1523HL.0.97 choice=1523HL.0.97.c0 (false)
P0 DeclareAttackers: declaring empty
[P0] OptionalEffectChoice: declining (optional effect): At the beginning of your end step, you may exile an enchantment card from your graveyard. If you do,
[P0] submitting interaction iid=1523HL.0.168 choice=1523HL.0.168.c0 (false)
[P0] casting abnormal endurance via CastSpell (oid 2)
exported PRE (commander on BF, AE granted)
AE resolved: commander has the granted dies trigger
P0 DeclareAttackers: declaring empty
[P0] OptionalEffectChoice: declining (optional effect): At the beginning of your end step, you may exile an enchantment card from your graveyard. If you do,
[P0] submitting interaction iid=1523HL.0.243 choice=1523HL.0.243.c0 (false)
AE effect expired (turn advanced); re-arming AE cast
[P0] casting abnormal endurance via CastSpell (oid 3)
AE resolved: commander has the granted dies trigger
[P0] casting murder via CastSpell (oid 20)
[P0] OptionalEffectChoice: declining (COMMANDER-ZONE CHOICE): 
[P0] submitting interaction iid=1523HL.0.306 choice=1523HL.0.306.p1 (false)
exported MID (commander dead, choice made)
exported POST (trigger_resolved=False)
post exported; finishing
loaded pre.json
loaded mid.json
loaded post.json
copied scenario_6915d.py and server.log into EVDIR
wrote summary.png
wrote manifest.sha256 (9 files)
