A1 parse: triumph_chain=['ChangeZone', 'ExileTop', 'Shuffle', 'PutAtLibraryPosition'] unimplemented=False; reflection=CopyTokenOf/CreateDelayedTrigger/AtNextPhase/Sacrifice; fable_ch3=ChangeZone/ChangeZone transformed=True -> passed
ServerHello: {"type": "ServerHello", "data": {"server_version": "0.105.0", "build_commit": "965e243", "protocol_version": 120, "mode": "Full", "lobby_protocol_version": 16, "wire_formats": ["GzipEnvelopeV1"]}}
game ILSC29; seats P0=0 P1=1 RUN_ID=run-7156-reval-v01050-20261009-2211
[P1] mulligan decision: Keep
[P0] mulligan decision: Mulligan
[P0] mulligan decision: Keep
[P0] bottoms after mulligan: {'type': 'SelectCards', 'data': {'cards': [16]}}
[P0] plays land Mountain
[P0] plays land Mountain
[P0] plays land Mountain
[P0] ActionRejected: {"rejection": {"code": "action_not_allowed", "disposition": "unavailable", "message": "That action is not allowed right now.", "related_object_ids": [57]}}
[P0] ActionRejected: {"rejection": {"code": "action_not_allowed", "disposition": "unavailable", "message": "That action is not allowed right now.", "related_object_ids": [57]}}
[P1] plays land
[P1] plays land
[P1] ActionRejected: {"rejection": {"code": "action_not_allowed", "disposition": "unavailable", "message": "That action is not allowed right now.", "related_object_ids": [61]}}
[P0] declining miracle cast (MiracleReveal)
[P0] submitting interaction iid=ILSC29.0.36 choice=ILSC29.0.36.c2 (ILSC29.0.36.c2)
[P0] plays land Plains
[P0] plays land Plains
[P0] plays land Plains
[P0] ActionRejected: {"rejection": {"code": "action_not_allowed", "disposition": "unavailable", "message": "That action is not allowed right now.", "related_object_ids": [24]}}
[P0] ActionRejected: {"rejection": {"code": "action_not_allowed", "disposition": "unavailable", "message": "That action is not allowed right now.", "related_object_ids": [24]}}
[P1] plays land
[P1] plays land
[P1] ActionRejected: {"rejection": {"code": "action_not_allowed", "disposition": "unavailable", "message": "That action is not allowed right now.", "related_object_ids": [62]}}
[P0] plays land Mountain
[P0] plays land Mountain
[P0] plays land Mountain
[P0] casts Fable (turn 5)
[P0] ActionRejected: {"rejection": {"code": "action_not_allowed", "disposition": "unavailable", "message": "That action is not allowed right now.", "related_object_ids": [14]}}
[P0] ActionRejected: {"rejection": {"code": "action_not_allowed", "disposition": "unavailable", "message": "That action is not allowed right now.", "related_object_ids": [14]}}
[P0] cast confirmed (stack): Fable of the Mirror-Breaker oid 38
[P1] plays land
[P1] plays land
[P1] ActionRejected: {"rejection": {"code": "action_not_allowed", "disposition": "unavailable", "message": "That action is not allowed right now.", "related_object_ids": [65]}}
[P0] declining optional prompt (OptionalEffectChoice)
[P0] submitting interaction iid=ILSC29.0.106 choice=ILSC29.0.106.c0 (ILSC29.0.106.c0)
[P0] plays land Plains
[P0] plays land Plains
[P0] plays land Plains
[P0] plays land Plains
[P0] ActionRejected: {"rejection": {"code": "action_not_allowed", "disposition": "unavailable", "message": "That action is not allowed right now.", "related_object_ids": [28]}}
[P0] ActionRejected: {"rejection": {"code": "action_not_allowed", "disposition": "unavailable", "message": "That action is not allowed right now.", "related_object_ids": [28]}}
[P0] ActionRejected: {"rejection": {"code": "action_not_allowed", "disposition": "unavailable", "message": "That action is not allowed right now.", "related_object_ids": [28]}}
[P0] declares no attackers
[P1] plays land
[P1] plays land
[P1] ActionRejected: {"rejection": {"code": "action_not_allowed", "disposition": "unavailable", "message": "That action is not allowed right now.", "related_object_ids": [73]}}
[P0] plays land Plains
[P0] plays land Plains
[P0] plays land Plains
[P0] plays land Plains
[P0] plays land Plains
[P0] plays land Plains
[P0] plays land Plains
[P0] plays land Plains
[P0] plays land Plains
[P0] ActionRejected: {"rejection": {"code": "action_not_allowed", "disposition": "unavailable", "message": "That action is not allowed right now.", "related_object_ids": [48]}}
[P0] casts Triumph (turn 9)
[P0] ActionRejected: {"rejection": {"code": "action_not_allowed", "disposition": "unavailable", "message": "That action is not allowed right now.", "related_object_ids": [48]}}
[P0] ActionRejected: {"rejection": {"code": "action_not_allowed", "disposition": "unavailable", "message": "That action is not allowed right now.", "related_object_ids": [48]}}
[P0] ActionRejected: {"rejection": {"code": "action_not_allowed", "disposition": "unavailable", "message": "That action is not allowed right now.", "related_object_ids": [48]}}
[P0] ActionRejected: {"rejection": {"code": "action_not_allowed", "disposition": "unavailable", "message": "That action is not allowed right now.", "related_object_ids": [48]}}
[P0] ActionRejected: {"rejection": {"code": "action_not_allowed", "disposition": "unavailable", "message": "That action is not allowed right now.", "related_object_ids": [48]}}
[P0] ActionRejected: {"rejection": {"code": "action_not_allowed", "disposition": "unavailable", "message": "That action is not allowed right now.", "related_object_ids": [48]}}
[P0] ActionRejected: {"rejection": {"code": "action_not_allowed", "disposition": "unavailable", "message": "That action is not allowed right now.", "related_object_ids": [48]}}
[P0] cast confirmed (stack): Triumph of Saint Katherine oid 47
[P0] TRANSFORMED: Reflection oid=38 (turn 9)
exported mid_transform.json
[P0] declares no attackers
[P1] plays land
[P1] plays land
[P1] ActionRejected: {"rejection": {"code": "action_not_allowed", "disposition": "unavailable", "message": "That action is not allowed right now.", "related_object_ids": [79]}}
[P0] plays land Mountain
[P0] plays land Mountain
[P0] plays land Mountain
[P0] plays land Mountain
exported pre_activation.json
[P0] ACTIVATION SUBMITTED (target Triumph oid=47)
[P0] target prompt: 14 candidates
[P0] WARNING: Triumph not among target candidates: ['ILSC29.0.175.c0', 'Fable of the Mirror-Breaker', 'Fable of the Mirror-Breaker', 'Fable of the Mirror-Breaker', 'Fable of the Mirror-Breaker', 'Triumph of Saint Katherine', 'Triumph of Saint Katherine', 'Reflection of Kiki-Jiki']
[P0] ActionRejected: {"rejection": {"code": "action_not_allowed", "disposition": "unavailable", "message": "That action is not allowed right now.", "related_object_ids": []}}
[P0] target prompt: 2 candidates
[P0] targeting Triumph oid=47
[P0] submitting interaction iid=ILSC29.0.176 choice=ILSC29.0.176.t1 (ILSC29.0.176.t1)
[P0] activation accepted (target answered)
[P0] TOKEN created: oid=126 (turn 11) lib=49
exported mid_token.json
[P0] declares no attackers
[P0] token left battlefield (zone=None, turn 11); pre lib=49 top6=['Hidden Card', 'Hidden Card', 'Hidden Card', 'Hidden Card', 'Hidden Card', 'Hidden Card'] exile=[]
HB turn=12 phase=Upkeep active=1 wf=Priority wf_player=1 stage=WAIT_SACRIFICE P0hand=['Fable of the Mirror-Breaker', 'Fable of the Mirror-Breaker', 'Triumph of Saint Katherine'] P0bf=['Goblin Shaman', 'Mountain', 'Mountain', 'Mountain', 'Plains', 'Plains', 'Plains', 'Reflection of Kiki-Jiki', 'Triumph of Saint Katherine'] rev=194
[P1] plays land
[P1] plays land
[P1] plays land
[P1] plays land
[P1] ActionRejected: {"rejection": {"code": "action_not_allowed", "disposition": "unavailable", "message": "That action is not allowed right now.", "related_object_ids": [82]}}
[P1] ActionRejected: {"rejection": {"code": "action_not_allowed", "disposition": "unavailable", "message": "That action is not allowed right now.", "related_object_ids": [82]}}
[P1] ActionRejected: {"rejection": {"code": "action_not_allowed", "disposition": "unavailable", "message": "That action is not allowed right now.", "related_object_ids": [82]}}
[P0] declining miracle cast (MiracleReveal)
[P0] submitting interaction iid=ILSC29.0.211 choice=ILSC29.0.211.c2 (ILSC29.0.211.c2)
[P0] declares no attackers
[P1] plays land
[P1] plays land
[P1] plays land
[P1] plays land
[P1] ActionRejected: {"rejection": {"code": "action_not_allowed", "disposition": "unavailable", "message": "That action is not allowed right now.", "related_object_ids": [83]}}
[P1] ActionRejected: {"rejection": {"code": "action_not_allowed", "disposition": "unavailable", "message": "That action is not allowed right now.", "related_object_ids": [83]}}
[P1] ActionRejected: {"rejection": {"code": "action_not_allowed", "disposition": "unavailable", "message": "That action is not allowed right now.", "related_object_ids": [83]}}
[P0] declares no attackers
[P1] plays land
[P1] plays land
[P1] plays land
[P1] ActionRejected: {"rejection": {"code": "action_not_allowed", "disposition": "unavailable", "message": "That action is not allowed right now.", "related_object_ids": [85]}}
[P1] ActionRejected: {"rejection": {"code": "action_not_allowed", "disposition": "unavailable", "message": "That action is not allowed right now.", "related_object_ids": [85]}}
[P0] declares no attackers
[P1] plays land
[P1] plays land
[P1] plays land
[P1] plays land
[P1] plays land
[P1] plays land
[P1] ActionRejected: {"rejection": {"code": "action_not_allowed", "disposition": "unavailable", "message": "That action is not allowed right now.", "related_object_ids": [78]}}
[P1] ActionRejected: {"rejection": {"code": "action_not_allowed", "disposition": "unavailable", "message": "That action is not allowed right now.", "related_object_ids": [78]}}
[P1] ActionRejected: {"rejection": {"code": "action_not_allowed", "disposition": "unavailable", "message": "That action is not allowed right now.", "related_object_ids": [78]}}
[P1] ActionRejected: {"rejection": {"code": "action_not_allowed", "disposition": "unavailable", "message": "That action is not allowed right now.", "related_object_ids": [78]}}
[P1] ActionRejected: {"rejection": {"code": "action_not_allowed", "disposition": "unavailable", "message": "That action is not allowed right now.", "related_object_ids": [78]}}
[P0] declares no attackers
[P1] plays land
[P1] plays land
[P1] plays land
[P1] plays land
[P1] ActionRejected: {"rejection": {"code": "action_not_allowed", "disposition": "unavailable", "message": "That action is not allowed right now.", "related_object_ids": [97]}}
[P1] ActionRejected: {"rejection": {"code": "action_not_allowed", "disposition": "unavailable", "message": "That action is not allowed right now.", "related_object_ids": [97]}}
[P1] ActionRejected: {"rejection": {"code": "action_not_allowed", "disposition": "unavailable", "message": "That action is not allowed right now.", "related_object_ids": [97]}}
HB turn=21 phase=Draw active=0 wf=Priority wf_player=1 stage=WAIT_SACRIFICE P0hand=['Fable of the Mirror-Breaker', 'Fable of the Mirror-Breaker', 'Fable of the Mirror-Breaker', 'Mountain', 'Mountain', 'Plains', 'Triumph of Saint Katherine', 'Triumph of Saint Katherine'] P0bf=['Goblin Shaman', 'Mountain', 'Mountain', 'Mountain', 'Plains', 'Plains', 'Plains', 'Reflection of Kiki-Jiki', 'Triumph of Saint Katherine'] rev=333
[P0] declares no attackers
[P0] discards 1 to hand size
[P1] plays land
[P1] plays land
[P1] plays land
[P1] plays land
[P1] ActionRejected: {"rejection": {"code": "action_not_allowed", "disposition": "unavailable", "message": "That action is not allowed right now.", "related_object_ids": [93]}}
[P1] ActionRejected: {"rejection": {"code": "action_not_allowed", "disposition": "unavailable", "message": "That action is not allowed right now.", "related_object_ids": [93]}}
[P1] ActionRejected: {"rejection": {"code": "action_not_allowed", "disposition": "unavailable", "message": "That action is not allowed right now.", "related_object_ids": [93]}}
[P0] declining miracle cast (MiracleReveal)
[P0] submitting interaction iid=ILSC29.0.363 choice=ILSC29.0.363.c2 (ILSC29.0.363.c2)
[P0] declares no attackers
[P0] discards 1 to hand size
[P1] plays land
[P1] plays land
[P1] plays land
[P1] plays land
[P1] ActionRejected: {"rejection": {"code": "action_not_allowed", "disposition": "unavailable", "message": "That action is not allowed right now.", "related_object_ids": [98]}}
[P1] ActionRejected: {"rejection": {"code": "action_not_allowed", "disposition": "unavailable", "message": "That action is not allowed right now.", "related_object_ids": [98]}}
[P1] ActionRejected: {"rejection": {"code": "action_not_allowed", "disposition": "unavailable", "message": "That action is not allowed right now.", "related_object_ids": [98]}}
[P0] token died 45s ago, dies trigger never hit the stack
exported post_no_trigger.json
main loop ended: stop=True reason=token died, dies trigger never fired
finalizing...
scenario source copied to evidence
run.json written; verdict=reproduced
summary.png rendered
