game=TM3JS8 run=20260916-647
[P0] mulligan: mulligan
[P1] mulligan: keep
[P0] mulligan: mulligan
[P0] mulligan: keep
[P0] bottoms 2 after mulligan
exported pre_neg.json
PRE_NEG captured turn 6 (Asmo in hand, no discard this turn, no cast offered)
[P0] casting Faithless Looting (turn 26; discard-turn #1)
[P0] discards ['Mountain', 'Mountain'] (turn 26; discard-turn #1)
exported post_discard.json
[P0] Asmo NOT offered right after discard; watching (turn 26)
discard turn 26 ended without CastSpell(Asmo) offered (3 observations)
[P0] seeking second Looting (turn 27)
[P0] casting Faithless Looting (turn 30; discard-turn #2)
[P0] discards ['Mountain', 'Swamp'] (turn 30; discard-turn #2)
exported post_discard.json
[P0] Asmo NOT offered right after discard; watching (turn 30)
discard turn 30 ended without CastSpell(Asmo) offered (3 observations)
exported post.json
rendered /home/hatch/workspace/dev/phase-backfill/evidence/647/20260916-647/summary.png
