ServerHello: 0.104.0/4227122/protocol 118/Full
data-level check: ok=True notes=[]
=== g1_kicked: plan={'x': 2, 'kick': True, 'targets': [1, 0], 'need_lands': 5, 'mana_needs': {'R': 2, 'generic': 3}} ===
game IXNRX3; P0 seat=0 P1 seat=1
[P0] mulligan 7: ['mountain', 'mountain', 'mountain', 'mountain', 'mountain', 'mountain', 'mountain'] (mull_count=1)
[P1] keep 7: ['mountain', 'mountain', 'mountain', 'mountain', 'mountain', 'mountain', 'mountain'] (mull_count=1)
DIAG g1_kicked turn=1 active=1 phase=Untap vikind=mulligan P0hand=['mountain', 'mountain', 'mountain', 'mountain', 'mountain', 'mountain', 'mountain'] P0lands=0 life=20/20 stack=0 cast=False x=None kick=False targets=[]
[P0] keep 7: ['comet storm', 'mountain', 'mountain', 'mountain', 'mountain', 'comet storm', 'mountain'] (mull_count=2)
[P0] bottoming ['mountain'] via vi
[P1] plays land (legacy PlayLand)
[P1] tap land for mana used_for=any
[P1] submitting interaction iid=IXNRX3.0.9 choice=IXNRX3.0.9.c1 (candidate | tapLandForMana | Mountain)
[P0] plays land (legacy PlayLand)
[P1] tap land for mana used_for=any
[P1] submitting interaction iid=IXNRX3.0.35 choice=IXNRX3.0.35.c1 (candidate | tapLandForMana | Mountain)
[P1] plays land (legacy PlayLand)
[P1] tap land for mana used_for=any
[P1] submitting interaction iid=IXNRX3.0.41 choice=IXNRX3.0.41.c1 (candidate | tapLandForMana | Mountain)
[P0] plays land (legacy PlayLand)
[P1] tap land for mana used_for=any
[P1] submitting interaction iid=IXNRX3.0.67 choice=IXNRX3.0.67.c1 (candidate | tapLandForMana | Mountain)
[P1] tap land for mana used_for=any
[P1] submitting interaction iid=IXNRX3.0.68 choice=IXNRX3.0.68.c1 (candidate | tapLandForMana | Mountain)
[P1] plays land (legacy PlayLand)
[P1] tap land for mana used_for=any
[P1] submitting interaction iid=IXNRX3.0.74 choice=IXNRX3.0.74.c1 (candidate | tapLandForMana | Mountain)
[P0] plays land (legacy PlayLand)
[P1] tap land for mana used_for=any
[P1] submitting interaction iid=IXNRX3.0.100 choice=IXNRX3.0.100.c1 (candidate | tapLandForMana | Mountain)
[P1] tap land for mana used_for=any
[P1] submitting interaction iid=IXNRX3.0.101 choice=IXNRX3.0.101.c1 (candidate | tapLandForMana | Mountain)
[P1] tap land for mana used_for=any
[P1] submitting interaction iid=IXNRX3.0.102 choice=IXNRX3.0.102.c1 (candidate | tapLandForMana | Mountain)
[P1] plays land (legacy PlayLand)
[P1] tap land for mana used_for=any
[P1] submitting interaction iid=IXNRX3.0.108 choice=IXNRX3.0.108.c1 (candidate | tapLandForMana | Mountain)
[P0] plays land (legacy PlayLand)
[P1] tap land for mana used_for=any
[P1] submitting interaction iid=IXNRX3.0.134 choice=IXNRX3.0.134.c1 (candidate | tapLandForMana | Mountain)
[P1] tap land for mana used_for=any
[P1] submitting interaction iid=IXNRX3.0.135 choice=IXNRX3.0.135.c1 (candidate | tapLandForMana | Mountain)
[P1] tap land for mana used_for=any
[P1] submitting interaction iid=IXNRX3.0.136 choice=IXNRX3.0.136.c1 (candidate | tapLandForMana | Mountain)
[P1] tap land for mana used_for=any
[P1] submitting interaction iid=IXNRX3.0.137 choice=IXNRX3.0.137.c1 (candidate | tapLandForMana | Mountain)
[P1] plays land (legacy PlayLand)
[P1] tap land for mana used_for=any
[P1] submitting interaction iid=IXNRX3.0.143 choice=IXNRX3.0.143.c1 (candidate | tapLandForMana | Mountain)
[P0] plays land (legacy PlayLand)
[P0] P0 main phase: exporting g1_kicked_pre.json, then casting Comet Storm
[P0] P0 casts Comet Storm (turn 10, oid 20)
[P0] SHAPE rtype=schema spec=sequence n=12 vikind=sequence
[P0] TARGET #1 -> seat 1 (iid IXNRX3.0.160)
[P0] SHAPE rtype=exactChoices spec=None n=3 vikind=choose
[P0] KICKER prompt iid=IXNRX3.0.161 choices={"IXNRX3.0.161.c0": {"codes": ["cancelCast"], "vals": [], "text": "candidate | cancelCast"}, "IXNRX3.0.161.c1": {"codes": ["decideOptionalCost"], "vals": [["pay", "false"]], "text": "candidate | decideOptionalCost | false"}, "IXNRX3.0.161.c2": {"codes": ["decideOptionalCost"], "vals": [["pay", "true"]], "text": "candidate | decideOptionalCost | true"}}
[P0] KICKER -> PAY (choice IXNRX3.0.161.c2)
[P0] KICKER prompt iid=IXNRX3.0.162 choices={"IXNRX3.0.162.c0": {"codes": ["cancelCast"], "vals": [], "text": "candidate | cancelCast"}, "IXNRX3.0.162.c1": {"codes": ["decideOptionalCost"], "vals": [["pay", "false"]], "text": "candidate | decideOptionalCost | false"}, "IXNRX3.0.162.c2": {"codes": ["decideOptionalCost"], "vals": [["pay", "true"]], "text": "candidate | decideOptionalCost | true"}}
[P0] KICKER -> STOP (choice IXNRX3.0.162.c1)
[P0] SHAPE rtype=schema spec=number n=0 vikind=choose
[P0] submitting number X=2
[P0] X-choice -> X=2 (iid IXNRX3.0.163)
[P0] SHAPE rtype=exactChoices spec=None n=1 vikind=choose
[P0] exported g1_kicked_on_stack.json (targets=[1], prompts=1, x=2, kick_paid=True)
[P0] Storm left the stack; exporting POST
[P0] exported g1_kicked_post.json
g1_kicked: post exported; game done
=== g2_control: plan={'x': 1, 'kick': False, 'targets': [1], 'need_lands': 3, 'mana_needs': {'R': 2, 'generic': 1}} ===
game L5Y1DN; P0 seat=0 P1 seat=1
[P0] keep 7: ['mountain', 'mountain', 'mountain', 'mountain', 'mountain', 'comet storm', 'mountain'] (mull_count=1)
[P1] keep 7: ['mountain', 'mountain', 'mountain', 'mountain', 'mountain', 'mountain', 'mountain'] (mull_count=1)
DIAG g2_control turn=1 active=1 phase=Untap vikind=mulligan P0hand=['mountain', 'mountain', 'mountain', 'mountain', 'mountain', 'comet storm', 'mountain'] P0lands=0 life=20/20 stack=0 cast=False x=None kick=False targets=[]
[P1] plays land (legacy PlayLand)
[P1] tap land for mana used_for=any
[P1] submitting interaction iid=L5Y1DN.0.7 choice=L5Y1DN.0.7.c1 (candidate | tapLandForMana | Mountain)
[P0] plays land (legacy PlayLand)
[P1] tap land for mana used_for=any
[P1] submitting interaction iid=L5Y1DN.0.33 choice=L5Y1DN.0.33.c1 (candidate | tapLandForMana | Mountain)
[P1] plays land (legacy PlayLand)
[P1] tap land for mana used_for=any
[P1] submitting interaction iid=L5Y1DN.0.39 choice=L5Y1DN.0.39.c1 (candidate | tapLandForMana | Mountain)
[P0] plays land (legacy PlayLand)
[P1] tap land for mana used_for=any
[P1] submitting interaction iid=L5Y1DN.0.65 choice=L5Y1DN.0.65.c1 (candidate | tapLandForMana | Mountain)
[P1] tap land for mana used_for=any
[P1] submitting interaction iid=L5Y1DN.0.66 choice=L5Y1DN.0.66.c1 (candidate | tapLandForMana | Mountain)
[P1] plays land (legacy PlayLand)
[P1] tap land for mana used_for=any
[P1] submitting interaction iid=L5Y1DN.0.72 choice=L5Y1DN.0.72.c1 (candidate | tapLandForMana | Mountain)
[P0] plays land (legacy PlayLand)
[P0] P0 main phase: exporting g2_control_pre.json, then casting Comet Storm
[P0] P0 casts Comet Storm (turn 6, oid 10)
[P0] SHAPE rtype=schema spec=sequence n=8 vikind=sequence
[P0] TARGET #1 -> seat 1 (iid L5Y1DN.0.89)
[P0] SHAPE rtype=exactChoices spec=None n=3 vikind=choose
[P0] KICKER prompt iid=L5Y1DN.0.90 choices={"L5Y1DN.0.90.c0": {"codes": ["cancelCast"], "vals": [], "text": "candidate | cancelCast"}, "L5Y1DN.0.90.c1": {"codes": ["decideOptionalCost"], "vals": [["pay", "false"]], "text": "candidate | decideOptionalCost | false"}, "L5Y1DN.0.90.c2": {"codes": ["decideOptionalCost"], "vals": [["pay", "true"]], "text": "candidate | decideOptionalCost | true"}}
[P0] KICKER -> STOP (choice L5Y1DN.0.90.c1)
[P0] SHAPE rtype=schema spec=number n=0 vikind=choose
[P0] submitting number X=1
[P0] X-choice -> X=1 (iid L5Y1DN.0.91)
[P0] SHAPE rtype=exactChoices spec=None n=1 vikind=choose
[P0] exported g2_control_on_stack.json (targets=[1], prompts=1, x=1, kick_paid=False)
[P0] Storm left the stack; exporting POST
[P0] exported g2_control_post.json
g2_control: post exported; game done
VERDICT: reproduced -- kicked-once cast offered 1 target prompt(s) (expected 2); resolution: P1 20->20, P0 20->20; control X=1 no-kick: prompts=1 P1 20->None
