both clients connected
game created: B0QWO5
P1 joined
[P0] mulligan: keep 7
[P1] mulligan: keep 7
[diag] t=1s stage=setup turn=1 phase=PreCombatMain wf=Priority biomancer=None bears=None
[P0] casting Master Biomancer
[obs] Master Biomancer on BF oid=31 power=2
[P0] stage -> biomancer_ready
exported pre.json (turn=16)
[P0] casting Grizzly Bears oid=6 (turn 16)
[obs] Grizzly Bears entered: oid=6 counters_seen=True p1p1=1 power=3
exported mid.json (turn=16)
[diag] t=61s stage=observed turn=17 phase=Upkeep wf=Priority biomancer=31 bears=6
[P0] observation window closed; stage -> done
exported post.json (turn=17)
loaded pre.json
loaded mid.json
loaded post.json
server run dir: runs/20260916-7185
wrote server.log excerpts (500 lines)
wrote summary.png
