2026-09-16T07:47:28.430824Z  INFO ws_message: server_core::session: game session created game=B0QWO5 player_count=2
2026-09-16T07:47:28.450033Z  INFO ws_message: phase_server: game created via lobby game=B0QWO5 host=P0-biomancer players=2
2026-09-16T07:47:28.511017Z  INFO ws_message: phase_server: JoinGameWithPassword game=B0QWO5 joiner=P1-idle
2026-09-16T07:47:28.511174Z  INFO ws_message: server_core::session: player joined session game=B0QWO5 player=PlayerId(1) seat=1
2026-09-16T07:47:28.532550Z  INFO ws_message: phase_server: player joined via lobby game=B0QWO5 player=PlayerId(1)
2026-09-16T07:47:28.716813Z  WARN phase_server: Full snapshot was no longer current game=B0QWO5 disposition=SupersededOrRetired
2026-09-16T07:47:28.988204Z  INFO ws_message:game_session{game=B0QWO5 player=PlayerId(0)}: server_core::session: action applied game=B0QWO5 player=PlayerId(0) action_type="MulliganDecision" event_count=0
2026-09-16T07:47:29.000144Z  INFO ws_message:game_session{game=B0QWO5 player=PlayerId(0)}: phase_server: game submission processed (lock held) game=B0QWO5 kind="action" lock_ms=12 ai_actions=0
2026-09-16T07:47:29.115825Z  INFO ws_message:game_session{game=B0QWO5 player=PlayerId(1)}: server_core::session: action applied game=B0QWO5 player=PlayerId(1) action_type="MulliganDecision" event_count=1
2026-09-16T07:47:29.119371Z  INFO ws_message:game_session{game=B0QWO5 player=PlayerId(1)}: phase_server: game submission processed (lock held) game=B0QWO5 kind="action" lock_ms=9 ai_actions=0
2026-09-16T07:47:29.240383Z  INFO ws_message:game_session{game=B0QWO5 player=PlayerId(1)}: server_core::session: action applied game=B0QWO5 player=PlayerId(1) action_type="PassPriority" event_count=1
2026-09-16T07:47:29.244384Z  INFO ws_message:game_session{game=B0QWO5 player=PlayerId(1)}: phase_server: game submission processed (lock held) game=B0QWO5 kind="action" lock_ms=4 ai_actions=0
2026-09-16T07:47:29.491178Z  INFO ws_message:game_session{game=B0QWO5 player=PlayerId(0)}: server_core::session: action applied game=B0QWO5 player=PlayerId(0) action_type="PassPriority" event_count=2
2026-09-16T07:47:29.541580Z  INFO ws_message:game_session{game=B0QWO5 player=PlayerId(0)}: phase_server: game submission processed (lock held) game=B0QWO5 kind="action" lock_ms=51 ai_actions=0
2026-09-16T07:47:29.746618Z  INFO ws_message:game_session{game=B0QWO5 player=PlayerId(1)}: server_core::session: action applied game=B0QWO5 player=PlayerId(1) action_type="PlayLand" event_count=2
2026-09-16T07:47:29.750351Z  INFO ws_message:game_session{game=B0QWO5 player=PlayerId(1)}: phase_server: game submission processed (lock held) game=B0QWO5 kind="action" lock_ms=8 ai_actions=0
2026-09-16T07:47:29.993316Z  INFO ws_message:game_session{game=B0QWO5 player=PlayerId(1)}: server_core::session: action applied game=B0QWO5 player=PlayerId(1) action_type="PassPriority" event_count=1
2026-09-16T07:47:29.995725Z  INFO ws_message:game_session{game=B0QWO5 player=PlayerId(1)}: phase_server: game submission processed (lock held) game=B0QWO5 kind="action" lock_ms=3 ai_actions=0
2026-09-16T07:47:30.244691Z  INFO ws_message:game_session{game=B0QWO5 player=PlayerId(0)}: server_core::session: action applied game=B0QWO5 player=PlayerId(0) action_type="PassPriority" event_count=1
2026-09-16T07:47:30.247068Z  INFO ws_message:game_session{game=B0QWO5 player=PlayerId(0)}: phase_server: game submission processed (lock held) game=B0QWO5 kind="action" lock_ms=3 ai_actions=0
2026-09-16T07:47:30.496868Z  INFO ws_message:game_session{game=B0QWO5 player=PlayerId(1)}: server_core::session: action applied game=B0QWO5 player=PlayerId(1) action_type="PassPriority" event_count=1
2026-09-16T07:47:30.499383Z  INFO ws_message:game_session{game=B0QWO5 player=PlayerId(1)}: phase_server: game submission processed (lock held) game=B0QWO5 kind="action" lock_ms=3 ai_actions=0
2026-09-16T07:47:30.752513Z  INFO ws_message:game_session{game=B0QWO5 player=PlayerId(0)}: server_core::session: action applied game=B0QWO5 player=PlayerId(0) action_type="PassPriority" event_count=3
2026-09-16T07:47:30.755171Z  INFO ws_message:game_session{game=B0QWO5 player=PlayerId(0)}: phase_server: game submission processed (lock held) game=B0QWO5 kind="action" lock_ms=7 ai_actions=0
2026-09-16T07:47:31.001796Z  INFO ws_message:game_session{game=B0QWO5 player=PlayerId(1)}: server_core::session: action applied game=B0QWO5 player=PlayerId(1) action_type="PassPriority" event_count=1
2026-09-16T07:47:31.004065Z  INFO ws_message:game_session{game=B0QWO5 player=PlayerId(1)}: phase_server: game submission processed (lock held) game=B0QWO5 kind="action" lock_ms=3 ai_actions=0
2026-09-16T07:47:31.257028Z  INFO ws_message:game_session{game=B0QWO5 player=PlayerId(0)}: server_core::session: action applied game=B0QWO5 player=PlayerId(0) action_type="PassPriority" event_count=1
2026-09-16T07:47:31.259677Z  INFO ws_message:game_session{game=B0QWO5 player=PlayerId(0)}: phase_server: game submission processed (lock held) game=B0QWO5 kind="action" lock_ms=6 ai_actions=0
2026-09-16T07:47:31.506895Z  INFO ws_message:game_session{game=B0QWO5 player=PlayerId(1)}: server_core::session: action applied game=B0QWO5 player=PlayerId(1) action_type="PassPriority" event_count=1
2026-09-16T07:47:31.509068Z  INFO ws_message:game_session{game=B0QWO5 player=PlayerId(1)}: phase_server: game submission processed (lock held) game=B0QWO5 kind="action" lock_ms=3 ai_actions=0
2026-09-16T07:47:31.762268Z  INFO ws_message:game_session{game=B0QWO5 player=PlayerId(0)}: server_core::session: action applied game=B0QWO5 player=PlayerId(0) action_type="PassPriority" event_count=1
2026-09-16T07:47:31.765267Z  INFO ws_message:game_session{game=B0QWO5 player=PlayerId(0)}: phase_server: game submission processed (lock held) game=B0QWO5 kind="action" lock_ms=7 ai_actions=0
2026-09-16T07:47:32.011750Z  INFO ws_message:game_session{game=B0QWO5 player=PlayerId(1)}: server_core::session: action applied game=B0QWO5 player=PlayerId(1) action_type="PassPriority" event_count=1
2026-09-16T07:47:32.014352Z  INFO ws_message:game_session{game=B0QWO5 player=PlayerId(1)}: phase_server: game submission processed (lock held) game=B0QWO5 kind="action" lock_ms=4 ai_actions=0
2026-09-16T07:47:32.266148Z  INFO ws_message:game_session{game=B0QWO5 player=PlayerId(0)}: server_core::session: action applied game=B0QWO5 player=PlayerId(0) action_type="PassPriority" event_count=4
2026-09-16T07:47:32.268056Z  INFO ws_message:game_session{game=B0QWO5 player=PlayerId(0)}: phase_server: game submission processed (lock held) game=B0QWO5 kind="action" lock_ms=6 ai_actions=0
2026-09-16T07:47:32.513812Z  INFO ws_message:game_session{game=B0QWO5 player=PlayerId(0)}: server_core::session: action applied game=B0QWO5 player=PlayerId(0) action_type="PassPriority" event_count=1
2026-09-16T07:47:32.516190Z  INFO ws_message:game_session{game=B0QWO5 player=PlayerId(0)}: phase_server: game submission processed (lock held) game=B0QWO5 kind="action" lock_ms=3 ai_actions=0
2026-09-16T07:47:32.771240Z  INFO ws_message:game_session{game=B0QWO5 player=PlayerId(1)}: server_core::session: action applied game=B0QWO5 player=PlayerId(1) action_type="PassPriority" event_count=4
2026-09-16T07:47:32.772977Z  INFO ws_message:game_session{game=B0QWO5 player=PlayerId(1)}: phase_server: game submission processed (lock held) game=B0QWO5 kind="action" lock_ms=8 ai_actions=0
2026-09-16T07:47:33.016481Z  INFO ws_message:game_session{game=B0QWO5 player=PlayerId(0)}: server_core::session: action applied game=B0QWO5 player=PlayerId(0) action_type="PassPriority" event_count=1
2026-09-16T07:47:33.019115Z  INFO ws_message:game_session{game=B0QWO5 player=PlayerId(0)}: phase_server: game submission processed (lock held) game=B0QWO5 kind="action" lock_ms=3 ai_actions=0
2026-09-16T07:47:33.268899Z  INFO ws_message:game_session{game=B0QWO5 player=PlayerId(1)}: server_core::session: action applied game=B0QWO5 player=PlayerId(1) action_type="PassPriority" event_count=1
2026-09-16T07:47:33.299301Z  INFO ws_message:game_session{game=B0QWO5 player=PlayerId(1)}: phase_server: game submission processed (lock held) game=B0QWO5 kind="action" lock_ms=31 ai_actions=0
2026-09-16T07:47:33.523999Z  INFO ws_message:game_session{game=B0QWO5 player=PlayerId(0)}: server_core::session: action applied game=B0QWO5 player=PlayerId(0) action_type="PlayLand" event_count=2
2026-09-16T07:47:33.533668Z  INFO ws_message:game_session{game=B0QWO5 player=PlayerId(0)}: phase_server: game submission processed (lock held) game=B0QWO5 kind="action" lock_ms=14 ai_actions=0
2026-09-16T07:47:33.772994Z  INFO ws_message:game_session{game=B0QWO5 player=PlayerId(0)}: server_core::session: action applied game=B0QWO5 player=PlayerId(0) action_type="PassPriority" event_count=1
2026-09-16T07:47:33.775267Z  INFO ws_message:game_session{game=B0QWO5 player=PlayerId(0)}: phase_server: game submission processed (lock held) game=B0QWO5 kind="action" lock_ms=4 ai_actions=0
2026-09-16T07:47:34.024475Z  INFO ws_message:game_session{game=B0QWO5 player=PlayerId(1)}: server_core::session: action applied game=B0QWO5 player=PlayerId(1) action_type="PassPriority" event_count=1
2026-09-16T07:47:34.027420Z  INFO ws_message:game_session{game=B0QWO5 player=PlayerId(1)}: phase_server: game submission processed (lock held) game=B0QWO5 kind="action" lock_ms=4 ai_actions=0
2026-09-16T07:47:34.276636Z  INFO ws_message:game_session{game=B0QWO5 player=PlayerId(0)}: server_core::session: action applied game=B0QWO5 player=PlayerId(0) action_type="PassPriority" event_count=1
2026-09-16T07:47:34.279223Z  INFO ws_message:game_session{game=B0QWO5 player=PlayerId(0)}: phase_server: game submission processed (lock held) game=B0QWO5 kind="action" lock_ms=4 ai_actions=0
2026-09-16T07:47:34.531777Z  INFO ws_message:game_session{game=B0QWO5 player=PlayerId(1)}: server_core::session: action applied game=B0QWO5 player=PlayerId(1) action_type="PassPriority" event_count=3
2026-09-16T07:47:34.535656Z  INFO ws_message:game_session{game=B0QWO5 player=PlayerId(1)}: phase_server: game submission processed (lock held) game=B0QWO5 kind="action" lock_ms=8 ai_actions=0
2026-09-16T07:47:34.779788Z  INFO ws_message:game_session{game=B0QWO5 player=PlayerId(0)}: server_core::session: action applied game=B0QWO5 player=PlayerId(0) action_type="PassPriority" event_count=1
2026-09-16T07:47:34.782427Z  INFO ws_message:game_session{game=B0QWO5 player=PlayerId(0)}: phase_server: game submission processed (lock held) game=B0QWO5 kind="action" lock_ms=4 ai_actions=0
2026-09-16T07:47:35.033676Z  INFO ws_message:game_session{game=B0QWO5 player=PlayerId(1)}: server_core::session: action applied game=B0QWO5 player=PlayerId(1) action_type="PassPriority" event_count=1
2026-09-16T07:47:35.042013Z  INFO ws_message:game_session{game=B0QWO5 player=PlayerId(1)}: phase_server: game submission processed (lock held) game=B0QWO5 kind="action" lock_ms=12 ai_actions=0
2026-09-16T07:47:35.282036Z  INFO ws_message:game_session{game=B0QWO5 player=PlayerId(0)}: server_core::session: action applied game=B0QWO5 player=PlayerId(0) action_type="PassPriority" event_count=1
2026-09-16T07:47:35.284836Z  INFO ws_message:game_session{game=B0QWO5 player=PlayerId(0)}: phase_server: game submission processed (lock held) game=B0QWO5 kind="action" lock_ms=5 ai_actions=0
2026-09-16T07:47:35.535783Z  INFO ws_message:game_session{game=B0QWO5 player=PlayerId(1)}: server_core::session: action applied game=B0QWO5 player=PlayerId(1) action_type="PassPriority" event_count=1
2026-09-16T07:47:35.538834Z  INFO ws_message:game_session{game=B0QWO5 player=PlayerId(1)}: phase_server: game submission processed (lock held) game=B0QWO5 kind="action" lock_ms=7 ai_actions=0
2026-09-16T07:47:35.783034Z  INFO ws_message:game_session{game=B0QWO5 player=PlayerId(0)}: server_core::session: action applied game=B0QWO5 player=PlayerId(0) action_type="PassPriority" event_count=1
2026-09-16T07:47:35.785499Z  INFO ws_message:game_session{game=B0QWO5 player=PlayerId(0)}: phase_server: game submission processed (lock held) game=B0QWO5 kind="action" lock_ms=3 ai_actions=0
2026-09-16T07:47:36.039142Z  INFO ws_message:game_session{game=B0QWO5 player=PlayerId(1)}: server_core::session: action applied game=B0QWO5 player=PlayerId(1) action_type="PassPriority" event_count=4
2026-09-16T07:47:36.040813Z  INFO ws_message:game_session{game=B0QWO5 player=PlayerId(1)}: phase_server: game submission processed (lock held) game=B0QWO5 kind="action" lock_ms=6 ai_actions=0
2026-09-16T07:47:36.287550Z  INFO ws_message:game_session{game=B0QWO5 player=PlayerId(1)}: server_core::session: action applied game=B0QWO5 player=PlayerId(1) action_type="PassPriority" event_count=1
2026-09-16T07:47:36.292374Z  INFO ws_message:game_session{game=B0QWO5 player=PlayerId(1)}: phase_server: game submission processed (lock held) game=B0QWO5 kind="action" lock_ms=5 ai_actions=0
2026-09-16T07:47:36.543171Z  INFO ws_message:game_session{game=B0QWO5 player=PlayerId(0)}: server_core::session: action applied game=B0QWO5 player=PlayerId(0) action_type="PassPriority" event_count=4
2026-09-16T07:47:36.545171Z  INFO ws_message:game_session{game=B0QWO5 player=PlayerId(0)}: phase_server: game submission processed (lock held) game=B0QWO5 kind="action" lock_ms=8 ai_actions=0
2026-09-16T07:47:36.790395Z  INFO ws_message:game_session{game=B0QWO5 player=PlayerId(1)}: server_core::session: action applied game=B0QWO5 player=PlayerId(1) action_type="PassPriority" event_count=1
2026-09-16T07:47:36.793457Z  INFO ws_message:game_session{game=B0QWO5 player=PlayerId(1)}: phase_server: game submission processed (lock held) game=B0QWO5 kind="action" lock_ms=4 ai_actions=0
2026-09-16T07:47:37.040823Z  INFO ws_message:game_session{game=B0QWO5 player=PlayerId(0)}: server_core::session: action applied game=B0QWO5 player=PlayerId(0) action_type="PassPriority" event_count=1
2026-09-16T07:47:37.076257Z  INFO ws_message:game_session{game=B0QWO5 player=PlayerId(0)}: phase_server: game submission processed (lock held) game=B0QWO5 kind="action" lock_ms=36 ai_actions=0
2026-09-16T07:47:37.295738Z  INFO ws_message:game_session{game=B0QWO5 player=PlayerId(1)}: server_core::session: action applied game=B0QWO5 player=PlayerId(1) action_type="PlayLand" event_count=2
2026-09-16T07:47:37.298614Z  INFO ws_message:game_session{game=B0QWO5 player=PlayerId(1)}: phase_server: game submission processed (lock held) game=B0QWO5 kind="action" lock_ms=7 ai_actions=0
2026-09-16T07:47:37.544322Z  INFO ws_message:game_session{game=B0QWO5 player=PlayerId(1)}: server_core::session: action applied game=B0QWO5 player=PlayerId(1) action_type="PassPriority" event_count=1
2026-09-16T07:47:37.547525Z  INFO ws_message:game_session{game=B0QWO5 player=PlayerId(1)}: phase_server: game submission processed (lock held) game=B0QWO5 kind="action" lock_ms=5 ai_actions=0
2026-09-16T07:47:37.794430Z  INFO ws_message:game_session{game=B0QWO5 player=PlayerId(0)}: server_core::session: action applied game=B0QWO5 player=PlayerId(0) action_type="PassPriority" event_count=1
2026-09-16T07:47:37.797571Z  INFO ws_message:game_session{game=B0QWO5 player=PlayerId(0)}: phase_server: game submission processed (lock held) game=B0QWO5 kind="action" lock_ms=4 ai_actions=0
2026-09-16T07:47:38.047692Z  INFO ws_message:game_session{game=B0QWO5 player=PlayerId(1)}: server_core::session: action applied game=B0QWO5 player=PlayerId(1) action_type="PassPriority" event_count=1
2026-09-16T07:47:38.051694Z  INFO ws_message:game_session{game=B0QWO5 player=PlayerId(1)}: phase_server: game submission processed (lock held) game=B0QWO5 kind="action" lock_ms=6 ai_actions=0
2026-09-16T07:47:38.301251Z  INFO ws_message:game_session{game=B0QWO5 player=PlayerId(0)}: server_core::session: action applied game=B0QWO5 player=PlayerId(0) action_type="PassPriority" event_count=3
2026-09-16T07:47:38.305658Z  INFO ws_message:game_session{game=B0QWO5 player=PlayerId(0)}: phase_server: game submission processed (lock held) game=B0QWO5 kind="action" lock_ms=9 ai_actions=0
2026-09-16T07:47:38.550665Z  INFO ws_message:game_session{game=B0QWO5 player=PlayerId(1)}: server_core::session: action applied game=B0QWO5 player=PlayerId(1) action_type="PassPriority" event_count=1
2026-09-16T07:47:38.553565Z  INFO ws_message:game_session{game=B0QWO5 player=PlayerId(1)}: phase_server: game submission processed (lock held) game=B0QWO5 kind="action" lock_ms=5 ai_actions=0
2026-09-16T07:47:38.805216Z  INFO ws_message:game_session{game=B0QWO5 player=PlayerId(0)}: server_core::session: action applied game=B0QWO5 player=PlayerId(0) action_type="PassPriority" event_count=1
2026-09-16T07:47:38.809069Z  INFO ws_message:game_session{game=B0QWO5 player=PlayerId(0)}: phase_server: game submission processed (lock held) game=B0QWO5 kind="action" lock_ms=8 ai_actions=0
2026-09-16T07:47:39.055192Z  INFO ws_message:game_session{game=B0QWO5 player=PlayerId(1)}: server_core::session: action applied game=B0QWO5 player=PlayerId(1) action_type="PassPriority" event_count=1
2026-09-16T07:47:39.058493Z  INFO ws_message:game_session{game=B0QWO5 player=PlayerId(1)}: phase_server: game submission processed (lock held) game=B0QWO5 kind="action" lock_ms=5 ai_actions=0
2026-09-16T07:47:39.308888Z  INFO ws_message:game_session{game=B0QWO5 player=PlayerId(0)}: server_core::session: action applied game=B0QWO5 player=PlayerId(0) action_type="PassPriority" event_count=1
2026-09-16T07:47:39.312411Z  INFO ws_message:game_session{game=B0QWO5 player=PlayerId(0)}: phase_server: game submission processed (lock held) game=B0QWO5 kind="action" lock_ms=8 ai_actions=0
2026-09-16T07:47:39.558880Z  INFO ws_message:game_session{game=B0QWO5 player=PlayerId(1)}: server_core::session: action applied game=B0QWO5 player=PlayerId(1) action_type="PassPriority" event_count=1
2026-09-16T07:47:39.561797Z  INFO ws_message:game_session{game=B0QWO5 player=PlayerId(1)}: phase_server: game submission processed (lock held) game=B0QWO5 kind="action" lock_ms=4 ai_actions=0
2026-09-16T07:47:39.813450Z  INFO ws_message:game_session{game=B0QWO5 player=PlayerId(0)}: server_core::session: action applied game=B0QWO5 player=PlayerId(0) action_type="PassPriority" event_count=4
2026-09-16T07:47:39.817114Z  INFO ws_message:game_session{game=B0QWO5 player=PlayerId(0)}: phase_server: game submission processed (lock held) game=B0QWO5 kind="action" lock_ms=8 ai_actions=0
2026-09-16T07:47:40.060691Z  INFO ws_message:game_session{game=B0QWO5 player=PlayerId(0)}: server_core::session: action applied game=B0QWO5 player=PlayerId(0) action_type="PassPriority" event_count=1
2026-09-16T07:47:40.063419Z  INFO ws_message:game_session{game=B0QWO5 player=PlayerId(0)}: phase_server: game submission processed (lock held) game=B0QWO5 kind="action" lock_ms=3 ai_actions=0
2026-09-16T07:47:40.317577Z  INFO ws_message:game_session{game=B0QWO5 player=PlayerId(1)}: server_core::session: action applied game=B0QWO5 player=PlayerId(1) action_type="PassPriority" event_count=4
2026-09-16T07:47:40.319143Z  INFO ws_message:game_session{game=B0QWO5 player=PlayerId(1)}: phase_server: game submission processed (lock held) game=B0QWO5 kind="action" lock_ms=7 ai_actions=0
2026-09-16T07:47:40.565352Z  INFO ws_message:game_session{game=B0QWO5 player=PlayerId(0)}: server_core::session: action applied game=B0QWO5 player=PlayerId(0) action_type="PassPriority" event_count=1
2026-09-16T07:47:40.568891Z  INFO ws_message:game_session{game=B0QWO5 player=PlayerId(0)}: phase_server: game submission processed (lock held) game=B0QWO5 kind="action" lock_ms=5 ai_actions=0
2026-09-16T07:47:40.816797Z  INFO ws_message:game_session{game=B0QWO5 player=PlayerId(1)}: server_core::session: action applied game=B0QWO5 player=PlayerId(1) action_type="PassPriority" event_count=1
2026-09-16T07:47:40.849692Z  INFO ws_message:game_session{game=B0QWO5 player=PlayerId(1)}: phase_server: game submission processed (lock held) game=B0QWO5 kind="action" lock_ms=34 ai_actions=0
2026-09-16T07:47:41.070388Z  INFO ws_message:game_session{game=B0QWO5 player=PlayerId(0)}: server_core::session: action applied game=B0QWO5 player=PlayerId(0) action_type="PlayLand" event_count=2
2026-09-16T07:47:41.076635Z  INFO ws_message:game_session{game=B0QWO5 player=PlayerId(0)}: phase_server: game submission processed (lock held) game=B0QWO5 kind="action" lock_ms=11 ai_actions=0
2026-09-16T07:47:41.319447Z  INFO ws_message:game_session{game=B0QWO5 player=PlayerId(0)}: server_core::session: action applied game=B0QWO5 player=PlayerId(0) action_type="PassPriority" event_count=1
2026-09-16T07:47:41.322154Z  INFO ws_message:game_session{game=B0QWO5 player=PlayerId(0)}: phase_server: game submission processed (lock held) game=B0QWO5 kind="action" lock_ms=5 ai_actions=0
2026-09-16T07:47:41.571316Z  INFO ws_message:game_session{game=B0QWO5 player=PlayerId(1)}: server_core::session: action applied game=B0QWO5 player=PlayerId(1) action_type="PassPriority" event_count=1
2026-09-16T07:47:41.575281Z  INFO ws_message:game_session{game=B0QWO5 player=PlayerId(1)}: phase_server: game submission processed (lock held) game=B0QWO5 kind="action" lock_ms=5 ai_actions=0
2026-09-16T07:47:41.823198Z  INFO ws_message:game_session{game=B0QWO5 player=PlayerId(0)}: server_core::session: action applied game=B0QWO5 player=PlayerId(0) action_type="PassPriority" event_count=1
2026-09-16T07:47:41.827985Z  INFO ws_message:game_session{game=B0QWO5 player=PlayerId(0)}: phase_server: game submission processed (lock held) game=B0QWO5 kind="action" lock_ms=7 ai_actions=0
2026-09-16T07:47:42.077607Z  INFO ws_message:game_session{game=B0QWO5 player=PlayerId(1)}: server_core::session: action applied game=B0QWO5 player=PlayerId(1) action_type="PassPriority" event_count=3
2026-09-16T07:47:42.080743Z  INFO ws_message:game_session{game=B0QWO5 player=PlayerId(1)}: phase_server: game submission processed (lock held) game=B0QWO5 kind="action" lock_ms=8 ai_actions=0
2026-09-16T07:47:42.326592Z  INFO ws_message:game_session{game=B0QWO5 player=PlayerId(0)}: server_core::session: action applied game=B0QWO5 player=PlayerId(0) action_type="PassPriority" event_count=1
2026-09-16T07:47:42.330675Z  INFO ws_message:game_session{game=B0QWO5 player=PlayerId(0)}: phase_server: game submission processed (lock held) game=B0QWO5 kind="action" lock_ms=6 ai_actions=0
2026-09-16T07:47:42.580111Z  INFO ws_message:game_session{game=B0QWO5 player=PlayerId(1)}: server_core::session: action applied game=B0QWO5 player=PlayerId(1) action_type="PassPriority" event_count=1
2026-09-16T07:47:42.586758Z  INFO ws_message:game_session{game=B0QWO5 player=PlayerId(1)}: phase_server: game submission processed (lock held) game=B0QWO5 kind="action" lock_ms=11 ai_actions=0
2026-09-16T07:47:42.829810Z  INFO ws_message:game_session{game=B0QWO5 player=PlayerId(0)}: server_core::session: action applied game=B0QWO5 player=PlayerId(0) action_type="PassPriority" event_count=1
2026-09-16T07:47:42.832598Z  INFO ws_message:game_session{game=B0QWO5 player=PlayerId(0)}: phase_server: game submission processed (lock held) game=B0QWO5 kind="action" lock_ms=5 ai_actions=0
2026-09-16T07:47:43.082954Z  INFO ws_message:game_session{game=B0QWO5 player=PlayerId(1)}: server_core::session: action applied game=B0QWO5 player=PlayerId(1) action_type="PassPriority" event_count=1
2026-09-16T07:47:43.086581Z  INFO ws_message:game_session{game=B0QWO5 player=PlayerId(1)}: phase_server: game submission processed (lock held) game=B0QWO5 kind="action" lock_ms=7 ai_actions=0
2026-09-16T07:47:43.331023Z  INFO ws_message:game_session{game=B0QWO5 player=PlayerId(0)}: server_core::session: action applied game=B0QWO5 player=PlayerId(0) action_type="PassPriority" event_count=1
2026-09-16T07:47:43.333792Z  INFO ws_message:game_session{game=B0QWO5 player=PlayerId(0)}: phase_server: game submission processed (lock held) game=B0QWO5 kind="action" lock_ms=4 ai_actions=0
2026-09-16T07:47:43.587830Z  INFO ws_message:game_session{game=B0QWO5 player=PlayerId(1)}: server_core::session: action applied game=B0QWO5 player=PlayerId(1) action_type="PassPriority" event_count=4
2026-09-16T07:47:43.589011Z  INFO ws_message:game_session{game=B0QWO5 player=PlayerId(1)}: phase_server: game submission processed (lock held) game=B0QWO5 kind="action" lock_ms=6 ai_actions=0
2026-09-16T07:47:43.835685Z  INFO ws_message:game_session{game=B0QWO5 player=PlayerId(1)}: server_core::session: action applied game=B0QWO5 player=PlayerId(1) action_type="PassPriority" event_count=1
2026-09-16T07:47:43.839080Z  INFO ws_message:game_session{game=B0QWO5 player=PlayerId(1)}: phase_server: game submission processed (lock held) game=B0QWO5 kind="action" lock_ms=4 ai_actions=0
2026-09-16T07:47:44.090675Z  INFO ws_message:game_session{game=B0QWO5 player=PlayerId(0)}: server_core::session: action applied game=B0QWO5 player=PlayerId(0) action_type="PassPriority" event_count=4
2026-09-16T07:47:44.092566Z  INFO ws_message:game_session{game=B0QWO5 player=PlayerId(0)}: phase_server: game submission processed (lock held) game=B0QWO5 kind="action" lock_ms=8 ai_actions=0
2026-09-16T07:47:44.341086Z  INFO ws_message:game_session{game=B0QWO5 player=PlayerId(1)}: server_core::session: action applied game=B0QWO5 player=PlayerId(1) action_type="PassPriority" event_count=1
2026-09-16T07:47:44.344457Z  INFO ws_message:game_session{game=B0QWO5 player=PlayerId(1)}: phase_server: game submission processed (lock held) game=B0QWO5 kind="action" lock_ms=4 ai_actions=0
2026-09-16T07:47:44.591923Z  INFO ws_message:game_session{game=B0QWO5 player=PlayerId(0)}: server_core::session: action applied game=B0QWO5 player=PlayerId(0) action_type="PassPriority" event_count=1
2026-09-16T07:47:44.624746Z  INFO ws_message:game_session{game=B0QWO5 player=PlayerId(0)}: phase_server: game submission processed (lock held) game=B0QWO5 kind="action" lock_ms=34 ai_actions=0
2026-09-16T07:47:44.847233Z  INFO ws_message:game_session{game=B0QWO5 player=PlayerId(1)}: server_core::session: action applied game=B0QWO5 player=PlayerId(1) action_type="PlayLand" event_count=2
2026-09-16T07:47:44.850634Z  INFO ws_message:game_session{game=B0QWO5 player=PlayerId(1)}: phase_server: game submission processed (lock held) game=B0QWO5 kind="action" lock_ms=8 ai_actions=0
2026-09-16T07:47:45.096091Z  INFO ws_message:game_session{game=B0QWO5 player=PlayerId(1)}: server_core::session: action applied game=B0QWO5 player=PlayerId(1) action_type="PassPriority" event_count=1
2026-09-16T07:47:45.099571Z  INFO ws_message:game_session{game=B0QWO5 player=PlayerId(1)}: phase_server: game submission processed (lock held) game=B0QWO5 kind="action" lock_ms=5 ai_actions=0
2026-09-16T07:47:45.346731Z  INFO ws_message:game_session{game=B0QWO5 player=PlayerId(0)}: server_core::session: action applied game=B0QWO5 player=PlayerId(0) action_type="PassPriority" event_count=1
2026-09-16T07:47:45.350014Z  INFO ws_message:game_session{game=B0QWO5 player=PlayerId(0)}: phase_server: game submission processed (lock held) game=B0QWO5 kind="action" lock_ms=4 ai_actions=0
2026-09-16T07:47:45.600835Z  INFO ws_message:game_session{game=B0QWO5 player=PlayerId(1)}: server_core::session: action applied game=B0QWO5 player=PlayerId(1) action_type="PassPriority" event_count=1
2026-09-16T07:47:45.604402Z  INFO ws_message:game_session{game=B0QWO5 player=PlayerId(1)}: phase_server: game submission processed (lock held) game=B0QWO5 kind="action" lock_ms=6 ai_actions=0
2026-09-16T07:47:45.854168Z  INFO ws_message:game_session{game=B0QWO5 player=PlayerId(0)}: server_core::session: action applied game=B0QWO5 player=PlayerId(0) action_type="PassPriority" event_count=3
2026-09-16T07:47:45.857491Z  INFO ws_message:game_session{game=B0QWO5 player=PlayerId(0)}: phase_server: game submission processed (lock held) game=B0QWO5 kind="action" lock_ms=8 ai_actions=0
2026-09-16T07:47:46.103531Z  INFO ws_message:game_session{game=B0QWO5 player=PlayerId(1)}: server_core::session: action applied game=B0QWO5 player=PlayerId(1) action_type="PassPriority" event_count=1
2026-09-16T07:47:46.106887Z  INFO ws_message:game_session{game=B0QWO5 player=PlayerId(1)}: phase_server: game submission processed (lock held) game=B0QWO5 kind="action" lock_ms=5 ai_actions=0
2026-09-16T07:47:46.356844Z  INFO ws_message:game_session{game=B0QWO5 player=PlayerId(0)}: server_core::session: action applied game=B0QWO5 player=PlayerId(0) action_type="PassPriority" event_count=1
2026-09-16T07:47:46.360018Z  INFO ws_message:game_session{game=B0QWO5 player=PlayerId(0)}: phase_server: game submission processed (lock held) game=B0QWO5 kind="action" lock_ms=8 ai_actions=0
2026-09-16T07:47:46.606771Z  INFO ws_message:game_session{game=B0QWO5 player=PlayerId(1)}: server_core::session: action applied game=B0QWO5 player=PlayerId(1) action_type="PassPriority" event_count=1
2026-09-16T07:47:46.610250Z  INFO ws_message:game_session{game=B0QWO5 player=PlayerId(1)}: phase_server: game submission processed (lock held) game=B0QWO5 kind="action" lock_ms=6 ai_actions=0
2026-09-16T07:47:46.859113Z  INFO ws_message:game_session{game=B0QWO5 player=PlayerId(0)}: server_core::session: action applied game=B0QWO5 player=PlayerId(0) action_type="PassPriority" event_count=1
2026-09-16T07:47:46.862875Z  INFO ws_message:game_session{game=B0QWO5 player=PlayerId(0)}: phase_server: game submission processed (lock held) game=B0QWO5 kind="action" lock_ms=7 ai_actions=0
2026-09-16T07:47:47.108618Z  INFO ws_message:game_session{game=B0QWO5 player=PlayerId(1)}: server_core::session: action applied game=B0QWO5 player=PlayerId(1) action_type="PassPriority" event_count=1
2026-09-16T07:47:47.111879Z  INFO ws_message:game_session{game=B0QWO5 player=PlayerId(1)}: phase_server: game submission processed (lock held) game=B0QWO5 kind="action" lock_ms=4 ai_actions=0
2026-09-16T07:47:47.362850Z  INFO ws_message:game_session{game=B0QWO5 player=PlayerId(0)}: server_core::session: action applied game=B0QWO5 player=PlayerId(0) action_type="PassPriority" event_count=4
2026-09-16T07:47:47.364896Z  INFO ws_message:game_session{game=B0QWO5 player=PlayerId(0)}: phase_server: game submission processed (lock held) game=B0QWO5 kind="action" lock_ms=7 ai_actions=0
2026-09-16T07:47:47.611843Z  INFO ws_message:game_session{game=B0QWO5 player=PlayerId(0)}: server_core::session: action applied game=B0QWO5 player=PlayerId(0) action_type="PassPriority" event_count=1
2026-09-16T07:47:47.615083Z  INFO ws_message:game_session{game=B0QWO5 player=PlayerId(0)}: phase_server: game submission processed (lock held) game=B0QWO5 kind="action" lock_ms=4 ai_actions=0
2026-09-16T07:47:47.868571Z  INFO ws_message:game_session{game=B0QWO5 player=PlayerId(1)}: server_core::session: action applied game=B0QWO5 player=PlayerId(1) action_type="PassPriority" event_count=4
2026-09-16T07:47:47.870864Z  INFO ws_message:game_session{game=B0QWO5 player=PlayerId(1)}: phase_server: game submission processed (lock held) game=B0QWO5 kind="action" lock_ms=8 ai_actions=0
2026-09-16T07:47:48.114882Z  INFO ws_message:game_session{game=B0QWO5 player=PlayerId(0)}: server_core::session: action applied game=B0QWO5 player=PlayerId(0) action_type="PassPriority" event_count=1
2026-09-16T07:47:48.118291Z  INFO ws_message:game_session{game=B0QWO5 player=PlayerId(0)}: phase_server: game submission processed (lock held) game=B0QWO5 kind="action" lock_ms=5 ai_actions=0
2026-09-16T07:47:48.368558Z  INFO ws_message:game_session{game=B0QWO5 player=PlayerId(1)}: server_core::session: action applied game=B0QWO5 player=PlayerId(1) action_type="PassPriority" event_count=1
2026-09-16T07:47:48.400658Z  INFO ws_message:game_session{game=B0QWO5 player=PlayerId(1)}: phase_server: game submission processed (lock held) game=B0QWO5 kind="action" lock_ms=33 ai_actions=0
2026-09-16T07:47:48.623071Z  INFO ws_message:game_session{game=B0QWO5 player=PlayerId(0)}: server_core::session: action applied game=B0QWO5 player=PlayerId(0) action_type="PlayLand" event_count=2
2026-09-16T07:47:48.630493Z  INFO ws_message:game_session{game=B0QWO5 player=PlayerId(0)}: phase_server: game submission processed (lock held) game=B0QWO5 kind="action" lock_ms=13 ai_actions=0
2026-09-16T07:47:48.871417Z  INFO ws_message:game_session{game=B0QWO5 player=PlayerId(0)}: server_core::session: action applied game=B0QWO5 player=PlayerId(0) action_type="PassPriority" event_count=1
2026-09-16T07:47:48.874837Z  INFO ws_message:game_session{game=B0QWO5 player=PlayerId(0)}: phase_server: game submission processed (lock held) game=B0QWO5 kind="action" lock_ms=5 ai_actions=0
2026-09-16T07:47:49.121986Z  INFO ws_message:game_session{game=B0QWO5 player=PlayerId(1)}: server_core::session: action applied game=B0QWO5 player=PlayerId(1) action_type="PassPriority" event_count=1
2026-09-16T07:47:49.126560Z  INFO ws_message:game_session{game=B0QWO5 player=PlayerId(1)}: phase_server: game submission processed (lock held) game=B0QWO5 kind="action" lock_ms=6 ai_actions=0
2026-09-16T07:47:49.374346Z  INFO ws_message:game_session{game=B0QWO5 player=PlayerId(0)}: server_core::session: action applied game=B0QWO5 player=PlayerId(0) action_type="PassPriority" event_count=1
2026-09-16T07:47:49.378188Z  INFO ws_message:game_session{game=B0QWO5 player=PlayerId(0)}: phase_server: game submission processed (lock held) game=B0QWO5 kind="action" lock_ms=7 ai_actions=0
2026-09-16T07:47:49.628059Z  INFO ws_message:game_session{game=B0QWO5 player=PlayerId(1)}: server_core::session: action applied game=B0QWO5 player=PlayerId(1) action_type="PassPriority" event_count=3
2026-09-16T07:47:49.631920Z  INFO ws_message:game_session{game=B0QWO5 player=PlayerId(1)}: phase_server: game submission processed (lock held) game=B0QWO5 kind="action" lock_ms=8 ai_actions=0
2026-09-16T07:47:49.876713Z  INFO ws_message:game_session{game=B0QWO5 player=PlayerId(0)}: server_core::session: action applied game=B0QWO5 player=PlayerId(0) action_type="PassPriority" event_count=1
2026-09-16T07:47:49.879997Z  INFO ws_message:game_session{game=B0QWO5 player=PlayerId(0)}: phase_server: game submission processed (lock held) game=B0QWO5 kind="action" lock_ms=5 ai_actions=0
2026-09-16T07:47:50.130282Z  INFO ws_message:game_session{game=B0QWO5 player=PlayerId(1)}: server_core::session: action applied game=B0QWO5 player=PlayerId(1) action_type="PassPriority" event_count=1
2026-09-16T07:47:50.139397Z  INFO ws_message:game_session{game=B0QWO5 player=PlayerId(1)}: phase_server: game submission processed (lock held) game=B0QWO5 kind="action" lock_ms=13 ai_actions=0
2026-09-16T07:47:50.379086Z  INFO ws_message:game_session{game=B0QWO5 player=PlayerId(0)}: server_core::session: action applied game=B0QWO5 player=PlayerId(0) action_type="PassPriority" event_count=1
2026-09-16T07:47:50.382511Z  INFO ws_message:game_session{game=B0QWO5 player=PlayerId(0)}: phase_server: game submission processed (lock held) game=B0QWO5 kind="action" lock_ms=5 ai_actions=0
2026-09-16T07:47:50.632546Z  INFO ws_message:game_session{game=B0QWO5 player=PlayerId(1)}: server_core::session: action applied game=B0QWO5 player=PlayerId(1) action_type="PassPriority" event_count=1
2026-09-16T07:47:50.639385Z  INFO ws_message:game_session{game=B0QWO5 player=PlayerId(1)}: phase_server: game submission processed (lock held) game=B0QWO5 kind="action" lock_ms=11 ai_actions=0
2026-09-16T07:47:50.880390Z  INFO ws_message:game_session{game=B0QWO5 player=PlayerId(0)}: server_core::session: action applied game=B0QWO5 player=PlayerId(0) action_type="PassPriority" event_count=1
2026-09-16T07:47:50.883732Z  INFO ws_message:game_session{game=B0QWO5 player=PlayerId(0)}: phase_server: game submission processed (lock held) game=B0QWO5 kind="action" lock_ms=5 ai_actions=0
2026-09-16T07:47:51.135309Z  INFO ws_message:game_session{game=B0QWO5 player=PlayerId(1)}: server_core::session: action applied game=B0QWO5 player=PlayerId(1) action_type="PassPriority" event_count=4
2026-09-16T07:47:51.138876Z  INFO ws_message:game_session{game=B0QWO5 player=PlayerId(1)}: phase_server: game submission processed (lock held) game=B0QWO5 kind="action" lock_ms=8 ai_actions=0
2026-09-16T07:47:51.383677Z  INFO ws_message:game_session{game=B0QWO5 player=PlayerId(1)}: server_core::session: action applied game=B0QWO5 player=PlayerId(1) action_type="PassPriority" event_count=1
2026-09-16T07:47:51.388228Z  INFO ws_message:game_session{game=B0QWO5 player=PlayerId(1)}: phase_server: game submission processed (lock held) game=B0QWO5 kind="action" lock_ms=6 ai_actions=0
2026-09-16T07:47:51.638748Z  INFO ws_message:game_session{game=B0QWO5 player=PlayerId(0)}: server_core::session: action applied game=B0QWO5 player=PlayerId(0) action_type="PassPriority" event_count=4
2026-09-16T07:47:51.640498Z  INFO ws_message:game_session{game=B0QWO5 player=PlayerId(0)}: phase_server: game submission processed (lock held) game=B0QWO5 kind="action" lock_ms=7 ai_actions=0
2026-09-16T07:47:51.886611Z  INFO ws_message:game_session{game=B0QWO5 player=PlayerId(1)}: server_core::session: action applied game=B0QWO5 player=PlayerId(1) action_type="PassPriority" event_count=1
2026-09-16T07:47:51.890769Z  INFO ws_message:game_session{game=B0QWO5 player=PlayerId(1)}: phase_server: game submission processed (lock held) game=B0QWO5 kind="action" lock_ms=6 ai_actions=0
2026-09-16T07:47:52.136683Z  INFO ws_message:game_session{game=B0QWO5 player=PlayerId(0)}: server_core::session: action applied game=B0QWO5 player=PlayerId(0) action_type="PassPriority" event_count=1
2026-09-16T07:47:52.168782Z  INFO ws_message:game_session{game=B0QWO5 player=PlayerId(0)}: phase_server: game submission processed (lock held) game=B0QWO5 kind="action" lock_ms=33 ai_actions=0
2026-09-16T07:47:52.392753Z  INFO ws_message:game_session{game=B0QWO5 player=PlayerId(1)}: server_core::session: action applied game=B0QWO5 player=PlayerId(1) action_type="PlayLand" event_count=2
2026-09-16T07:47:52.396620Z  INFO ws_message:game_session{game=B0QWO5 player=PlayerId(1)}: phase_server: game submission processed (lock held) game=B0QWO5 kind="action" lock_ms=9 ai_actions=0
2026-09-16T07:47:52.641211Z  INFO ws_message:game_session{game=B0QWO5 player=PlayerId(1)}: server_core::session: action applied game=B0QWO5 player=PlayerId(1) action_type="PassPriority" event_count=1
2026-09-16T07:47:52.645019Z  INFO ws_message:game_session{game=B0QWO5 player=PlayerId(1)}: phase_server: game submission processed (lock held) game=B0QWO5 kind="action" lock_ms=6 ai_actions=0
2026-09-16T07:47:52.893083Z  INFO ws_message:game_session{game=B0QWO5 player=PlayerId(0)}: server_core::session: action applied game=B0QWO5 player=PlayerId(0) action_type="PassPriority" event_count=1
2026-09-16T07:47:52.897765Z  INFO ws_message:game_session{game=B0QWO5 player=PlayerId(0)}: phase_server: game submission processed (lock held) game=B0QWO5 kind="action" lock_ms=7 ai_actions=0
2026-09-16T07:47:53.147710Z  INFO ws_message:game_session{game=B0QWO5 player=PlayerId(1)}: server_core::session: action applied game=B0QWO5 player=PlayerId(1) action_type="PassPriority" event_count=1
2026-09-16T07:47:53.152887Z  INFO ws_message:game_session{game=B0QWO5 player=PlayerId(1)}: phase_server: game submission processed (lock held) game=B0QWO5 kind="action" lock_ms=7 ai_actions=0
2026-09-16T07:47:53.399894Z  INFO ws_message:game_session{game=B0QWO5 player=PlayerId(0)}: server_core::session: action applied game=B0QWO5 player=PlayerId(0) action_type="PassPriority" event_count=3
2026-09-16T07:47:53.404059Z  INFO ws_message:game_session{game=B0QWO5 player=PlayerId(0)}: phase_server: game submission processed (lock held) game=B0QWO5 kind="action" lock_ms=9 ai_actions=0
2026-09-16T07:47:53.651024Z  INFO ws_message:game_session{game=B0QWO5 player=PlayerId(1)}: server_core::session: action applied game=B0QWO5 player=PlayerId(1) action_type="PassPriority" event_count=1
2026-09-16T07:47:53.657010Z  INFO ws_message:game_session{game=B0QWO5 player=PlayerId(1)}: phase_server: game submission processed (lock held) game=B0QWO5 kind="action" lock_ms=9 ai_actions=0
2026-09-16T07:47:53.902589Z  INFO ws_message:game_session{game=B0QWO5 player=PlayerId(0)}: server_core::session: action applied game=B0QWO5 player=PlayerId(0) action_type="PassPriority" event_count=1
2026-09-16T07:47:53.907153Z  INFO ws_message:game_session{game=B0QWO5 player=PlayerId(0)}: phase_server: game submission processed (lock held) game=B0QWO5 kind="action" lock_ms=9 ai_actions=0
2026-09-16T07:47:54.153150Z  INFO ws_message:game_session{game=B0QWO5 player=PlayerId(1)}: server_core::session: action applied game=B0QWO5 player=PlayerId(1) action_type="PassPriority" event_count=1
2026-09-16T07:47:54.157441Z  INFO ws_message:game_session{game=B0QWO5 player=PlayerId(1)}: phase_server: game submission processed (lock held) game=B0QWO5 kind="action" lock_ms=6 ai_actions=0
2026-09-16T07:47:54.404808Z  INFO ws_message:game_session{game=B0QWO5 player=PlayerId(0)}: server_core::session: action applied game=B0QWO5 player=PlayerId(0) action_type="PassPriority" event_count=1
2026-09-16T07:47:54.408534Z  INFO ws_message:game_session{game=B0QWO5 player=PlayerId(0)}: phase_server: game submission processed (lock held) game=B0QWO5 kind="action" lock_ms=8 ai_actions=0
2026-09-16T07:47:54.654522Z  INFO ws_message:game_session{game=B0QWO5 player=PlayerId(1)}: server_core::session: action applied game=B0QWO5 player=PlayerId(1) action_type="PassPriority" event_count=1
2026-09-16T07:47:54.658218Z  INFO ws_message:game_session{game=B0QWO5 player=PlayerId(1)}: phase_server: game submission processed (lock held) game=B0QWO5 kind="action" lock_ms=5 ai_actions=0
2026-09-16T07:47:54.909409Z  INFO ws_message:game_session{game=B0QWO5 player=PlayerId(0)}: server_core::session: action applied game=B0QWO5 player=PlayerId(0) action_type="PassPriority" event_count=4
2026-09-16T07:47:54.912199Z  INFO ws_message:game_session{game=B0QWO5 player=PlayerId(0)}: phase_server: game submission processed (lock held) game=B0QWO5 kind="action" lock_ms=8 ai_actions=0
2026-09-16T07:47:55.157278Z  INFO ws_message:game_session{game=B0QWO5 player=PlayerId(0)}: server_core::session: action applied game=B0QWO5 player=PlayerId(0) action_type="PassPriority" event_count=1
2026-09-16T07:47:55.161691Z  INFO ws_message:game_session{game=B0QWO5 player=PlayerId(0)}: phase_server: game submission processed (lock held) game=B0QWO5 kind="action" lock_ms=6 ai_actions=0
2026-09-16T07:47:55.413586Z  INFO ws_message:game_session{game=B0QWO5 player=PlayerId(1)}: server_core::session: action applied game=B0QWO5 player=PlayerId(1) action_type="PassPriority" event_count=4
2026-09-16T07:47:55.415377Z  INFO ws_message:game_session{game=B0QWO5 player=PlayerId(1)}: phase_server: game submission processed (lock held) game=B0QWO5 kind="action" lock_ms=7 ai_actions=0
2026-09-16T07:47:55.660772Z  INFO ws_message:game_session{game=B0QWO5 player=PlayerId(0)}: server_core::session: action applied game=B0QWO5 player=PlayerId(0) action_type="PassPriority" event_count=1
2026-09-16T07:47:55.664883Z  INFO ws_message:game_session{game=B0QWO5 player=PlayerId(0)}: phase_server: game submission processed (lock held) game=B0QWO5 kind="action" lock_ms=6 ai_actions=0
2026-09-16T07:47:55.913297Z  INFO ws_message:game_session{game=B0QWO5 player=PlayerId(1)}: server_core::session: action applied game=B0QWO5 player=PlayerId(1) action_type="PassPriority" event_count=1
2026-09-16T07:47:55.946203Z  INFO ws_message:game_session{game=B0QWO5 player=PlayerId(1)}: phase_server: game submission processed (lock held) game=B0QWO5 kind="action" lock_ms=34 ai_actions=0
2026-09-16T07:47:56.166955Z  INFO ws_message:game_session{game=B0QWO5 player=PlayerId(0)}: server_core::session: action applied game=B0QWO5 player=PlayerId(0) action_type="PlayLand" event_count=2
2026-09-16T07:47:56.173456Z  INFO ws_message:game_session{game=B0QWO5 player=PlayerId(0)}: phase_server: game submission processed (lock held) game=B0QWO5 kind="action" lock_ms=11 ai_actions=0
2026-09-16T07:47:56.417718Z  INFO ws_message:game_session{game=B0QWO5 player=PlayerId(0)}: server_core::session: action applied game=B0QWO5 player=PlayerId(0) action_type="PassPriority" event_count=1
2026-09-16T07:47:56.421721Z  INFO ws_message:game_session{game=B0QWO5 player=PlayerId(0)}: phase_server: game submission processed (lock held) game=B0QWO5 kind="action" lock_ms=6 ai_actions=0
2026-09-16T07:47:56.669890Z  INFO ws_message:game_session{game=B0QWO5 player=PlayerId(1)}: server_core::session: action applied game=B0QWO5 player=PlayerId(1) action_type="PassPriority" event_count=1
2026-09-16T07:47:56.675510Z  INFO ws_message:game_session{game=B0QWO5 player=PlayerId(1)}: phase_server: game submission processed (lock held) game=B0QWO5 kind="action" lock_ms=8 ai_actions=0
2026-09-16T07:47:56.920490Z  INFO ws_message:game_session{game=B0QWO5 player=PlayerId(0)}: server_core::session: action applied game=B0QWO5 player=PlayerId(0) action_type="PassPriority" event_count=1
2026-09-16T07:47:56.925086Z  INFO ws_message:game_session{game=B0QWO5 player=PlayerId(0)}: phase_server: game submission processed (lock held) game=B0QWO5 kind="action" lock_ms=7 ai_actions=0
2026-09-16T07:47:57.174003Z  INFO ws_message:game_session{game=B0QWO5 player=PlayerId(1)}: server_core::session: action applied game=B0QWO5 player=PlayerId(1) action_type="PassPriority" event_count=3
2026-09-16T07:47:57.178438Z  INFO ws_message:game_session{game=B0QWO5 player=PlayerId(1)}: phase_server: game submission processed (lock held) game=B0QWO5 kind="action" lock_ms=9 ai_actions=0
2026-09-16T07:47:57.423277Z  INFO ws_message:game_session{game=B0QWO5 player=PlayerId(0)}: server_core::session: action applied game=B0QWO5 player=PlayerId(0) action_type="PassPriority" event_count=1
2026-09-16T07:47:57.427009Z  INFO ws_message:game_session{game=B0QWO5 player=PlayerId(0)}: phase_server: game submission processed (lock held) game=B0QWO5 kind="action" lock_ms=6 ai_actions=0
2026-09-16T07:47:57.677549Z  INFO ws_message:game_session{game=B0QWO5 player=PlayerId(1)}: server_core::session: action applied game=B0QWO5 player=PlayerId(1) action_type="PassPriority" event_count=1
2026-09-16T07:47:57.684688Z  INFO ws_message:game_session{game=B0QWO5 player=PlayerId(1)}: phase_server: game submission processed (lock held) game=B0QWO5 kind="action" lock_ms=11 ai_actions=0
2026-09-16T07:47:57.927275Z  INFO ws_message:game_session{game=B0QWO5 player=PlayerId(0)}: server_core::session: action applied game=B0QWO5 player=PlayerId(0) action_type="PassPriority" event_count=1
2026-09-16T07:47:57.934750Z  INFO ws_message:game_session{game=B0QWO5 player=PlayerId(0)}: phase_server: game submission processed (lock held) game=B0QWO5 kind="action" lock_ms=11 ai_actions=0
2026-09-16T07:47:58.180661Z  INFO ws_message:game_session{game=B0QWO5 player=PlayerId(1)}: server_core::session: action applied game=B0QWO5 player=PlayerId(1) action_type="PassPriority" event_count=1
2026-09-16T07:47:58.184854Z  INFO ws_message:game_session{game=B0QWO5 player=PlayerId(1)}: phase_server: game submission processed (lock held) game=B0QWO5 kind="action" lock_ms=8 ai_actions=0
2026-09-16T07:47:58.429341Z  INFO ws_message:game_session{game=B0QWO5 player=PlayerId(0)}: server_core::session: action applied game=B0QWO5 player=PlayerId(0) action_type="PassPriority" event_count=1
2026-09-16T07:47:58.433062Z  INFO ws_message:game_session{game=B0QWO5 player=PlayerId(0)}: phase_server: game submission processed (lock held) game=B0QWO5 kind="action" lock_ms=5 ai_actions=0
2026-09-16T07:47:58.685313Z  INFO ws_message:game_session{game=B0QWO5 player=PlayerId(1)}: server_core::session: action applied game=B0QWO5 player=PlayerId(1) action_type="PassPriority" event_count=4
2026-09-16T07:47:58.687798Z  INFO ws_message:game_session{game=B0QWO5 player=PlayerId(1)}: phase_server: game submission processed (lock held) game=B0QWO5 kind="action" lock_ms=7 ai_actions=0
2026-09-16T07:47:58.932897Z  INFO ws_message:game_session{game=B0QWO5 player=PlayerId(1)}: server_core::session: action applied game=B0QWO5 player=PlayerId(1) action_type="PassPriority" event_count=1
2026-09-16T07:47:58.937404Z  INFO ws_message:game_session{game=B0QWO5 player=PlayerId(1)}: phase_server: game submission processed (lock held) game=B0QWO5 kind="action" lock_ms=6 ai_actions=0
2026-09-16T07:47:59.186842Z  INFO ws_message:game_session{game=B0QWO5 player=PlayerId(0)}: server_core::session: action applied game=B0QWO5 player=PlayerId(0) action_type="PassPriority" event_count=4
2026-09-16T07:47:59.188226Z  INFO ws_message:game_session{game=B0QWO5 player=PlayerId(0)}: phase_server: game submission processed (lock held) game=B0QWO5 kind="action" lock_ms=7 ai_actions=0
2026-09-16T07:47:59.435004Z  INFO ws_message:game_session{game=B0QWO5 player=PlayerId(1)}: server_core::session: action applied game=B0QWO5 player=PlayerId(1) action_type="PassPriority" event_count=1
2026-09-16T07:47:59.439399Z  INFO ws_message:game_session{game=B0QWO5 player=PlayerId(1)}: phase_server: game submission processed (lock held) game=B0QWO5 kind="action" lock_ms=6 ai_actions=0
2026-09-16T07:47:59.686757Z  INFO ws_message:game_session{game=B0QWO5 player=PlayerId(0)}: server_core::session: action applied game=B0QWO5 player=PlayerId(0) action_type="PassPriority" event_count=1
2026-09-16T07:47:59.720913Z  INFO ws_message:game_session{game=B0QWO5 player=PlayerId(0)}: phase_server: game submission processed (lock held) game=B0QWO5 kind="action" lock_ms=36 ai_actions=0
2026-09-16T07:47:59.941929Z  INFO ws_message:game_session{game=B0QWO5 player=PlayerId(1)}: server_core::session: action applied game=B0QWO5 player=PlayerId(1) action_type="PlayLand" event_count=2
2026-09-16T07:47:59.948376Z  INFO ws_message:game_session{game=B0QWO5 player=PlayerId(1)}: phase_server: game submission processed (lock held) game=B0QWO5 kind="action" lock_ms=11 ai_actions=0
2026-09-16T07:48:00.191420Z  INFO ws_message:game_session{game=B0QWO5 player=PlayerId(1)}: server_core::session: action applied game=B0QWO5 player=PlayerId(1) action_type="PassPriority" event_count=1
2026-09-16T07:48:00.197961Z  INFO ws_message:game_session{game=B0QWO5 player=PlayerId(1)}: phase_server: game submission processed (lock held) game=B0QWO5 kind="action" lock_ms=9 ai_actions=0
2026-09-16T07:48:00.441660Z  INFO ws_message:game_session{game=B0QWO5 player=PlayerId(0)}: server_core::session: action applied game=B0QWO5 player=PlayerId(0) action_type="PassPriority" event_count=1
2026-09-16T07:48:00.446965Z  INFO ws_message:game_session{game=B0QWO5 player=PlayerId(0)}: phase_server: game submission processed (lock held) game=B0QWO5 kind="action" lock_ms=7 ai_actions=0
2026-09-16T07:48:00.695377Z  INFO ws_message:game_session{game=B0QWO5 player=PlayerId(1)}: server_core::session: action applied game=B0QWO5 player=PlayerId(1) action_type="PassPriority" event_count=1
2026-09-16T07:48:00.699861Z  INFO ws_message:game_session{game=B0QWO5 player=PlayerId(1)}: phase_server: game submission processed (lock held) game=B0QWO5 kind="action" lock_ms=7 ai_actions=0
2026-09-16T07:48:00.947147Z  INFO ws_message:game_session{game=B0QWO5 player=PlayerId(0)}: server_core::session: action applied game=B0QWO5 player=PlayerId(0) action_type="PassPriority" event_count=3
2026-09-16T07:48:00.951841Z  INFO ws_message:game_session{game=B0QWO5 player=PlayerId(0)}: phase_server: game submission processed (lock held) game=B0QWO5 kind="action" lock_ms=9 ai_actions=0
2026-09-16T07:48:01.197661Z  INFO ws_message:game_session{game=B0QWO5 player=PlayerId(1)}: server_core::session: action applied game=B0QWO5 player=PlayerId(1) action_type="PassPriority" event_count=1
2026-09-16T07:48:01.202591Z  INFO ws_message:game_session{game=B0QWO5 player=PlayerId(1)}: phase_server: game submission processed (lock held) game=B0QWO5 kind="action" lock_ms=7 ai_actions=0
2026-09-16T07:48:01.449976Z  INFO ws_message:game_session{game=B0QWO5 player=PlayerId(0)}: server_core::session: action applied game=B0QWO5 player=PlayerId(0) action_type="PassPriority" event_count=1
2026-09-16T07:48:01.454308Z  INFO ws_message:game_session{game=B0QWO5 player=PlayerId(0)}: phase_server: game submission processed (lock held) game=B0QWO5 kind="action" lock_ms=9 ai_actions=0
2026-09-16T07:48:01.699655Z  INFO ws_message:game_session{game=B0QWO5 player=PlayerId(1)}: server_core::session: action applied game=B0QWO5 player=PlayerId(1) action_type="PassPriority" event_count=1
2026-09-16T07:48:01.705272Z  INFO ws_message:game_session{game=B0QWO5 player=PlayerId(1)}: phase_server: game submission processed (lock held) game=B0QWO5 kind="action" lock_ms=8 ai_actions=0
2026-09-16T07:48:01.952259Z  INFO ws_message:game_session{game=B0QWO5 player=PlayerId(0)}: server_core::session: action applied game=B0QWO5 player=PlayerId(0) action_type="PassPriority" event_count=1
2026-09-16T07:48:01.956730Z  INFO ws_message:game_session{game=B0QWO5 player=PlayerId(0)}: phase_server: game submission processed (lock held) game=B0QWO5 kind="action" lock_ms=8 ai_actions=0
2026-09-16T07:48:02.202326Z  INFO ws_message:game_session{game=B0QWO5 player=PlayerId(1)}: server_core::session: action applied game=B0QWO5 player=PlayerId(1) action_type="PassPriority" event_count=1
2026-09-16T07:48:02.206951Z  INFO ws_message:game_session{game=B0QWO5 player=PlayerId(1)}: phase_server: game submission processed (lock held) game=B0QWO5 kind="action" lock_ms=6 ai_actions=0
2026-09-16T07:48:02.456998Z  INFO ws_message:game_session{game=B0QWO5 player=PlayerId(0)}: server_core::session: action applied game=B0QWO5 player=PlayerId(0) action_type="PassPriority" event_count=4
2026-09-16T07:48:02.459656Z  INFO ws_message:game_session{game=B0QWO5 player=PlayerId(0)}: phase_server: game submission processed (lock held) game=B0QWO5 kind="action" lock_ms=8 ai_actions=0
2026-09-16T07:48:02.705124Z  INFO ws_message:game_session{game=B0QWO5 player=PlayerId(0)}: server_core::session: action applied game=B0QWO5 player=PlayerId(0) action_type="PassPriority" event_count=1
2026-09-16T07:48:02.709674Z  INFO ws_message:game_session{game=B0QWO5 player=PlayerId(0)}: phase_server: game submission processed (lock held) game=B0QWO5 kind="action" lock_ms=6 ai_actions=0
2026-09-16T07:48:02.962611Z  INFO ws_message:game_session{game=B0QWO5 player=PlayerId(1)}: server_core::session: action applied game=B0QWO5 player=PlayerId(1) action_type="PassPriority" event_count=4
2026-09-16T07:48:02.965014Z  INFO ws_message:game_session{game=B0QWO5 player=PlayerId(1)}: phase_server: game submission processed (lock held) game=B0QWO5 kind="action" lock_ms=9 ai_actions=0
2026-09-16T07:48:03.208840Z  INFO ws_message:game_session{game=B0QWO5 player=PlayerId(0)}: server_core::session: action applied game=B0QWO5 player=PlayerId(0) action_type="PassPriority" event_count=1
2026-09-16T07:48:03.213959Z  INFO ws_message:game_session{game=B0QWO5 player=PlayerId(0)}: phase_server: game submission processed (lock held) game=B0QWO5 kind="action" lock_ms=7 ai_actions=0
2026-09-16T07:48:03.461638Z  INFO ws_message:game_session{game=B0QWO5 player=PlayerId(1)}: server_core::session: action applied game=B0QWO5 player=PlayerId(1) action_type="PassPriority" event_count=1
2026-09-16T07:48:03.495376Z  INFO ws_message:game_session{game=B0QWO5 player=PlayerId(1)}: phase_server: game submission processed (lock held) game=B0QWO5 kind="action" lock_ms=36 ai_actions=0
2026-09-16T07:48:03.713728Z  INFO ws_message:game_session{game=B0QWO5 player=PlayerId(0)}: server_core::session: action applied game=B0QWO5 player=PlayerId(0) action_type="PlayLand" event_count=2
2026-09-16T07:48:03.720135Z  INFO ws_message:game_session{game=B0QWO5 player=PlayerId(0)}: phase_server: game submission processed (lock held) game=B0QWO5 kind="action" lock_ms=11 ai_actions=0
2026-09-16T07:48:03.962955Z  INFO ws_message:game_session{game=B0QWO5 player=PlayerId(0)}: server_core::session: action applied game=B0QWO5 player=PlayerId(0) action_type="PassPriority" event_count=1
2026-09-16T07:48:03.967444Z  INFO ws_message:game_session{game=B0QWO5 player=PlayerId(0)}: phase_server: game submission processed (lock held) game=B0QWO5 kind="action" lock_ms=7 ai_actions=0
2026-09-16T07:48:04.215451Z  INFO ws_message:game_session{game=B0QWO5 player=PlayerId(1)}: server_core::session: action applied game=B0QWO5 player=PlayerId(1) action_type="PassPriority" event_count=1
2026-09-16T07:48:04.220575Z  INFO ws_message:game_session{game=B0QWO5 player=PlayerId(1)}: phase_server: game submission processed (lock held) game=B0QWO5 kind="action" lock_ms=7 ai_actions=0
2026-09-16T07:48:04.465057Z  INFO ws_message:game_session{game=B0QWO5 player=PlayerId(0)}: server_core::session: action applied game=B0QWO5 player=PlayerId(0) action_type="PassPriority" event_count=1
2026-09-16T07:48:04.471980Z  INFO ws_message:game_session{game=B0QWO5 player=PlayerId(0)}: phase_server: game submission processed (lock held) game=B0QWO5 kind="action" lock_ms=9 ai_actions=0
2026-09-16T07:48:04.723179Z  INFO ws_message:game_session{game=B0QWO5 player=PlayerId(1)}: server_core::session: action applied game=B0QWO5 player=PlayerId(1) action_type="PassPriority" event_count=3
2026-09-16T07:48:04.728107Z  INFO ws_message:game_session{game=B0QWO5 player=PlayerId(1)}: phase_server: game submission processed (lock held) game=B0QWO5 kind="action" lock_ms=9 ai_actions=0
2026-09-16T07:48:04.967663Z  INFO ws_message:game_session{game=B0QWO5 player=PlayerId(0)}: server_core::session: action applied game=B0QWO5 player=PlayerId(0) action_type="PassPriority" event_count=1
2026-09-16T07:48:04.972529Z  INFO ws_message:game_session{game=B0QWO5 player=PlayerId(0)}: phase_server: game submission processed (lock held) game=B0QWO5 kind="action" lock_ms=7 ai_actions=0
2026-09-16T07:48:05.225232Z  INFO ws_message:game_session{game=B0QWO5 player=PlayerId(1)}: server_core::session: action applied game=B0QWO5 player=PlayerId(1) action_type="PassPriority" event_count=1
2026-09-16T07:48:05.232125Z  INFO ws_message:game_session{game=B0QWO5 player=PlayerId(1)}: phase_server: game submission processed (lock held) game=B0QWO5 kind="action" lock_ms=11 ai_actions=0
2026-09-16T07:48:05.470771Z  INFO ws_message:game_session{game=B0QWO5 player=PlayerId(0)}: server_core::session: action applied game=B0QWO5 player=PlayerId(0) action_type="PassPriority" event_count=1
2026-09-16T07:48:05.475244Z  INFO ws_message:game_session{game=B0QWO5 player=PlayerId(0)}: phase_server: game submission processed (lock held) game=B0QWO5 kind="action" lock_ms=7 ai_actions=0
2026-09-16T07:48:05.728434Z  INFO ws_message:game_session{game=B0QWO5 player=PlayerId(1)}: server_core::session: action applied game=B0QWO5 player=PlayerId(1) action_type="PassPriority" event_count=1
2026-09-16T07:48:05.734377Z  INFO ws_message:game_session{game=B0QWO5 player=PlayerId(1)}: phase_server: game submission processed (lock held) game=B0QWO5 kind="action" lock_ms=11 ai_actions=0
2026-09-16T07:48:05.973312Z  INFO ws_message:game_session{game=B0QWO5 player=PlayerId(0)}: server_core::session: action applied game=B0QWO5 player=PlayerId(0) action_type="PassPriority" event_count=1
2026-09-16T07:48:05.978156Z  INFO ws_message:game_session{game=B0QWO5 player=PlayerId(0)}: phase_server: game submission processed (lock held) game=B0QWO5 kind="action" lock_ms=7 ai_actions=0
2026-09-16T07:48:06.230504Z  INFO ws_message:game_session{game=B0QWO5 player=PlayerId(1)}: server_core::session: action applied game=B0QWO5 player=PlayerId(1) action_type="PassPriority" event_count=4
2026-09-16T07:48:06.232824Z  INFO ws_message:game_session{game=B0QWO5 player=PlayerId(1)}: phase_server: game submission processed (lock held) game=B0QWO5 kind="action" lock_ms=7 ai_actions=0
2026-09-16T07:48:06.478394Z  INFO ws_message:game_session{game=B0QWO5 player=PlayerId(1)}: server_core::session: action applied game=B0QWO5 player=PlayerId(1) action_type="PassPriority" event_count=1
2026-09-16T07:48:06.483679Z  INFO ws_message:game_session{game=B0QWO5 player=PlayerId(1)}: phase_server: game submission processed (lock held) game=B0QWO5 kind="action" lock_ms=7 ai_actions=0
2026-09-16T07:48:06.732544Z  INFO ws_message:game_session{game=B0QWO5 player=PlayerId(0)}: server_core::session: action applied game=B0QWO5 player=PlayerId(0) action_type="PassPriority" event_count=4
2026-09-16T07:48:06.734006Z  INFO ws_message:game_session{game=B0QWO5 player=PlayerId(0)}: phase_server: game submission processed (lock held) game=B0QWO5 kind="action" lock_ms=8 ai_actions=0
2026-09-16T07:48:06.981176Z  INFO ws_message:game_session{game=B0QWO5 player=PlayerId(1)}: server_core::session: action applied game=B0QWO5 player=PlayerId(1) action_type="PassPriority" event_count=1
2026-09-16T07:48:06.985826Z  INFO ws_message:game_session{game=B0QWO5 player=PlayerId(1)}: phase_server: game submission processed (lock held) game=B0QWO5 kind="action" lock_ms=6 ai_actions=0
2026-09-16T07:48:07.230534Z  INFO ws_message:game_session{game=B0QWO5 player=PlayerId(0)}: server_core::session: action applied game=B0QWO5 player=PlayerId(0) action_type="PassPriority" event_count=1
2026-09-16T07:48:07.263372Z  INFO ws_message:game_session{game=B0QWO5 player=PlayerId(0)}: phase_server: game submission processed (lock held) game=B0QWO5 kind="action" lock_ms=35 ai_actions=0
2026-09-16T07:48:07.486199Z  INFO ws_message:game_session{game=B0QWO5 player=PlayerId(1)}: server_core::session: action applied game=B0QWO5 player=PlayerId(1) action_type="PlayLand" event_count=2
2026-09-16T07:48:07.491776Z  INFO ws_message:game_session{game=B0QWO5 player=PlayerId(1)}: phase_server: game submission processed (lock held) game=B0QWO5 kind="action" lock_ms=10 ai_actions=0
2026-09-16T07:48:07.735069Z  INFO ws_message:game_session{game=B0QWO5 player=PlayerId(1)}: server_core::session: action applied game=B0QWO5 player=PlayerId(1) action_type="PassPriority" event_count=1
2026-09-16T07:48:07.739695Z  INFO ws_message:game_session{game=B0QWO5 player=PlayerId(1)}: phase_server: game submission processed (lock held) game=B0QWO5 kind="action" lock_ms=7 ai_actions=0
2026-09-16T07:48:07.983859Z  INFO ws_message:game_session{game=B0QWO5 player=PlayerId(0)}: server_core::session: action applied game=B0QWO5 player=PlayerId(0) action_type="PassPriority" event_count=1
2026-09-16T07:48:07.989106Z  INFO ws_message:game_session{game=B0QWO5 player=PlayerId(0)}: phase_server: game submission processed (lock held) game=B0QWO5 kind="action" lock_ms=7 ai_actions=0
2026-09-16T07:48:08.237834Z  INFO ws_message:game_session{game=B0QWO5 player=PlayerId(1)}: server_core::session: action applied game=B0QWO5 player=PlayerId(1) action_type="PassPriority" event_count=1
2026-09-16T07:48:08.242521Z  INFO ws_message:game_session{game=B0QWO5 player=PlayerId(1)}: phase_server: game submission processed (lock held) game=B0QWO5 kind="action" lock_ms=7 ai_actions=0
2026-09-16T07:48:08.488779Z  INFO ws_message:game_session{game=B0QWO5 player=PlayerId(0)}: server_core::session: action applied game=B0QWO5 player=PlayerId(0) action_type="PassPriority" event_count=3
2026-09-16T07:48:08.493421Z  INFO ws_message:game_session{game=B0QWO5 player=PlayerId(0)}: phase_server: game submission processed (lock held) game=B0QWO5 kind="action" lock_ms=9 ai_actions=0
2026-09-16T07:48:08.741095Z  INFO ws_message:game_session{game=B0QWO5 player=PlayerId(1)}: server_core::session: action applied game=B0QWO5 player=PlayerId(1) action_type="PassPriority" event_count=1
2026-09-16T07:48:08.746175Z  INFO ws_message:game_session{game=B0QWO5 player=PlayerId(1)}: phase_server: game submission processed (lock held) game=B0QWO5 kind="action" lock_ms=8 ai_actions=0
2026-09-16T07:48:08.991155Z  INFO ws_message:game_session{game=B0QWO5 player=PlayerId(0)}: server_core::session: action applied game=B0QWO5 player=PlayerId(0) action_type="PassPriority" event_count=1
2026-09-16T07:48:08.996167Z  INFO ws_message:game_session{game=B0QWO5 player=PlayerId(0)}: phase_server: game submission processed (lock held) game=B0QWO5 kind="action" lock_ms=9 ai_actions=0
2026-09-16T07:48:09.245255Z  INFO ws_message:game_session{game=B0QWO5 player=PlayerId(1)}: server_core::session: action applied game=B0QWO5 player=PlayerId(1) action_type="PassPriority" event_count=1
2026-09-16T07:48:09.250795Z  INFO ws_message:game_session{game=B0QWO5 player=PlayerId(1)}: phase_server: game submission processed (lock held) game=B0QWO5 kind="action" lock_ms=9 ai_actions=0
2026-09-16T07:48:09.494802Z  INFO ws_message:game_session{game=B0QWO5 player=PlayerId(0)}: server_core::session: action applied game=B0QWO5 player=PlayerId(0) action_type="PassPriority" event_count=1
2026-09-16T07:48:09.503059Z  INFO ws_message:game_session{game=B0QWO5 player=PlayerId(0)}: phase_server: game submission processed (lock held) game=B0QWO5 kind="action" lock_ms=13 ai_actions=0
2026-09-16T07:48:09.746484Z  INFO ws_message:game_session{game=B0QWO5 player=PlayerId(1)}: server_core::session: action applied game=B0QWO5 player=PlayerId(1) action_type="PassPriority" event_count=1
2026-09-16T07:48:09.754110Z  INFO ws_message:game_session{game=B0QWO5 player=PlayerId(1)}: phase_server: game submission processed (lock held) game=B0QWO5 kind="action" lock_ms=10 ai_actions=0
2026-09-16T07:48:10.000286Z  INFO ws_message:game_session{game=B0QWO5 player=PlayerId(0)}: server_core::session: action applied game=B0QWO5 player=PlayerId(0) action_type="PassPriority" event_count=4
2026-09-16T07:48:10.004186Z  INFO ws_message:game_session{game=B0QWO5 player=PlayerId(0)}: phase_server: game submission processed (lock held) game=B0QWO5 kind="action" lock_ms=11 ai_actions=0
2026-09-16T07:48:10.248597Z  INFO ws_message:game_session{game=B0QWO5 player=PlayerId(0)}: server_core::session: action applied game=B0QWO5 player=PlayerId(0) action_type="PassPriority" event_count=1
2026-09-16T07:48:10.253223Z  INFO ws_message:game_session{game=B0QWO5 player=PlayerId(0)}: phase_server: game submission processed (lock held) game=B0QWO5 kind="action" lock_ms=6 ai_actions=0
2026-09-16T07:48:10.504884Z  INFO ws_message:game_session{game=B0QWO5 player=PlayerId(1)}: server_core::session: action applied game=B0QWO5 player=PlayerId(1) action_type="PassPriority" event_count=4
2026-09-16T07:48:10.507015Z  INFO ws_message:game_session{game=B0QWO5 player=PlayerId(1)}: phase_server: game submission processed (lock held) game=B0QWO5 kind="action" lock_ms=8 ai_actions=0
2026-09-16T07:48:10.752842Z  INFO ws_message:game_session{game=B0QWO5 player=PlayerId(0)}: server_core::session: action applied game=B0QWO5 player=PlayerId(0) action_type="PassPriority" event_count=1
2026-09-16T07:48:10.759224Z  INFO ws_message:game_session{game=B0QWO5 player=PlayerId(0)}: phase_server: game submission processed (lock held) game=B0QWO5 kind="action" lock_ms=9 ai_actions=0
2026-09-16T07:48:11.004276Z  INFO ws_message:game_session{game=B0QWO5 player=PlayerId(1)}: server_core::session: action applied game=B0QWO5 player=PlayerId(1) action_type="PassPriority" event_count=1
2026-09-16T07:48:11.035185Z  INFO ws_message:game_session{game=B0QWO5 player=PlayerId(1)}: phase_server: game submission processed (lock held) game=B0QWO5 kind="action" lock_ms=33 ai_actions=0
2026-09-16T07:48:11.258263Z  INFO ws_message:game_session{game=B0QWO5 player=PlayerId(0)}: server_core::session: action applied game=B0QWO5 player=PlayerId(0) action_type="PlayLand" event_count=2
2026-09-16T07:48:11.266269Z  INFO ws_message:game_session{game=B0QWO5 player=PlayerId(0)}: phase_server: game submission processed (lock held) game=B0QWO5 kind="action" lock_ms=13 ai_actions=0
2026-09-16T07:48:11.508329Z  INFO ws_message:game_session{game=B0QWO5 player=PlayerId(0)}: server_core::session: action applied game=B0QWO5 player=PlayerId(0) action_type="PassPriority" event_count=1
2026-09-16T07:48:11.513160Z  INFO ws_message:game_session{game=B0QWO5 player=PlayerId(0)}: phase_server: game submission processed (lock held) game=B0QWO5 kind="action" lock_ms=8 ai_actions=0
2026-09-16T07:48:11.759858Z  INFO ws_message:game_session{game=B0QWO5 player=PlayerId(1)}: server_core::session: action applied game=B0QWO5 player=PlayerId(1) action_type="PassPriority" event_count=1
2026-09-16T07:48:11.765354Z  INFO ws_message:game_session{game=B0QWO5 player=PlayerId(1)}: phase_server: game submission processed (lock held) game=B0QWO5 kind="action" lock_ms=7 ai_actions=0
2026-09-16T07:48:12.010377Z  INFO ws_message:game_session{game=B0QWO5 player=PlayerId(0)}: server_core::session: action applied game=B0QWO5 player=PlayerId(0) action_type="PassPriority" event_count=1
2026-09-16T07:48:12.016646Z  INFO ws_message:game_session{game=B0QWO5 player=PlayerId(0)}: phase_server: game submission processed (lock held) game=B0QWO5 kind="action" lock_ms=9 ai_actions=0
2026-09-16T07:48:12.265267Z  INFO ws_message:game_session{game=B0QWO5 player=PlayerId(1)}: server_core::session: action applied game=B0QWO5 player=PlayerId(1) action_type="PassPriority" event_count=3
2026-09-16T07:48:12.271716Z  INFO ws_message:game_session{game=B0QWO5 player=PlayerId(1)}: phase_server: game submission processed (lock held) game=B0QWO5 kind="action" lock_ms=11 ai_actions=0
2026-09-16T07:48:12.515257Z  INFO ws_message:game_session{game=B0QWO5 player=PlayerId(0)}: server_core::session: action applied game=B0QWO5 player=PlayerId(0) action_type="PassPriority" event_count=1
2026-09-16T07:48:12.519931Z  INFO ws_message:game_session{game=B0QWO5 player=PlayerId(0)}: phase_server: game submission processed (lock held) game=B0QWO5 kind="action" lock_ms=7 ai_actions=0
2026-09-16T07:48:12.769348Z  INFO ws_message:game_session{game=B0QWO5 player=PlayerId(1)}: server_core::session: action applied game=B0QWO5 player=PlayerId(1) action_type="PassPriority" event_count=1
2026-09-16T07:48:12.777444Z  INFO ws_message:game_session{game=B0QWO5 player=PlayerId(1)}: phase_server: game submission processed (lock held) game=B0QWO5 kind="action" lock_ms=12 ai_actions=0
2026-09-16T07:48:13.017972Z  INFO ws_message:game_session{game=B0QWO5 player=PlayerId(0)}: server_core::session: action applied game=B0QWO5 player=PlayerId(0) action_type="PassPriority" event_count=1
2026-09-16T07:48:13.022748Z  INFO ws_message:game_session{game=B0QWO5 player=PlayerId(0)}: phase_server: game submission processed (lock held) game=B0QWO5 kind="action" lock_ms=7 ai_actions=0
2026-09-16T07:48:13.271595Z  INFO ws_message:game_session{game=B0QWO5 player=PlayerId(1)}: server_core::session: action applied game=B0QWO5 player=PlayerId(1) action_type="PassPriority" event_count=1
2026-09-16T07:48:13.277137Z  INFO ws_message:game_session{game=B0QWO5 player=PlayerId(1)}: phase_server: game submission processed (lock held) game=B0QWO5 kind="action" lock_ms=10 ai_actions=0
2026-09-16T07:48:13.520111Z  INFO ws_message:game_session{game=B0QWO5 player=PlayerId(0)}: server_core::session: action applied game=B0QWO5 player=PlayerId(0) action_type="PassPriority" event_count=1
2026-09-16T07:48:13.524783Z  INFO ws_message:game_session{game=B0QWO5 player=PlayerId(0)}: phase_server: game submission processed (lock held) game=B0QWO5 kind="action" lock_ms=6 ai_actions=0
2026-09-16T07:48:13.775757Z  INFO ws_message:game_session{game=B0QWO5 player=PlayerId(1)}: server_core::session: action applied game=B0QWO5 player=PlayerId(1) action_type="PassPriority" event_count=4
2026-09-16T07:48:13.778341Z  INFO ws_message:game_session{game=B0QWO5 player=PlayerId(1)}: phase_server: game submission processed (lock held) game=B0QWO5 kind="action" lock_ms=8 ai_actions=0
2026-09-16T07:48:14.023307Z  INFO ws_message:game_session{game=B0QWO5 player=PlayerId(1)}: server_core::session: action applied game=B0QWO5 player=PlayerId(1) action_type="PassPriority" event_count=1
2026-09-16T07:48:14.028608Z  INFO ws_message:game_session{game=B0QWO5 player=PlayerId(1)}: phase_server: game submission processed (lock held) game=B0QWO5 kind="action" lock_ms=7 ai_actions=0
2026-09-16T07:48:14.277403Z  INFO ws_message:game_session{game=B0QWO5 player=PlayerId(0)}: server_core::session: action applied game=B0QWO5 player=PlayerId(0) action_type="PassPriority" event_count=4
2026-09-16T07:48:14.279013Z  INFO ws_message:game_session{game=B0QWO5 player=PlayerId(0)}: phase_server: game submission processed (lock held) game=B0QWO5 kind="action" lock_ms=7 ai_actions=0
2026-09-16T07:48:14.526307Z  INFO ws_message:game_session{game=B0QWO5 player=PlayerId(1)}: server_core::session: action applied game=B0QWO5 player=PlayerId(1) action_type="PassPriority" event_count=1
2026-09-16T07:48:14.531960Z  INFO ws_message:game_session{game=B0QWO5 player=PlayerId(1)}: phase_server: game submission processed (lock held) game=B0QWO5 kind="action" lock_ms=8 ai_actions=0
2026-09-16T07:48:14.776998Z  INFO ws_message:game_session{game=B0QWO5 player=PlayerId(0)}: server_core::session: action applied game=B0QWO5 player=PlayerId(0) action_type="PassPriority" event_count=1
2026-09-16T07:48:14.809173Z  INFO ws_message:game_session{game=B0QWO5 player=PlayerId(0)}: phase_server: game submission processed (lock held) game=B0QWO5 kind="action" lock_ms=34 ai_actions=0
2026-09-16T07:48:15.031509Z  INFO ws_message:game_session{game=B0QWO5 player=PlayerId(1)}: server_core::session: action applied game=B0QWO5 player=PlayerId(1) action_type="PlayLand" event_count=2
2026-09-16T07:48:15.036573Z  INFO ws_message:game_session{game=B0QWO5 player=PlayerId(1)}: phase_server: game submission processed (lock held) game=B0QWO5 kind="action" lock_ms=10 ai_actions=0
2026-09-16T07:48:15.281236Z  INFO ws_message:game_session{game=B0QWO5 player=PlayerId(1)}: server_core::session: action applied game=B0QWO5 player=PlayerId(1) action_type="PassPriority" event_count=1
2026-09-16T07:48:15.286897Z  INFO ws_message:game_session{game=B0QWO5 player=PlayerId(1)}: phase_server: game submission processed (lock held) game=B0QWO5 kind="action" lock_ms=8 ai_actions=0
2026-09-16T07:48:15.531744Z  INFO ws_message:game_session{game=B0QWO5 player=PlayerId(0)}: server_core::session: action applied game=B0QWO5 player=PlayerId(0) action_type="PassPriority" event_count=1
2026-09-16T07:48:15.537422Z  INFO ws_message:game_session{game=B0QWO5 player=PlayerId(0)}: phase_server: game submission processed (lock held) game=B0QWO5 kind="action" lock_ms=8 ai_actions=0
2026-09-16T07:48:15.784529Z  INFO ws_message:game_session{game=B0QWO5 player=PlayerId(1)}: server_core::session: action applied game=B0QWO5 player=PlayerId(1) action_type="PassPriority" event_count=1
2026-09-16T07:48:15.790045Z  INFO ws_message:game_session{game=B0QWO5 player=PlayerId(1)}: phase_server: game submission processed (lock held) game=B0QWO5 kind="action" lock_ms=8 ai_actions=0
2026-09-16T07:48:16.037498Z  INFO ws_message:game_session{game=B0QWO5 player=PlayerId(0)}: server_core::session: action applied game=B0QWO5 player=PlayerId(0) action_type="PassPriority" event_count=3
2026-09-16T07:48:16.042644Z  INFO ws_message:game_session{game=B0QWO5 player=PlayerId(0)}: phase_server: game submission processed (lock held) game=B0QWO5 kind="action" lock_ms=10 ai_actions=0
2026-09-16T07:48:16.287703Z  INFO ws_message:game_session{game=B0QWO5 player=PlayerId(1)}: server_core::session: action applied game=B0QWO5 player=PlayerId(1) action_type="PassPriority" event_count=1
2026-09-16T07:48:16.294309Z  INFO ws_message:game_session{game=B0QWO5 player=PlayerId(1)}: phase_server: game submission processed (lock held) game=B0QWO5 kind="action" lock_ms=9 ai_actions=0
2026-09-16T07:48:16.540851Z  INFO ws_message:game_session{game=B0QWO5 player=PlayerId(0)}: server_core::session: action applied game=B0QWO5 player=PlayerId(0) action_type="PassPriority" event_count=1
2026-09-16T07:48:16.547044Z  INFO ws_message:game_session{game=B0QWO5 player=PlayerId(0)}: phase_server: game submission processed (lock held) game=B0QWO5 kind="action" lock_ms=11 ai_actions=0
2026-09-16T07:48:16.791490Z  INFO ws_message:game_session{game=B0QWO5 player=PlayerId(1)}: server_core::session: action applied game=B0QWO5 player=PlayerId(1) action_type="PassPriority" event_count=1
2026-09-16T07:48:16.800816Z  INFO ws_message:game_session{game=B0QWO5 player=PlayerId(1)}: phase_server: game submission processed (lock held) game=B0QWO5 kind="action" lock_ms=12 ai_actions=0
2026-09-16T07:48:17.042451Z  INFO ws_message:game_session{game=B0QWO5 player=PlayerId(0)}: server_core::session: action applied game=B0QWO5 player=PlayerId(0) action_type="PassPriority" event_count=1
2026-09-16T07:48:17.048681Z  INFO ws_message:game_session{game=B0QWO5 player=PlayerId(0)}: phase_server: game submission processed (lock held) game=B0QWO5 kind="action" lock_ms=10 ai_actions=0
2026-09-16T07:48:17.292312Z  INFO ws_message:game_session{game=B0QWO5 player=PlayerId(1)}: server_core::session: action applied game=B0QWO5 player=PlayerId(1) action_type="PassPriority" event_count=1
2026-09-16T07:48:17.297793Z  INFO ws_message:game_session{game=B0QWO5 player=PlayerId(1)}: phase_server: game submission processed (lock held) game=B0QWO5 kind="action" lock_ms=7 ai_actions=0
2026-09-16T07:48:17.546120Z  INFO ws_message:game_session{game=B0QWO5 player=PlayerId(0)}: server_core::session: action applied game=B0QWO5 player=PlayerId(0) action_type="PassPriority" event_count=4
2026-09-16T07:48:17.548858Z  INFO ws_message:game_session{game=B0QWO5 player=PlayerId(0)}: phase_server: game submission processed (lock held) game=B0QWO5 kind="action" lock_ms=8 ai_actions=0
2026-09-16T07:48:17.794432Z  INFO ws_message:game_session{game=B0QWO5 player=PlayerId(0)}: server_core::session: action applied game=B0QWO5 player=PlayerId(0) action_type="PassPriority" event_count=1
2026-09-16T07:48:17.799710Z  INFO ws_message:game_session{game=B0QWO5 player=PlayerId(0)}: phase_server: game submission processed (lock held) game=B0QWO5 kind="action" lock_ms=7 ai_actions=0
2026-09-16T07:48:18.049627Z  INFO ws_message:game_session{game=B0QWO5 player=PlayerId(1)}: server_core::session: action applied game=B0QWO5 player=PlayerId(1) action_type="PassPriority" event_count=4
2026-09-16T07:48:18.051502Z  INFO ws_message:game_session{game=B0QWO5 player=PlayerId(1)}: phase_server: game submission processed (lock held) game=B0QWO5 kind="action" lock_ms=7 ai_actions=0
2026-09-16T07:48:18.296729Z  INFO ws_message:game_session{game=B0QWO5 player=PlayerId(0)}: server_core::session: action applied game=B0QWO5 player=PlayerId(0) action_type="PassPriority" event_count=1
2026-09-16T07:48:18.301781Z  INFO ws_message:game_session{game=B0QWO5 player=PlayerId(0)}: phase_server: game submission processed (lock held) game=B0QWO5 kind="action" lock_ms=7 ai_actions=0
2026-09-16T07:48:18.548530Z  INFO ws_message:game_session{game=B0QWO5 player=PlayerId(1)}: server_core::session: action applied game=B0QWO5 player=PlayerId(1) action_type="PassPriority" event_count=1
2026-09-16T07:48:18.578565Z  INFO ws_message:game_session{game=B0QWO5 player=PlayerId(1)}: phase_server: game submission processed (lock held) game=B0QWO5 kind="action" lock_ms=32 ai_actions=0
2026-09-16T07:48:18.802149Z  INFO ws_message:game_session{game=B0QWO5 player=PlayerId(0)}: server_core::session: action applied game=B0QWO5 player=PlayerId(0) action_type="PlayLand" event_count=2
2026-09-16T07:48:18.811154Z  INFO ws_message:game_session{game=B0QWO5 player=PlayerId(0)}: phase_server: game submission processed (lock held) game=B0QWO5 kind="action" lock_ms=14 ai_actions=0
2026-09-16T07:48:19.052866Z  INFO ws_message:game_session{game=B0QWO5 player=PlayerId(0)}: server_core::session: action applied game=B0QWO5 player=PlayerId(0) action_type="PassPriority" event_count=1
2026-09-16T07:48:19.058023Z  INFO ws_message:game_session{game=B0QWO5 player=PlayerId(0)}: phase_server: game submission processed (lock held) game=B0QWO5 kind="action" lock_ms=9 ai_actions=0
2026-09-16T07:48:19.304122Z  INFO ws_message:game_session{game=B0QWO5 player=PlayerId(1)}: server_core::session: action applied game=B0QWO5 player=PlayerId(1) action_type="PassPriority" event_count=1
2026-09-16T07:48:19.311338Z  INFO ws_message:game_session{game=B0QWO5 player=PlayerId(1)}: phase_server: game submission processed (lock held) game=B0QWO5 kind="action" lock_ms=10 ai_actions=0
2026-09-16T07:48:19.556493Z  INFO ws_message:game_session{game=B0QWO5 player=PlayerId(0)}: server_core::session: action applied game=B0QWO5 player=PlayerId(0) action_type="PassPriority" event_count=1
2026-09-16T07:48:19.561982Z  INFO ws_message:game_session{game=B0QWO5 player=PlayerId(0)}: phase_server: game submission processed (lock held) game=B0QWO5 kind="action" lock_ms=8 ai_actions=0
2026-09-16T07:48:19.810554Z  INFO ws_message:game_session{game=B0QWO5 player=PlayerId(1)}: server_core::session: action applied game=B0QWO5 player=PlayerId(1) action_type="PassPriority" event_count=3
2026-09-16T07:48:19.817534Z  INFO ws_message:game_session{game=B0QWO5 player=PlayerId(1)}: phase_server: game submission processed (lock held) game=B0QWO5 kind="action" lock_ms=12 ai_actions=0
2026-09-16T07:48:20.058583Z  INFO ws_message:game_session{game=B0QWO5 player=PlayerId(0)}: server_core::session: action applied game=B0QWO5 player=PlayerId(0) action_type="PassPriority" event_count=1
2026-09-16T07:48:20.064297Z  INFO ws_message:game_session{game=B0QWO5 player=PlayerId(0)}: phase_server: game submission processed (lock held) game=B0QWO5 kind="action" lock_ms=9 ai_actions=0
2026-09-16T07:48:20.313540Z  INFO ws_message:game_session{game=B0QWO5 player=PlayerId(1)}: server_core::session: action applied game=B0QWO5 player=PlayerId(1) action_type="PassPriority" event_count=1
2026-09-16T07:48:20.322177Z  INFO ws_message:game_session{game=B0QWO5 player=PlayerId(1)}: phase_server: game submission processed (lock held) game=B0QWO5 kind="action" lock_ms=13 ai_actions=0
2026-09-16T07:48:20.562299Z  INFO ws_message:game_session{game=B0QWO5 player=PlayerId(0)}: server_core::session: action applied game=B0QWO5 player=PlayerId(0) action_type="PassPriority" event_count=1
2026-09-16T07:48:20.567590Z  INFO ws_message:game_session{game=B0QWO5 player=PlayerId(0)}: phase_server: game submission processed (lock held) game=B0QWO5 kind="action" lock_ms=8 ai_actions=0
2026-09-16T07:48:20.815654Z  INFO ws_message:game_session{game=B0QWO5 player=PlayerId(1)}: server_core::session: action applied game=B0QWO5 player=PlayerId(1) action_type="PassPriority" event_count=1
2026-09-16T07:48:20.821621Z  INFO ws_message:game_session{game=B0QWO5 player=PlayerId(1)}: phase_server: game submission processed (lock held) game=B0QWO5 kind="action" lock_ms=10 ai_actions=0
2026-09-16T07:48:21.064474Z  INFO ws_message:game_session{game=B0QWO5 player=PlayerId(0)}: server_core::session: action applied game=B0QWO5 player=PlayerId(0) action_type="PassPriority" event_count=1
2026-09-16T07:48:21.069967Z  INFO ws_message:game_session{game=B0QWO5 player=PlayerId(0)}: phase_server: game submission processed (lock held) game=B0QWO5 kind="action" lock_ms=8 ai_actions=0
2026-09-16T07:48:21.319425Z  INFO ws_message:game_session{game=B0QWO5 player=PlayerId(1)}: server_core::session: action applied game=B0QWO5 player=PlayerId(1) action_type="PassPriority" event_count=4
2026-09-16T07:48:21.322946Z  INFO ws_message:game_session{game=B0QWO5 player=PlayerId(1)}: phase_server: game submission processed (lock held) game=B0QWO5 kind="action" lock_ms=9 ai_actions=0
2026-09-16T07:48:21.567564Z  INFO ws_message:game_session{game=B0QWO5 player=PlayerId(1)}: server_core::session: action applied game=B0QWO5 player=PlayerId(1) action_type="PassPriority" event_count=1
2026-09-16T07:48:21.573318Z  INFO ws_message:game_session{game=B0QWO5 player=PlayerId(1)}: phase_server: game submission processed (lock held) game=B0QWO5 kind="action" lock_ms=8 ai_actions=0
2026-09-16T07:48:21.822269Z  INFO ws_message:game_session{game=B0QWO5 player=PlayerId(0)}: server_core::session: action applied game=B0QWO5 player=PlayerId(0) action_type="PassPriority" event_count=4
2026-09-16T07:48:21.824092Z  INFO ws_message:game_session{game=B0QWO5 player=PlayerId(0)}: phase_server: game submission processed (lock held) game=B0QWO5 kind="action" lock_ms=8 ai_actions=0
2026-09-16T07:48:22.070389Z  INFO ws_message:game_session{game=B0QWO5 player=PlayerId(1)}: server_core::session: action applied game=B0QWO5 player=PlayerId(1) action_type="PassPriority" event_count=1
2026-09-16T07:48:22.076273Z  INFO ws_message:game_session{game=B0QWO5 player=PlayerId(1)}: phase_server: game submission processed (lock held) game=B0QWO5 kind="action" lock_ms=8 ai_actions=0
2026-09-16T07:48:22.321239Z  INFO ws_message:game_session{game=B0QWO5 player=PlayerId(0)}: server_core::session: action applied game=B0QWO5 player=PlayerId(0) action_type="PassPriority" event_count=1
2026-09-16T07:48:22.356152Z  INFO ws_message:game_session{game=B0QWO5 player=PlayerId(0)}: phase_server: game submission processed (lock held) game=B0QWO5 kind="action" lock_ms=37 ai_actions=0
2026-09-16T07:48:22.576641Z  INFO ws_message:game_session{game=B0QWO5 player=PlayerId(1)}: server_core::session: action applied game=B0QWO5 player=PlayerId(1) action_type="PlayLand" event_count=2
2026-09-16T07:48:22.582155Z  INFO ws_message:game_session{game=B0QWO5 player=PlayerId(1)}: phase_server: game submission processed (lock held) game=B0QWO5 kind="action" lock_ms=10 ai_actions=0
2026-09-16T07:48:22.826305Z  INFO ws_message:game_session{game=B0QWO5 player=PlayerId(1)}: server_core::session: action applied game=B0QWO5 player=PlayerId(1) action_type="PassPriority" event_count=1
2026-09-16T07:48:22.832535Z  INFO ws_message:game_session{game=B0QWO5 player=PlayerId(1)}: phase_server: game submission processed (lock held) game=B0QWO5 kind="action" lock_ms=9 ai_actions=0
2026-09-16T07:48:23.074614Z  INFO ws_message:game_session{game=B0QWO5 player=PlayerId(0)}: server_core::session: action applied game=B0QWO5 player=PlayerId(0) action_type="PassPriority" event_count=1
2026-09-16T07:48:23.080773Z  INFO ws_message:game_session{game=B0QWO5 player=PlayerId(0)}: phase_server: game submission processed (lock held) game=B0QWO5 kind="action" lock_ms=8 ai_actions=0
2026-09-16T07:48:23.329272Z  INFO ws_message:game_session{game=B0QWO5 player=PlayerId(1)}: server_core::session: action applied game=B0QWO5 player=PlayerId(1) action_type="PassPriority" event_count=1
2026-09-16T07:48:23.337222Z  INFO ws_message:game_session{game=B0QWO5 player=PlayerId(1)}: phase_server: game submission processed (lock held) game=B0QWO5 kind="action" lock_ms=11 ai_actions=0
2026-09-16T07:48:23.580283Z  INFO ws_message:game_session{game=B0QWO5 player=PlayerId(0)}: server_core::session: action applied game=B0QWO5 player=PlayerId(0) action_type="PassPriority" event_count=3
2026-09-16T07:48:23.586553Z  INFO ws_message:game_session{game=B0QWO5 player=PlayerId(0)}: phase_server: game submission processed (lock held) game=B0QWO5 kind="action" lock_ms=11 ai_actions=0
2026-09-16T07:48:23.832118Z  INFO ws_message:game_session{game=B0QWO5 player=PlayerId(1)}: server_core::session: action applied game=B0QWO5 player=PlayerId(1) action_type="PassPriority" event_count=1
2026-09-16T07:48:23.839286Z  INFO ws_message:game_session{game=B0QWO5 player=PlayerId(1)}: phase_server: game submission processed (lock held) game=B0QWO5 kind="action" lock_ms=10 ai_actions=0
2026-09-16T07:48:24.081998Z  INFO ws_message:game_session{game=B0QWO5 player=PlayerId(0)}: server_core::session: action applied game=B0QWO5 player=PlayerId(0) action_type="PassPriority" event_count=1
2026-09-16T07:48:24.088273Z  INFO ws_message:game_session{game=B0QWO5 player=PlayerId(0)}: phase_server: game submission processed (lock held) game=B0QWO5 kind="action" lock_ms=11 ai_actions=0
2026-09-16T07:48:24.334439Z  INFO ws_message:game_session{game=B0QWO5 player=PlayerId(1)}: server_core::session: action applied game=B0QWO5 player=PlayerId(1) action_type="PassPriority" event_count=1
2026-09-16T07:48:24.340286Z  INFO ws_message:game_session{game=B0QWO5 player=PlayerId(1)}: phase_server: game submission processed (lock held) game=B0QWO5 kind="action" lock_ms=9 ai_actions=0
2026-09-16T07:48:24.584345Z  INFO ws_message:game_session{game=B0QWO5 player=PlayerId(0)}: server_core::session: action applied game=B0QWO5 player=PlayerId(0) action_type="PassPriority" event_count=1
2026-09-16T07:48:24.590080Z  INFO ws_message:game_session{game=B0QWO5 player=PlayerId(0)}: phase_server: game submission processed (lock held) game=B0QWO5 kind="action" lock_ms=10 ai_actions=0
2026-09-16T07:48:24.835438Z  INFO ws_message:game_session{game=B0QWO5 player=PlayerId(1)}: server_core::session: action applied game=B0QWO5 player=PlayerId(1) action_type="PassPriority" event_count=1
2026-09-16T07:48:24.841407Z  INFO ws_message:game_session{game=B0QWO5 player=PlayerId(1)}: phase_server: game submission processed (lock held) game=B0QWO5 kind="action" lock_ms=8 ai_actions=0
2026-09-16T07:48:25.089031Z  INFO ws_message:game_session{game=B0QWO5 player=PlayerId(0)}: server_core::session: action applied game=B0QWO5 player=PlayerId(0) action_type="PassPriority" event_count=4
2026-09-16T07:48:25.092137Z  INFO ws_message:game_session{game=B0QWO5 player=PlayerId(0)}: phase_server: game submission processed (lock held) game=B0QWO5 kind="action" lock_ms=8 ai_actions=0
2026-09-16T07:48:25.337540Z  INFO ws_message:game_session{game=B0QWO5 player=PlayerId(0)}: server_core::session: action applied game=B0QWO5 player=PlayerId(0) action_type="PassPriority" event_count=1
2026-09-16T07:48:25.343807Z  INFO ws_message:game_session{game=B0QWO5 player=PlayerId(0)}: phase_server: game submission processed (lock held) game=B0QWO5 kind="action" lock_ms=9 ai_actions=0
2026-09-16T07:48:25.592436Z  INFO ws_message:game_session{game=B0QWO5 player=PlayerId(1)}: server_core::session: action applied game=B0QWO5 player=PlayerId(1) action_type="PassPriority" event_count=4
2026-09-16T07:48:25.594446Z  INFO ws_message:game_session{game=B0QWO5 player=PlayerId(1)}: phase_server: game submission processed (lock held) game=B0QWO5 kind="action" lock_ms=7 ai_actions=0
2026-09-16T07:48:25.839854Z  INFO ws_message:game_session{game=B0QWO5 player=PlayerId(0)}: server_core::session: action applied game=B0QWO5 player=PlayerId(0) action_type="PassPriority" event_count=1
2026-09-16T07:48:25.845554Z  INFO ws_message:game_session{game=B0QWO5 player=PlayerId(0)}: phase_server: game submission processed (lock held) game=B0QWO5 kind="action" lock_ms=8 ai_actions=0
2026-09-16T07:48:26.092656Z  INFO ws_message:game_session{game=B0QWO5 player=PlayerId(1)}: server_core::session: action applied game=B0QWO5 player=PlayerId(1) action_type="PassPriority" event_count=1
2026-09-16T07:48:26.122181Z  INFO ws_message:game_session{game=B0QWO5 player=PlayerId(1)}: phase_server: game submission processed (lock held) game=B0QWO5 kind="action" lock_ms=32 ai_actions=0
2026-09-16T07:48:26.345435Z  INFO ws_message:game_session{game=B0QWO5 player=PlayerId(0)}: server_core::session: action applied game=B0QWO5 player=PlayerId(0) action_type="PlayLand" event_count=2
2026-09-16T07:48:26.357354Z  INFO ws_message:game_session{game=B0QWO5 player=PlayerId(0)}: phase_server: game submission processed (lock held) game=B0QWO5 kind="action" lock_ms=17 ai_actions=0
2026-09-16T07:48:26.600783Z  INFO ws_message:game_session{game=B0QWO5 player=PlayerId(0)}: server_core::session: action applied game=B0QWO5 player=PlayerId(0) action_type="CastSpell" event_count=20
2026-09-16T07:48:26.602551Z  INFO ws_message:game_session{game=B0QWO5 player=PlayerId(0)}: phase_server: game submission processed (lock held) game=B0QWO5 kind="action" lock_ms=10 ai_actions=0
2026-09-16T07:48:26.846664Z  INFO ws_message:game_session{game=B0QWO5 player=PlayerId(0)}: server_core::session: action applied game=B0QWO5 player=PlayerId(0) action_type="PassPriority" event_count=1
2026-09-16T07:48:26.854119Z  INFO ws_message:game_session{game=B0QWO5 player=PlayerId(0)}: phase_server: game submission processed (lock held) game=B0QWO5 kind="action" lock_ms=10 ai_actions=0
2026-09-16T07:48:27.099631Z  INFO ws_message:game_session{game=B0QWO5 player=PlayerId(1)}: server_core::session: action applied game=B0QWO5 player=PlayerId(1) action_type="PassPriority" event_count=2
2026-09-16T07:48:27.108255Z  INFO ws_message:game_session{game=B0QWO5 player=PlayerId(1)}: phase_server: game submission processed (lock held) game=B0QWO5 kind="action" lock_ms=12 ai_actions=0
2026-09-16T07:48:27.426685Z  INFO ws_message:game_session{game=B0QWO5 player=PlayerId(0)}: server_core::session: action applied game=B0QWO5 player=PlayerId(0) action_type="CastSpell" event_count=12
2026-09-16T07:48:27.428199Z  INFO ws_message:game_session{game=B0QWO5 player=PlayerId(0)}: phase_server: game submission processed (lock held) game=B0QWO5 kind="action" lock_ms=8 ai_actions=0
2026-09-16T07:48:27.676144Z  INFO ws_message:game_session{game=B0QWO5 player=PlayerId(0)}: server_core::session: action applied game=B0QWO5 player=PlayerId(0) action_type="PassPriority" event_count=1
2026-09-16T07:48:27.686399Z  INFO ws_message:game_session{game=B0QWO5 player=PlayerId(0)}: phase_server: game submission processed (lock held) game=B0QWO5 kind="action" lock_ms=14 ai_actions=0
2026-09-16T07:48:27.856894Z  INFO ws_message:game_session{game=B0QWO5 player=PlayerId(1)}: server_core::session: action applied game=B0QWO5 player=PlayerId(1) action_type="PassPriority" event_count=4
2026-09-16T07:48:27.863570Z  INFO ws_message:game_session{game=B0QWO5 player=PlayerId(1)}: phase_server: game submission processed (lock held) game=B0QWO5 kind="action" lock_ms=12 ai_actions=0
2026-09-16T07:48:28.496349Z  INFO ws_message:game_session{game=B0QWO5 player=PlayerId(0)}: server_core::session: action applied game=B0QWO5 player=PlayerId(0) action_type="PassPriority" event_count=1
2026-09-16T07:48:28.502918Z  INFO ws_message:game_session{game=B0QWO5 player=PlayerId(0)}: phase_server: game submission processed (lock held) game=B0QWO5 kind="action" lock_ms=10 ai_actions=0
2026-09-16T07:48:28.606744Z  INFO ws_message:game_session{game=B0QWO5 player=PlayerId(1)}: server_core::session: action applied game=B0QWO5 player=PlayerId(1) action_type="PassPriority" event_count=1
2026-09-16T07:48:28.610285Z  INFO ws_message:game_session{game=B0QWO5 player=PlayerId(1)}: phase_server: game submission processed (lock held) game=B0QWO5 kind="action" lock_ms=6 ai_actions=0
2026-09-16T07:48:28.748505Z  INFO ws_message:game_session{game=B0QWO5 player=PlayerId(0)}: server_core::session: action applied game=B0QWO5 player=PlayerId(0) action_type="PassPriority" event_count=1
2026-09-16T07:48:28.755062Z  INFO ws_message:game_session{game=B0QWO5 player=PlayerId(0)}: phase_server: game submission processed (lock held) game=B0QWO5 kind="action" lock_ms=9 ai_actions=0
2026-09-16T07:48:28.861353Z  INFO ws_message:game_session{game=B0QWO5 player=PlayerId(1)}: server_core::session: action applied game=B0QWO5 player=PlayerId(1) action_type="PassPriority" event_count=3
2026-09-16T07:48:28.864802Z  INFO ws_message:game_session{game=B0QWO5 player=PlayerId(1)}: phase_server: game submission processed (lock held) game=B0QWO5 kind="action" lock_ms=8 ai_actions=0
2026-09-16T07:48:29.000164Z  INFO ws_message:game_session{game=B0QWO5 player=PlayerId(0)}: server_core::session: action applied game=B0QWO5 player=PlayerId(0) action_type="PassPriority" event_count=1
2026-09-16T07:48:29.007227Z  INFO ws_message:game_session{game=B0QWO5 player=PlayerId(0)}: phase_server: game submission processed (lock held) game=B0QWO5 kind="action" lock_ms=10 ai_actions=0
2026-09-16T07:48:29.113818Z  INFO ws_message:game_session{game=B0QWO5 player=PlayerId(1)}: server_core::session: action applied game=B0QWO5 player=PlayerId(1) action_type="PassPriority" event_count=1
2026-09-16T07:48:29.120348Z  INFO ws_message:game_session{game=B0QWO5 player=PlayerId(1)}: phase_server: game submission processed (lock held) game=B0QWO5 kind="action" lock_ms=11 ai_actions=0
2026-09-16T07:48:29.253161Z  INFO ws_message:game_session{game=B0QWO5 player=PlayerId(0)}: server_core::session: action applied game=B0QWO5 player=PlayerId(0) action_type="PassPriority" event_count=1
2026-09-16T07:48:29.260134Z  INFO ws_message:game_session{game=B0QWO5 player=PlayerId(0)}: phase_server: game submission processed (lock held) game=B0QWO5 kind="action" lock_ms=10 ai_actions=0
2026-09-16T07:48:29.365295Z  INFO ws_message:game_session{game=B0QWO5 player=PlayerId(1)}: server_core::session: action applied game=B0QWO5 player=PlayerId(1) action_type="PassPriority" event_count=1
2026-09-16T07:48:29.368704Z  INFO ws_message:game_session{game=B0QWO5 player=PlayerId(1)}: phase_server: game submission processed (lock held) game=B0QWO5 kind="action" lock_ms=8 ai_actions=0
2026-09-16T07:48:29.504677Z  INFO ws_message:game_session{game=B0QWO5 player=PlayerId(0)}: server_core::session: action applied game=B0QWO5 player=PlayerId(0) action_type="PassPriority" event_count=1
2026-09-16T07:48:29.513600Z  INFO ws_message:game_session{game=B0QWO5 player=PlayerId(0)}: phase_server: game submission processed (lock held) game=B0QWO5 kind="action" lock_ms=12 ai_actions=0
2026-09-16T07:48:29.618712Z  INFO ws_message:game_session{game=B0QWO5 player=PlayerId(1)}: server_core::session: action applied game=B0QWO5 player=PlayerId(1) action_type="PassPriority" event_count=4
2026-09-16T07:48:29.621658Z  INFO ws_message:game_session{game=B0QWO5 player=PlayerId(1)}: phase_server: game submission processed (lock held) game=B0QWO5 kind="action" lock_ms=9 ai_actions=0
2026-09-16T07:48:29.867339Z  INFO ws_message:game_session{game=B0QWO5 player=PlayerId(1)}: server_core::session: action applied game=B0QWO5 player=PlayerId(1) action_type="PassPriority" event_count=1
2026-09-16T07:48:29.870902Z  INFO ws_message:game_session{game=B0QWO5 player=PlayerId(1)}: phase_server: game submission processed (lock held) game=B0QWO5 kind="action" lock_ms=6 ai_actions=0
