server identity hashes verified against on-disk pinned artifacts
===== ATTEMPT 1 =====
P0 creating game...
P1 joining...
game W912II; seats 0/1
[P0] mulligan -> Keep (prior mulligans: 0)
[P1] mulligan -> Keep (prior mulligans: 0)
DBG SETUP turn=None P1 hand={'Hidden Card': 7} gy={} bf={} hold=False p0bf_titans=0
P1 casts Grizzly Bears
P1 casts Grizzly Bears
[P1] declares DeclareAttackers: 1 relations (1 edges)
[P1] declares DeclareAttackers: 2 relations (2 edges)
[P1] declares DeclareAttackers: 2 relations (2 edges)
[P1] declares DeclareAttackers: 2 relations (2 edges)
DBG SETUP turn=None P1 hand={'Hidden Card': 4} gy={} bf={'Grizzly Bears': 2, 'Forest': 5, 'Plains': 1} hold=False p0bf_titans=0
P0 casts Grave Titan
P1 casts Grizzly Bears
[P1] declares DeclareAttackers: 2 relations (2 edges)
[P0] declares DeclareBlockers: 1 relations (3 edges)
P0 casts Grave Titan
[P0] declares DeclareAttackers: 0 relations (3 edges)
P1 casts Grizzly Bears
[P1] declares DeclareAttackers: 2 relations (2 edges)
[P0] declares DeclareBlockers: 2 relations (6 edges)
[P1] assigns combat damage (advertised default): [[8, 2], [14, 0]] tram=0 ctl=0 (power 2)
=== P1 hold mode (bears in gy=2) ===
P0 casts Grave Titan
[P0] declares DeclareAttackers: 0 relations (6 edges)
[P1] declares DeclareAttackers: 0 relations (2 edges)
P0 casts Grave Titan
[P0] declares DeclareAttackers: 0 relations (9 edges)
[P1] declares DeclareAttackers: 0 relations (2 edges)
P0 casts Grave Titan
[P0] declares DeclareAttackers: 0 relations (12 edges)
[P1] declares DeclareAttackers: 0 relations (2 edges)
DBG SETUP turn=None P1 hand={'Hidden Card': 6} gy={'Grizzly Bears': 2} bf={'Forest': 5, 'Plains': 2, 'Grizzly Bears': 2} hold=True p0bf_titans=5
P0 casts Grave Titan
[P0] declares DeclareAttackers: 0 relations (15 edges)
[P1] declares DeclareAttackers: 0 relations (2 edges)
P0 casts Grave Titan
[P0] declares DeclareAttackers: 0 relations (18 edges)
[P1] declares DeclareAttackers: 0 relations (2 edges)
[P1] discarding to hand size: ['Sylvan Reclamation']
=== stage -> CAST (bears=2 reclam=1) ===
exported pre.json
P0 casts Esper's to Magicite (oid=45)
Esper's resolved: P1 gy=0 exile=3
exported post_exile.json
[P0] declares DeclareAttackers: 0 relations (21 edges)
[P1] declares DeclareAttackers: 0 relations (2 edges)
[P1] discarding to hand size: ['Sylvan Reclamation']
[P0] declares DeclareAttackers: 0 relations (21 edges)
[P1] declares DeclareAttackers: 0 relations (2 edges)
[P1] discarding to hand size: ['Sylvan Reclamation']
[P0] declares DeclareAttackers: 0 relations (21 edges)
[P1] declares DeclareAttackers: 0 relations (2 edges)
[P1] discarding to hand size: ['Forest']
[P0] declares DeclareAttackers: 0 relations (21 edges)
[P1] declares DeclareAttackers: 0 relations (2 edges)
[P1] discarding to hand size: ['Plains']
[P0] declares DeclareAttackers: 0 relations (21 edges)
[P1] declares DeclareAttackers: 0 relations (2 edges)
[P1] discarding to hand size: ['Plains']
[P0] declares DeclareAttackers: 0 relations (21 edges)
[P1] declares DeclareAttackers: 0 relations (2 edges)
[P1] discarding to hand size: ['Plains']
[P0] declares DeclareAttackers: 0 relations (21 edges)
[P1] declares DeclareAttackers: 0 relations (2 edges)
[P1] discarding to hand size: ['Plains']
[P0] declares DeclareAttackers: 0 relations (21 edges)
[P0] discarding to hand size: ['Swamp']
[P1] declares DeclareAttackers: 0 relations (2 edges)
[P1] discarding to hand size: ['Forest']
[P0] declares DeclareAttackers: 0 relations (21 edges)
[P0] discarding to hand size: ['Swamp']
[P1] declares DeclareAttackers: 0 relations (2 edges)
[P1] discarding to hand size: ['Plains']
[P0] declares DeclareAttackers: 0 relations (21 edges)
[P0] discarding to hand size: ['Swamp']
[P1] declares DeclareAttackers: 0 relations (2 edges)
[P1] discarding to hand size: ['Sylvan Reclamation']
[P0] declares DeclareAttackers: 0 relations (21 edges)
[P0] discarding to hand size: ['Swamp']
[P1] declares DeclareAttackers: 0 relations (2 edges)
[P1] discarding to hand size: ['Forest']
[P0] declares DeclareAttackers: 0 relations (21 edges)
[P0] discarding to hand size: ['Swamp']
[P1] declares DeclareAttackers: 0 relations (2 edges)
[P1] discarding to hand size: ['Plains']
[P0] declares DeclareAttackers: 0 relations (21 edges)
[P0] discarding to hand size: ['Swamp']
[P1] declares DeclareAttackers: 0 relations (2 edges)
[P1] discarding to hand size: ['Forest']
[P0] declares DeclareAttackers: 0 relations (21 edges)
[P0] discarding to hand size: ['Swamp']
[P1] declares DeclareAttackers: 0 relations (2 edges)
[P1] discarding to hand size: ['Plains']
[P0] declares DeclareAttackers: 0 relations (21 edges)
[P0] discarding to hand size: ['Swamp']
[P1] declares DeclareAttackers: 0 relations (2 edges)
[P1] discarding to hand size: ['Sylvan Reclamation']
[P0] declares DeclareAttackers: 0 relations (21 edges)
[P0] discarding to hand size: ['Swamp']
[P1] declares DeclareAttackers: 0 relations (2 edges)
[P1] discarding to hand size: ['Forest']
[P0] declares DeclareAttackers: 0 relations (21 edges)
[P0] discarding to hand size: ['Swamp']
[P1] declares DeclareAttackers: 0 relations (2 edges)
[P1] discarding to hand size: ['Plains']
[P0] declares DeclareAttackers: 0 relations (21 edges)
[P0] discarding to hand size: ['Swamp']
[P1] declares DeclareAttackers: 0 relations (2 edges)
[P1] discarding to hand size: ['Plains']
TARGET: no reflexive-trigger prompt after 180s (turn None vs cast None); exporting post and stopping
exported post.json
A1_setup_ok: passed
A2_creature_offered: not-run
A2b_trigger_prompted: failed
A3_noncreature_excluded: not-run
A4_illegal_enforcement: not-run
A5_control_token: not-run
A6_cleanup: passed
