both clients connected
game created: FZYTSI
P1 joined
[P0] mulligan: keep 7
[P1] mulligan: keep 7
[diag] t=1s stage=setup turn=1 phase=PreCombatMain wf=Priority dancer_bf=0 counters=[] life=20/20 stack_bolts=0
[P0] playing land mountain
[P1] discarding to hand size: FZYTSI.0.45.s0
[P1] submitting interaction iid=FZYTSI.0.45 choice=FZYTSI.0.45.s0 (FZYTSI.0.45.s0)
[P0] playing land mountain
[P1] discarding to hand size: FZYTSI.0.75.s0
[P1] submitting interaction iid=FZYTSI.0.75 choice=FZYTSI.0.75.s0 (FZYTSI.0.75.s0)
[P0] playing land island
[P0] casting mercurial spelldancer
[P0] casting lightning bolt (counter)
[P0] TargetSelection (bolt): choosing seat 1 (choice FZYTSI.0.85.t1)
[P0] submitting interaction iid=FZYTSI.0.85 choice=FZYTSI.0.85.t1 (FZYTSI.0.85.t1)
[P1] discarding to hand size: FZYTSI.0.114.s0
[P1] submitting interaction iid=FZYTSI.0.114 choice=FZYTSI.0.114.s0 (FZYTSI.0.114.s0)
[P0] playing land mountain
[P0] casting lightning bolt (counter)
[P0] TargetSelection (bolt): choosing seat 1 (choice FZYTSI.0.121.t1)
[P0] submitting interaction iid=FZYTSI.0.121 choice=FZYTSI.0.121.t1 (FZYTSI.0.121.t1)
[P0] stage -> combat1 (counters=2, turn=8)
[P0] declaring attacker: spelldancer -> P1 (stage=combat1)
[P0] combat1 OptionalEffectChoice: pre counters=2
exported pre.json (turn=8)
[P0] ACCEPTING removal of two oil counters (reported branch)
[P0] submitting interaction iid=FZYTSI.0.137 choice=FZYTSI.0.137.c1 (FZYTSI.0.137.c1)
[P0] casting lightning bolt (test)
[P0] TargetSelection (bolt): choosing seat 1 (choice FZYTSI.0.143.t1)
[P0] submitting interaction iid=FZYTSI.0.143 choice=FZYTSI.0.143.t1 (FZYTSI.0.143.t1)
exported mid.json (turn=8)
[P0] TargetSelection (copy_retarget): choosing seat 1 (choice FZYTSI.0.146.c3)
[P0] submitting interaction iid=FZYTSI.0.146 choice=FZYTSI.0.146.c3 (FZYTSI.0.146.c3)
[P0] accept_test bolt resolved: P1 12->6, P0-gy bolts=3
[P0] casting lightning bolt (regen)
[P0] TargetSelection (bolt): choosing seat 0 (choice FZYTSI.0.163.t0)
[P0] submitting interaction iid=FZYTSI.0.163 choice=FZYTSI.0.163.t0 (FZYTSI.0.163.t0)
[P0] stage -> combat2 (counters=2, turn=9)
[P1] discarding to hand size: FZYTSI.0.178.s0
[P1] submitting interaction iid=FZYTSI.0.178 choice=FZYTSI.0.178.s0 (FZYTSI.0.178.s0)
[P0] playing land mountain
[P0] declaring attacker: spelldancer -> P1 (stage=combat2)
[P0] DECLINING removal (control branch)
[P0] submitting interaction iid=FZYTSI.0.195 choice=FZYTSI.0.195.c0 (FZYTSI.0.195.c0)
[P1] discarding to hand size: FZYTSI.0.218.s0
[P1] submitting interaction iid=FZYTSI.0.218 choice=FZYTSI.0.218.s0 (FZYTSI.0.218.s0)
[P0] playing land island
[P1] discarding to hand size: FZYTSI.0.249.s0
[P1] submitting interaction iid=FZYTSI.0.249 choice=FZYTSI.0.249.s0 (FZYTSI.0.249.s0)
[P0] playing land island
[P1] discarding to hand size: FZYTSI.0.280.s0
[P1] submitting interaction iid=FZYTSI.0.280 choice=FZYTSI.0.280.s0 (FZYTSI.0.280.s0)
[P0] playing land mountain
[P1] discarding to hand size: FZYTSI.0.311.s0
[P1] submitting interaction iid=FZYTSI.0.311 choice=FZYTSI.0.311.s0 (FZYTSI.0.311.s0)
[P0] playing land island
[P1] discarding to hand size: FZYTSI.0.342.s0
[P1] submitting interaction iid=FZYTSI.0.342 choice=FZYTSI.0.342.s0 (FZYTSI.0.342.s0)
[P0] playing land mountain
[diag] t=91s stage=decline_test turn=21 phase=PostCombatMain wf=Priority dancer_bf=1 counters=[2] life=17/4 stack_bolts=0
[P1] discarding to hand size: FZYTSI.0.373.s0
[P1] submitting interaction iid=FZYTSI.0.373 choice=FZYTSI.0.373.s0 (FZYTSI.0.373.s0)
[P0] playing land mountain
[P1] discarding to hand size: FZYTSI.0.404.s0
[P1] submitting interaction iid=FZYTSI.0.404 choice=FZYTSI.0.404.s0 (FZYTSI.0.404.s0)
[P0] playing land island
[P1] discarding to hand size: FZYTSI.0.435.s0
[P1] submitting interaction iid=FZYTSI.0.435 choice=FZYTSI.0.435.s0 (FZYTSI.0.435.s0)
[P0] playing land island
[P1] discarding to hand size: FZYTSI.0.466.s0
[P1] submitting interaction iid=FZYTSI.0.466 choice=FZYTSI.0.466.s0 (FZYTSI.0.466.s0)
[P0] playing land island
[P0] casting lightning bolt (decl)
[P0] TargetSelection (bolt): choosing seat 1 (choice FZYTSI.0.480.t1)
[P0] submitting interaction iid=FZYTSI.0.480 choice=FZYTSI.0.480.t1 (FZYTSI.0.480.t1)
[P0] decline_test bolt resolved: P1 4->1
exported post.json (turn=29)
loaded pre.json
loaded mid.json
loaded post.json
server.log excerpt failed: [Errno 2] No such file or directory: '/home/hatch/workspace/dev/phase-backfill/runs/20260913-7140e/server.log'
rendered summary.png
manifest: MISSING server.log
wrote manifest.sha256
manifest: MISSING server.log
