ServerHello: version=0.102.0 build=e17f6fd protocol=106 mode=Full
data-level check: ok=True notes=[]
P0 creating game...
P1 joining...
game OM5I38; seats 0/1
[P0] keeps (hand=7)
[P1] keeps (hand=7)
[P1] keeps (hand=7)
[P0] playing land island
[P1] playing land island
[P1] tap land for mana used_for=any needs_left=None
[P0] playing land island
[P1] tap land for mana used_for=any needs_left=None
[P1] playing land island
[P1] tap land for mana used_for=any needs_left=None
[P0] playing land island
exported pre_cast.json
[armed] pre_cast exported turn 5 hand=6 lib=51 islands=3
[P0] tap land for mana used_for=U needs_left={'U': 0}
[P0] casting Breakthrough (oid 54)
[P0] Breakthrough X prompt range [0,1]; answering X=1 (wanted 2, clamped=True)
[X] generic cost now 1; needs={'U': 0, 'generic': 1}
exported post_cast.json
[post] post_cast exported turn 5 phase=PostCombatMain hand=9 lib=47 x=1
A1_setup_ok: passed
A2_x_announced: passed
A3_draw_completed: passed
A4_choose_prompted: failed
A5_discard_happened: failed
A6_cleanup: passed
WF sequence: ['MulliganDecision', 'Priority', 'ChooseXValue', 'Priority']
verdict: reproduced
