# server-log excerpt for game QOOVXK (phase-server v0.81.3, run 20260912-6912b)
# ANSI color codes stripped; window covers the ChooseReplacement interaction and resolution.
2026-09-13T05:17:55.062353Z  INFO ws_message:game_session{game=QOOVXK player=PlayerId(0)}: server_core::session: action applied game=QOOVXK player=PlayerId(0) action_type="PlayLand" event_count=2
2026-09-13T05:17:55.069852Z  INFO ws_message:game_session{game=QOOVXK player=PlayerId(0)}: phase_server: game submission processed (lock held) game=QOOVXK kind="action" lock_ms=13 ai_actions=0
2026-09-13T05:17:55.319753Z  INFO ws_message:game_session{game=QOOVXK player=PlayerId(0)}: server_core::session: action applied game=QOOVXK player=PlayerId(0) action_type="CastSpell" event_count=1
2026-09-13T05:17:55.384510Z  INFO ws_message:game_session{game=QOOVXK player=PlayerId(0)}: phase_server: game submission processed (lock held) game=QOOVXK kind="action" lock_ms=66 ai_actions=0
2026-09-13T05:17:55.495230Z  INFO ws_message:game_session{game=QOOVXK player=PlayerId(0)}: server_core::session: interaction applied game=QOOVXK player=PlayerId(0) action_type="ChooseTarget" event_count=17
2026-09-13T05:17:55.496526Z  INFO ws_message:game_session{game=QOOVXK player=PlayerId(0)}: phase_server: game submission processed (lock held) game=QOOVXK kind="interaction" lock_ms=23 ai_actions=0
2026-09-13T05:17:55.627719Z  INFO ws_message:game_session{game=QOOVXK player=PlayerId(0)}: server_core::session: action applied game=QOOVXK player=PlayerId(0) action_type="PassPriority" event_count=1
2026-09-13T05:17:55.629890Z  INFO ws_message:game_session{game=QOOVXK player=PlayerId(0)}: phase_server: game submission processed (lock held) game=QOOVXK kind="action" lock_ms=4 ai_actions=0
2026-09-13T05:17:55.782694Z  INFO ws_message:game_session{game=QOOVXK player=PlayerId(1)}: server_core::session: action applied game=QOOVXK player=PlayerId(1) action_type="PassPriority" event_count=1
2026-09-13T05:17:55.787546Z  INFO ws_message:game_session{game=QOOVXK player=PlayerId(1)}: phase_server: game submission processed (lock held) game=QOOVXK kind="action" lock_ms=7 ai_actions=0
2026-09-13T05:17:56.088196Z  INFO ws_message:game_session{game=QOOVXK player=PlayerId(2)}: server_core::session: action applied game=QOOVXK player=PlayerId(2) action_type="PassPriority" event_count=2
2026-09-13T05:17:56.108667Z  INFO ws_message:game_session{game=QOOVXK player=PlayerId(2)}: phase_server: game submission processed (lock held) game=QOOVXK kind="action" lock_ms=24 ai_actions=0
2026-09-13T05:17:56.419623Z  INFO ws_message:game_session{game=QOOVXK player=PlayerId(1)}: server_core::session: interaction applied game=QOOVXK player=PlayerId(1) action_type="ChooseReplacement" event_count=9
2026-09-13T05:17:56.422390Z  INFO ws_message:game_session{game=QOOVXK player=PlayerId(1)}: phase_server: game submission processed (lock held) game=QOOVXK kind="interaction" lock_ms=34 ai_actions=0
2026-09-13T05:17:56.609472Z  INFO ws_message:game_session{game=QOOVXK player=PlayerId(0)}: server_core::session: action applied game=QOOVXK player=PlayerId(0) action_type="PassPriority" event_count=1
2026-09-13T05:17:56.614201Z  INFO ws_message:game_session{game=QOOVXK player=PlayerId(0)}: phase_server: game submission processed (lock held) game=QOOVXK kind="action" lock_ms=7 ai_actions=0
2026-09-13T05:17:56.763115Z  INFO ws_message:game_session{game=QOOVXK player=PlayerId(1)}: server_core::session: action applied game=QOOVXK player=PlayerId(1) action_type="PassPriority" event_count=1
2026-09-13T05:17:56.768806Z  INFO ws_message:game_session{game=QOOVXK player=PlayerId(1)}: phase_server: game submission processed (lock held) game=QOOVXK kind="action" lock_ms=9 ai_actions=0
2026-09-13T05:17:56.913031Z  INFO ws_message:game_session{game=QOOVXK player=PlayerId(2)}: server_core::session: action applied game=QOOVXK player=PlayerId(2) action_type="PassPriority" event_count=1
2026-09-13T05:17:56.917213Z  INFO ws_message:game_session{game=QOOVXK player=PlayerId(2)}: phase_server: game submission processed (lock held) game=QOOVXK kind="action" lock_ms=6 ai_actions=0
2026-09-13T05:17:57.067385Z  INFO ws_message:game_session{game=QOOVXK player=PlayerId(0)}: server_core::session: action applied game=QOOVXK player=PlayerId(0) action_type="PassPriority" event_count=1
2026-09-13T05:17:57.076270Z  INFO ws_message:game_session{game=QOOVXK player=PlayerId(0)}: phase_server: game submission processed (lock held) game=QOOVXK kind="action" lock_ms=13 ai_actions=0
2026-09-13T05:17:57.216301Z  INFO ws_message:game_session{game=QOOVXK player=PlayerId(1)}: server_core::session: action applied game=QOOVXK player=PlayerId(1) action_type="PassPriority" event_count=1
2026-09-13T05:17:57.221854Z  INFO ws_message:game_session{game=QOOVXK player=PlayerId(1)}: phase_server: game submission processed (lock held) game=QOOVXK kind="action" lock_ms=8 ai_actions=0
2026-09-13T05:17:57.371237Z  INFO ws_message:game_session{game=QOOVXK player=PlayerId(2)}: server_core::session: action applied game=QOOVXK player=PlayerId(2) action_type="PassPriority" event_count=3
2026-09-13T05:17:57.373776Z  INFO ws_message:game_session{game=QOOVXK player=PlayerId(2)}: phase_server: game submission processed (lock held) game=QOOVXK kind="action" lock_ms=8 ai_actions=0
2026-09-13T05:17:57.518132Z  INFO ws_message:game_session{game=QOOVXK player=PlayerId(0)}: server_core::session: action applied game=QOOVXK player=PlayerId(0) action_type="PassPriority" event_count=1
2026-09-13T05:17:57.521472Z  INFO ws_message:game_session{game=QOOVXK player=PlayerId(0)}: phase_server: game submission processed (lock held) game=QOOVXK kind="action" lock_ms=5 ai_actions=0
2026-09-13T05:17:57.669430Z  INFO ws_message:game_session{game=QOOVXK player=PlayerId(1)}: server_core::session: action applied game=QOOVXK player=PlayerId(1) action_type="PassPriority" event_count=1
2026-09-13T05:17:57.674396Z  INFO ws_message:game_session{game=QOOVXK player=PlayerId(1)}: phase_server: game submission processed (lock held) game=QOOVXK kind="action" lock_ms=8 ai_actions=0
2026-09-13T05:17:57.822711Z  INFO ws_message:game_session{game=QOOVXK player=PlayerId(2)}: server_core::session: action applied game=QOOVXK player=PlayerId(2) action_type="PassPriority" event_count=1
