ServerHello: version=0.103.0 build=ec27a8d protocol=106 mode=Full
data-level check: ok=True notes=[]
P0 creating game...
P1 joining...
game XRQ5ZG; seats 0/1
[P0] keeps (hand=7)
[P1] keeps (hand=7)
[P1] keeps (hand=7)
[P1] playing land island
[P1] tap land for mana used_for=any needs_left=None
[P0] playing land island
[P1] tap land for mana used_for=any needs_left=None
[P1] playing land island
[P1] tap land for mana used_for=any needs_left=None
[P0] playing land swamp
[P1] tap land for mana used_for=any needs_left=None
[P1] tap land for mana used_for=any needs_left=None
[P1] playing land island
[P1] tap land for mana used_for=any needs_left=None
[P0] playing land island
[P0] casting Otherworldly Gaze (oid 13)
[P0] tap land for mana used_for=U needs_left={'U': 0, 'generic': 1}
[P0] tap land for mana used_for=generic needs_left={'U': 0, 'generic': 0}
[P0] surveil -> mill 3
[P1] tap land for mana used_for=any needs_left=None
[P1] tap land for mana used_for=any needs_left=None
[P1] tap land for mana used_for=any needs_left=None
[P1] playing land island
[P1] tap land for mana used_for=any needs_left=None
[P0] playing land swamp
[P0] casting Otherworldly Gaze (oid 13)
[P0] tap land for mana used_for=U needs_left={'U': 0, 'generic': 1}
[P0] tap land for mana used_for=generic needs_left={'U': 0, 'generic': 0}
[P0] surveil -> mill 3
[P1] tap land for mana used_for=any needs_left=None
[P1] tap land for mana used_for=any needs_left=None
[P1] tap land for mana used_for=any needs_left=None
[P1] tap land for mana used_for=any needs_left=None
[P1] playing land island
[P1] tap land for mana used_for=any needs_left=None
[P0] playing land island
[P0] casting Otherworldly Gaze (oid 21)
[P0] tap land for mana used_for=U needs_left={'U': 0, 'generic': 1}
[P0] tap land for mana used_for=generic needs_left={'U': 0, 'generic': 0}
[P0] surveil -> mill 3
[P0] casting Otherworldly Gaze (oid 21)
[P0] tap land for mana used_for=generic needs_left={'U': 1, 'generic': 0}
[P0] surveil -> keep on top
[P1] tap land for mana used_for=any needs_left=None
[P1] tap land for mana used_for=any needs_left=None
[P1] tap land for mana used_for=any needs_left=None
[P1] tap land for mana used_for=any needs_left=None
[P1] tap land for mana used_for=any needs_left=None
[P1] playing land island
[P1] tap land for mana used_for=any needs_left=None
[P0] tap land for mana used_for=U needs_left={'U': 0, 'generic': 0}
[P0] playing land swamp
[P0] casting Otherworldly Gaze (oid 30)
[P0] tap land for mana used_for=U needs_left={'U': 0, 'generic': 1}
[P0] tap land for mana used_for=generic needs_left={'U': 0, 'generic': 0}
[P0] surveil -> keep on top
[P1] tap land for mana used_for=any needs_left=None
[P1] tap land for mana used_for=any needs_left=None
[P1] tap land for mana used_for=any needs_left=None
[P1] tap land for mana used_for=any needs_left=None
[P1] tap land for mana used_for=any needs_left=None
[P1] tap land for mana used_for=any needs_left=None
[P1] playing land island
[P1] tap land for mana used_for=any needs_left=None
[P0] playing land swamp
[P0] casting Ultimecia, Time Sorceress (oid 44)
[P0] tap land for mana used_for=B needs_left={'U': 1, 'B': 0, 'generic': 5}
[P0] tap land for mana used_for=generic needs_left={'U': 1, 'B': 0, 'generic': 4}
[P0] surveil -> keep on top
[P0] transform prompt -> DECLINE (XRQ5ZG.0.278.c0)
[P0] declined transform (not ready yet)
[P1] tap land for mana used_for=any needs_left=None
[P1] tap land for mana used_for=any needs_left=None
[P1] tap land for mana used_for=any needs_left=None
[P1] tap land for mana used_for=any needs_left=None
[P1] tap land for mana used_for=any needs_left=None
[P1] tap land for mana used_for=any needs_left=None
[P1] tap land for mana used_for=any needs_left=None
[P1] playing land island
[P1] tap land for mana used_for=any needs_left=None
[P0] tap land for mana used_for=U needs_left={'U': 0, 'B': 0, 'generic': 4}
[P0] tap land for mana used_for=generic needs_left={'U': 0, 'B': 0, 'generic': 3}
[P0] tap land for mana used_for=generic needs_left={'U': 0, 'B': 0, 'generic': 2}
[P0] tap land for mana used_for=generic needs_left={'U': 0, 'B': 0, 'generic': 1}
[P0] tap land for mana used_for=generic needs_left={'U': 0, 'B': 0, 'generic': 0}
[P0] playing land swamp
[P0] DeclareAttackers -> none (advertised action)
[P0] transform prompt -> DECLINE (XRQ5ZG.0.325.c0)
[P0] declined transform (not ready yet)
[P1] tap land for mana used_for=any needs_left=None
[P1] tap land for mana used_for=any needs_left=None
[P1] tap land for mana used_for=any needs_left=None
[P1] tap land for mana used_for=any needs_left=None
[P1] tap land for mana used_for=any needs_left=None
[P1] tap land for mana used_for=any needs_left=None
[P1] tap land for mana used_for=any needs_left=None
[P1] tap land for mana used_for=any needs_left=None
[P1] playing land island
[P1] tap land for mana used_for=any needs_left=None
[P0] playing land swamp
[P0] casting Otherworldly Gaze (oid 38)
[P0] tap land for mana used_for=U needs_left={'U': 0, 'generic': 1}
[P0] tap land for mana used_for=generic needs_left={'U': 0, 'generic': 0}
[P0] surveil -> mill 3
[P0] casting Otherworldly Gaze (oid 12)
[P0] tap land for mana used_for=generic needs_left={'U': 1, 'generic': 0}
[P0] surveil -> keep on top
[P0] DeclareAttackers -> none (advertised action)
[P0] transform prompt -> DECLINE (XRQ5ZG.0.379.c0)
[P0] declined transform (not ready yet)
[P1] tap land for mana used_for=any needs_left=None
[P1] tap land for mana used_for=any needs_left=None
[P1] tap land for mana used_for=any needs_left=None
[P1] tap land for mana used_for=any needs_left=None
[P1] tap land for mana used_for=any needs_left=None
[P1] tap land for mana used_for=any needs_left=None
[P1] tap land for mana used_for=any needs_left=None
[P1] tap land for mana used_for=any needs_left=None
[P1] tap land for mana used_for=any needs_left=None
[P1] playing land island
[P1] tap land for mana used_for=any needs_left=None
[P0] tap land for mana used_for=U needs_left={'U': 0, 'generic': 0}
[P0] playing land swamp
[P0] casting Otherworldly Gaze (oid 47)
[P0] tap land for mana used_for=U needs_left={'U': 0, 'generic': 1}
[P0] tap land for mana used_for=generic needs_left={'U': 0, 'generic': 0}
[P0] surveil -> keep on top
[P0] casting Otherworldly Gaze (oid 47)
[P0] tap land for mana used_for=generic needs_left={'U': 1, 'generic': 0}
[P0] surveil -> keep on top
[P0] DeclareAttackers -> none (advertised action)
[P0] transform prompt -> DECLINE (XRQ5ZG.0.435.c0)
[P0] declined transform (not ready yet)
[P1] tap land for mana used_for=any needs_left=None
[P1] tap land for mana used_for=any needs_left=None
[P1] tap land for mana used_for=any needs_left=None
[P1] tap land for mana used_for=any needs_left=None
[P1] tap land for mana used_for=any needs_left=None
[P1] tap land for mana used_for=any needs_left=None
[P1] tap land for mana used_for=any needs_left=None
[P1] tap land for mana used_for=any needs_left=None
[P1] tap land for mana used_for=any needs_left=None
[P1] tap land for mana used_for=any needs_left=None
[P1] playing land island
[P1] tap land for mana used_for=any needs_left=None
[P0] tap land for mana used_for=U needs_left={'U': 0, 'generic': 0}
[P0] DeclareAttackers -> none (advertised action)
[P0] transform prompt -> DECLINE (XRQ5ZG.0.480.c0)
[P0] declined transform (not ready yet)
[P1] tap land for mana used_for=any needs_left=None
[P1] tap land for mana used_for=any needs_left=None
[P1] tap land for mana used_for=any needs_left=None
[P1] tap land for mana used_for=any needs_left=None
[P1] tap land for mana used_for=any needs_left=None
[P1] tap land for mana used_for=any needs_left=None
[P1] tap land for mana used_for=any needs_left=None
[P1] tap land for mana used_for=any needs_left=None
[P1] tap land for mana used_for=any needs_left=None
[P1] tap land for mana used_for=any needs_left=None
[P1] tap land for mana used_for=any needs_left=None
[P1] playing land island
[P1] tap land for mana used_for=any needs_left=None
[P0] DeclareAttackers -> none (advertised action)
[P0] transform prompt -> DECLINE (XRQ5ZG.0.525.c0)
[P0] declined transform (not ready yet)
[P1] tap land for mana used_for=any needs_left=None
[P1] tap land for mana used_for=any needs_left=None
[P1] tap land for mana used_for=any needs_left=None
[P1] tap land for mana used_for=any needs_left=None
[P1] tap land for mana used_for=any needs_left=None
[P1] tap land for mana used_for=any needs_left=None
[P1] tap land for mana used_for=any needs_left=None
[P1] tap land for mana used_for=any needs_left=None
[P1] tap land for mana used_for=any needs_left=None
[P1] tap land for mana used_for=any needs_left=None
[P1] tap land for mana used_for=any needs_left=None
[P1] tap land for mana used_for=any needs_left=None
[P1] playing land island
[P1] tap land for mana used_for=any needs_left=None
[P0] casting Otherworldly Gaze (oid 6)
[P0] tap land for mana used_for=U needs_left={'U': 0, 'generic': 1}
[P0] tap land for mana used_for=generic needs_left={'U': 0, 'generic': 0}
[P0] surveil -> keep on top
[P0] casting Otherworldly Gaze (oid 6)
[P0] tap land for mana used_for=generic needs_left={'U': 1, 'generic': 0}
[P0] surveil -> keep on top
[P0] DeclareAttackers -> none (advertised action)
[P0] transform prompt -> DECLINE (XRQ5ZG.0.582.c0)
[P0] declined transform (not ready yet)
[P1] tap land for mana used_for=any needs_left=None
[P1] tap land for mana used_for=any needs_left=None
[P1] tap land for mana used_for=any needs_left=None
[P1] tap land for mana used_for=any needs_left=None
[P1] tap land for mana used_for=any needs_left=None
[P1] tap land for mana used_for=any needs_left=None
[P1] tap land for mana used_for=any needs_left=None
[P1] tap land for mana used_for=any needs_left=None
[P1] tap land for mana used_for=any needs_left=None
[P1] tap land for mana used_for=any needs_left=None
[P1] tap land for mana used_for=any needs_left=None
[P1] tap land for mana used_for=any needs_left=None
[P1] tap land for mana used_for=any needs_left=None
[P1] playing land island
[P1] tap land for mana used_for=any needs_left=None
[P0] tap land for mana used_for=U needs_left={'U': 0, 'generic': 0}
[P0] casting Otherworldly Gaze (oid 52)
[P0] tap land for mana used_for=U needs_left={'U': 0, 'generic': 1}
[P0] tap land for mana used_for=generic needs_left={'U': 0, 'generic': 0}
[P0] surveil -> keep on top
[P0] casting Otherworldly Gaze (oid 52)
[P0] tap land for mana used_for=generic needs_left={'U': 1, 'generic': 0}
[P0] surveil -> keep on top
[P0] DeclareAttackers -> none (advertised action)
[P0] transform prompt -> DECLINE (XRQ5ZG.0.641.c0)
[P0] declined transform (not ready yet)
[P1] tap land for mana used_for=any needs_left=None
[P1] tap land for mana used_for=any needs_left=None
[P1] tap land for mana used_for=any needs_left=None
[P1] tap land for mana used_for=any needs_left=None
[P1] tap land for mana used_for=any needs_left=None
[P1] tap land for mana used_for=any needs_left=None
[P1] tap land for mana used_for=any needs_left=None
[P1] tap land for mana used_for=any needs_left=None
[P1] tap land for mana used_for=any needs_left=None
[P1] tap land for mana used_for=any needs_left=None
[P1] tap land for mana used_for=any needs_left=None
[P1] tap land for mana used_for=any needs_left=None
[P1] tap land for mana used_for=any needs_left=None
[P1] tap land for mana used_for=any needs_left=None
[P1] playing land island
[P1] tap land for mana used_for=any needs_left=None
[P0] tap land for mana used_for=U needs_left={'U': 0, 'generic': 0}
[P0] playing land island
[P0] DeclareAttackers -> none (advertised action)
[P0] transform prompt -> DECLINE (XRQ5ZG.0.691.c0)
[P0] declined transform (not ready yet)
[P1] tap land for mana used_for=any needs_left=None
[P1] tap land for mana used_for=any needs_left=None
[P1] tap land for mana used_for=any needs_left=None
[P1] tap land for mana used_for=any needs_left=None
[P1] tap land for mana used_for=any needs_left=None
[P1] tap land for mana used_for=any needs_left=None
[P1] tap land for mana used_for=any needs_left=None
[P1] tap land for mana used_for=any needs_left=None
[P1] tap land for mana used_for=any needs_left=None
[P1] tap land for mana used_for=any needs_left=None
[P1] tap land for mana used_for=any needs_left=None
[P1] tap land for mana used_for=any needs_left=None
[P1] tap land for mana used_for=any needs_left=None
[P1] tap land for mana used_for=any needs_left=None
[P1] tap land for mana used_for=any needs_left=None
[P1] playing land island
[P1] tap land for mana used_for=any needs_left=None
[P0] playing land island
[P0] DeclareAttackers -> none (advertised action)
exported pre_transform.json
[pre] exported turn 32 gy=9 kind=decideOptionalEffect
[P0] transform prompt -> ACCEPT (XRQ5ZG.0.741.c1)
[P0] accepted transform; needs={'U': 2, 'B': 2, 'generic': 4}
[P0] exile 8 from graveyard (schema select, 8)
[P0] tap land for mana used_for=U needs_left={'U': 1, 'B': 2, 'generic': 4}
[observed] Ultimecia, Omnipotent on battlefield (turn 32)
[P0] tap land for mana used_for=B needs_left={'U': 1, 'B': 1, 'generic': 4}
[P0] tap land for mana used_for=U needs_left={'U': 0, 'B': 1, 'generic': 4}
[P0] tap land for mana used_for=B needs_left={'U': 0, 'B': 0, 'generic': 4}
[P1] tap land for mana used_for=any needs_left=None
[P1] tap land for mana used_for=any needs_left=None
[P1] tap land for mana used_for=any needs_left=None
[P1] tap land for mana used_for=any needs_left=None
[P1] tap land for mana used_for=any needs_left=None
[P1] tap land for mana used_for=any needs_left=None
[P1] tap land for mana used_for=any needs_left=None
[P1] tap land for mana used_for=any needs_left=None
[P1] tap land for mana used_for=any needs_left=None
[P1] tap land for mana used_for=any needs_left=None
[P1] tap land for mana used_for=any needs_left=None
[P1] tap land for mana used_for=any needs_left=None
[P1] tap land for mana used_for=any needs_left=None
[P1] tap land for mana used_for=any needs_left=None
[P1] tap land for mana used_for=any needs_left=None
[P1] tap land for mana used_for=any needs_left=None
[P1] playing land island
[P1] tap land for mana used_for=any needs_left=None
[P0] tap land for mana used_for=generic needs_left={'U': 0, 'B': 0, 'generic': 3}
exported post_extra_turn.json
[post] exported turn 34 active=0
A1_setup_ok: passed
A2_transform_resolved: passed
A3_extra_turn_next: failed
A4_extra_turn_taken: failed
A5_single_extra: failed
A6_cleanup: passed
WF sequence: ['MulliganDecision', 'Priority', 'SurveilChoice', 'Priority', 'SurveilChoice', 'Priority', 'SurveilChoice', 'Priority', 'SurveilChoice', 'Priority', 'SurveilChoice', 'Priority', 'SurveilChoice', 'Priority', 'OptionalEffectChoice', 'Priority', 'DeclareAttackers', 'Priority', 'OptionalEffectChoice', 'Priority', 'SurveilChoice', 'Priority', 'SurveilChoice', 'Priority', 'DeclareAttackers', 'Priority', 'OptionalEffectChoice', 'Priority', 'SurveilChoice', 'Priority', 'SurveilChoice', 'Priority', 'DeclareAttackers', 'Priority', 'OptionalEffectChoice', 'Priority', 'DeclareAttackers', 'Priority', 'OptionalEffectChoice', 'Priority', 'DeclareAttackers', 'Priority', 'OptionalEffectChoice', 'Priority', 'SurveilChoice', 'Priority', 'SurveilChoice', 'Priority', 'DeclareAttackers', 'Priority', 'OptionalEffectChoice', 'Priority', 'SurveilChoice', 'Priority', 'SurveilChoice', 'Priority', 'DeclareAttackers', 'Priority', 'OptionalEffectChoice', 'Priority', 'DeclareAttackers', 'Priority', 'OptionalEffectChoice', 'Priority', 'DeclareAttackers', 'Priority', 'OptionalEffectChoice', 'EffectZoneChoice', 'Priority']
Turn sequence: [(1, 1), (2, 0), (3, 1), (4, 0), (5, 1), (6, 0), (7, 1), (8, 0), (9, 1), (10, 0), (11, 1), (12, 0), (13, 1), (14, 0), (15, 1), (16, 0), (17, 1), (18, 0), (19, 1), (20, 0), (21, 1), (22, 0), (23, 1), (24, 0), (25, 1), (26, 0), (27, 1), (28, 0), (29, 1), (30, 0), (31, 1), (32, 0), (33, 1), (34, 0)]
verdict: reproduced
