# server.log excerpts for game XRQ5ZG (run 20261007-6772, v0.103.0)
# 1570 total lines for this game; 18 matched lines below
2026-10-07T16:44:10.866343Z  INFO ws_message: phase_server: game created via lobby game=XRQ5ZG host=P0 players=2
2026-10-07T16:44:10.971086Z  INFO ws_message: server_core::session: player joined session game=XRQ5ZG player=PlayerId(1) seat=1
2026-10-07T16:44:11.104447Z  INFO ws_message: phase_server: player joined game=XRQ5ZG player=PlayerId(1)
2026-10-07T16:44:11.768077Z  WARN phase_server: Full snapshot was no longer current game=XRQ5ZG disposition=SupersededOrRetired
2026-10-07T16:44:26.169612Z  INFO ws_message:game_session{game=XRQ5ZG player=PlayerId(0)}: server_core::session: action applied game=XRQ5ZG player=PlayerId(0) action_type="CastSpell" event_count=9
2026-10-07T16:44:33.341873Z  INFO ws_message:game_session{game=XRQ5ZG player=PlayerId(0)}: server_core::session: action applied game=XRQ5ZG player=PlayerId(0) action_type="CastSpell" event_count=14
2026-10-07T16:44:39.719238Z  INFO ws_message:game_session{game=XRQ5ZG player=PlayerId(0)}: server_core::session: action applied game=XRQ5ZG player=PlayerId(0) action_type="CastSpell" event_count=9
2026-10-07T16:44:40.786703Z  INFO ws_message:game_session{game=XRQ5ZG player=PlayerId(0)}: server_core::session: action applied game=XRQ5ZG player=PlayerId(0) action_type="CastSpell" event_count=4
2026-10-07T16:44:48.767821Z  INFO ws_message:game_session{game=XRQ5ZG player=PlayerId(0)}: server_core::session: action applied game=XRQ5ZG player=PlayerId(0) action_type="CastSpell" event_count=14
2026-10-07T16:44:55.904950Z  INFO ws_message:game_session{game=XRQ5ZG player=PlayerId(0)}: server_core::session: action applied game=XRQ5ZG player=PlayerId(0) action_type="CastSpell" event_count=29
2026-10-07T16:45:12.476312Z  INFO ws_message:game_session{game=XRQ5ZG player=PlayerId(0)}: server_core::session: action applied game=XRQ5ZG player=PlayerId(0) action_type="CastSpell" event_count=14
2026-10-07T16:45:13.536522Z  INFO ws_message:game_session{game=XRQ5ZG player=PlayerId(0)}: server_core::session: action applied game=XRQ5ZG player=PlayerId(0) action_type="CastSpell" event_count=4
2026-10-07T16:45:23.046783Z  INFO ws_message:game_session{game=XRQ5ZG player=PlayerId(0)}: server_core::session: action applied game=XRQ5ZG player=PlayerId(0) action_type="CastSpell" event_count=9
2026-10-07T16:45:24.105326Z  INFO ws_message:game_session{game=XRQ5ZG player=PlayerId(0)}: server_core::session: action applied game=XRQ5ZG player=PlayerId(0) action_type="CastSpell" event_count=4
2026-10-07T16:45:48.806140Z  INFO ws_message:game_session{game=XRQ5ZG player=PlayerId(0)}: server_core::session: action applied game=XRQ5ZG player=PlayerId(0) action_type="CastSpell" event_count=9
2026-10-07T16:45:49.868032Z  INFO ws_message:game_session{game=XRQ5ZG player=PlayerId(0)}: server_core::session: action applied game=XRQ5ZG player=PlayerId(0) action_type="CastSpell" event_count=4
2026-10-07T16:45:58.549625Z  INFO ws_message:game_session{game=XRQ5ZG player=PlayerId(0)}: server_core::session: action applied game=XRQ5ZG player=PlayerId(0) action_type="CastSpell" event_count=9
2026-10-07T16:45:59.663889Z  INFO ws_message:game_session{game=XRQ5ZG player=PlayerId(0)}: server_core::session: action applied game=XRQ5ZG player=PlayerId(0) action_type="CastSpell" event_count=4
