both clients connected
game created: 49U1NQ
P1 joined
[P0] mulligan: keep (lands=3, mulls=0)
[P1] mulligan: keep (lands=4, mulls=0)
[diag] t=1s stage=setup turn=1 phase=PreCombatMain wf=Priority elves_bf=[] aura=None gy1=0 p0hand=['lost in thought', 'island', 'island', 'thought scour', 'lost in thought'] p1hand=['hidden card', 'hidden card', 'hidden card', 'hidden card', 'hidden card'] atk1=False/False/False act=False/False esc=False
[P0] casts Thought Scour #1 targeting P1
[P0] targets player via candidate 49U1NQ.0.8.t1 (ref=None)
[P1] casts Llanowar Elves
[P0] casts Thought Scour #2 targeting P1
[P0] targets player via candidate 49U1NQ.0.45.t1 (ref=None)
[P1] casts Llanowar Elves
[P1] casts Llanowar Elves
[P0] casts Lost in Thought targeting Elves 84
[P0] targets creature via candidate 49U1NQ.0.86.t0 (ref=84)
aura on BF oid=23 static_definitions=[] unimplemented=['Effect: static_structure']
exported pre.json (turn=5)
STAGE -> attack_test
P1 priority action types at escape scan: ['ActivateAbility', 'PassPriority']
[P1] declares attack with enchanted Elves 84
Elves 84 IS in combat.attackers
attack1 ACCEPTED (Elves in attackers)
exported post_attack.json (turn=7)
STAGE -> activation_test
[P1] attempts ActivateAbility on enchanted Elves 84
STAGE -> control
[P0] discarding to hand size
[P0] REJECTION in stage control: {"type": "ActionRejected", "data": {"rejection": {"code": "invalid_interaction_response", "disposition": "invalid", "message": "That response is not valid for this interaction.", "related_object_ids": []}}}
[diag] t=61s stage=control turn=11 phase=Cleanup wf=DiscardToHandSize elves_bf=[84, 98, 118] aura=23 gy1=4 p0hand=['lost in thought', 'island', 'lost in thought', 'thought scour', 'thought scour'] p1hand=['hidden card', 'hidden card', 'hidden card', 'hidden card'] atk1=True/True/False act=True/True esc=False
[watchdog] P0 revision 196 stale 45s: turn=11 phase=Cleanup wf=DiscardToHandSize pp=0
[watchdog] P1 revision 196 stale 45s: turn=11 phase=Cleanup wf=DiscardToHandSize pp=0
[diag] t=121s stage=control turn=11 phase=Cleanup wf=DiscardToHandSize elves_bf=[84, 98, 118] aura=23 gy1=4 p0hand=['lost in thought', 'island', 'lost in thought', 'thought scour', 'thought scour'] p1hand=['hidden card', 'hidden card', 'hidden card', 'hidden card'] atk1=True/True/False act=True/True esc=False
[watchdog] P0 revision 196 stale 45s: turn=11 phase=Cleanup wf=DiscardToHandSize pp=0
[watchdog] P1 revision 196 stale 45s: turn=11 phase=Cleanup wf=DiscardToHandSize pp=0
[diag] t=181s stage=control turn=11 phase=Cleanup wf=DiscardToHandSize elves_bf=[84, 98, 118] aura=23 gy1=4 p0hand=['lost in thought', 'island', 'lost in thought', 'thought scour', 'thought scour'] p1hand=['hidden card', 'hidden card', 'hidden card', 'hidden card'] atk1=True/True/False act=True/True esc=False
[watchdog] P0 revision 196 stale 45s: turn=11 phase=Cleanup wf=DiscardToHandSize pp=0
[watchdog] P1 revision 196 stale 45s: turn=11 phase=Cleanup wf=DiscardToHandSize pp=0
[watchdog] P0 revision 196 stale 45s: turn=11 phase=Cleanup wf=DiscardToHandSize pp=0
[watchdog] P1 revision 196 stale 45s: turn=11 phase=Cleanup wf=DiscardToHandSize pp=0
[diag] t=241s stage=control turn=11 phase=Cleanup wf=DiscardToHandSize elves_bf=[84, 98, 118] aura=23 gy1=4 p0hand=['lost in thought', 'island', 'lost in thought', 'thought scour', 'thought scour'] p1hand=['hidden card', 'hidden card', 'hidden card', 'hidden card'] atk1=True/True/False act=True/True esc=False
[watchdog] P0 revision 196 stale 45s: turn=11 phase=Cleanup wf=DiscardToHandSize pp=0
[watchdog] P1 revision 196 stale 45s: turn=11 phase=Cleanup wf=DiscardToHandSize pp=0
