2026-09-16T06:40:19.965335Z  INFO ws_message: server_core::session: game session created game=49U1NQ player_count=2
2026-09-16T06:40:19.985741Z  INFO ws_message: phase_server: game created via lobby game=49U1NQ host=P0-mill players=2
2026-09-16T06:40:20.048922Z  INFO ws_message: server_core::session: player joined session game=49U1NQ player=PlayerId(1) seat=1
2026-09-16T06:40:20.072468Z  INFO ws_message: phase_server: player joined via lobby game=49U1NQ player=PlayerId(1)
2026-09-16T06:40:20.466218Z  INFO ws_message:game_session{game=49U1NQ player=PlayerId(0)}: server_core::session: action applied game=49U1NQ player=PlayerId(0) action_type="MulliganDecision" event_coun
2026-09-16T06:40:20.531732Z  INFO ws_message:game_session{game=49U1NQ player=PlayerId(1)}: server_core::session: action applied game=49U1NQ player=PlayerId(1) action_type="MulliganDecision" event_coun
2026-09-16T06:40:20.718453Z  INFO ws_message:game_session{game=49U1NQ player=PlayerId(0)}: server_core::session: action applied game=49U1NQ player=PlayerId(0) action_type="PassPriority" event_count=1
2026-09-16T06:40:20.970531Z  INFO ws_message:game_session{game=49U1NQ player=PlayerId(1)}: server_core::session: action applied game=49U1NQ player=PlayerId(1) action_type="PassPriority" event_count=2
2026-09-16T06:40:21.225630Z  INFO ws_message:game_session{game=49U1NQ player=PlayerId(0)}: server_core::session: action applied game=49U1NQ player=PlayerId(0) action_type="PlayLand" event_count=2
2026-09-16T06:40:21.473489Z  INFO ws_message:game_session{game=49U1NQ player=PlayerId(0)}: server_core::session: action applied game=49U1NQ player=PlayerId(0) action_type="CastSpell" event_count=1
2026-09-16T06:40:21.738604Z  INFO ws_message:game_session{game=49U1NQ player=PlayerId(0)}: server_core::session: interaction applied game=49U1NQ player=PlayerId(0) action_type="ChooseTarget" event_cou
2026-09-16T06:40:21.981375Z  INFO ws_message:game_session{game=49U1NQ player=PlayerId(0)}: server_core::session: action applied game=49U1NQ player=PlayerId(0) action_type="PassPriority" event_count=1
2026-09-16T06:40:22.238288Z  INFO ws_message:game_session{game=49U1NQ player=PlayerId(1)}: server_core::session: action applied game=49U1NQ player=PlayerId(1) action_type="PassPriority" event_count=11
2026-09-16T06:40:22.484565Z  INFO ws_message:game_session{game=49U1NQ player=PlayerId(0)}: server_core::session: action applied game=49U1NQ player=PlayerId(0) action_type="PassPriority" event_count=1
2026-09-16T06:40:22.736793Z  INFO ws_message:game_session{game=49U1NQ player=PlayerId(1)}: server_core::session: action applied game=49U1NQ player=PlayerId(1) action_type="PassPriority" event_count=1
2026-09-16T06:40:22.987882Z  INFO ws_message:game_session{game=49U1NQ player=PlayerId(0)}: server_core::session: action applied game=49U1NQ player=PlayerId(0) action_type="PassPriority" event_count=1
2026-09-16T06:40:23.243904Z  INFO ws_message:game_session{game=49U1NQ player=PlayerId(1)}: server_core::session: action applied game=49U1NQ player=PlayerId(1) action_type="PassPriority" event_count=3
2026-09-16T06:40:23.491786Z  INFO ws_message:game_session{game=49U1NQ player=PlayerId(0)}: server_core::session: action applied game=49U1NQ player=PlayerId(0) action_type="PassPriority" event_count=1
2026-09-16T06:40:23.747871Z  INFO ws_message:game_session{game=49U1NQ player=PlayerId(1)}: server_core::session: action applied game=49U1NQ player=PlayerId(1) action_type="PassPriority" event_count=1
2026-09-16T06:40:23.994704Z  INFO ws_message:game_session{game=49U1NQ player=PlayerId(0)}: server_core::session: action applied game=49U1NQ player=PlayerId(0) action_type="PassPriority" event_count=1
