[22:47:38] ServerHello: version=0.102.0 build=e17f6fd protocol=106 mode=Full
[22:47:38] A1_parse: passed
[22:47:39] game=6AY0RC run=20261004-7309c
[22:47:39] [P0] keep 7: ['mountain', 'mountain', 'mountain', 'mountain', 'baxter building', 'mountain', 'baxter building']
[22:47:39] [P1] keep 7: ['forest', 'forest', 'forest', 'forest', 'forest', 'forest', 'forest']
[22:47:39] [P0] playing baxter building
[22:47:39] [P0] tap land for mana (generic left=3)
[22:47:42] [P1] playing land forest
[22:47:42] [P1] tap land for mana (generic left=2)
[22:47:44] [P0] tap land for mana (generic left=1)
[22:47:44] [P0] playing baxter building
[22:47:45] [P0] tap land for mana (generic left=0)
[22:47:48] [P1] playing land forest
[22:47:50] [P0] playing mountain
[22:47:53] [P1] playing land forest
[22:47:55] [P0] playing mountain
[22:47:58] [P1] playing land forest
[22:48:00] [P0] playing mountain
[22:48:05] [P1] playing land forest
[22:48:09] [P0] playing mountain
[22:48:10] exported pre.json
[22:48:10] recorded 10 ability-1 offers: ['Black', 'Blue', 'Green', 'Red', 'White']
[22:48:10] [P0] activated Baxter mana ability (oid=16) type=TapLandForMana
[22:48:10] [P0] pool full (4 mana); holding priority for post export
[22:48:10] pool after activation: {"mana": [{"color": "White", "source_id": 16, "pip_id": 9, "snow": false, "source_could_produce_two_or_more_colors": true, "restrictions": []}, {"color": "White", "source_id": 16, "pip_id": 10, "snow": false, "source_could_produce_two_or_more_colors": true, "restrictions": []}, {"color": "White", "source_id": 16, "pip_id": 11, "snow": false, "source_could_produce_two_or_more_colors": true, "restri
[22:48:10] exported post.json
[22:48:10] loaded pre.json
[22:48:10] loaded post.json
[22:48:10] A1_parse: passed
[22:48:10] A2_setup_ok: passed
[22:48:10] A3_activation_ok: passed
[22:48:10] A4_no_mix_offered: passed
[22:48:10] A5_cleanup: passed
[22:48:10] VERDICT: reproduced
[22:48:10] wrote summary.png
[22:48:10] finalize: closing logs, computing manifest
