game 92GQ8P; P0 seat=0 P1 seat=1
P0 keeps opening hand
P1 keeps opening hand
DIAG turn=1 active=0 phase=Untap wf=MulliganDecision P0bf=[] P1bf=[] P0hand=['Swamp', 'Swamp', 'Swamp', 'Swamp', 'Writhing Chrysalis', 'Mountain', 'Forest'] setup=False blk=False
P1 casts Goblin Bushwhacker
P0 casts Writhing Chrysalis
P0 declares no attackers
P0 declares no attackers
P0 declares no attackers
P0 declares no attackers
DIAG turn=17 active=0 phase=Draw wf=Priority P0bf=['Swamp', 'Mountain', 'Writhing Chrysalis', 'Mountain', 'Forest', 'Swamp', 'Swamp', 'Swamp', 'Swamp', 'Eldrazi Spawn', 'Eldrazi Spawn'] P1bf=['Mountain', 'Mountain', 'Mountain', 'Goblin Bushwhacker', 'Mountain', 'Mountain', 'Mountain', 'Mountain'] P0hand=['Swamp', 'Mountain', 'Swamp', 'Forest', 'Forest', 'Forest'] setup=False blk=False
P0 declares no attackers
P1 casts Goblin Bushwhacker
P0 non-priority decision: OptionalCostChoice acts=[]
P1 declines optional cost (kicker)
P0 declares no attackers
P0 declares no attackers
P0 declares no attackers
P0 declares no attackers
P1 casts Goblin Bushwhacker
P0 non-priority decision: OptionalCostChoice acts=[]
P1 declines optional cost (kicker)
P0 declares no attackers
P0 declares no attackers
P0 casts Writhing Chrysalis
P0 non-priority decision: OrderTriggers acts=[('OrderTriggers', ['order']), ('OrderTriggers', ['order']), ('OrderTriggers', ['order']), ('OrderTriggers', ['order']), ('OrderTriggers', ['order']), ('OrderTriggers', ['order'])]
P0 submits trigger order as advertised
DIAG turn=31 active=0 phase=PreCombatMain wf=Priority P0bf=['Swamp', 'Swamp', 'Mountain', 'Writhing Chrysalis', 'Mountain', 'Mountain', 'Forest', 'Swamp', 'Swamp', 'Swamp', 'Mountain', 'Swamp'] P1bf=['Mountain', 'Goblin Bushwhacker', 'Mountain', 'Mountain', 'Mountain', 'Mountain', 'Goblin Bushwhacker', 'Mountain'] P0hand=['Swamp', 'Forest', 'Forest', 'Swamp'] setup=False blk=False
P0 declares no attackers
P0 declares no attackers
P0 declares no attackers
P0 declares no attackers
P0 declares no attackers
P0 declares no attackers
P0 declares no attackers
DIAG turn=43 active=0 phase=PostCombatMain wf=Priority P0bf=['Swamp', 'Swamp', 'Forest', 'Swamp', 'Forest', 'Mountain', 'Writhing Chrysalis', 'Mountain', 'Mountain', 'Forest', 'Swamp', 'Swamp'] P1bf=['Mountain', 'Goblin Bushwhacker', 'Mountain', 'Mountain', 'Mountain', 'Mountain', 'Mountain', 'Goblin Bushwhacker'] P0hand=['Swamp', 'Forest', 'Forest', 'Swamp'] setup=False blk=False
P0 declares no attackers
P0 declares no attackers
DIAG turn=48 active=1 phase=BeginCombat wf=Priority P0bf=['Swamp', 'Swamp', 'Forest', 'Swamp', 'Forest', 'Mountain', 'Writhing Chrysalis', 'Mountain', 'Mountain', 'Forest', 'Swamp', 'Swamp'] P1bf=['Mountain', 'Goblin Bushwhacker', 'Mountain', 'Mountain', 'Mountain', 'Mountain', 'Mountain', 'Mountain'] P0hand=['Forest', 'Forest', 'Swamp', 'Forest'] setup=False blk=False
P0 declares no attackers
P1 casts Blazing Rootwalla
P0 declares no attackers
P0 casts Gixian Infiltrator
P0 declares no attackers
DIAG turn=54 active=1 phase=BeginCombat wf=Priority P0bf=['Swamp', 'Swamp', 'Forest', 'Swamp', 'Forest', 'Mountain', 'Writhing Chrysalis', 'Mountain', 'Mountain', 'Mountain', 'Forest', 'Swamp'] P1bf=['Mountain', 'Goblin Bushwhacker', 'Mountain', 'Mountain', 'Mountain', 'Mountain', 'Mountain', 'Mountain'] P0hand=['Forest', 'Forest', 'Forest'] setup=False blk=False
P0 declares no attackers
P0 casts Gixian Infiltrator
P0 non-priority decision: OrderTriggers acts=[('OrderTriggers', ['order']), ('OrderTriggers', ['order']), ('OrderTriggers', ['order']), ('OrderTriggers', ['order']), ('OrderTriggers', ['order']), ('OrderTriggers', ['order'])]
P0 submits trigger order as advertised
P0 declares no attackers
P0 declares no attackers
DIAG turn=60 active=1 phase=EndCombat wf=Priority P0bf=['Swamp', 'Swamp', 'Forest', 'Swamp', 'Forest', 'Mountain', 'Writhing Chrysalis', 'Mountain', 'Mountain', 'Mountain', 'Forest', 'Swamp'] P1bf=['Mountain', 'Goblin Bushwhacker', 'Mountain', 'Mountain', 'Mountain', 'Mountain', 'Mountain', 'Mountain'] P0hand=['Forest', 'Forest'] setup=False blk=False
P0 declares no attackers
P0 declares no attackers
P0 declares no attackers
P0 declares no attackers
P1 casts Blazing Rootwalla
P0 casts Gixian Infiltrator
DIAG turn=69 active=0 phase=PreCombatMain wf=Priority P0bf=['Swamp', 'Swamp', 'Forest', 'Swamp', 'Forest', 'Mountain', 'Writhing Chrysalis', 'Mountain', 'Mountain', 'Mountain', 'Forest', 'Swamp'] P1bf=['Mountain', 'Mountain', 'Goblin Bushwhacker', 'Mountain', 'Mountain', 'Mountain', 'Mountain', 'Mountain'] P0hand=['Forest'] setup=False blk=False
P0 declares no attackers
P0 casts Writhing Chrysalis
P0 declares no attackers
P1 casts Blazing Rootwalla
P0 declares no attackers
P0 declares no attackers
P0 declares no attackers
DIAG turn=78 active=1 phase=EndCombat wf=Priority P0bf=['Swamp', 'Swamp', 'Forest', 'Swamp', 'Mountain', 'Forest', 'Writhing Chrysalis', 'Mountain', 'Writhing Chrysalis', 'Mountain', 'Forest', 'Mountain'] P1bf=['Mountain', 'Mountain', 'Goblin Bushwhacker', 'Mountain', 'Mountain', 'Mountain', 'Mountain', 'Mountain'] P0hand=[] setup=False blk=False
P0 casts Writhing Chrysalis
P0 non-priority decision: OrderTriggers acts=[('OrderTriggers', ['order']), ('OrderTriggers', ['order'])]
P0 submits trigger order as advertised
P0 declares no attackers
P0 declares no attackers
P1 casts Clockwork Percussionist
SETUP COMPLETE: P0 has Infiltrator+Chrysalis+2 spawns; P1 has all three attackers
P1 attacks with ['Clockwork Percussionist', 'Goblin Bushwhacker', 'Blazing Rootwalla']
DeclareBlockers action shape: {"type": "DeclareBlockers", "data": {"assignments": []}}
blockers: chrys=9 inf=52 spawns=[150, 151] | attackers: rw=73 bw=63 pc=115
P0 declares blockers: Chrysalis->Rootwalla, Infiltrator->Bushwhacker, Spawn(150)->Percussionist
exporting PRE (blockers declared, P0 priority, pre-sac)
combat state: {"attacked_defenders_this_combat": {"1": [0]}, "attackers": [{"attack_target": {"data": 0, "type": "Player"}, "band_id": null, "blocked": true, "defending_player": 0, "object_id": 115}, {"attack_target": {"data": 0, "type": "Player"}, "band_id": null, "blocked": true, "defending_player": 0, "object_id": 63}, {"attack_target": {"data": 0, "type": "Player"}, "band_id": null, "blocked": true, "defending_player": 0, "object_id": 73}], "attacking_incarnations_this_combat": [{"incarnation": 3, "object_id": 63}, {"incarnation": 3, "object_id": 73}, {"incarnation": 3, "object_id": 115}], "blocker_assignments": {"115": [150], "63": [52], "73": [9]}, "blocker_to_attacker": {"150": [115], "52": [63], "9": [73]}, "blockers_declared_by": [0], "creature_attacked_defenders_this_combat": {"115": [0], "63": [0], "73": [0]}, "damage_assignments": {}, "damage_step_index": null, "first_strike_done": false, "first_strike_participants": null, "pending_blocker_declaration_events": [], "pending_damage": [], "regular_damage_done": false}
block assignments observed: {('Writhing Chrysalis', 'Blazing Rootwalla'), ('Eldrazi Spawn', 'Clockwork Percussionist'), ('Gixian Infiltrator', 'Goblin Bushwhacker')}
Spawn activation offered: {"type": "ActivateAbility", "data": {"source_id": 150, "ability_index": 0}, "_src_oid": "150"}
P0 activates Spawn sac ability (offered channel)
P0 non-priority decision: OrderTriggers acts=[('OrderTriggers', ['order']), ('OrderTriggers', ['order'])]
P0 submits trigger order as advertised
DIAG turn=82 active=1 phase=DeclareBlockers wf=OrderTriggers P0bf=['Swamp', 'Swamp', 'Forest', 'Swamp', 'Mountain', 'Forest', 'Writhing Chrysalis', 'Mountain', 'Writhing Chrysalis', 'Mountain', 'Forest', 'Mountain'] P1bf=['Mountain', 'Mountain', 'Goblin Bushwhacker', 'Mountain', 'Mountain', 'Mountain', 'Mountain', 'Mountain'] P0hand=[] setup=True blk=True
post-activation: spawns_on_bf=1 (was 2) colorless_in_pool=1 (was 0) phase=DeclareBlockers rejections=[]
counters Gixian Infiltrator(52): 3 -> 3
counters Gixian Infiltrator(54): 2 -> 2
counters Gixian Infiltrator(60): 2 -> 2
counters Writhing Chrysalis(9): 2 -> 2
counters Writhing Chrysalis(12): 6 -> 6
counters Writhing Chrysalis(37): 0 -> 0
counters Writhing Chrysalis(55): 4 -> 4
counters Gixian Infiltrator(52): 3 -> 3
counters Gixian Infiltrator(54): 2 -> 2
counters Gixian Infiltrator(60): 2 -> 2
counters Writhing Chrysalis(9): 2 -> 2
counters Writhing Chrysalis(12): 6 -> 6
counters Writhing Chrysalis(37): 0 -> 1
counters Writhing Chrysalis(55): 4 -> 4
counters Gixian Infiltrator(52): 3 -> 3
counters Gixian Infiltrator(54): 2 -> 2
counters Gixian Infiltrator(60): 2 -> 2
counters Writhing Chrysalis(9): 2 -> 3
counters Writhing Chrysalis(12): 6 -> 6
counters Writhing Chrysalis(37): 0 -> 1
counters Writhing Chrysalis(55): 4 -> 4
counters Gixian Infiltrator(52): 3 -> 3
counters Gixian Infiltrator(54): 2 -> 3
counters Gixian Infiltrator(60): 2 -> 2
counters Writhing Chrysalis(9): 2 -> 3
counters Writhing Chrysalis(12): 6 -> 6
counters Writhing Chrysalis(37): 0 -> 1
counters Writhing Chrysalis(55): 4 -> 4
counters Gixian Infiltrator(52): 3 -> 3
counters Gixian Infiltrator(54): 2 -> 3
counters Gixian Infiltrator(60): 2 -> 3
counters Writhing Chrysalis(9): 2 -> 3
counters Writhing Chrysalis(12): 6 -> 6
counters Writhing Chrysalis(37): 0 -> 1
counters Writhing Chrysalis(55): 4 -> 4
counters Gixian Infiltrator(52): 3 -> 4
counters Gixian Infiltrator(54): 2 -> 3
counters Gixian Infiltrator(60): 2 -> 3
counters Writhing Chrysalis(9): 2 -> 3
counters Writhing Chrysalis(12): 6 -> 6
counters Writhing Chrysalis(37): 0 -> 1
counters Writhing Chrysalis(55): 4 -> 4
counters Gixian Infiltrator(52): 3 -> 4
counters Gixian Infiltrator(54): 2 -> 3
counters Gixian Infiltrator(60): 2 -> 3
counters Writhing Chrysalis(9): 2 -> 3
counters Writhing Chrysalis(12): 6 -> 6
counters Writhing Chrysalis(37): 0 -> 1
counters Writhing Chrysalis(55): 4 -> 5
counters Gixian Infiltrator(52): 3 -> 4
counters Gixian Infiltrator(54): 2 -> 3
counters Gixian Infiltrator(60): 2 -> 3
counters Writhing Chrysalis(9): 2 -> 3
counters Writhing Chrysalis(12): 6 -> 7
counters Writhing Chrysalis(37): 0 -> 1
counters Writhing Chrysalis(55): 4 -> 5
all assertions resolved; finishing
summary.png rendered
