both clients connected
game created: 9LFTN9
P1 joined
[P0] mulligan: keep
[P1] mulligan: keep
[diag] t=1s stage=setup turn=1 phase=PreCombatMain wf=Priority doctor=None mox_oids=[]
[P0] casting The Sixth Doctor
[obs] The Sixth Doctor on BF oid=25 supertypes=['legendary'] power=3
[P0] stage -> doctor_ready
exported pre.json (turn=12)
[P0] casting Mox Amber oid=45 (turn 12)
[obs] copy-ish stack entry: {"id": 121, "source_id": 25, "controller": 0, "kind": {"type": "TriggeredAbility", "data": {"source_id": 25, "ability": {"effect": {"type": "CopySpell", "target": {"type": "TriggeringSource"}, "retarget": {"type": "KeepOriginalTargets"}, "additional_modifications": [{"type": "RemoveSupertype", "supertype": "Legendary"}], "starting_loyalty_from_casualty_sacrifice": false}, "targets": [], "source_id": 25, "source_incarnation": 3, "trigger_source": {"identity": {"reference": {"object_id": 25, "inca
[obs] TWO Mox Ambers on P0 BF: [{"oid": 45, "supertypes": ["legendary"], "subtypes": [], "is_token": false, "is_original": true, "entered_turn": 12, "zone": "Battlefield"}, {"oid": 122, "supertypes": [], "subtypes": [], "is_token": true, "is_original": false, "entered_turn": 12, "zone": "Battlefield"}]
exported mid.json (turn=12)
[P0] stage -> observed (two Mox Ambers seen)
[P0] observation window closed; stage -> done
exported post.json (turn=13)
loaded pre.json
loaded mid.json
loaded post.json
server run dir: runs/20260916-7187
wrote server.log excerpts (388 lines)
wrote summary.png
