2026-09-16T15:24:01.349721Z  INFO ws_message: server_core::session: game session created game=9LFTN9 player_count=2
2026-09-16T15:24:01.370725Z  INFO ws_message: phase_server: game created via lobby game=9LFTN9 host=P0-doctor players=2
2026-09-16T15:24:01.432680Z  INFO ws_message: phase_server: JoinGameWithPassword game=9LFTN9 joiner=P1-idle
2026-09-16T15:24:01.432943Z  INFO ws_message: server_core::session: player joined session game=9LFTN9 player=PlayerId(1) seat=1
2026-09-16T15:24:01.453969Z  INFO ws_message: phase_server: player joined via lobby game=9LFTN9 player=PlayerId(1)
2026-09-16T15:24:01.674798Z  WARN phase_server: Full snapshot was no longer current game=9LFTN9 disposition=SupersededOrRetired
2026-09-16T15:24:01.908496Z  INFO ws_message:game_session{game=9LFTN9 player=PlayerId(0)}: server_core::session: action applied game=9LFTN9 player=PlayerId(0) action_type="MulliganDecision" event_count=0
2026-09-16T15:24:01.918948Z  INFO ws_message:game_session{game=9LFTN9 player=PlayerId(0)}: phase_server: game submission processed (lock held) game=9LFTN9 kind="action" lock_ms=10 ai_actions=0
2026-09-16T15:24:01.989840Z  INFO ws_message:game_session{game=9LFTN9 player=PlayerId(1)}: server_core::session: action applied game=9LFTN9 player=PlayerId(1) action_type="MulliganDecision" event_count=1
2026-09-16T15:24:01.991109Z  INFO ws_message:game_session{game=9LFTN9 player=PlayerId(1)}: phase_server: game submission processed (lock held) game=9LFTN9 kind="action" lock_ms=5 ai_actions=0
2026-09-16T15:24:02.161681Z  INFO ws_message:game_session{game=9LFTN9 player=PlayerId(1)}: server_core::session: action applied game=9LFTN9 player=PlayerId(1) action_type="PassPriority" event_count=1
2026-09-16T15:24:02.165832Z  INFO ws_message:game_session{game=9LFTN9 player=PlayerId(1)}: phase_server: game submission processed (lock held) game=9LFTN9 kind="action" lock_ms=4 ai_actions=0
2026-09-16T15:24:02.411416Z  INFO ws_message:game_session{game=9LFTN9 player=PlayerId(0)}: server_core::session: action applied game=9LFTN9 player=PlayerId(0) action_type="PassPriority" event_count=2
2026-09-16T15:24:02.443023Z  INFO ws_message:game_session{game=9LFTN9 player=PlayerId(0)}: phase_server: game submission processed (lock held) game=9LFTN9 kind="action" lock_ms=32 ai_actions=0
2026-09-16T15:24:02.667991Z  INFO ws_message:game_session{game=9LFTN9 player=PlayerId(1)}: server_core::session: action applied game=9LFTN9 player=PlayerId(1) action_type="PlayLand" event_count=2
2026-09-16T15:24:02.670489Z  INFO ws_message:game_session{game=9LFTN9 player=PlayerId(1)}: phase_server: game submission processed (lock held) game=9LFTN9 kind="action" lock_ms=7 ai_actions=0
2026-09-16T15:24:02.915345Z  INFO ws_message:game_session{game=9LFTN9 player=PlayerId(1)}: server_core::session: action applied game=9LFTN9 player=PlayerId(1) action_type="PassPriority" event_count=1
2026-09-16T15:24:02.918627Z  INFO ws_message:game_session{game=9LFTN9 player=PlayerId(1)}: phase_server: game submission processed (lock held) game=9LFTN9 kind="action" lock_ms=4 ai_actions=0
2026-09-16T15:24:03.165135Z  INFO ws_message:game_session{game=9LFTN9 player=PlayerId(0)}: server_core::session: action applied game=9LFTN9 player=PlayerId(0) action_type="PassPriority" event_count=1
2026-09-16T15:24:03.167871Z  INFO ws_message:game_session{game=9LFTN9 player=PlayerId(0)}: phase_server: game submission processed (lock held) game=9LFTN9 kind="action" lock_ms=3 ai_actions=0
2026-09-16T15:24:03.417735Z  INFO ws_message:game_session{game=9LFTN9 player=PlayerId(1)}: server_core::session: action applied game=9LFTN9 player=PlayerId(1) action_type="PassPriority" event_count=1
2026-09-16T15:24:03.420773Z  INFO ws_message:game_session{game=9LFTN9 player=PlayerId(1)}: phase_server: game submission processed (lock held) game=9LFTN9 kind="action" lock_ms=4 ai_actions=0
2026-09-16T15:24:03.671223Z  INFO ws_message:game_session{game=9LFTN9 player=PlayerId(0)}: server_core::session: action applied game=9LFTN9 player=PlayerId(0) action_type="PassPriority" event_count=3
2026-09-16T15:24:03.674931Z  INFO ws_message:game_session{game=9LFTN9 player=PlayerId(0)}: phase_server: game submission processed (lock held) game=9LFTN9 kind="action" lock_ms=8 ai_actions=0
2026-09-16T15:24:03.920462Z  INFO ws_message:game_session{game=9LFTN9 player=PlayerId(1)}: server_core::session: action applied game=9LFTN9 player=PlayerId(1) action_type="PassPriority" event_count=1
2026-09-16T15:24:03.923870Z  INFO ws_message:game_session{game=9LFTN9 player=PlayerId(1)}: phase_server: game submission processed (lock held) game=9LFTN9 kind="action" lock_ms=4 ai_actions=0
2026-09-16T15:24:04.173138Z  INFO ws_message:game_session{game=9LFTN9 player=PlayerId(0)}: server_core::session: action applied game=9LFTN9 player=PlayerId(0) action_type="PassPriority" event_count=1
2026-09-16T15:24:04.175616Z  INFO ws_message:game_session{game=9LFTN9 player=PlayerId(0)}: phase_server: game submission processed (lock held) game=9LFTN9 kind="action" lock_ms=6 ai_actions=0
2026-09-16T15:24:04.422653Z  INFO ws_message:game_session{game=9LFTN9 player=PlayerId(1)}: server_core::session: action applied game=9LFTN9 player=PlayerId(1) action_type="PassPriority" event_count=1
2026-09-16T15:24:04.425317Z  INFO ws_message:game_session{game=9LFTN9 player=PlayerId(1)}: phase_server: game submission processed (lock held) game=9LFTN9 kind="action" lock_ms=3 ai_actions=0
2026-09-16T15:24:04.675449Z  INFO ws_message:game_session{game=9LFTN9 player=PlayerId(0)}: server_core::session: action applied game=9LFTN9 player=PlayerId(0) action_type="PassPriority" event_count=1
2026-09-16T15:24:04.677820Z  INFO ws_message:game_session{game=9LFTN9 player=PlayerId(0)}: phase_server: game submission processed (lock held) game=9LFTN9 kind="action" lock_ms=6 ai_actions=0
2026-09-16T15:24:04.925542Z  INFO ws_message:game_session{game=9LFTN9 player=PlayerId(1)}: server_core::session: action applied game=9LFTN9 player=PlayerId(1) action_type="PassPriority" event_count=1
2026-09-16T15:24:04.927939Z  INFO ws_message:game_session{game=9LFTN9 player=PlayerId(1)}: phase_server: game submission processed (lock held) game=9LFTN9 kind="action" lock_ms=4 ai_actions=0
2026-09-16T15:24:05.179627Z  INFO ws_message:game_session{game=9LFTN9 player=PlayerId(0)}: server_core::session: action applied game=9LFTN9 player=PlayerId(0) action_type="PassPriority" event_count=4
2026-09-16T15:24:05.181166Z  INFO ws_message:game_session{game=9LFTN9 player=PlayerId(0)}: phase_server: game submission processed (lock held) game=9LFTN9 kind="action" lock_ms=6 ai_actions=0
2026-09-16T15:24:05.428243Z  INFO ws_message:game_session{game=9LFTN9 player=PlayerId(0)}: server_core::session: action applied game=9LFTN9 player=PlayerId(0) action_type="PassPriority" event_count=1
2026-09-16T15:24:05.430461Z  INFO ws_message:game_session{game=9LFTN9 player=PlayerId(0)}: phase_server: game submission processed (lock held) game=9LFTN9 kind="action" lock_ms=3 ai_actions=0
2026-09-16T15:24:05.684650Z  INFO ws_message:game_session{game=9LFTN9 player=PlayerId(1)}: server_core::session: action applied game=9LFTN9 player=PlayerId(1) action_type="PassPriority" event_count=4
2026-09-16T15:24:05.686202Z  INFO ws_message:game_session{game=9LFTN9 player=PlayerId(1)}: phase_server: game submission processed (lock held) game=9LFTN9 kind="action" lock_ms=7 ai_actions=0
2026-09-16T15:24:05.931678Z  INFO ws_message:game_session{game=9LFTN9 player=PlayerId(0)}: server_core::session: action applied game=9LFTN9 player=PlayerId(0) action_type="PassPriority" event_count=1
2026-09-16T15:24:05.935269Z  INFO ws_message:game_session{game=9LFTN9 player=PlayerId(0)}: phase_server: game submission processed (lock held) game=9LFTN9 kind="action" lock_ms=4 ai_actions=0
2026-09-16T15:24:06.184215Z  INFO ws_message:game_session{game=9LFTN9 player=PlayerId(1)}: server_core::session: action applied game=9LFTN9 player=PlayerId(1) action_type="PassPriority" event_count=1
2026-09-16T15:24:06.212795Z  INFO ws_message:game_session{game=9LFTN9 player=PlayerId(1)}: phase_server: game submission processed (lock held) game=9LFTN9 kind="action" lock_ms=29 ai_actions=0
2026-09-16T15:24:06.438632Z  INFO ws_message:game_session{game=9LFTN9 player=PlayerId(0)}: server_core::session: action applied game=9LFTN9 player=PlayerId(0) action_type="PlayLand" event_count=2
2026-09-16T15:24:06.448071Z  INFO ws_message:game_session{game=9LFTN9 player=PlayerId(0)}: phase_server: game submission processed (lock held) game=9LFTN9 kind="action" lock_ms=14 ai_actions=0
2026-09-16T15:24:06.687693Z  INFO ws_message:game_session{game=9LFTN9 player=PlayerId(0)}: server_core::session: action applied game=9LFTN9 player=PlayerId(0) action_type="PassPriority" event_count=1
2026-09-16T15:24:06.689946Z  INFO ws_message:game_session{game=9LFTN9 player=PlayerId(0)}: phase_server: game submission processed (lock held) game=9LFTN9 kind="action" lock_ms=4 ai_actions=0
2026-09-16T15:24:06.939059Z  INFO ws_message:game_session{game=9LFTN9 player=PlayerId(1)}: server_core::session: action applied game=9LFTN9 player=PlayerId(1) action_type="PassPriority" event_count=1
2026-09-16T15:24:06.942054Z  INFO ws_message:game_session{game=9LFTN9 player=PlayerId(1)}: phase_server: game submission processed (lock held) game=9LFTN9 kind="action" lock_ms=4 ai_actions=0
2026-09-16T15:24:07.191292Z  INFO ws_message:game_session{game=9LFTN9 player=PlayerId(0)}: server_core::session: action applied game=9LFTN9 player=PlayerId(0) action_type="PassPriority" event_count=1
2026-09-16T15:24:07.193657Z  INFO ws_message:game_session{game=9LFTN9 player=PlayerId(0)}: phase_server: game submission processed (lock held) game=9LFTN9 kind="action" lock_ms=4 ai_actions=0
2026-09-16T15:24:07.445350Z  INFO ws_message:game_session{game=9LFTN9 player=PlayerId(1)}: server_core::session: action applied game=9LFTN9 player=PlayerId(1) action_type="PassPriority" event_count=3
2026-09-16T15:24:07.448790Z  INFO ws_message:game_session{game=9LFTN9 player=PlayerId(1)}: phase_server: game submission processed (lock held) game=9LFTN9 kind="action" lock_ms=8 ai_actions=0
2026-09-16T15:24:07.693140Z  INFO ws_message:game_session{game=9LFTN9 player=PlayerId(0)}: server_core::session: action applied game=9LFTN9 player=PlayerId(0) action_type="PassPriority" event_count=1
2026-09-16T15:24:07.695439Z  INFO ws_message:game_session{game=9LFTN9 player=PlayerId(0)}: phase_server: game submission processed (lock held) game=9LFTN9 kind="action" lock_ms=4 ai_actions=0
2026-09-16T15:24:07.947083Z  INFO ws_message:game_session{game=9LFTN9 player=PlayerId(1)}: server_core::session: action applied game=9LFTN9 player=PlayerId(1) action_type="PassPriority" event_count=1
2026-09-16T15:24:07.955480Z  INFO ws_message:game_session{game=9LFTN9 player=PlayerId(1)}: phase_server: game submission processed (lock held) game=9LFTN9 kind="action" lock_ms=12 ai_actions=0
2026-09-16T15:24:08.196298Z  INFO ws_message:game_session{game=9LFTN9 player=PlayerId(0)}: server_core::session: action applied game=9LFTN9 player=PlayerId(0) action_type="PassPriority" event_count=1
2026-09-16T15:24:08.198640Z  INFO ws_message:game_session{game=9LFTN9 player=PlayerId(0)}: phase_server: game submission processed (lock held) game=9LFTN9 kind="action" lock_ms=4 ai_actions=0
2026-09-16T15:24:08.449889Z  INFO ws_message:game_session{game=9LFTN9 player=PlayerId(1)}: server_core::session: action applied game=9LFTN9 player=PlayerId(1) action_type="PassPriority" event_count=1
2026-09-16T15:24:08.453047Z  INFO ws_message:game_session{game=9LFTN9 player=PlayerId(1)}: phase_server: game submission processed (lock held) game=9LFTN9 kind="action" lock_ms=7 ai_actions=0
2026-09-16T15:24:08.697420Z  INFO ws_message:game_session{game=9LFTN9 player=PlayerId(0)}: server_core::session: action applied game=9LFTN9 player=PlayerId(0) action_type="PassPriority" event_count=1
2026-09-16T15:24:08.700366Z  INFO ws_message:game_session{game=9LFTN9 player=PlayerId(0)}: phase_server: game submission processed (lock held) game=9LFTN9 kind="action" lock_ms=4 ai_actions=0
2026-09-16T15:24:08.952605Z  INFO ws_message:game_session{game=9LFTN9 player=PlayerId(1)}: server_core::session: action applied game=9LFTN9 player=PlayerId(1) action_type="PassPriority" event_count=4
2026-09-16T15:24:08.953825Z  INFO ws_message:game_session{game=9LFTN9 player=PlayerId(1)}: phase_server: game submission processed (lock held) game=9LFTN9 kind="action" lock_ms=5 ai_actions=0
2026-09-16T15:24:09.200450Z  INFO ws_message:game_session{game=9LFTN9 player=PlayerId(1)}: server_core::session: action applied game=9LFTN9 player=PlayerId(1) action_type="PassPriority" event_count=1
2026-09-16T15:24:09.203793Z  INFO ws_message:game_session{game=9LFTN9 player=PlayerId(1)}: phase_server: game submission processed (lock held) game=9LFTN9 kind="action" lock_ms=4 ai_actions=0
2026-09-16T15:24:09.455714Z  INFO ws_message:game_session{game=9LFTN9 player=PlayerId(0)}: server_core::session: action applied game=9LFTN9 player=PlayerId(0) action_type="PassPriority" event_count=4
2026-09-16T15:24:09.457479Z  INFO ws_message:game_session{game=9LFTN9 player=PlayerId(0)}: phase_server: game submission processed (lock held) game=9LFTN9 kind="action" lock_ms=7 ai_actions=0
2026-09-16T15:24:09.703067Z  INFO ws_message:game_session{game=9LFTN9 player=PlayerId(1)}: server_core::session: action applied game=9LFTN9 player=PlayerId(1) action_type="PassPriority" event_count=1
2026-09-16T15:24:09.706277Z  INFO ws_message:game_session{game=9LFTN9 player=PlayerId(1)}: phase_server: game submission processed (lock held) game=9LFTN9 kind="action" lock_ms=4 ai_actions=0
2026-09-16T15:24:09.953618Z  INFO ws_message:game_session{game=9LFTN9 player=PlayerId(0)}: server_core::session: action applied game=9LFTN9 player=PlayerId(0) action_type="PassPriority" event_count=1
2026-09-16T15:24:09.986332Z  INFO ws_message:game_session{game=9LFTN9 player=PlayerId(0)}: phase_server: game submission processed (lock held) game=9LFTN9 kind="action" lock_ms=33 ai_actions=0
2026-09-16T15:24:10.209567Z  INFO ws_message:game_session{game=9LFTN9 player=PlayerId(1)}: server_core::session: action applied game=9LFTN9 player=PlayerId(1) action_type="PlayLand" event_count=2
2026-09-16T15:24:10.212501Z  INFO ws_message:game_session{game=9LFTN9 player=PlayerId(1)}: phase_server: game submission processed (lock held) game=9LFTN9 kind="action" lock_ms=7 ai_actions=0
2026-09-16T15:24:10.458253Z  INFO ws_message:game_session{game=9LFTN9 player=PlayerId(1)}: server_core::session: action applied game=9LFTN9 player=PlayerId(1) action_type="PassPriority" event_count=1
2026-09-16T15:24:10.461876Z  INFO ws_message:game_session{game=9LFTN9 player=PlayerId(1)}: phase_server: game submission processed (lock held) game=9LFTN9 kind="action" lock_ms=5 ai_actions=0
2026-09-16T15:24:10.708464Z  INFO ws_message:game_session{game=9LFTN9 player=PlayerId(0)}: server_core::session: action applied game=9LFTN9 player=PlayerId(0) action_type="PassPriority" event_count=1
2026-09-16T15:24:10.711284Z  INFO ws_message:game_session{game=9LFTN9 player=PlayerId(0)}: phase_server: game submission processed (lock held) game=9LFTN9 kind="action" lock_ms=4 ai_actions=0
2026-09-16T15:24:10.961152Z  INFO ws_message:game_session{game=9LFTN9 player=PlayerId(1)}: server_core::session: action applied game=9LFTN9 player=PlayerId(1) action_type="PassPriority" event_count=1
2026-09-16T15:24:10.964148Z  INFO ws_message:game_session{game=9LFTN9 player=PlayerId(1)}: phase_server: game submission processed (lock held) game=9LFTN9 kind="action" lock_ms=5 ai_actions=0
2026-09-16T15:24:11.222480Z  INFO ws_message:game_session{game=9LFTN9 player=PlayerId(0)}: server_core::session: action applied game=9LFTN9 player=PlayerId(0) action_type="PassPriority" event_count=3
2026-09-16T15:24:11.225850Z  INFO ws_message:game_session{game=9LFTN9 player=PlayerId(0)}: phase_server: game submission processed (lock held) game=9LFTN9 kind="action" lock_ms=15 ai_actions=0
2026-09-16T15:24:11.467791Z  INFO ws_message:game_session{game=9LFTN9 player=PlayerId(1)}: server_core::session: action applied game=9LFTN9 player=PlayerId(1) action_type="PassPriority" event_count=1
2026-09-16T15:24:11.471359Z  INFO ws_message:game_session{game=9LFTN9 player=PlayerId(1)}: phase_server: game submission processed (lock held) game=9LFTN9 kind="action" lock_ms=5 ai_actions=0
2026-09-16T15:24:11.720907Z  INFO ws_message:game_session{game=9LFTN9 player=PlayerId(0)}: server_core::session: action applied game=9LFTN9 player=PlayerId(0) action_type="PassPriority" event_count=1
2026-09-16T15:24:11.724324Z  INFO ws_message:game_session{game=9LFTN9 player=PlayerId(0)}: phase_server: game submission processed (lock held) game=9LFTN9 kind="action" lock_ms=7 ai_actions=0
2026-09-16T15:24:11.971256Z  INFO ws_message:game_session{game=9LFTN9 player=PlayerId(1)}: server_core::session: action applied game=9LFTN9 player=PlayerId(1) action_type="PassPriority" event_count=1
2026-09-16T15:24:11.975501Z  INFO ws_message:game_session{game=9LFTN9 player=PlayerId(1)}: phase_server: game submission processed (lock held) game=9LFTN9 kind="action" lock_ms=6 ai_actions=0
2026-09-16T15:24:12.223322Z  INFO ws_message:game_session{game=9LFTN9 player=PlayerId(0)}: server_core::session: action applied game=9LFTN9 player=PlayerId(0) action_type="PassPriority" event_count=1
2026-09-16T15:24:12.226026Z  INFO ws_message:game_session{game=9LFTN9 player=PlayerId(0)}: phase_server: game submission processed (lock held) game=9LFTN9 kind="action" lock_ms=6 ai_actions=0
2026-09-16T15:24:12.472615Z  INFO ws_message:game_session{game=9LFTN9 player=PlayerId(1)}: server_core::session: action applied game=9LFTN9 player=PlayerId(1) action_type="PassPriority" event_count=1
2026-09-16T15:24:12.475645Z  INFO ws_message:game_session{game=9LFTN9 player=PlayerId(1)}: phase_server: game submission processed (lock held) game=9LFTN9 kind="action" lock_ms=4 ai_actions=0
2026-09-16T15:24:12.726728Z  INFO ws_message:game_session{game=9LFTN9 player=PlayerId(0)}: server_core::session: action applied game=9LFTN9 player=PlayerId(0) action_type="PassPriority" event_count=4
2026-09-16T15:24:12.728640Z  INFO ws_message:game_session{game=9LFTN9 player=PlayerId(0)}: phase_server: game submission processed (lock held) game=9LFTN9 kind="action" lock_ms=6 ai_actions=0
2026-09-16T15:24:12.975542Z  INFO ws_message:game_session{game=9LFTN9 player=PlayerId(0)}: server_core::session: action applied game=9LFTN9 player=PlayerId(0) action_type="PassPriority" event_count=1
2026-09-16T15:24:12.978785Z  INFO ws_message:game_session{game=9LFTN9 player=PlayerId(0)}: phase_server: game submission processed (lock held) game=9LFTN9 kind="action" lock_ms=4 ai_actions=0
2026-09-16T15:24:13.233046Z  INFO ws_message:game_session{game=9LFTN9 player=PlayerId(1)}: server_core::session: action applied game=9LFTN9 player=PlayerId(1) action_type="PassPriority" event_count=4
2026-09-16T15:24:13.234793Z  INFO ws_message:game_session{game=9LFTN9 player=PlayerId(1)}: phase_server: game submission processed (lock held) game=9LFTN9 kind="action" lock_ms=7 ai_actions=0
2026-09-16T15:24:13.479646Z  INFO ws_message:game_session{game=9LFTN9 player=PlayerId(0)}: server_core::session: action applied game=9LFTN9 player=PlayerId(0) action_type="PassPriority" event_count=1
2026-09-16T15:24:13.482464Z  INFO ws_message:game_session{game=9LFTN9 player=PlayerId(0)}: phase_server: game submission processed (lock held) game=9LFTN9 kind="action" lock_ms=4 ai_actions=0
2026-09-16T15:24:13.731357Z  INFO ws_message:game_session{game=9LFTN9 player=PlayerId(1)}: server_core::session: action applied game=9LFTN9 player=PlayerId(1) action_type="PassPriority" event_count=1
2026-09-16T15:24:13.763330Z  INFO ws_message:game_session{game=9LFTN9 player=PlayerId(1)}: phase_server: game submission processed (lock held) game=9LFTN9 kind="action" lock_ms=33 ai_actions=0
2026-09-16T15:24:13.985113Z  INFO ws_message:game_session{game=9LFTN9 player=PlayerId(0)}: server_core::session: action applied game=9LFTN9 player=PlayerId(0) action_type="PlayLand" event_count=2
2026-09-16T15:24:13.998851Z  INFO ws_message:game_session{game=9LFTN9 player=PlayerId(0)}: phase_server: game submission processed (lock held) game=9LFTN9 kind="action" lock_ms=18 ai_actions=0
2026-09-16T15:24:14.234496Z  INFO ws_message:game_session{game=9LFTN9 player=PlayerId(0)}: server_core::session: action applied game=9LFTN9 player=PlayerId(0) action_type="PassPriority" event_count=1
2026-09-16T15:24:14.237785Z  INFO ws_message:game_session{game=9LFTN9 player=PlayerId(0)}: phase_server: game submission processed (lock held) game=9LFTN9 kind="action" lock_ms=5 ai_actions=0
2026-09-16T15:24:14.487142Z  INFO ws_message:game_session{game=9LFTN9 player=PlayerId(1)}: server_core::session: action applied game=9LFTN9 player=PlayerId(1) action_type="PassPriority" event_count=1
2026-09-16T15:24:14.491429Z  INFO ws_message:game_session{game=9LFTN9 player=PlayerId(1)}: phase_server: game submission processed (lock held) game=9LFTN9 kind="action" lock_ms=5 ai_actions=0
2026-09-16T15:24:14.738886Z  INFO ws_message:game_session{game=9LFTN9 player=PlayerId(0)}: server_core::session: action applied game=9LFTN9 player=PlayerId(0) action_type="PassPriority" event_count=1
2026-09-16T15:24:14.741665Z  INFO ws_message:game_session{game=9LFTN9 player=PlayerId(0)}: phase_server: game submission processed (lock held) game=9LFTN9 kind="action" lock_ms=5 ai_actions=0
2026-09-16T15:24:14.994191Z  INFO ws_message:game_session{game=9LFTN9 player=PlayerId(1)}: server_core::session: action applied game=9LFTN9 player=PlayerId(1) action_type="PassPriority" event_count=3
2026-09-16T15:24:14.998468Z  INFO ws_message:game_session{game=9LFTN9 player=PlayerId(1)}: phase_server: game submission processed (lock held) game=9LFTN9 kind="action" lock_ms=8 ai_actions=0
2026-09-16T15:24:15.243177Z  INFO ws_message:game_session{game=9LFTN9 player=PlayerId(0)}: server_core::session: action applied game=9LFTN9 player=PlayerId(0) action_type="PassPriority" event_count=1
2026-09-16T15:24:15.247764Z  INFO ws_message:game_session{game=9LFTN9 player=PlayerId(0)}: phase_server: game submission processed (lock held) game=9LFTN9 kind="action" lock_ms=6 ai_actions=0
2026-09-16T15:24:15.497531Z  INFO ws_message:game_session{game=9LFTN9 player=PlayerId(1)}: server_core::session: action applied game=9LFTN9 player=PlayerId(1) action_type="PassPriority" event_count=1
2026-09-16T15:24:15.510833Z  INFO ws_message:game_session{game=9LFTN9 player=PlayerId(1)}: phase_server: game submission processed (lock held) game=9LFTN9 kind="action" lock_ms=17 ai_actions=0
2026-09-16T15:24:15.746347Z  INFO ws_message:game_session{game=9LFTN9 player=PlayerId(0)}: server_core::session: action applied game=9LFTN9 player=PlayerId(0) action_type="PassPriority" event_count=1
2026-09-16T15:24:15.749180Z  INFO ws_message:game_session{game=9LFTN9 player=PlayerId(0)}: phase_server: game submission processed (lock held) game=9LFTN9 kind="action" lock_ms=5 ai_actions=0
2026-09-16T15:24:16.000410Z  INFO ws_message:game_session{game=9LFTN9 player=PlayerId(1)}: server_core::session: action applied game=9LFTN9 player=PlayerId(1) action_type="PassPriority" event_count=1
2026-09-16T15:24:16.003752Z  INFO ws_message:game_session{game=9LFTN9 player=PlayerId(1)}: phase_server: game submission processed (lock held) game=9LFTN9 kind="action" lock_ms=7 ai_actions=0
2026-09-16T15:24:16.247765Z  INFO ws_message:game_session{game=9LFTN9 player=PlayerId(0)}: server_core::session: action applied game=9LFTN9 player=PlayerId(0) action_type="PassPriority" event_count=1
2026-09-16T15:24:16.250617Z  INFO ws_message:game_session{game=9LFTN9 player=PlayerId(0)}: phase_server: game submission processed (lock held) game=9LFTN9 kind="action" lock_ms=4 ai_actions=0
2026-09-16T15:24:16.504627Z  INFO ws_message:game_session{game=9LFTN9 player=PlayerId(1)}: server_core::session: action applied game=9LFTN9 player=PlayerId(1) action_type="PassPriority" event_count=4
2026-09-16T15:24:16.505897Z  INFO ws_message:game_session{game=9LFTN9 player=PlayerId(1)}: phase_server: game submission processed (lock held) game=9LFTN9 kind="action" lock_ms=6 ai_actions=0
2026-09-16T15:24:16.752277Z  INFO ws_message:game_session{game=9LFTN9 player=PlayerId(1)}: server_core::session: action applied game=9LFTN9 player=PlayerId(1) action_type="PassPriority" event_count=1
2026-09-16T15:24:16.755679Z  INFO ws_message:game_session{game=9LFTN9 player=PlayerId(1)}: phase_server: game submission processed (lock held) game=9LFTN9 kind="action" lock_ms=4 ai_actions=0
2026-09-16T15:24:17.007332Z  INFO ws_message:game_session{game=9LFTN9 player=PlayerId(0)}: server_core::session: action applied game=9LFTN9 player=PlayerId(0) action_type="PassPriority" event_count=4
2026-09-16T15:24:17.008552Z  INFO ws_message:game_session{game=9LFTN9 player=PlayerId(0)}: phase_server: game submission processed (lock held) game=9LFTN9 kind="action" lock_ms=6 ai_actions=0
2026-09-16T15:24:17.256118Z  INFO ws_message:game_session{game=9LFTN9 player=PlayerId(1)}: server_core::session: action applied game=9LFTN9 player=PlayerId(1) action_type="PassPriority" event_count=1
2026-09-16T15:24:17.259494Z  INFO ws_message:game_session{game=9LFTN9 player=PlayerId(1)}: phase_server: game submission processed (lock held) game=9LFTN9 kind="action" lock_ms=4 ai_actions=0
2026-09-16T15:24:17.507434Z  INFO ws_message:game_session{game=9LFTN9 player=PlayerId(0)}: server_core::session: action applied game=9LFTN9 player=PlayerId(0) action_type="PassPriority" event_count=1
2026-09-16T15:24:17.540306Z  INFO ws_message:game_session{game=9LFTN9 player=PlayerId(0)}: phase_server: game submission processed (lock held) game=9LFTN9 kind="action" lock_ms=34 ai_actions=0
2026-09-16T15:24:17.762534Z  INFO ws_message:game_session{game=9LFTN9 player=PlayerId(1)}: server_core::session: action applied game=9LFTN9 player=PlayerId(1) action_type="PlayLand" event_count=2
2026-09-16T15:24:17.765731Z  INFO ws_message:game_session{game=9LFTN9 player=PlayerId(1)}: phase_server: game submission processed (lock held) game=9LFTN9 kind="action" lock_ms=8 ai_actions=0
2026-09-16T15:24:18.010543Z  INFO ws_message:game_session{game=9LFTN9 player=PlayerId(1)}: server_core::session: action applied game=9LFTN9 player=PlayerId(1) action_type="PassPriority" event_count=1
2026-09-16T15:24:18.013917Z  INFO ws_message:game_session{game=9LFTN9 player=PlayerId(1)}: phase_server: game submission processed (lock held) game=9LFTN9 kind="action" lock_ms=5 ai_actions=0
2026-09-16T15:24:18.261097Z  INFO ws_message:game_session{game=9LFTN9 player=PlayerId(0)}: server_core::session: action applied game=9LFTN9 player=PlayerId(0) action_type="PassPriority" event_count=1
2026-09-16T15:24:18.264217Z  INFO ws_message:game_session{game=9LFTN9 player=PlayerId(0)}: phase_server: game submission processed (lock held) game=9LFTN9 kind="action" lock_ms=4 ai_actions=0
2026-09-16T15:24:18.513730Z  INFO ws_message:game_session{game=9LFTN9 player=PlayerId(1)}: server_core::session: action applied game=9LFTN9 player=PlayerId(1) action_type="PassPriority" event_count=1
2026-09-16T15:24:18.517114Z  INFO ws_message:game_session{game=9LFTN9 player=PlayerId(1)}: phase_server: game submission processed (lock held) game=9LFTN9 kind="action" lock_ms=5 ai_actions=0
2026-09-16T15:24:18.767733Z  INFO ws_message:game_session{game=9LFTN9 player=PlayerId(0)}: server_core::session: action applied game=9LFTN9 player=PlayerId(0) action_type="PassPriority" event_count=3
2026-09-16T15:24:18.770847Z  INFO ws_message:game_session{game=9LFTN9 player=PlayerId(0)}: phase_server: game submission processed (lock held) game=9LFTN9 kind="action" lock_ms=7 ai_actions=0
2026-09-16T15:24:19.017900Z  INFO ws_message:game_session{game=9LFTN9 player=PlayerId(1)}: server_core::session: action applied game=9LFTN9 player=PlayerId(1) action_type="PassPriority" event_count=1
2026-09-16T15:24:19.021580Z  INFO ws_message:game_session{game=9LFTN9 player=PlayerId(1)}: phase_server: game submission processed (lock held) game=9LFTN9 kind="action" lock_ms=6 ai_actions=0
2026-09-16T15:24:19.270657Z  INFO ws_message:game_session{game=9LFTN9 player=PlayerId(0)}: server_core::session: action applied game=9LFTN9 player=PlayerId(0) action_type="PassPriority" event_count=1
2026-09-16T15:24:19.273806Z  INFO ws_message:game_session{game=9LFTN9 player=PlayerId(0)}: phase_server: game submission processed (lock held) game=9LFTN9 kind="action" lock_ms=7 ai_actions=0
2026-09-16T15:24:19.522541Z  INFO ws_message:game_session{game=9LFTN9 player=PlayerId(1)}: server_core::session: action applied game=9LFTN9 player=PlayerId(1) action_type="PassPriority" event_count=1
2026-09-16T15:24:19.526844Z  INFO ws_message:game_session{game=9LFTN9 player=PlayerId(1)}: phase_server: game submission processed (lock held) game=9LFTN9 kind="action" lock_ms=6 ai_actions=0
2026-09-16T15:24:19.773349Z  INFO ws_message:game_session{game=9LFTN9 player=PlayerId(0)}: server_core::session: action applied game=9LFTN9 player=PlayerId(0) action_type="PassPriority" event_count=1
2026-09-16T15:24:19.776765Z  INFO ws_message:game_session{game=9LFTN9 player=PlayerId(0)}: phase_server: game submission processed (lock held) game=9LFTN9 kind="action" lock_ms=7 ai_actions=0
2026-09-16T15:24:20.023278Z  INFO ws_message:game_session{game=9LFTN9 player=PlayerId(1)}: server_core::session: action applied game=9LFTN9 player=PlayerId(1) action_type="PassPriority" event_count=1
2026-09-16T15:24:20.026691Z  INFO ws_message:game_session{game=9LFTN9 player=PlayerId(1)}: phase_server: game submission processed (lock held) game=9LFTN9 kind="action" lock_ms=4 ai_actions=0
2026-09-16T15:24:20.276256Z  INFO ws_message:game_session{game=9LFTN9 player=PlayerId(0)}: server_core::session: action applied game=9LFTN9 player=PlayerId(0) action_type="PassPriority" event_count=4
2026-09-16T15:24:20.277976Z  INFO ws_message:game_session{game=9LFTN9 player=PlayerId(0)}: phase_server: game submission processed (lock held) game=9LFTN9 kind="action" lock_ms=6 ai_actions=0
2026-09-16T15:24:20.524373Z  INFO ws_message:game_session{game=9LFTN9 player=PlayerId(0)}: server_core::session: action applied game=9LFTN9 player=PlayerId(0) action_type="PassPriority" event_count=1
2026-09-16T15:24:20.530659Z  INFO ws_message:game_session{game=9LFTN9 player=PlayerId(0)}: phase_server: game submission processed (lock held) game=9LFTN9 kind="action" lock_ms=7 ai_actions=0
2026-09-16T15:24:20.782063Z  INFO ws_message:game_session{game=9LFTN9 player=PlayerId(1)}: server_core::session: action applied game=9LFTN9 player=PlayerId(1) action_type="PassPriority" event_count=4
2026-09-16T15:24:20.784073Z  INFO ws_message:game_session{game=9LFTN9 player=PlayerId(1)}: phase_server: game submission processed (lock held) game=9LFTN9 kind="action" lock_ms=7 ai_actions=0
2026-09-16T15:24:21.026828Z  INFO ws_message:game_session{game=9LFTN9 player=PlayerId(0)}: server_core::session: action applied game=9LFTN9 player=PlayerId(0) action_type="PassPriority" event_count=1
2026-09-16T15:24:21.030049Z  INFO ws_message:game_session{game=9LFTN9 player=PlayerId(0)}: phase_server: game submission processed (lock held) game=9LFTN9 kind="action" lock_ms=4 ai_actions=0
2026-09-16T15:24:21.280339Z  INFO ws_message:game_session{game=9LFTN9 player=PlayerId(1)}: server_core::session: action applied game=9LFTN9 player=PlayerId(1) action_type="PassPriority" event_count=1
2026-09-16T15:24:21.314936Z  INFO ws_message:game_session{game=9LFTN9 player=PlayerId(1)}: phase_server: game submission processed (lock held) game=9LFTN9 kind="action" lock_ms=36 ai_actions=0
2026-09-16T15:24:21.533215Z  INFO ws_message:game_session{game=9LFTN9 player=PlayerId(0)}: server_core::session: action applied game=9LFTN9 player=PlayerId(0) action_type="PlayLand" event_count=2
2026-09-16T15:24:21.553566Z  INFO ws_message:game_session{game=9LFTN9 player=PlayerId(0)}: phase_server: game submission processed (lock held) game=9LFTN9 kind="action" lock_ms=25 ai_actions=0
2026-09-16T15:24:21.781830Z  INFO ws_message:game_session{game=9LFTN9 player=PlayerId(0)}: server_core::session: action applied game=9LFTN9 player=PlayerId(0) action_type="PassPriority" event_count=1
2026-09-16T15:24:21.785244Z  INFO ws_message:game_session{game=9LFTN9 player=PlayerId(0)}: phase_server: game submission processed (lock held) game=9LFTN9 kind="action" lock_ms=5 ai_actions=0
2026-09-16T15:24:22.034011Z  INFO ws_message:game_session{game=9LFTN9 player=PlayerId(1)}: server_core::session: action applied game=9LFTN9 player=PlayerId(1) action_type="PassPriority" event_count=1
2026-09-16T15:24:22.038018Z  INFO ws_message:game_session{game=9LFTN9 player=PlayerId(1)}: phase_server: game submission processed (lock held) game=9LFTN9 kind="action" lock_ms=5 ai_actions=0
2026-09-16T15:24:22.285077Z  INFO ws_message:game_session{game=9LFTN9 player=PlayerId(0)}: server_core::session: action applied game=9LFTN9 player=PlayerId(0) action_type="PassPriority" event_count=1
2026-09-16T15:24:22.288572Z  INFO ws_message:game_session{game=9LFTN9 player=PlayerId(0)}: phase_server: game submission processed (lock held) game=9LFTN9 kind="action" lock_ms=6 ai_actions=0
2026-09-16T15:24:22.539666Z  INFO ws_message:game_session{game=9LFTN9 player=PlayerId(1)}: server_core::session: action applied game=9LFTN9 player=PlayerId(1) action_type="PassPriority" event_count=3
2026-09-16T15:24:22.543950Z  INFO ws_message:game_session{game=9LFTN9 player=PlayerId(1)}: phase_server: game submission processed (lock held) game=9LFTN9 kind="action" lock_ms=9 ai_actions=0
2026-09-16T15:24:22.787766Z  INFO ws_message:game_session{game=9LFTN9 player=PlayerId(0)}: server_core::session: action applied game=9LFTN9 player=PlayerId(0) action_type="PassPriority" event_count=1
2026-09-16T15:24:22.790922Z  INFO ws_message:game_session{game=9LFTN9 player=PlayerId(0)}: phase_server: game submission processed (lock held) game=9LFTN9 kind="action" lock_ms=5 ai_actions=0
2026-09-16T15:24:23.041934Z  INFO ws_message:game_session{game=9LFTN9 player=PlayerId(1)}: server_core::session: action applied game=9LFTN9 player=PlayerId(1) action_type="PassPriority" event_count=1
2026-09-16T15:24:23.062377Z  INFO ws_message:game_session{game=9LFTN9 player=PlayerId(1)}: phase_server: game submission processed (lock held) game=9LFTN9 kind="action" lock_ms=24 ai_actions=0
2026-09-16T15:24:23.290728Z  INFO ws_message:game_session{game=9LFTN9 player=PlayerId(0)}: server_core::session: action applied game=9LFTN9 player=PlayerId(0) action_type="PassPriority" event_count=1
2026-09-16T15:24:23.294004Z  INFO ws_message:game_session{game=9LFTN9 player=PlayerId(0)}: phase_server: game submission processed (lock held) game=9LFTN9 kind="action" lock_ms=5 ai_actions=0
2026-09-16T15:24:23.544933Z  INFO ws_message:game_session{game=9LFTN9 player=PlayerId(1)}: server_core::session: action applied game=9LFTN9 player=PlayerId(1) action_type="PassPriority" event_count=1
2026-09-16T15:24:23.548871Z  INFO ws_message:game_session{game=9LFTN9 player=PlayerId(1)}: phase_server: game submission processed (lock held) game=9LFTN9 kind="action" lock_ms=8 ai_actions=0
2026-09-16T15:24:23.792914Z  INFO ws_message:game_session{game=9LFTN9 player=PlayerId(0)}: server_core::session: action applied game=9LFTN9 player=PlayerId(0) action_type="PassPriority" event_count=1
2026-09-16T15:24:23.796243Z  INFO ws_message:game_session{game=9LFTN9 player=PlayerId(0)}: phase_server: game submission processed (lock held) game=9LFTN9 kind="action" lock_ms=5 ai_actions=0
2026-09-16T15:24:24.047582Z  INFO ws_message:game_session{game=9LFTN9 player=PlayerId(1)}: server_core::session: action applied game=9LFTN9 player=PlayerId(1) action_type="PassPriority" event_count=4
2026-09-16T15:24:24.049755Z  INFO ws_message:game_session{game=9LFTN9 player=PlayerId(1)}: phase_server: game submission processed (lock held) game=9LFTN9 kind="action" lock_ms=7 ai_actions=0
2026-09-16T15:24:24.296978Z  INFO ws_message:game_session{game=9LFTN9 player=PlayerId(1)}: server_core::session: action applied game=9LFTN9 player=PlayerId(1) action_type="PassPriority" event_count=1
2026-09-16T15:24:24.300812Z  INFO ws_message:game_session{game=9LFTN9 player=PlayerId(1)}: phase_server: game submission processed (lock held) game=9LFTN9 kind="action" lock_ms=5 ai_actions=0
2026-09-16T15:24:24.551668Z  INFO ws_message:game_session{game=9LFTN9 player=PlayerId(0)}: server_core::session: action applied game=9LFTN9 player=PlayerId(0) action_type="PassPriority" event_count=4
2026-09-16T15:24:24.552943Z  INFO ws_message:game_session{game=9LFTN9 player=PlayerId(0)}: phase_server: game submission processed (lock held) game=9LFTN9 kind="action" lock_ms=6 ai_actions=0
2026-09-16T15:24:24.800075Z  INFO ws_message:game_session{game=9LFTN9 player=PlayerId(1)}: server_core::session: action applied game=9LFTN9 player=PlayerId(1) action_type="PassPriority" event_count=1
2026-09-16T15:24:24.804012Z  INFO ws_message:game_session{game=9LFTN9 player=PlayerId(1)}: phase_server: game submission processed (lock held) game=9LFTN9 kind="action" lock_ms=5 ai_actions=0
2026-09-16T15:24:25.050612Z  INFO ws_message:game_session{game=9LFTN9 player=PlayerId(0)}: server_core::session: action applied game=9LFTN9 player=PlayerId(0) action_type="PassPriority" event_count=1
2026-09-16T15:24:25.081694Z  INFO ws_message:game_session{game=9LFTN9 player=PlayerId(0)}: phase_server: game submission processed (lock held) game=9LFTN9 kind="action" lock_ms=32 ai_actions=0
2026-09-16T15:24:25.306037Z  INFO ws_message:game_session{game=9LFTN9 player=PlayerId(1)}: server_core::session: action applied game=9LFTN9 player=PlayerId(1) action_type="PlayLand" event_count=2
2026-09-16T15:24:25.309732Z  INFO ws_message:game_session{game=9LFTN9 player=PlayerId(1)}: phase_server: game submission processed (lock held) game=9LFTN9 kind="action" lock_ms=8 ai_actions=0
2026-09-16T15:24:25.555295Z  INFO ws_message:game_session{game=9LFTN9 player=PlayerId(1)}: server_core::session: action applied game=9LFTN9 player=PlayerId(1) action_type="PassPriority" event_count=1
2026-09-16T15:24:25.559253Z  INFO ws_message:game_session{game=9LFTN9 player=PlayerId(1)}: phase_server: game submission processed (lock held) game=9LFTN9 kind="action" lock_ms=6 ai_actions=0
2026-09-16T15:24:25.805275Z  INFO ws_message:game_session{game=9LFTN9 player=PlayerId(0)}: server_core::session: action applied game=9LFTN9 player=PlayerId(0) action_type="PassPriority" event_count=1
2026-09-16T15:24:25.809076Z  INFO ws_message:game_session{game=9LFTN9 player=PlayerId(0)}: phase_server: game submission processed (lock held) game=9LFTN9 kind="action" lock_ms=5 ai_actions=0
2026-09-16T15:24:26.058615Z  INFO ws_message:game_session{game=9LFTN9 player=PlayerId(1)}: server_core::session: action applied game=9LFTN9 player=PlayerId(1) action_type="PassPriority" event_count=1
2026-09-16T15:24:26.062733Z  INFO ws_message:game_session{game=9LFTN9 player=PlayerId(1)}: phase_server: game submission processed (lock held) game=9LFTN9 kind="action" lock_ms=6 ai_actions=0
2026-09-16T15:24:26.311897Z  INFO ws_message:game_session{game=9LFTN9 player=PlayerId(0)}: server_core::session: action applied game=9LFTN9 player=PlayerId(0) action_type="PassPriority" event_count=3
2026-09-16T15:24:26.315627Z  INFO ws_message:game_session{game=9LFTN9 player=PlayerId(0)}: phase_server: game submission processed (lock held) game=9LFTN9 kind="action" lock_ms=8 ai_actions=0
2026-09-16T15:24:26.562733Z  INFO ws_message:game_session{game=9LFTN9 player=PlayerId(1)}: server_core::session: action applied game=9LFTN9 player=PlayerId(1) action_type="PassPriority" event_count=1
2026-09-16T15:24:26.566981Z  INFO ws_message:game_session{game=9LFTN9 player=PlayerId(1)}: phase_server: game submission processed (lock held) game=9LFTN9 kind="action" lock_ms=7 ai_actions=0
2026-09-16T15:24:26.816931Z  INFO ws_message:game_session{game=9LFTN9 player=PlayerId(0)}: server_core::session: action applied game=9LFTN9 player=PlayerId(0) action_type="PassPriority" event_count=1
2026-09-16T15:24:26.820555Z  INFO ws_message:game_session{game=9LFTN9 player=PlayerId(0)}: phase_server: game submission processed (lock held) game=9LFTN9 kind="action" lock_ms=9 ai_actions=0
2026-09-16T15:24:27.065149Z  INFO ws_message:game_session{game=9LFTN9 player=PlayerId(1)}: server_core::session: action applied game=9LFTN9 player=PlayerId(1) action_type="PassPriority" event_count=1
2026-09-16T15:24:27.069150Z  INFO ws_message:game_session{game=9LFTN9 player=PlayerId(1)}: phase_server: game submission processed (lock held) game=9LFTN9 kind="action" lock_ms=6 ai_actions=0
2026-09-16T15:24:27.317315Z  INFO ws_message:game_session{game=9LFTN9 player=PlayerId(0)}: server_core::session: action applied game=9LFTN9 player=PlayerId(0) action_type="PassPriority" event_count=1
2026-09-16T15:24:27.321066Z  INFO ws_message:game_session{game=9LFTN9 player=PlayerId(0)}: phase_server: game submission processed (lock held) game=9LFTN9 kind="action" lock_ms=8 ai_actions=0
2026-09-16T15:24:27.566544Z  INFO ws_message:game_session{game=9LFTN9 player=PlayerId(1)}: server_core::session: action applied game=9LFTN9 player=PlayerId(1) action_type="PassPriority" event_count=1
2026-09-16T15:24:27.570533Z  INFO ws_message:game_session{game=9LFTN9 player=PlayerId(1)}: phase_server: game submission processed (lock held) game=9LFTN9 kind="action" lock_ms=5 ai_actions=0
2026-09-16T15:24:27.823382Z  INFO ws_message:game_session{game=9LFTN9 player=PlayerId(0)}: server_core::session: action applied game=9LFTN9 player=PlayerId(0) action_type="PassPriority" event_count=4
2026-09-16T15:24:27.826003Z  INFO ws_message:game_session{game=9LFTN9 player=PlayerId(0)}: phase_server: game submission processed (lock held) game=9LFTN9 kind="action" lock_ms=9 ai_actions=0
2026-09-16T15:24:28.072959Z  INFO ws_message:game_session{game=9LFTN9 player=PlayerId(0)}: server_core::session: action applied game=9LFTN9 player=PlayerId(0) action_type="PassPriority" event_count=1
2026-09-16T15:24:28.076666Z  INFO ws_message:game_session{game=9LFTN9 player=PlayerId(0)}: phase_server: game submission processed (lock held) game=9LFTN9 kind="action" lock_ms=5 ai_actions=0
2026-09-16T15:24:28.329950Z  INFO ws_message:game_session{game=9LFTN9 player=PlayerId(1)}: server_core::session: action applied game=9LFTN9 player=PlayerId(1) action_type="PassPriority" event_count=4
2026-09-16T15:24:28.331900Z  INFO ws_message:game_session{game=9LFTN9 player=PlayerId(1)}: phase_server: game submission processed (lock held) game=9LFTN9 kind="action" lock_ms=7 ai_actions=0
2026-09-16T15:24:28.577080Z  INFO ws_message:game_session{game=9LFTN9 player=PlayerId(0)}: server_core::session: action applied game=9LFTN9 player=PlayerId(0) action_type="PassPriority" event_count=1
2026-09-16T15:24:28.580680Z  INFO ws_message:game_session{game=9LFTN9 player=PlayerId(0)}: phase_server: game submission processed (lock held) game=9LFTN9 kind="action" lock_ms=5 ai_actions=0
2026-09-16T15:24:28.830571Z  INFO ws_message:game_session{game=9LFTN9 player=PlayerId(1)}: server_core::session: action applied game=9LFTN9 player=PlayerId(1) action_type="PassPriority" event_count=1
2026-09-16T15:24:28.875922Z  INFO ws_message:game_session{game=9LFTN9 player=PlayerId(1)}: phase_server: game submission processed (lock held) game=9LFTN9 kind="action" lock_ms=47 ai_actions=0
2026-09-16T15:24:29.084347Z  INFO ws_message:game_session{game=9LFTN9 player=PlayerId(0)}: server_core::session: action applied game=9LFTN9 player=PlayerId(0) action_type="PlayLand" event_count=2
2026-09-16T15:24:29.125065Z  INFO ws_message:game_session{game=9LFTN9 player=PlayerId(0)}: phase_server: game submission processed (lock held) game=9LFTN9 kind="action" lock_ms=46 ai_actions=0
2026-09-16T15:24:29.333822Z  INFO ws_message:game_session{game=9LFTN9 player=PlayerId(0)}: server_core::session: action applied game=9LFTN9 player=PlayerId(0) action_type="PassPriority" event_count=1
2026-09-16T15:24:29.337779Z  INFO ws_message:game_session{game=9LFTN9 player=PlayerId(0)}: phase_server: game submission processed (lock held) game=9LFTN9 kind="action" lock_ms=6 ai_actions=0
2026-09-16T15:24:29.585665Z  INFO ws_message:game_session{game=9LFTN9 player=PlayerId(1)}: server_core::session: action applied game=9LFTN9 player=PlayerId(1) action_type="PassPriority" event_count=1
2026-09-16T15:24:29.590480Z  INFO ws_message:game_session{game=9LFTN9 player=PlayerId(1)}: phase_server: game submission processed (lock held) game=9LFTN9 kind="action" lock_ms=6 ai_actions=0
2026-09-16T15:24:29.837452Z  INFO ws_message:game_session{game=9LFTN9 player=PlayerId(0)}: server_core::session: action applied game=9LFTN9 player=PlayerId(0) action_type="PassPriority" event_count=1
2026-09-16T15:24:29.841272Z  INFO ws_message:game_session{game=9LFTN9 player=PlayerId(0)}: phase_server: game submission processed (lock held) game=9LFTN9 kind="action" lock_ms=6 ai_actions=0
2026-09-16T15:24:30.091551Z  INFO ws_message:game_session{game=9LFTN9 player=PlayerId(1)}: server_core::session: action applied game=9LFTN9 player=PlayerId(1) action_type="PassPriority" event_count=3
2026-09-16T15:24:30.095998Z  INFO ws_message:game_session{game=9LFTN9 player=PlayerId(1)}: phase_server: game submission processed (lock held) game=9LFTN9 kind="action" lock_ms=9 ai_actions=0
2026-09-16T15:24:30.341022Z  INFO ws_message:game_session{game=9LFTN9 player=PlayerId(0)}: server_core::session: action applied game=9LFTN9 player=PlayerId(0) action_type="PassPriority" event_count=1
2026-09-16T15:24:30.344709Z  INFO ws_message:game_session{game=9LFTN9 player=PlayerId(0)}: phase_server: game submission processed (lock held) game=9LFTN9 kind="action" lock_ms=6 ai_actions=0
2026-09-16T15:24:30.594846Z  INFO ws_message:game_session{game=9LFTN9 player=PlayerId(1)}: server_core::session: action applied game=9LFTN9 player=PlayerId(1) action_type="PassPriority" event_count=1
2026-09-16T15:24:30.630012Z  INFO ws_message:game_session{game=9LFTN9 player=PlayerId(1)}: phase_server: game submission processed (lock held) game=9LFTN9 kind="action" lock_ms=39 ai_actions=0
2026-09-16T15:24:30.843625Z  INFO ws_message:game_session{game=9LFTN9 player=PlayerId(0)}: server_core::session: action applied game=9LFTN9 player=PlayerId(0) action_type="PassPriority" event_count=1
2026-09-16T15:24:30.847877Z  INFO ws_message:game_session{game=9LFTN9 player=PlayerId(0)}: phase_server: game submission processed (lock held) game=9LFTN9 kind="action" lock_ms=7 ai_actions=0
2026-09-16T15:24:31.097475Z  INFO ws_message:game_session{game=9LFTN9 player=PlayerId(1)}: server_core::session: action applied game=9LFTN9 player=PlayerId(1) action_type="PassPriority" event_count=1
2026-09-16T15:24:31.102000Z  INFO ws_message:game_session{game=9LFTN9 player=PlayerId(1)}: phase_server: game submission processed (lock held) game=9LFTN9 kind="action" lock_ms=8 ai_actions=0
2026-09-16T15:24:31.346985Z  INFO ws_message:game_session{game=9LFTN9 player=PlayerId(0)}: server_core::session: action applied game=9LFTN9 player=PlayerId(0) action_type="PassPriority" event_count=1
2026-09-16T15:24:31.351776Z  INFO ws_message:game_session{game=9LFTN9 player=PlayerId(0)}: phase_server: game submission processed (lock held) game=9LFTN9 kind="action" lock_ms=7 ai_actions=0
2026-09-16T15:24:31.603179Z  INFO ws_message:game_session{game=9LFTN9 player=PlayerId(1)}: server_core::session: action applied game=9LFTN9 player=PlayerId(1) action_type="PassPriority" event_count=4
2026-09-16T15:24:31.605345Z  INFO ws_message:game_session{game=9LFTN9 player=PlayerId(1)}: phase_server: game submission processed (lock held) game=9LFTN9 kind="action" lock_ms=7 ai_actions=0
2026-09-16T15:24:31.851261Z  INFO ws_message:game_session{game=9LFTN9 player=PlayerId(1)}: server_core::session: action applied game=9LFTN9 player=PlayerId(1) action_type="PassPriority" event_count=1
2026-09-16T15:24:31.855844Z  INFO ws_message:game_session{game=9LFTN9 player=PlayerId(1)}: phase_server: game submission processed (lock held) game=9LFTN9 kind="action" lock_ms=6 ai_actions=0
2026-09-16T15:24:32.106653Z  INFO ws_message:game_session{game=9LFTN9 player=PlayerId(0)}: server_core::session: action applied game=9LFTN9 player=PlayerId(0) action_type="PassPriority" event_count=4
2026-09-16T15:24:32.108000Z  INFO ws_message:game_session{game=9LFTN9 player=PlayerId(0)}: phase_server: game submission processed (lock held) game=9LFTN9 kind="action" lock_ms=7 ai_actions=0
2026-09-16T15:24:32.355527Z  INFO ws_message:game_session{game=9LFTN9 player=PlayerId(1)}: server_core::session: action applied game=9LFTN9 player=PlayerId(1) action_type="PassPriority" event_count=1
2026-09-16T15:24:32.363755Z  INFO ws_message:game_session{game=9LFTN9 player=PlayerId(1)}: phase_server: game submission processed (lock held) game=9LFTN9 kind="action" lock_ms=10 ai_actions=0
2026-09-16T15:24:32.608774Z  INFO ws_message:game_session{game=9LFTN9 player=PlayerId(0)}: server_core::session: action applied game=9LFTN9 player=PlayerId(0) action_type="PassPriority" event_count=1
2026-09-16T15:24:32.640759Z  INFO ws_message:game_session{game=9LFTN9 player=PlayerId(0)}: phase_server: game submission processed (lock held) game=9LFTN9 kind="action" lock_ms=35 ai_actions=0
2026-09-16T15:24:32.862516Z  INFO ws_message:game_session{game=9LFTN9 player=PlayerId(1)}: server_core::session: action applied game=9LFTN9 player=PlayerId(1) action_type="PlayLand" event_count=2
2026-09-16T15:24:32.868665Z  INFO ws_message:game_session{game=9LFTN9 player=PlayerId(1)}: phase_server: game submission processed (lock held) game=9LFTN9 kind="action" lock_ms=11 ai_actions=0
2026-09-16T15:24:33.110659Z  INFO ws_message:game_session{game=9LFTN9 player=PlayerId(1)}: server_core::session: action applied game=9LFTN9 player=PlayerId(1) action_type="PassPriority" event_count=1
2026-09-16T15:24:33.115337Z  INFO ws_message:game_session{game=9LFTN9 player=PlayerId(1)}: phase_server: game submission processed (lock held) game=9LFTN9 kind="action" lock_ms=7 ai_actions=0
2026-09-16T15:24:33.361004Z  INFO ws_message:game_session{game=9LFTN9 player=PlayerId(0)}: server_core::session: action applied game=9LFTN9 player=PlayerId(0) action_type="PassPriority" event_count=1
2026-09-16T15:24:33.365257Z  INFO ws_message:game_session{game=9LFTN9 player=PlayerId(0)}: phase_server: game submission processed (lock held) game=9LFTN9 kind="action" lock_ms=6 ai_actions=0
2026-09-16T15:24:33.613969Z  INFO ws_message:game_session{game=9LFTN9 player=PlayerId(1)}: server_core::session: action applied game=9LFTN9 player=PlayerId(1) action_type="PassPriority" event_count=1
2026-09-16T15:24:33.618610Z  INFO ws_message:game_session{game=9LFTN9 player=PlayerId(1)}: phase_server: game submission processed (lock held) game=9LFTN9 kind="action" lock_ms=7 ai_actions=0
2026-09-16T15:24:33.866852Z  INFO ws_message:game_session{game=9LFTN9 player=PlayerId(0)}: server_core::session: action applied game=9LFTN9 player=PlayerId(0) action_type="PassPriority" event_count=3
2026-09-16T15:24:33.870787Z  INFO ws_message:game_session{game=9LFTN9 player=PlayerId(0)}: phase_server: game submission processed (lock held) game=9LFTN9 kind="action" lock_ms=8 ai_actions=0
2026-09-16T15:24:34.117134Z  INFO ws_message:game_session{game=9LFTN9 player=PlayerId(1)}: server_core::session: action applied game=9LFTN9 player=PlayerId(1) action_type="PassPriority" event_count=1
2026-09-16T15:24:34.121604Z  INFO ws_message:game_session{game=9LFTN9 player=PlayerId(1)}: phase_server: game submission processed (lock held) game=9LFTN9 kind="action" lock_ms=7 ai_actions=0
2026-09-16T15:24:34.369782Z  INFO ws_message:game_session{game=9LFTN9 player=PlayerId(0)}: server_core::session: action applied game=9LFTN9 player=PlayerId(0) action_type="PassPriority" event_count=1
2026-09-16T15:24:34.373895Z  INFO ws_message:game_session{game=9LFTN9 player=PlayerId(0)}: phase_server: game submission processed (lock held) game=9LFTN9 kind="action" lock_ms=8 ai_actions=0
2026-09-16T15:24:34.619990Z  INFO ws_message:game_session{game=9LFTN9 player=PlayerId(1)}: server_core::session: action applied game=9LFTN9 player=PlayerId(1) action_type="PassPriority" event_count=1
2026-09-16T15:24:34.624583Z  INFO ws_message:game_session{game=9LFTN9 player=PlayerId(1)}: phase_server: game submission processed (lock held) game=9LFTN9 kind="action" lock_ms=7 ai_actions=0
2026-09-16T15:24:34.872353Z  INFO ws_message:game_session{game=9LFTN9 player=PlayerId(0)}: server_core::session: action applied game=9LFTN9 player=PlayerId(0) action_type="PassPriority" event_count=1
2026-09-16T15:24:34.876443Z  INFO ws_message:game_session{game=9LFTN9 player=PlayerId(0)}: phase_server: game submission processed (lock held) game=9LFTN9 kind="action" lock_ms=8 ai_actions=0
2026-09-16T15:24:35.122318Z  INFO ws_message:game_session{game=9LFTN9 player=PlayerId(1)}: server_core::session: action applied game=9LFTN9 player=PlayerId(1) action_type="PassPriority" event_count=1
2026-09-16T15:24:35.126858Z  INFO ws_message:game_session{game=9LFTN9 player=PlayerId(1)}: phase_server: game submission processed (lock held) game=9LFTN9 kind="action" lock_ms=6 ai_actions=0
2026-09-16T15:24:35.379140Z  INFO ws_message:game_session{game=9LFTN9 player=PlayerId(0)}: server_core::session: action applied game=9LFTN9 player=PlayerId(0) action_type="PassPriority" event_count=4
2026-09-16T15:24:35.383801Z  INFO ws_message:game_session{game=9LFTN9 player=PlayerId(0)}: phase_server: game submission processed (lock held) game=9LFTN9 kind="action" lock_ms=12 ai_actions=0
2026-09-16T15:24:35.625967Z  INFO ws_message:game_session{game=9LFTN9 player=PlayerId(0)}: server_core::session: action applied game=9LFTN9 player=PlayerId(0) action_type="PassPriority" event_count=1
2026-09-16T15:24:35.630104Z  INFO ws_message:game_session{game=9LFTN9 player=PlayerId(0)}: phase_server: game submission processed (lock held) game=9LFTN9 kind="action" lock_ms=6 ai_actions=0
2026-09-16T15:24:35.881986Z  INFO ws_message:game_session{game=9LFTN9 player=PlayerId(1)}: server_core::session: action applied game=9LFTN9 player=PlayerId(1) action_type="PassPriority" event_count=4
2026-09-16T15:24:35.884175Z  INFO ws_message:game_session{game=9LFTN9 player=PlayerId(1)}: phase_server: game submission processed (lock held) game=9LFTN9 kind="action" lock_ms=8 ai_actions=0
2026-09-16T15:24:36.128970Z  INFO ws_message:game_session{game=9LFTN9 player=PlayerId(0)}: server_core::session: action applied game=9LFTN9 player=PlayerId(0) action_type="PassPriority" event_count=1
2026-09-16T15:24:36.133151Z  INFO ws_message:game_session{game=9LFTN9 player=PlayerId(0)}: phase_server: game submission processed (lock held) game=9LFTN9 kind="action" lock_ms=6 ai_actions=0
2026-09-16T15:24:36.381037Z  INFO ws_message:game_session{game=9LFTN9 player=PlayerId(1)}: server_core::session: action applied game=9LFTN9 player=PlayerId(1) action_type="PassPriority" event_count=1
2026-09-16T15:24:36.443817Z  INFO ws_message:game_session{game=9LFTN9 player=PlayerId(1)}: phase_server: game submission processed (lock held) game=9LFTN9 kind="action" lock_ms=64 ai_actions=0
2026-09-16T15:24:36.634948Z  INFO ws_message:game_session{game=9LFTN9 player=PlayerId(0)}: server_core::session: action applied game=9LFTN9 player=PlayerId(0) action_type="PlayLand" event_count=2
2026-09-16T15:24:36.680979Z  INFO ws_message:game_session{game=9LFTN9 player=PlayerId(0)}: phase_server: game submission processed (lock held) game=9LFTN9 kind="action" lock_ms=51 ai_actions=0
2026-09-16T15:24:36.884070Z  INFO ws_message:game_session{game=9LFTN9 player=PlayerId(0)}: server_core::session: action applied game=9LFTN9 player=PlayerId(0) action_type="PassPriority" event_count=1
2026-09-16T15:24:36.888304Z  INFO ws_message:game_session{game=9LFTN9 player=PlayerId(0)}: phase_server: game submission processed (lock held) game=9LFTN9 kind="action" lock_ms=7 ai_actions=0
2026-09-16T15:24:37.136098Z  INFO ws_message:game_session{game=9LFTN9 player=PlayerId(1)}: server_core::session: action applied game=9LFTN9 player=PlayerId(1) action_type="PassPriority" event_count=1
2026-09-16T15:24:37.141857Z  INFO ws_message:game_session{game=9LFTN9 player=PlayerId(1)}: phase_server: game submission processed (lock held) game=9LFTN9 kind="action" lock_ms=8 ai_actions=0
2026-09-16T15:24:37.388203Z  INFO ws_message:game_session{game=9LFTN9 player=PlayerId(0)}: server_core::session: action applied game=9LFTN9 player=PlayerId(0) action_type="PassPriority" event_count=1
2026-09-16T15:24:37.392400Z  INFO ws_message:game_session{game=9LFTN9 player=PlayerId(0)}: phase_server: game submission processed (lock held) game=9LFTN9 kind="action" lock_ms=7 ai_actions=0
2026-09-16T15:24:37.643154Z  INFO ws_message:game_session{game=9LFTN9 player=PlayerId(1)}: server_core::session: action applied game=9LFTN9 player=PlayerId(1) action_type="PassPriority" event_count=3
2026-09-16T15:24:37.648197Z  INFO ws_message:game_session{game=9LFTN9 player=PlayerId(1)}: phase_server: game submission processed (lock held) game=9LFTN9 kind="action" lock_ms=10 ai_actions=0
2026-09-16T15:24:37.893465Z  INFO ws_message:game_session{game=9LFTN9 player=PlayerId(0)}: server_core::session: action applied game=9LFTN9 player=PlayerId(0) action_type="PassPriority" event_count=1
2026-09-16T15:24:37.898009Z  INFO ws_message:game_session{game=9LFTN9 player=PlayerId(0)}: phase_server: game submission processed (lock held) game=9LFTN9 kind="action" lock_ms=7 ai_actions=0
2026-09-16T15:24:38.145458Z  INFO ws_message:game_session{game=9LFTN9 player=PlayerId(1)}: server_core::session: action applied game=9LFTN9 player=PlayerId(1) action_type="PassPriority" event_count=1
2026-09-16T15:24:38.191700Z  INFO ws_message:game_session{game=9LFTN9 player=PlayerId(1)}: phase_server: game submission processed (lock held) game=9LFTN9 kind="action" lock_ms=50 ai_actions=0
2026-09-16T15:24:38.395369Z  INFO ws_message:game_session{game=9LFTN9 player=PlayerId(0)}: server_core::session: action applied game=9LFTN9 player=PlayerId(0) action_type="PassPriority" event_count=1
2026-09-16T15:24:38.399590Z  INFO ws_message:game_session{game=9LFTN9 player=PlayerId(0)}: phase_server: game submission processed (lock held) game=9LFTN9 kind="action" lock_ms=7 ai_actions=0
2026-09-16T15:24:38.649081Z  INFO ws_message:game_session{game=9LFTN9 player=PlayerId(1)}: server_core::session: action applied game=9LFTN9 player=PlayerId(1) action_type="PassPriority" event_count=1
2026-09-16T15:24:38.654357Z  INFO ws_message:game_session{game=9LFTN9 player=PlayerId(1)}: phase_server: game submission processed (lock held) game=9LFTN9 kind="action" lock_ms=9 ai_actions=0
2026-09-16T15:24:38.897794Z  INFO ws_message:game_session{game=9LFTN9 player=PlayerId(0)}: server_core::session: action applied game=9LFTN9 player=PlayerId(0) action_type="PassPriority" event_count=1
2026-09-16T15:24:38.901961Z  INFO ws_message:game_session{game=9LFTN9 player=PlayerId(0)}: phase_server: game submission processed (lock held) game=9LFTN9 kind="action" lock_ms=6 ai_actions=0
2026-09-16T15:24:39.152935Z  INFO ws_message:game_session{game=9LFTN9 player=PlayerId(1)}: server_core::session: action applied game=9LFTN9 player=PlayerId(1) action_type="PassPriority" event_count=4
2026-09-16T15:24:39.155433Z  INFO ws_message:game_session{game=9LFTN9 player=PlayerId(1)}: phase_server: game submission processed (lock held) game=9LFTN9 kind="action" lock_ms=7 ai_actions=0
2026-09-16T15:24:39.401334Z  INFO ws_message:game_session{game=9LFTN9 player=PlayerId(1)}: server_core::session: action applied game=9LFTN9 player=PlayerId(1) action_type="PassPriority" event_count=1
2026-09-16T15:24:39.406342Z  INFO ws_message:game_session{game=9LFTN9 player=PlayerId(1)}: phase_server: game submission processed (lock held) game=9LFTN9 kind="action" lock_ms=7 ai_actions=0
2026-09-16T15:24:39.655698Z  INFO ws_message:game_session{game=9LFTN9 player=PlayerId(0)}: server_core::session: action applied game=9LFTN9 player=PlayerId(0) action_type="PassPriority" event_count=4
2026-09-16T15:24:39.657107Z  INFO ws_message:game_session{game=9LFTN9 player=PlayerId(0)}: phase_server: game submission processed (lock held) game=9LFTN9 kind="action" lock_ms=7 ai_actions=0
2026-09-16T15:24:39.904161Z  INFO ws_message:game_session{game=9LFTN9 player=PlayerId(1)}: server_core::session: action applied game=9LFTN9 player=PlayerId(1) action_type="PassPriority" event_count=1
2026-09-16T15:24:39.909264Z  INFO ws_message:game_session{game=9LFTN9 player=PlayerId(1)}: phase_server: game submission processed (lock held) game=9LFTN9 kind="action" lock_ms=7 ai_actions=0
2026-09-16T15:24:40.154724Z  INFO ws_message:game_session{game=9LFTN9 player=PlayerId(0)}: server_core::session: action applied game=9LFTN9 player=PlayerId(0) action_type="PassPriority" event_count=1
2026-09-16T15:24:40.186536Z  INFO ws_message:game_session{game=9LFTN9 player=PlayerId(0)}: phase_server: game submission processed (lock held) game=9LFTN9 kind="action" lock_ms=34 ai_actions=0
2026-09-16T15:24:40.409660Z  INFO ws_message:game_session{game=9LFTN9 player=PlayerId(1)}: server_core::session: action applied game=9LFTN9 player=PlayerId(1) action_type="PlayLand" event_count=2
2026-09-16T15:24:40.414247Z  INFO ws_message:game_session{game=9LFTN9 player=PlayerId(1)}: phase_server: game submission processed (lock held) game=9LFTN9 kind="action" lock_ms=9 ai_actions=0
2026-09-16T15:24:40.659716Z  INFO ws_message:game_session{game=9LFTN9 player=PlayerId(1)}: server_core::session: action applied game=9LFTN9 player=PlayerId(1) action_type="PassPriority" event_count=1
2026-09-16T15:24:40.664957Z  INFO ws_message:game_session{game=9LFTN9 player=PlayerId(1)}: phase_server: game submission processed (lock held) game=9LFTN9 kind="action" lock_ms=8 ai_actions=0
2026-09-16T15:24:40.909803Z  INFO ws_message:game_session{game=9LFTN9 player=PlayerId(0)}: server_core::session: action applied game=9LFTN9 player=PlayerId(0) action_type="PassPriority" event_count=1
2026-09-16T15:24:40.914509Z  INFO ws_message:game_session{game=9LFTN9 player=PlayerId(0)}: phase_server: game submission processed (lock held) game=9LFTN9 kind="action" lock_ms=7 ai_actions=0
2026-09-16T15:24:41.162140Z  INFO ws_message:game_session{game=9LFTN9 player=PlayerId(1)}: server_core::session: action applied game=9LFTN9 player=PlayerId(1) action_type="PassPriority" event_count=1
2026-09-16T15:24:41.167239Z  INFO ws_message:game_session{game=9LFTN9 player=PlayerId(1)}: phase_server: game submission processed (lock held) game=9LFTN9 kind="action" lock_ms=8 ai_actions=0
2026-09-16T15:24:41.414720Z  INFO ws_message:game_session{game=9LFTN9 player=PlayerId(0)}: server_core::session: action applied game=9LFTN9 player=PlayerId(0) action_type="PassPriority" event_count=3
2026-09-16T15:24:41.419278Z  INFO ws_message:game_session{game=9LFTN9 player=PlayerId(0)}: phase_server: game submission processed (lock held) game=9LFTN9 kind="action" lock_ms=9 ai_actions=0
2026-09-16T15:24:41.665171Z  INFO ws_message:game_session{game=9LFTN9 player=PlayerId(1)}: server_core::session: action applied game=9LFTN9 player=PlayerId(1) action_type="PassPriority" event_count=1
2026-09-16T15:24:41.670308Z  INFO ws_message:game_session{game=9LFTN9 player=PlayerId(1)}: phase_server: game submission processed (lock held) game=9LFTN9 kind="action" lock_ms=8 ai_actions=0
2026-09-16T15:24:41.918080Z  INFO ws_message:game_session{game=9LFTN9 player=PlayerId(0)}: server_core::session: action applied game=9LFTN9 player=PlayerId(0) action_type="PassPriority" event_count=1
2026-09-16T15:24:41.922806Z  INFO ws_message:game_session{game=9LFTN9 player=PlayerId(0)}: phase_server: game submission processed (lock held) game=9LFTN9 kind="action" lock_ms=9 ai_actions=0
2026-09-16T15:24:42.167427Z  INFO ws_message:game_session{game=9LFTN9 player=PlayerId(1)}: server_core::session: action applied game=9LFTN9 player=PlayerId(1) action_type="PassPriority" event_count=1
2026-09-16T15:24:42.172483Z  INFO ws_message:game_session{game=9LFTN9 player=PlayerId(1)}: phase_server: game submission processed (lock held) game=9LFTN9 kind="action" lock_ms=7 ai_actions=0
2026-09-16T15:24:42.420155Z  INFO ws_message:game_session{game=9LFTN9 player=PlayerId(0)}: server_core::session: action applied game=9LFTN9 player=PlayerId(0) action_type="PassPriority" event_count=1
2026-09-16T15:24:42.424810Z  INFO ws_message:game_session{game=9LFTN9 player=PlayerId(0)}: phase_server: game submission processed (lock held) game=9LFTN9 kind="action" lock_ms=8 ai_actions=0
2026-09-16T15:24:42.670356Z  INFO ws_message:game_session{game=9LFTN9 player=PlayerId(1)}: server_core::session: action applied game=9LFTN9 player=PlayerId(1) action_type="PassPriority" event_count=1
2026-09-16T15:24:42.675385Z  INFO ws_message:game_session{game=9LFTN9 player=PlayerId(1)}: phase_server: game submission processed (lock held) game=9LFTN9 kind="action" lock_ms=7 ai_actions=0
2026-09-16T15:24:42.923336Z  INFO ws_message:game_session{game=9LFTN9 player=PlayerId(0)}: server_core::session: action applied game=9LFTN9 player=PlayerId(0) action_type="PassPriority" event_count=4
2026-09-16T15:24:42.926407Z  INFO ws_message:game_session{game=9LFTN9 player=PlayerId(0)}: phase_server: game submission processed (lock held) game=9LFTN9 kind="action" lock_ms=8 ai_actions=0
2026-09-16T15:24:43.172022Z  INFO ws_message:game_session{game=9LFTN9 player=PlayerId(0)}: server_core::session: action applied game=9LFTN9 player=PlayerId(0) action_type="PassPriority" event_count=1
2026-09-16T15:24:43.176483Z  INFO ws_message:game_session{game=9LFTN9 player=PlayerId(0)}: phase_server: game submission processed (lock held) game=9LFTN9 kind="action" lock_ms=6 ai_actions=0
2026-09-16T15:24:43.427616Z  INFO ws_message:game_session{game=9LFTN9 player=PlayerId(1)}: server_core::session: action applied game=9LFTN9 player=PlayerId(1) action_type="PassPriority" event_count=4
2026-09-16T15:24:43.429561Z  INFO ws_message:game_session{game=9LFTN9 player=PlayerId(1)}: phase_server: game submission processed (lock held) game=9LFTN9 kind="action" lock_ms=7 ai_actions=0
2026-09-16T15:24:43.676325Z  INFO ws_message:game_session{game=9LFTN9 player=PlayerId(0)}: server_core::session: action applied game=9LFTN9 player=PlayerId(0) action_type="PassPriority" event_count=1
2026-09-16T15:24:43.681103Z  INFO ws_message:game_session{game=9LFTN9 player=PlayerId(0)}: phase_server: game submission processed (lock held) game=9LFTN9 kind="action" lock_ms=7 ai_actions=0
2026-09-16T15:24:43.928054Z  INFO ws_message:game_session{game=9LFTN9 player=PlayerId(1)}: server_core::session: action applied game=9LFTN9 player=PlayerId(1) action_type="PassPriority" event_count=1
2026-09-16T15:24:43.997049Z  INFO ws_message:game_session{game=9LFTN9 player=PlayerId(1)}: phase_server: game submission processed (lock held) game=9LFTN9 kind="action" lock_ms=71 ai_actions=0
2026-09-16T15:24:44.183026Z  INFO ws_message:game_session{game=9LFTN9 player=PlayerId(0)}: server_core::session: action applied game=9LFTN9 player=PlayerId(0) action_type="PlayLand" event_count=2
2026-09-16T15:24:44.197983Z  INFO ws_message:game_session{game=9LFTN9 player=PlayerId(0)}: phase_server: game submission processed (lock held) game=9LFTN9 kind="action" lock_ms=20 ai_actions=0
2026-09-16T15:24:44.438628Z  INFO ws_message:game_session{game=9LFTN9 player=PlayerId(0)}: server_core::session: action applied game=9LFTN9 player=PlayerId(0) action_type="CastSpell" event_count=28
2026-09-16T15:24:44.440216Z  INFO ws_message:game_session{game=9LFTN9 player=PlayerId(0)}: phase_server: game submission processed (lock held) game=9LFTN9 kind="action" lock_ms=10 ai_actions=0
2026-09-16T15:24:44.682879Z  INFO ws_message:game_session{game=9LFTN9 player=PlayerId(0)}: server_core::session: action applied game=9LFTN9 player=PlayerId(0) action_type="PassPriority" event_count=1
2026-09-16T15:24:44.689092Z  INFO ws_message:game_session{game=9LFTN9 player=PlayerId(0)}: phase_server: game submission processed (lock held) game=9LFTN9 kind="action" lock_ms=8 ai_actions=0
2026-09-16T15:24:44.935379Z  INFO ws_message:game_session{game=9LFTN9 player=PlayerId(1)}: server_core::session: action applied game=9LFTN9 player=PlayerId(1) action_type="PassPriority" event_count=2
2026-09-16T15:24:44.938559Z  INFO ws_message:game_session{game=9LFTN9 player=PlayerId(1)}: phase_server: game submission processed (lock held) game=9LFTN9 kind="action" lock_ms=6 ai_actions=0
2026-09-16T15:24:45.263275Z  INFO ws_message:game_session{game=9LFTN9 player=PlayerId(0)}: server_core::session: action applied game=9LFTN9 player=PlayerId(0) action_type="CastSpell" event_count=3
2026-09-16T15:24:45.264819Z  INFO ws_message:game_session{game=9LFTN9 player=PlayerId(0)}: phase_server: game submission processed (lock held) game=9LFTN9 kind="action" lock_ms=8 ai_actions=0
2026-09-16T15:24:45.512160Z  INFO ws_message:game_session{game=9LFTN9 player=PlayerId(0)}: server_core::session: action applied game=9LFTN9 player=PlayerId(0) action_type="PassPriority" event_count=1
2026-09-16T15:24:45.518049Z  INFO ws_message:game_session{game=9LFTN9 player=PlayerId(0)}: phase_server: game submission processed (lock held) game=9LFTN9 kind="action" lock_ms=9 ai_actions=0
2026-09-16T15:24:45.693911Z  INFO ws_message:game_session{game=9LFTN9 player=PlayerId(1)}: server_core::session: action applied game=9LFTN9 player=PlayerId(1) action_type="PassPriority" event_count=4
2026-09-16T15:24:45.695472Z  INFO ws_message:game_session{game=9LFTN9 player=PlayerId(1)}: phase_server: game submission processed (lock held) game=9LFTN9 kind="action" lock_ms=4 ai_actions=0
2026-09-16T15:24:45.763419Z  INFO ws_message:game_session{game=9LFTN9 player=PlayerId(0)}: server_core::session: action applied game=9LFTN9 player=PlayerId(0) action_type="PassPriority" event_count=1
2026-09-16T15:24:45.770390Z  INFO ws_message:game_session{game=9LFTN9 player=PlayerId(0)}: phase_server: game submission processed (lock held) game=9LFTN9 kind="action" lock_ms=10 ai_actions=0
2026-09-16T15:24:45.946114Z  INFO ws_message:game_session{game=9LFTN9 player=PlayerId(1)}: server_core::session: action applied game=9LFTN9 player=PlayerId(1) action_type="PassPriority" event_count=2
2026-09-16T15:24:45.947975Z  INFO ws_message:game_session{game=9LFTN9 player=PlayerId(1)}: phase_server: game submission processed (lock held) game=9LFTN9 kind="action" lock_ms=4 ai_actions=0
2026-09-16T15:24:46.015995Z  INFO ws_message:game_session{game=9LFTN9 player=PlayerId(0)}: server_core::session: action applied game=9LFTN9 player=PlayerId(0) action_type="PassPriority" event_count=1
2026-09-16T15:24:46.022487Z  INFO ws_message:game_session{game=9LFTN9 player=PlayerId(0)}: phase_server: game submission processed (lock held) game=9LFTN9 kind="action" lock_ms=9 ai_actions=0
2026-09-16T15:24:46.198301Z  INFO ws_message:game_session{game=9LFTN9 player=PlayerId(1)}: server_core::session: action applied game=9LFTN9 player=PlayerId(1) action_type="PassPriority" event_count=2
2026-09-16T15:24:46.244245Z  INFO ws_message:game_session{game=9LFTN9 player=PlayerId(1)}: phase_server: game submission processed (lock held) game=9LFTN9 kind="action" lock_ms=49 ai_actions=0
2026-09-16T15:24:46.855009Z  INFO ws_message:game_session{game=9LFTN9 player=PlayerId(0)}: server_core::session: action applied game=9LFTN9 player=PlayerId(0) action_type="PassPriority" event_count=1
2026-09-16T15:24:46.860421Z  INFO ws_message:game_session{game=9LFTN9 player=PlayerId(0)}: phase_server: game submission processed (lock held) game=9LFTN9 kind="action" lock_ms=8 ai_actions=0
2026-09-16T15:24:46.955177Z  INFO ws_message:game_session{game=9LFTN9 player=PlayerId(1)}: server_core::session: action applied game=9LFTN9 player=PlayerId(1) action_type="PassPriority" event_count=1
2026-09-16T15:24:46.959000Z  INFO ws_message:game_session{game=9LFTN9 player=PlayerId(1)}: phase_server: game submission processed (lock held) game=9LFTN9 kind="action" lock_ms=7 ai_actions=0
2026-09-16T15:24:47.107481Z  INFO ws_message:game_session{game=9LFTN9 player=PlayerId(0)}: server_core::session: action applied game=9LFTN9 player=PlayerId(0) action_type="PassPriority" event_count=1
2026-09-16T15:24:47.112791Z  INFO ws_message:game_session{game=9LFTN9 player=PlayerId(0)}: phase_server: game submission processed (lock held) game=9LFTN9 kind="action" lock_ms=8 ai_actions=0
2026-09-16T15:24:47.211267Z  INFO ws_message:game_session{game=9LFTN9 player=PlayerId(1)}: server_core::session: action applied game=9LFTN9 player=PlayerId(1) action_type="PassPriority" event_count=3
2026-09-16T15:24:47.214894Z  INFO ws_message:game_session{game=9LFTN9 player=PlayerId(1)}: phase_server: game submission processed (lock held) game=9LFTN9 kind="action" lock_ms=8 ai_actions=0
2026-09-16T15:24:47.359335Z  INFO ws_message:game_session{game=9LFTN9 player=PlayerId(0)}: server_core::session: action applied game=9LFTN9 player=PlayerId(0) action_type="PassPriority" event_count=1
2026-09-16T15:24:47.364788Z  INFO ws_message:game_session{game=9LFTN9 player=PlayerId(0)}: phase_server: game submission processed (lock held) game=9LFTN9 kind="action" lock_ms=8 ai_actions=0
2026-09-16T15:24:47.463972Z  INFO ws_message:game_session{game=9LFTN9 player=PlayerId(1)}: server_core::session: action applied game=9LFTN9 player=PlayerId(1) action_type="PassPriority" event_count=1
2026-09-16T15:24:47.508609Z  INFO ws_message:game_session{game=9LFTN9 player=PlayerId(1)}: phase_server: game submission processed (lock held) game=9LFTN9 kind="action" lock_ms=50 ai_actions=0
2026-09-16T15:24:47.863031Z  INFO ws_message:game_session{game=9LFTN9 player=PlayerId(0)}: server_core::session: action applied game=9LFTN9 player=PlayerId(0) action_type="PassPriority" event_count=1
2026-09-16T15:24:47.869463Z  INFO ws_message:game_session{game=9LFTN9 player=PlayerId(0)}: phase_server: game submission processed (lock held) game=9LFTN9 kind="action" lock_ms=9 ai_actions=0
2026-09-16T15:24:47.966413Z  INFO ws_message:game_session{game=9LFTN9 player=PlayerId(1)}: server_core::session: action applied game=9LFTN9 player=PlayerId(1) action_type="PassPriority" event_count=1
2026-09-16T15:24:47.970222Z  INFO ws_message:game_session{game=9LFTN9 player=PlayerId(1)}: phase_server: game submission processed (lock held) game=9LFTN9 kind="action" lock_ms=8 ai_actions=0
2026-09-16T15:24:48.115756Z  INFO ws_message:game_session{game=9LFTN9 player=PlayerId(0)}: server_core::session: action applied game=9LFTN9 player=PlayerId(0) action_type="PassPriority" event_count=1
2026-09-16T15:24:48.121089Z  INFO ws_message:game_session{game=9LFTN9 player=PlayerId(0)}: phase_server: game submission processed (lock held) game=9LFTN9 kind="action" lock_ms=8 ai_actions=0
2026-09-16T15:24:48.218935Z  INFO ws_message:game_session{game=9LFTN9 player=PlayerId(1)}: server_core::session: action applied game=9LFTN9 player=PlayerId(1) action_type="PassPriority" event_count=4
2026-09-16T15:24:48.221305Z  INFO ws_message:game_session{game=9LFTN9 player=PlayerId(1)}: phase_server: game submission processed (lock held) game=9LFTN9 kind="action" lock_ms=7 ai_actions=0
2026-09-16T15:24:48.468147Z  INFO ws_message:game_session{game=9LFTN9 player=PlayerId(1)}: server_core::session: action applied game=9LFTN9 player=PlayerId(1) action_type="PassPriority" event_count=1
2026-09-16T15:24:48.471182Z  INFO ws_message:game_session{game=9LFTN9 player=PlayerId(1)}: phase_server: game submission processed (lock held) game=9LFTN9 kind="action" lock_ms=5 ai_actions=0
