[09:24:08] ServerHello: version=0.104.0 build=4227122 protocol=118 mode=Full
[09:24:08] data-level check: ok=True notes=[]
[09:24:08] P0 creating game...
[09:24:09] P1 joining...
[09:24:09] game Q8WFEX; P0 seat=0 P1 seat=1
[09:24:09] [P0] keep 7: ['island', 'island', 'toxrill, the corrosive', 'swamp', 'swamp', 'swamp', 'swamp']
[09:24:09] [P1] keep 7: ['forest', 'forest', 'forest', 'forest', 'forest', 'forest', 'forest']
[09:24:11] [P1] playing land forest
[09:24:15] [P0] playing land swamp
[09:24:19] [P1] playing land forest
[09:24:23] [P0] playing land swamp
[09:24:27] [P1] playing land forest
[09:24:31] [P0] playing land island
[09:24:31] [P0] casts The Masamune (oid 19)
[09:24:31] [P0] inflight set: cast the masamune
[09:24:31] [P0] inflight cleared (cast confirmed)
[09:24:35] [P1] playing land forest
[09:24:38] [P0] tap land for mana used_for=generic
[09:24:38] [P0] submitting interaction iid=Q8WFEX.0.110 choice=Q8WFEX.0.110.c1 (Island)
[09:24:38] [P0] tap land for mana used_for=generic
[09:24:38] [P0] submitting interaction iid=Q8WFEX.0.111 choice=Q8WFEX.0.111.c1 (Swamp)
[09:24:39] [P0] tap land for mana used_for=generic
[09:24:39] [P0] submitting interaction iid=Q8WFEX.0.112 choice=Q8WFEX.0.112.c1 (Swamp)
[09:24:41] [P0] playing land island
[09:24:45] [P1] playing land forest
[09:24:49] [P0] playing land swamp
[09:24:52] [P1] playing land forest
[09:24:56] [P0] playing land island
[09:25:00] [P1] playing land forest
[09:25:05] [P0] playing land swamp
[09:25:05] [P0] casts Toxrill (oid 48)
[09:25:05] [P0] inflight set: cast toxrill, the corrosive
[09:25:05] [P0] inflight cleared (cast confirmed)
[09:25:09] DIAG P06773: rev=224 turn=15 phase=Upkeep prio=True decision=False pre=False mid=False equipped=False
[09:25:09] DIAG P16773: rev=224 turn=15 phase=Upkeep prio=False decision=False pre=False mid=False equipped=False
[09:25:10] [P1] playing land forest
[09:25:13] [P0] tap land for mana used_for=B
[09:25:13] [P0] submitting interaction iid=Q8WFEX.0.240 choice=Q8WFEX.0.240.c5 (Swamp)
[09:25:13] [P0] tap land for mana used_for=B
[09:25:13] [P0] submitting interaction iid=Q8WFEX.0.241 choice=Q8WFEX.0.241.c5 (Swamp)
[09:25:14] [P0] tap land for mana used_for=generic
[09:25:14] [P0] submitting interaction iid=Q8WFEX.0.242 choice=Q8WFEX.0.242.c2 (Island)
[09:25:14] [P0] tap land for mana used_for=generic
[09:25:14] [P0] submitting interaction iid=Q8WFEX.0.243 choice=Q8WFEX.0.243.c2 (Island)
[09:25:14] [P0] tap land for mana used_for=generic
[09:25:14] [P0] submitting interaction iid=Q8WFEX.0.244 choice=Q8WFEX.0.244.c2 (Island)
[09:25:14] [P0] tap land for mana used_for=generic
[09:25:14] [P0] submitting interaction iid=Q8WFEX.0.245 choice=Q8WFEX.0.245.c2 (Swamp)
[09:25:15] [P0] tap land for mana used_for=generic
[09:25:15] [P0] submitting interaction iid=Q8WFEX.0.246 choice=Q8WFEX.0.246.c2 (Swamp)
[09:25:16] [P0] playing land island
[09:25:20] [P1] playing land forest
[09:25:25] [P0] playing land island
[09:25:25] [P0] equip via advertised ActivateAbility (src 19)
[09:25:25] [P0] inflight set: equip the masamune
[09:25:25] [P0] tap land for mana used_for=generic
[09:25:25] [P0] submitting interaction iid=Q8WFEX.0.288 choice=Q8WFEX.0.288.c2 (Island)
[09:25:25] [P0] tap land for mana used_for=generic
[09:25:25] [P0] submitting interaction iid=Q8WFEX.0.289 choice=Q8WFEX.0.289.c2 (Island)
[09:25:56] [P0] inflight cleared (equip backstop: unconfirmed after 30s)
[09:26:02] [P1] playing land forest
[09:26:02] [P1] casts Llanowar Elves (oid 78)
[09:26:02] [P1] inflight set: cast llanowar elves
[09:26:02] [P1] tap land for mana used_for=G
[09:26:02] [P1] submitting interaction iid=Q8WFEX.0.311 choice=Q8WFEX.0.311.c1 (Forest)
[09:26:03] [P1] inflight cleared (cast confirmed)
[09:26:03] exported pre_death.json
[09:26:03] [pre] exported turn 19 phase PreCombatMain DoubleTriggers-grant=True
[09:26:06] exported mid_triggers.json
[09:26:06] [mid] exported: 1 slime-death triggers on stack
[09:26:08] exported post_resolution.json
[09:26:08] [post] exported: 1 Slug tokens
[09:26:08] A1_setup_ok: passed
[09:26:08] A2_death_observed: passed
[09:26:08] A3_triggers_doubled: failed
[09:26:08] A4_slugs_created: failed
[09:26:08] A5_cleanup: passed
[09:26:09] DONE verdict=reproduced assertions={"A1_setup_ok": "passed", "A2_death_observed": "passed", "A3_triggers_doubled": "failed", "A4_slugs_created": "failed", "A5_cleanup": "passed"}
