game G0QXC0; seats P0=0 P1=1 P2=2 RUN_ID=20260914-6916
P0 keeps
P1 keeps
P2 keeps
DIAG turn=1 active=1 phase=Untap wf=MulliganDecision pp=1 P0lands=0 P1lands=0 xcast=False entered=False ctrl=None choice=False p1act=False pre=False mid=False post=False stack=0
[P1] UNEXPECTED PROMPT iid=G0QXC0.0.2 n=2 texts=['keep', 'mulligan']
[P2] UNEXPECTED PROMPT iid=G0QXC0.0.3 n=2 texts=['keep', 'mulligan']
[P0] casting xantcha, sleeper agent via CastSpell (oid 181)
[P0] ENTER-CHOICE prompt: waiting_for=EntryControllerChoice seats=[1, 1, 2, 2]
[P0] submitting interaction iid=G0QXC0.0.258 choice=G0QXC0.0.258.c2 ()
Xantcha entered: oid=181 owner=0 controller=2 choice_offered=True
exported MID (Xantcha entered)
[P0-owner] Xantcha activations offered: 0 (turn 12)
[P2-controller] Xantcha activations offered: 0 (turn 12)
[P1] Xantcha on BF but NO ActivateAbility advertised to P1 (turn 13, n_acts=0)
DIAG turn=16 active=1 phase=Draw wf=Priority pp=1 P0lands=5 P1lands=5 xcast=True entered=True ctrl=2 choice=True p1act=False pre=False mid=True post=False stack=0
[P1] Xantcha on BF but NO ActivateAbility advertised to P1 (turn 16, n_acts=0)
exported POST (act_done=False no_offer_done=True)
post exported; finishing
loaded mid.json
loaded post.json
copied scenario_6916.py and server.log into EVDIR
wrote summary.png
manifest: MISSING pre.json
wrote manifest.sha256 (8 files)
