[20:42:05] ServerHello: version=0.105.0 build=965e243 protocol=120 mode=Full
[20:42:05] data-level check: ok=True modal_dfc fronts={'tony stark': 'modal_dfc', 'tergrid, god of fright': 'modal_dfc'} backs=True
[20:42:06] game=2XVHDT run=run-5474-reval-v01050-20261009-2035
[20:42:06] [P0] keep 7: ['mountain', 'tony stark', 'mountain', 'tony stark', 'tony stark', 'island', 'mountain']
[20:42:06] [P1] mulligan #1 (7 cards, hand=['forest', 'forest', 'forest', 'forest', 'forest', 'forest', 'forest'])
[20:42:06] DIAG turn=1 phase=Untap stage=g1_setup tony_bf=[] ironman_bf=[] stack=0
[20:42:07] [P1] mulligan #2 (7 cards, hand=['forest', 'forest', 'forest', 'forest', 'forest', 'forest', 'forest'])
[20:42:07] [P1] mulligan #3 (7 cards, hand=['forest', 'forest', 'forest', 'forest', 'forest', 'forest', 'forest'])
[20:42:07] [P1] keep 7: ['forest', 'forest', 'forest', 'forest', 'forest', 'forest', 'forest']
[20:42:07] [P1] bottoming ['forest', 'forest', 'forest'] via vi
[20:42:08] [P0] playing land island
[20:42:11] [P1] playing land forest
[20:42:14] [P0] playing land island
[20:42:14] [P0] casting tony stark (oid 27) needs={'U': 1, 'generic': 1} via legacy
[20:42:14] STAGE -> g1_face1 (cast 1 submitted; exporting pre)
[20:42:14] exported pre.json (turn=3)
[20:42:15] ModalFaceChoice [g1_cast1]: faces=[('front', 'front')] canSubmit=True kind=choose legalChooseModalFace=1
[20:42:15] [g1_cast1] answering ModalFaceChoice: face=front choice=2XVHDT.0.42.c0 (front)
[20:42:15] [P0] cast confirmed (stack): tony stark oid 27
[20:42:16] STAGE -> g1_cast2_prep (Tony Stark #1 on BF; exporting post_front)
[20:42:16] exported post_front.json (turn=3)
[20:42:17] [P0] cast2 check: can_pay(RR+3)=False tony_oid=49 untapped_mountains=0 untapped_lands=0 hand=['mountain', 'tony stark', 'mountain', 'tony stark', 'mountain']
[20:42:19] [P1] playing land forest
[20:42:21] [P0] tap land for mana used_for=U needs={'U': 0, 'generic': 1}
[20:42:21] [P0] submitting interaction iid=2XVHDT.0.70 choice=2XVHDT.0.70.c2 (Island)
[20:42:21] [P0] tap land for mana used_for=generic needs={'U': 0, 'generic': 0}
[20:42:21] [P0] submitting interaction iid=2XVHDT.0.71 choice=2XVHDT.0.71.c2 (Island)
[20:42:24] [P0] playing land mountain
[20:42:27] [P1] playing land forest
[20:42:30] [P0] playing land mountain
[20:42:34] [P1] playing land forest
[20:42:37] [P0] playing land mountain
[20:42:37] [P0] casting tony stark (oid 3) needs={'R': 2, 'generic': 3} via legacy
[20:42:37] STAGE -> g1_face2 (cast 2 submitted; exporting pre_cast2)
[20:42:37] exported pre_cast2.json (turn=9)
[20:42:37] ModalFaceChoice [g1_cast2]: faces=[('front', 'front')] canSubmit=True kind=choose legalChooseModalFace=1
[20:42:37] [P0] exploratory: ChooseModalFace back_face=true (advertised=False)
[20:43:06] DIAG turn=9 phase=PreCombatMain stage=g1_face2 tony_bf=[27] ironman_bf=[] stack=0
[20:43:22] WATCHDOG stale P1: rev 140 turn=9 phase=PreCombatMain holding_priority=False stage=g1_face2
[20:43:22] WATCHDOG stale P0: rev 140 turn=9 phase=PreCombatMain holding_priority=False stage=g1_face2
[20:44:07] DIAG turn=9 phase=PreCombatMain stage=g1_face2 tony_bf=[27] ironman_bf=[] stack=0
[20:44:07] WATCHDOG stale P1: rev 140 turn=9 phase=PreCombatMain holding_priority=False stage=g1_face2
[20:44:07] WEDGE detected: engine froze after back-face probe; exporting mid_stall.json
[20:44:07] exported mid_stall.json (turn=9)
[20:44:07] game 1 loop ended ok=True stage=game1_done
[20:44:10] game=VWAONE run=run-5474-reval-v01050-20261009-2035
[20:44:10] [P0] mulligan #2 (7 cards, hand=['swamp', 'swamp', 'swamp', 'swamp', 'swamp', 'swamp', 'swamp'])
[20:44:10] [P1] keep 7: ['forest', 'forest', 'forest', 'forest', 'forest', 'forest', 'forest']
[20:44:10] DIAG turn=1 phase=Untap stage=g2_setup tony_bf=[] ironman_bf=[] stack=0
[20:44:10] [P0] mulligan #3 (7 cards, hand=['swamp', 'swamp', 'swamp', 'swamp', 'swamp', 'swamp', 'swamp'])
[20:44:10] [P1] CAST NOT CONFIRMED after 30s (library): tony stark oid 3 -- clearing for retry
[20:44:11] [P0] keep 7: ['swamp', 'swamp', 'swamp', 'swamp', 'tergrid, god of fright', 'tergrid, god of fright', 'swamp']
[20:44:11] [P0] bottoming ['swamp', 'swamp'] via vi
[20:44:11] [P0] playing land swamp
[20:44:15] [P1] playing land forest
[20:44:18] [P0] playing land swamp
[20:44:21] [P1] playing land forest
[20:44:24] [P0] playing land swamp
[20:44:27] [P1] playing land forest
[20:44:30] [P0] playing land swamp
[20:44:33] [P1] playing land forest
[20:44:36] [P0] playing land swamp
[20:44:37] [P0] casting tergrid, god of fright (oid 23) needs={'B': 2, 'generic': 3} via legacy
[20:44:37] STAGE -> g2_face (Tergrid cast submitted; exporting g2_pre)
[20:44:37] exported g2_pre.json (turn=9)
[20:44:37] ModalFaceChoice [g2_cast1]: faces=[('front', 'front'), ('back', 'back')] canSubmit=True kind=choose legalChooseModalFace=2
[20:44:37] [g2_cast1] answering ModalFaceChoice: face=front choice=VWAONE.0.131.c0 (front)
[20:44:37] [P0] cast confirmed (stack): tergrid, god of fright oid 23
[20:44:38] game 2 done (Tergrid on BF); exporting g2_post
[20:44:38] exported g2_post.json (turn=9)
[20:44:38] game 2 loop ended ok=True stage=game2_done
[20:44:39] verdict=reproduced assertions={"A1_setup_ok": "passed", "A2_modal_offered": "passed", "A3_choice_accepted": "passed", "A4_front_completes": "passed", "A5_back_reachable": "failed", "A6_cleanup": "not-run", "B1_tergrid_setup": "passed", "B2_tergrid_offered": "passed", "B3_tergrid_accepted": "passed", "B4_tergrid_completes": "passed"}
[20:44:39] closing logs before manifest computation
