[15:17:35] ServerHello: version=0.104.0 build=4227122 protocol=118 mode=Full
[15:17:35] data-level check: ok=True notes=[]
[15:17:35] game=2MX9YM run=run-650-reval-v01040-20261008-1511
[15:17:36] [P0] keep 7: ['swamp', 'llanowar elves', 'llanowar elves', 'tyvar the bellicose', 'forest', 'swamp', 'forest']
[15:17:36] [P1] keep 7: ['island', 'island', 'island', 'island', 'island', 'island', 'island']
[15:17:36] [P0] playing land swamp
[15:17:39] [P1] playing land island
[15:17:42] [P0] playing land forest
[15:17:43] [P0] casting llanowar elves (oid 5) needs={'G': 1, 'generic': 0}
[15:17:48] [P1] playing land island
[15:17:50] [P0] tap land for mana used_for=G needs={'G': 0, 'generic': 0}
[15:17:50] [P0] submitting interaction iid=2MX9YM.0.65 choice=2MX9YM.0.65.c3 (Forest)
[15:17:51] [P0] playing land swamp
[15:17:54] [P1] playing land island
[15:17:57] [P0] playing land forest
[15:17:57] [P0] casting llanowar elves (oid 7) needs={'G': 1, 'generic': 0}
[15:17:57] [P0] tap land for mana used_for=G needs={'G': 0, 'generic': 0}
[15:17:57] [P0] submitting interaction iid=2MX9YM.0.103 choice=2MX9YM.0.103.c4 (Forest)
[15:18:02] [P1] playing land island
[15:18:05] [P0] playing land forest
[15:18:05] [P0] casting tyvar the bellicose (oid 38) needs={'B': 1, 'G': 1, 'generic': 2}
[15:18:06] [P0] tap land for mana used_for=G needs={'B': 1, 'G': 0, 'generic': 2}
[15:18:06] [P0] submitting interaction iid=2MX9YM.0.138 choice=2MX9YM.0.138.c3 (Forest)
[15:18:06] setup ok at turn 9 (Tyvar + 2 Elves)
[15:18:06] PRE export at turn 9; activating Elves A mana ability (oid 5) via ActivateAbility legal_action
[15:18:06] exported pre.json
[15:18:06] exported mid.json
[15:18:06] A2 = passed (tapped=True pool 1->2)
[15:18:10] [P1] playing land island
[15:18:12] [P0] tap land for mana used_for=B needs={'B': 0, 'G': 0, 'generic': 2}
[15:18:12] [P0] submitting interaction iid=2MX9YM.0.168 choice=2MX9YM.0.168.c3 (Swamp)
[15:18:12] [P0] tap land for mana used_for=generic needs={'B': 0, 'G': 0, 'generic': 1}
[15:18:12] [P0] submitting interaction iid=2MX9YM.0.169 choice=2MX9YM.0.169.c3 (Forest)
[15:18:12] [P0] tap land for mana used_for=generic needs={'B': 0, 'G': 0, 'generic': 0}
[15:18:12] [P0] submitting interaction iid=2MX9YM.0.170 choice=2MX9YM.0.170.c3 (Swamp)
[15:18:13] [P0] playing land forest
[15:18:16] exported post.json
[15:18:16] A3 = failed (counters=0)
[15:18:16] VERDICT: reproduced
[15:18:16] closing logs before manifest computation
