[07:14:55] server identity hashes recomputed against on-disk pinned artifacts
[07:14:55] ServerHello: version=0.103.0 build=ec27a8d protocol=106 mode=Full
[07:14:55] ===== attempt 1 =====
[07:14:55] game WBG7AH attempt=1; P0 seat=0 P1 seat=1
[07:14:55] [6764-a1] phase 1: ramp to Knowledge Pool
[07:14:56] [6764-a1] keep 7: ['shock', 'mountain', 'mountain', 'shock', 'shock', 'mountain', 'mountain']
[07:14:56] [P16764-a1] keep 7: ['island', 'island', 'island', 'island', 'island', 'island', 'island']
[07:14:56] [6764-a1] DIAG rev=2 turn=1 phase=Untap prio=False vikind='mulligan' real_decision=False pool_cast=None imprint_done=None leg=1
[07:14:56] [6764-a1] playing land mountain (legacy)
[07:14:58] [P16764-a1] playing land island (legacy)
[07:15:01] [6764-a1] playing land mountain (legacy)
[07:15:03] [P16764-a1] playing land island (legacy)
[07:15:06] [6764-a1] playing land mountain (legacy)
[07:15:08] [P16764-a1] playing land island (legacy)
[07:15:10] [6764-a1] playing land mountain (legacy)
[07:15:13] [P16764-a1] playing land island (legacy)
[07:15:15] [6764-a1] playing land mountain (legacy)
[07:15:17] [P16764-a1] playing land island (legacy)
[07:15:20] [6764-a1] playing land mountain (legacy)
[07:15:23] [P16764-a1] playing land island (legacy)
[07:15:26] [6764-a1] DIAG rev=191 turn=13 phase=EndCombat prio=False vikind='choose' real_decision=False pool_cast=None imprint_done=None leg=1
[07:15:27] [P16764-a1] playing land island (legacy)
[07:15:31] [6764-a1] discarding to hand size via vi (select)
[07:15:32] [P16764-a1] playing land island (legacy)
[07:15:36] [6764-a1] discarding to hand size via vi (select)
[07:15:37] [P16764-a1] playing land island (legacy)
[07:15:39] [6764-a1] playing land mountain (legacy)
[07:15:41] [P16764-a1] playing land island (legacy)
[07:15:45] [6764-a1] discarding to hand size via vi (select)
[07:15:46] [P16764-a1] playing land island (legacy)
[07:15:48] [6764-a1] playing land mountain (legacy)
[07:15:51] [P16764-a1] playing land island (legacy)
[07:15:53] [6764-a1] playing land mountain (legacy)
[07:15:56] [6764-a1] DIAG rev=379 turn=26 phase=Draw prio=True vikind='choose' real_decision=False pool_cast=None imprint_done=None leg=1
[07:15:56] [P16764-a1] playing land island (legacy)
[07:16:00] [6764-a1] discarding to hand size via vi (select)
[07:16:01] [P16764-a1] playing land island (legacy)
[07:16:03] [6764-a1] playing land mountain (legacy)
[07:16:06] [P16764-a1] playing land island (legacy)
[07:16:09] [6764-a1] playing land mountain (legacy)
[07:16:11] [P16764-a1] playing land island (legacy)
[07:16:14] [6764-a1] playing land mountain (legacy)
[07:16:16] [P16764-a1] playing land island (legacy)
[07:16:19] [6764-a1] playing land mountain (legacy)
[07:16:21] [P16764-a1] playing land island (legacy)
[07:16:24] [6764-a1] playing land mountain (legacy)
[07:16:26] [6764-a1] DIAG rev=555 turn=37 phase=End prio=False vikind='choose' real_decision=False pool_cast=None imprint_done=None leg=1
[07:16:26] [P16764-a1] playing land island (legacy)
[07:16:29] [6764-a1] casting Knowledge Pool (oid 21)
[07:16:29] [6764-a1] tap land for mana used_for=generic
[07:16:29] [6764-a1] submitting interaction iid=WBG7AH.0.575 choice=WBG7AH.0.575.c17 (Mountain)
[07:16:29] [6764-a1] tap land for mana used_for=generic
[07:16:29] [6764-a1] submitting interaction iid=WBG7AH.0.576 choice=WBG7AH.0.576.c15 (Mountain)
[07:16:30] [6764-a1] tap land for mana used_for=generic
[07:16:30] [6764-a1] submitting interaction iid=WBG7AH.0.577 choice=WBG7AH.0.577.c15 (Mountain)
[07:16:30] [6764-a1] tap land for mana used_for=generic
[07:16:30] [6764-a1] submitting interaction iid=WBG7AH.0.578 choice=WBG7AH.0.578.c15 (Mountain)
[07:16:30] [6764-a1] tap land for mana used_for=generic
[07:16:30] [6764-a1] submitting interaction iid=WBG7AH.0.579 choice=WBG7AH.0.579.c15 (Mountain)
[07:16:30] [6764-a1] tap land for mana used_for=generic
[07:16:30] [6764-a1] submitting interaction iid=WBG7AH.0.580 choice=WBG7AH.0.580.c15 (Mountain)
[07:16:31] [6764-a1] Knowledge Pool on battlefield; mana needs cleared
[07:16:31] [6764-a1] A1: pool_on_bf=True exiled=6 lib_delta=(3,3) -> passed
[07:16:31] [6764-a1] phase 2: leg 1 (decline)
[07:16:31] [6764-a1] DIAG rev=586 turn=39 phase=PreCombatMain prio=False vikind='choose' real_decision=False pool_cast=True imprint_done=True leg=1
[07:16:34] [P16764-a1] playing land island (legacy)
[07:16:38] [6764-a1] leg 1: casting Shock #1 (oid 4)
[07:16:38] [6764-a1] submitting Shock target: P1 (seat 1)
[07:16:38] [6764-a1] submitting advertised target: id=WBG7AH.0.615.t1 kind=sequence ()
[07:16:38] [6764-a1] tap land for mana used_for=R
[07:16:38] [6764-a1] submitting interaction iid=WBG7AH.0.616 choice=WBG7AH.0.616.c15 (Mountain)
[07:16:39] [6764-a1] P0 DECLINES Knowledge Pool may-choice
[07:16:39] [6764-a1] submitting interaction iid=WBG7AH.0.619 choice=WBG7AH.0.619.c0 (false)
[07:16:39] [6764-a1] leg 1 declined; 25s no-choice verification window
[07:16:47] [P16764-a1] playing land island (legacy)
[07:16:54] [6764-a1] playing land mountain (legacy)
[07:17:02] [P16764-a1] playing land island (legacy)
[07:17:05] [6764-a1] A2a: no_choice_after_decline=True shock1_exiled=True stack_empty=True -> passed
[07:17:05] [6764-a1] phase 3: leg 2 (accept)
[07:17:05] [6764-a1] DIAG rev=670 turn=44 phase=EndCombat prio=True vikind='choose' real_decision=False pool_cast=True imprint_done=True leg=2
[07:17:07] [6764-a1] playing land mountain (legacy)
[07:17:07] [6764-a1] leg 2: casting Shock #2 (oid 5)
[07:17:07] [6764-a1] submitting Shock target: P1 (seat 1)
[07:17:07] [6764-a1] submitting advertised target: id=WBG7AH.0.681.t1 kind=sequence ()
[07:17:08] [6764-a1] tap land for mana used_for=R
[07:17:08] [6764-a1] submitting interaction iid=WBG7AH.0.682 choice=WBG7AH.0.682.c13 (Mountain)
[07:17:08] [6764-a1] P0 ACCEPTS Knowledge Pool may-choice
[07:17:08] [6764-a1] submitting interaction iid=WBG7AH.0.685 choice=WBG7AH.0.685.c1 (true)
[07:17:08] [6764-a1] A2b: leg-2 may-choice offered and accepted -> passed
[07:17:08] [6764-a1] waiting for the free-cast card choice
[07:17:09] [6764-a1] DIAG rev=686 turn=45 phase=PreCombatMain prio=True vikind='choose' real_decision=False pool_cast=True imprint_done=True leg=2
[07:17:13] [P16764-a1] playing land island (legacy)
[07:17:22] [P16764-a1] playing land island (legacy)
[07:17:29] [6764-a1] discarding to hand size via vi (select)
[07:17:31] [P16764-a1] playing land island (legacy)
[07:17:35] [6764-a1] playing land mountain (legacy)
[07:17:39] [6764-a1] DIAG rev=786 turn=52 phase=Upkeep prio=True vikind='choose' real_decision=False pool_cast=True imprint_done=True leg=2
[07:17:39] [P16764-a1] playing land island (legacy)
[07:17:48] [6764-a1] discarding to hand size via vi (select)
[07:17:49] [P16764-a1] playing land island (legacy)
[07:17:53] [6764-a1] playing land mountain (legacy)
[07:17:57] [P16764-a1] playing land island (legacy)
[07:18:06] [6764-a1] discarding to hand size via vi (select)
[07:18:07] [P16764-a1] playing land island (legacy)
[07:18:09] [6764-a1] DIAG rev=886 turn=58 phase=PostCombatMain prio=False vikind='choose' real_decision=False pool_cast=True imprint_done=True leg=2
[07:18:11] [6764-a1] playing land mountain (legacy)
[07:18:16] [P16764-a1] playing land island (legacy)
[07:18:21] [6764-a1] playing land mountain (legacy)
[07:18:25] [P16764-a1] playing land island (legacy)
[07:18:30] [6764-a1] playing land mountain (legacy)
[07:18:34] [P16764-a1] playing land island (legacy)
[07:18:39] [6764-a1] DIAG rev=982 turn=65 phase=Draw prio=True vikind='choose' real_decision=False pool_cast=True imprint_done=True leg=2
[07:18:42] [6764-a1] discarding to hand size via vi (select)
[07:18:43] [P16764-a1] playing land island (legacy)
[07:18:48] [6764-a1] playing land mountain (legacy)
[07:18:52] [P16764-a1] playing land island (legacy)
[07:19:00] [6764-a1] discarding to hand size via vi (select)
[07:19:01] [P16764-a1] playing land island (legacy)
[07:19:06] [6764-a1] playing land mountain (legacy)
[07:19:09] [6764-a1] DIAG rev=1082 turn=71 phase=PostCombatMain prio=False vikind='choose' real_decision=False pool_cast=True imprint_done=True leg=2
[07:19:10] [P16764-a1] playing land island (legacy)
[07:19:15] [6764-a1] playing land mountain (legacy)
[07:19:19] [P16764-a1] playing land island (legacy)
[07:19:27] [6764-a1] discarding to hand size via vi (select)
[07:19:28] [P16764-a1] playing land island (legacy)
[07:19:33] [6764-a1] playing land mountain (legacy)
[07:19:37] [P16764-a1] playing land island (legacy)
[07:19:39] [6764-a1] DIAG rev=1184 turn=78 phase=EndCombat prio=False vikind='choose' real_decision=False pool_cast=True imprint_done=True leg=2
[07:19:45] [6764-a1] discarding to hand size via vi (select)
[07:19:46] [P16764-a1] playing land island (legacy)
[07:19:55] [6764-a1] discarding to hand size via vi (select)
[07:19:56] [P16764-a1] playing land island (legacy)
[07:20:04] [6764-a1] discarding to hand size via vi (select)
[07:20:06] [P16764-a1] playing land island (legacy)
[07:20:09] attempt 1 assertions: {"A1_setup_ok": "passed", "A2a_decline_control": "passed", "A2b_accept_may": "passed", "A3_choice_scope": "failed", "A4_free_cast_executes": "not-run", "A5_cleanup": "not-run"}
[07:20:09] DONE verdict=reproduced assertions={"A1_setup_ok": "passed", "A2a_decline_control": "passed", "A2b_accept_may": "passed", "A3_choice_scope": "failed", "A4_free_cast_executes": "not-run", "A5_cleanup": "not-run"}
