2026-09-11T21:03:35.209040Z  INFO phase_server: card database loaded cards=35849
2026-09-11T21:03:35.216000Z  INFO phase_server::persistence: Game database opened at ./runs/20260911-6869/games.db
2026-09-11T21:03:35.617009Z  INFO phase_server: draft pools loaded sets=173
2026-09-11T21:03:35.617314Z  INFO phase_server: admin HTTP endpoints disabled (set PHASE_ADMIN_TOKEN to enable)
2026-09-11T21:03:35.617640Z  INFO phase_server: phase-server listening bind=127.0.0.1 port=9375
2026-09-11T21:03:38.316815Z  INFO phase_server: client connected online_count=1
2026-09-11T21:03:38.338602Z  INFO ws_message: phase_server: ClientHello accepted version=driver-0.1 commit=driver
2026-09-11T21:03:38.339424Z  INFO ws_message: phase_server: CreateGameWithSettings display_name=P0 public=false has_password=false timer=None deck_size=60 ai_seats=1 has_peer_id=false
2026-09-11T21:03:38.371049Z  INFO ws_message: server_core::session: game session created game=UTHA7V player_count=2
2026-09-11T21:03:38.622971Z  INFO ws_message: phase_server: AI game started game=UTHA7V host=P0
2026-09-11T21:03:38.886038Z  INFO ws_message:game_session{game=UTHA7V player=PlayerId(0)}: server_core::session: action applied game=UTHA7V player=PlayerId(0) action_type="MulliganDecision" event_count=1
2026-09-11T21:03:38.895136Z  INFO ws_message:game_session{game=UTHA7V player=PlayerId(0)}: phase_server: game submission processed (lock held) game=UTHA7V kind="action" lock_ms=18 ai_actions=1
2026-09-11T21:03:39.081879Z  INFO ws_message:game_session{game=UTHA7V player=PlayerId(0)}: server_core::session: action applied game=UTHA7V player=PlayerId(0) action_type="PassPriority" event_count=2
2026-09-11T21:03:39.290398Z  INFO ws_message:game_session{game=UTHA7V player=PlayerId(0)}: phase_server: game submission processed (lock held) game=UTHA7V kind="action" lock_ms=209 ai_actions=2
2026-09-11T21:03:39.586684Z  INFO ws_message:game_session{game=UTHA7V player=PlayerId(0)}: server_core::session: action applied game=UTHA7V player=PlayerId(0) action_type="PassPriority" event_count=1
2026-09-11T21:03:39.596852Z  INFO ws_message:game_session{game=UTHA7V player=PlayerId(0)}: phase_server: game submission processed (lock held) game=UTHA7V kind="action" lock_ms=11 ai_actions=1
2026-09-11T21:03:39.792390Z  INFO ws_message:game_session{game=UTHA7V player=PlayerId(0)}: server_core::session: action applied game=UTHA7V player=PlayerId(0) action_type="PassPriority" event_count=3
2026-09-11T21:03:39.802468Z  INFO ws_message:game_session{game=UTHA7V player=PlayerId(0)}: phase_server: game submission processed (lock held) game=UTHA7V kind="action" lock_ms=14 ai_actions=1
2026-09-11T21:03:39.997988Z  INFO ws_message:game_session{game=UTHA7V player=PlayerId(0)}: server_core::session: action applied game=UTHA7V player=PlayerId(0) action_type="PassPriority" event_count=1
2026-09-11T21:03:40.041529Z  INFO ws_message:game_session{game=UTHA7V player=PlayerId(0)}: phase_server: game submission processed (lock held) game=UTHA7V kind="action" lock_ms=47 ai_actions=1
2026-09-11T21:03:40.251875Z  INFO ws_message:game_session{game=UTHA7V player=PlayerId(0)}: server_core::session: action applied game=UTHA7V player=PlayerId(0) action_type="PassPriority" event_count=1
2026-09-11T21:03:40.261505Z  INFO ws_message:game_session{game=UTHA7V player=PlayerId(0)}: phase_server: game submission processed (lock held) game=UTHA7V kind="action" lock_ms=13 ai_actions=1
2026-09-11T21:03:40.454512Z  INFO ws_message:game_session{game=UTHA7V player=PlayerId(0)}: server_core::session: action applied game=UTHA7V player=PlayerId(0) action_type="PassPriority" event_count=4
2026-09-11T21:03:40.455992Z  INFO ws_message:game_session{game=UTHA7V player=PlayerId(0)}: phase_server: game submission processed (lock held) game=UTHA7V kind="action" lock_ms=5 ai_actions=0
2026-09-11T21:03:40.501452Z  INFO ws_message:game_session{game=UTHA7V player=PlayerId(0)}: server_core::session: action applied game=UTHA7V player=PlayerId(0) action_type="PassPriority" event_count=1
2026-09-11T21:03:40.514121Z  INFO ws_message:game_session{game=UTHA7V player=PlayerId(0)}: phase_server: game submission processed (lock held) game=UTHA7V kind="action" lock_ms=13 ai_actions=1
2026-09-11T21:03:40.703726Z  INFO ws_message:game_session{game=UTHA7V player=PlayerId(0)}: server_core::session: action applied game=UTHA7V player=PlayerId(0) action_type="PassPriority" event_count=1
2026-09-11T21:03:40.744841Z  INFO ws_message:game_session{game=UTHA7V player=PlayerId(0)}: phase_server: game submission processed (lock held) game=UTHA7V kind="action" lock_ms=41 ai_actions=1
2026-09-11T21:03:40.959094Z  INFO ws_message:game_session{game=UTHA7V player=PlayerId(0)}: server_core::session: action applied game=UTHA7V player=PlayerId(0) action_type="PlayLand" event_count=2
2026-09-11T21:03:40.964547Z  INFO ws_message:game_session{game=UTHA7V player=PlayerId(0)}: phase_server: game submission processed (lock held) game=UTHA7V kind="action" lock_ms=9 ai_actions=0
2026-09-11T21:03:41.006516Z  INFO ws_message:game_session{game=UTHA7V player=PlayerId(0)}: server_core::session: action applied game=UTHA7V player=PlayerId(0) action_type="PassPriority" event_count=1
2026-09-11T21:03:41.015271Z  INFO ws_message:game_session{game=UTHA7V player=PlayerId(0)}: phase_server: game submission processed (lock held) game=UTHA7V kind="action" lock_ms=9 ai_actions=1
2026-09-11T21:03:41.209380Z  INFO ws_message:game_session{game=UTHA7V player=PlayerId(0)}: server_core::session: action applied game=UTHA7V player=PlayerId(0) action_type="PassPriority" event_count=1
2026-09-11T21:03:41.221776Z  INFO ws_message:game_session{game=UTHA7V player=PlayerId(0)}: phase_server: game submission processed (lock held) game=UTHA7V kind="action" lock_ms=13 ai_actions=1
2026-09-11T21:03:41.413193Z  INFO ws_message:game_session{game=UTHA7V player=PlayerId(0)}: server_core::session: action applied game=UTHA7V player=PlayerId(0) action_type="PassPriority" event_count=1
2026-09-11T21:03:41.427966Z  INFO ws_message:game_session{game=UTHA7V player=PlayerId(0)}: phase_server: game submission processed (lock held) game=UTHA7V kind="action" lock_ms=16 ai_actions=1
2026-09-11T21:03:41.615139Z  INFO ws_message:game_session{game=UTHA7V player=PlayerId(0)}: server_core::session: action applied game=UTHA7V player=PlayerId(0) action_type="PassPriority" event_count=1
2026-09-11T21:03:41.627979Z  INFO ws_message:game_session{game=UTHA7V player=PlayerId(0)}: phase_server: game submission processed (lock held) game=UTHA7V kind="action" lock_ms=14 ai_actions=1
2026-09-11T21:03:41.816981Z  INFO ws_message:game_session{game=UTHA7V player=PlayerId(0)}: server_core::session: action applied game=UTHA7V player=PlayerId(0) action_type="PassPriority" event_count=1
2026-09-11T21:03:41.835445Z  INFO ws_message:game_session{game=UTHA7V player=PlayerId(0)}: phase_server: game submission processed (lock held) game=UTHA7V kind="action" lock_ms=19 ai_actions=2
2026-09-11T21:03:42.174616Z  INFO ws_message:game_session{game=UTHA7V player=PlayerId(0)}: server_core::session: action applied game=UTHA7V player=PlayerId(0) action_type="PassPriority" event_count=4
2026-09-11T21:03:42.183406Z  INFO ws_message:game_session{game=UTHA7V player=PlayerId(0)}: phase_server: game submission processed (lock held) game=UTHA7V kind="action" lock_ms=14 ai_actions=1
2026-09-11T21:03:42.372799Z  INFO ws_message:game_session{game=UTHA7V player=PlayerId(0)}: server_core::session: action applied game=UTHA7V player=PlayerId(0) action_type="PassPriority" event_count=1
2026-09-11T21:03:42.652163Z  INFO ws_message:game_session{game=UTHA7V player=PlayerId(0)}: phase_server: game submission processed (lock held) game=UTHA7V kind="action" lock_ms=280 ai_actions=2
2026-09-11T21:03:42.928708Z  INFO ws_message:game_session{game=UTHA7V player=PlayerId(0)}: server_core::session: action applied game=UTHA7V player=PlayerId(0) action_type="PassPriority" event_count=1
2026-09-11T21:03:42.939755Z  INFO ws_message:game_session{game=UTHA7V player=PlayerId(0)}: phase_server: game submission processed (lock held) game=UTHA7V kind="action" lock_ms=12 ai_actions=1
2026-09-11T21:03:43.133782Z  INFO ws_message:game_session{game=UTHA7V player=PlayerId(0)}: server_core::session: action applied game=UTHA7V player=PlayerId(0) action_type="PassPriority" event_count=3
2026-09-11T21:03:43.143519Z  INFO ws_message:game_session{game=UTHA7V player=PlayerId(0)}: phase_server: game submission processed (lock held) game=UTHA7V kind="action" lock_ms=14 ai_actions=1
2026-09-11T21:03:43.336303Z  INFO ws_message:game_session{game=UTHA7V player=PlayerId(0)}: server_core::session: action applied game=UTHA7V player=PlayerId(0) action_type="PassPriority" event_count=1
2026-09-11T21:03:43.405836Z  INFO ws_message:game_session{game=UTHA7V player=PlayerId(0)}: phase_server: game submission processed (lock held) game=UTHA7V kind="action" lock_ms=73 ai_actions=1
2026-09-11T21:03:43.589158Z  INFO ws_message:game_session{game=UTHA7V player=PlayerId(0)}: server_core::session: action applied game=UTHA7V player=PlayerId(0) action_type="PassPriority" event_count=1
2026-09-11T21:03:43.599247Z  INFO ws_message:game_session{game=UTHA7V player=PlayerId(0)}: phase_server: game submission processed (lock held) game=UTHA7V kind="action" lock_ms=14 ai_actions=1
2026-09-11T21:03:43.793187Z  INFO ws_message:game_session{game=UTHA7V player=PlayerId(0)}: server_core::session: action applied game=UTHA7V player=PlayerId(0) action_type="PassPriority" event_count=4
2026-09-11T21:03:43.794939Z  INFO ws_message:game_session{game=UTHA7V player=PlayerId(0)}: phase_server: game submission processed (lock held) game=UTHA7V kind="action" lock_ms=7 ai_actions=0
2026-09-11T21:03:43.844941Z  INFO ws_message:game_session{game=UTHA7V player=PlayerId(0)}: server_core::session: action applied game=UTHA7V player=PlayerId(0) action_type="PassPriority" event_count=1
2026-09-11T21:03:43.857970Z  INFO ws_message:game_session{game=UTHA7V player=PlayerId(0)}: phase_server: game submission processed (lock held) game=UTHA7V kind="action" lock_ms=14 ai_actions=1
2026-09-11T21:03:44.049214Z  INFO ws_message:game_session{game=UTHA7V player=PlayerId(0)}: server_core::session: action applied game=UTHA7V player=PlayerId(0) action_type="PassPriority" event_count=1
2026-09-11T21:03:44.095318Z  INFO ws_message:game_session{game=UTHA7V player=PlayerId(0)}: phase_server: game submission processed (lock held) game=UTHA7V kind="action" lock_ms=47 ai_actions=1
2026-09-11T21:03:44.355078Z  INFO ws_message:game_session{game=UTHA7V player=PlayerId(0)}: server_core::session: action applied game=UTHA7V player=PlayerId(0) action_type="PlayLand" event_count=2
2026-09-11T21:03:44.363144Z  INFO ws_message:game_session{game=UTHA7V player=PlayerId(0)}: phase_server: game submission processed (lock held) game=UTHA7V kind="action" lock_ms=13 ai_actions=0
2026-09-11T21:03:44.453195Z  INFO ws_message:game_session{game=UTHA7V player=PlayerId(0)}: server_core::session: action applied game=UTHA7V player=PlayerId(0) action_type="PassPriority" event_count=1
2026-09-11T21:03:44.463607Z  INFO ws_message:game_session{game=UTHA7V player=PlayerId(0)}: phase_server: game submission processed (lock held) game=UTHA7V kind="action" lock_ms=12 ai_actions=1
2026-09-11T21:03:44.656215Z  INFO ws_message:game_session{game=UTHA7V player=PlayerId(0)}: server_core::session: action applied game=UTHA7V player=PlayerId(0) action_type="PassPriority" event_count=1
2026-09-11T21:03:44.670090Z  INFO ws_message:game_session{game=UTHA7V player=PlayerId(0)}: phase_server: game submission processed (lock held) game=UTHA7V kind="action" lock_ms=15 ai_actions=1
2026-09-11T21:03:44.857611Z  INFO ws_message:game_session{game=UTHA7V player=PlayerId(0)}: server_core::session: action applied game=UTHA7V player=PlayerId(0) action_type="PassPriority" event_count=1
2026-09-11T21:03:44.894511Z  INFO ws_message:game_session{game=UTHA7V player=PlayerId(0)}: phase_server: game submission processed (lock held) game=UTHA7V kind="action" lock_ms=37 ai_actions=1
2026-09-11T21:03:45.110652Z  INFO ws_message:game_session{game=UTHA7V player=PlayerId(0)}: server_core::session: action applied game=UTHA7V player=PlayerId(0) action_type="PassPriority" event_count=1
2026-09-11T21:03:45.124053Z  INFO ws_message:game_session{game=UTHA7V player=PlayerId(0)}: phase_server: game submission processed (lock held) game=UTHA7V kind="action" lock_ms=15 ai_actions=1
2026-09-11T21:03:45.312697Z  INFO ws_message:game_session{game=UTHA7V player=PlayerId(0)}: server_core::session: action applied game=UTHA7V player=PlayerId(0) action_type="PassPriority" event_count=1
2026-09-11T21:03:45.336030Z  INFO ws_message:game_session{game=UTHA7V player=PlayerId(0)}: phase_server: game submission processed (lock held) game=UTHA7V kind="action" lock_ms=24 ai_actions=2
2026-09-11T21:03:45.670839Z  INFO ws_message:game_session{game=UTHA7V player=PlayerId(0)}: server_core::session: action applied game=UTHA7V player=PlayerId(0) action_type="PassPriority" event_count=4
2026-09-11T21:03:45.679837Z  INFO ws_message:game_session{game=UTHA7V player=PlayerId(0)}: phase_server: game submission processed (lock held) game=UTHA7V kind="action" lock_ms=14 ai_actions=1
2026-09-11T21:03:45.869540Z  INFO ws_message:game_session{game=UTHA7V player=PlayerId(0)}: server_core::session: action applied game=UTHA7V player=PlayerId(0) action_type="PassPriority" event_count=1
2026-09-11T21:03:47.516484Z  INFO ws_message:game_session{game=UTHA7V player=PlayerId(0)}: phase_server: game submission processed (lock held) game=UTHA7V kind="action" lock_ms=1648 ai_actions=2
2026-09-11T21:03:47.830468Z  INFO ws_message:game_session{game=UTHA7V player=PlayerId(0)}: server_core::session: action applied game=UTHA7V player=PlayerId(0) action_type="PassPriority" event_count=1
2026-09-11T21:03:47.841966Z  INFO ws_message:game_session{game=UTHA7V player=PlayerId(0)}: phase_server: game submission processed (lock held) game=UTHA7V kind="action" lock_ms=13 ai_actions=1
2026-09-11T21:03:48.034752Z  INFO ws_message:game_session{game=UTHA7V player=PlayerId(0)}: server_core::session: action applied game=UTHA7V player=PlayerId(0) action_type="PassPriority" event_count=3
2026-09-11T21:03:48.048589Z  INFO ws_message:game_session{game=UTHA7V player=PlayerId(0)}: phase_server: game submission processed (lock held) game=UTHA7V kind="action" lock_ms=18 ai_actions=1
2026-09-11T21:03:48.237423Z  INFO ws_message:game_session{game=UTHA7V player=PlayerId(0)}: server_core::session: action applied game=UTHA7V player=PlayerId(0) action_type="PassPriority" event_count=1
2026-09-11T21:03:48.633083Z  INFO ws_message:game_session{game=UTHA7V player=PlayerId(0)}: phase_server: game submission processed (lock held) game=UTHA7V kind="action" lock_ms=399 ai_actions=1
2026-09-11T21:03:48.846091Z  INFO ws_message:game_session{game=UTHA7V player=PlayerId(0)}: server_core::session: action applied game=UTHA7V player=PlayerId(0) action_type="PassPriority" event_count=1
2026-09-11T21:03:48.857727Z  INFO ws_message:game_session{game=UTHA7V player=PlayerId(0)}: phase_server: game submission processed (lock held) game=UTHA7V kind="action" lock_ms=15 ai_actions=1
2026-09-11T21:03:49.051841Z  INFO ws_message:game_session{game=UTHA7V player=PlayerId(0)}: server_core::session: action applied game=UTHA7V player=PlayerId(0) action_type="PassPriority" event_count=4
2026-09-11T21:03:49.053753Z  INFO ws_message:game_session{game=UTHA7V player=PlayerId(0)}: phase_server: game submission processed (lock held) game=UTHA7V kind="action" lock_ms=7 ai_actions=0
2026-09-11T21:03:49.099029Z  INFO ws_message:game_session{game=UTHA7V player=PlayerId(0)}: server_core::session: action applied game=UTHA7V player=PlayerId(0) action_type="PassPriority" event_count=1
2026-09-11T21:03:49.123617Z  INFO ws_message:game_session{game=UTHA7V player=PlayerId(0)}: phase_server: game submission processed (lock held) game=UTHA7V kind="action" lock_ms=25 ai_actions=1
2026-09-11T21:03:49.307948Z  INFO ws_message:game_session{game=UTHA7V player=PlayerId(0)}: server_core::session: action applied game=UTHA7V player=PlayerId(0) action_type="PassPriority" event_count=1
2026-09-11T21:03:49.351799Z  INFO ws_message:game_session{game=UTHA7V player=PlayerId(0)}: phase_server: game submission processed (lock held) game=UTHA7V kind="action" lock_ms=45 ai_actions=1
2026-09-11T21:03:49.616575Z  INFO ws_message:game_session{game=UTHA7V player=PlayerId(0)}: server_core::session: action applied game=UTHA7V player=PlayerId(0) action_type="PlayLand" event_count=2
2026-09-11T21:03:49.621478Z  INFO ws_message:game_session{game=UTHA7V player=PlayerId(0)}: phase_server: game submission processed (lock held) game=UTHA7V kind="action" lock_ms=10 ai_actions=0
2026-09-11T21:03:49.716405Z  INFO ws_message:game_session{game=UTHA7V player=PlayerId(0)}: server_core::session: action applied game=UTHA7V player=PlayerId(0) action_type="PassPriority" event_count=1
2026-09-11T21:03:49.728596Z  INFO ws_message:game_session{game=UTHA7V player=PlayerId(0)}: phase_server: game submission processed (lock held) game=UTHA7V kind="action" lock_ms=14 ai_actions=1
2026-09-11T21:03:49.919201Z  INFO ws_message:game_session{game=UTHA7V player=PlayerId(0)}: server_core::session: action applied game=UTHA7V player=PlayerId(0) action_type="PassPriority" event_count=1
2026-09-11T21:03:49.935215Z  INFO ws_message:game_session{game=UTHA7V player=PlayerId(0)}: phase_server: game submission processed (lock held) game=UTHA7V kind="action" lock_ms=18 ai_actions=1
2026-09-11T21:03:50.120848Z  INFO ws_message:game_session{game=UTHA7V player=PlayerId(0)}: server_core::session: action applied game=UTHA7V player=PlayerId(0) action_type="PassPriority" event_count=1
2026-09-11T21:03:50.137138Z  INFO ws_message:game_session{game=UTHA7V player=PlayerId(0)}: phase_server: game submission processed (lock held) game=UTHA7V kind="action" lock_ms=17 ai_actions=1
2026-09-11T21:03:50.325299Z  INFO ws_message:game_session{game=UTHA7V player=PlayerId(0)}: server_core::session: action applied game=UTHA7V player=PlayerId(0) action_type="PassPriority" event_count=1
2026-09-11T21:03:50.339665Z  INFO ws_message:game_session{game=UTHA7V player=PlayerId(0)}: phase_server: game submission processed (lock held) game=UTHA7V kind="action" lock_ms=16 ai_actions=1
2026-09-11T21:03:50.527490Z  INFO ws_message:game_session{game=UTHA7V player=PlayerId(0)}: server_core::session: action applied game=UTHA7V player=PlayerId(0) action_type="PassPriority" event_count=1
2026-09-11T21:03:50.550930Z  INFO ws_message:game_session{game=UTHA7V player=PlayerId(0)}: phase_server: game submission processed (lock held) game=UTHA7V kind="action" lock_ms=24 ai_actions=2
2026-09-11T21:03:50.835032Z  INFO ws_message:game_session{game=UTHA7V player=PlayerId(0)}: server_core::session: action applied game=UTHA7V player=PlayerId(0) action_type="PassPriority" event_count=4
2026-09-11T21:03:50.845330Z  INFO ws_message:game_session{game=UTHA7V player=PlayerId(0)}: phase_server: game submission processed (lock held) game=UTHA7V kind="action" lock_ms=15 ai_actions=1
2026-09-11T21:03:51.036185Z  INFO ws_message:game_session{game=UTHA7V player=PlayerId(0)}: server_core::session: action applied game=UTHA7V player=PlayerId(0) action_type="PassPriority" event_count=1
2026-09-11T21:03:53.182996Z  INFO ws_message:game_session{game=UTHA7V player=PlayerId(0)}: phase_server: game submission processed (lock held) game=UTHA7V kind="action" lock_ms=2149 ai_actions=2
2026-09-11T21:03:53.464087Z  INFO ws_message:game_session{game=UTHA7V player=PlayerId(0)}: server_core::session: action applied game=UTHA7V player=PlayerId(0) action_type="PassPriority" event_count=1
2026-09-11T21:03:53.476178Z  INFO ws_message:game_session{game=UTHA7V player=PlayerId(0)}: phase_server: game submission processed (lock held) game=UTHA7V kind="action" lock_ms=14 ai_actions=1
2026-09-11T21:03:53.669670Z  INFO ws_message:game_session{game=UTHA7V player=PlayerId(0)}: server_core::session: action applied game=UTHA7V player=PlayerId(0) action_type="PassPriority" event_count=3
2026-09-11T21:03:53.691217Z  INFO ws_message:game_session{game=UTHA7V player=PlayerId(0)}: phase_server: game submission processed (lock held) game=UTHA7V kind="action" lock_ms=26 ai_actions=1
2026-09-11T21:03:53.871380Z  INFO ws_message:game_session{game=UTHA7V player=PlayerId(0)}: server_core::session: action applied game=UTHA7V player=PlayerId(0) action_type="PassPriority" event_count=1
2026-09-11T21:03:54.304605Z  INFO ws_message:game_session{game=UTHA7V player=PlayerId(0)}: phase_server: game submission processed (lock held) game=UTHA7V kind="action" lock_ms=436 ai_actions=1
2026-09-11T21:03:54.487324Z  INFO ws_message:game_session{game=UTHA7V player=PlayerId(0)}: server_core::session: action applied game=UTHA7V player=PlayerId(0) action_type="PassPriority" event_count=1
2026-09-11T21:03:54.500380Z  INFO ws_message:game_session{game=UTHA7V player=PlayerId(0)}: phase_server: game submission processed (lock held) game=UTHA7V kind="action" lock_ms=16 ai_actions=1
2026-09-11T21:03:54.692436Z  INFO ws_message:game_session{game=UTHA7V player=PlayerId(0)}: server_core::session: action applied game=UTHA7V player=PlayerId(0) action_type="PassPriority" event_count=4
2026-09-11T21:03:54.695261Z  INFO ws_message:game_session{game=UTHA7V player=PlayerId(0)}: phase_server: game submission processed (lock held) game=UTHA7V kind="action" lock_ms=8 ai_actions=0
2026-09-11T21:03:54.740097Z  INFO ws_message:game_session{game=UTHA7V player=PlayerId(0)}: server_core::session: action applied game=UTHA7V player=PlayerId(0) action_type="PassPriority" event_count=1
2026-09-11T21:03:54.755662Z  INFO ws_message:game_session{game=UTHA7V player=PlayerId(0)}: phase_server: game submission processed (lock held) game=UTHA7V kind="action" lock_ms=17 ai_actions=1
2026-09-11T21:03:54.942689Z  INFO ws_message:game_session{game=UTHA7V player=PlayerId(0)}: server_core::session: action applied game=UTHA7V player=PlayerId(0) action_type="PassPriority" event_count=1
2026-09-11T21:03:54.987032Z  INFO ws_message:game_session{game=UTHA7V player=PlayerId(0)}: phase_server: game submission processed (lock held) game=UTHA7V kind="action" lock_ms=46 ai_actions=1
2026-09-11T21:03:55.248978Z  INFO ws_message:game_session{game=UTHA7V player=PlayerId(0)}: server_core::session: action applied game=UTHA7V player=PlayerId(0) action_type="PlayLand" event_count=2
2026-09-11T21:03:55.254433Z  INFO ws_message:game_session{game=UTHA7V player=PlayerId(0)}: phase_server: game submission processed (lock held) game=UTHA7V kind="action" lock_ms=11 ai_actions=0
2026-09-11T21:03:55.349302Z  INFO ws_message:game_session{game=UTHA7V player=PlayerId(0)}: server_core::session: action applied game=UTHA7V player=PlayerId(0) action_type="PassPriority" event_count=1
2026-09-11T21:03:55.363827Z  INFO ws_message:game_session{game=UTHA7V player=PlayerId(0)}: phase_server: game submission processed (lock held) game=UTHA7V kind="action" lock_ms=17 ai_actions=1
2026-09-11T21:03:55.551628Z  INFO ws_message:game_session{game=UTHA7V player=PlayerId(0)}: server_core::session: action applied game=UTHA7V player=PlayerId(0) action_type="PassPriority" event_count=1
2026-09-11T21:03:55.568085Z  INFO ws_message:game_session{game=UTHA7V player=PlayerId(0)}: phase_server: game submission processed (lock held) game=UTHA7V kind="action" lock_ms=18 ai_actions=1
2026-09-11T21:03:55.753605Z  INFO ws_message:game_session{game=UTHA7V player=PlayerId(0)}: server_core::session: action applied game=UTHA7V player=PlayerId(0) action_type="PassPriority" event_count=1
2026-09-11T21:03:55.770057Z  INFO ws_message:game_session{game=UTHA7V player=PlayerId(0)}: phase_server: game submission processed (lock held) game=UTHA7V kind="action" lock_ms=18 ai_actions=1
2026-09-11T21:03:55.957141Z  INFO ws_message:game_session{game=UTHA7V player=PlayerId(0)}: server_core::session: action applied game=UTHA7V player=PlayerId(0) action_type="PassPriority" event_count=1
2026-09-11T21:03:55.973168Z  INFO ws_message:game_session{game=UTHA7V player=PlayerId(0)}: phase_server: game submission processed (lock held) game=UTHA7V kind="action" lock_ms=18 ai_actions=1
2026-09-11T21:03:56.158305Z  INFO ws_message:game_session{game=UTHA7V player=PlayerId(0)}: server_core::session: action applied game=UTHA7V player=PlayerId(0) action_type="PassPriority" event_count=1
2026-09-11T21:03:56.180491Z  INFO ws_message:game_session{game=UTHA7V player=PlayerId(0)}: phase_server: game submission processed (lock held) game=UTHA7V kind="action" lock_ms=23 ai_actions=2
2026-09-11T21:03:56.466575Z  INFO ws_message:game_session{game=UTHA7V player=PlayerId(0)}: server_core::session: action applied game=UTHA7V player=PlayerId(0) action_type="PassPriority" event_count=4
2026-09-11T21:03:56.477496Z  INFO ws_message:game_session{game=UTHA7V player=PlayerId(0)}: phase_server: game submission processed (lock held) game=UTHA7V kind="action" lock_ms=15 ai_actions=1
2026-09-11T21:03:56.665881Z  INFO ws_message:game_session{game=UTHA7V player=PlayerId(0)}: server_core::session: action applied game=UTHA7V player=PlayerId(0) action_type="PassPriority" event_count=1
2026-09-11T21:03:58.673360Z  INFO ws_message:game_session{game=UTHA7V player=PlayerId(0)}: phase_server: game submission processed (lock held) game=UTHA7V kind="action" lock_ms=2009 ai_actions=2
2026-09-11T21:03:58.980500Z  INFO ws_message:game_session{game=UTHA7V player=PlayerId(0)}: server_core::session: action applied game=UTHA7V player=PlayerId(0) action_type="PassPriority" event_count=1
2026-09-11T21:03:58.993887Z  INFO ws_message:game_session{game=UTHA7V player=PlayerId(0)}: phase_server: game submission processed (lock held) game=UTHA7V kind="action" lock_ms=16 ai_actions=1
2026-09-11T21:03:59.186959Z  INFO ws_message:game_session{game=UTHA7V player=PlayerId(0)}: server_core::session: action applied game=UTHA7V player=PlayerId(0) action_type="PassPriority" event_count=3
2026-09-11T21:03:59.200301Z  INFO ws_message:game_session{game=UTHA7V player=PlayerId(0)}: phase_server: game submission processed (lock held) game=UTHA7V kind="action" lock_ms=18 ai_actions=1
2026-09-11T21:03:59.389504Z  INFO ws_message:game_session{game=UTHA7V player=PlayerId(0)}: server_core::session: action applied game=UTHA7V player=PlayerId(0) action_type="PassPriority" event_count=1
2026-09-11T21:03:59.812969Z  INFO ws_message:game_session{game=UTHA7V player=PlayerId(0)}: phase_server: game submission processed (lock held) game=UTHA7V kind="action" lock_ms=427 ai_actions=1
2026-09-11T21:03:59.995595Z  INFO ws_message:game_session{game=UTHA7V player=PlayerId(0)}: server_core::session: action applied game=UTHA7V player=PlayerId(0) action_type="PassPriority" event_count=1
2026-09-11T21:04:00.008529Z  INFO ws_message:game_session{game=UTHA7V player=PlayerId(0)}: phase_server: game submission processed (lock held) game=UTHA7V kind="action" lock_ms=16 ai_actions=1
2026-09-11T21:04:00.198772Z  INFO ws_message:game_session{game=UTHA7V player=PlayerId(0)}: server_core::session: action applied game=UTHA7V player=PlayerId(0) action_type="PassPriority" event_count=4
2026-09-11T21:04:00.201297Z  INFO ws_message:game_session{game=UTHA7V player=PlayerId(0)}: phase_server: game submission processed (lock held) game=UTHA7V kind="action" lock_ms=7 ai_actions=0
2026-09-11T21:04:00.247134Z  INFO ws_message:game_session{game=UTHA7V player=PlayerId(0)}: server_core::session: action applied game=UTHA7V player=PlayerId(0) action_type="PassPriority" event_count=1
2026-09-11T21:04:00.260641Z  INFO ws_message:game_session{game=UTHA7V player=PlayerId(0)}: phase_server: game submission processed (lock held) game=UTHA7V kind="action" lock_ms=15 ai_actions=1
2026-09-11T21:04:00.450460Z  INFO ws_message:game_session{game=UTHA7V player=PlayerId(0)}: server_core::session: action applied game=UTHA7V player=PlayerId(0) action_type="PassPriority" event_count=1
2026-09-11T21:04:00.493490Z  INFO ws_message:game_session{game=UTHA7V player=PlayerId(0)}: phase_server: game submission processed (lock held) game=UTHA7V kind="action" lock_ms=45 ai_actions=1
2026-09-11T21:04:00.756257Z  INFO ws_message:game_session{game=UTHA7V player=PlayerId(0)}: server_core::session: action applied game=UTHA7V player=PlayerId(0) action_type="PlayLand" event_count=2
2026-09-11T21:04:00.763919Z  INFO ws_message:game_session{game=UTHA7V player=PlayerId(0)}: phase_server: game submission processed (lock held) game=UTHA7V kind="action" lock_ms=12 ai_actions=0
2026-09-11T21:04:00.856038Z  INFO ws_message:game_session{game=UTHA7V player=PlayerId(0)}: server_core::session: action applied game=UTHA7V player=PlayerId(0) action_type="PassPriority" event_count=1
2026-09-11T21:04:00.870866Z  INFO ws_message:game_session{game=UTHA7V player=PlayerId(0)}: phase_server: game submission processed (lock held) game=UTHA7V kind="action" lock_ms=17 ai_actions=1
2026-09-11T21:04:01.058567Z  INFO ws_message:game_session{game=UTHA7V player=PlayerId(0)}: server_core::session: action applied game=UTHA7V player=PlayerId(0) action_type="PassPriority" event_count=1
2026-09-11T21:04:01.080129Z  INFO ws_message:game_session{game=UTHA7V player=PlayerId(0)}: phase_server: game submission processed (lock held) game=UTHA7V kind="action" lock_ms=24 ai_actions=1
2026-09-11T21:04:01.260169Z  INFO ws_message:game_session{game=UTHA7V player=PlayerId(0)}: server_core::session: action applied game=UTHA7V player=PlayerId(0) action_type="PassPriority" event_count=1
2026-09-11T21:04:01.279821Z  INFO ws_message:game_session{game=UTHA7V player=PlayerId(0)}: phase_server: game submission processed (lock held) game=UTHA7V kind="action" lock_ms=21 ai_actions=1
2026-09-11T21:04:01.463539Z  INFO ws_message:game_session{game=UTHA7V player=PlayerId(0)}: server_core::session: action applied game=UTHA7V player=PlayerId(0) action_type="PassPriority" event_count=1
2026-09-11T21:04:01.479681Z  INFO ws_message:game_session{game=UTHA7V player=PlayerId(0)}: phase_server: game submission processed (lock held) game=UTHA7V kind="action" lock_ms=18 ai_actions=1
2026-09-11T21:04:01.665123Z  INFO ws_message:game_session{game=UTHA7V player=PlayerId(0)}: server_core::session: action applied game=UTHA7V player=PlayerId(0) action_type="PassPriority" event_count=1
2026-09-11T21:04:01.689266Z  INFO ws_message:game_session{game=UTHA7V player=PlayerId(0)}: phase_server: game submission processed (lock held) game=UTHA7V kind="action" lock_ms=26 ai_actions=2
2026-09-11T21:04:01.974427Z  INFO ws_message:game_session{game=UTHA7V player=PlayerId(0)}: server_core::session: action applied game=UTHA7V player=PlayerId(0) action_type="PassPriority" event_count=4
2026-09-11T21:04:01.988263Z  INFO ws_message:game_session{game=UTHA7V player=PlayerId(0)}: phase_server: game submission processed (lock held) game=UTHA7V kind="action" lock_ms=19 ai_actions=1
2026-09-11T21:04:02.176246Z  INFO ws_message:game_session{game=UTHA7V player=PlayerId(0)}: server_core::session: action applied game=UTHA7V player=PlayerId(0) action_type="PassPriority" event_count=1
2026-09-11T21:04:03.034531Z  INFO ws_message:game_session{game=UTHA7V player=PlayerId(0)}: phase_server: game submission processed (lock held) game=UTHA7V kind="action" lock_ms=860 ai_actions=2
2026-09-11T21:04:03.334674Z  INFO ws_message:game_session{game=UTHA7V player=PlayerId(0)}: server_core::session: action applied game=UTHA7V player=PlayerId(0) action_type="PassPriority" event_count=1
2026-09-11T21:04:03.348950Z  INFO ws_message:game_session{game=UTHA7V player=PlayerId(0)}: phase_server: game submission processed (lock held) game=UTHA7V kind="action" lock_ms=16 ai_actions=1
2026-09-11T21:04:03.540191Z  INFO ws_message:game_session{game=UTHA7V player=PlayerId(0)}: server_core::session: action applied game=UTHA7V player=PlayerId(0) action_type="PassPriority" event_count=3
2026-09-11T21:04:03.554964Z  INFO ws_message:game_session{game=UTHA7V player=PlayerId(0)}: phase_server: game submission processed (lock held) game=UTHA7V kind="action" lock_ms=20 ai_actions=1
2026-09-11T21:04:03.741461Z  INFO ws_message:game_session{game=UTHA7V player=PlayerId(0)}: server_core::session: action applied game=UTHA7V player=PlayerId(0) action_type="PassPriority" event_count=1
2026-09-11T21:04:04.007902Z  INFO ws_message:game_session{game=UTHA7V player=PlayerId(0)}: phase_server: game submission processed (lock held) game=UTHA7V kind="action" lock_ms=270 ai_actions=1
2026-09-11T21:04:04.196213Z  INFO ws_message:game_session{game=UTHA7V player=PlayerId(0)}: server_core::session: action applied game=UTHA7V player=PlayerId(0) action_type="PassPriority" event_count=1
2026-09-11T21:04:04.212664Z  INFO ws_message:game_session{game=UTHA7V player=PlayerId(0)}: phase_server: game submission processed (lock held) game=UTHA7V kind="action" lock_ms=20 ai_actions=1
2026-09-11T21:04:04.399150Z  INFO ws_message:game_session{game=UTHA7V player=PlayerId(0)}: server_core::session: action applied game=UTHA7V player=PlayerId(0) action_type="PassPriority" event_count=4
2026-09-11T21:04:04.401956Z  INFO ws_message:game_session{game=UTHA7V player=PlayerId(0)}: phase_server: game submission processed (lock held) game=UTHA7V kind="action" lock_ms=8 ai_actions=0
2026-09-11T21:04:04.447075Z  INFO ws_message:game_session{game=UTHA7V player=PlayerId(0)}: server_core::session: action applied game=UTHA7V player=PlayerId(0) action_type="PassPriority" event_count=1
2026-09-11T21:04:04.462243Z  INFO ws_message:game_session{game=UTHA7V player=PlayerId(0)}: phase_server: game submission processed (lock held) game=UTHA7V kind="action" lock_ms=17 ai_actions=1
2026-09-11T21:04:04.650631Z  INFO ws_message:game_session{game=UTHA7V player=PlayerId(0)}: server_core::session: action applied game=UTHA7V player=PlayerId(0) action_type="PassPriority" event_count=1
2026-09-11T21:04:04.693151Z  INFO ws_message:game_session{game=UTHA7V player=PlayerId(0)}: phase_server: game submission processed (lock held) game=UTHA7V kind="action" lock_ms=45 ai_actions=1
2026-09-11T21:04:04.957864Z  INFO ws_message:game_session{game=UTHA7V player=PlayerId(0)}: server_core::session: action applied game=UTHA7V player=PlayerId(0) action_type="PlayLand" event_count=2
2026-09-11T21:04:04.965471Z  INFO ws_message:game_session{game=UTHA7V player=PlayerId(0)}: phase_server: game submission processed (lock held) game=UTHA7V kind="action" lock_ms=12 ai_actions=0
2026-09-11T21:04:05.057396Z  INFO ws_message:game_session{game=UTHA7V player=PlayerId(0)}: server_core::session: action applied game=UTHA7V player=PlayerId(0) action_type="PassPriority" event_count=1
2026-09-11T21:04:05.073446Z  INFO ws_message:game_session{game=UTHA7V player=PlayerId(0)}: phase_server: game submission processed (lock held) game=UTHA7V kind="action" lock_ms=18 ai_actions=1
2026-09-11T21:04:05.262780Z  INFO ws_message:game_session{game=UTHA7V player=PlayerId(0)}: server_core::session: action applied game=UTHA7V player=PlayerId(0) action_type="PassPriority" event_count=1
2026-09-11T21:04:05.281015Z  INFO ws_message:game_session{game=UTHA7V player=PlayerId(0)}: phase_server: game submission processed (lock held) game=UTHA7V kind="action" lock_ms=20 ai_actions=1
2026-09-11T21:04:05.464852Z  INFO ws_message:game_session{game=UTHA7V player=PlayerId(0)}: server_core::session: action applied game=UTHA7V player=PlayerId(0) action_type="PassPriority" event_count=1
2026-09-11T21:04:05.484905Z  INFO ws_message:game_session{game=UTHA7V player=PlayerId(0)}: phase_server: game submission processed (lock held) game=UTHA7V kind="action" lock_ms=22 ai_actions=1
2026-09-11T21:04:05.668464Z  INFO ws_message:game_session{game=UTHA7V player=PlayerId(0)}: server_core::session: action applied game=UTHA7V player=PlayerId(0) action_type="PassPriority" event_count=1
2026-09-11T21:04:05.686301Z  INFO ws_message:game_session{game=UTHA7V player=PlayerId(0)}: phase_server: game submission processed (lock held) game=UTHA7V kind="action" lock_ms=21 ai_actions=1
2026-09-11T21:04:05.870763Z  INFO ws_message:game_session{game=UTHA7V player=PlayerId(0)}: server_core::session: action applied game=UTHA7V player=PlayerId(0) action_type="PassPriority" event_count=1
2026-09-11T21:04:05.897359Z  INFO ws_message:game_session{game=UTHA7V player=PlayerId(0)}: phase_server: game submission processed (lock held) game=UTHA7V kind="action" lock_ms=29 ai_actions=2
2026-09-11T21:04:06.177193Z  INFO ws_message:game_session{game=UTHA7V player=PlayerId(0)}: server_core::session: action applied game=UTHA7V player=PlayerId(0) action_type="PassPriority" event_count=4
2026-09-11T21:04:06.189185Z  INFO ws_message:game_session{game=UTHA7V player=PlayerId(0)}: phase_server: game submission processed (lock held) game=UTHA7V kind="action" lock_ms=17 ai_actions=1
2026-09-11T21:04:06.376790Z  INFO ws_message:game_session{game=UTHA7V player=PlayerId(0)}: server_core::session: action applied game=UTHA7V player=PlayerId(0) action_type="PassPriority" event_count=1
2026-09-11T21:04:07.278954Z  INFO ws_message:game_session{game=UTHA7V player=PlayerId(0)}: phase_server: game submission processed (lock held) game=UTHA7V kind="action" lock_ms=904 ai_actions=2
2026-09-11T21:04:07.606234Z  INFO ws_message:game_session{game=UTHA7V player=PlayerId(0)}: server_core::session: action applied game=UTHA7V player=PlayerId(0) action_type="PassPriority" event_count=1
2026-09-11T21:04:07.622758Z  INFO ws_message:game_session{game=UTHA7V player=PlayerId(0)}: phase_server: game submission processed (lock held) game=UTHA7V kind="action" lock_ms=19 ai_actions=1
2026-09-11T21:04:07.810153Z  INFO ws_message:game_session{game=UTHA7V player=PlayerId(0)}: server_core::session: action applied game=UTHA7V player=PlayerId(0) action_type="PassPriority" event_count=3
2026-09-11T21:04:07.827084Z  INFO ws_message:game_session{game=UTHA7V player=PlayerId(0)}: phase_server: game submission processed (lock held) game=UTHA7V kind="action" lock_ms=21 ai_actions=1
2026-09-11T21:04:08.011737Z  INFO ws_message:game_session{game=UTHA7V player=PlayerId(0)}: server_core::session: action applied game=UTHA7V player=PlayerId(0) action_type="PassPriority" event_count=1
2026-09-11T21:04:08.272890Z  INFO ws_message:game_session{game=UTHA7V player=PlayerId(0)}: phase_server: game submission processed (lock held) game=UTHA7V kind="action" lock_ms=264 ai_actions=1
2026-09-11T21:04:08.465896Z  INFO ws_message:game_session{game=UTHA7V player=PlayerId(0)}: server_core::session: action applied game=UTHA7V player=PlayerId(0) action_type="PassPriority" event_count=1
2026-09-11T21:04:08.482432Z  INFO ws_message:game_session{game=UTHA7V player=PlayerId(0)}: phase_server: game submission processed (lock held) game=UTHA7V kind="action" lock_ms=20 ai_actions=1
2026-09-11T21:04:08.670689Z  INFO ws_message:game_session{game=UTHA7V player=PlayerId(0)}: server_core::session: action applied game=UTHA7V player=PlayerId(0) action_type="PassPriority" event_count=4
2026-09-11T21:04:08.673762Z  INFO ws_message:game_session{game=UTHA7V player=PlayerId(0)}: phase_server: game submission processed (lock held) game=UTHA7V kind="action" lock_ms=8 ai_actions=0
2026-09-11T21:04:08.719997Z  INFO ws_message:game_session{game=UTHA7V player=PlayerId(0)}: server_core::session: action applied game=UTHA7V player=PlayerId(0) action_type="PassPriority" event_count=1
2026-09-11T21:04:08.735933Z  INFO ws_message:game_session{game=UTHA7V player=PlayerId(0)}: phase_server: game submission processed (lock held) game=UTHA7V kind="action" lock_ms=18 ai_actions=1
2026-09-11T21:04:08.927942Z  INFO ws_message:game_session{game=UTHA7V player=PlayerId(0)}: server_core::session: action applied game=UTHA7V player=PlayerId(0) action_type="PassPriority" event_count=1
2026-09-11T21:04:08.977633Z  INFO ws_message:game_session{game=UTHA7V player=PlayerId(0)}: phase_server: game submission processed (lock held) game=UTHA7V kind="action" lock_ms=56 ai_actions=1
2026-09-11T21:04:09.317926Z  INFO ws_message:game_session{game=UTHA7V player=PlayerId(0)}: server_core::session: action applied game=UTHA7V player=PlayerId(0) action_type="CastSpell" event_count=18
2026-09-11T21:04:09.319474Z  INFO ws_message:game_session{game=UTHA7V player=PlayerId(0)}: phase_server: game submission processed (lock held) game=UTHA7V kind="action" lock_ms=8 ai_actions=0
2026-09-11T21:04:09.367753Z  INFO ws_message:game_session{game=UTHA7V player=PlayerId(0)}: server_core::session: action applied game=UTHA7V player=PlayerId(0) action_type="PassPriority" event_count=1
2026-09-11T21:04:09.428524Z  INFO ws_message:game_session{game=UTHA7V player=PlayerId(0)}: phase_server: game submission processed (lock held) game=UTHA7V kind="action" lock_ms=65 ai_actions=1
2026-09-11T21:04:09.761812Z  INFO ws_message:game_session{game=UTHA7V player=PlayerId(0)}: server_core::session: action applied game=UTHA7V player=PlayerId(0) action_type="PlayLand" event_count=2
2026-09-11T21:04:09.769999Z  INFO ws_message:game_session{game=UTHA7V player=PlayerId(0)}: phase_server: game submission processed (lock held) game=UTHA7V kind="action" lock_ms=13 ai_actions=0
2026-09-11T21:04:09.860789Z  INFO ws_message:game_session{game=UTHA7V player=PlayerId(0)}: server_core::session: action applied game=UTHA7V player=PlayerId(0) action_type="PassPriority" event_count=1
2026-09-11T21:04:09.880778Z  INFO ws_message:game_session{game=UTHA7V player=PlayerId(0)}: phase_server: game submission processed (lock held) game=UTHA7V kind="action" lock_ms=22 ai_actions=1
2026-09-11T21:04:10.064248Z  INFO ws_message:game_session{game=UTHA7V player=PlayerId(0)}: server_core::session: action applied game=UTHA7V player=PlayerId(0) action_type="PassPriority" event_count=1
2026-09-11T21:04:10.087574Z  INFO ws_message:game_session{game=UTHA7V player=PlayerId(0)}: phase_server: game submission processed (lock held) game=UTHA7V kind="action" lock_ms=26 ai_actions=1
2026-09-11T21:04:10.266849Z  INFO ws_message:game_session{game=UTHA7V player=PlayerId(0)}: server_core::session: action applied game=UTHA7V player=PlayerId(0) action_type="PassPriority" event_count=1
2026-09-11T21:04:10.291680Z  INFO ws_message:game_session{game=UTHA7V player=PlayerId(0)}: phase_server: game submission processed (lock held) game=UTHA7V kind="action" lock_ms=27 ai_actions=1
2026-09-11T21:04:10.487964Z  INFO ws_message:game_session{game=UTHA7V player=PlayerId(0)}: server_core::session: action applied game=UTHA7V player=PlayerId(0) action_type="PassPriority" event_count=1
2026-09-11T21:04:10.511179Z  INFO ws_message:game_session{game=UTHA7V player=PlayerId(0)}: phase_server: game submission processed (lock held) game=UTHA7V kind="action" lock_ms=26 ai_actions=1
2026-09-11T21:04:10.690241Z  INFO ws_message:game_session{game=UTHA7V player=PlayerId(0)}: server_core::session: action applied game=UTHA7V player=PlayerId(0) action_type="PassPriority" event_count=1
2026-09-11T21:04:10.866201Z  INFO ws_message:game_session{game=UTHA7V player=PlayerId(0)}: phase_server: game submission processed (lock held) game=UTHA7V kind="action" lock_ms=179 ai_actions=1
2026-09-11T21:04:29.786778Z  INFO phase_server: client disconnected game=Some("UTHA7V") player=Some(PlayerId(0))
2026-09-11T21:04:29.786843Z  INFO server_core::session: player disconnected game=UTHA7V player=PlayerId(0)
