# server.log excerpt for #6987 run 20261008-6987: game 9RKWCO (v0.103.0/ec27a8d, protocol 106). Source: shared server log /home/hatch/workspace/dev/phase-backfill/runs/20261008-6987/server.log; excerpt covers this game's session.
2026-10-08T11:16:13.534344Z  INFO ws_message: server_core::session: game session created game=9RKWCO player_count=2
2026-10-08T11:16:13.557337Z  INFO ws_message: phase_server: game created via lobby game=9RKWCO host=P06987r players=2
2026-10-08T11:16:13.634036Z  INFO ws_message: phase_server: JoinGameWithPassword game=9RKWCO joiner=P16987r
2026-10-08T11:16:13.634826Z  INFO ws_message: server_core::session: player joined session game=9RKWCO player=PlayerId(1) seat=1
2026-10-08T11:16:13.669519Z  INFO ws_message: phase_server: player joined game=9RKWCO player=PlayerId(1)
2026-10-08T11:16:14.100324Z  WARN phase_server: Full snapshot was no longer current game=9RKWCO disposition=SupersededOrRetired
2026-10-08T11:16:14.477196Z  INFO ws_message:game_session{game=9RKWCO player=PlayerId(0)}: server_core::session: action applied game=9RKWCO player=PlayerId(0) action_type="MulliganDecision" event_count=0
2026-10-08T11:16:14.541032Z  INFO ws_message:game_session{game=9RKWCO player=PlayerId(0)}: phase_server: game submission processed (lock held) game=9RKWCO kind="action" lock_ms=64 ai_actions=0
2026-10-08T11:16:14.941330Z  INFO ws_message:game_session{game=9RKWCO player=PlayerId(1)}: server_core::session: action applied game=9RKWCO player=PlayerId(1) action_type="MulliganDecision" event_count=1
2026-10-08T11:16:14.952837Z  INFO ws_message:game_session{game=9RKWCO player=PlayerId(1)}: phase_server: game submission processed (lock held) game=9RKWCO kind="action" lock_ms=48 ai_actions=0
2026-10-08T11:16:15.255646Z  INFO ws_message:game_session{game=9RKWCO player=PlayerId(0)}: server_core::session: action applied game=9RKWCO player=PlayerId(0) action_type="PassPriority" event_count=1
2026-10-08T11:16:15.264282Z  INFO ws_message:game_session{game=9RKWCO player=PlayerId(0)}: phase_server: game submission processed (lock held) game=9RKWCO kind="action" lock_ms=9 ai_actions=0
2026-10-08T11:16:15.511003Z  INFO ws_message:game_session{game=9RKWCO player=PlayerId(1)}: server_core::session: action applied game=9RKWCO player=PlayerId(1) action_type="PassPriority" event_count=2
2026-10-08T11:16:15.607630Z  INFO ws_message:game_session{game=9RKWCO player=PlayerId(1)}: phase_server: game submission processed (lock held) game=9RKWCO kind="action" lock_ms=97 ai_actions=0
2026-10-08T11:16:16.022920Z  INFO ws_message:game_session{game=9RKWCO player=PlayerId(0)}: server_core::session: action applied game=9RKWCO player=PlayerId(0) action_type="PlayLand" event_count=2
2026-10-08T11:16:16.042795Z  INFO ws_message:game_session{game=9RKWCO player=PlayerId(0)}: phase_server: game submission processed (lock held) game=9RKWCO kind="action" lock_ms=28 ai_actions=0
2026-10-08T11:16:16.519322Z  INFO ws_message:game_session{game=9RKWCO player=PlayerId(0)}: server_core::session: action applied game=9RKWCO player=PlayerId(0) action_type="PassPriority" event_count=1
2026-10-08T11:16:16.522314Z  INFO ws_message:game_session{game=9RKWCO player=PlayerId(0)}: phase_server: game submission processed (lock held) game=9RKWCO kind="action" lock_ms=4 ai_actions=0
2026-10-08T11:16:16.799802Z  INFO ws_message:game_session{game=9RKWCO player=PlayerId(1)}: server_core::session: action applied game=9RKWCO player=PlayerId(1) action_type="PassPriority" event_count=1
2026-10-08T11:16:16.848351Z  INFO ws_message:game_session{game=9RKWCO player=PlayerId(1)}: phase_server: game submission processed (lock held) game=9RKWCO kind="action" lock_ms=49 ai_actions=0
2026-10-08T11:16:17.311599Z  INFO ws_message:game_session{game=9RKWCO player=PlayerId(0)}: server_core::session: action applied game=9RKWCO player=PlayerId(0) action_type="PassPriority" event_count=1
2026-10-08T11:16:17.340960Z  INFO ws_message:game_session{game=9RKWCO player=PlayerId(0)}: phase_server: game submission processed (lock held) game=9RKWCO kind="action" lock_ms=30 ai_actions=0
2026-10-08T11:16:17.846127Z  INFO ws_message:game_session{game=9RKWCO player=PlayerId(1)}: server_core::session: action applied game=9RKWCO player=PlayerId(1) action_type="PassPriority" event_count=3
2026-10-08T11:16:17.870431Z  INFO ws_message:game_session{game=9RKWCO player=PlayerId(1)}: phase_server: game submission processed (lock held) game=9RKWCO kind="action" lock_ms=58 ai_actions=0
2026-10-08T11:16:18.316046Z  INFO ws_message:game_session{game=9RKWCO player=PlayerId(0)}: server_core::session: action applied game=9RKWCO player=PlayerId(0) action_type="PassPriority" event_count=1
2026-10-08T11:16:18.320364Z  INFO ws_message:game_session{game=9RKWCO player=PlayerId(0)}: phase_server: game submission processed (lock held) game=9RKWCO kind="action" lock_ms=5 ai_actions=0
2026-10-08T11:16:18.603959Z  INFO ws_message:game_session{game=9RKWCO player=PlayerId(1)}: server_core::session: action applied game=9RKWCO player=PlayerId(1) action_type="PassPriority" event_count=1
2026-10-08T11:16:18.639317Z  INFO ws_message:game_session{game=9RKWCO player=PlayerId(1)}: phase_server: game submission processed (lock held) game=9RKWCO kind="action" lock_ms=70 ai_actions=0
2026-10-08T11:16:18.825919Z  INFO ws_message:game_session{game=9RKWCO player=PlayerId(0)}: server_core::session: action applied game=9RKWCO player=PlayerId(0) action_type="PassPriority" event_count=1
2026-10-08T11:16:18.827821Z  INFO ws_message:game_session{game=9RKWCO player=PlayerId(0)}: phase_server: game submission processed (lock held) game=9RKWCO kind="action" lock_ms=2 ai_actions=0
2026-10-08T11:16:19.100491Z  INFO ws_message:game_session{game=9RKWCO player=PlayerId(1)}: server_core::session: action applied game=9RKWCO player=PlayerId(1) action_type="PassPriority" event_count=1
2026-10-08T11:16:19.115248Z  INFO ws_message:game_session{game=9RKWCO player=PlayerId(1)}: phase_server: game submission processed (lock held) game=9RKWCO kind="action" lock_ms=39 ai_actions=0
2026-10-08T11:16:19.338579Z  INFO ws_message:game_session{game=9RKWCO player=PlayerId(0)}: server_core::session: action applied game=9RKWCO player=PlayerId(0) action_type="PassPriority" event_count=1
2026-10-08T11:16:19.344334Z  INFO ws_message:game_session{game=9RKWCO player=PlayerId(0)}: phase_server: game submission processed (lock held) game=9RKWCO kind="action" lock_ms=14 ai_actions=0
2026-10-08T11:16:19.888270Z  INFO ws_message:game_session{game=9RKWCO player=PlayerId(1)}: server_core::session: action applied game=9RKWCO player=PlayerId(1) action_type="PassPriority" event_count=4
2026-10-08T11:16:19.890512Z  INFO ws_message:game_session{game=9RKWCO player=PlayerId(1)}: phase_server: game submission processed (lock held) game=9RKWCO kind="action" lock_ms=52 ai_actions=0
2026-10-08T11:16:20.624052Z  INFO ws_message:game_session{game=9RKWCO player=PlayerId(1)}: server_core::session: action applied game=9RKWCO player=PlayerId(1) action_type="PassPriority" event_count=1
2026-10-08T11:16:20.654623Z  INFO ws_message:game_session{game=9RKWCO player=PlayerId(1)}: phase_server: game submission processed (lock held) game=9RKWCO kind="action" lock_ms=31 ai_actions=0
2026-10-08T11:16:21.139028Z  INFO ws_message:game_session{game=9RKWCO player=PlayerId(0)}: server_core::session: action applied game=9RKWCO player=PlayerId(0) action_type="PassPriority" event_count=4
2026-10-08T11:16:21.146275Z  INFO ws_message:game_session{game=9RKWCO player=PlayerId(0)}: phase_server: game submission processed (lock held) game=9RKWCO kind="action" lock_ms=19 ai_actions=0
2026-10-08T11:16:21.382840Z  INFO ws_message:game_session{game=9RKWCO player=PlayerId(1)}: server_core::session: action applied game=9RKWCO player=PlayerId(1) action_type="PassPriority" event_count=1
2026-10-08T11:16:21.411016Z  INFO ws_message:game_session{game=9RKWCO player=PlayerId(1)}: phase_server: game submission processed (lock held) game=9RKWCO kind="action" lock_ms=29 ai_actions=0
2026-10-08T11:16:21.636842Z  INFO ws_message:game_session{game=9RKWCO player=PlayerId(0)}: server_core::session: action applied game=9RKWCO player=PlayerId(0) action_type="PassPriority" event_count=1
2026-10-08T11:16:21.880049Z  INFO ws_message:game_session{game=9RKWCO player=PlayerId(0)}: phase_server: game submission processed (lock held) game=9RKWCO kind="action" lock_ms=245 ai_actions=0
2026-10-08T11:16:22.401912Z  INFO ws_message:game_session{game=9RKWCO player=PlayerId(1)}: server_core::session: action applied game=9RKWCO player=PlayerId(1) action_type="PlayLand" event_count=2
2026-10-08T11:16:22.406241Z  INFO ws_message:game_session{game=9RKWCO player=PlayerId(1)}: phase_server: game submission processed (lock held) game=9RKWCO kind="action" lock_ms=13 ai_actions=0
2026-10-08T11:16:22.662080Z  INFO ws_message:game_session{game=9RKWCO player=PlayerId(1)}: server_core::session: action applied game=9RKWCO player=PlayerId(1) action_type="PassPriority" event_count=1
2026-10-08T11:16:22.670431Z  INFO ws_message:game_session{game=9RKWCO player=PlayerId(1)}: phase_server: game submission processed (lock held) game=9RKWCO kind="action" lock_ms=19 ai_actions=0
2026-10-08T11:16:23.167867Z  INFO ws_message:game_session{game=9RKWCO player=PlayerId(0)}: server_core::session: action applied game=9RKWCO player=PlayerId(0) action_type="PassPriority" event_count=1
2026-10-08T11:16:23.173251Z  INFO ws_message:game_session{game=9RKWCO player=PlayerId(0)}: phase_server: game submission processed (lock held) game=9RKWCO kind="action" lock_ms=6 ai_actions=0
2026-10-08T11:16:23.437329Z  INFO ws_message:game_session{game=9RKWCO player=PlayerId(1)}: server_core::session: action applied game=9RKWCO player=PlayerId(1) action_type="PassPriority" event_count=1
2026-10-08T11:16:23.459982Z  INFO ws_message:game_session{game=9RKWCO player=PlayerId(1)}: phase_server: game submission processed (lock held) game=9RKWCO kind="action" lock_ms=39 ai_actions=0
2026-10-08T11:16:23.702663Z  INFO ws_message:game_session{game=9RKWCO player=PlayerId(0)}: server_core::session: action applied game=9RKWCO player=PlayerId(0) action_type="PassPriority" event_count=3
2026-10-08T11:16:23.719923Z  INFO ws_message:game_session{game=9RKWCO player=PlayerId(0)}: phase_server: game submission processed (lock held) game=9RKWCO kind="action" lock_ms=45 ai_actions=0
2026-10-08T11:16:24.194044Z  INFO ws_message:game_session{game=9RKWCO player=PlayerId(1)}: server_core::session: action applied game=9RKWCO player=PlayerId(1) action_type="PassPriority" event_count=1
2026-10-08T11:16:24.208417Z  INFO ws_message:game_session{game=9RKWCO player=PlayerId(1)}: phase_server: game submission processed (lock held) game=9RKWCO kind="action" lock_ms=25 ai_actions=0
2026-10-08T11:16:24.454151Z  INFO ws_message:game_session{game=9RKWCO player=PlayerId(0)}: server_core::session: action applied game=9RKWCO player=PlayerId(0) action_type="PassPriority" event_count=1
2026-10-08T11:16:24.462227Z  INFO ws_message:game_session{game=9RKWCO player=PlayerId(0)}: phase_server: game submission processed (lock held) game=9RKWCO kind="action" lock_ms=24 ai_actions=0
2026-10-08T11:16:24.705654Z  INFO ws_message:game_session{game=9RKWCO player=PlayerId(1)}: server_core::session: action applied game=9RKWCO player=PlayerId(1) action_type="PassPriority" event_count=1
2026-10-08T11:16:24.735892Z  INFO ws_message:game_session{game=9RKWCO player=PlayerId(1)}: phase_server: game submission processed (lock held) game=9RKWCO kind="action" lock_ms=42 ai_actions=0
2026-10-08T11:16:25.008833Z  INFO ws_message:game_session{game=9RKWCO player=PlayerId(0)}: server_core::session: action applied game=9RKWCO player=PlayerId(0) action_type="PassPriority" event_count=1
2026-10-08T11:16:25.032784Z  INFO ws_message:game_session{game=9RKWCO player=PlayerId(0)}: phase_server: game submission processed (lock held) game=9RKWCO kind="action" lock_ms=73 ai_actions=0
2026-10-08T11:16:25.477197Z  INFO ws_message:game_session{game=9RKWCO player=PlayerId(1)}: server_core::session: action applied game=9RKWCO player=PlayerId(1) action_type="PassPriority" event_count=1
2026-10-08T11:16:25.504147Z  INFO ws_message:game_session{game=9RKWCO player=PlayerId(1)}: phase_server: game submission processed (lock held) game=9RKWCO kind="action" lock_ms=29 ai_actions=0
2026-10-08T11:16:25.736064Z  INFO ws_message:game_session{game=9RKWCO player=PlayerId(0)}: server_core::session: action applied game=9RKWCO player=PlayerId(0) action_type="PassPriority" event_count=4
2026-10-08T11:16:25.738857Z  INFO ws_message:game_session{game=9RKWCO player=PlayerId(0)}: phase_server: game submission processed (lock held) game=9RKWCO kind="action" lock_ms=14 ai_actions=0
2026-10-08T11:16:25.984699Z  INFO ws_message:game_session{game=9RKWCO player=PlayerId(0)}: server_core::session: action applied game=9RKWCO player=PlayerId(0) action_type="PassPriority" event_count=1
2026-10-08T11:16:25.991384Z  INFO ws_message:game_session{game=9RKWCO player=PlayerId(0)}: phase_server: game submission processed (lock held) game=9RKWCO kind="action" lock_ms=12 ai_actions=0
2026-10-08T11:16:26.288550Z  INFO ws_message:game_session{game=9RKWCO player=PlayerId(1)}: server_core::session: action applied game=9RKWCO player=PlayerId(1) action_type="PassPriority" event_count=4
2026-10-08T11:16:26.302175Z  INFO ws_message:game_session{game=9RKWCO player=PlayerId(1)}: phase_server: game submission processed (lock held) game=9RKWCO kind="action" lock_ms=65 ai_actions=0
2026-10-08T11:16:26.742312Z  INFO ws_message:game_session{game=9RKWCO player=PlayerId(0)}: server_core::session: action applied game=9RKWCO player=PlayerId(0) action_type="PassPriority" event_count=1
2026-10-08T11:16:26.745412Z  INFO ws_message:game_session{game=9RKWCO player=PlayerId(0)}: phase_server: game submission processed (lock held) game=9RKWCO kind="action" lock_ms=5 ai_actions=0
2026-10-08T11:16:26.993442Z  INFO ws_message:game_session{game=9RKWCO player=PlayerId(1)}: server_core::session: action applied game=9RKWCO player=PlayerId(1) action_type="PassPriority" event_count=1
2026-10-08T11:16:27.027934Z  INFO ws_message:game_session{game=9RKWCO player=PlayerId(1)}: phase_server: game submission processed (lock held) game=9RKWCO kind="action" lock_ms=36 ai_actions=0
2026-10-08T11:16:27.286527Z  INFO ws_message:game_session{game=9RKWCO player=PlayerId(0)}: server_core::session: action applied game=9RKWCO player=PlayerId(0) action_type="PlayLand" event_count=2
2026-10-08T11:16:27.345320Z  INFO ws_message:game_session{game=9RKWCO player=PlayerId(0)}: phase_server: game submission processed (lock held) game=9RKWCO kind="action" lock_ms=100 ai_actions=0
2026-10-08T11:16:27.765035Z  INFO ws_message:game_session{game=9RKWCO player=PlayerId(0)}: server_core::session: action applied game=9RKWCO player=PlayerId(0) action_type="PassPriority" event_count=1
2026-10-08T11:16:27.777594Z  INFO ws_message:game_session{game=9RKWCO player=PlayerId(0)}: phase_server: game submission processed (lock held) game=9RKWCO kind="action" lock_ms=25 ai_actions=0
2026-10-08T11:16:28.267675Z  INFO ws_message:game_session{game=9RKWCO player=PlayerId(1)}: server_core::session: action applied game=9RKWCO player=PlayerId(1) action_type="PassPriority" event_count=1
2026-10-08T11:16:28.301449Z  INFO ws_message:game_session{game=9RKWCO player=PlayerId(1)}: phase_server: game submission processed (lock held) game=9RKWCO kind="action" lock_ms=37 ai_actions=0
2026-10-08T11:16:28.518580Z  INFO ws_message:game_session{game=9RKWCO player=PlayerId(0)}: server_core::session: action applied game=9RKWCO player=PlayerId(0) action_type="PassPriority" event_count=1
2026-10-08T11:16:28.521739Z  INFO ws_message:game_session{game=9RKWCO player=PlayerId(0)}: phase_server: game submission processed (lock held) game=9RKWCO kind="action" lock_ms=6 ai_actions=0
2026-10-08T11:16:28.777773Z  INFO ws_message:game_session{game=9RKWCO player=PlayerId(1)}: server_core::session: action applied game=9RKWCO player=PlayerId(1) action_type="PassPriority" event_count=3
2026-10-08T11:16:28.785606Z  INFO ws_message:game_session{game=9RKWCO player=PlayerId(1)}: phase_server: game submission processed (lock held) game=9RKWCO kind="action" lock_ms=19 ai_actions=0
2026-10-08T11:16:29.030705Z  INFO ws_message:game_session{game=9RKWCO player=PlayerId(0)}: server_core::session: action applied game=9RKWCO player=PlayerId(0) action_type="PassPriority" event_count=1
2026-10-08T11:16:29.046246Z  INFO ws_message:game_session{game=9RKWCO player=PlayerId(0)}: phase_server: game submission processed (lock held) game=9RKWCO kind="action" lock_ms=24 ai_actions=0
2026-10-08T11:16:29.285096Z  INFO ws_message:game_session{game=9RKWCO player=PlayerId(1)}: server_core::session: action applied game=9RKWCO player=PlayerId(1) action_type="PassPriority" event_count=1
2026-10-08T11:16:29.298342Z  INFO ws_message:game_session{game=9RKWCO player=PlayerId(1)}: phase_server: game submission processed (lock held) game=9RKWCO kind="action" lock_ms=21 ai_actions=0
2026-10-08T11:16:29.542764Z  INFO ws_message:game_session{game=9RKWCO player=PlayerId(0)}: server_core::session: action applied game=9RKWCO player=PlayerId(0) action_type="PassPriority" event_count=1
2026-10-08T11:16:29.549094Z  INFO ws_message:game_session{game=9RKWCO player=PlayerId(0)}: phase_server: game submission processed (lock held) game=9RKWCO kind="action" lock_ms=17 ai_actions=0
2026-10-08T11:16:31.160075Z  INFO ws_message:game_session{game=9RKWCO player=PlayerId(1)}: server_core::session: action applied game=9RKWCO player=PlayerId(1) action_type="PassPriority" event_count=1
2026-10-08T11:16:31.169652Z  INFO ws_message:game_session{game=9RKWCO player=PlayerId(1)}: phase_server: game submission processed (lock held) game=9RKWCO kind="action" lock_ms=19 ai_actions=0
2026-10-08T11:16:31.407850Z  INFO ws_message:game_session{game=9RKWCO player=PlayerId(0)}: server_core::session: action applied game=9RKWCO player=PlayerId(0) action_type="PassPriority" event_count=1
2026-10-08T11:16:31.410827Z  INFO ws_message:game_session{game=9RKWCO player=PlayerId(0)}: phase_server: game submission processed (lock held) game=9RKWCO kind="action" lock_ms=6 ai_actions=0
2026-10-08T11:16:31.678889Z  INFO ws_message:game_session{game=9RKWCO player=PlayerId(1)}: server_core::session: action applied game=9RKWCO player=PlayerId(1) action_type="PassPriority" event_count=4
2026-10-08T11:16:31.684244Z  INFO ws_message:game_session{game=9RKWCO player=PlayerId(1)}: phase_server: game submission processed (lock held) game=9RKWCO kind="action" lock_ms=26 ai_actions=0
2026-10-08T11:16:31.916362Z  INFO ws_message:game_session{game=9RKWCO player=PlayerId(1)}: server_core::session: action applied game=9RKWCO player=PlayerId(1) action_type="PassPriority" event_count=1
2026-10-08T11:16:31.934172Z  INFO ws_message:game_session{game=9RKWCO player=PlayerId(1)}: phase_server: game submission processed (lock held) game=9RKWCO kind="action" lock_ms=21 ai_actions=0
2026-10-08T11:16:32.176604Z  INFO ws_message:game_session{game=9RKWCO player=PlayerId(0)}: server_core::session: action applied game=9RKWCO player=PlayerId(0) action_type="PassPriority" event_count=4
2026-10-08T11:16:32.179233Z  INFO ws_message:game_session{game=9RKWCO player=PlayerId(0)}: phase_server: game submission processed (lock held) game=9RKWCO kind="action" lock_ms=13 ai_actions=0
2026-10-08T11:16:32.422247Z  INFO ws_message:game_session{game=9RKWCO player=PlayerId(1)}: server_core::session: action applied game=9RKWCO player=PlayerId(1) action_type="PassPriority" event_count=1
2026-10-08T11:16:32.433323Z  INFO ws_message:game_session{game=9RKWCO player=PlayerId(1)}: phase_server: game submission processed (lock held) game=9RKWCO kind="action" lock_ms=13 ai_actions=0
2026-10-08T11:16:32.674864Z  INFO ws_message:game_session{game=9RKWCO player=PlayerId(0)}: server_core::session: action applied game=9RKWCO player=PlayerId(0) action_type="PassPriority" event_count=1
2026-10-08T11:16:32.790244Z  INFO ws_message:game_session{game=9RKWCO player=PlayerId(0)}: phase_server: game submission processed (lock held) game=9RKWCO kind="action" lock_ms=117 ai_actions=0
2026-10-08T11:16:33.467258Z  INFO ws_message:game_session{game=9RKWCO player=PlayerId(1)}: server_core::session: action applied game=9RKWCO player=PlayerId(1) action_type="PlayLand" event_count=2
2026-10-08T11:16:33.482049Z  INFO ws_message:game_session{game=9RKWCO player=PlayerId(1)}: phase_server: game submission processed (lock held) game=9RKWCO kind="action" lock_ms=49 ai_actions=0
2026-10-08T11:16:33.701317Z  INFO ws_message:game_session{game=9RKWCO player=PlayerId(1)}: server_core::session: action applied game=9RKWCO player=PlayerId(1) action_type="PassPriority" event_count=1
2026-10-08T11:16:33.709115Z  INFO ws_message:game_session{game=9RKWCO player=PlayerId(1)}: phase_server: game submission processed (lock held) game=9RKWCO kind="action" lock_ms=15 ai_actions=0
2026-10-08T11:16:33.988281Z  INFO ws_message:game_session{game=9RKWCO player=PlayerId(0)}: server_core::session: action applied game=9RKWCO player=PlayerId(0) action_type="PassPriority" event_count=1
2026-10-08T11:16:34.004422Z  INFO ws_message:game_session{game=9RKWCO player=PlayerId(0)}: phase_server: game submission processed (lock held) game=9RKWCO kind="action" lock_ms=40 ai_actions=0
2026-10-08T11:16:34.253032Z  INFO ws_message:game_session{game=9RKWCO player=PlayerId(1)}: server_core::session: action applied game=9RKWCO player=PlayerId(1) action_type="PassPriority" event_count=1
2026-10-08T11:16:34.290517Z  INFO ws_message:game_session{game=9RKWCO player=PlayerId(1)}: phase_server: game submission processed (lock held) game=9RKWCO kind="action" lock_ms=55 ai_actions=0
2026-10-08T11:16:34.527457Z  INFO ws_message:game_session{game=9RKWCO player=PlayerId(0)}: server_core::session: action applied game=9RKWCO player=PlayerId(0) action_type="PassPriority" event_count=3
2026-10-08T11:16:34.534324Z  INFO ws_message:game_session{game=9RKWCO player=PlayerId(0)}: phase_server: game submission processed (lock held) game=9RKWCO kind="action" lock_ms=40 ai_actions=0
2026-10-08T11:16:34.761744Z  INFO ws_message:game_session{game=9RKWCO player=PlayerId(1)}: server_core::session: action applied game=9RKWCO player=PlayerId(1) action_type="PassPriority" event_count=1
2026-10-08T11:16:34.777642Z  INFO ws_message:game_session{game=9RKWCO player=PlayerId(1)}: phase_server: game submission processed (lock held) game=9RKWCO kind="action" lock_ms=26 ai_actions=0
2026-10-08T11:16:35.043475Z  INFO ws_message:game_session{game=9RKWCO player=PlayerId(0)}: server_core::session: action applied game=9RKWCO player=PlayerId(0) action_type="PassPriority" event_count=1
2026-10-08T11:16:35.053475Z  INFO ws_message:game_session{game=9RKWCO player=PlayerId(0)}: phase_server: game submission processed (lock held) game=9RKWCO kind="action" lock_ms=48 ai_actions=0
2026-10-08T11:16:35.266418Z  INFO ws_message:game_session{game=9RKWCO player=PlayerId(1)}: server_core::session: action applied game=9RKWCO player=PlayerId(1) action_type="PassPriority" event_count=1
2026-10-08T11:16:35.273895Z  INFO ws_message:game_session{game=9RKWCO player=PlayerId(1)}: phase_server: game submission processed (lock held) game=9RKWCO kind="action" lock_ms=10 ai_actions=0
2026-10-08T11:16:35.556493Z  INFO ws_message:game_session{game=9RKWCO player=PlayerId(0)}: server_core::session: action applied game=9RKWCO player=PlayerId(0) action_type="PassPriority" event_count=1
2026-10-08T11:16:35.570336Z  INFO ws_message:game_session{game=9RKWCO player=PlayerId(0)}: phase_server: game submission processed (lock held) game=9RKWCO kind="action" lock_ms=52 ai_actions=0
2026-10-08T11:16:35.788606Z  INFO ws_message:game_session{game=9RKWCO player=PlayerId(1)}: server_core::session: action applied game=9RKWCO player=PlayerId(1) action_type="PassPriority" event_count=1
2026-10-08T11:16:35.824703Z  INFO ws_message:game_session{game=9RKWCO player=PlayerId(1)}: phase_server: game submission processed (lock held) game=9RKWCO kind="action" lock_ms=49 ai_actions=0
2026-10-08T11:16:36.042006Z  INFO ws_message:game_session{game=9RKWCO player=PlayerId(0)}: server_core::session: action applied game=9RKWCO player=PlayerId(0) action_type="PassPriority" event_count=4
2026-10-08T11:16:36.048599Z  INFO ws_message:game_session{game=9RKWCO player=PlayerId(0)}: phase_server: game submission processed (lock held) game=9RKWCO kind="action" lock_ms=19 ai_actions=0
2026-10-08T11:16:36.287364Z  INFO ws_message:game_session{game=9RKWCO player=PlayerId(0)}: server_core::session: action applied game=9RKWCO player=PlayerId(0) action_type="PassPriority" event_count=1
2026-10-08T11:16:36.303147Z  INFO ws_message:game_session{game=9RKWCO player=PlayerId(0)}: phase_server: game submission processed (lock held) game=9RKWCO kind="action" lock_ms=21 ai_actions=0
2026-10-08T11:16:36.548844Z  INFO ws_message:game_session{game=9RKWCO player=PlayerId(1)}: server_core::session: action applied game=9RKWCO player=PlayerId(1) action_type="PassPriority" event_count=4
2026-10-08T11:16:36.559105Z  INFO ws_message:game_session{game=9RKWCO player=PlayerId(1)}: phase_server: game submission processed (lock held) game=9RKWCO kind="action" lock_ms=25 ai_actions=0
2026-10-08T11:16:36.791647Z  INFO ws_message:game_session{game=9RKWCO player=PlayerId(0)}: server_core::session: action applied game=9RKWCO player=PlayerId(0) action_type="PassPriority" event_count=1
2026-10-08T11:16:36.804968Z  INFO ws_message:game_session{game=9RKWCO player=PlayerId(0)}: phase_server: game submission processed (lock held) game=9RKWCO kind="action" lock_ms=16 ai_actions=0
2026-10-08T11:16:37.046364Z  INFO ws_message:game_session{game=9RKWCO player=PlayerId(1)}: server_core::session: action applied game=9RKWCO player=PlayerId(1) action_type="PassPriority" event_count=1
2026-10-08T11:16:37.128897Z  INFO ws_message:game_session{game=9RKWCO player=PlayerId(1)}: phase_server: game submission processed (lock held) game=9RKWCO kind="action" lock_ms=86 ai_actions=0
2026-10-08T11:16:37.561942Z  INFO ws_message:game_session{game=9RKWCO player=PlayerId(0)}: server_core::session: action applied game=9RKWCO player=PlayerId(0) action_type="PlayLand" event_count=2
2026-10-08T11:16:37.584670Z  INFO ws_message:game_session{game=9RKWCO player=PlayerId(0)}: phase_server: game submission processed (lock held) game=9RKWCO kind="action" lock_ms=34 ai_actions=0
2026-10-08T11:16:43.132713Z  INFO ws_message:game_session{game=9RKWCO player=PlayerId(0)}: server_core::session: action applied game=9RKWCO player=PlayerId(0) action_type="CastSpell" event_count=9
2026-10-08T11:16:43.138613Z  INFO ws_message:game_session{game=9RKWCO player=PlayerId(0)}: phase_server: game submission processed (lock held) game=9RKWCO kind="action" lock_ms=20 ai_actions=0
2026-10-08T11:16:43.385324Z  INFO ws_message:game_session{game=9RKWCO player=PlayerId(0)}: server_core::session: action applied game=9RKWCO player=PlayerId(0) action_type="PassPriority" event_count=1
2026-10-08T11:16:43.396246Z  INFO ws_message:game_session{game=9RKWCO player=PlayerId(0)}: phase_server: game submission processed (lock held) game=9RKWCO kind="action" lock_ms=20 ai_actions=0
2026-10-08T11:16:43.648170Z  INFO ws_message:game_session{game=9RKWCO player=PlayerId(1)}: server_core::session: action applied game=9RKWCO player=PlayerId(1) action_type="PassPriority" event_count=8
2026-10-08T11:16:44.374841Z  INFO ws_message:game_session{game=9RKWCO player=PlayerId(1)}: phase_server: game submission processed (lock held) game=9RKWCO kind="action" lock_ms=739 ai_actions=0
2026-10-08T11:16:45.014315Z  INFO ws_message:game_session{game=9RKWCO player=PlayerId(0)}: server_core::session: interaction applied game=9RKWCO player=PlayerId(0) action_type="SelectCards" event_count=7
2026-10-08T11:16:45.029252Z  INFO ws_message:game_session{game=9RKWCO player=PlayerId(0)}: phase_server: game submission processed (lock held) game=9RKWCO kind="interaction" lock_ms=127 ai_actions=0
2026-10-08T11:16:45.173956Z  INFO ws_message:game_session{game=9RKWCO player=PlayerId(0)}: server_core::session: action applied game=9RKWCO player=PlayerId(0) action_type="PassPriority" event_count=1
2026-10-08T11:16:45.183338Z  INFO ws_message:game_session{game=9RKWCO player=PlayerId(0)}: phase_server: game submission processed (lock held) game=9RKWCO kind="action" lock_ms=27 ai_actions=0
2026-10-08T11:16:45.668175Z  INFO ws_message:game_session{game=9RKWCO player=PlayerId(1)}: server_core::session: action applied game=9RKWCO player=PlayerId(1) action_type="PassPriority" event_count=1
2026-10-08T11:16:45.678476Z  INFO ws_message:game_session{game=9RKWCO player=PlayerId(1)}: phase_server: game submission processed (lock held) game=9RKWCO kind="action" lock_ms=13 ai_actions=0
2026-10-08T11:16:46.246792Z  INFO ws_message:game_session{game=9RKWCO player=PlayerId(0)}: server_core::session: interaction applied game=9RKWCO player=PlayerId(0) action_type="CastSpellAsMadness" event_count=1
2026-10-08T11:16:46.338488Z  INFO ws_message:game_session{game=9RKWCO player=PlayerId(0)}: phase_server: game submission processed (lock held) game=9RKWCO kind="interaction" lock_ms=149 ai_actions=0
2026-10-08T11:16:46.795062Z  INFO ws_message:game_session{game=9RKWCO player=PlayerId(0)}: server_core::session: interaction applied game=9RKWCO player=PlayerId(0) action_type="ChooseTarget" event_count=10
2026-10-08T11:16:46.819692Z  INFO ws_message:game_session{game=9RKWCO player=PlayerId(0)}: phase_server: game submission processed (lock held) game=9RKWCO kind="interaction" lock_ms=123 ai_actions=0
2026-10-08T11:16:46.969849Z  INFO ws_message:game_session{game=9RKWCO player=PlayerId(0)}: server_core::session: action applied game=9RKWCO player=PlayerId(0) action_type="PassPriority" event_count=1
2026-10-08T11:16:46.982299Z  INFO ws_message:game_session{game=9RKWCO player=PlayerId(0)}: phase_server: game submission processed (lock held) game=9RKWCO kind="action" lock_ms=20 ai_actions=0
2026-10-08T11:16:47.224978Z  INFO ws_message:game_session{game=9RKWCO player=PlayerId(1)}: server_core::session: action applied game=9RKWCO player=PlayerId(1) action_type="PassPriority" event_count=5
2026-10-08T11:16:47.284988Z  INFO ws_message:game_session{game=9RKWCO player=PlayerId(1)}: phase_server: game submission processed (lock held) game=9RKWCO kind="action" lock_ms=67 ai_actions=0
2026-10-08T11:16:52.752481Z  INFO ws_message:game_session{game=9RKWCO player=PlayerId(0)}: server_core::session: action applied game=9RKWCO player=PlayerId(0) action_type="PassPriority" event_count=1
2026-10-08T11:16:52.772240Z  INFO ws_message:game_session{game=9RKWCO player=PlayerId(0)}: phase_server: game submission processed (lock held) game=9RKWCO kind="action" lock_ms=24 ai_actions=0
2026-10-08T11:16:53.269036Z  INFO ws_message:game_session{game=9RKWCO player=PlayerId(1)}: server_core::session: action applied game=9RKWCO player=PlayerId(1) action_type="PassPriority" event_count=1
2026-10-08T11:16:53.299245Z  INFO ws_message:game_session{game=9RKWCO player=PlayerId(1)}: phase_server: game submission processed (lock held) game=9RKWCO kind="action" lock_ms=45 ai_actions=0
2026-10-08T11:16:53.777490Z  INFO ws_message:game_session{game=9RKWCO player=PlayerId(0)}: server_core::session: action applied game=9RKWCO player=PlayerId(0) action_type="PassPriority" event_count=1
2026-10-08T11:16:53.802636Z  INFO ws_message:game_session{game=9RKWCO player=PlayerId(0)}: phase_server: game submission processed (lock held) game=9RKWCO kind="action" lock_ms=44 ai_actions=0
2026-10-08T11:16:54.092750Z  INFO ws_message:game_session{game=9RKWCO player=PlayerId(1)}: server_core::session: action applied game=9RKWCO player=PlayerId(1) action_type="PassPriority" event_count=3
2026-10-08T11:16:54.141297Z  INFO ws_message:game_session{game=9RKWCO player=PlayerId(1)}: phase_server: game submission processed (lock held) game=9RKWCO kind="action" lock_ms=121 ai_actions=0
2026-10-08T11:16:54.535476Z  INFO ws_message:game_session{game=9RKWCO player=PlayerId(0)}: server_core::session: action applied game=9RKWCO player=PlayerId(0) action_type="PassPriority" event_count=1
2026-10-08T11:16:54.542627Z  INFO ws_message:game_session{game=9RKWCO player=PlayerId(0)}: phase_server: game submission processed (lock held) game=9RKWCO kind="action" lock_ms=12 ai_actions=0
2026-10-08T11:16:54.814835Z  INFO ws_message:game_session{game=9RKWCO player=PlayerId(1)}: server_core::session: action applied game=9RKWCO player=PlayerId(1) action_type="PassPriority" event_count=1
2026-10-08T11:16:54.899339Z  INFO ws_message:game_session{game=9RKWCO player=PlayerId(1)}: phase_server: game submission processed (lock held) game=9RKWCO kind="action" lock_ms=116 ai_actions=0
2026-10-08T11:16:55.304546Z  INFO ws_message:game_session{game=9RKWCO player=PlayerId(0)}: server_core::session: action applied game=9RKWCO player=PlayerId(0) action_type="PassPriority" event_count=1
2026-10-08T11:16:55.343608Z  INFO ws_message:game_session{game=9RKWCO player=PlayerId(0)}: phase_server: game submission processed (lock held) game=9RKWCO kind="action" lock_ms=55 ai_actions=0
2026-10-08T11:16:55.556943Z  INFO ws_message:game_session{game=9RKWCO player=PlayerId(1)}: server_core::session: action applied game=9RKWCO player=PlayerId(1) action_type="PassPriority" event_count=1
2026-10-08T11:16:55.580397Z  INFO ws_message:game_session{game=9RKWCO player=PlayerId(1)}: phase_server: game submission processed (lock held) game=9RKWCO kind="action" lock_ms=39 ai_actions=0
2026-10-08T11:16:55.798015Z  INFO ws_message:game_session{game=9RKWCO player=PlayerId(0)}: server_core::session: action applied game=9RKWCO player=PlayerId(0) action_type="PassPriority" event_count=1
2026-10-08T11:16:55.815629Z  INFO ws_message:game_session{game=9RKWCO player=PlayerId(0)}: phase_server: game submission processed (lock held) game=9RKWCO kind="action" lock_ms=21 ai_actions=0
2026-10-08T11:16:56.116263Z  INFO ws_message:game_session{game=9RKWCO player=PlayerId(1)}: server_core::session: action applied game=9RKWCO player=PlayerId(1) action_type="PassPriority" event_count=4
2026-10-08T11:16:56.120261Z  INFO ws_message:game_session{game=9RKWCO player=PlayerId(1)}: phase_server: game submission processed (lock held) game=9RKWCO kind="action" lock_ms=54 ai_actions=0
2026-10-08T11:16:56.333787Z  INFO ws_message:game_session{game=9RKWCO player=PlayerId(1)}: server_core::session: action applied game=9RKWCO player=PlayerId(1) action_type="PassPriority" event_count=1
2026-10-08T11:16:56.358397Z  INFO ws_message:game_session{game=9RKWCO player=PlayerId(1)}: phase_server: game submission processed (lock held) game=9RKWCO kind="action" lock_ms=40 ai_actions=0
2026-10-08T11:16:56.583809Z  INFO ws_message:game_session{game=9RKWCO player=PlayerId(0)}: server_core::session: action applied game=9RKWCO player=PlayerId(0) action_type="PassPriority" event_count=4
2026-10-08T11:16:56.586296Z  INFO ws_message:game_session{game=9RKWCO player=PlayerId(0)}: phase_server: game submission processed (lock held) game=9RKWCO kind="action" lock_ms=12 ai_actions=0
2026-10-08T11:16:56.840336Z  INFO ws_message:game_session{game=9RKWCO player=PlayerId(1)}: server_core::session: action applied game=9RKWCO player=PlayerId(1) action_type="PassPriority" event_count=1
2026-10-08T11:16:56.873630Z  INFO ws_message:game_session{game=9RKWCO player=PlayerId(1)}: phase_server: game submission processed (lock held) game=9RKWCO kind="action" lock_ms=47 ai_actions=0
2026-10-08T11:16:57.093745Z  INFO ws_message:game_session{game=9RKWCO player=PlayerId(0)}: server_core::session: action applied game=9RKWCO player=PlayerId(0) action_type="PassPriority" event_count=1
2026-10-08T11:16:57.257811Z  INFO ws_message:game_session{game=9RKWCO player=PlayerId(0)}: phase_server: game submission processed (lock held) game=9RKWCO kind="action" lock_ms=177 ai_actions=0
2026-10-08T11:16:57.614403Z  INFO ws_message:game_session{game=9RKWCO player=PlayerId(1)}: server_core::session: action applied game=9RKWCO player=PlayerId(1) action_type="PlayLand" event_count=2
2026-10-08T11:16:57.623244Z  INFO ws_message:game_session{game=9RKWCO player=PlayerId(1)}: phase_server: game submission processed (lock held) game=9RKWCO kind="action" lock_ms=34 ai_actions=0
2026-10-08T11:16:57.857747Z  INFO ws_message:game_session{game=9RKWCO player=PlayerId(1)}: server_core::session: action applied game=9RKWCO player=PlayerId(1) action_type="PassPriority" event_count=1
2026-10-08T11:16:57.924023Z  INFO ws_message:game_session{game=9RKWCO player=PlayerId(1)}: phase_server: game submission processed (lock held) game=9RKWCO kind="action" lock_ms=79 ai_actions=0
2026-10-08T11:16:58.350520Z  INFO ws_message:game_session{game=9RKWCO player=PlayerId(0)}: server_core::session: action applied game=9RKWCO player=PlayerId(0) action_type="PassPriority" event_count=1
2026-10-08T11:16:58.362240Z  INFO ws_message:game_session{game=9RKWCO player=PlayerId(0)}: phase_server: game submission processed (lock held) game=9RKWCO kind="action" lock_ms=15 ai_actions=0
2026-10-08T11:16:58.605524Z  INFO ws_message:game_session{game=9RKWCO player=PlayerId(1)}: server_core::session: action applied game=9RKWCO player=PlayerId(1) action_type="PassPriority" event_count=1
2026-10-08T11:16:58.617237Z  INFO ws_message:game_session{game=9RKWCO player=PlayerId(1)}: phase_server: game submission processed (lock held) game=9RKWCO kind="action" lock_ms=16 ai_actions=0
2026-10-08T11:16:58.885793Z  INFO ws_message:game_session{game=9RKWCO player=PlayerId(0)}: server_core::session: action applied game=9RKWCO player=PlayerId(0) action_type="PassPriority" event_count=3
2026-10-08T11:16:58.919523Z  INFO ws_message:game_session{game=9RKWCO player=PlayerId(0)}: phase_server: game submission processed (lock held) game=9RKWCO kind="action" lock_ms=64 ai_actions=0
2026-10-08T11:16:59.115672Z  INFO ws_message:game_session{game=9RKWCO player=PlayerId(1)}: server_core::session: action applied game=9RKWCO player=PlayerId(1) action_type="PassPriority" event_count=1
2026-10-08T11:16:59.126234Z  INFO ws_message:game_session{game=9RKWCO player=PlayerId(1)}: phase_server: game submission processed (lock held) game=9RKWCO kind="action" lock_ms=15 ai_actions=0
2026-10-08T11:16:59.372973Z  INFO ws_message:game_session{game=9RKWCO player=PlayerId(0)}: server_core::session: action applied game=9RKWCO player=PlayerId(0) action_type="PassPriority" event_count=1
2026-10-08T11:16:59.381254Z  INFO ws_message:game_session{game=9RKWCO player=PlayerId(0)}: phase_server: game submission processed (lock held) game=9RKWCO kind="action" lock_ms=18 ai_actions=0
2026-10-08T11:16:59.624675Z  INFO ws_message:game_session{game=9RKWCO player=PlayerId(1)}: server_core::session: action applied game=9RKWCO player=PlayerId(1) action_type="PassPriority" event_count=1
2026-10-08T11:16:59.662246Z  INFO ws_message:game_session{game=9RKWCO player=PlayerId(1)}: phase_server: game submission processed (lock held) game=9RKWCO kind="action" lock_ms=47 ai_actions=0
2026-10-08T11:17:00.150642Z  INFO ws_message:game_session{game=9RKWCO player=PlayerId(0)}: server_core::session: action applied game=9RKWCO player=PlayerId(0) action_type="PassPriority" event_count=1
2026-10-08T11:17:00.185705Z  INFO ws_message:game_session{game=9RKWCO player=PlayerId(0)}: phase_server: game submission processed (lock held) game=9RKWCO kind="action" lock_ms=67 ai_actions=0
2026-10-08T11:17:00.632764Z  INFO ws_message:game_session{game=9RKWCO player=PlayerId(1)}: server_core::session: action applied game=9RKWCO player=PlayerId(1) action_type="PassPriority" event_count=1
2026-10-08T11:17:00.667255Z  INFO ws_message:game_session{game=9RKWCO player=PlayerId(1)}: phase_server: game submission processed (lock held) game=9RKWCO kind="action" lock_ms=43 ai_actions=0
2026-10-08T11:17:00.906566Z  INFO ws_message:game_session{game=9RKWCO player=PlayerId(0)}: server_core::session: action applied game=9RKWCO player=PlayerId(0) action_type="PassPriority" event_count=6
2026-10-08T11:17:00.938270Z  INFO ws_message:game_session{game=9RKWCO player=PlayerId(0)}: phase_server: game submission processed (lock held) game=9RKWCO kind="action" lock_ms=56 ai_actions=0
2026-10-08T11:17:01.138879Z  INFO ws_message:game_session{game=9RKWCO player=PlayerId(0)}: server_core::session: action applied game=9RKWCO player=PlayerId(0) action_type="PassPriority" event_count=1
2026-10-08T11:17:01.145916Z  INFO ws_message:game_session{game=9RKWCO player=PlayerId(0)}: phase_server: game submission processed (lock held) game=9RKWCO kind="action" lock_ms=12 ai_actions=0
2026-10-08T11:17:01.406448Z  INFO ws_message:game_session{game=9RKWCO player=PlayerId(1)}: server_core::session: action applied game=9RKWCO player=PlayerId(1) action_type="PassPriority" event_count=4
2026-10-08T11:17:01.419417Z  INFO ws_message:game_session{game=9RKWCO player=PlayerId(1)}: phase_server: game submission processed (lock held) game=9RKWCO kind="action" lock_ms=31 ai_actions=0
2026-10-08T11:17:01.645612Z  INFO ws_message:game_session{game=9RKWCO player=PlayerId(0)}: server_core::session: action applied game=9RKWCO player=PlayerId(0) action_type="PassPriority" event_count=1
2026-10-08T11:17:01.656492Z  INFO ws_message:game_session{game=9RKWCO player=PlayerId(0)}: phase_server: game submission processed (lock held) game=9RKWCO kind="action" lock_ms=14 ai_actions=0
2026-10-08T11:17:01.918143Z  INFO ws_message:game_session{game=9RKWCO player=PlayerId(1)}: server_core::session: action applied game=9RKWCO player=PlayerId(1) action_type="PassPriority" event_count=1
2026-10-08T11:17:02.000360Z  INFO ws_message:game_session{game=9RKWCO player=PlayerId(1)}: phase_server: game submission processed (lock held) game=9RKWCO kind="action" lock_ms=99 ai_actions=0
2026-10-08T11:17:07.610082Z  INFO ws_message:game_session{game=9RKWCO player=PlayerId(0)}: server_core::session: action applied game=9RKWCO player=PlayerId(0) action_type="CastSpell" event_count=19
2026-10-08T11:17:07.621969Z  INFO ws_message:game_session{game=9RKWCO player=PlayerId(0)}: phase_server: game submission processed (lock held) game=9RKWCO kind="action" lock_ms=100 ai_actions=0
2026-10-08T11:17:08.061774Z  INFO ws_message:game_session{game=9RKWCO player=PlayerId(0)}: server_core::session: action applied game=9RKWCO player=PlayerId(0) action_type="PassPriority" event_count=1
2026-10-08T11:17:08.121919Z  INFO ws_message:game_session{game=9RKWCO player=PlayerId(0)}: phase_server: game submission processed (lock held) game=9RKWCO kind="action" lock_ms=100 ai_actions=0
2026-10-08T11:17:08.560026Z  INFO ws_message:game_session{game=9RKWCO player=PlayerId(1)}: server_core::session: action applied game=9RKWCO player=PlayerId(1) action_type="PassPriority" event_count=8
2026-10-08T11:17:08.997244Z  INFO ws_message:game_session{game=9RKWCO player=PlayerId(1)}: phase_server: game submission processed (lock held) game=9RKWCO kind="action" lock_ms=472 ai_actions=0
2026-10-08T11:17:09.307442Z  INFO ws_message:game_session{game=9RKWCO player=PlayerId(0)}: server_core::session: interaction applied game=9RKWCO player=PlayerId(0) action_type="SelectCards" event_count=5
2026-10-08T11:17:09.313932Z  INFO ws_message:game_session{game=9RKWCO player=PlayerId(0)}: phase_server: game submission processed (lock held) game=9RKWCO kind="interaction" lock_ms=32 ai_actions=0
2026-10-08T11:17:09.548320Z  INFO ws_message:game_session{game=9RKWCO player=PlayerId(0)}: server_core::session: action applied game=9RKWCO player=PlayerId(0) action_type="PassPriority" event_count=1
2026-10-08T11:17:09.584241Z  INFO ws_message:game_session{game=9RKWCO player=PlayerId(0)}: phase_server: game submission processed (lock held) game=9RKWCO kind="action" lock_ms=45 ai_actions=0
2026-10-08T11:17:09.799049Z  INFO ws_message:game_session{game=9RKWCO player=PlayerId(1)}: server_core::session: action applied game=9RKWCO player=PlayerId(1) action_type="PassPriority" event_count=1
2026-10-08T11:17:09.803684Z  INFO ws_message:game_session{game=9RKWCO player=PlayerId(1)}: phase_server: game submission processed (lock held) game=9RKWCO kind="action" lock_ms=10 ai_actions=0
2026-10-08T11:17:10.071025Z  INFO ws_message:game_session{game=9RKWCO player=PlayerId(0)}: server_core::session: action applied game=9RKWCO player=PlayerId(0) action_type="PassPriority" event_count=1
2026-10-08T11:17:10.114103Z  INFO ws_message:game_session{game=9RKWCO player=PlayerId(0)}: phase_server: game submission processed (lock held) game=9RKWCO kind="action" lock_ms=67 ai_actions=0
2026-10-08T11:17:10.310645Z  INFO ws_message:game_session{game=9RKWCO player=PlayerId(1)}: server_core::session: action applied game=9RKWCO player=PlayerId(1) action_type="PassPriority" event_count=3
2026-10-08T11:17:10.315384Z  INFO ws_message:game_session{game=9RKWCO player=PlayerId(1)}: phase_server: game submission processed (lock held) game=9RKWCO kind="action" lock_ms=17 ai_actions=0
2026-10-08T11:17:10.566404Z  INFO ws_message:game_session{game=9RKWCO player=PlayerId(0)}: server_core::session: action applied game=9RKWCO player=PlayerId(0) action_type="PassPriority" event_count=1
2026-10-08T11:17:10.613818Z  INFO ws_message:game_session{game=9RKWCO player=PlayerId(0)}: phase_server: game submission processed (lock held) game=9RKWCO kind="action" lock_ms=62 ai_actions=0
2026-10-08T11:17:11.098612Z  INFO ws_message:game_session{game=9RKWCO player=PlayerId(1)}: server_core::session: action applied game=9RKWCO player=PlayerId(1) action_type="PassPriority" event_count=1
2026-10-08T11:17:11.120051Z  INFO ws_message:game_session{game=9RKWCO player=PlayerId(1)}: phase_server: game submission processed (lock held) game=9RKWCO kind="action" lock_ms=56 ai_actions=0
2026-10-08T11:17:11.327992Z  INFO ws_message:game_session{game=9RKWCO player=PlayerId(0)}: server_core::session: action applied game=9RKWCO player=PlayerId(0) action_type="PassPriority" event_count=1
2026-10-08T11:17:11.340266Z  INFO ws_message:game_session{game=9RKWCO player=PlayerId(0)}: phase_server: game submission processed (lock held) game=9RKWCO kind="action" lock_ms=16 ai_actions=0
2026-10-08T11:17:11.620033Z  INFO ws_message:game_session{game=9RKWCO player=PlayerId(1)}: server_core::session: action applied game=9RKWCO player=PlayerId(1) action_type="PassPriority" event_count=1
2026-10-08T11:17:11.640258Z  INFO ws_message:game_session{game=9RKWCO player=PlayerId(1)}: phase_server: game submission processed (lock held) game=9RKWCO kind="action" lock_ms=43 ai_actions=0
2026-10-08T11:17:11.867834Z  INFO ws_message:game_session{game=9RKWCO player=PlayerId(0)}: server_core::session: action applied game=9RKWCO player=PlayerId(0) action_type="PassPriority" event_count=1
2026-10-08T11:17:11.882893Z  INFO ws_message:game_session{game=9RKWCO player=PlayerId(0)}: phase_server: game submission processed (lock held) game=9RKWCO kind="action" lock_ms=29 ai_actions=0
2026-10-08T11:17:12.152251Z  INFO ws_message:game_session{game=9RKWCO player=PlayerId(1)}: server_core::session: action applied game=9RKWCO player=PlayerId(1) action_type="PassPriority" event_count=4
2026-10-08T11:17:12.174406Z  INFO ws_message:game_session{game=9RKWCO player=PlayerId(1)}: phase_server: game submission processed (lock held) game=9RKWCO kind="action" lock_ms=63 ai_actions=0
2026-10-08T11:17:12.404147Z  INFO ws_message:game_session{game=9RKWCO player=PlayerId(1)}: server_core::session: action applied game=9RKWCO player=PlayerId(1) action_type="PassPriority" event_count=1
2026-10-08T11:17:12.416236Z  INFO ws_message:game_session{game=9RKWCO player=PlayerId(1)}: phase_server: game submission processed (lock held) game=9RKWCO kind="action" lock_ms=26 ai_actions=0
2026-10-08T11:17:12.745946Z  INFO ws_message:game_session{game=9RKWCO player=PlayerId(0)}: server_core::session: action applied game=9RKWCO player=PlayerId(0) action_type="PassPriority" event_count=4
2026-10-08T11:17:12.750430Z  INFO ws_message:game_session{game=9RKWCO player=PlayerId(0)}: phase_server: game submission processed (lock held) game=9RKWCO kind="action" lock_ms=102 ai_actions=0
2026-10-08T11:17:13.175018Z  INFO ws_message:game_session{game=9RKWCO player=PlayerId(1)}: server_core::session: action applied game=9RKWCO player=PlayerId(1) action_type="PassPriority" event_count=1
2026-10-08T11:17:13.183252Z  INFO ws_message:game_session{game=9RKWCO player=PlayerId(1)}: phase_server: game submission processed (lock held) game=9RKWCO kind="action" lock_ms=13 ai_actions=0
2026-10-08T11:17:13.440059Z  INFO ws_message:game_session{game=9RKWCO player=PlayerId(0)}: server_core::session: action applied game=9RKWCO player=PlayerId(0) action_type="PassPriority" event_count=1
2026-10-08T11:17:13.628390Z  INFO ws_message:game_session{game=9RKWCO player=PlayerId(0)}: phase_server: game submission processed (lock held) game=9RKWCO kind="action" lock_ms=204 ai_actions=0
2026-10-08T11:17:14.189883Z  INFO ws_message:game_session{game=9RKWCO player=PlayerId(1)}: server_core::session: action applied game=9RKWCO player=PlayerId(1) action_type="PlayLand" event_count=2
2026-10-08T11:17:14.205239Z  INFO ws_message:game_session{game=9RKWCO player=PlayerId(1)}: phase_server: game submission processed (lock held) game=9RKWCO kind="action" lock_ms=27 ai_actions=0
2026-10-08T11:17:14.473319Z  INFO ws_message:game_session{game=9RKWCO player=PlayerId(1)}: server_core::session: action applied game=9RKWCO player=PlayerId(1) action_type="PassPriority" event_count=1
2026-10-08T11:17:14.504553Z  INFO ws_message:game_session{game=9RKWCO player=PlayerId(1)}: phase_server: game submission processed (lock held) game=9RKWCO kind="action" lock_ms=65 ai_actions=0
2026-10-08T11:17:14.998641Z  INFO ws_message:game_session{game=9RKWCO player=PlayerId(0)}: server_core::session: action applied game=9RKWCO player=PlayerId(0) action_type="PassPriority" event_count=1
2026-10-08T11:17:15.073279Z  INFO ws_message:game_session{game=9RKWCO player=PlayerId(0)}: phase_server: game submission processed (lock held) game=9RKWCO kind="action" lock_ms=117 ai_actions=0
2026-10-08T11:17:15.236654Z  INFO ws_message:game_session{game=9RKWCO player=PlayerId(1)}: server_core::session: action applied game=9RKWCO player=PlayerId(1) action_type="PassPriority" event_count=1
2026-10-08T11:17:15.241653Z  INFO ws_message:game_session{game=9RKWCO player=PlayerId(1)}: phase_server: game submission processed (lock held) game=9RKWCO kind="action" lock_ms=23 ai_actions=0
2026-10-08T11:17:15.524392Z  INFO ws_message:game_session{game=9RKWCO player=PlayerId(0)}: server_core::session: action applied game=9RKWCO player=PlayerId(0) action_type="PassPriority" event_count=3
2026-10-08T11:17:15.577674Z  INFO ws_message:game_session{game=9RKWCO player=PlayerId(0)}: phase_server: game submission processed (lock held) game=9RKWCO kind="action" lock_ms=107 ai_actions=0
2026-10-08T11:17:15.993894Z  INFO ws_message:game_session{game=9RKWCO player=PlayerId(1)}: server_core::session: action applied game=9RKWCO player=PlayerId(1) action_type="PassPriority" event_count=1
2026-10-08T11:17:16.000284Z  INFO ws_message:game_session{game=9RKWCO player=PlayerId(1)}: phase_server: game submission processed (lock held) game=9RKWCO kind="action" lock_ms=16 ai_actions=0
2026-10-08T11:17:16.542690Z  INFO ws_message:game_session{game=9RKWCO player=PlayerId(0)}: server_core::session: action applied game=9RKWCO player=PlayerId(0) action_type="PassPriority" event_count=1
2026-10-08T11:17:16.565860Z  INFO ws_message:game_session{game=9RKWCO player=PlayerId(0)}: phase_server: game submission processed (lock held) game=9RKWCO kind="action" lock_ms=64 ai_actions=0
2026-10-08T11:17:16.765143Z  INFO ws_message:game_session{game=9RKWCO player=PlayerId(1)}: server_core::session: action applied game=9RKWCO player=PlayerId(1) action_type="PassPriority" event_count=1
2026-10-08T11:17:16.770968Z  INFO ws_message:game_session{game=9RKWCO player=PlayerId(1)}: phase_server: game submission processed (lock held) game=9RKWCO kind="action" lock_ms=14 ai_actions=0
2026-10-08T11:17:17.015646Z  INFO ws_message:game_session{game=9RKWCO player=PlayerId(0)}: server_core::session: action applied game=9RKWCO player=PlayerId(0) action_type="PassPriority" event_count=1
2026-10-08T11:17:17.028460Z  INFO ws_message:game_session{game=9RKWCO player=PlayerId(0)}: phase_server: game submission processed (lock held) game=9RKWCO kind="action" lock_ms=21 ai_actions=0
2026-10-08T11:17:17.282409Z  INFO ws_message:game_session{game=9RKWCO player=PlayerId(1)}: server_core::session: action applied game=9RKWCO player=PlayerId(1) action_type="PassPriority" event_count=1
2026-10-08T11:17:17.306289Z  INFO ws_message:game_session{game=9RKWCO player=PlayerId(1)}: phase_server: game submission processed (lock held) game=9RKWCO kind="action" lock_ms=44 ai_actions=0
2026-10-08T11:17:17.535307Z  INFO ws_message:game_session{game=9RKWCO player=PlayerId(0)}: server_core::session: action applied game=9RKWCO player=PlayerId(0) action_type="PassPriority" event_count=7
2026-10-08T11:17:17.551252Z  INFO ws_message:game_session{game=9RKWCO player=PlayerId(0)}: phase_server: game submission processed (lock held) game=9RKWCO kind="action" lock_ms=30 ai_actions=0
2026-10-08T11:17:18.030500Z  INFO ws_message:game_session{game=9RKWCO player=PlayerId(0)}: server_core::session: action applied game=9RKWCO player=PlayerId(0) action_type="PassPriority" event_count=1
2026-10-08T11:17:18.042412Z  INFO ws_message:game_session{game=9RKWCO player=PlayerId(0)}: phase_server: game submission processed (lock held) game=9RKWCO kind="action" lock_ms=18 ai_actions=0
2026-10-08T11:17:18.317327Z  INFO ws_message:game_session{game=9RKWCO player=PlayerId(1)}: server_core::session: action applied game=9RKWCO player=PlayerId(1) action_type="PassPriority" event_count=4
2026-10-08T11:17:18.366331Z  INFO ws_message:game_session{game=9RKWCO player=PlayerId(1)}: phase_server: game submission processed (lock held) game=9RKWCO kind="action" lock_ms=84 ai_actions=0
2026-10-08T11:17:18.539893Z  INFO ws_message:game_session{game=9RKWCO player=PlayerId(0)}: server_core::session: action applied game=9RKWCO player=PlayerId(0) action_type="PassPriority" event_count=1
2026-10-08T11:17:18.553022Z  INFO ws_message:game_session{game=9RKWCO player=PlayerId(0)}: phase_server: game submission processed (lock held) game=9RKWCO kind="action" lock_ms=18 ai_actions=0
2026-10-08T11:17:18.794411Z  INFO ws_message:game_session{game=9RKWCO player=PlayerId(1)}: server_core::session: action applied game=9RKWCO player=PlayerId(1) action_type="PassPriority" event_count=1
2026-10-08T11:17:18.838311Z  INFO ws_message:game_session{game=9RKWCO player=PlayerId(1)}: phase_server: game submission processed (lock held) game=9RKWCO kind="action" lock_ms=49 ai_actions=0
