[13:53:22] server identity hashes recomputed against on-disk pinned artifacts
[13:53:22] ServerHello: version=0.105.0 build=965e243 protocol=120 mode=Full
[13:53:22] data-level check: ok=True notes=[]
[13:53:23] connecting P1...
[13:53:24] game 1HK8ZR mode=accept; P0 seat=0 P1 seat=1
[13:53:24] [301-accept] keep 7: ['island', 'island', 'island', 'island', 'chaos wand', 'island', 'island']
[13:53:24] [P1301-accept] keep 7: ['island', 'lightning bolt', 'island', 'island', 'island', 'island', 'island']
[13:53:25] [301-accept] playing land island
[13:53:27] [P1301-accept] playing land island
[13:53:27] [P1301-accept] tap land for mana used_for=any
[13:53:27] [P1301-accept] submitting interaction iid=1HK8ZR.0.22 choice=1HK8ZR.0.22.c1 (Island)
[13:53:30] [301-accept] playing land island
[13:53:32] [P1301-accept] tap land for mana used_for=any
[13:53:32] [P1301-accept] submitting interaction iid=1HK8ZR.0.48 choice=1HK8ZR.0.48.c1 (Island)
[13:53:33] [P1301-accept] playing land island
[13:53:33] [P1301-accept] tap land for mana used_for=any
[13:53:33] [P1301-accept] submitting interaction iid=1HK8ZR.0.54 choice=1HK8ZR.0.54.c1 (Island)
[13:53:35] [301-accept] playing land island
[13:53:36] [301-accept] casting Chaos Wand (oid 21)
[13:53:38] [P1301-accept] tap land for mana used_for=any
[13:53:38] [P1301-accept] submitting interaction iid=1HK8ZR.0.83 choice=1HK8ZR.0.83.c1 (Island)
[13:53:38] [P1301-accept] tap land for mana used_for=any
[13:53:38] [P1301-accept] submitting interaction iid=1HK8ZR.0.84 choice=1HK8ZR.0.84.c1 (Island)
[13:53:38] [P1301-accept] playing land island
[13:53:39] [P1301-accept] tap land for mana used_for=any
[13:53:39] [P1301-accept] submitting interaction iid=1HK8ZR.0.90 choice=1HK8ZR.0.90.c1 (Island)
[13:53:40] [301-accept] tap land for mana used_for=generic
[13:53:40] [301-accept] submitting interaction iid=1HK8ZR.0.101 choice=1HK8ZR.0.101.c1 (Island)
[13:53:40] [301-accept] tap land for mana used_for=generic
[13:53:40] [301-accept] submitting interaction iid=1HK8ZR.0.102 choice=1HK8ZR.0.102.c1 (Island)
[13:53:41] [301-accept] tap land for mana used_for=generic
[13:53:41] [301-accept] submitting interaction iid=1HK8ZR.0.103 choice=1HK8ZR.0.103.c1 (Island)
[13:53:41] [301-accept] playing land island
[13:53:44] [P1301-accept] tap land for mana used_for=any
[13:53:44] [P1301-accept] submitting interaction iid=1HK8ZR.0.119 choice=1HK8ZR.0.119.c1 (Island)
[13:53:44] [P1301-accept] tap land for mana used_for=any
[13:53:44] [P1301-accept] submitting interaction iid=1HK8ZR.0.120 choice=1HK8ZR.0.120.c1 (Island)
[13:53:45] [P1301-accept] tap land for mana used_for=any
[13:53:45] [P1301-accept] submitting interaction iid=1HK8ZR.0.121 choice=1HK8ZR.0.121.c1 (Island)
[13:53:46] [P1301-accept] playing land island
[13:53:46] [P1301-accept] tap land for mana used_for=any
[13:53:46] [P1301-accept] submitting interaction iid=1HK8ZR.0.127 choice=1HK8ZR.0.127.c1 (Island)
[13:53:48] [301-accept] playing land island
[13:53:49] [301-accept] DIAG P0301-accept: rev=147 turn=9 phase=EndCombat act=0 prio_acts=['PassPriority', 'ActivateAbility'] vikind='choose' real_decision=False my_prio=True ops=[{"rtype": "exactChoices", "n_items": 7, "codes": ["activateAbility", "candidate", "passPriority", "tapLandForMana"]}]
[13:53:49] [301-accept] DIAG P1301-accept: rev=147 turn=9 phase=EndCombat act=0 prio_acts=[] vikind='choose' real_decision=False my_prio=False ops=[]
[13:53:50] [P1301-accept] tap land for mana used_for=any
[13:53:50] [P1301-accept] submitting interaction iid=1HK8ZR.0.153 choice=1HK8ZR.0.153.c1 (Island)
[13:53:50] [P1301-accept] tap land for mana used_for=any
[13:53:50] [P1301-accept] submitting interaction iid=1HK8ZR.0.154 choice=1HK8ZR.0.154.c1 (Island)
[13:53:50] [P1301-accept] tap land for mana used_for=any
[13:53:50] [P1301-accept] submitting interaction iid=1HK8ZR.0.155 choice=1HK8ZR.0.155.c1 (Island)
[13:53:50] [P1301-accept] tap land for mana used_for=any
[13:53:50] [P1301-accept] submitting interaction iid=1HK8ZR.0.156 choice=1HK8ZR.0.156.c1 (Island)
[13:53:51] [P1301-accept] playing land island
[13:53:51] [P1301-accept] tap land for mana used_for=any
[13:53:51] [P1301-accept] submitting interaction iid=1HK8ZR.0.162 choice=1HK8ZR.0.162.c1 (Island)
[13:53:54] [301-accept] playing land island
[13:53:56] [P1301-accept] tap land for mana used_for=any
[13:53:56] [P1301-accept] submitting interaction iid=1HK8ZR.0.188 choice=1HK8ZR.0.188.c1 (Island)
[13:53:56] [P1301-accept] tap land for mana used_for=any
[13:53:56] [P1301-accept] submitting interaction iid=1HK8ZR.0.189 choice=1HK8ZR.0.189.c1 (Island)
[13:53:56] [P1301-accept] tap land for mana used_for=any
[13:53:56] [P1301-accept] submitting interaction iid=1HK8ZR.0.190 choice=1HK8ZR.0.190.c1 (Island)
[13:53:57] [P1301-accept] tap land for mana used_for=any
[13:53:57] [P1301-accept] submitting interaction iid=1HK8ZR.0.191 choice=1HK8ZR.0.191.c1 (Island)
[13:53:57] [P1301-accept] tap land for mana used_for=any
[13:53:57] [P1301-accept] submitting interaction iid=1HK8ZR.0.192 choice=1HK8ZR.0.192.c1 (Island)
[13:53:58] [P1301-accept] playing land island
[13:53:58] [P1301-accept] tap land for mana used_for=any
[13:53:58] [P1301-accept] submitting interaction iid=1HK8ZR.0.198 choice=1HK8ZR.0.198.c1 (Island)
[13:54:01] [301-accept] playing land island
[13:54:03] [P1301-accept] tap land for mana used_for=any
[13:54:03] [P1301-accept] submitting interaction iid=1HK8ZR.0.224 choice=1HK8ZR.0.224.c1 (Island)
[13:54:03] [P1301-accept] tap land for mana used_for=any
[13:54:03] [P1301-accept] submitting interaction iid=1HK8ZR.0.225 choice=1HK8ZR.0.225.c1 (Island)
[13:54:03] [P1301-accept] tap land for mana used_for=any
[13:54:03] [P1301-accept] submitting interaction iid=1HK8ZR.0.226 choice=1HK8ZR.0.226.c1 (Island)
[13:54:04] [P1301-accept] tap land for mana used_for=any
[13:54:04] [P1301-accept] submitting interaction iid=1HK8ZR.0.227 choice=1HK8ZR.0.227.c1 (Island)
[13:54:04] [P1301-accept] tap land for mana used_for=any
[13:54:04] [P1301-accept] submitting interaction iid=1HK8ZR.0.228 choice=1HK8ZR.0.228.c1 (Island)
[13:54:04] [P1301-accept] tap land for mana used_for=any
[13:54:04] [P1301-accept] submitting interaction iid=1HK8ZR.0.229 choice=1HK8ZR.0.229.c1 (Island)
[13:54:05] [P1301-accept] playing land island
[13:54:05] [P1301-accept] tap land for mana used_for=any
[13:54:05] [P1301-accept] submitting interaction iid=1HK8ZR.0.235 choice=1HK8ZR.0.235.c1 (Island)
[13:54:07] [301-accept] playing land island
[13:54:09] [P1301-accept] tap land for mana used_for=any
[13:54:09] [P1301-accept] submitting interaction iid=1HK8ZR.0.261 choice=1HK8ZR.0.261.c1 (Island)
[13:54:09] [P1301-accept] tap land for mana used_for=any
[13:54:09] [P1301-accept] submitting interaction iid=1HK8ZR.0.262 choice=1HK8ZR.0.262.c1 (Island)
[13:54:09] [P1301-accept] tap land for mana used_for=any
[13:54:09] [P1301-accept] submitting interaction iid=1HK8ZR.0.263 choice=1HK8ZR.0.263.c1 (Island)
[13:54:09] [P1301-accept] tap land for mana used_for=any
[13:54:09] [P1301-accept] submitting interaction iid=1HK8ZR.0.264 choice=1HK8ZR.0.264.c1 (Island)
[13:54:10] [P1301-accept] tap land for mana used_for=any
[13:54:10] [P1301-accept] submitting interaction iid=1HK8ZR.0.265 choice=1HK8ZR.0.265.c1 (Island)
[13:54:10] [P1301-accept] tap land for mana used_for=any
[13:54:10] [P1301-accept] submitting interaction iid=1HK8ZR.0.266 choice=1HK8ZR.0.266.c1 (Island)
[13:54:10] [P1301-accept] tap land for mana used_for=any
[13:54:10] [P1301-accept] submitting interaction iid=1HK8ZR.0.267 choice=1HK8ZR.0.267.c1 (Island)
[13:54:11] [P1301-accept] playing land island
[13:54:11] [P1301-accept] tap land for mana used_for=any
[13:54:11] [P1301-accept] submitting interaction iid=1HK8ZR.0.273 choice=1HK8ZR.0.273.c1 (Island)
[13:54:14] [301-accept] DIAG P0301-accept: rev=287 turn=17 phase=Draw act=0 prio_acts=[] vikind='choose' real_decision=False my_prio=False ops=[]
[13:54:14] [301-accept] DIAG P1301-accept: rev=287 turn=17 phase=Draw act=0 prio_acts=['PassPriority'] vikind='choose' real_decision=False my_prio=True ops=[{"rtype": "exactChoices", "n_items": 1, "codes": ["candidate", "passPriority"]}]
[13:54:14] [301-accept] playing land island
[13:54:16] [P1301-accept] tap land for mana used_for=any
[13:54:16] [P1301-accept] submitting interaction iid=1HK8ZR.0.299 choice=1HK8ZR.0.299.c1 (Island)
[13:54:16] [P1301-accept] tap land for mana used_for=any
[13:54:16] [P1301-accept] submitting interaction iid=1HK8ZR.0.300 choice=1HK8ZR.0.300.c1 (Island)
[13:54:16] [P1301-accept] tap land for mana used_for=any
[13:54:16] [P1301-accept] submitting interaction iid=1HK8ZR.0.301 choice=1HK8ZR.0.301.c1 (Island)
[13:54:17] [P1301-accept] tap land for mana used_for=any
[13:54:17] [P1301-accept] submitting interaction iid=1HK8ZR.0.302 choice=1HK8ZR.0.302.c1 (Island)
[13:54:17] [P1301-accept] tap land for mana used_for=any
[13:54:17] [P1301-accept] submitting interaction iid=1HK8ZR.0.303 choice=1HK8ZR.0.303.c1 (Island)
[13:54:17] [P1301-accept] tap land for mana used_for=any
[13:54:17] [P1301-accept] submitting interaction iid=1HK8ZR.0.304 choice=1HK8ZR.0.304.c1 (Island)
[13:54:17] [P1301-accept] tap land for mana used_for=any
[13:54:17] [P1301-accept] submitting interaction iid=1HK8ZR.0.305 choice=1HK8ZR.0.305.c1 (Island)
[13:54:17] [P1301-accept] tap land for mana used_for=any
[13:54:17] [P1301-accept] submitting interaction iid=1HK8ZR.0.306 choice=1HK8ZR.0.306.c1 (Island)
[13:54:18] [P1301-accept] playing land island
[13:54:18] [P1301-accept] tap land for mana used_for=any
[13:54:18] [P1301-accept] submitting interaction iid=1HK8ZR.0.312 choice=1HK8ZR.0.312.c1 (Island)
[13:54:22] [301-accept] playing land island
[13:54:24] [P1301-accept] tap land for mana used_for=any
[13:54:24] [P1301-accept] submitting interaction iid=1HK8ZR.0.338 choice=1HK8ZR.0.338.c1 (Island)
[13:54:24] [P1301-accept] tap land for mana used_for=any
[13:54:24] [P1301-accept] submitting interaction iid=1HK8ZR.0.339 choice=1HK8ZR.0.339.c1 (Island)
[13:54:24] [P1301-accept] tap land for mana used_for=any
[13:54:24] [P1301-accept] submitting interaction iid=1HK8ZR.0.340 choice=1HK8ZR.0.340.c1 (Island)
[13:54:24] [P1301-accept] tap land for mana used_for=any
[13:54:24] [P1301-accept] submitting interaction iid=1HK8ZR.0.341 choice=1HK8ZR.0.341.c1 (Island)
[13:54:24] [P1301-accept] tap land for mana used_for=any
[13:54:24] [P1301-accept] submitting interaction iid=1HK8ZR.0.342 choice=1HK8ZR.0.342.c1 (Island)
[13:54:25] [P1301-accept] tap land for mana used_for=any
[13:54:25] [P1301-accept] submitting interaction iid=1HK8ZR.0.343 choice=1HK8ZR.0.343.c1 (Island)
[13:54:25] [P1301-accept] tap land for mana used_for=any
[13:54:25] [P1301-accept] submitting interaction iid=1HK8ZR.0.344 choice=1HK8ZR.0.344.c1 (Island)
[13:54:25] [P1301-accept] tap land for mana used_for=any
[13:54:25] [P1301-accept] submitting interaction iid=1HK8ZR.0.345 choice=1HK8ZR.0.345.c1 (Island)
[13:54:25] [P1301-accept] tap land for mana used_for=any
[13:54:25] [P1301-accept] submitting interaction iid=1HK8ZR.0.346 choice=1HK8ZR.0.346.c1 (Island)
[13:54:26] [P1301-accept] playing land island
[13:54:26] [P1301-accept] tap land for mana used_for=any
[13:54:26] [P1301-accept] submitting interaction iid=1HK8ZR.0.352 choice=1HK8ZR.0.352.c1 (Island)
[13:54:29] [301-accept] playing land island
[13:54:31] [P1301-accept] tap land for mana used_for=any
[13:54:31] [P1301-accept] submitting interaction iid=1HK8ZR.0.378 choice=1HK8ZR.0.378.c1 (Island)
[13:54:31] [P1301-accept] tap land for mana used_for=any
[13:54:31] [P1301-accept] submitting interaction iid=1HK8ZR.0.379 choice=1HK8ZR.0.379.c1 (Island)
[13:54:31] [P1301-accept] tap land for mana used_for=any
[13:54:31] [P1301-accept] submitting interaction iid=1HK8ZR.0.380 choice=1HK8ZR.0.380.c1 (Island)
[13:54:31] [P1301-accept] tap land for mana used_for=any
[13:54:31] [P1301-accept] submitting interaction iid=1HK8ZR.0.381 choice=1HK8ZR.0.381.c1 (Island)
[13:54:31] [P1301-accept] tap land for mana used_for=any
[13:54:31] [P1301-accept] submitting interaction iid=1HK8ZR.0.382 choice=1HK8ZR.0.382.c1 (Island)
[13:54:31] [P1301-accept] tap land for mana used_for=any
[13:54:31] [P1301-accept] submitting interaction iid=1HK8ZR.0.383 choice=1HK8ZR.0.383.c1 (Island)
[13:54:32] [P1301-accept] tap land for mana used_for=any
[13:54:32] [P1301-accept] submitting interaction iid=1HK8ZR.0.384 choice=1HK8ZR.0.384.c1 (Island)
[13:54:32] [P1301-accept] tap land for mana used_for=any
[13:54:32] [P1301-accept] submitting interaction iid=1HK8ZR.0.385 choice=1HK8ZR.0.385.c1 (Island)
[13:54:32] [P1301-accept] tap land for mana used_for=any
[13:54:32] [P1301-accept] submitting interaction iid=1HK8ZR.0.386 choice=1HK8ZR.0.386.c1 (Island)
[13:54:32] [P1301-accept] tap land for mana used_for=any
[13:54:32] [P1301-accept] submitting interaction iid=1HK8ZR.0.387 choice=1HK8ZR.0.387.c1 (Island)
[13:54:33] [P1301-accept] playing land island
[13:54:33] [P1301-accept] tap land for mana used_for=any
[13:54:33] [P1301-accept] submitting interaction iid=1HK8ZR.0.393 choice=1HK8ZR.0.393.c1 (Island)
[13:54:35] [301-accept] playing land island
[13:54:36] exporting PRE_ACTIVATION state
[13:54:36] ACTIVATING CHAOS WAND (id 21) via advertised ActivateAbility
[13:54:36] submitting ActivateAbility via ActivateAbility legal_action (holding priority)
[13:54:36] [301-accept] tap land for mana used_for=generic
[13:54:36] [301-accept] submitting interaction iid=1HK8ZR.0.410 choice=1HK8ZR.0.410.c1 (Island)
[13:54:37] [301-accept] tap land for mana used_for=generic
[13:54:37] [301-accept] submitting interaction iid=1HK8ZR.0.411 choice=1HK8ZR.0.411.c1 (Island)
[13:54:37] [301-accept] tap land for mana used_for=generic
[13:54:37] [301-accept] submitting interaction iid=1HK8ZR.0.412 choice=1HK8ZR.0.412.c1 (Island)
[13:54:37] [301-accept] tap land for mana used_for=generic
[13:54:37] [301-accept] submitting interaction iid=1HK8ZR.0.413 choice=1HK8ZR.0.413.c1 (Island)
[13:54:38] [301-accept] activation watch: wand tapped=True stack=1 needs={'generic': 0} pool={"mana": [{"color": "Blue", "source_id": 2, "pip_id": 77, "snow": false, "restrictions": []}, {"color": "Blue", "source_ vikind='choose'
[13:54:38] [301-accept] wand ability on the stack
[13:54:38] exporting POST_EXILE checkpoint
[13:54:39] P0 submitting accept: choice id=1HK8ZR.0.416.c1
[13:54:41] target opportunity found; exporting PRE_TARGET checkpoint
[13:54:42] [301-accept] submitting advertised target: id=1HK8ZR.0.417.t1 kind=sequence
[13:54:42] REJECTION: {"type": "ActionRejected", "data": {"rejection": {"code": "action_not_allowed", "disposition": "unavailable", "message": "That action is not allowed right now.", "related_object_ids": []}}}
[13:54:44] exporting POST_FAILURE state
[13:54:44] connecting P1...
[13:54:44] game U4QS2N mode=decline; P0 seat=0 P1 seat=1
[13:54:45] [301-decline] keep 7: ['island', 'island', 'island', 'chaos wand', 'island', 'island', 'island']
[13:54:45] [P1301-decline] keep 7: ['island', 'island', 'island', 'island', 'island', 'island', 'island']
[13:54:45] [301-decline] playing land island
[13:54:48] [P1301-decline] playing land island
[13:54:48] [P1301-decline] tap land for mana used_for=any
[13:54:48] [P1301-decline] submitting interaction iid=U4QS2N.0.22 choice=U4QS2N.0.22.c1 (Island)
[13:54:52] [301-decline] playing land island
[13:54:53] [P1301-decline] tap land for mana used_for=any
[13:54:53] [P1301-decline] submitting interaction iid=U4QS2N.0.48 choice=U4QS2N.0.48.c1 (Island)
[13:54:54] [P1301-decline] playing land island
[13:54:54] [P1301-decline] tap land for mana used_for=any
[13:54:54] [P1301-decline] submitting interaction iid=U4QS2N.0.54 choice=U4QS2N.0.54.c1 (Island)
[13:54:57] [301-decline] playing land island
[13:54:57] [301-decline] casting Chaos Wand (oid 49)
[13:54:59] [P1301-decline] tap land for mana used_for=any
[13:54:59] [P1301-decline] submitting interaction iid=U4QS2N.0.83 choice=U4QS2N.0.83.c1 (Island)
[13:54:59] [P1301-decline] tap land for mana used_for=any
[13:54:59] [P1301-decline] submitting interaction iid=U4QS2N.0.84 choice=U4QS2N.0.84.c1 (Island)
[13:55:00] [P1301-decline] playing land island
[13:55:00] [P1301-decline] tap land for mana used_for=any
[13:55:00] [P1301-decline] submitting interaction iid=U4QS2N.0.90 choice=U4QS2N.0.90.c1 (Island)
[13:55:02] [301-decline] tap land for mana used_for=generic
[13:55:02] [301-decline] submitting interaction iid=U4QS2N.0.101 choice=U4QS2N.0.101.c1 (Island)
[13:55:02] [301-decline] tap land for mana used_for=generic
[13:55:02] [301-decline] submitting interaction iid=U4QS2N.0.102 choice=U4QS2N.0.102.c1 (Island)
[13:55:02] [301-decline] tap land for mana used_for=generic
[13:55:02] [301-decline] submitting interaction iid=U4QS2N.0.103 choice=U4QS2N.0.103.c1 (Island)
[13:55:03] [301-decline] playing land island
[13:55:06] [P1301-decline] tap land for mana used_for=any
[13:55:06] [P1301-decline] submitting interaction iid=U4QS2N.0.119 choice=U4QS2N.0.119.c1 (Island)
[13:55:06] [P1301-decline] tap land for mana used_for=any
[13:55:06] [P1301-decline] submitting interaction iid=U4QS2N.0.120 choice=U4QS2N.0.120.c1 (Island)
[13:55:06] [P1301-decline] tap land for mana used_for=any
[13:55:06] [P1301-decline] submitting interaction iid=U4QS2N.0.121 choice=U4QS2N.0.121.c1 (Island)
[13:55:07] [P1301-decline] playing land island
[13:55:07] [P1301-decline] tap land for mana used_for=any
[13:55:07] [P1301-decline] submitting interaction iid=U4QS2N.0.127 choice=U4QS2N.0.127.c1 (Island)
[13:55:10] [301-decline] DIAG P0301-decline: rev=141 turn=9 phase=Draw act=0 prio_acts=[] vikind='choose' real_decision=False my_prio=False ops=[]
[13:55:10] [301-decline] DIAG P1301-decline: rev=141 turn=9 phase=Draw act=0 prio_acts=['PassPriority'] vikind='choose' real_decision=False my_prio=True ops=[{"rtype": "exactChoices", "n_items": 1, "codes": ["candidate", "passPriority"]}]
[13:55:10] [301-decline] playing land island
[13:55:12] [P1301-decline] tap land for mana used_for=any
[13:55:12] [P1301-decline] submitting interaction iid=U4QS2N.0.153 choice=U4QS2N.0.153.c1 (Island)
[13:55:12] [P1301-decline] tap land for mana used_for=any
[13:55:12] [P1301-decline] submitting interaction iid=U4QS2N.0.154 choice=U4QS2N.0.154.c1 (Island)
[13:55:12] [P1301-decline] tap land for mana used_for=any
[13:55:12] [P1301-decline] submitting interaction iid=U4QS2N.0.155 choice=U4QS2N.0.155.c1 (Island)
[13:55:12] [P1301-decline] tap land for mana used_for=any
[13:55:12] [P1301-decline] submitting interaction iid=U4QS2N.0.156 choice=U4QS2N.0.156.c1 (Island)
[13:55:13] [P1301-decline] playing land island
[13:55:13] [P1301-decline] tap land for mana used_for=any
[13:55:13] [P1301-decline] submitting interaction iid=U4QS2N.0.162 choice=U4QS2N.0.162.c1 (Island)
[13:55:16] [301-decline] playing land island
[13:55:18] [P1301-decline] tap land for mana used_for=any
[13:55:18] [P1301-decline] submitting interaction iid=U4QS2N.0.188 choice=U4QS2N.0.188.c1 (Island)
[13:55:18] [P1301-decline] tap land for mana used_for=any
[13:55:18] [P1301-decline] submitting interaction iid=U4QS2N.0.189 choice=U4QS2N.0.189.c1 (Island)
[13:55:18] [P1301-decline] tap land for mana used_for=any
[13:55:18] [P1301-decline] submitting interaction iid=U4QS2N.0.190 choice=U4QS2N.0.190.c1 (Island)
[13:55:18] [P1301-decline] tap land for mana used_for=any
[13:55:18] [P1301-decline] submitting interaction iid=U4QS2N.0.191 choice=U4QS2N.0.191.c1 (Island)
[13:55:18] [P1301-decline] tap land for mana used_for=any
[13:55:18] [P1301-decline] submitting interaction iid=U4QS2N.0.192 choice=U4QS2N.0.192.c1 (Island)
[13:55:19] [P1301-decline] playing land island
[13:55:19] [P1301-decline] tap land for mana used_for=any
[13:55:19] [P1301-decline] submitting interaction iid=U4QS2N.0.198 choice=U4QS2N.0.198.c1 (Island)
[13:55:23] [301-decline] playing land island
[13:55:26] [P1301-decline] tap land for mana used_for=any
[13:55:26] [P1301-decline] submitting interaction iid=U4QS2N.0.224 choice=U4QS2N.0.224.c1 (Island)
[13:55:26] [P1301-decline] tap land for mana used_for=any
[13:55:26] [P1301-decline] submitting interaction iid=U4QS2N.0.225 choice=U4QS2N.0.225.c1 (Island)
[13:55:26] [P1301-decline] tap land for mana used_for=any
[13:55:26] [P1301-decline] submitting interaction iid=U4QS2N.0.226 choice=U4QS2N.0.226.c1 (Island)
[13:55:26] [P1301-decline] tap land for mana used_for=any
[13:55:26] [P1301-decline] submitting interaction iid=U4QS2N.0.227 choice=U4QS2N.0.227.c1 (Island)
[13:55:26] [P1301-decline] tap land for mana used_for=any
[13:55:26] [P1301-decline] submitting interaction iid=U4QS2N.0.228 choice=U4QS2N.0.228.c1 (Island)
[13:55:26] [P1301-decline] tap land for mana used_for=any
[13:55:26] [P1301-decline] submitting interaction iid=U4QS2N.0.229 choice=U4QS2N.0.229.c1 (Island)
[13:55:27] [P1301-decline] playing land island
[13:55:28] [P1301-decline] tap land for mana used_for=any
[13:55:28] [P1301-decline] submitting interaction iid=U4QS2N.0.235 choice=U4QS2N.0.235.c1 (Island)
[13:55:30] [301-decline] playing land island
[13:55:32] [P1301-decline] tap land for mana used_for=any
[13:55:32] [P1301-decline] submitting interaction iid=U4QS2N.0.261 choice=U4QS2N.0.261.c1 (Island)
[13:55:32] [P1301-decline] tap land for mana used_for=any
[13:55:32] [P1301-decline] submitting interaction iid=U4QS2N.0.262 choice=U4QS2N.0.262.c1 (Island)
[13:55:32] [P1301-decline] tap land for mana used_for=any
[13:55:32] [P1301-decline] submitting interaction iid=U4QS2N.0.263 choice=U4QS2N.0.263.c1 (Island)
[13:55:32] [P1301-decline] tap land for mana used_for=any
[13:55:32] [P1301-decline] submitting interaction iid=U4QS2N.0.264 choice=U4QS2N.0.264.c1 (Island)
[13:55:32] [P1301-decline] tap land for mana used_for=any
[13:55:32] [P1301-decline] submitting interaction iid=U4QS2N.0.265 choice=U4QS2N.0.265.c1 (Island)
[13:55:32] [P1301-decline] tap land for mana used_for=any
[13:55:32] [P1301-decline] submitting interaction iid=U4QS2N.0.266 choice=U4QS2N.0.266.c1 (Island)
[13:55:32] [P1301-decline] tap land for mana used_for=any
[13:55:32] [P1301-decline] submitting interaction iid=U4QS2N.0.267 choice=U4QS2N.0.267.c1 (Island)
[13:55:33] [P1301-decline] playing land island
[13:55:33] [P1301-decline] tap land for mana used_for=any
[13:55:33] [P1301-decline] submitting interaction iid=U4QS2N.0.273 choice=U4QS2N.0.273.c1 (Island)
[13:55:35] [301-decline] DIAG P0301-decline: rev=281 turn=16 phase=PostCombatMain act=1 prio_acts=['PassPriority', 'ActivateAbility'] vikind='choose' real_decision=False my_prio=True ops=[{"rtype": "exactChoices", "n_items": 10, "codes": ["activateAbility", "candidate", "passPriority", "tapLandForMana"]}]
[13:55:35] [301-decline] DIAG P1301-decline: rev=281 turn=16 phase=PostCombatMain act=1 prio_acts=[] vikind='choose' real_decision=False my_prio=False ops=[]
[13:55:36] [301-decline] playing land island
[13:55:38] [P1301-decline] tap land for mana used_for=any
[13:55:38] [P1301-decline] submitting interaction iid=U4QS2N.0.299 choice=U4QS2N.0.299.c1 (Island)
[13:55:38] [P1301-decline] tap land for mana used_for=any
[13:55:38] [P1301-decline] submitting interaction iid=U4QS2N.0.300 choice=U4QS2N.0.300.c1 (Island)
[13:55:38] [P1301-decline] tap land for mana used_for=any
[13:55:38] [P1301-decline] submitting interaction iid=U4QS2N.0.301 choice=U4QS2N.0.301.c1 (Island)
[13:55:38] [P1301-decline] tap land for mana used_for=any
[13:55:38] [P1301-decline] submitting interaction iid=U4QS2N.0.302 choice=U4QS2N.0.302.c1 (Island)
[13:55:39] [P1301-decline] tap land for mana used_for=any
[13:55:39] [P1301-decline] submitting interaction iid=U4QS2N.0.303 choice=U4QS2N.0.303.c1 (Island)
[13:55:39] [P1301-decline] tap land for mana used_for=any
[13:55:39] [P1301-decline] submitting interaction iid=U4QS2N.0.304 choice=U4QS2N.0.304.c1 (Island)
[13:55:39] [P1301-decline] tap land for mana used_for=any
[13:55:39] [P1301-decline] submitting interaction iid=U4QS2N.0.305 choice=U4QS2N.0.305.c1 (Island)
[13:55:39] [P1301-decline] tap land for mana used_for=any
[13:55:39] [P1301-decline] submitting interaction iid=U4QS2N.0.306 choice=U4QS2N.0.306.c1 (Island)
[13:55:41] [P1301-decline] playing land island
[13:55:42] [P1301-decline] tap land for mana used_for=any
[13:55:42] [P1301-decline] submitting interaction iid=U4QS2N.0.312 choice=U4QS2N.0.312.c1 (Island)
[13:55:44] [301-decline] playing land island
[13:55:46] [P1301-decline] tap land for mana used_for=any
[13:55:46] [P1301-decline] submitting interaction iid=U4QS2N.0.338 choice=U4QS2N.0.338.c1 (Island)
[13:55:46] [P1301-decline] tap land for mana used_for=any
[13:55:46] [P1301-decline] submitting interaction iid=U4QS2N.0.339 choice=U4QS2N.0.339.c1 (Island)
[13:55:46] [P1301-decline] tap land for mana used_for=any
[13:55:46] [P1301-decline] submitting interaction iid=U4QS2N.0.340 choice=U4QS2N.0.340.c1 (Island)
[13:55:46] [P1301-decline] tap land for mana used_for=any
[13:55:46] [P1301-decline] submitting interaction iid=U4QS2N.0.341 choice=U4QS2N.0.341.c1 (Island)
[13:55:46] [P1301-decline] tap land for mana used_for=any
[13:55:46] [P1301-decline] submitting interaction iid=U4QS2N.0.342 choice=U4QS2N.0.342.c1 (Island)
[13:55:46] [P1301-decline] tap land for mana used_for=any
[13:55:46] [P1301-decline] submitting interaction iid=U4QS2N.0.343 choice=U4QS2N.0.343.c1 (Island)
[13:55:47] [P1301-decline] tap land for mana used_for=any
[13:55:47] [P1301-decline] submitting interaction iid=U4QS2N.0.344 choice=U4QS2N.0.344.c1 (Island)
[13:55:47] [P1301-decline] tap land for mana used_for=any
[13:55:47] [P1301-decline] submitting interaction iid=U4QS2N.0.345 choice=U4QS2N.0.345.c1 (Island)
[13:55:47] [P1301-decline] tap land for mana used_for=any
[13:55:47] [P1301-decline] submitting interaction iid=U4QS2N.0.346 choice=U4QS2N.0.346.c1 (Island)
[13:55:48] [P1301-decline] playing land island
[13:55:48] [P1301-decline] tap land for mana used_for=any
[13:55:48] [P1301-decline] submitting interaction iid=U4QS2N.0.352 choice=U4QS2N.0.352.c1 (Island)
[13:55:51] [301-decline] playing land island
[13:55:52] [P1301-decline] tap land for mana used_for=any
[13:55:52] [P1301-decline] submitting interaction iid=U4QS2N.0.378 choice=U4QS2N.0.378.c1 (Island)
[13:55:52] [P1301-decline] tap land for mana used_for=any
[13:55:52] [P1301-decline] submitting interaction iid=U4QS2N.0.379 choice=U4QS2N.0.379.c1 (Island)
[13:55:53] [P1301-decline] tap land for mana used_for=any
[13:55:53] [P1301-decline] submitting interaction iid=U4QS2N.0.380 choice=U4QS2N.0.380.c1 (Island)
[13:55:53] [P1301-decline] tap land for mana used_for=any
[13:55:53] [P1301-decline] submitting interaction iid=U4QS2N.0.381 choice=U4QS2N.0.381.c1 (Island)
[13:55:53] [P1301-decline] tap land for mana used_for=any
[13:55:53] [P1301-decline] submitting interaction iid=U4QS2N.0.382 choice=U4QS2N.0.382.c1 (Island)
[13:55:53] [P1301-decline] tap land for mana used_for=any
[13:55:53] [P1301-decline] submitting interaction iid=U4QS2N.0.383 choice=U4QS2N.0.383.c1 (Island)
[13:55:53] [P1301-decline] tap land for mana used_for=any
[13:55:53] [P1301-decline] submitting interaction iid=U4QS2N.0.384 choice=U4QS2N.0.384.c1 (Island)
[13:55:53] [P1301-decline] tap land for mana used_for=any
[13:55:53] [P1301-decline] submitting interaction iid=U4QS2N.0.385 choice=U4QS2N.0.385.c1 (Island)
[13:55:53] [P1301-decline] tap land for mana used_for=any
[13:55:53] [P1301-decline] submitting interaction iid=U4QS2N.0.386 choice=U4QS2N.0.386.c1 (Island)
[13:55:54] [P1301-decline] tap land for mana used_for=any
[13:55:54] [P1301-decline] submitting interaction iid=U4QS2N.0.387 choice=U4QS2N.0.387.c1 (Island)
[13:55:55] [P1301-decline] playing land island
[13:55:55] [P1301-decline] tap land for mana used_for=any
[13:55:55] [P1301-decline] submitting interaction iid=U4QS2N.0.393 choice=U4QS2N.0.393.c1 (Island)
[13:55:58] [301-decline] playing land island
[13:55:58] exporting PRE_ACTIVATION state
[13:55:58] ACTIVATING CHAOS WAND (id 49) via advertised ActivateAbility
[13:55:59] submitting ActivateAbility via ActivateAbility legal_action (holding priority)
[13:55:59] [301-decline] tap land for mana used_for=generic
[13:55:59] [301-decline] submitting interaction iid=U4QS2N.0.410 choice=U4QS2N.0.410.c1 (Island)
[13:55:59] [301-decline] tap land for mana used_for=generic
[13:55:59] [301-decline] submitting interaction iid=U4QS2N.0.411 choice=U4QS2N.0.411.c1 (Island)
[13:56:00] [301-decline] tap land for mana used_for=generic
[13:56:00] [301-decline] submitting interaction iid=U4QS2N.0.412 choice=U4QS2N.0.412.c1 (Island)
[13:56:00] [301-decline] tap land for mana used_for=generic
[13:56:00] [301-decline] submitting interaction iid=U4QS2N.0.413 choice=U4QS2N.0.413.c1 (Island)
[13:56:00] [301-decline] activation watch: wand tapped=True stack=1 needs={'generic': 0} pool={"mana": [{"color": "Blue", "source_id": 7, "pip_id": 77, "snow": false, "restrictions": []}, {"color": "Blue", "source_ vikind='choose'
[13:56:00] [301-decline] wand ability on the stack
[13:56:01] exporting POST_EXILE checkpoint
[13:56:01] P0 submitting decline: choice id=U4QS2N.0.416.c0
[13:56:04] exporting DECLINE_POST state
[13:56:04] VERDICT: reproduced
