ServerHello: {'server_version': '0.83.0', 'build_commit': 'b7a59d4', 'protocol_version': 70, 'mode': 'Full'}
oracle: Menace (This creature can't be blocked except by two or more creatures.) | Whenever Raphael deals combat damage to a player for the first time each turn, untap all attacking creatures. After this combat phase, there is an additional combat phase.
A1_parse_gap: passed (trigger constraint = {"type": "OncePerTurn"}; no damaged-player key - the parse collapses the per-player occurrence limit into a global once-per-turn)
game Z1O2CM; seats P0=0 P1=1 P2=2 RUN_ID=20260915-7173e
P0 keeps (5 lands)
P1 keeps (7 lands)
P2 keeps (7 lands)
[P2] discards 1 to hand size
[P1] discards 1 to hand size
[P2] discards 1 to hand size
[P1] discards 1 to hand size
[P2] discards 1 to hand size
[P1] discards 1 to hand size
[P2] discards 1 to hand size
[P1] discards 1 to hand size
[P2] discards 1 to hand size
[P1] discards 1 to hand size
[P2] discards 1 to hand size
[P0] cast Raphael (turn 17)
[P1] discards 1 to hand size
[P2] discards 1 to hand size
exported PRE
[P0] attack armed (turn 20); pre.json exported
[P0] combat #1 declares: Raphael -> P1 (turn 20)
TRIGGER SIGHTING: Raphael TriggeredAbility on stack (turn 20, phase CombatDamage, combat #1)
P1 damaged: life=15 (turn 20, phase CombatDamage)
untap_seen: Raphael untapped after combat-1 damage
[P0] combat #2 declares: Raphael -> P2 (turn 20)
P2 damaged: life=15 (turn 20, phase CombatDamage)
exported MID
[P1] discards 1 to hand size
[P2] discards 1 to hand size
[P0] control leg armed (turn 23): attack P1 next combat to check the trigger resets next turn
[P0] combat #3 declares: Raphael -> P1 (turn 23)
TRIGGER SIGHTING: Raphael TriggeredAbility on stack (turn 23, phase CombatDamage, combat #3)
control: next-turn trigger sighting: {'key': (23, 'CombatDamage', 3), 'turn': 23, 'phase': 'CombatDamage', 'combat': 3, 'targets_so_far': [1, 2, 1], 'p1_life': 10, 'p2_life': 15}
[P1] discards 1 to hand size
[P2] discards 1 to hand size
cleanup window closed; finishing
exported POST
loaded pre.json
loaded mid.json
loaded post.json
control: next-turn re-trigger sighting: True
A1_parse_gap: passed
A2_setup_ok: passed
A3_first_trigger: passed
A4_additional_combat_1: passed
A5_second_trigger: failed
A6_cleanup: passed
note: A1_parse_gap: passed (trigger constraint = {"type": "OncePerTurn"}; no damaged-player key - the parse collapses the per-player occurrence limit into a global once-per-turn)
note: A2: Raphael on P0 BF in pre.json: True
note: A3: stack_sighting_c1=True untap_seen=True attack-turn combats=2 -> passed
note: A4: P0 DeclareAttackers in attack turn 20 = 2 (targets [1, 2, 1]) -> passed
note: A5: stack_sighting_c2=False attack-turn combats=2 -> FAILED (FAILED = reported bug: first damage to a different player does not re-trigger)
note: A6: post stack empty=True
note: control: next-turn attack on P1 re-triggered = True (turn 23) - the once-per-turn history resets each turn
VERDICT: reproduced
wrote run.json
copied server.log from runs/20260915-7173-server/
wrote summary.png
