[06:45:41] server identity hashes recomputed against on-disk pinned artifacts
[06:45:41] ServerHello: version=0.103.0 build=ec27a8d protocol=106 mode=Full
[06:45:41] ===== game A =====
[06:45:42] game CFSB7H variant=A; P0 seat=0 P1 seat=1
[06:45:42] [A] keep 7: ['forest', 'walking ballista', 'walking ballista', 'forest', 'forest', 'forest', 'forest']
[06:45:42] [A] keep 7: ['swamp', 'swamp', 'swamp', 'swamp', 'swamp', 'swamp', 'swamp']
[06:45:43] [A] playing land swamp (legacy)
[06:45:47] [A] playing land forest (legacy)
[06:45:48] [A] casting Walking Ballista (oid 17), X=0
[06:45:48] [A] casting Walking Ballista (oid 17), X=0
[06:45:48] [A] Ballista X-choice -> X=0
[06:45:48] [A] casting Walking Ballista (oid 36), X=0
[06:45:49] [A] Ballista X-choice -> X=0
[06:45:53] [A] playing land swamp (legacy)
[06:45:57] [A] playing land forest (legacy)
[06:46:02] [A] playing land swamp (legacy)
[06:46:02] [A] casting Emperor of Bones (oid 76)
[06:46:02] [A] tap land for mana used_for=B
[06:46:02] [A] submitting interaction iid=CFSB7H.0.74 choice=CFSB7H.0.74.c9 (Swamp)
[06:46:03] [A] tap land for mana used_for=B
[06:46:03] [A] submitting interaction iid=CFSB7H.0.75 choice=CFSB7H.0.75.c3 (Swamp)
[06:46:04] [A] Emperor trigger targets Ballista oid 36 (choice CFSB7H.0.80.t1) variant=A
[06:46:05] [A] CAPTURE: trigger entry 121 targets Ballista 36; P0 holds priority
[06:46:07] [A] trigger resolved; chosen Ballista 36 exiled; post state exported
[06:46:07] game A: captured=True chosen=36 entry=121
[06:46:07] ===== game B =====
[06:46:07] game VSTGL1 variant=B; P0 seat=0 P1 seat=1
[06:46:08] [B] keep 7: ['walking ballista', 'walking ballista', 'forest', 'forest', 'forest', 'walking ballista', 'walking ballista']
[06:46:08] [B] keep 7: ['swamp', 'swamp', 'swamp', 'swamp', 'swamp', 'swamp', 'swamp']
[06:46:09] [B] playing land swamp (legacy)
[06:46:14] [B] playing land forest (legacy)
[06:46:14] [B] casting Walking Ballista (oid 12), X=0
[06:46:14] [B] casting Walking Ballista (oid 12), X=0
[06:46:14] [B] Ballista X-choice -> X=0
[06:46:15] [B] casting Walking Ballista (oid 16), X=0
[06:46:16] [B] casting Walking Ballista (oid 16), X=0
[06:46:16] [B] Ballista X-choice -> X=0
[06:46:21] [B] playing land swamp (legacy)
[06:46:27] [B] playing land forest (legacy)
[06:46:31] [B] playing land swamp (legacy)
[06:46:35] [B] playing land forest (legacy)
[06:46:42] [B] playing land swamp (legacy)
[06:46:46] [B] playing land forest (legacy)
[06:46:51] [B] playing land swamp (legacy)
[06:46:53] [B] DIAG P0-B: rev=138 turn=9 phase=BeginCombat vikind='choose' real_decision=False my_prio=True stack=0 p0_gy_ballistas=['12', '16'] captured=False
[06:46:53] [B] DIAG P1-B: rev=138 turn=9 phase=BeginCombat vikind='choose' real_decision=False my_prio=False stack=0 p0_gy_ballistas=['12', '16'] captured=False
[06:46:56] [B] playing land forest (legacy)
[06:47:01] [B] playing land swamp (legacy)
[06:47:04] [B] playing land forest (legacy)
[06:47:08] [B] playing land swamp (legacy)
[06:47:13] [B] playing land forest (legacy)
[06:47:17] [B] playing land swamp (legacy)
[06:47:18] [B] casting Emperor of Bones (oid 101)
[06:47:18] [B] tap land for mana used_for=B
[06:47:18] [B] submitting interaction iid=VSTGL1.0.225 choice=VSTGL1.0.225.c3 (Swamp)
[06:47:18] [B] casting Emperor of Bones (oid 101)
[06:47:18] [B] tap land for mana used_for=B
[06:47:18] [B] submitting interaction iid=VSTGL1.0.226 choice=VSTGL1.0.226.c1 (Swamp)
[06:47:18] [B] tap land for mana used_for=B
[06:47:18] [B] submitting interaction iid=VSTGL1.0.227 choice=VSTGL1.0.227.c1 (Swamp)
[06:47:21] [B] Emperor trigger targets Ballista oid 12 (choice VSTGL1.0.231.t0) variant=B
[06:47:22] [B] CAPTURE: trigger entry 121 targets Ballista 12; P0 holds priority
[06:47:22] [B] trigger resolved; chosen Ballista 12 exiled; post state exported
[06:47:22] game B: captured=True chosen=12 entry=121
[06:47:22] ENGINE DONE assertions={"E1_setup_ok": "passed", "E2_trigger_targeted": "passed", "E3_identity_distinct": "passed", "E4_snapshot_captured": "passed", "E5_cleanup": "passed"}
