[02:27:46] server identity hashes verified against on-disk pinned artifacts
[02:27:48] ServerHello: version=0.102.0 build=e17f6fd protocol=106 mode=Full
[02:27:48] data-level finding: 15-20 branch still parses Unimplemented (create + optional roll again)
[02:27:49] P0 creating game...
[02:27:49] P1 joining...
[02:27:49] game EOKORR; P0 seat=0 P1 seat=1
[02:27:50] [P0] mulligan -> Keep (hand=['mountain', 'grizzly bears', 'delina, wild mage', 'forest', 'delina, wild mage', 'forest', 'grizzly bears'])
[02:27:50] [P1] mulligan -> Keep (hand=['llanowar elves', 'llanowar elves', 'llanowar elves', 'llanowar elves', 'llanowar elves', 'forest', 'llanowar elves'])
[02:27:50] [P1] playing land forest
[02:27:51] [P1] casts Llanowar Elves (67)
[02:27:55] [P0] playing land mountain
[02:27:59] [P1] playing land forest
[02:27:59] [P1] casts Llanowar Elves (106)
[02:28:00] [P1] casts Llanowar Elves (108)
[02:28:01] [P1] casts Llanowar Elves (86)
[02:28:06] [P0] playing land forest
[02:28:06] [P0] casts Grizzly Bears (31)
[02:28:10] [P1] casts Llanowar Elves (104)
[02:28:11] [P1] casts Llanowar Elves (77)
[02:28:12] [P1] casts Llanowar Elves (64)
[02:28:13] [P1] declare no attackers
[02:28:16] [P0] playing land forest
[02:28:20] [P0] declares no attackers (Delina unable, turn 6)
[02:28:23] [P1] casts Llanowar Elves (90)
[02:28:24] [P1] declare no attackers
[02:28:27] [P0] playing land forest
[02:28:28] [P0] casts Delina, Wild Mage (26)
[02:28:28] Delina on BF at turn 8
[02:28:28] exported pre.json
[02:28:28] === stage -> ATTACK (bear_bf=True) ===
[02:28:29] exported pre_attack_8.json
[02:28:29] --- attack turn 8 (#1) ---
[02:28:29] [P0] declares no attackers (Delina unable, turn 8)
[02:28:32] [P1] playing land forest
[02:28:34] [P1] declare no attackers
[02:28:36] [P0] playing land mountain
[02:28:36] exported pre_attack_10.json
[02:28:36] --- attack turn 10 (#2) ---
[02:28:38] [P0] declares attackers: Delina alone (turn 10)
[02:28:38] [P0] Delina trigger targets grizzly bears (turn 10)
[02:28:38] [P0] submitting interaction iid=EOKORR.0.180 choice=EOKORR.0.180.t0 (Grizzly Bears)
[02:28:39] turn 10: token delta = 1 (new oids ['122'])
[02:28:39] turn 10: classified LOW (initial_delta=1)
[02:28:39] [P1] declares blockers: 2 relations for 2 attackers
[02:28:39] exported mid_low.json
[02:28:39] === mid_low exported (turn 10, phase=DeclareBlockers) ===
[02:28:42] exported post_low.json
[02:28:42] turn 10: low-turn token exiled by PostCombatMain: False
[02:28:44] [P1] playing land forest
[02:28:45] [P1] declare no attackers
[02:28:48] [P0] playing land mountain
[02:28:48] exported pre_attack_12.json
[02:28:48] --- attack turn 12 (#3) ---
[02:28:50] [P0] declares attackers: Delina alone (turn 12)
[02:28:50] DIAG p0: rev=221 turn=12 phase=DeclareAttackers stage=ATTACK prio=False decision=True cast=None legend=0
[02:28:50] [P0] Delina trigger targets grizzly bears (turn 12)
[02:28:50] [P0] submitting interaction iid=EOKORR.0.222 choice=EOKORR.0.222.t0 (Grizzly Bears)
[02:28:51] turn 12: token delta = 1 (new oids ['124'])
[02:28:51] [P1] declares blockers: 2 relations for 2 attackers
[02:28:55] [P1] playing land forest
[02:28:56] [P1] declare no attackers
[02:28:59] [P0] playing land mountain
[02:28:59] exported pre_attack_14.json
[02:28:59] --- attack turn 14 (#4) ---
[02:29:00] [P0] declares attackers: Delina alone (turn 14)
[02:29:01] [P0] Delina trigger targets grizzly bears (turn 14)
[02:29:01] [P0] submitting interaction iid=EOKORR.0.264 choice=EOKORR.0.264.t0 (Grizzly Bears)
[02:29:01] turn 14: token delta = 1 (new oids ['126'])
[02:29:02] [P1] declares blockers: 2 relations for 2 attackers
[02:29:07] [P1] playing land forest
[02:29:08] [P1] declare no attackers
[02:29:11] [P0] playing land forest
[02:29:11] exported pre_attack_16.json
[02:29:11] --- attack turn 16 (#5) ---
[02:29:12] [P0] declares attackers: Delina alone (turn 16)
[02:29:12] [P0] Delina trigger targets grizzly bears (turn 16)
[02:29:12] [P0] submitting interaction iid=EOKORR.0.306 choice=EOKORR.0.306.t0 (Grizzly Bears)
[02:29:13] turn 16: token delta = 1 (new oids ['128'])
[02:29:14] [P1] declares blockers: 2 relations for 2 attackers
[02:29:17] [P1] playing land forest
[02:29:21] [P0] playing land mountain
[02:29:21] exported pre_attack_18.json
[02:29:21] --- attack turn 18 (#6) ---
[02:29:23] [P0] declares attackers: Delina alone (turn 18)
[02:29:23] [P0] Delina trigger targets grizzly bears (turn 18)
[02:29:23] [P0] submitting interaction iid=EOKORR.0.347 choice=EOKORR.0.347.t0 (Grizzly Bears)
[02:29:24] turn 18: token delta = 1 (new oids ['130'])
[02:29:29] [P1] playing land forest
[02:29:33] [P0] playing land forest
[02:29:33] exported pre_attack_20.json
[02:29:33] --- attack turn 20 (#7) ---
[02:29:34] [P0] declares attackers: Delina alone (turn 20)
[02:29:34] [P0] Delina trigger targets grizzly bears (turn 20)
[02:29:34] [P0] submitting interaction iid=EOKORR.0.387 choice=EOKORR.0.387.t0 (Grizzly Bears)
[02:29:35] turn 20: token delta = 1 (new oids ['132'])
[02:29:39] [P1] casts Llanowar Elves (73)
[02:29:43] [P0] playing land forest
[02:29:44] exported pre_attack_22.json
[02:29:44] --- attack turn 22 (#8) ---
[02:29:45] [P0] declares attackers: Delina alone (turn 22)
[02:29:45] [P0] Delina trigger targets grizzly bears (turn 22)
[02:29:45] [P0] submitting interaction iid=EOKORR.0.429 choice=EOKORR.0.429.t0 (Grizzly Bears)
[02:29:46] turn 22: token delta = 1 (new oids ['134'])
[02:29:46] [P1] declares blockers: 1 relations for 2 attackers
[02:29:50] DIAG p0: rev=443 turn=22 phase=End stage=ATTACK prio=True decision=False cast=None legend=0
[02:29:51] [P1] casts Llanowar Elves (109)
[02:29:56] [P0] playing land mountain
[02:29:56] exported pre_attack_24.json
[02:29:56] --- attack turn 24 (#9) ---
[02:29:57] [P0] declares attackers: Delina alone (turn 24)
[02:29:57] [P0] Delina trigger targets grizzly bears (turn 24)
[02:29:57] [P0] submitting interaction iid=EOKORR.0.472 choice=EOKORR.0.472.t0 (Grizzly Bears)
[02:29:58] turn 24: token delta = 1 (new oids ['136'])
[02:29:59] [P1] declares blockers: 1 relations for 2 attackers
[02:30:02] [P1] playing land forest
[02:30:06] [P0] playing land forest
[02:30:06] exported pre_attack_26.json
[02:30:06] --- attack turn 26 (#10) ---
[02:30:08] [P0] declares attackers: Delina alone (turn 26)
[02:30:08] [P0] Delina trigger targets grizzly bears (turn 26)
[02:30:08] [P0] submitting interaction iid=EOKORR.0.513 choice=EOKORR.0.513.t0 (Grizzly Bears)
[02:30:09] turn 26: token delta = 1 (new oids ['138'])
[02:30:13] [P1] playing land forest
[02:30:18] exported pre_attack_28.json
[02:30:18] --- attack turn 28 (#11) ---
[02:30:19] [P0] declares attackers: Delina alone (turn 28)
[02:30:19] [P0] Delina trigger targets grizzly bears (turn 28)
[02:30:19] [P0] submitting interaction iid=EOKORR.0.552 choice=EOKORR.0.552.t0 (Grizzly Bears)
[02:30:20] turn 28: token delta = 1 (new oids ['140'])
[02:30:50] DIAG p0: rev=559 turn=28 phase=CombatDamage stage=ATTACK prio=False decision=False cast=None legend=0
[02:31:50] DIAG p0: rev=559 turn=28 phase=CombatDamage stage=ATTACK prio=False decision=False cast=None legend=0
[02:32:50] DIAG p0: rev=559 turn=28 phase=CombatDamage stage=ATTACK prio=False decision=False cast=None legend=0
[02:33:50] DIAG p0: rev=559 turn=28 phase=CombatDamage stage=ATTACK prio=False decision=False cast=None legend=0
[02:34:51] DIAG p0: rev=559 turn=28 phase=CombatDamage stage=ATTACK prio=False decision=False cast=None legend=0
[02:35:51] DIAG p0: rev=559 turn=28 phase=CombatDamage stage=ATTACK prio=False decision=False cast=None legend=0
[02:39:20] server identity hashes verified against on-disk pinned artifacts
[02:39:23] ServerHello: version=0.102.0 build=e17f6fd protocol=106 mode=Full
[02:39:23] data-level finding: 15-20 branch still parses Unimplemented (create + optional roll again)
[02:39:24] P0 creating game...
[02:39:24] P1 joining...
[02:39:24] game I2XIER; P0 seat=0 P1 seat=1
[02:39:24] [P0] mulligan -> Keep (hand=['forest', 'mountain', 'grizzly bears', 'forest', 'delina, wild mage', 'grizzly bears', 'delina, wild mage'])
[02:39:24] [P1] mulligan -> Keep (hand=['forest', 'forest', 'forest', 'llanowar elves', 'llanowar elves', 'llanowar elves', 'llanowar elves'])
[02:39:25] [P0] playing land forest
[02:39:29] [P1] playing land forest
[02:39:29] [P1] casts Llanowar Elves (83)
[02:39:34] [P0] playing land mountain
[02:39:34] [P0] casts Grizzly Bears (17)
[02:39:39] [P1] playing land forest
[02:39:39] [P1] casts Llanowar Elves (109)
[02:39:40] [P1] casts Llanowar Elves (63)
[02:39:41] [P1] casts Llanowar Elves (95)
[02:39:45] [P0] playing land forest
[02:39:47] [P0] declares no attackers (Delina unable, turn 5)
[02:39:49] [P1] playing land forest
[02:39:50] [P1] casts Llanowar Elves (98)
[02:39:50] [P1] casts Llanowar Elves (101)
[02:39:52] [P1] declare no attackers
[02:39:56] [P0] playing land mountain
[02:39:56] [P0] casts Delina, Wild Mage (56)
[02:39:57] Delina on BF at turn 7
[02:39:57] exported pre.json
[02:39:57] === stage -> ATTACK (bear_bf=True) ===
[02:39:57] exported pre_attack_g1_7.json
[02:39:57] --- attack turn 7 (#1) ---
[02:39:58] [P0] declares no attackers (Delina unable, turn 7)
[02:40:01] [P1] playing land forest
[02:40:01] [P1] casts Llanowar Elves (76)
[02:40:03] [P1] declare no attackers
[02:40:06] [P0] playing land mountain
[02:40:06] exported pre_attack_g1_9.json
[02:40:06] --- attack turn 9 (#2) ---
[02:40:07] [P0] declares attackers: Delina alone (turn 9)
[02:40:07] [P0] Delina trigger targets grizzly bears (turn 9)
[02:40:07] [P0] submitting interaction iid=I2XIER.0.163 choice=I2XIER.0.163.t0 (Grizzly Bears)
[02:40:08] turn 9: token delta = 1 (new oids ['122'])
[02:40:09] [P1] declares blockers: 2 relations for 2 attackers
[02:40:12] [P1] playing land forest
[02:40:14] [P1] declare no attackers
[02:40:17] [P0] playing land forest
[02:40:17] exported pre_attack_g1_11.json
[02:40:17] --- attack turn 11 (#3) ---
[02:40:19] [P0] declares attackers: Delina alone (turn 11)
[02:40:19] [P0] Delina trigger targets grizzly bears (turn 11)
[02:40:19] [P0] submitting interaction iid=I2XIER.0.205 choice=I2XIER.0.205.t0 (Grizzly Bears)
[02:40:20] turn 11: token delta = 1 (new oids ['124'])
[02:40:20] [P1] declares blockers: 2 relations for 2 attackers
[02:40:24] [P1] playing land forest
[02:40:24] DIAG p0: rev=226 turn=12 phase=PreCombatMain stage=ATTACK prio=False decision=False cast=None legend=0
[02:40:25] [P1] declare no attackers
[02:40:28] [P0] playing land mountain
[02:40:28] exported pre_attack_g1_13.json
[02:40:28] --- attack turn 13 (#4) ---
[02:40:29] [P0] declares attackers: Delina alone (turn 13)
[02:40:30] [P0] Delina trigger targets grizzly bears (turn 13)
[02:40:30] [P0] submitting interaction iid=I2XIER.0.247 choice=I2XIER.0.247.t0 (Grizzly Bears)
[02:40:30] turn 13: token delta = 1 (new oids ['126'])
[02:40:31] [P1] declares blockers: 2 relations for 2 attackers
[02:40:35] [P1] casts Llanowar Elves (77)
[02:40:37] [P1] declare no attackers
[02:40:40] [P0] playing land mountain
[02:40:40] exported pre_attack_g1_15.json
[02:40:40] --- attack turn 15 (#5) ---
[02:40:42] [P0] declares attackers: Delina alone (turn 15)
[02:40:42] [P0] Delina trigger targets grizzly bears (turn 15)
[02:40:42] [P0] submitting interaction iid=I2XIER.0.291 choice=I2XIER.0.291.t0 (Grizzly Bears)
[02:40:43] [P0] 'roll again' prompt (turn 15): ACCEPTED
[02:40:43] [P0] submitting interaction iid=I2XIER.0.294 choice=I2XIER.0.294.c1 (true)
[02:40:43] turn 15: token delta = 0 (new oids [])
[02:40:43] turn 15: classified HIGH (initial_delta=0, prompt=yes)
[02:40:43] exported mid_high.json
[02:40:43] === mid_high exported (turn 15, phase=DeclareAttackers) ===
[02:40:44] [P1] declares blockers: 1 relations for 1 attackers
[02:40:45] exported post_high.json
[02:40:45] === both branches observed; DONE ===
[02:40:45] A1_setup_ok: passed
[02:40:45] A2_trigger_fires: passed
[02:40:45] A3_low_branch: failed
[02:40:45] A4_high_observed: passed
[02:40:45] A5_reroll_offered: passed
[02:40:45] A6_reroll_works: failed
[02:40:45] A7_exile_ok: not-run
[02:40:45] copied pre_attack_low_g0_10.json
[02:40:45] copied pre_attack_high_g1_15.json
[02:40:45] DONE verdict=blocked assertions={"A1_setup_ok": "passed", "A2_trigger_fires": "passed", "A3_low_branch": "failed", "A4_high_observed": "passed", "A5_reroll_offered": "passed", "A6_reroll_works": "failed", "A7_exile_ok": "not-run"}
[02:40:46] rendered /home/hatch/workspace/dev/phase-backfill/evidence/6866/20261006-6866a/summary.png
[02:40:46] manifest written (14 files)
