2026-09-13T22:08:31.205185Z  INFO ws_message: server_core::session: game session created game=ETADYC player_count=2
2026-09-13T22:08:31.224121Z  INFO ws_message: phase_server: game created via lobby game=ETADYC host=P0 players=2
2026-09-13T22:08:31.288601Z  INFO ws_message: phase_server: JoinGameWithPassword game=ETADYC joiner=P1
2026-09-13T22:08:31.288777Z  INFO ws_message: server_core::session: player joined session game=ETADYC player=PlayerId(1) seat=1
2026-09-13T22:08:31.310550Z  INFO ws_message: phase_server: player joined via lobby game=ETADYC player=PlayerId(1)
2026-09-13T22:08:31.511941Z  WARN phase_server: Full snapshot was no longer current game=ETADYC disposition=SupersededOrRetired
2026-09-13T22:08:32.419829Z  INFO ws_message:game_session{game=ETADYC player=PlayerId(0)}: server_core::session: action applied game=ETADYC player=PlayerId(0) action_type="MulliganDecision" event_count=0
2026-09-13T22:08:32.431332Z  INFO ws_message:game_session{game=ETADYC player=PlayerId(0)}: phase_server: game submission processed (lock held) game=ETADYC kind="action" lock_ms=12 ai_actions=0
2026-09-13T22:08:32.502123Z  INFO ws_message:game_session{game=ETADYC player=PlayerId(1)}: server_core::session: action applied game=ETADYC player=PlayerId(1) action_type="MulliganDecision" event_count=1
2026-09-13T22:08:32.503477Z  INFO ws_message:game_session{game=ETADYC player=PlayerId(1)}: phase_server: game submission processed (lock held) game=ETADYC kind="action" lock_ms=5 ai_actions=0
2026-09-13T22:08:32.671405Z  INFO ws_message:game_session{game=ETADYC player=PlayerId(1)}: server_core::session: action applied game=ETADYC player=PlayerId(1) action_type="PassPriority" event_count=1
2026-09-13T22:08:32.675174Z  INFO ws_message:game_session{game=ETADYC player=PlayerId(1)}: phase_server: game submission processed (lock held) game=ETADYC kind="action" lock_ms=4 ai_actions=0
2026-09-13T22:08:32.921744Z  INFO ws_message:game_session{game=ETADYC player=PlayerId(0)}: server_core::session: action applied game=ETADYC player=PlayerId(0) action_type="PassPriority" event_count=2
2026-09-13T22:08:32.950534Z  INFO ws_message:game_session{game=ETADYC player=PlayerId(0)}: phase_server: game submission processed (lock held) game=ETADYC kind="action" lock_ms=29 ai_actions=0
2026-09-13T22:08:33.177679Z  INFO ws_message:game_session{game=ETADYC player=PlayerId(1)}: server_core::session: action applied game=ETADYC player=PlayerId(1) action_type="PlayLand" event_count=2
2026-09-13T22:08:33.182898Z  INFO ws_message:game_session{game=ETADYC player=PlayerId(1)}: phase_server: game submission processed (lock held) game=ETADYC kind="action" lock_ms=10 ai_actions=0
2026-09-13T22:08:33.424413Z  INFO ws_message:game_session{game=ETADYC player=PlayerId(1)}: server_core::session: action applied game=ETADYC player=PlayerId(1) action_type="PassPriority" event_count=1
2026-09-13T22:08:33.427944Z  INFO ws_message:game_session{game=ETADYC player=PlayerId(1)}: phase_server: game submission processed (lock held) game=ETADYC kind="action" lock_ms=4 ai_actions=0
2026-09-13T22:08:33.675305Z  INFO ws_message:game_session{game=ETADYC player=PlayerId(0)}: server_core::session: action applied game=ETADYC player=PlayerId(0) action_type="PassPriority" event_count=1
2026-09-13T22:08:33.678079Z  INFO ws_message:game_session{game=ETADYC player=PlayerId(0)}: phase_server: game submission processed (lock held) game=ETADYC kind="action" lock_ms=3 ai_actions=0
2026-09-13T22:08:33.926484Z  INFO ws_message:game_session{game=ETADYC player=PlayerId(1)}: server_core::session: action applied game=ETADYC player=PlayerId(1) action_type="PassPriority" event_count=1
2026-09-13T22:08:33.929712Z  INFO ws_message:game_session{game=ETADYC player=PlayerId(1)}: phase_server: game submission processed (lock held) game=ETADYC kind="action" lock_ms=4 ai_actions=0
2026-09-13T22:08:34.180493Z  INFO ws_message:game_session{game=ETADYC player=PlayerId(0)}: server_core::session: action applied game=ETADYC player=PlayerId(0) action_type="PassPriority" event_count=3
2026-09-13T22:08:34.183545Z  INFO ws_message:game_session{game=ETADYC player=PlayerId(0)}: phase_server: game submission processed (lock held) game=ETADYC kind="action" lock_ms=7 ai_actions=0
2026-09-13T22:08:34.428252Z  INFO ws_message:game_session{game=ETADYC player=PlayerId(1)}: server_core::session: action applied game=ETADYC player=PlayerId(1) action_type="PassPriority" event_count=1
2026-09-13T22:08:34.434307Z  INFO ws_message:game_session{game=ETADYC player=PlayerId(1)}: phase_server: game submission processed (lock held) game=ETADYC kind="action" lock_ms=6 ai_actions=0
2026-09-13T22:08:34.682053Z  INFO ws_message:game_session{game=ETADYC player=PlayerId(0)}: server_core::session: action applied game=ETADYC player=PlayerId(0) action_type="PassPriority" event_count=1
2026-09-13T22:08:34.687176Z  INFO ws_message:game_session{game=ETADYC player=PlayerId(0)}: phase_server: game submission processed (lock held) game=ETADYC kind="action" lock_ms=9 ai_actions=0
2026-09-13T22:08:34.929781Z  INFO ws_message:game_session{game=ETADYC player=PlayerId(1)}: server_core::session: action applied game=ETADYC player=PlayerId(1) action_type="PassPriority" event_count=1
2026-09-13T22:08:34.932665Z  INFO ws_message:game_session{game=ETADYC player=PlayerId(1)}: phase_server: game submission processed (lock held) game=ETADYC kind="action" lock_ms=3 ai_actions=0
2026-09-13T22:08:35.185231Z  INFO ws_message:game_session{game=ETADYC player=PlayerId(0)}: server_core::session: action applied game=ETADYC player=PlayerId(0) action_type="PassPriority" event_count=1
2026-09-13T22:08:35.192430Z  INFO ws_message:game_session{game=ETADYC player=PlayerId(0)}: phase_server: game submission processed (lock held) game=ETADYC kind="action" lock_ms=12 ai_actions=0
2026-09-13T22:08:35.433334Z  INFO ws_message:game_session{game=ETADYC player=PlayerId(1)}: server_core::session: action applied game=ETADYC player=PlayerId(1) action_type="PassPriority" event_count=1
2026-09-13T22:08:35.436781Z  INFO ws_message:game_session{game=ETADYC player=PlayerId(1)}: phase_server: game submission processed (lock held) game=ETADYC kind="action" lock_ms=5 ai_actions=0
2026-09-13T22:08:35.686811Z  INFO ws_message:game_session{game=ETADYC player=PlayerId(0)}: server_core::session: action applied game=ETADYC player=PlayerId(0) action_type="PassPriority" event_count=4
2026-09-13T22:08:35.688591Z  INFO ws_message:game_session{game=ETADYC player=PlayerId(0)}: phase_server: game submission processed (lock held) game=ETADYC kind="action" lock_ms=6 ai_actions=0
2026-09-13T22:08:35.935299Z  INFO ws_message:game_session{game=ETADYC player=PlayerId(0)}: server_core::session: action applied game=ETADYC player=PlayerId(0) action_type="PassPriority" event_count=1
2026-09-13T22:08:35.938207Z  INFO ws_message:game_session{game=ETADYC player=PlayerId(0)}: phase_server: game submission processed (lock held) game=ETADYC kind="action" lock_ms=3 ai_actions=0
2026-09-13T22:08:36.192314Z  INFO ws_message:game_session{game=ETADYC player=PlayerId(1)}: server_core::session: action applied game=ETADYC player=PlayerId(1) action_type="PassPriority" event_count=4
2026-09-13T22:08:36.194456Z  INFO ws_message:game_session{game=ETADYC player=PlayerId(1)}: phase_server: game submission processed (lock held) game=ETADYC kind="action" lock_ms=7 ai_actions=0
2026-09-13T22:08:36.438650Z  INFO ws_message:game_session{game=ETADYC player=PlayerId(0)}: server_core::session: action applied game=ETADYC player=PlayerId(0) action_type="PassPriority" event_count=1
2026-09-13T22:08:36.441336Z  INFO ws_message:game_session{game=ETADYC player=PlayerId(0)}: phase_server: game submission processed (lock held) game=ETADYC kind="action" lock_ms=3 ai_actions=0
2026-09-13T22:08:36.689852Z  INFO ws_message:game_session{game=ETADYC player=PlayerId(1)}: server_core::session: action applied game=ETADYC player=PlayerId(1) action_type="PassPriority" event_count=1
2026-09-13T22:08:36.727203Z  INFO ws_message:game_session{game=ETADYC player=PlayerId(1)}: phase_server: game submission processed (lock held) game=ETADYC kind="action" lock_ms=38 ai_actions=0
2026-09-13T22:08:36.945434Z  INFO ws_message:game_session{game=ETADYC player=PlayerId(0)}: server_core::session: action applied game=ETADYC player=PlayerId(0) action_type="PlayLand" event_count=2
2026-09-13T22:08:36.950727Z  INFO ws_message:game_session{game=ETADYC player=PlayerId(0)}: phase_server: game submission processed (lock held) game=ETADYC kind="action" lock_ms=10 ai_actions=0
2026-09-13T22:08:37.194805Z  INFO ws_message:game_session{game=ETADYC player=PlayerId(0)}: server_core::session: action applied game=ETADYC player=PlayerId(0) action_type="PassPriority" event_count=1
2026-09-13T22:08:37.197220Z  INFO ws_message:game_session{game=ETADYC player=PlayerId(0)}: phase_server: game submission processed (lock held) game=ETADYC kind="action" lock_ms=4 ai_actions=0
2026-09-13T22:08:37.446016Z  INFO ws_message:game_session{game=ETADYC player=PlayerId(1)}: server_core::session: action applied game=ETADYC player=PlayerId(1) action_type="PassPriority" event_count=1
2026-09-13T22:08:37.452164Z  INFO ws_message:game_session{game=ETADYC player=PlayerId(1)}: phase_server: game submission processed (lock held) game=ETADYC kind="action" lock_ms=7 ai_actions=0
2026-09-13T22:08:37.697922Z  INFO ws_message:game_session{game=ETADYC player=PlayerId(0)}: server_core::session: action applied game=ETADYC player=PlayerId(0) action_type="PassPriority" event_count=1
2026-09-13T22:08:37.700683Z  INFO ws_message:game_session{game=ETADYC player=PlayerId(0)}: phase_server: game submission processed (lock held) game=ETADYC kind="action" lock_ms=4 ai_actions=0
2026-09-13T22:08:37.952085Z  INFO ws_message:game_session{game=ETADYC player=PlayerId(1)}: server_core::session: action applied game=ETADYC player=PlayerId(1) action_type="PassPriority" event_count=3
2026-09-13T22:08:37.958971Z  INFO ws_message:game_session{game=ETADYC player=PlayerId(1)}: phase_server: game submission processed (lock held) game=ETADYC kind="action" lock_ms=12 ai_actions=0
2026-09-13T22:08:38.199627Z  INFO ws_message:game_session{game=ETADYC player=PlayerId(0)}: server_core::session: action applied game=ETADYC player=PlayerId(0) action_type="PassPriority" event_count=1
2026-09-13T22:08:38.202031Z  INFO ws_message:game_session{game=ETADYC player=PlayerId(0)}: phase_server: game submission processed (lock held) game=ETADYC kind="action" lock_ms=4 ai_actions=0
2026-09-13T22:08:38.452732Z  INFO ws_message:game_session{game=ETADYC player=PlayerId(1)}: server_core::session: action applied game=ETADYC player=PlayerId(1) action_type="PassPriority" event_count=1
2026-09-13T22:08:38.458123Z  INFO ws_message:game_session{game=ETADYC player=PlayerId(1)}: phase_server: game submission processed (lock held) game=ETADYC kind="action" lock_ms=9 ai_actions=0
2026-09-13T22:08:38.701392Z  INFO ws_message:game_session{game=ETADYC player=PlayerId(0)}: server_core::session: action applied game=ETADYC player=PlayerId(0) action_type="PassPriority" event_count=1
2026-09-13T22:08:38.703866Z  INFO ws_message:game_session{game=ETADYC player=PlayerId(0)}: phase_server: game submission processed (lock held) game=ETADYC kind="action" lock_ms=4 ai_actions=0
2026-09-13T22:08:38.954897Z  INFO ws_message:game_session{game=ETADYC player=PlayerId(1)}: server_core::session: action applied game=ETADYC player=PlayerId(1) action_type="PassPriority" event_count=1
2026-09-13T22:08:38.960407Z  INFO ws_message:game_session{game=ETADYC player=PlayerId(1)}: phase_server: game submission processed (lock held) game=ETADYC kind="action" lock_ms=9 ai_actions=0
2026-09-13T22:08:39.203306Z  INFO ws_message:game_session{game=ETADYC player=PlayerId(0)}: server_core::session: action applied game=ETADYC player=PlayerId(0) action_type="PassPriority" event_count=1
2026-09-13T22:08:39.210330Z  INFO ws_message:game_session{game=ETADYC player=PlayerId(0)}: phase_server: game submission processed (lock held) game=ETADYC kind="action" lock_ms=8 ai_actions=0
2026-09-13T22:08:39.458713Z  INFO ws_message:game_session{game=ETADYC player=PlayerId(1)}: server_core::session: action applied game=ETADYC player=PlayerId(1) action_type="PassPriority" event_count=4
2026-09-13T22:08:39.460051Z  INFO ws_message:game_session{game=ETADYC player=PlayerId(1)}: phase_server: game submission processed (lock held) game=ETADYC kind="action" lock_ms=6 ai_actions=0
2026-09-13T22:08:39.705869Z  INFO ws_message:game_session{game=ETADYC player=PlayerId(1)}: server_core::session: action applied game=ETADYC player=PlayerId(1) action_type="PassPriority" event_count=1
2026-09-13T22:08:39.712282Z  INFO ws_message:game_session{game=ETADYC player=PlayerId(1)}: phase_server: game submission processed (lock held) game=ETADYC kind="action" lock_ms=7 ai_actions=0
2026-09-13T22:08:39.961954Z  INFO ws_message:game_session{game=ETADYC player=PlayerId(0)}: server_core::session: action applied game=ETADYC player=PlayerId(0) action_type="PassPriority" event_count=4
2026-09-13T22:08:39.963314Z  INFO ws_message:game_session{game=ETADYC player=PlayerId(0)}: phase_server: game submission processed (lock held) game=ETADYC kind="action" lock_ms=7 ai_actions=0
2026-09-13T22:08:40.207947Z  INFO ws_message:game_session{game=ETADYC player=PlayerId(1)}: server_core::session: action applied game=ETADYC player=PlayerId(1) action_type="PassPriority" event_count=1
2026-09-13T22:08:40.213478Z  INFO ws_message:game_session{game=ETADYC player=PlayerId(1)}: phase_server: game submission processed (lock held) game=ETADYC kind="action" lock_ms=6 ai_actions=0
2026-09-13T22:08:40.458518Z  INFO ws_message:game_session{game=ETADYC player=PlayerId(0)}: server_core::session: action applied game=ETADYC player=PlayerId(0) action_type="PassPriority" event_count=1
2026-09-13T22:08:40.489289Z  INFO ws_message:game_session{game=ETADYC player=PlayerId(0)}: phase_server: game submission processed (lock held) game=ETADYC kind="action" lock_ms=31 ai_actions=0
2026-09-13T22:08:40.713544Z  INFO ws_message:game_session{game=ETADYC player=PlayerId(1)}: server_core::session: action applied game=ETADYC player=PlayerId(1) action_type="PlayLand" event_count=2
2026-09-13T22:08:40.718587Z  INFO ws_message:game_session{game=ETADYC player=PlayerId(1)}: phase_server: game submission processed (lock held) game=ETADYC kind="action" lock_ms=10 ai_actions=0
2026-09-13T22:08:40.966562Z  INFO ws_message:game_session{game=ETADYC player=PlayerId(1)}: server_core::session: action applied game=ETADYC player=PlayerId(1) action_type="CastSpell" event_count=12
2026-09-13T22:08:40.967577Z  INFO ws_message:game_session{game=ETADYC player=PlayerId(1)}: phase_server: game submission processed (lock held) game=ETADYC kind="action" lock_ms=8 ai_actions=0
2026-09-13T22:08:41.211494Z  INFO ws_message:game_session{game=ETADYC player=PlayerId(1)}: server_core::session: action applied game=ETADYC player=PlayerId(1) action_type="PassPriority" event_count=1
2026-09-13T22:08:41.218992Z  INFO ws_message:game_session{game=ETADYC player=PlayerId(1)}: phase_server: game submission processed (lock held) game=ETADYC kind="action" lock_ms=9 ai_actions=0
2026-09-13T22:08:41.463467Z  INFO ws_message:game_session{game=ETADYC player=PlayerId(0)}: server_core::session: action applied game=ETADYC player=PlayerId(0) action_type="PassPriority" event_count=2
2026-09-13T22:08:41.465390Z  INFO ws_message:game_session{game=ETADYC player=PlayerId(0)}: phase_server: game submission processed (lock held) game=ETADYC kind="action" lock_ms=4 ai_actions=0
2026-09-13T22:08:41.713805Z  INFO ws_message:game_session{game=ETADYC player=PlayerId(1)}: server_core::session: action applied game=ETADYC player=PlayerId(1) action_type="PassPriority" event_count=1
2026-09-13T22:08:41.721448Z  INFO ws_message:game_session{game=ETADYC player=PlayerId(1)}: phase_server: game submission processed (lock held) game=ETADYC kind="action" lock_ms=9 ai_actions=0
2026-09-13T22:08:41.965595Z  INFO ws_message:game_session{game=ETADYC player=PlayerId(0)}: server_core::session: action applied game=ETADYC player=PlayerId(0) action_type="PassPriority" event_count=1
2026-09-13T22:08:41.968331Z  INFO ws_message:game_session{game=ETADYC player=PlayerId(0)}: phase_server: game submission processed (lock held) game=ETADYC kind="action" lock_ms=5 ai_actions=0
2026-09-13T22:08:42.216601Z  INFO ws_message:game_session{game=ETADYC player=PlayerId(1)}: server_core::session: action applied game=ETADYC player=PlayerId(1) action_type="PassPriority" event_count=1
2026-09-13T22:08:42.226449Z  INFO ws_message:game_session{game=ETADYC player=PlayerId(1)}: phase_server: game submission processed (lock held) game=ETADYC kind="action" lock_ms=11 ai_actions=0
2026-09-13T22:08:42.471186Z  INFO ws_message:game_session{game=ETADYC player=PlayerId(0)}: server_core::session: action applied game=ETADYC player=PlayerId(0) action_type="PassPriority" event_count=3
2026-09-13T22:08:42.473407Z  INFO ws_message:game_session{game=ETADYC player=PlayerId(0)}: phase_server: game submission processed (lock held) game=ETADYC kind="action" lock_ms=7 ai_actions=0
2026-09-13T22:08:43.339634Z  INFO ws_message:game_session{game=ETADYC player=PlayerId(1)}: server_core::session: action applied game=ETADYC player=PlayerId(1) action_type="PassPriority" event_count=1
2026-09-13T22:08:43.347639Z  INFO ws_message:game_session{game=ETADYC player=PlayerId(1)}: phase_server: game submission processed (lock held) game=ETADYC kind="action" lock_ms=9 ai_actions=0
2026-09-13T22:08:43.593600Z  INFO ws_message:game_session{game=ETADYC player=PlayerId(0)}: server_core::session: action applied game=ETADYC player=PlayerId(0) action_type="PassPriority" event_count=1
2026-09-13T22:08:43.597140Z  INFO ws_message:game_session{game=ETADYC player=PlayerId(0)}: phase_server: game submission processed (lock held) game=ETADYC kind="action" lock_ms=7 ai_actions=0
2026-09-13T22:08:43.841503Z  INFO ws_message:game_session{game=ETADYC player=PlayerId(1)}: server_core::session: action applied game=ETADYC player=PlayerId(1) action_type="PassPriority" event_count=1
2026-09-13T22:08:43.849675Z  INFO ws_message:game_session{game=ETADYC player=PlayerId(1)}: phase_server: game submission processed (lock held) game=ETADYC kind="action" lock_ms=9 ai_actions=0
2026-09-13T22:08:44.094761Z  INFO ws_message:game_session{game=ETADYC player=PlayerId(0)}: server_core::session: action applied game=ETADYC player=PlayerId(0) action_type="PassPriority" event_count=1
2026-09-13T22:08:44.096858Z  INFO ws_message:game_session{game=ETADYC player=PlayerId(0)}: phase_server: game submission processed (lock held) game=ETADYC kind="action" lock_ms=6 ai_actions=0
2026-09-13T22:08:44.343762Z  INFO ws_message:game_session{game=ETADYC player=PlayerId(1)}: server_core::session: action applied game=ETADYC player=PlayerId(1) action_type="PassPriority" event_count=1
2026-09-13T22:08:44.354129Z  INFO ws_message:game_session{game=ETADYC player=PlayerId(1)}: phase_server: game submission processed (lock held) game=ETADYC kind="action" lock_ms=12 ai_actions=0
2026-09-13T22:08:44.597675Z  INFO ws_message:game_session{game=ETADYC player=PlayerId(0)}: server_core::session: action applied game=ETADYC player=PlayerId(0) action_type="PassPriority" event_count=4
2026-09-13T22:08:44.601161Z  INFO ws_message:game_session{game=ETADYC player=PlayerId(0)}: phase_server: game submission processed (lock held) game=ETADYC kind="action" lock_ms=9 ai_actions=0
2026-09-13T22:08:44.844040Z  INFO ws_message:game_session{game=ETADYC player=PlayerId(0)}: server_core::session: action applied game=ETADYC player=PlayerId(0) action_type="PassPriority" event_count=1
2026-09-13T22:08:44.845855Z  INFO ws_message:game_session{game=ETADYC player=PlayerId(0)}: phase_server: game submission processed (lock held) game=ETADYC kind="action" lock_ms=3 ai_actions=0
2026-09-13T22:08:45.100104Z  INFO ws_message:game_session{game=ETADYC player=PlayerId(1)}: server_core::session: action applied game=ETADYC player=PlayerId(1) action_type="PassPriority" event_count=4
2026-09-13T22:08:45.103952Z  INFO ws_message:game_session{game=ETADYC player=PlayerId(1)}: phase_server: game submission processed (lock held) game=ETADYC kind="action" lock_ms=9 ai_actions=0
2026-09-13T22:08:45.345286Z  INFO ws_message:game_session{game=ETADYC player=PlayerId(0)}: server_core::session: action applied game=ETADYC player=PlayerId(0) action_type="PassPriority" event_count=1
2026-09-13T22:08:45.347197Z  INFO ws_message:game_session{game=ETADYC player=PlayerId(0)}: phase_server: game submission processed (lock held) game=ETADYC kind="action" lock_ms=3 ai_actions=0
2026-09-13T22:08:45.597546Z  INFO ws_message:game_session{game=ETADYC player=PlayerId(1)}: server_core::session: action applied game=ETADYC player=PlayerId(1) action_type="PassPriority" event_count=1
2026-09-13T22:08:45.640686Z  INFO ws_message:game_session{game=ETADYC player=PlayerId(1)}: phase_server: game submission processed (lock held) game=ETADYC kind="action" lock_ms=44 ai_actions=0
2026-09-13T22:08:45.851703Z  INFO ws_message:game_session{game=ETADYC player=PlayerId(0)}: server_core::session: action applied game=ETADYC player=PlayerId(0) action_type="PlayLand" event_count=2
2026-09-13T22:08:45.861533Z  INFO ws_message:game_session{game=ETADYC player=PlayerId(0)}: phase_server: game submission processed (lock held) game=ETADYC kind="action" lock_ms=15 ai_actions=0
2026-09-13T22:08:46.102966Z  INFO ws_message:game_session{game=ETADYC player=PlayerId(0)}: server_core::session: action applied game=ETADYC player=PlayerId(0) action_type="PassPriority" event_count=1
2026-09-13T22:08:46.104544Z  INFO ws_message:game_session{game=ETADYC player=PlayerId(0)}: phase_server: game submission processed (lock held) game=ETADYC kind="action" lock_ms=3 ai_actions=0
2026-09-13T22:08:46.352249Z  INFO ws_message:game_session{game=ETADYC player=PlayerId(1)}: server_core::session: action applied game=ETADYC player=PlayerId(1) action_type="PassPriority" event_count=1
2026-09-13T22:08:46.362837Z  INFO ws_message:game_session{game=ETADYC player=PlayerId(1)}: phase_server: game submission processed (lock held) game=ETADYC kind="action" lock_ms=12 ai_actions=0
2026-09-13T22:08:46.604767Z  INFO ws_message:game_session{game=ETADYC player=PlayerId(0)}: server_core::session: action applied game=ETADYC player=PlayerId(0) action_type="PassPriority" event_count=1
2026-09-13T22:08:46.606533Z  INFO ws_message:game_session{game=ETADYC player=PlayerId(0)}: phase_server: game submission processed (lock held) game=ETADYC kind="action" lock_ms=4 ai_actions=0
2026-09-13T22:08:46.858007Z  INFO ws_message:game_session{game=ETADYC player=PlayerId(1)}: server_core::session: action applied game=ETADYC player=PlayerId(1) action_type="PassPriority" event_count=3
2026-09-13T22:08:46.870291Z  INFO ws_message:game_session{game=ETADYC player=PlayerId(1)}: phase_server: game submission processed (lock held) game=ETADYC kind="action" lock_ms=17 ai_actions=0
2026-09-13T22:08:47.105985Z  INFO ws_message:game_session{game=ETADYC player=PlayerId(0)}: server_core::session: action applied game=ETADYC player=PlayerId(0) action_type="PassPriority" event_count=1
2026-09-13T22:08:47.107580Z  INFO ws_message:game_session{game=ETADYC player=PlayerId(0)}: phase_server: game submission processed (lock held) game=ETADYC kind="action" lock_ms=3 ai_actions=0
2026-09-13T22:08:47.360134Z  INFO ws_message:game_session{game=ETADYC player=PlayerId(1)}: server_core::session: action applied game=ETADYC player=PlayerId(1) action_type="PassPriority" event_count=1
2026-09-13T22:08:47.369293Z  INFO ws_message:game_session{game=ETADYC player=PlayerId(1)}: phase_server: game submission processed (lock held) game=ETADYC kind="action" lock_ms=13 ai_actions=0
2026-09-13T22:08:47.609410Z  INFO ws_message:game_session{game=ETADYC player=PlayerId(0)}: server_core::session: action applied game=ETADYC player=PlayerId(0) action_type="PassPriority" event_count=1
2026-09-13T22:08:47.610980Z  INFO ws_message:game_session{game=ETADYC player=PlayerId(0)}: phase_server: game submission processed (lock held) game=ETADYC kind="action" lock_ms=3 ai_actions=0
2026-09-13T22:08:47.862844Z  INFO ws_message:game_session{game=ETADYC player=PlayerId(1)}: server_core::session: action applied game=ETADYC player=PlayerId(1) action_type="PassPriority" event_count=1
2026-09-13T22:08:47.872482Z  INFO ws_message:game_session{game=ETADYC player=PlayerId(1)}: phase_server: game submission processed (lock held) game=ETADYC kind="action" lock_ms=13 ai_actions=0
2026-09-13T22:08:48.111058Z  INFO ws_message:game_session{game=ETADYC player=PlayerId(0)}: server_core::session: action applied game=ETADYC player=PlayerId(0) action_type="PassPriority" event_count=1
2026-09-13T22:08:48.112740Z  INFO ws_message:game_session{game=ETADYC player=PlayerId(0)}: phase_server: game submission processed (lock held) game=ETADYC kind="action" lock_ms=3 ai_actions=0
2026-09-13T22:08:48.366796Z  INFO ws_message:game_session{game=ETADYC player=PlayerId(1)}: server_core::session: action applied game=ETADYC player=PlayerId(1) action_type="PassPriority" event_count=6
2026-09-13T22:08:48.368139Z  INFO ws_message:game_session{game=ETADYC player=PlayerId(1)}: phase_server: game submission processed (lock held) game=ETADYC kind="action" lock_ms=6 ai_actions=0
2026-09-13T22:08:48.614721Z  INFO ws_message:game_session{game=ETADYC player=PlayerId(1)}: server_core::session: action applied game=ETADYC player=PlayerId(1) action_type="PassPriority" event_count=1
2026-09-13T22:08:48.627444Z  INFO ws_message:game_session{game=ETADYC player=PlayerId(1)}: phase_server: game submission processed (lock held) game=ETADYC kind="action" lock_ms=14 ai_actions=0
2026-09-13T22:08:48.869569Z  INFO ws_message:game_session{game=ETADYC player=PlayerId(0)}: server_core::session: action applied game=ETADYC player=PlayerId(0) action_type="PassPriority" event_count=4
2026-09-13T22:08:48.870787Z  INFO ws_message:game_session{game=ETADYC player=PlayerId(0)}: phase_server: game submission processed (lock held) game=ETADYC kind="action" lock_ms=7 ai_actions=0
2026-09-13T22:08:49.117405Z  INFO ws_message:game_session{game=ETADYC player=PlayerId(1)}: server_core::session: action applied game=ETADYC player=PlayerId(1) action_type="PassPriority" event_count=1
2026-09-13T22:08:49.126717Z  INFO ws_message:game_session{game=ETADYC player=PlayerId(1)}: phase_server: game submission processed (lock held) game=ETADYC kind="action" lock_ms=10 ai_actions=0
2026-09-13T22:08:49.366633Z  INFO ws_message:game_session{game=ETADYC player=PlayerId(0)}: server_core::session: action applied game=ETADYC player=PlayerId(0) action_type="PassPriority" event_count=1
2026-09-13T22:08:49.395579Z  INFO ws_message:game_session{game=ETADYC player=PlayerId(0)}: phase_server: game submission processed (lock held) game=ETADYC kind="action" lock_ms=30 ai_actions=0
2026-09-13T22:08:49.622583Z  INFO ws_message:game_session{game=ETADYC player=PlayerId(1)}: server_core::session: action applied game=ETADYC player=PlayerId(1) action_type="PlayLand" event_count=2
2026-09-13T22:08:49.625698Z  INFO ws_message:game_session{game=ETADYC player=PlayerId(1)}: phase_server: game submission processed (lock held) game=ETADYC kind="action" lock_ms=8 ai_actions=0
2026-09-13T22:08:49.869900Z  INFO ws_message:game_session{game=ETADYC player=PlayerId(1)}: server_core::session: action applied game=ETADYC player=PlayerId(1) action_type="PassPriority" event_count=1
2026-09-13T22:08:49.879610Z  INFO ws_message:game_session{game=ETADYC player=PlayerId(1)}: phase_server: game submission processed (lock held) game=ETADYC kind="action" lock_ms=12 ai_actions=0
2026-09-13T22:08:50.119753Z  INFO ws_message:game_session{game=ETADYC player=PlayerId(0)}: server_core::session: action applied game=ETADYC player=PlayerId(0) action_type="PassPriority" event_count=1
2026-09-13T22:08:50.125495Z  INFO ws_message:game_session{game=ETADYC player=PlayerId(0)}: phase_server: game submission processed (lock held) game=ETADYC kind="action" lock_ms=7 ai_actions=0
2026-09-13T22:08:50.371804Z  INFO ws_message:game_session{game=ETADYC player=PlayerId(1)}: server_core::session: action applied game=ETADYC player=PlayerId(1) action_type="PassPriority" event_count=1
2026-09-13T22:08:50.381624Z  INFO ws_message:game_session{game=ETADYC player=PlayerId(1)}: phase_server: game submission processed (lock held) game=ETADYC kind="action" lock_ms=12 ai_actions=0
2026-09-13T22:08:50.621349Z  INFO ws_message:game_session{game=ETADYC player=PlayerId(0)}: server_core::session: action applied game=ETADYC player=PlayerId(0) action_type="PassPriority" event_count=1
2026-09-13T22:08:50.631106Z  INFO ws_message:game_session{game=ETADYC player=PlayerId(0)}: phase_server: game submission processed (lock held) game=ETADYC kind="action" lock_ms=10 ai_actions=0
2026-09-13T22:08:50.877360Z  INFO ws_message:game_session{game=ETADYC player=PlayerId(1)}: server_core::session: action applied game=ETADYC player=PlayerId(1) action_type="DeclareAttackers" event_count=2
2026-09-13T22:08:50.880468Z  INFO ws_message:game_session{game=ETADYC player=PlayerId(1)}: phase_server: game submission processed (lock held) game=ETADYC kind="action" lock_ms=8 ai_actions=0
2026-09-13T22:08:51.126191Z  INFO ws_message:game_session{game=ETADYC player=PlayerId(1)}: server_core::session: action applied game=ETADYC player=PlayerId(1) action_type="PassPriority" event_count=1
2026-09-13T22:08:51.137520Z  INFO ws_message:game_session{game=ETADYC player=PlayerId(1)}: phase_server: game submission processed (lock held) game=ETADYC kind="action" lock_ms=14 ai_actions=0
2026-09-13T22:08:51.374641Z  INFO ws_message:game_session{game=ETADYC player=PlayerId(0)}: server_core::session: action applied game=ETADYC player=PlayerId(0) action_type="PassPriority" event_count=2
2026-09-13T22:08:51.378139Z  INFO ws_message:game_session{game=ETADYC player=PlayerId(0)}: phase_server: game submission processed (lock held) game=ETADYC kind="action" lock_ms=5 ai_actions=0
2026-09-13T22:08:51.625893Z  INFO ws_message:game_session{game=ETADYC player=PlayerId(1)}: server_core::session: action applied game=ETADYC player=PlayerId(1) action_type="PassPriority" event_count=1
2026-09-13T22:08:51.635887Z  INFO ws_message:game_session{game=ETADYC player=PlayerId(1)}: phase_server: game submission processed (lock held) game=ETADYC kind="action" lock_ms=11 ai_actions=0
2026-09-13T22:08:51.881388Z  INFO ws_message:game_session{game=ETADYC player=PlayerId(0)}: server_core::session: action applied game=ETADYC player=PlayerId(0) action_type="PassPriority" event_count=4
2026-09-13T22:08:51.885155Z  INFO ws_message:game_session{game=ETADYC player=PlayerId(0)}: phase_server: game submission processed (lock held) game=ETADYC kind="action" lock_ms=8 ai_actions=0
2026-09-13T22:08:52.129585Z  INFO ws_message:game_session{game=ETADYC player=PlayerId(1)}: server_core::session: action applied game=ETADYC player=PlayerId(1) action_type="PassPriority" event_count=1
2026-09-13T22:08:52.139655Z  INFO ws_message:game_session{game=ETADYC player=PlayerId(1)}: phase_server: game submission processed (lock held) game=ETADYC kind="action" lock_ms=11 ai_actions=0
2026-09-13T22:08:52.380157Z  INFO ws_message:game_session{game=ETADYC player=PlayerId(0)}: server_core::session: action applied game=ETADYC player=PlayerId(0) action_type="PassPriority" event_count=1
2026-09-13T22:08:52.383673Z  INFO ws_message:game_session{game=ETADYC player=PlayerId(0)}: phase_server: game submission processed (lock held) game=ETADYC kind="action" lock_ms=5 ai_actions=0
2026-09-13T22:08:52.633711Z  INFO ws_message:game_session{game=ETADYC player=PlayerId(1)}: server_core::session: action applied game=ETADYC player=PlayerId(1) action_type="PassPriority" event_count=1
2026-09-13T22:08:52.649702Z  INFO ws_message:game_session{game=ETADYC player=PlayerId(1)}: phase_server: game submission processed (lock held) game=ETADYC kind="action" lock_ms=19 ai_actions=0
2026-09-13T22:08:52.885684Z  INFO ws_message:game_session{game=ETADYC player=PlayerId(0)}: server_core::session: action applied game=ETADYC player=PlayerId(0) action_type="PassPriority" event_count=1
2026-09-13T22:08:52.889037Z  INFO ws_message:game_session{game=ETADYC player=PlayerId(0)}: phase_server: game submission processed (lock held) game=ETADYC kind="action" lock_ms=7 ai_actions=0
2026-09-13T22:08:53.135140Z  INFO ws_message:game_session{game=ETADYC player=PlayerId(1)}: server_core::session: action applied game=ETADYC player=PlayerId(1) action_type="PassPriority" event_count=1
2026-09-13T22:08:53.145378Z  INFO ws_message:game_session{game=ETADYC player=PlayerId(1)}: phase_server: game submission processed (lock held) game=ETADYC kind="action" lock_ms=11 ai_actions=0
2026-09-13T22:08:53.388292Z  INFO ws_message:game_session{game=ETADYC player=PlayerId(0)}: server_core::session: action applied game=ETADYC player=PlayerId(0) action_type="PassPriority" event_count=1
2026-09-13T22:08:53.392366Z  INFO ws_message:game_session{game=ETADYC player=PlayerId(0)}: phase_server: game submission processed (lock held) game=ETADYC kind="action" lock_ms=8 ai_actions=0
2026-09-13T22:08:53.636599Z  INFO ws_message:game_session{game=ETADYC player=PlayerId(1)}: server_core::session: action applied game=ETADYC player=PlayerId(1) action_type="PassPriority" event_count=1
2026-09-13T22:08:53.648145Z  INFO ws_message:game_session{game=ETADYC player=PlayerId(1)}: phase_server: game submission processed (lock held) game=ETADYC kind="action" lock_ms=13 ai_actions=0
2026-09-13T22:08:53.891690Z  INFO ws_message:game_session{game=ETADYC player=PlayerId(0)}: server_core::session: action applied game=ETADYC player=PlayerId(0) action_type="PassPriority" event_count=4
2026-09-13T22:08:53.896433Z  INFO ws_message:game_session{game=ETADYC player=PlayerId(0)}: phase_server: game submission processed (lock held) game=ETADYC kind="action" lock_ms=10 ai_actions=0
2026-09-13T22:08:54.138788Z  INFO ws_message:game_session{game=ETADYC player=PlayerId(0)}: server_core::session: action applied game=ETADYC player=PlayerId(0) action_type="PassPriority" event_count=1
2026-09-13T22:08:54.141894Z  INFO ws_message:game_session{game=ETADYC player=PlayerId(0)}: phase_server: game submission processed (lock held) game=ETADYC kind="action" lock_ms=4 ai_actions=0
2026-09-13T22:08:54.393116Z  INFO ws_message:game_session{game=ETADYC player=PlayerId(1)}: server_core::session: action applied game=ETADYC player=PlayerId(1) action_type="PassPriority" event_count=4
2026-09-13T22:08:54.397941Z  INFO ws_message:game_session{game=ETADYC player=PlayerId(1)}: phase_server: game submission processed (lock held) game=ETADYC kind="action" lock_ms=9 ai_actions=0
2026-09-13T22:08:54.641313Z  INFO ws_message:game_session{game=ETADYC player=PlayerId(0)}: server_core::session: action applied game=ETADYC player=PlayerId(0) action_type="PassPriority" event_count=1
2026-09-13T22:08:54.644404Z  INFO ws_message:game_session{game=ETADYC player=PlayerId(0)}: phase_server: game submission processed (lock held) game=ETADYC kind="action" lock_ms=5 ai_actions=0
2026-09-13T22:08:54.893356Z  INFO ws_message:game_session{game=ETADYC player=PlayerId(1)}: server_core::session: action applied game=ETADYC player=PlayerId(1) action_type="PassPriority" event_count=1
2026-09-13T22:08:54.932438Z  INFO ws_message:game_session{game=ETADYC player=PlayerId(1)}: phase_server: game submission processed (lock held) game=ETADYC kind="action" lock_ms=41 ai_actions=0
2026-09-13T22:08:55.198988Z  INFO ws_message:game_session{game=ETADYC player=PlayerId(0)}: server_core::session: action applied game=ETADYC player=PlayerId(0) action_type="PlayLand" event_count=2
2026-09-13T22:08:55.211637Z  INFO ws_message:game_session{game=ETADYC player=PlayerId(0)}: phase_server: game submission processed (lock held) game=ETADYC kind="action" lock_ms=17 ai_actions=0
2026-09-13T22:08:55.447476Z  INFO ws_message:game_session{game=ETADYC player=PlayerId(0)}: server_core::session: action applied game=ETADYC player=PlayerId(0) action_type="PassPriority" event_count=1
2026-09-13T22:08:55.451284Z  INFO ws_message:game_session{game=ETADYC player=PlayerId(0)}: phase_server: game submission processed (lock held) game=ETADYC kind="action" lock_ms=5 ai_actions=0
2026-09-13T22:08:55.668651Z  INFO ws_message:game_session{game=ETADYC player=PlayerId(1)}: server_core::session: action applied game=ETADYC player=PlayerId(1) action_type="PassPriority" event_count=1
2026-09-13T22:08:55.682315Z  INFO ws_message:game_session{game=ETADYC player=PlayerId(1)}: phase_server: game submission processed (lock held) game=ETADYC kind="action" lock_ms=15 ai_actions=0
2026-09-13T22:08:55.950837Z  INFO ws_message:game_session{game=ETADYC player=PlayerId(0)}: server_core::session: action applied game=ETADYC player=PlayerId(0) action_type="PassPriority" event_count=1
2026-09-13T22:08:55.953923Z  INFO ws_message:game_session{game=ETADYC player=PlayerId(0)}: phase_server: game submission processed (lock held) game=ETADYC kind="action" lock_ms=5 ai_actions=0
2026-09-13T22:08:56.174426Z  INFO ws_message:game_session{game=ETADYC player=PlayerId(1)}: server_core::session: action applied game=ETADYC player=PlayerId(1) action_type="PassPriority" event_count=3
2026-09-13T22:08:56.187884Z  INFO ws_message:game_session{game=ETADYC player=PlayerId(1)}: phase_server: game submission processed (lock held) game=ETADYC kind="action" lock_ms=18 ai_actions=0
2026-09-13T22:08:56.452462Z  INFO ws_message:game_session{game=ETADYC player=PlayerId(0)}: server_core::session: action applied game=ETADYC player=PlayerId(0) action_type="PassPriority" event_count=1
2026-09-13T22:08:56.455591Z  INFO ws_message:game_session{game=ETADYC player=PlayerId(0)}: phase_server: game submission processed (lock held) game=ETADYC kind="action" lock_ms=5 ai_actions=0
2026-09-13T22:08:56.677378Z  INFO ws_message:game_session{game=ETADYC player=PlayerId(1)}: server_core::session: action applied game=ETADYC player=PlayerId(1) action_type="PassPriority" event_count=1
2026-09-13T22:08:56.697752Z  INFO ws_message:game_session{game=ETADYC player=PlayerId(1)}: phase_server: game submission processed (lock held) game=ETADYC kind="action" lock_ms=25 ai_actions=0
2026-09-13T22:08:56.953948Z  INFO ws_message:game_session{game=ETADYC player=PlayerId(0)}: server_core::session: action applied game=ETADYC player=PlayerId(0) action_type="PassPriority" event_count=1
2026-09-13T22:08:56.957722Z  INFO ws_message:game_session{game=ETADYC player=PlayerId(0)}: phase_server: game submission processed (lock held) game=ETADYC kind="action" lock_ms=6 ai_actions=0
2026-09-13T22:08:57.178168Z  INFO ws_message:game_session{game=ETADYC player=PlayerId(1)}: server_core::session: action applied game=ETADYC player=PlayerId(1) action_type="PassPriority" event_count=1
2026-09-13T22:08:57.191214Z  INFO ws_message:game_session{game=ETADYC player=PlayerId(1)}: phase_server: game submission processed (lock held) game=ETADYC kind="action" lock_ms=17 ai_actions=0
2026-09-13T22:08:57.454488Z  INFO ws_message:game_session{game=ETADYC player=PlayerId(0)}: server_core::session: action applied game=ETADYC player=PlayerId(0) action_type="PassPriority" event_count=1
2026-09-13T22:08:57.457549Z  INFO ws_message:game_session{game=ETADYC player=PlayerId(0)}: phase_server: game submission processed (lock held) game=ETADYC kind="action" lock_ms=4 ai_actions=0
2026-09-13T22:08:57.680110Z  INFO ws_message:game_session{game=ETADYC player=PlayerId(1)}: server_core::session: action applied game=ETADYC player=PlayerId(1) action_type="PassPriority" event_count=5
2026-09-13T22:08:57.682114Z  INFO ws_message:game_session{game=ETADYC player=PlayerId(1)}: phase_server: game submission processed (lock held) game=ETADYC kind="action" lock_ms=7 ai_actions=0
2026-09-13T22:08:57.927386Z  INFO ws_message:game_session{game=ETADYC player=PlayerId(1)}: server_core::session: action applied game=ETADYC player=PlayerId(1) action_type="PassPriority" event_count=1
2026-09-13T22:08:57.940426Z  INFO ws_message:game_session{game=ETADYC player=PlayerId(1)}: phase_server: game submission processed (lock held) game=ETADYC kind="action" lock_ms=14 ai_actions=0
2026-09-13T22:08:58.211499Z  INFO ws_message:game_session{game=ETADYC player=PlayerId(0)}: server_core::session: action applied game=ETADYC player=PlayerId(0) action_type="PassPriority" event_count=4
2026-09-13T22:08:58.213045Z  INFO ws_message:game_session{game=ETADYC player=PlayerId(0)}: phase_server: game submission processed (lock held) game=ETADYC kind="action" lock_ms=8 ai_actions=0
2026-09-13T22:08:58.429178Z  INFO ws_message:game_session{game=ETADYC player=PlayerId(1)}: server_core::session: action applied game=ETADYC player=PlayerId(1) action_type="PassPriority" event_count=1
2026-09-13T22:08:58.447771Z  INFO ws_message:game_session{game=ETADYC player=PlayerId(1)}: phase_server: game submission processed (lock held) game=ETADYC kind="action" lock_ms=20 ai_actions=0
2026-09-13T22:08:58.709017Z  INFO ws_message:game_session{game=ETADYC player=PlayerId(0)}: server_core::session: action applied game=ETADYC player=PlayerId(0) action_type="PassPriority" event_count=1
2026-09-13T22:08:58.735769Z  INFO ws_message:game_session{game=ETADYC player=PlayerId(0)}: phase_server: game submission processed (lock held) game=ETADYC kind="action" lock_ms=28 ai_actions=0
2026-09-13T22:08:58.934728Z  INFO ws_message:game_session{game=ETADYC player=PlayerId(1)}: server_core::session: action applied game=ETADYC player=PlayerId(1) action_type="PlayLand" event_count=2
2026-09-13T22:08:58.939084Z  INFO ws_message:game_session{game=ETADYC player=PlayerId(1)}: phase_server: game submission processed (lock held) game=ETADYC kind="action" lock_ms=9 ai_actions=0
2026-09-13T22:08:59.183604Z  INFO ws_message:game_session{game=ETADYC player=PlayerId(1)}: server_core::session: action applied game=ETADYC player=PlayerId(1) action_type="PassPriority" event_count=1
2026-09-13T22:08:59.197366Z  INFO ws_message:game_session{game=ETADYC player=PlayerId(1)}: phase_server: game submission processed (lock held) game=ETADYC kind="action" lock_ms=16 ai_actions=0
2026-09-13T22:08:59.461542Z  INFO ws_message:game_session{game=ETADYC player=PlayerId(0)}: server_core::session: action applied game=ETADYC player=PlayerId(0) action_type="PassPriority" event_count=1
2026-09-13T22:08:59.466260Z  INFO ws_message:game_session{game=ETADYC player=PlayerId(0)}: phase_server: game submission processed (lock held) game=ETADYC kind="action" lock_ms=6 ai_actions=0
2026-09-13T22:08:59.684977Z  INFO ws_message:game_session{game=ETADYC player=PlayerId(1)}: server_core::session: action applied game=ETADYC player=PlayerId(1) action_type="PassPriority" event_count=1
2026-09-13T22:08:59.698954Z  INFO ws_message:game_session{game=ETADYC player=PlayerId(1)}: phase_server: game submission processed (lock held) game=ETADYC kind="action" lock_ms=16 ai_actions=0
2026-09-13T22:08:59.963806Z  INFO ws_message:game_session{game=ETADYC player=PlayerId(0)}: server_core::session: action applied game=ETADYC player=PlayerId(0) action_type="PassPriority" event_count=1
2026-09-13T22:08:59.973572Z  INFO ws_message:game_session{game=ETADYC player=PlayerId(0)}: phase_server: game submission processed (lock held) game=ETADYC kind="action" lock_ms=10 ai_actions=0
2026-09-13T22:09:01.122973Z  INFO ws_message:game_session{game=ETADYC player=PlayerId(1)}: server_core::session: action applied game=ETADYC player=PlayerId(1) action_type="DeclareAttackers" event_count=2
2026-09-13T22:09:01.126706Z  INFO ws_message:game_session{game=ETADYC player=PlayerId(1)}: phase_server: game submission processed (lock held) game=ETADYC kind="action" lock_ms=10 ai_actions=0
2026-09-13T22:09:01.370445Z  INFO ws_message:game_session{game=ETADYC player=PlayerId(1)}: server_core::session: action applied game=ETADYC player=PlayerId(1) action_type="PassPriority" event_count=1
2026-09-13T22:09:01.384760Z  INFO ws_message:game_session{game=ETADYC player=PlayerId(1)}: phase_server: game submission processed (lock held) game=ETADYC kind="action" lock_ms=16 ai_actions=0
2026-09-13T22:09:01.621426Z  INFO ws_message:game_session{game=ETADYC player=PlayerId(0)}: server_core::session: action applied game=ETADYC player=PlayerId(0) action_type="PassPriority" event_count=2
2026-09-13T22:09:01.625595Z  INFO ws_message:game_session{game=ETADYC player=PlayerId(0)}: phase_server: game submission processed (lock held) game=ETADYC kind="action" lock_ms=6 ai_actions=0
2026-09-13T22:09:01.871897Z  INFO ws_message:game_session{game=ETADYC player=PlayerId(1)}: server_core::session: action applied game=ETADYC player=PlayerId(1) action_type="PassPriority" event_count=1
2026-09-13T22:09:01.885864Z  INFO ws_message:game_session{game=ETADYC player=PlayerId(1)}: phase_server: game submission processed (lock held) game=ETADYC kind="action" lock_ms=15 ai_actions=0
2026-09-13T22:09:02.123458Z  INFO ws_message:game_session{game=ETADYC player=PlayerId(0)}: server_core::session: action applied game=ETADYC player=PlayerId(0) action_type="PassPriority" event_count=4
2026-09-13T22:09:02.127393Z  INFO ws_message:game_session{game=ETADYC player=PlayerId(0)}: phase_server: game submission processed (lock held) game=ETADYC kind="action" lock_ms=6 ai_actions=0
2026-09-13T22:09:02.373951Z  INFO ws_message:game_session{game=ETADYC player=PlayerId(1)}: server_core::session: action applied game=ETADYC player=PlayerId(1) action_type="PassPriority" event_count=1
2026-09-13T22:09:02.389107Z  INFO ws_message:game_session{game=ETADYC player=PlayerId(1)}: phase_server: game submission processed (lock held) game=ETADYC kind="action" lock_ms=17 ai_actions=0
2026-09-13T22:09:02.625257Z  INFO ws_message:game_session{game=ETADYC player=PlayerId(0)}: server_core::session: action applied game=ETADYC player=PlayerId(0) action_type="PassPriority" event_count=1
2026-09-13T22:09:02.631295Z  INFO ws_message:game_session{game=ETADYC player=PlayerId(0)}: phase_server: game submission processed (lock held) game=ETADYC kind="action" lock_ms=8 ai_actions=0
2026-09-13T22:09:02.877088Z  INFO ws_message:game_session{game=ETADYC player=PlayerId(1)}: server_core::session: action applied game=ETADYC player=PlayerId(1) action_type="PassPriority" event_count=1
2026-09-13T22:09:02.891525Z  INFO ws_message:game_session{game=ETADYC player=PlayerId(1)}: phase_server: game submission processed (lock held) game=ETADYC kind="action" lock_ms=17 ai_actions=0
2026-09-13T22:09:03.129729Z  INFO ws_message:game_session{game=ETADYC player=PlayerId(0)}: server_core::session: action applied game=ETADYC player=PlayerId(0) action_type="PassPriority" event_count=1
2026-09-13T22:09:03.134748Z  INFO ws_message:game_session{game=ETADYC player=PlayerId(0)}: phase_server: game submission processed (lock held) game=ETADYC kind="action" lock_ms=10 ai_actions=0
2026-09-13T22:09:03.378920Z  INFO ws_message:game_session{game=ETADYC player=PlayerId(1)}: server_core::session: action applied game=ETADYC player=PlayerId(1) action_type="PassPriority" event_count=1
2026-09-13T22:09:03.395052Z  INFO ws_message:game_session{game=ETADYC player=PlayerId(1)}: phase_server: game submission processed (lock held) game=ETADYC kind="action" lock_ms=19 ai_actions=0
2026-09-13T22:09:03.633700Z  INFO ws_message:game_session{game=ETADYC player=PlayerId(0)}: server_core::session: action applied game=ETADYC player=PlayerId(0) action_type="PassPriority" event_count=1
2026-09-13T22:09:03.652074Z  INFO ws_message:game_session{game=ETADYC player=PlayerId(0)}: phase_server: game submission processed (lock held) game=ETADYC kind="action" lock_ms=24 ai_actions=0
2026-09-13T22:09:03.880097Z  INFO ws_message:game_session{game=ETADYC player=PlayerId(1)}: server_core::session: action applied game=ETADYC player=PlayerId(1) action_type="PassPriority" event_count=1
2026-09-13T22:09:03.894155Z  INFO ws_message:game_session{game=ETADYC player=PlayerId(1)}: phase_server: game submission processed (lock held) game=ETADYC kind="action" lock_ms=15 ai_actions=0
2026-09-13T22:09:04.137727Z  INFO ws_message:game_session{game=ETADYC player=PlayerId(0)}: server_core::session: action applied game=ETADYC player=PlayerId(0) action_type="PassPriority" event_count=4
2026-09-13T22:09:04.146207Z  INFO ws_message:game_session{game=ETADYC player=PlayerId(0)}: phase_server: game submission processed (lock held) game=ETADYC kind="action" lock_ms=14 ai_actions=0
2026-09-13T22:09:04.384881Z  INFO ws_message:game_session{game=ETADYC player=PlayerId(0)}: server_core::session: action applied game=ETADYC player=PlayerId(0) action_type="PassPriority" event_count=1
2026-09-13T22:09:04.388955Z  INFO ws_message:game_session{game=ETADYC player=PlayerId(0)}: phase_server: game submission processed (lock held) game=ETADYC kind="action" lock_ms=6 ai_actions=0
2026-09-13T22:09:04.637885Z  INFO ws_message:game_session{game=ETADYC player=PlayerId(1)}: server_core::session: action applied game=ETADYC player=PlayerId(1) action_type="PassPriority" event_count=4
2026-09-13T22:09:04.648287Z  INFO ws_message:game_session{game=ETADYC player=PlayerId(1)}: phase_server: game submission processed (lock held) game=ETADYC kind="action" lock_ms=15 ai_actions=0
2026-09-13T22:09:04.886877Z  INFO ws_message:game_session{game=ETADYC player=PlayerId(0)}: server_core::session: action applied game=ETADYC player=PlayerId(0) action_type="PassPriority" event_count=1
2026-09-13T22:09:04.890961Z  INFO ws_message:game_session{game=ETADYC player=PlayerId(0)}: phase_server: game submission processed (lock held) game=ETADYC kind="action" lock_ms=6 ai_actions=0
2026-09-13T22:09:05.136517Z  INFO ws_message:game_session{game=ETADYC player=PlayerId(1)}: server_core::session: action applied game=ETADYC player=PlayerId(1) action_type="PassPriority" event_count=1
2026-09-13T22:09:05.185033Z  INFO ws_message:game_session{game=ETADYC player=PlayerId(1)}: phase_server: game submission processed (lock held) game=ETADYC kind="action" lock_ms=50 ai_actions=0
2026-09-13T22:09:05.391916Z  INFO ws_message:game_session{game=ETADYC player=PlayerId(0)}: server_core::session: action applied game=ETADYC player=PlayerId(0) action_type="PlayLand" event_count=2
2026-09-13T22:09:05.411294Z  INFO ws_message:game_session{game=ETADYC player=PlayerId(0)}: phase_server: game submission processed (lock held) game=ETADYC kind="action" lock_ms=24 ai_actions=0
2026-09-13T22:09:05.639887Z  INFO ws_message:game_session{game=ETADYC player=PlayerId(0)}: server_core::session: action applied game=ETADYC player=PlayerId(0) action_type="PassPriority" event_count=1
2026-09-13T22:09:05.643997Z  INFO ws_message:game_session{game=ETADYC player=PlayerId(0)}: phase_server: game submission processed (lock held) game=ETADYC kind="action" lock_ms=6 ai_actions=0
2026-09-13T22:09:05.890066Z  INFO ws_message:game_session{game=ETADYC player=PlayerId(1)}: server_core::session: action applied game=ETADYC player=PlayerId(1) action_type="PassPriority" event_count=1
2026-09-13T22:09:05.911063Z  INFO ws_message:game_session{game=ETADYC player=PlayerId(1)}: phase_server: game submission processed (lock held) game=ETADYC kind="action" lock_ms=23 ai_actions=0
2026-09-13T22:09:06.141727Z  INFO ws_message:game_session{game=ETADYC player=PlayerId(0)}: server_core::session: action applied game=ETADYC player=PlayerId(0) action_type="PassPriority" event_count=1
2026-09-13T22:09:06.146798Z  INFO ws_message:game_session{game=ETADYC player=PlayerId(0)}: phase_server: game submission processed (lock held) game=ETADYC kind="action" lock_ms=8 ai_actions=0
2026-09-13T22:09:06.395030Z  INFO ws_message:game_session{game=ETADYC player=PlayerId(1)}: server_core::session: action applied game=ETADYC player=PlayerId(1) action_type="PassPriority" event_count=3
2026-09-13T22:09:06.414023Z  INFO ws_message:game_session{game=ETADYC player=PlayerId(1)}: phase_server: game submission processed (lock held) game=ETADYC kind="action" lock_ms=24 ai_actions=0
2026-09-13T22:09:06.643450Z  INFO ws_message:game_session{game=ETADYC player=PlayerId(0)}: server_core::session: action applied game=ETADYC player=PlayerId(0) action_type="PassPriority" event_count=1
2026-09-13T22:09:06.647182Z  INFO ws_message:game_session{game=ETADYC player=PlayerId(0)}: phase_server: game submission processed (lock held) game=ETADYC kind="action" lock_ms=6 ai_actions=0
2026-09-13T22:09:06.895940Z  INFO ws_message:game_session{game=ETADYC player=PlayerId(1)}: server_core::session: action applied game=ETADYC player=PlayerId(1) action_type="PassPriority" event_count=1
2026-09-13T22:09:06.914655Z  INFO ws_message:game_session{game=ETADYC player=PlayerId(1)}: phase_server: game submission processed (lock held) game=ETADYC kind="action" lock_ms=23 ai_actions=0
2026-09-13T22:09:07.146552Z  INFO ws_message:game_session{game=ETADYC player=PlayerId(0)}: server_core::session: action applied game=ETADYC player=PlayerId(0) action_type="PassPriority" event_count=1
2026-09-13T22:09:07.150251Z  INFO ws_message:game_session{game=ETADYC player=PlayerId(0)}: phase_server: game submission processed (lock held) game=ETADYC kind="action" lock_ms=6 ai_actions=0
2026-09-13T22:09:07.398694Z  INFO ws_message:game_session{game=ETADYC player=PlayerId(1)}: server_core::session: action applied game=ETADYC player=PlayerId(1) action_type="PassPriority" event_count=1
2026-09-13T22:09:07.416739Z  INFO ws_message:game_session{game=ETADYC player=PlayerId(1)}: phase_server: game submission processed (lock held) game=ETADYC kind="action" lock_ms=22 ai_actions=0
2026-09-13T22:09:07.648334Z  INFO ws_message:game_session{game=ETADYC player=PlayerId(0)}: server_core::session: action applied game=ETADYC player=PlayerId(0) action_type="PassPriority" event_count=1
2026-09-13T22:09:07.652197Z  INFO ws_message:game_session{game=ETADYC player=PlayerId(0)}: phase_server: game submission processed (lock held) game=ETADYC kind="action" lock_ms=6 ai_actions=0
2026-09-13T22:09:07.901193Z  INFO ws_message:game_session{game=ETADYC player=PlayerId(1)}: server_core::session: action applied game=ETADYC player=PlayerId(1) action_type="PassPriority" event_count=5
2026-09-13T22:09:07.903653Z  INFO ws_message:game_session{game=ETADYC player=PlayerId(1)}: phase_server: game submission processed (lock held) game=ETADYC kind="action" lock_ms=8 ai_actions=0
2026-09-13T22:09:08.148146Z  INFO ws_message:game_session{game=ETADYC player=PlayerId(1)}: server_core::session: action applied game=ETADYC player=PlayerId(1) action_type="PassPriority" event_count=1
2026-09-13T22:09:08.166595Z  INFO ws_message:game_session{game=ETADYC player=PlayerId(1)}: phase_server: game submission processed (lock held) game=ETADYC kind="action" lock_ms=20 ai_actions=0
2026-09-13T22:09:08.404395Z  INFO ws_message:game_session{game=ETADYC player=PlayerId(0)}: server_core::session: action applied game=ETADYC player=PlayerId(0) action_type="PassPriority" event_count=4
2026-09-13T22:09:08.405960Z  INFO ws_message:game_session{game=ETADYC player=PlayerId(0)}: phase_server: game submission processed (lock held) game=ETADYC kind="action" lock_ms=7 ai_actions=0
2026-09-13T22:09:08.652043Z  INFO ws_message:game_session{game=ETADYC player=PlayerId(1)}: server_core::session: action applied game=ETADYC player=PlayerId(1) action_type="PassPriority" event_count=1
2026-09-13T22:09:08.671021Z  INFO ws_message:game_session{game=ETADYC player=PlayerId(1)}: phase_server: game submission processed (lock held) game=ETADYC kind="action" lock_ms=22 ai_actions=0
2026-09-13T22:09:08.901703Z  INFO ws_message:game_session{game=ETADYC player=PlayerId(0)}: server_core::session: action applied game=ETADYC player=PlayerId(0) action_type="PassPriority" event_count=1
2026-09-13T22:09:08.928323Z  INFO ws_message:game_session{game=ETADYC player=PlayerId(0)}: phase_server: game submission processed (lock held) game=ETADYC kind="action" lock_ms=28 ai_actions=0
2026-09-13T22:09:09.155952Z  INFO ws_message:game_session{game=ETADYC player=PlayerId(1)}: server_core::session: action applied game=ETADYC player=PlayerId(1) action_type="PlayLand" event_count=2
2026-09-13T22:09:09.160232Z  INFO ws_message:game_session{game=ETADYC player=PlayerId(1)}: phase_server: game submission processed (lock held) game=ETADYC kind="action" lock_ms=9 ai_actions=0
2026-09-13T22:09:09.404573Z  INFO ws_message:game_session{game=ETADYC player=PlayerId(1)}: server_core::session: action applied game=ETADYC player=PlayerId(1) action_type="PassPriority" event_count=1
2026-09-13T22:09:09.422767Z  INFO ws_message:game_session{game=ETADYC player=PlayerId(1)}: phase_server: game submission processed (lock held) game=ETADYC kind="action" lock_ms=21 ai_actions=0
2026-09-13T22:09:09.655243Z  INFO ws_message:game_session{game=ETADYC player=PlayerId(0)}: server_core::session: action applied game=ETADYC player=PlayerId(0) action_type="PassPriority" event_count=1
2026-09-13T22:09:09.659603Z  INFO ws_message:game_session{game=ETADYC player=PlayerId(0)}: phase_server: game submission processed (lock held) game=ETADYC kind="action" lock_ms=6 ai_actions=0
2026-09-13T22:09:09.906840Z  INFO ws_message:game_session{game=ETADYC player=PlayerId(1)}: server_core::session: action applied game=ETADYC player=PlayerId(1) action_type="PassPriority" event_count=1
2026-09-13T22:09:09.926113Z  INFO ws_message:game_session{game=ETADYC player=PlayerId(1)}: phase_server: game submission processed (lock held) game=ETADYC kind="action" lock_ms=22 ai_actions=0
2026-09-13T22:09:10.156331Z  INFO ws_message:game_session{game=ETADYC player=PlayerId(0)}: server_core::session: action applied game=ETADYC player=PlayerId(0) action_type="PassPriority" event_count=1
2026-09-13T22:09:10.166164Z  INFO ws_message:game_session{game=ETADYC player=PlayerId(0)}: phase_server: game submission processed (lock held) game=ETADYC kind="action" lock_ms=11 ai_actions=0
2026-09-13T22:09:10.411407Z  INFO ws_message:game_session{game=ETADYC player=PlayerId(1)}: server_core::session: action applied game=ETADYC player=PlayerId(1) action_type="DeclareAttackers" event_count=2
2026-09-13T22:09:10.415922Z  INFO ws_message:game_session{game=ETADYC player=PlayerId(1)}: phase_server: game submission processed (lock held) game=ETADYC kind="action" lock_ms=10 ai_actions=0
2026-09-13T22:09:10.659240Z  INFO ws_message:game_session{game=ETADYC player=PlayerId(1)}: server_core::session: action applied game=ETADYC player=PlayerId(1) action_type="PassPriority" event_count=1
2026-09-13T22:09:10.678987Z  INFO ws_message:game_session{game=ETADYC player=PlayerId(1)}: phase_server: game submission processed (lock held) game=ETADYC kind="action" lock_ms=21 ai_actions=0
2026-09-13T22:09:10.909845Z  INFO ws_message:game_session{game=ETADYC player=PlayerId(0)}: server_core::session: action applied game=ETADYC player=PlayerId(0) action_type="PassPriority" event_count=2
2026-09-13T22:09:10.914315Z  INFO ws_message:game_session{game=ETADYC player=PlayerId(0)}: phase_server: game submission processed (lock held) game=ETADYC kind="action" lock_ms=6 ai_actions=0
2026-09-13T22:09:11.161392Z  INFO ws_message:game_session{game=ETADYC player=PlayerId(1)}: server_core::session: action applied game=ETADYC player=PlayerId(1) action_type="PassPriority" event_count=1
2026-09-13T22:09:11.179480Z  INFO ws_message:game_session{game=ETADYC player=PlayerId(1)}: phase_server: game submission processed (lock held) game=ETADYC kind="action" lock_ms=19 ai_actions=0
2026-09-13T22:09:11.413844Z  INFO ws_message:game_session{game=ETADYC player=PlayerId(0)}: server_core::session: action applied game=ETADYC player=PlayerId(0) action_type="PassPriority" event_count=4
2026-09-13T22:09:11.420296Z  INFO ws_message:game_session{game=ETADYC player=PlayerId(0)}: phase_server: game submission processed (lock held) game=ETADYC kind="action" lock_ms=8 ai_actions=0
2026-09-13T22:09:11.663963Z  INFO ws_message:game_session{game=ETADYC player=PlayerId(1)}: server_core::session: action applied game=ETADYC player=PlayerId(1) action_type="PassPriority" event_count=1
2026-09-13T22:09:11.683313Z  INFO ws_message:game_session{game=ETADYC player=PlayerId(1)}: phase_server: game submission processed (lock held) game=ETADYC kind="action" lock_ms=21 ai_actions=0
2026-09-13T22:09:11.915133Z  INFO ws_message:game_session{game=ETADYC player=PlayerId(0)}: server_core::session: action applied game=ETADYC player=PlayerId(0) action_type="PassPriority" event_count=1
2026-09-13T22:09:11.919921Z  INFO ws_message:game_session{game=ETADYC player=PlayerId(0)}: phase_server: game submission processed (lock held) game=ETADYC kind="action" lock_ms=7 ai_actions=0
2026-09-13T22:09:12.166773Z  INFO ws_message:game_session{game=ETADYC player=PlayerId(1)}: server_core::session: action applied game=ETADYC player=PlayerId(1) action_type="PassPriority" event_count=1
2026-09-13T22:09:12.187580Z  INFO ws_message:game_session{game=ETADYC player=PlayerId(1)}: phase_server: game submission processed (lock held) game=ETADYC kind="action" lock_ms=23 ai_actions=0
2026-09-13T22:09:12.419867Z  INFO ws_message:game_session{game=ETADYC player=PlayerId(0)}: server_core::session: action applied game=ETADYC player=PlayerId(0) action_type="PassPriority" event_count=1
2026-09-13T22:09:12.424599Z  INFO ws_message:game_session{game=ETADYC player=PlayerId(0)}: phase_server: game submission processed (lock held) game=ETADYC kind="action" lock_ms=9 ai_actions=0
2026-09-13T22:09:12.668067Z  INFO ws_message:game_session{game=ETADYC player=PlayerId(1)}: server_core::session: action applied game=ETADYC player=PlayerId(1) action_type="PassPriority" event_count=1
2026-09-13T22:09:12.687386Z  INFO ws_message:game_session{game=ETADYC player=PlayerId(1)}: phase_server: game submission processed (lock held) game=ETADYC kind="action" lock_ms=21 ai_actions=0
2026-09-13T22:09:12.921479Z  INFO ws_message:game_session{game=ETADYC player=PlayerId(0)}: server_core::session: action applied game=ETADYC player=PlayerId(0) action_type="PassPriority" event_count=1
2026-09-13T22:09:12.925977Z  INFO ws_message:game_session{game=ETADYC player=PlayerId(0)}: phase_server: game submission processed (lock held) game=ETADYC kind="action" lock_ms=9 ai_actions=0
2026-09-13T22:09:13.169127Z  INFO ws_message:game_session{game=ETADYC player=PlayerId(1)}: server_core::session: action applied game=ETADYC player=PlayerId(1) action_type="PassPriority" event_count=1
2026-09-13T22:09:13.187123Z  INFO ws_message:game_session{game=ETADYC player=PlayerId(1)}: phase_server: game submission processed (lock held) game=ETADYC kind="action" lock_ms=19 ai_actions=0
2026-09-13T22:09:13.424571Z  INFO ws_message:game_session{game=ETADYC player=PlayerId(0)}: server_core::session: action applied game=ETADYC player=PlayerId(0) action_type="PassPriority" event_count=4
2026-09-13T22:09:13.434330Z  INFO ws_message:game_session{game=ETADYC player=PlayerId(0)}: phase_server: game submission processed (lock held) game=ETADYC kind="action" lock_ms=15 ai_actions=0
2026-09-13T22:09:13.671921Z  INFO ws_message:game_session{game=ETADYC player=PlayerId(0)}: server_core::session: action applied game=ETADYC player=PlayerId(0) action_type="PassPriority" event_count=1
2026-09-13T22:09:13.676139Z  INFO ws_message:game_session{game=ETADYC player=PlayerId(0)}: phase_server: game submission processed (lock held) game=ETADYC kind="action" lock_ms=6 ai_actions=0
2026-09-13T22:09:13.925867Z  INFO ws_message:game_session{game=ETADYC player=PlayerId(1)}: server_core::session: action applied game=ETADYC player=PlayerId(1) action_type="PassPriority" event_count=4
2026-09-13T22:09:13.942244Z  INFO ws_message:game_session{game=ETADYC player=PlayerId(1)}: phase_server: game submission processed (lock held) game=ETADYC kind="action" lock_ms=21 ai_actions=0
2026-09-13T22:09:14.173431Z  INFO ws_message:game_session{game=ETADYC player=PlayerId(0)}: server_core::session: action applied game=ETADYC player=PlayerId(0) action_type="PassPriority" event_count=1
2026-09-13T22:09:14.177940Z  INFO ws_message:game_session{game=ETADYC player=PlayerId(0)}: phase_server: game submission processed (lock held) game=ETADYC kind="action" lock_ms=6 ai_actions=0
2026-09-13T22:09:14.424362Z  INFO ws_message:game_session{game=ETADYC player=PlayerId(1)}: server_core::session: action applied game=ETADYC player=PlayerId(1) action_type="PassPriority" event_count=1
2026-09-13T22:09:14.483024Z  INFO ws_message:game_session{game=ETADYC player=PlayerId(1)}: phase_server: game submission processed (lock held) game=ETADYC kind="action" lock_ms=61 ai_actions=0
2026-09-13T22:09:14.677667Z  INFO ws_message:game_session{game=ETADYC player=PlayerId(0)}: server_core::session: action applied game=ETADYC player=PlayerId(0) action_type="PlayLand" event_count=2
2026-09-13T22:09:14.687534Z  INFO ws_message:game_session{game=ETADYC player=PlayerId(0)}: phase_server: game submission processed (lock held) game=ETADYC kind="action" lock_ms=14 ai_actions=0
2026-09-13T22:09:16.182722Z  INFO phase_server: client disconnected game=Some("ETADYC") player=Some(PlayerId(0))
2026-09-13T22:09:16.182855Z  INFO server_core::session: player disconnected game=ETADYC player=PlayerId(0)
2026-09-13T22:09:16.183783Z  INFO phase_server: client disconnected game=Some("ETADYC") player=Some(PlayerId(1))
2026-09-13T22:09:16.183834Z  INFO server_core::session: player disconnected game=ETADYC player=PlayerId(1)
