server identity pinned: v0.83.0 (b7a59d4) protocol 70, mode Full (verified 2026-09-15)
game_code=NDCM75 token=set full_key=set
[P0] mulligan: 7 lands -> keep
[P1] mulligan: 7 lands -> keep
[P2] mulligan: 7 lands -> keep
DIAG turn=1 active=2 phase=Untap wf=MulliganDecision pp=2 krark_cast=False sak_cast=False sak_bf=None stage=SETUP P0hand=['mountain', 'mountain', 'island', 'island', 'island', 'island']
[P0] UNEXPECTED PROMPT iid=NDCM75.0 wf=Priority n=1 texts=['']
[P0] UNEXPECTED PROMPT iid=NDCM75.0 wf=Priority n=1 texts=['']
[P0] UNEXPECTED PROMPT iid=NDCM75.0 wf=Priority n=1 texts=['']
[P0] UNEXPECTED PROMPT iid=NDCM75.0 wf=Priority n=1 texts=['']
[P0] UNEXPECTED PROMPT iid=NDCM75.0 wf=Priority n=1 texts=['']
[P0] UNEXPECTED PROMPT iid=NDCM75.0 wf=Priority n=1 texts=['']
[P0] UNEXPECTED PROMPT iid=NDCM75.0 wf=Priority n=1 texts=['']
[P0] UNEXPECTED PROMPT iid=NDCM75.0 wf=Priority n=1 texts=['']
[P0] UNEXPECTED PROMPT iid=NDCM75.0 wf=Priority n=1 texts=['']
[P0] UNEXPECTED PROMPT iid=NDCM75.0 wf=Priority n=9 texts=['', 'Island', 'Island', 'Mountain']
[P0] playing land mountain
[P0] UNEXPECTED PROMPT iid=NDCM75.0 wf=Priority n=2 texts=['', 'Mountain']
[P0] UNEXPECTED PROMPT iid=NDCM75.0 wf=Priority n=2 texts=['', 'Mountain']
[P0] UNEXPECTED PROMPT iid=NDCM75.0 wf=Priority n=2 texts=['', 'Mountain']
[P0] UNEXPECTED PROMPT iid=NDCM75.0 wf=Priority n=2 texts=['', 'Mountain']
[P0] UNEXPECTED PROMPT iid=NDCM75.0 wf=Priority n=2 texts=['', 'Mountain']
[P0] UNEXPECTED PROMPT iid=NDCM75.0 wf=Priority n=2 texts=['', 'Mountain']
[P0] UNEXPECTED PROMPT iid=NDCM75.0 wf=Priority n=2 texts=['', 'Mountain']
[P0] UNEXPECTED PROMPT iid=NDCM75.0 wf=Priority n=2 texts=['', 'Mountain']
[P0] UNEXPECTED PROMPT iid=NDCM75.0 wf=Priority n=2 texts=['', 'Mountain']
[P0] UNEXPECTED PROMPT iid=NDCM75.0 wf=Priority n=2 texts=['', 'Mountain']
[P0] UNEXPECTED PROMPT iid=NDCM75.0 wf=Priority n=2 texts=['', 'Mountain']
[P0] UNEXPECTED PROMPT iid=NDCM75.0 wf=Priority n=2 texts=['', 'Mountain']
[P0] UNEXPECTED PROMPT iid=NDCM75.0 wf=Priority n=2 texts=['', 'Mountain']
[P0] UNEXPECTED PROMPT iid=NDCM75.0 wf=Priority n=2 texts=['', 'Mountain']
[P0] UNEXPECTED PROMPT iid=NDCM75.0 wf=Priority n=2 texts=['', 'Mountain']
[P0] UNEXPECTED PROMPT iid=NDCM75.0 wf=Priority n=2 texts=['', 'Mountain']
[P0] UNEXPECTED PROMPT iid=NDCM75.0 wf=Priority n=2 texts=['', 'Mountain']
[P0] UNEXPECTED PROMPT iid=NDCM75.0 wf=Priority n=2 texts=['', 'Mountain']
[P0] UNEXPECTED PROMPT iid=NDCM75.0 wf=Priority n=2 texts=['', 'Mountain']
[P0] UNEXPECTED PROMPT iid=NDCM75.0 wf=Priority n=2 texts=['', 'Mountain']
[P0] UNEXPECTED PROMPT iid=NDCM75.0 wf=Priority n=2 texts=['', 'Mountain']
[P0] UNEXPECTED PROMPT iid=NDCM75.0 wf=Priority n=10 texts=['', 'Island', 'Island', 'Island']
[P0] playing land island
[P0] UNEXPECTED PROMPT iid=NDCM75.0 wf=Priority n=5 texts=['', 'Krark, the Thumbless', 'Krark, the Thumbless', 'Island']
[P0] casting krark, the thumbless (oid=181)
[P0] UNEXPECTED PROMPT iid=NDCM75.0 wf=Priority n=1 texts=['']
[P0] UNEXPECTED PROMPT iid=NDCM75.0 wf=Priority n=1 texts=['']
Krark on BF oid=181
[P0] UNEXPECTED PROMPT iid=NDCM75.0 wf=Priority n=1 texts=['']
[P0] UNEXPECTED PROMPT iid=NDCM75.0 wf=Priority n=1 texts=['']
[P0] UNEXPECTED PROMPT iid=NDCM75.0 wf=Priority n=1 texts=['']
[P0] UNEXPECTED PROMPT iid=NDCM75.0 wf=Priority n=1 texts=['']
[P0] UNEXPECTED PROMPT iid=NDCM75.0 wf=Priority n=1 texts=['']
[P0] UNEXPECTED PROMPT iid=NDCM75.0 wf=Priority n=1 texts=['']
[P0] UNEXPECTED PROMPT iid=NDCM75.0 wf=Priority n=1 texts=['']
[P0] UNEXPECTED PROMPT iid=NDCM75.0 wf=Priority n=1 texts=['']
[P0] UNEXPECTED PROMPT iid=NDCM75.0 wf=Priority n=1 texts=['']
[P0] UNEXPECTED PROMPT iid=NDCM75.0 wf=Priority n=1 texts=['']
[P0] UNEXPECTED PROMPT iid=NDCM75.0 wf=Priority n=1 texts=['']
[P0] UNEXPECTED PROMPT iid=NDCM75.0 wf=Priority n=1 texts=['']
[P0] UNEXPECTED PROMPT iid=NDCM75.0 wf=Priority n=1 texts=['']
[P0] UNEXPECTED PROMPT iid=NDCM75.0 wf=Priority n=1 texts=['']
[P0] UNEXPECTED PROMPT iid=NDCM75.0 wf=Priority n=1 texts=['']
[P0] UNEXPECTED PROMPT iid=NDCM75.0 wf=Priority n=1 texts=['']
[P0] UNEXPECTED PROMPT iid=NDCM75.0 wf=Priority n=1 texts=['']
[P0] UNEXPECTED PROMPT iid=NDCM75.0 wf=Priority n=1 texts=['']
[P0] UNEXPECTED PROMPT iid=NDCM75.0 wf=Priority n=3 texts=['', 'Island', 'Mountain']
[P0] UNEXPECTED PROMPT iid=NDCM75.0 wf=Priority n=3 texts=['', 'Island', 'Mountain']
[P0] UNEXPECTED PROMPT iid=NDCM75.0 wf=Priority n=11 texts=['', 'Island', 'Island', 'Island']
[P0] playing land island
[P0] UNEXPECTED PROMPT iid=NDCM75.0 wf=Priority n=4 texts=['', 'Island', 'Island', 'Mountain']
[P0] UNEXPECTED PROMPT iid=NDCM75.0 wf=Priority n=4 texts=['', 'Island', 'Island', 'Mountain']
[P0] UNEXPECTED PROMPT iid=NDCM75.0 wf=Priority n=4 texts=['', 'Island', 'Island', 'Mountain']
[P0] UNEXPECTED PROMPT iid=NDCM75.0 wf=Priority n=4 texts=['', 'Island', 'Island', 'Mountain']
[P0] UNEXPECTED PROMPT iid=NDCM75.0 wf=Priority n=4 texts=['', 'Island', 'Island', 'Mountain']
[P0] UNEXPECTED PROMPT iid=NDCM75.0 wf=Priority n=4 texts=['', 'Island', 'Island', 'Mountain']
[P0] UNEXPECTED PROMPT iid=NDCM75.0 wf=Priority n=4 texts=['', 'Island', 'Island', 'Mountain']
[P0] UNEXPECTED PROMPT iid=NDCM75.0 wf=Priority n=4 texts=['', 'Island', 'Island', 'Mountain']
[P0] UNEXPECTED PROMPT iid=NDCM75.0 wf=Priority n=4 texts=['', 'Island', 'Island', 'Mountain']
[P0] UNEXPECTED PROMPT iid=NDCM75.0 wf=Priority n=4 texts=['', 'Island', 'Island', 'Mountain']
[P0] UNEXPECTED PROMPT iid=NDCM75.0 wf=Priority n=4 texts=['', 'Island', 'Island', 'Mountain']
[P0] UNEXPECTED PROMPT iid=NDCM75.0 wf=Priority n=4 texts=['', 'Island', 'Island', 'Mountain']
[P0] UNEXPECTED PROMPT iid=NDCM75.0 wf=Priority n=4 texts=['', 'Island', 'Island', 'Mountain']
[P0] UNEXPECTED PROMPT iid=NDCM75.0 wf=Priority n=4 texts=['', 'Island', 'Island', 'Mountain']
[P0] UNEXPECTED PROMPT iid=NDCM75.0 wf=Priority n=4 texts=['', 'Island', 'Island', 'Mountain']
[P0] UNEXPECTED PROMPT iid=NDCM75.0 wf=Priority n=4 texts=['', 'Island', 'Island', 'Mountain']
[P0] UNEXPECTED PROMPT iid=NDCM75.0 wf=Priority n=4 texts=['', 'Island', 'Island', 'Mountain']
[P0] UNEXPECTED PROMPT iid=NDCM75.0 wf=Priority n=4 texts=['', 'Island', 'Island', 'Mountain']
[P0] UNEXPECTED PROMPT iid=NDCM75.0 wf=Priority n=4 texts=['', 'Island', 'Island', 'Mountain']
[P0] UNEXPECTED PROMPT iid=NDCM75.0 wf=Priority n=4 texts=['', 'Island', 'Island', 'Mountain']
[P0] UNEXPECTED PROMPT iid=NDCM75.0 wf=Priority n=4 texts=['', 'Island', 'Island', 'Mountain']
[P0] UNEXPECTED PROMPT iid=NDCM75.0 wf=Priority n=12 texts=['', 'Island', 'Island', 'Island']
[P0] playing land mountain
[P0] UNEXPECTED PROMPT iid=NDCM75.0 wf=Priority n=7 texts=['', 'Sakashima of a Thousand Faces', 'Sakashima of a Thousand Faces', 'Island']
[P0] casting sakashima of a thousand faces (oid=182)
[P0] UNEXPECTED PROMPT iid=NDCM75.0 wf=Priority n=1 texts=['']
[P0] Sakashima ReplacementChoice: ACCEPT (option 0): You may have ~ enter as a copy of another creature you control, except it has ~'s other abilities.
[P0] submitting interaction iid=NDCM75.0.241 choice=NDCM75.0.241.c0 (0)
[P0] Sakashima copying Krark oid=181
[P0] submitting interaction iid=NDCM75.0.242 choice=NDCM75.0.242.c0 (Krark, the Thumbless)
COPY LIVE: sak oid=182 name=sakashima of a thousand faces base=sakashima of a thousand faces cmdr=True legend_exempt=True
[P0] UNEXPECTED PROMPT iid=NDCM75.0 wf=Priority n=1 texts=['']
pre.json exported (both commanders on P0 BF)
REFRESH L1: closing all clients...
REFRESH L1: reconnected; waiting for state...
REFRESH L1: post.json exported via re-attached host
interim verdict after L1: not-reproduced {'A1_setup_ok': 'passed', 'A2_pre_copy_state': 'passed', 'A3_refresh_ok': 'passed', 'A4_copy_preserved': 'passed', 'A5_legend_rule': 'passed', 'A6_cleanup': 'passed'}
REFRESH L2: restarting server on the same games.db...
REFRESH L2: server pid=6423 stopped
REFRESH L2: server restarted, reconnecting...
REFRESH L2: post2.json exported via restarted server
FINAL verdict=not-reproduced assertions={'A1_setup_ok': 'passed', 'A2_pre_copy_state': 'passed', 'A3_refresh_ok': 'passed', 'A4_copy_preserved': 'passed', 'A5_legend_rule': 'passed', 'A6_cleanup': 'passed'}
wrote run.json verdict=not-reproduced
wrote summary.png
copied scenario_7167.py into EVDIR
wrote manifest.sha256 (8 files)
