expected sigs: {
 "PYRO": [
  "{\"type\": \"Tap\"}",
  "DealDamage",
  "{\"type\": \"Fixed\", \"value\": 1}/{\"type\": \"Any\"}"
 ],
 "ANA_FLY": [
  "{\"costs\": [{\"cost\": {\"generic\": 0, \"shards\": [\"Blu",
  "GenericEffect",
  "[{\"active_zones\": [], \"affected\": {\"type\": \"ParentTarget\"}, "
 ],
 "ANA_WEAK": [
  "{\"costs\": [{\"cost\": {\"generic\": 0, \"shards\": [\"Bla",
  "Pump",
  "{\"type\": \"Fixed\", \"value\": -2}/{\"type\": \"Fixed\", \"value\": 0}"
 ],
 "ELVES": [
  "{\"type\": \"Tap\"}",
  "Mana",
  "{\"colors\": [\"Green\"], \"type\": \"Fixed\"}"
 ],
 "ASSASSIN": [
  "{\"type\": \"Tap\"}",
  "Destroy",
  "{\"controller\": null, \"properties\": [{\"type\": \"Tapped\"}], \"ty"
 ],
 "SCAV_EXILE": [
  "{\"cost\": {\"generic\": 0, \"shards\": [\"Green\"], \"type",
  "ChangeZone",
  "{\"destination\": \"Exile\", \"enter_tapped\": false, \"enter_trans"
 ]
}
A1 parse_grant: passed
ServerHello: {"type": "ServerHello", "data": {"server_version": "0.82.0", "build_commit": "060b5d2", "protocol_version": 70, "mode": "Full", "lobby_protocol_version": 8, "wire_formats": ["GzipEnvelopeV1"]}}
game ND39PF; seats P0=0 P1=1 RUN_ID=20260914-7145i
[P1] waiting_for: MulliganDecision player=None
[P1] keeps
[P0] keeps
[P0] waiting_for: Priority player=0
[P0] waiting_for: Priority player=1
[P1] waiting_for: Priority player=0
[P0] plays Swamp
[P0] ActionRejected: {"rejection": {"code": "wrong_player", "disposition": "unauthorized", "message": "That action belongs to a different player.", "related_object_ids": []}}
[P0] waiting_for: Priority player=1
[P0] waiting_for: Priority player=0
[P0] waiting_for: Priority player=1
[P0] waiting_for: Priority player=0
[P0] waiting_for: Priority player=1
[P0] waiting_for: Priority player=0
[P0] waiting_for: Priority player=1
[P0] waiting_for: Priority player=0
[P0] waiting_for: Priority player=1
[P0] waiting_for: Priority player=0
[P0] waiting_for: Priority player=1
[P1] waiting_for: Priority player=0
[P0] waiting_for: Priority player=1
[P0] waiting_for: Priority player=0
[P0] waiting_for: Priority player=1
[P1] plays Mountain
[P0] waiting_for: Priority player=0
[P1] ActionRejected: {"rejection": {"code": "wrong_player", "disposition": "unauthorized", "message": "That action belongs to a different player.", "related_object_ids": []}}
[P0] waiting_for: Priority player=1
[P1] waiting_for: Priority player=0
[P0] waiting_for: Priority player=1
[P0] waiting_for: Priority player=0
[P0] waiting_for: Priority player=1
[P0] waiting_for: Priority player=0
[P0] waiting_for: Priority player=1
[P0] waiting_for: Priority player=0
[P0] waiting_for: Priority player=1
[P1] waiting_for: Priority player=0
[P0] waiting_for: Priority player=1
[P0] waiting_for: Priority player=0
[P0] waiting_for: Priority player=1
[P0] waiting_for: Priority player=0
[P0] waiting_for: Priority player=1
[P0] waiting_for: Priority player=0
[P0] plays Swamp
[P0] ActionRejected: {"rejection": {"code": "wrong_player", "disposition": "unauthorized", "message": "That action belongs to a different player.", "related_object_ids": []}}
[P0] waiting_for: Priority player=1
[P0] waiting_for: Priority player=0
[P0] waiting_for: Priority player=1
[P0] waiting_for: Priority player=0
[P0] waiting_for: Priority player=1
[P0] waiting_for: Priority player=0
[P0] waiting_for: Priority player=1
[P0] waiting_for: Priority player=0
[P0] waiting_for: Priority player=1
[P0] waiting_for: Priority player=0
[P0] waiting_for: Priority player=1
[P0] waiting_for: Priority player=0
[P0] waiting_for: Priority player=1
[P1] plays Mountain
[P0] waiting_for: Priority player=0
[P1] ActionRejected: {"rejection": {"code": "wrong_player", "disposition": "unauthorized", "message": "That action belongs to a different player.", "related_object_ids": []}}
[P0] waiting_for: Priority player=1
[P0] waiting_for: Priority player=0
[P0] waiting_for: Priority player=1
[P0] waiting_for: Priority player=0
[P0] waiting_for: Priority player=1
[P1] waiting_for: Priority player=0
[P0] waiting_for: Priority player=1
[P1] waiting_for: Priority player=0
[P0] waiting_for: Priority player=1
[P0] waiting_for: Priority player=0
[P0] waiting_for: Priority player=1
[P1] waiting_for: Priority player=0
[P0] waiting_for: Priority player=1
[P0] waiting_for: Priority player=0
[P0] plays Swamp
[P0] ActionRejected: {"rejection": {"code": "wrong_player", "disposition": "unauthorized", "message": "That action belongs to a different player.", "related_object_ids": []}}
[P0] waiting_for: Priority player=1
[P1] waiting_for: Priority player=0
[P0] waiting_for: Priority player=1
[P1] waiting_for: Priority player=0
[P0] waiting_for: Priority player=1
[P0] waiting_for: Priority player=0
[P0] waiting_for: Priority player=1
[P1] waiting_for: Priority player=0
[P0] waiting_for: Priority player=1
[P0] waiting_for: Priority player=0
[P0] waiting_for: Priority player=1
[P1] waiting_for: Priority player=0
[P0] waiting_for: Priority player=1
[P1] waiting_for: Priority player=0
[P0] waiting_for: Priority player=1
[P0] waiting_for: Priority player=0
[P0] waiting_for: Priority player=1
[P1] plays Mountain
[P0] waiting_for: Priority player=0
[P1] ActionRejected: {"rejection": {"code": "wrong_player", "disposition": "unauthorized", "message": "That action belongs to a different player.", "related_object_ids": []}}
[P0] waiting_for: Priority player=1
[P1] waiting_for: Priority player=0
[P0] waiting_for: Priority player=1
[P0] waiting_for: Priority player=0
[P0] waiting_for: Priority player=1
[P1] waiting_for: Priority player=0
[P0] waiting_for: Priority player=1
[P1] waiting_for: Priority player=0
[P0] waiting_for: Priority player=1
[P0] waiting_for: Priority player=0
[P0] waiting_for: Priority player=1
[P1] waiting_for: Priority player=0
[P0] waiting_for: Priority player=1
[P1] waiting_for: Priority player=0
[P0] waiting_for: Priority player=1
[P1] waiting_for: Priority player=0
[P0] waiting_for: Priority player=1
[P0] waiting_for: Priority player=0
[P0] waiting_for: Priority player=1
[P1] waiting_for: Priority player=0
[P0] waiting_for: Priority player=1
[P0] waiting_for: Priority player=0
[P0] waiting_for: Priority player=1
[P1] waiting_for: Priority player=0
[P0] waiting_for: Priority player=1
[P1] waiting_for: Priority player=0
[P0] waiting_for: Priority player=1
[P1] waiting_for: Priority player=0
[P0] waiting_for: Priority player=1
[P0] waiting_for: Priority player=0
[P0] waiting_for: Priority player=1
[P1] waiting_for: Priority player=0
[P0] waiting_for: Priority player=1
[P0] waiting_for: Priority player=0
[P0] waiting_for: Priority player=1
[P1] plays Mountain
[P0] waiting_for: Priority player=0
[P1] ActionRejected: {"rejection": {"code": "wrong_player", "disposition": "unauthorized", "message": "That action belongs to a different player.", "related_object_ids": []}}
[P0] waiting_for: Priority player=1
[P0] waiting_for: Priority player=0
[P0] waiting_for: Priority player=1
[P0] waiting_for: Priority player=0
[P0] waiting_for: Priority player=1
[P0] waiting_for: Priority player=0
[P0] waiting_for: Priority player=1
[P0] waiting_for: Priority player=0
[P0] waiting_for: Priority player=1
[P0] waiting_for: Priority player=0
[P0] waiting_for: Priority player=1
[P0] waiting_for: Priority player=0
[P0] waiting_for: Priority player=1
[P1] waiting_for: Priority player=0
[P0] waiting_for: Priority player=1
[P1] waiting_for: Priority player=0
[P0] waiting_for: Priority player=1
[P1] waiting_for: Priority player=0
[P0] waiting_for: Priority player=1
[P0] waiting_for: Priority player=0
[P0] waiting_for: Priority player=1
[P0] waiting_for: Priority player=0
[P0] waiting_for: Priority player=1
[P1] waiting_for: Priority player=0
[P0] waiting_for: Priority player=1
[P0] waiting_for: DiscardToHandSize player=0
[P0] discards 1 to hand size
[P0] waiting_for: Priority player=1
[P1] waiting_for: DiscardToHandSize player=0
[P0] waiting_for: Priority player=1
[P0] waiting_for: Priority player=0
[P0] waiting_for: Priority player=1
[P1] waiting_for: Priority player=0
[P0] waiting_for: Priority player=1
[P1] plays Mountain
[P0] waiting_for: Priority player=0
[P1] ActionRejected: {"rejection": {"code": "wrong_player", "disposition": "unauthorized", "message": "That action belongs to a different player.", "related_object_ids": []}}
[P0] waiting_for: Priority player=1
[P0] waiting_for: Priority player=0
[P0] waiting_for: Priority player=1
[P1] waiting_for: Priority player=0
[P0] waiting_for: Priority player=1
[P1] waiting_for: Priority player=0
[P0] waiting_for: Priority player=1
[P1] waiting_for: Priority player=0
[P0] waiting_for: Priority player=1
[P1] waiting_for: Priority player=0
[P0] waiting_for: Priority player=1
[P0] waiting_for: Priority player=0
[P0] waiting_for: Priority player=1
[P1] waiting_for: Priority player=0
[P0] waiting_for: Priority player=1
[P1] waiting_for: Priority player=0
[P0] waiting_for: Priority player=1
[P1] waiting_for: Priority player=0
[P0] waiting_for: Priority player=1
[P0] waiting_for: Priority player=0
[P0] waiting_for: Priority player=1
[P1] waiting_for: Priority player=0
[P0] waiting_for: Priority player=1
[P1] waiting_for: Priority player=0
[P0] waiting_for: Priority player=1
[P1] waiting_for: Priority player=0
[P0] waiting_for: Priority player=1
[P1] waiting_for: Priority player=0
[P0] waiting_for: Priority player=1
[P1] waiting_for: Priority player=0
[P0] waiting_for: Priority player=1
[P0] waiting_for: DiscardToHandSize player=0
[P0] discards 1 to hand size
[P0] waiting_for: Priority player=1
[P0] waiting_for: Priority player=0
[P0] waiting_for: Priority player=1
[P0] waiting_for: Priority player=0
[P0] waiting_for: Priority player=1
[P1] waiting_for: Priority player=0
[P0] waiting_for: Priority player=1
[P1] plays Mountain
[P1] ActionRejected: {"rejection": {"code": "wrong_player", "disposition": "unauthorized", "message": "That action belongs to a different player.", "related_object_ids": []}}
[P1] waiting_for: Priority player=0
[P0] waiting_for: Priority player=1
[P0] waiting_for: Priority player=0
[P0] waiting_for: Priority player=1
[P0] waiting_for: Priority player=0
[P0] waiting_for: Priority player=1
[P0] waiting_for: Priority player=0
[P0] waiting_for: Priority player=1
[P0] waiting_for: Priority player=0
[P0] waiting_for: Priority player=1
[P0] waiting_for: Priority player=0
[P0] waiting_for: Priority player=1
[P0] waiting_for: Priority player=0
[P0] waiting_for: Priority player=1
[P0] waiting_for: Priority player=0
[P0] waiting_for: Priority player=1
[P0] waiting_for: Priority player=0
[P0] waiting_for: Priority player=1
[P0] waiting_for: Priority player=0
[P0] waiting_for: Priority player=1
[P0] waiting_for: Priority player=0
[P0] waiting_for: Priority player=1
[P1] waiting_for: Priority player=0
[P0] waiting_for: Priority player=1
[P0] waiting_for: DiscardToHandSize player=0
[P0] discards 1 to hand size
[P0] waiting_for: Priority player=1
[P0] waiting_for: Priority player=0
[P0] waiting_for: Priority player=1
[P0] waiting_for: Priority player=0
[P0] waiting_for: Priority player=1
[P1] plays Mountain
[P0] waiting_for: Priority player=0
[P1] ActionRejected: {"rejection": {"code": "wrong_player", "disposition": "unauthorized", "message": "That action belongs to a different player.", "related_object_ids": []}}
[P0] waiting_for: Priority player=1
[P0] waiting_for: Priority player=0
[P0] waiting_for: Priority player=1
[P0] waiting_for: Priority player=0
[P0] waiting_for: Priority player=1
[P0] waiting_for: Priority player=0
[P0] waiting_for: Priority player=1
[P0] waiting_for: Priority player=0
[P0] waiting_for: Priority player=1
[P0] waiting_for: Priority player=0
[P0] waiting_for: Priority player=1
[P1] waiting_for: Priority player=0
[P0] waiting_for: Priority player=1
[P0] waiting_for: Priority player=0
[P0] waiting_for: Priority player=1
[P0] waiting_for: Priority player=0
[P0] waiting_for: Priority player=1
[P0] waiting_for: Priority player=0
[P0] waiting_for: Priority player=1
[P0] waiting_for: Priority player=0
[P0] waiting_for: Priority player=1
[P0] waiting_for: DiscardToHandSize player=0
[P0] discards 1 to hand size
[P0] waiting_for: Priority player=1
[P0] waiting_for: Priority player=0
[P0] waiting_for: Priority player=1
[P1] waiting_for: Priority player=0
[P0] waiting_for: Priority player=1
[P0] waiting_for: Priority player=0
[P0] waiting_for: Priority player=1
[P1] plays Mountain
[P0] waiting_for: Priority player=0
[P1] ActionRejected: {"rejection": {"code": "wrong_player", "disposition": "unauthorized", "message": "That action belongs to a different player.", "related_object_ids": []}}
[P0] waiting_for: Priority player=1
[P1] waiting_for: Priority player=0
[P0] waiting_for: Priority player=1
[P0] waiting_for: Priority player=0
[P0] waiting_for: Priority player=1
[P0] waiting_for: Priority player=0
[P0] waiting_for: Priority player=1
[P0] waiting_for: Priority player=0
[P0] waiting_for: Priority player=1
[P0] waiting_for: Priority player=0
[P0] waiting_for: Priority player=1
[P0] waiting_for: Priority player=0
[P0] waiting_for: Priority player=1
[P0] waiting_for: Priority player=0
[P0] waiting_for: Priority player=1
[P0] waiting_for: Priority player=0
[P0] waiting_for: Priority player=1
[P0] waiting_for: Priority player=0
[P0] waiting_for: Priority player=1
[P0] waiting_for: Priority player=0
[P0] waiting_for: Priority player=1
[P1] waiting_for: Priority player=0
[P0] waiting_for: Priority player=1
[P0] waiting_for: Priority player=0
[P0] waiting_for: Priority player=1
[P0] waiting_for: DiscardToHandSize player=0
[P0] discards 1 to hand size
[P0] waiting_for: Priority player=1
[P0] waiting_for: Priority player=0
[P0] waiting_for: Priority player=1
[P0] waiting_for: Priority player=0
[P0] waiting_for: Priority player=1
[P1] plays Mountain
[P0] waiting_for: Priority player=0
[P1] ActionRejected: {"rejection": {"code": "wrong_player", "disposition": "unauthorized", "message": "That action belongs to a different player.", "related_object_ids": []}}
[P0] waiting_for: Priority player=1
[P0] waiting_for: Priority player=0
[P0] waiting_for: Priority player=1
[P0] waiting_for: Priority player=0
[P0] waiting_for: Priority player=1
[P0] waiting_for: Priority player=0
[P0] waiting_for: Priority player=1
[P0] waiting_for: Priority player=0
[P0] waiting_for: Priority player=1
[P0] waiting_for: Priority player=0
[P0] waiting_for: Priority player=1
[P0] waiting_for: Priority player=0
[P0] plays Mountain
[P0] ActionRejected: {"rejection": {"code": "wrong_player", "disposition": "unauthorized", "message": "That action belongs to a different player.", "related_object_ids": []}}
[P0] waiting_for: Priority player=1
[P0] waiting_for: Priority player=0
[P0] waiting_for: Priority player=1
[P0] waiting_for: Priority player=0
[P0] waiting_for: Priority player=1
[P0] waiting_for: Priority player=0
[P0] waiting_for: Priority player=1
[P0] waiting_for: Priority player=0
[P0] waiting_for: Priority player=1
[P0] waiting_for: Priority player=0
[P0] waiting_for: Priority player=1
[P0] waiting_for: Priority player=0
[P0] waiting_for: Priority player=1
[P1] plays Mountain
[P1] casts Faithless Looting
[P1] casts Faithless Looting
[P0] waiting_for: Priority player=0
[P1] ActionRejected: {"rejection": {"code": "wrong_player", "disposition": "unauthorized", "message": "That action belongs to a different player.", "related_object_ids": [75]}}
[P1] ActionRejected: {"rejection": {"code": "wrong_player", "disposition": "unauthorized", "message": "That action belongs to a different player.", "related_object_ids": []}}
[P1] ActionRejected: {"rejection": {"code": "wrong_player", "disposition": "unauthorized", "message": "That action belongs to a different player.", "related_object_ids": []}}
[P0] waiting_for: DiscardChoice player=1
[P1] looting discards ['Llanowar Elves', 'Royal Assassin']
[P1] looting discard submitted
[P0] waiting_for: Priority player=1
[P0] waiting_for: Priority player=0
[P0] waiting_for: Priority player=1
[P1] waiting_for: Priority player=0
[P0] waiting_for: Priority player=1
[P1] waiting_for: Priority player=0
[P0] waiting_for: Priority player=1
[P1] waiting_for: Priority player=0
[P0] waiting_for: Priority player=1
[P1] waiting_for: Priority player=0
[P0] waiting_for: Priority player=1
[P1] waiting_for: Priority player=0
[P0] waiting_for: Priority player=1
[P0] waiting_for: Priority player=0
[P0] waiting_for: Priority player=1
[P1] waiting_for: Priority player=0
[P0] waiting_for: Priority player=1
[P0] waiting_for: Priority player=0
[P0] waiting_for: Priority player=1
[P0] waiting_for: Priority player=0
[P0] waiting_for: Priority player=1
[P0] waiting_for: Priority player=0
[P0] waiting_for: Priority player=1
[P0] waiting_for: Priority player=0
[P0] waiting_for: Priority player=1
[P1] waiting_for: Priority player=0
[P0] waiting_for: Priority player=1
[P0] waiting_for: Priority player=0
[P0] waiting_for: Priority player=1
[P0] waiting_for: DiscardToHandSize player=0
[P0] discards 1 to hand size
[P0] waiting_for: Priority player=1
[P1] waiting_for: Priority player=0
[P0] waiting_for: Priority player=1
[P0] waiting_for: Priority player=0
[P0] waiting_for: Priority player=1
[P1] waiting_for: Priority player=0
[P0] waiting_for: Priority player=1
[P1] plays Mountain
[P1] ActionRejected: {"rejection": {"code": "wrong_player", "disposition": "unauthorized", "message": "That action belongs to a different player.", "related_object_ids": []}}
[P1] waiting_for: Priority player=0
[P0] waiting_for: Priority player=1
[P0] waiting_for: Priority player=0
[P0] waiting_for: Priority player=1
[P1] waiting_for: Priority player=0
[P0] waiting_for: Priority player=1
[P1] waiting_for: Priority player=0
[P0] waiting_for: Priority player=1
[P1] waiting_for: Priority player=0
[P0] waiting_for: Priority player=1
[P0] waiting_for: Priority player=0
[P0] waiting_for: Priority player=1
[P0] waiting_for: Priority player=0
[P0] waiting_for: Priority player=1
[P1] waiting_for: Priority player=0
[P0] waiting_for: Priority player=1
[P0] waiting_for: Priority player=0
[P0] waiting_for: Priority player=1
[P1] waiting_for: Priority player=0
[P0] plays Mountain
[P0] ActionRejected: {"rejection": {"code": "wrong_player", "disposition": "unauthorized", "message": "That action belongs to a different player.", "related_object_ids": []}}
[P0] waiting_for: Priority player=1
[P0] waiting_for: Priority player=0
[P0] waiting_for: Priority player=1
[P0] waiting_for: Priority player=0
[P0] waiting_for: Priority player=1
[P1] waiting_for: Priority player=0
[P0] waiting_for: Priority player=1
[P0] waiting_for: Priority player=0
[P0] waiting_for: Priority player=1
[P1] waiting_for: Priority player=0
[P0] waiting_for: Priority player=1
[P0] waiting_for: Priority player=0
[P0] waiting_for: Priority player=1
[P1] plays Mountain
[P0] waiting_for: Priority player=0
[P1] ActionRejected: {"rejection": {"code": "wrong_player", "disposition": "unauthorized", "message": "That action belongs to a different player.", "related_object_ids": []}}
[P0] waiting_for: Priority player=1
[P1] waiting_for: Priority player=0
[P0] waiting_for: Priority player=1
[P1] waiting_for: Priority player=0
[P0] waiting_for: Priority player=1
[P0] waiting_for: Priority player=0
[P0] waiting_for: Priority player=1
[P0] waiting_for: Priority player=0
[P0] waiting_for: Priority player=1
[P0] waiting_for: Priority player=0
[P0] waiting_for: Priority player=1
[P1] waiting_for: Priority player=0
[P0] waiting_for: Priority player=1
[P0] waiting_for: Priority player=0
[P0] waiting_for: Priority player=1
[P0] waiting_for: Priority player=0
[P0] waiting_for: Priority player=1
[P0] waiting_for: Priority player=0
[P0] waiting_for: Priority player=1
[P0] waiting_for: Priority player=0
[P0] waiting_for: Priority player=1
[P0] waiting_for: Priority player=0
[P0] waiting_for: Priority player=1
[P0] waiting_for: Priority player=0
[P0] waiting_for: Priority player=1
[P1] waiting_for: DiscardToHandSize player=0
[P0] discards 1 to hand size
[P0] waiting_for: Priority player=1
[P0] waiting_for: Priority player=0
[P0] waiting_for: Priority player=1
[P0] waiting_for: Priority player=0
[P0] waiting_for: Priority player=1
[P1] plays Mountain
[P0] waiting_for: Priority player=0
[P1] ActionRejected: {"rejection": {"code": "wrong_player", "disposition": "unauthorized", "message": "That action belongs to a different player.", "related_object_ids": []}}
[P0] waiting_for: Priority player=1
[P0] waiting_for: Priority player=0
[P0] waiting_for: Priority player=1
[P1] waiting_for: Priority player=0
[P0] waiting_for: Priority player=1
[P0] waiting_for: Priority player=0
[P0] waiting_for: Priority player=1
[P0] waiting_for: Priority player=0
[P0] waiting_for: Priority player=1
[P0] waiting_for: Priority player=0
[P0] waiting_for: Priority player=1
[P0] waiting_for: Priority player=0
[P0] waiting_for: Priority player=1
[P0] waiting_for: Priority player=0
[P0] casts Faithless Looting
[P0] ActionRejected: {"rejection": {"code": "wrong_player", "disposition": "unauthorized", "message": "That action belongs to a different player.", "related_object_ids": []}}
[P0] waiting_for: Priority player=1
[P0] waiting_for: DiscardChoice player=0
[P0] looting discards ['Prodigal Pyromancer', 'Ana Disciple']
[P0] looting discard submitted
[P0] waiting_for: Priority player=0
[P0] casts Necrotic Ooze
[P0] ActionRejected: {"rejection": {"code": "wrong_player", "disposition": "unauthorized", "message": "That action belongs to a different player.", "related_object_ids": []}}
[P0] waiting_for: Priority player=1
[P0] waiting_for: Priority player=0
exported pre_grant.json
[P0] grant scan: 6 activated abilities in state, 0 ActivateAbility offers
[P0] waiting_for: Priority player=1
[P1] waiting_for: Priority player=0
[P0] waiting_for: Priority player=1
[P0] waiting_for: Priority player=0
[P0] waiting_for: Priority player=1
[P0] waiting_for: Priority player=0
[P0] waiting_for: Priority player=1
[P0] waiting_for: Priority player=0
[P0] waiting_for: Priority player=1
[P0] waiting_for: Priority player=0
[P0] waiting_for: Priority player=1
[P0] waiting_for: Priority player=0
[P0] waiting_for: Priority player=1
[P0] waiting_for: Priority player=0
[P0] waiting_for: Priority player=1
[P1] plays Mountain
[P0] waiting_for: Priority player=0
[P1] ActionRejected: {"rejection": {"code": "wrong_player", "disposition": "unauthorized", "message": "That action belongs to a different player.", "related_object_ids": []}}
[P0] waiting_for: Priority player=1
[P0] waiting_for: Priority player=0
[P0] waiting_for: Priority player=1
[P1] waiting_for: Priority player=0
[P0] waiting_for: Priority player=1
[P1] waiting_for: Priority player=0
[P0] waiting_for: Priority player=1
[P1] waiting_for: Priority player=0
[P0] waiting_for: Priority player=1
[P0] waiting_for: Priority player=0
[P0] waiting_for: Priority player=1
[P1] waiting_for: Priority player=0
[P0] waiting_for: Priority player=1
[P0] waiting_for: Priority player=0
[P0] waiting_for: Priority player=1
[P0] waiting_for: Priority player=0
[P0] able-bodied offer scan: 3 offers, idxs=[0, 2, 3], action_types={'PassPriority': 1, 'CastSpell': 11, 'ActivateAbility': 3}
[P0] pyro_damage: activated granted PYRO via Ooze
[P0] ActionRejected: {"rejection": {"code": "action_not_allowed", "disposition": "unavailable", "message": "That action is not allowed right now.", "related_object_ids": []}}
[P0] waiting_for: TargetSelection player=0
[P0] TargetSelection (pyro_damage_target_p1): choosing ND39PF.0.436.t1
[P0] submitting interaction iid=ND39PF.0.436 choice=ND39PF.0.436.t1 (ND39PF.0.436.t1)
[P0] TargetSelection (pyro_damage_target_p1): choosing ND39PF.0.436.t1
[P0] submitting interaction iid=ND39PF.0.436 choice=ND39PF.0.436.t1 (ND39PF.0.436.t1)
[P0] TargetSelection (pyro_damage_target_p1): choosing ND39PF.0.436.t1
[P0] submitting interaction iid=ND39PF.0.436 choice=ND39PF.0.436.t1 (ND39PF.0.436.t1)
[P0] TargetSelection (pyro_damage_target_p1): choosing ND39PF.0.436.t1
[P0] submitting interaction iid=ND39PF.0.436 choice=ND39PF.0.436.t1 (ND39PF.0.436.t1)
[P0] TargetSelection (pyro_damage_target_p1): choosing ND39PF.0.436.t1
[P0] submitting interaction iid=ND39PF.0.436 choice=ND39PF.0.436.t1 (ND39PF.0.436.t1)
[P0] ActionRejected: {"rejection": {"code": "stale_interaction", "disposition": "stale", "message": "That interaction has already changed.", "related_object_ids": []}}
[P0] waiting_for: Priority player=0
[P0] ActionRejected: {"rejection": {"code": "stale_interaction", "disposition": "stale", "message": "That interaction has already changed.", "related_object_ids": []}}
[P0] ActionRejected: {"rejection": {"code": "stale_interaction", "disposition": "stale", "message": "That interaction has already changed.", "related_object_ids": []}}
[P0] ActionRejected: {"rejection": {"code": "stale_interaction", "disposition": "stale", "message": "That interaction has already changed.", "related_object_ids": []}}
[P0] waiting_for: Priority player=1
[P0] waiting_for: Priority player=0
[P0] P1 life 20 -> 19 (turn 29 phase PreCombatMain)
[P0] pyro damage resolved: P1 20 -> 19
exported post_activate_pyro.json
[P0] elves_mana: mana ability not offered as ActivateAbility when able-bodied (grant idx 4, offers [0, 2, 3]); skipping with documented reason
[P0] waiting_for: Priority player=1
[P0] waiting_for: Priority player=0
[P0] waiting_for: Priority player=1
[P0] waiting_for: Priority player=0
[P0] waiting_for: Priority player=1
[P0] waiting_for: Priority player=0
[P0] waiting_for: Priority player=1
[P1] waiting_for: Priority player=0
[P0] waiting_for: Priority player=1
[P0] waiting_for: Priority player=0
[P0] waiting_for: Priority player=1
[P0] waiting_for: Priority player=0
[P0] waiting_for: Priority player=1
[P0] waiting_for: Priority player=0
[P0] waiting_for: Priority player=1
[P1] plays Mountain
[P0] waiting_for: Priority player=0
[P1] ActionRejected: {"rejection": {"code": "wrong_player", "disposition": "unauthorized", "message": "That action belongs to a different player.", "related_object_ids": []}}
[P0] waiting_for: Priority player=1
[P0] waiting_for: Priority player=0
[P0] waiting_for: Priority player=1
[P0] waiting_for: Priority player=0
[P0] waiting_for: Priority player=1
[P0] waiting_for: Priority player=0
[P0] waiting_for: Priority player=1
[P1] waiting_for: Priority player=0
[P0] waiting_for: Priority player=1
[P0] waiting_for: Priority player=0
[P0] waiting_for: Priority player=1
[P1] waiting_for: Priority player=0
[P0] waiting_for: Priority player=1
[P0] waiting_for: Priority player=0
[P0] waiting_for: Priority player=1
[P0] waiting_for: Priority player=0
[P0] scav_exile: activated granted SCAV_EXILE via Ooze
[P0] ActionRejected: {"rejection": {"code": "action_not_allowed", "disposition": "unavailable", "message": "That action is not allowed right now.", "related_object_ids": []}}
[P0] waiting_for: TargetSelection player=0
[P0] TargetSelection (scav_exile_ana): choosing ND39PF.0.469.t4
[P0] submitting interaction iid=ND39PF.0.469 choice=ND39PF.0.469.t4 (ND39PF.0.469.t4)
[P1] waiting_for: Priority player=0
[P0] waiting_for: TargetSelection player=0
[P0] TargetSelection (scav_exile_ana): choosing ND39PF.0.469.t4
[P0] submitting interaction iid=ND39PF.0.469 choice=ND39PF.0.469.t4 (ND39PF.0.469.t4)
[P0] TargetSelection (scav_exile_ana): choosing ND39PF.0.469.t4
[P0] submitting interaction iid=ND39PF.0.469 choice=ND39PF.0.469.t4 (ND39PF.0.469.t4)
[P0] TargetSelection (scav_exile_ana): choosing ND39PF.0.469.t4
[P0] submitting interaction iid=ND39PF.0.469 choice=ND39PF.0.469.t4 (ND39PF.0.469.t4)
[P0] TargetSelection (scav_exile_ana): choosing ND39PF.0.469.t4
[P0] submitting interaction iid=ND39PF.0.469 choice=ND39PF.0.469.t4 (ND39PF.0.469.t4)
[P0] TargetSelection (scav_exile_ana): choosing ND39PF.0.469.t4
[P0] submitting interaction iid=ND39PF.0.469 choice=ND39PF.0.469.t4 (ND39PF.0.469.t4)
[P0] waiting_for: Priority player=0
[P0] ActionRejected: {"rejection": {"code": "stale_interaction", "disposition": "stale", "message": "That interaction has already changed.", "related_object_ids": []}}
[P0] ActionRejected: {"rejection": {"code": "stale_interaction", "disposition": "stale", "message": "That interaction has already changed.", "related_object_ids": []}}
[P0] ActionRejected: {"rejection": {"code": "stale_interaction", "disposition": "stale", "message": "That interaction has already changed.", "related_object_ids": []}}
[P0] ActionRejected: {"rejection": {"code": "stale_interaction", "disposition": "stale", "message": "That interaction has already changed.", "related_object_ids": []}}
[P0] ActionRejected: {"rejection": {"code": "stale_interaction", "disposition": "stale", "message": "That interaction has already changed.", "related_object_ids": []}}
[P0] waiting_for: Priority player=1
[P1] waiting_for: Priority player=0
[P0] waiting_for: Priority player=1
[P0] waiting_for: Priority player=0
[P0] scav exile resolved: Ana 32 left P0 graveyard (now Exile); exiled=1
[P0] waiting_for: Priority player=1
[P0] waiting_for: Priority player=0
[P0] waiting_for: Priority player=1
[P0] waiting_for: Priority player=0
[P0] waiting_for: Priority player=1
[P0] waiting_for: Priority player=0
[P0] waiting_for: Priority player=1
[P0] waiting_for: Priority player=0
[P0] waiting_for: Priority player=1
[P0] waiting_for: DiscardToHandSize player=0
[P0] discards 1 to hand size
[P0] waiting_for: Priority player=1
[P1] waiting_for: DiscardToHandSize player=0
[P0] waiting_for: Priority player=1
[P0] waiting_for: Priority player=0
[P0] waiting_for: Priority player=1
[P0] waiting_for: Priority player=0
[P0] waiting_for: Priority player=1
[P1] waiting_for: Priority player=0
[P0] waiting_for: Priority player=1
[P0] waiting_for: Priority player=0
[P0] waiting_for: Priority player=1
[P0] waiting_for: Priority player=0
[P0] waiting_for: Priority player=1
[P1] waiting_for: Priority player=0
[P0] waiting_for: Priority player=1
[P0] waiting_for: Priority player=0
[P0] waiting_for: Priority player=1
[P0] waiting_for: Priority player=0
[P0] waiting_for: Priority player=1
[P0] waiting_for: Priority player=0
[P0] waiting_for: Priority player=1
[P0] waiting_for: Priority player=0
[P0] waiting_for: Priority player=1
[P0] waiting_for: Priority player=0
[P0] scav_exile: activated granted SCAV_EXILE via Ooze
[P0] ActionRejected: {"rejection": {"code": "action_not_allowed", "disposition": "unavailable", "message": "That action is not allowed right now.", "related_object_ids": []}}
[P0] waiting_for: TargetSelection player=0
[P0] TargetSelection (scav_exile_ana): choosing ND39PF.0.502.t8
[P0] submitting interaction iid=ND39PF.0.502 choice=ND39PF.0.502.t8 (ND39PF.0.502.t8)
[P0] TargetSelection (scav_exile_ana): choosing ND39PF.0.502.t8
[P0] submitting interaction iid=ND39PF.0.502 choice=ND39PF.0.502.t8 (ND39PF.0.502.t8)
[P0] TargetSelection (scav_exile_ana): choosing ND39PF.0.502.t8
[P0] submitting interaction iid=ND39PF.0.502 choice=ND39PF.0.502.t8 (ND39PF.0.502.t8)
[P0] TargetSelection (scav_exile_ana): choosing ND39PF.0.502.t8
[P0] submitting interaction iid=ND39PF.0.502 choice=ND39PF.0.502.t8 (ND39PF.0.502.t8)
[P0] TargetSelection (scav_exile_ana): choosing ND39PF.0.502.t8
[P0] submitting interaction iid=ND39PF.0.502 choice=ND39PF.0.502.t8 (ND39PF.0.502.t8)
[P0] TargetSelection (scav_exile_ana): choosing ND39PF.0.502.t8
[P0] submitting interaction iid=ND39PF.0.502 choice=ND39PF.0.502.t8 (ND39PF.0.502.t8)
[P0] ActionRejected: {"rejection": {"code": "stale_interaction", "disposition": "stale", "message": "That interaction has already changed.", "related_object_ids": []}}
[P0] waiting_for: Priority player=0
[P0] ActionRejected: {"rejection": {"code": "stale_interaction", "disposition": "stale", "message": "That interaction has already changed.", "related_object_ids": []}}
[P0] ActionRejected: {"rejection": {"code": "stale_interaction", "disposition": "stale", "message": "That interaction has already changed.", "related_object_ids": []}}
[P0] ActionRejected: {"rejection": {"code": "stale_interaction", "disposition": "stale", "message": "That interaction has already changed.", "related_object_ids": []}}
[P0] ActionRejected: {"rejection": {"code": "stale_interaction", "disposition": "stale", "message": "That interaction has already changed.", "related_object_ids": []}}
[P0] waiting_for: Priority player=1
[P0] waiting_for: Priority player=0
[P0] scav exile resolved: Ana 29 left P0 graveyard (now Exile); exiled=2
exported post_remove.json
[P0] remove scan: 4 abilities, 0 offers; anas_exiled=['32', '29'] giveup=False; finalizing
finalizing...
scenario source copied to evidence
VERDICT: not-reproduced
run.json written
