game=5UWW5Y run=20260917-647b
[P0] mulligan: mulligan
[P1] mulligan: keep
[P0] mulligan: mulligan
[P0] mulligan: keep
[P0] bottoms 2 after mulligan
exported pre_neg.json
PRE_NEG captured turn 11 (Asmo in hand, no discard this turn, no cast offered)
[P0] casting Faithless Looting (turn 11; discard-turn #1)
[P0] discards ['Mountain', 'Swamp'] (turn 11; discard-turn #1)
exported post_discard.json
[P0] Asmo NOT offered right after discard; watching (turn 11)
discard turn 11 ended without CastSpell(Asmo) offered (1 observations)
[P0] seeking second Looting (turn 12)
[P0] casting Faithless Looting (turn 13; discard-turn #2)
[P0] discards ['Mountain', 'Swamp'] (turn 13; discard-turn #2)
exported post_discard.json
[P0] Asmo NOT offered right after discard; watching (turn 13)
discard turn 13 ended without CastSpell(Asmo) offered (3 observations)
exported post.json
rendered /home/hatch/workspace/dev/phase-backfill/evidence/647/20260917-647b/summary.png
