2026-09-16T16:20:37.312355Z  INFO ws_message: server_core::session: game session created game=8M9200 player_count=2
2026-09-16T16:20:37.331834Z  INFO ws_message: phase_server: game created via lobby game=8M9200 host=P0-visits players=2
2026-09-16T16:20:37.395139Z  INFO ws_message: phase_server: JoinGameWithPassword game=8M9200 joiner=P1-idle
2026-09-16T16:20:37.395313Z  INFO ws_message: server_core::session: player joined session game=8M9200 player=PlayerId(1) seat=1
2026-09-16T16:20:37.416612Z  INFO ws_message: phase_server: player joined via lobby game=8M9200 player=PlayerId(1)
2026-09-16T16:20:37.675733Z  WARN phase_server: Full snapshot was no longer current game=8M9200 disposition=SupersededOrRetired
2026-09-16T16:20:37.887896Z  INFO ws_message:game_session{game=8M9200 player=PlayerId(0)}: server_core::session: action applied game=8M9200 player=PlayerId(0) action_type="MulliganDecision" event_count=0
2026-09-16T16:20:37.897634Z  INFO ws_message:game_session{game=8M9200 player=PlayerId(0)}: phase_server: game submission processed (lock held) game=8M9200 kind="action" lock_ms=10 ai_actions=0
2026-09-16T16:20:37.963654Z  INFO ws_message:game_session{game=8M9200 player=PlayerId(1)}: server_core::session: action applied game=8M9200 player=PlayerId(1) action_type="MulliganDecision" event_count=1
2026-09-16T16:20:37.965206Z  INFO ws_message:game_session{game=8M9200 player=PlayerId(1)}: phase_server: game submission processed (lock held) game=8M9200 kind="action" lock_ms=5 ai_actions=0
2026-09-16T16:20:38.140476Z  INFO ws_message:game_session{game=8M9200 player=PlayerId(1)}: server_core::session: action applied game=8M9200 player=PlayerId(1) action_type="PassPriority" event_count=1
2026-09-16T16:20:38.143949Z  INFO ws_message:game_session{game=8M9200 player=PlayerId(1)}: phase_server: game submission processed (lock held) game=8M9200 kind="action" lock_ms=4 ai_actions=0
2026-09-16T16:20:38.392424Z  INFO ws_message:game_session{game=8M9200 player=PlayerId(0)}: server_core::session: action applied game=8M9200 player=PlayerId(0) action_type="PassPriority" event_count=2
2026-09-16T16:20:38.424837Z  INFO ws_message:game_session{game=8M9200 player=PlayerId(0)}: phase_server: game submission processed (lock held) game=8M9200 kind="action" lock_ms=33 ai_actions=0
2026-09-16T16:20:38.648256Z  INFO ws_message:game_session{game=8M9200 player=PlayerId(1)}: server_core::session: action applied game=8M9200 player=PlayerId(1) action_type="PlayLand" event_count=2
2026-09-16T16:20:38.652756Z  INFO ws_message:game_session{game=8M9200 player=PlayerId(1)}: phase_server: game submission processed (lock held) game=8M9200 kind="action" lock_ms=9 ai_actions=0
2026-09-16T16:20:38.895465Z  INFO ws_message:game_session{game=8M9200 player=PlayerId(1)}: server_core::session: action applied game=8M9200 player=PlayerId(1) action_type="PassPriority" event_count=1
2026-09-16T16:20:38.898120Z  INFO ws_message:game_session{game=8M9200 player=PlayerId(1)}: phase_server: game submission processed (lock held) game=8M9200 kind="action" lock_ms=3 ai_actions=0
2026-09-16T16:20:39.147725Z  INFO ws_message:game_session{game=8M9200 player=PlayerId(0)}: server_core::session: action applied game=8M9200 player=PlayerId(0) action_type="PassPriority" event_count=1
2026-09-16T16:20:39.150230Z  INFO ws_message:game_session{game=8M9200 player=PlayerId(0)}: phase_server: game submission processed (lock held) game=8M9200 kind="action" lock_ms=3 ai_actions=0
2026-09-16T16:20:39.400620Z  INFO ws_message:game_session{game=8M9200 player=PlayerId(1)}: server_core::session: action applied game=8M9200 player=PlayerId(1) action_type="PassPriority" event_count=1
2026-09-16T16:20:39.403279Z  INFO ws_message:game_session{game=8M9200 player=PlayerId(1)}: phase_server: game submission processed (lock held) game=8M9200 kind="action" lock_ms=3 ai_actions=0
2026-09-16T16:20:39.655138Z  INFO ws_message:game_session{game=8M9200 player=PlayerId(0)}: server_core::session: action applied game=8M9200 player=PlayerId(0) action_type="PassPriority" event_count=3
2026-09-16T16:20:39.657591Z  INFO ws_message:game_session{game=8M9200 player=PlayerId(0)}: phase_server: game submission processed (lock held) game=8M9200 kind="action" lock_ms=7 ai_actions=0
2026-09-16T16:20:39.903422Z  INFO ws_message:game_session{game=8M9200 player=PlayerId(1)}: server_core::session: action applied game=8M9200 player=PlayerId(1) action_type="PassPriority" event_count=1
2026-09-16T16:20:39.906121Z  INFO ws_message:game_session{game=8M9200 player=PlayerId(1)}: phase_server: game submission processed (lock held) game=8M9200 kind="action" lock_ms=3 ai_actions=0
2026-09-16T16:20:40.158677Z  INFO ws_message:game_session{game=8M9200 player=PlayerId(0)}: server_core::session: action applied game=8M9200 player=PlayerId(0) action_type="PassPriority" event_count=1
2026-09-16T16:20:40.161330Z  INFO ws_message:game_session{game=8M9200 player=PlayerId(0)}: phase_server: game submission processed (lock held) game=8M9200 kind="action" lock_ms=7 ai_actions=0
2026-09-16T16:20:40.406498Z  INFO ws_message:game_session{game=8M9200 player=PlayerId(1)}: server_core::session: action applied game=8M9200 player=PlayerId(1) action_type="PassPriority" event_count=1
2026-09-16T16:20:40.409186Z  INFO ws_message:game_session{game=8M9200 player=PlayerId(1)}: phase_server: game submission processed (lock held) game=8M9200 kind="action" lock_ms=3 ai_actions=0
2026-09-16T16:20:40.660886Z  INFO ws_message:game_session{game=8M9200 player=PlayerId(0)}: server_core::session: action applied game=8M9200 player=PlayerId(0) action_type="PassPriority" event_count=1
2026-09-16T16:20:40.663222Z  INFO ws_message:game_session{game=8M9200 player=PlayerId(0)}: phase_server: game submission processed (lock held) game=8M9200 kind="action" lock_ms=6 ai_actions=0
2026-09-16T16:20:40.911347Z  INFO ws_message:game_session{game=8M9200 player=PlayerId(1)}: server_core::session: action applied game=8M9200 player=PlayerId(1) action_type="PassPriority" event_count=1
2026-09-16T16:20:40.914420Z  INFO ws_message:game_session{game=8M9200 player=PlayerId(1)}: phase_server: game submission processed (lock held) game=8M9200 kind="action" lock_ms=4 ai_actions=0
2026-09-16T16:20:41.166274Z  INFO ws_message:game_session{game=8M9200 player=PlayerId(0)}: server_core::session: action applied game=8M9200 player=PlayerId(0) action_type="PassPriority" event_count=4
2026-09-16T16:20:41.168269Z  INFO ws_message:game_session{game=8M9200 player=PlayerId(0)}: phase_server: game submission processed (lock held) game=8M9200 kind="action" lock_ms=7 ai_actions=0
2026-09-16T16:20:41.414181Z  INFO ws_message:game_session{game=8M9200 player=PlayerId(0)}: server_core::session: action applied game=8M9200 player=PlayerId(0) action_type="PassPriority" event_count=1
2026-09-16T16:20:41.418753Z  INFO ws_message:game_session{game=8M9200 player=PlayerId(0)}: phase_server: game submission processed (lock held) game=8M9200 kind="action" lock_ms=5 ai_actions=0
2026-09-16T16:20:41.672038Z  INFO ws_message:game_session{game=8M9200 player=PlayerId(1)}: server_core::session: action applied game=8M9200 player=PlayerId(1) action_type="PassPriority" event_count=4
2026-09-16T16:20:41.674697Z  INFO ws_message:game_session{game=8M9200 player=PlayerId(1)}: phase_server: game submission processed (lock held) game=8M9200 kind="action" lock_ms=8 ai_actions=0
2026-09-16T16:20:41.918243Z  INFO ws_message:game_session{game=8M9200 player=PlayerId(0)}: server_core::session: action applied game=8M9200 player=PlayerId(0) action_type="PassPriority" event_count=1
2026-09-16T16:20:41.921002Z  INFO ws_message:game_session{game=8M9200 player=PlayerId(0)}: phase_server: game submission processed (lock held) game=8M9200 kind="action" lock_ms=3 ai_actions=0
2026-09-16T16:20:42.170066Z  INFO ws_message:game_session{game=8M9200 player=PlayerId(1)}: server_core::session: action applied game=8M9200 player=PlayerId(1) action_type="PassPriority" event_count=1
2026-09-16T16:20:42.191644Z  INFO ws_message:game_session{game=8M9200 player=PlayerId(1)}: phase_server: game submission processed (lock held) game=8M9200 kind="action" lock_ms=22 ai_actions=0
2026-09-16T16:20:42.425114Z  INFO ws_message:game_session{game=8M9200 player=PlayerId(0)}: server_core::session: action applied game=8M9200 player=PlayerId(0) action_type="PlayLand" event_count=2
2026-09-16T16:20:42.436902Z  INFO ws_message:game_session{game=8M9200 player=PlayerId(0)}: phase_server: game submission processed (lock held) game=8M9200 kind="action" lock_ms=16 ai_actions=0
2026-09-16T16:20:42.673511Z  INFO ws_message:game_session{game=8M9200 player=PlayerId(0)}: server_core::session: action applied game=8M9200 player=PlayerId(0) action_type="PassPriority" event_count=1
2026-09-16T16:20:42.676376Z  INFO ws_message:game_session{game=8M9200 player=PlayerId(0)}: phase_server: game submission processed (lock held) game=8M9200 kind="action" lock_ms=4 ai_actions=0
2026-09-16T16:20:42.924821Z  INFO ws_message:game_session{game=8M9200 player=PlayerId(1)}: server_core::session: action applied game=8M9200 player=PlayerId(1) action_type="PassPriority" event_count=1
2026-09-16T16:20:42.927928Z  INFO ws_message:game_session{game=8M9200 player=PlayerId(1)}: phase_server: game submission processed (lock held) game=8M9200 kind="action" lock_ms=4 ai_actions=0
2026-09-16T16:20:43.178351Z  INFO ws_message:game_session{game=8M9200 player=PlayerId(0)}: server_core::session: action applied game=8M9200 player=PlayerId(0) action_type="PassPriority" event_count=1
2026-09-16T16:20:43.181109Z  INFO ws_message:game_session{game=8M9200 player=PlayerId(0)}: phase_server: game submission processed (lock held) game=8M9200 kind="action" lock_ms=5 ai_actions=0
2026-09-16T16:20:43.431841Z  INFO ws_message:game_session{game=8M9200 player=PlayerId(1)}: server_core::session: action applied game=8M9200 player=PlayerId(1) action_type="PassPriority" event_count=3
2026-09-16T16:20:43.436301Z  INFO ws_message:game_session{game=8M9200 player=PlayerId(1)}: phase_server: game submission processed (lock held) game=8M9200 kind="action" lock_ms=9 ai_actions=0
2026-09-16T16:20:43.682280Z  INFO ws_message:game_session{game=8M9200 player=PlayerId(0)}: server_core::session: action applied game=8M9200 player=PlayerId(0) action_type="PassPriority" event_count=1
2026-09-16T16:20:43.687152Z  INFO ws_message:game_session{game=8M9200 player=PlayerId(0)}: phase_server: game submission processed (lock held) game=8M9200 kind="action" lock_ms=8 ai_actions=0
2026-09-16T16:20:43.934063Z  INFO ws_message:game_session{game=8M9200 player=PlayerId(1)}: server_core::session: action applied game=8M9200 player=PlayerId(1) action_type="PassPriority" event_count=1
2026-09-16T16:20:43.946379Z  INFO ws_message:game_session{game=8M9200 player=PlayerId(1)}: phase_server: game submission processed (lock held) game=8M9200 kind="action" lock_ms=16 ai_actions=0
2026-09-16T16:20:44.183198Z  INFO ws_message:game_session{game=8M9200 player=PlayerId(0)}: server_core::session: action applied game=8M9200 player=PlayerId(0) action_type="PassPriority" event_count=1
2026-09-16T16:20:44.185698Z  INFO ws_message:game_session{game=8M9200 player=PlayerId(0)}: phase_server: game submission processed (lock held) game=8M9200 kind="action" lock_ms=4 ai_actions=0
2026-09-16T16:20:44.437106Z  INFO ws_message:game_session{game=8M9200 player=PlayerId(1)}: server_core::session: action applied game=8M9200 player=PlayerId(1) action_type="PassPriority" event_count=1
2026-09-16T16:20:44.440182Z  INFO ws_message:game_session{game=8M9200 player=PlayerId(1)}: phase_server: game submission processed (lock held) game=8M9200 kind="action" lock_ms=7 ai_actions=0
2026-09-16T16:20:44.685038Z  INFO ws_message:game_session{game=8M9200 player=PlayerId(0)}: server_core::session: action applied game=8M9200 player=PlayerId(0) action_type="PassPriority" event_count=1
2026-09-16T16:20:44.687270Z  INFO ws_message:game_session{game=8M9200 player=PlayerId(0)}: phase_server: game submission processed (lock held) game=8M9200 kind="action" lock_ms=3 ai_actions=0
2026-09-16T16:20:44.940644Z  INFO ws_message:game_session{game=8M9200 player=PlayerId(1)}: server_core::session: action applied game=8M9200 player=PlayerId(1) action_type="PassPriority" event_count=4
2026-09-16T16:20:44.942035Z  INFO ws_message:game_session{game=8M9200 player=PlayerId(1)}: phase_server: game submission processed (lock held) game=8M9200 kind="action" lock_ms=6 ai_actions=0
2026-09-16T16:20:45.189181Z  INFO ws_message:game_session{game=8M9200 player=PlayerId(1)}: server_core::session: action applied game=8M9200 player=PlayerId(1) action_type="PassPriority" event_count=1
2026-09-16T16:20:45.192789Z  INFO ws_message:game_session{game=8M9200 player=PlayerId(1)}: phase_server: game submission processed (lock held) game=8M9200 kind="action" lock_ms=4 ai_actions=0
2026-09-16T16:20:45.445348Z  INFO ws_message:game_session{game=8M9200 player=PlayerId(0)}: server_core::session: action applied game=8M9200 player=PlayerId(0) action_type="PassPriority" event_count=4
2026-09-16T16:20:45.446543Z  INFO ws_message:game_session{game=8M9200 player=PlayerId(0)}: phase_server: game submission processed (lock held) game=8M9200 kind="action" lock_ms=7 ai_actions=0
2026-09-16T16:20:45.693155Z  INFO ws_message:game_session{game=8M9200 player=PlayerId(1)}: server_core::session: action applied game=8M9200 player=PlayerId(1) action_type="PassPriority" event_count=1
2026-09-16T16:20:45.697045Z  INFO ws_message:game_session{game=8M9200 player=PlayerId(1)}: phase_server: game submission processed (lock held) game=8M9200 kind="action" lock_ms=5 ai_actions=0
2026-09-16T16:20:45.943773Z  INFO ws_message:game_session{game=8M9200 player=PlayerId(0)}: server_core::session: action applied game=8M9200 player=PlayerId(0) action_type="PassPriority" event_count=1
2026-09-16T16:20:45.975248Z  INFO ws_message:game_session{game=8M9200 player=PlayerId(0)}: phase_server: game submission processed (lock held) game=8M9200 kind="action" lock_ms=32 ai_actions=0
2026-09-16T16:20:46.200065Z  INFO ws_message:game_session{game=8M9200 player=PlayerId(1)}: server_core::session: action applied game=8M9200 player=PlayerId(1) action_type="PlayLand" event_count=2
2026-09-16T16:20:46.202709Z  INFO ws_message:game_session{game=8M9200 player=PlayerId(1)}: phase_server: game submission processed (lock held) game=8M9200 kind="action" lock_ms=7 ai_actions=0
2026-09-16T16:20:46.448008Z  INFO ws_message:game_session{game=8M9200 player=PlayerId(1)}: server_core::session: action applied game=8M9200 player=PlayerId(1) action_type="PassPriority" event_count=1
2026-09-16T16:20:46.452759Z  INFO ws_message:game_session{game=8M9200 player=PlayerId(1)}: phase_server: game submission processed (lock held) game=8M9200 kind="action" lock_ms=6 ai_actions=0
2026-09-16T16:20:46.697871Z  INFO ws_message:game_session{game=8M9200 player=PlayerId(0)}: server_core::session: action applied game=8M9200 player=PlayerId(0) action_type="PassPriority" event_count=1
2026-09-16T16:20:46.701412Z  INFO ws_message:game_session{game=8M9200 player=PlayerId(0)}: phase_server: game submission processed (lock held) game=8M9200 kind="action" lock_ms=4 ai_actions=0
2026-09-16T16:20:46.951489Z  INFO ws_message:game_session{game=8M9200 player=PlayerId(1)}: server_core::session: action applied game=8M9200 player=PlayerId(1) action_type="PassPriority" event_count=1
2026-09-16T16:20:46.954776Z  INFO ws_message:game_session{game=8M9200 player=PlayerId(1)}: phase_server: game submission processed (lock held) game=8M9200 kind="action" lock_ms=5 ai_actions=0
2026-09-16T16:20:47.203732Z  INFO ws_message:game_session{game=8M9200 player=PlayerId(0)}: server_core::session: action applied game=8M9200 player=PlayerId(0) action_type="PassPriority" event_count=3
2026-09-16T16:20:47.206476Z  INFO ws_message:game_session{game=8M9200 player=PlayerId(0)}: phase_server: game submission processed (lock held) game=8M9200 kind="action" lock_ms=7 ai_actions=0
2026-09-16T16:20:47.454527Z  INFO ws_message:game_session{game=8M9200 player=PlayerId(1)}: server_core::session: action applied game=8M9200 player=PlayerId(1) action_type="PassPriority" event_count=1
2026-09-16T16:20:47.458303Z  INFO ws_message:game_session{game=8M9200 player=PlayerId(1)}: phase_server: game submission processed (lock held) game=8M9200 kind="action" lock_ms=6 ai_actions=0
2026-09-16T16:20:47.707959Z  INFO ws_message:game_session{game=8M9200 player=PlayerId(0)}: server_core::session: action applied game=8M9200 player=PlayerId(0) action_type="PassPriority" event_count=1
2026-09-16T16:20:47.711030Z  INFO ws_message:game_session{game=8M9200 player=PlayerId(0)}: phase_server: game submission processed (lock held) game=8M9200 kind="action" lock_ms=7 ai_actions=0
2026-09-16T16:20:48.573801Z  INFO ws_message:game_session{game=8M9200 player=PlayerId(1)}: server_core::session: action applied game=8M9200 player=PlayerId(1) action_type="PassPriority" event_count=1
2026-09-16T16:20:48.577445Z  INFO ws_message:game_session{game=8M9200 player=PlayerId(1)}: phase_server: game submission processed (lock held) game=8M9200 kind="action" lock_ms=5 ai_actions=0
2026-09-16T16:20:48.827054Z  INFO ws_message:game_session{game=8M9200 player=PlayerId(0)}: server_core::session: action applied game=8M9200 player=PlayerId(0) action_type="PassPriority" event_count=1
2026-09-16T16:20:48.830653Z  INFO ws_message:game_session{game=8M9200 player=PlayerId(0)}: phase_server: game submission processed (lock held) game=8M9200 kind="action" lock_ms=7 ai_actions=0
2026-09-16T16:20:49.077125Z  INFO ws_message:game_session{game=8M9200 player=PlayerId(1)}: server_core::session: action applied game=8M9200 player=PlayerId(1) action_type="PassPriority" event_count=1
2026-09-16T16:20:49.080431Z  INFO ws_message:game_session{game=8M9200 player=PlayerId(1)}: phase_server: game submission processed (lock held) game=8M9200 kind="action" lock_ms=4 ai_actions=0
2026-09-16T16:20:49.331579Z  INFO ws_message:game_session{game=8M9200 player=PlayerId(0)}: server_core::session: action applied game=8M9200 player=PlayerId(0) action_type="PassPriority" event_count=4
2026-09-16T16:20:49.334044Z  INFO ws_message:game_session{game=8M9200 player=PlayerId(0)}: phase_server: game submission processed (lock held) game=8M9200 kind="action" lock_ms=7 ai_actions=0
2026-09-16T16:20:49.580626Z  INFO ws_message:game_session{game=8M9200 player=PlayerId(0)}: server_core::session: action applied game=8M9200 player=PlayerId(0) action_type="PassPriority" event_count=1
2026-09-16T16:20:49.583516Z  INFO ws_message:game_session{game=8M9200 player=PlayerId(0)}: phase_server: game submission processed (lock held) game=8M9200 kind="action" lock_ms=4 ai_actions=0
2026-09-16T16:20:49.837803Z  INFO ws_message:game_session{game=8M9200 player=PlayerId(1)}: server_core::session: action applied game=8M9200 player=PlayerId(1) action_type="PassPriority" event_count=4
2026-09-16T16:20:49.840069Z  INFO ws_message:game_session{game=8M9200 player=PlayerId(1)}: phase_server: game submission processed (lock held) game=8M9200 kind="action" lock_ms=8 ai_actions=0
2026-09-16T16:20:50.083672Z  INFO ws_message:game_session{game=8M9200 player=PlayerId(0)}: server_core::session: action applied game=8M9200 player=PlayerId(0) action_type="PassPriority" event_count=1
2026-09-16T16:20:50.086446Z  INFO ws_message:game_session{game=8M9200 player=PlayerId(0)}: phase_server: game submission processed (lock held) game=8M9200 kind="action" lock_ms=4 ai_actions=0
2026-09-16T16:20:50.336132Z  INFO ws_message:game_session{game=8M9200 player=PlayerId(1)}: server_core::session: action applied game=8M9200 player=PlayerId(1) action_type="PassPriority" event_count=1
2026-09-16T16:20:50.364544Z  INFO ws_message:game_session{game=8M9200 player=PlayerId(1)}: phase_server: game submission processed (lock held) game=8M9200 kind="action" lock_ms=29 ai_actions=0
2026-09-16T16:20:50.591710Z  INFO ws_message:game_session{game=8M9200 player=PlayerId(0)}: server_core::session: action applied game=8M9200 player=PlayerId(0) action_type="PlayLand" event_count=2
2026-09-16T16:20:50.617627Z  INFO ws_message:game_session{game=8M9200 player=PlayerId(0)}: phase_server: game submission processed (lock held) game=8M9200 kind="action" lock_ms=30 ai_actions=0
2026-09-16T16:20:50.841320Z  INFO ws_message:game_session{game=8M9200 player=PlayerId(0)}: server_core::session: action applied game=8M9200 player=PlayerId(0) action_type="PassPriority" event_count=1
2026-09-16T16:20:50.844026Z  INFO ws_message:game_session{game=8M9200 player=PlayerId(0)}: phase_server: game submission processed (lock held) game=8M9200 kind="action" lock_ms=4 ai_actions=0
2026-09-16T16:20:51.093347Z  INFO ws_message:game_session{game=8M9200 player=PlayerId(1)}: server_core::session: action applied game=8M9200 player=PlayerId(1) action_type="PassPriority" event_count=1
2026-09-16T16:20:51.097464Z  INFO ws_message:game_session{game=8M9200 player=PlayerId(1)}: phase_server: game submission processed (lock held) game=8M9200 kind="action" lock_ms=5 ai_actions=0
2026-09-16T16:20:51.346639Z  INFO ws_message:game_session{game=8M9200 player=PlayerId(0)}: server_core::session: action applied game=8M9200 player=PlayerId(0) action_type="PassPriority" event_count=1
2026-09-16T16:20:51.350657Z  INFO ws_message:game_session{game=8M9200 player=PlayerId(0)}: phase_server: game submission processed (lock held) game=8M9200 kind="action" lock_ms=6 ai_actions=0
2026-09-16T16:20:51.601569Z  INFO ws_message:game_session{game=8M9200 player=PlayerId(1)}: server_core::session: action applied game=8M9200 player=PlayerId(1) action_type="PassPriority" event_count=3
2026-09-16T16:20:51.605806Z  INFO ws_message:game_session{game=8M9200 player=PlayerId(1)}: phase_server: game submission processed (lock held) game=8M9200 kind="action" lock_ms=9 ai_actions=0
2026-09-16T16:20:51.850024Z  INFO ws_message:game_session{game=8M9200 player=PlayerId(0)}: server_core::session: action applied game=8M9200 player=PlayerId(0) action_type="PassPriority" event_count=1
2026-09-16T16:20:51.852710Z  INFO ws_message:game_session{game=8M9200 player=PlayerId(0)}: phase_server: game submission processed (lock held) game=8M9200 kind="action" lock_ms=4 ai_actions=0
2026-09-16T16:20:52.104768Z  INFO ws_message:game_session{game=8M9200 player=PlayerId(1)}: server_core::session: action applied game=8M9200 player=PlayerId(1) action_type="PassPriority" event_count=1
2026-09-16T16:20:52.139913Z  INFO ws_message:game_session{game=8M9200 player=PlayerId(1)}: phase_server: game submission processed (lock held) game=8M9200 kind="action" lock_ms=39 ai_actions=0
2026-09-16T16:20:52.353536Z  INFO ws_message:game_session{game=8M9200 player=PlayerId(0)}: server_core::session: action applied game=8M9200 player=PlayerId(0) action_type="PassPriority" event_count=1
2026-09-16T16:20:52.356907Z  INFO ws_message:game_session{game=8M9200 player=PlayerId(0)}: phase_server: game submission processed (lock held) game=8M9200 kind="action" lock_ms=6 ai_actions=0
2026-09-16T16:20:52.611353Z  INFO ws_message:game_session{game=8M9200 player=PlayerId(1)}: server_core::session: action applied game=8M9200 player=PlayerId(1) action_type="PassPriority" event_count=1
2026-09-16T16:20:52.615766Z  INFO ws_message:game_session{game=8M9200 player=PlayerId(1)}: phase_server: game submission processed (lock held) game=8M9200 kind="action" lock_ms=13 ai_actions=0
2026-09-16T16:20:52.854227Z  INFO ws_message:game_session{game=8M9200 player=PlayerId(0)}: server_core::session: action applied game=8M9200 player=PlayerId(0) action_type="PassPriority" event_count=1
2026-09-16T16:20:52.857581Z  INFO ws_message:game_session{game=8M9200 player=PlayerId(0)}: phase_server: game submission processed (lock held) game=8M9200 kind="action" lock_ms=4 ai_actions=0
2026-09-16T16:20:53.109958Z  INFO ws_message:game_session{game=8M9200 player=PlayerId(1)}: server_core::session: action applied game=8M9200 player=PlayerId(1) action_type="PassPriority" event_count=4
2026-09-16T16:20:53.111352Z  INFO ws_message:game_session{game=8M9200 player=PlayerId(1)}: phase_server: game submission processed (lock held) game=8M9200 kind="action" lock_ms=6 ai_actions=0
2026-09-16T16:20:53.358242Z  INFO ws_message:game_session{game=8M9200 player=PlayerId(1)}: server_core::session: action applied game=8M9200 player=PlayerId(1) action_type="PassPriority" event_count=1
2026-09-16T16:20:53.362181Z  INFO ws_message:game_session{game=8M9200 player=PlayerId(1)}: phase_server: game submission processed (lock held) game=8M9200 kind="action" lock_ms=5 ai_actions=0
2026-09-16T16:20:53.615113Z  INFO ws_message:game_session{game=8M9200 player=PlayerId(0)}: server_core::session: action applied game=8M9200 player=PlayerId(0) action_type="PassPriority" event_count=4
2026-09-16T16:20:53.616441Z  INFO ws_message:game_session{game=8M9200 player=PlayerId(0)}: phase_server: game submission processed (lock held) game=8M9200 kind="action" lock_ms=8 ai_actions=0
2026-09-16T16:20:53.862621Z  INFO ws_message:game_session{game=8M9200 player=PlayerId(1)}: server_core::session: action applied game=8M9200 player=PlayerId(1) action_type="PassPriority" event_count=1
2026-09-16T16:20:53.866993Z  INFO ws_message:game_session{game=8M9200 player=PlayerId(1)}: phase_server: game submission processed (lock held) game=8M9200 kind="action" lock_ms=5 ai_actions=0
2026-09-16T16:20:54.113581Z  INFO ws_message:game_session{game=8M9200 player=PlayerId(0)}: server_core::session: action applied game=8M9200 player=PlayerId(0) action_type="PassPriority" event_count=1
2026-09-16T16:20:54.146447Z  INFO ws_message:game_session{game=8M9200 player=PlayerId(0)}: phase_server: game submission processed (lock held) game=8M9200 kind="action" lock_ms=34 ai_actions=0
2026-09-16T16:20:54.369846Z  INFO ws_message:game_session{game=8M9200 player=PlayerId(1)}: server_core::session: action applied game=8M9200 player=PlayerId(1) action_type="PlayLand" event_count=2
2026-09-16T16:20:54.372815Z  INFO ws_message:game_session{game=8M9200 player=PlayerId(1)}: phase_server: game submission processed (lock held) game=8M9200 kind="action" lock_ms=8 ai_actions=0
2026-09-16T16:20:54.618547Z  INFO ws_message:game_session{game=8M9200 player=PlayerId(1)}: server_core::session: action applied game=8M9200 player=PlayerId(1) action_type="PassPriority" event_count=1
2026-09-16T16:20:54.622563Z  INFO ws_message:game_session{game=8M9200 player=PlayerId(1)}: phase_server: game submission processed (lock held) game=8M9200 kind="action" lock_ms=6 ai_actions=0
2026-09-16T16:20:54.868638Z  INFO ws_message:game_session{game=8M9200 player=PlayerId(0)}: server_core::session: action applied game=8M9200 player=PlayerId(0) action_type="PassPriority" event_count=1
2026-09-16T16:20:54.872877Z  INFO ws_message:game_session{game=8M9200 player=PlayerId(0)}: phase_server: game submission processed (lock held) game=8M9200 kind="action" lock_ms=5 ai_actions=0
2026-09-16T16:20:55.121377Z  INFO ws_message:game_session{game=8M9200 player=PlayerId(1)}: server_core::session: action applied game=8M9200 player=PlayerId(1) action_type="PassPriority" event_count=1
2026-09-16T16:20:55.125280Z  INFO ws_message:game_session{game=8M9200 player=PlayerId(1)}: phase_server: game submission processed (lock held) game=8M9200 kind="action" lock_ms=6 ai_actions=0
2026-09-16T16:20:55.374693Z  INFO ws_message:game_session{game=8M9200 player=PlayerId(0)}: server_core::session: action applied game=8M9200 player=PlayerId(0) action_type="PassPriority" event_count=3
2026-09-16T16:20:55.377993Z  INFO ws_message:game_session{game=8M9200 player=PlayerId(0)}: phase_server: game submission processed (lock held) game=8M9200 kind="action" lock_ms=8 ai_actions=0
2026-09-16T16:20:55.624688Z  INFO ws_message:game_session{game=8M9200 player=PlayerId(1)}: server_core::session: action applied game=8M9200 player=PlayerId(1) action_type="PassPriority" event_count=1
2026-09-16T16:20:55.628790Z  INFO ws_message:game_session{game=8M9200 player=PlayerId(1)}: phase_server: game submission processed (lock held) game=8M9200 kind="action" lock_ms=6 ai_actions=0
2026-09-16T16:20:55.877469Z  INFO ws_message:game_session{game=8M9200 player=PlayerId(0)}: server_core::session: action applied game=8M9200 player=PlayerId(0) action_type="PassPriority" event_count=1
2026-09-16T16:20:55.880560Z  INFO ws_message:game_session{game=8M9200 player=PlayerId(0)}: phase_server: game submission processed (lock held) game=8M9200 kind="action" lock_ms=7 ai_actions=0
2026-09-16T16:20:56.128254Z  INFO ws_message:game_session{game=8M9200 player=PlayerId(1)}: server_core::session: action applied game=8M9200 player=PlayerId(1) action_type="PassPriority" event_count=1
2026-09-16T16:20:56.132305Z  INFO ws_message:game_session{game=8M9200 player=PlayerId(1)}: phase_server: game submission processed (lock held) game=8M9200 kind="action" lock_ms=6 ai_actions=0
2026-09-16T16:20:56.383020Z  INFO ws_message:game_session{game=8M9200 player=PlayerId(0)}: server_core::session: action applied game=8M9200 player=PlayerId(0) action_type="PassPriority" event_count=1
2026-09-16T16:20:56.390040Z  INFO ws_message:game_session{game=8M9200 player=PlayerId(0)}: phase_server: game submission processed (lock held) game=8M9200 kind="action" lock_ms=12 ai_actions=0
2026-09-16T16:20:56.630654Z  INFO ws_message:game_session{game=8M9200 player=PlayerId(1)}: server_core::session: action applied game=8M9200 player=PlayerId(1) action_type="PassPriority" event_count=1
2026-09-16T16:20:56.634711Z  INFO ws_message:game_session{game=8M9200 player=PlayerId(1)}: phase_server: game submission processed (lock held) game=8M9200 kind="action" lock_ms=5 ai_actions=0
2026-09-16T16:20:56.884942Z  INFO ws_message:game_session{game=8M9200 player=PlayerId(0)}: server_core::session: action applied game=8M9200 player=PlayerId(0) action_type="PassPriority" event_count=4
2026-09-16T16:20:56.886951Z  INFO ws_message:game_session{game=8M9200 player=PlayerId(0)}: phase_server: game submission processed (lock held) game=8M9200 kind="action" lock_ms=7 ai_actions=0
2026-09-16T16:20:57.132522Z  INFO ws_message:game_session{game=8M9200 player=PlayerId(0)}: server_core::session: action applied game=8M9200 player=PlayerId(0) action_type="PassPriority" event_count=1
2026-09-16T16:20:57.135923Z  INFO ws_message:game_session{game=8M9200 player=PlayerId(0)}: phase_server: game submission processed (lock held) game=8M9200 kind="action" lock_ms=4 ai_actions=0
2026-09-16T16:20:57.388446Z  INFO ws_message:game_session{game=8M9200 player=PlayerId(1)}: server_core::session: action applied game=8M9200 player=PlayerId(1) action_type="PassPriority" event_count=4
2026-09-16T16:20:57.390918Z  INFO ws_message:game_session{game=8M9200 player=PlayerId(1)}: phase_server: game submission processed (lock held) game=8M9200 kind="action" lock_ms=8 ai_actions=0
2026-09-16T16:20:57.635329Z  INFO ws_message:game_session{game=8M9200 player=PlayerId(0)}: server_core::session: action applied game=8M9200 player=PlayerId(0) action_type="PassPriority" event_count=1
2026-09-16T16:20:57.638730Z  INFO ws_message:game_session{game=8M9200 player=PlayerId(0)}: phase_server: game submission processed (lock held) game=8M9200 kind="action" lock_ms=5 ai_actions=0
2026-09-16T16:20:57.887101Z  INFO ws_message:game_session{game=8M9200 player=PlayerId(1)}: server_core::session: action applied game=8M9200 player=PlayerId(1) action_type="PassPriority" event_count=1
2026-09-16T16:20:57.933382Z  INFO ws_message:game_session{game=8M9200 player=PlayerId(1)}: phase_server: game submission processed (lock held) game=8M9200 kind="action" lock_ms=47 ai_actions=0
2026-09-16T16:20:58.142864Z  INFO ws_message:game_session{game=8M9200 player=PlayerId(0)}: server_core::session: action applied game=8M9200 player=PlayerId(0) action_type="PlayLand" event_count=2
2026-09-16T16:20:58.154884Z  INFO ws_message:game_session{game=8M9200 player=PlayerId(0)}: phase_server: game submission processed (lock held) game=8M9200 kind="action" lock_ms=17 ai_actions=0
2026-09-16T16:20:58.480476Z  INFO ws_message:game_session{game=8M9200 player=PlayerId(0)}: server_core::session: action applied game=8M9200 player=PlayerId(0) action_type="CastSpell" event_count=12
2026-09-16T16:20:58.483706Z  INFO ws_message:game_session{game=8M9200 player=PlayerId(0)}: phase_server: game submission processed (lock held) game=8M9200 kind="action" lock_ms=13 ai_actions=0
2026-09-16T16:20:58.725654Z  INFO ws_message:game_session{game=8M9200 player=PlayerId(0)}: server_core::session: action applied game=8M9200 player=PlayerId(0) action_type="PassPriority" event_count=1
2026-09-16T16:20:58.730002Z  INFO ws_message:game_session{game=8M9200 player=PlayerId(0)}: phase_server: game submission processed (lock held) game=8M9200 kind="action" lock_ms=6 ai_actions=0
2026-09-16T16:20:58.898885Z  INFO ws_message:game_session{game=8M9200 player=PlayerId(1)}: server_core::session: action applied game=8M9200 player=PlayerId(1) action_type="PassPriority" event_count=5
2026-09-16T16:20:58.899329Z  INFO ws_message:game_session{game=8M9200 player=PlayerId(1)}: phase_server: game submission processed (lock held) game=8M9200 kind="action" lock_ms=3 ai_actions=0
2026-09-16T16:20:59.059721Z  INFO ws_message:game_session{game=8M9200 player=PlayerId(0)}: server_core::session: interaction applied game=8M9200 player=PlayerId(0) action_type="SelectCards" event_count=4
2026-09-16T16:20:59.069910Z  INFO ws_message:game_session{game=8M9200 player=PlayerId(0)}: phase_server: game submission processed (lock held) game=8M9200 kind="interaction" lock_ms=18 ai_actions=0
2026-09-16T16:20:59.307894Z  INFO ws_message:game_session{game=8M9200 player=PlayerId(0)}: server_core::session: action applied game=8M9200 player=PlayerId(0) action_type="PassPriority" event_count=1
2026-09-16T16:20:59.312100Z  INFO ws_message:game_session{game=8M9200 player=PlayerId(0)}: phase_server: game submission processed (lock held) game=8M9200 kind="action" lock_ms=8 ai_actions=0
2026-09-16T16:20:59.401215Z  INFO ws_message:game_session{game=8M9200 player=PlayerId(1)}: server_core::session: action applied game=8M9200 player=PlayerId(1) action_type="PassPriority" event_count=1
2026-09-16T16:20:59.405670Z  INFO ws_message:game_session{game=8M9200 player=PlayerId(1)}: phase_server: game submission processed (lock held) game=8M9200 kind="action" lock_ms=6 ai_actions=0
2026-09-16T16:20:59.559658Z  INFO ws_message:game_session{game=8M9200 player=PlayerId(0)}: server_core::session: action applied game=8M9200 player=PlayerId(0) action_type="PassPriority" event_count=1
2026-09-16T16:20:59.565368Z  INFO ws_message:game_session{game=8M9200 player=PlayerId(0)}: phase_server: game submission processed (lock held) game=8M9200 kind="action" lock_ms=8 ai_actions=0
2026-09-16T16:20:59.655404Z  INFO ws_message:game_session{game=8M9200 player=PlayerId(1)}: server_core::session: action applied game=8M9200 player=PlayerId(1) action_type="PassPriority" event_count=3
2026-09-16T16:20:59.659690Z  INFO ws_message:game_session{game=8M9200 player=PlayerId(1)}: phase_server: game submission processed (lock held) game=8M9200 kind="action" lock_ms=9 ai_actions=0
2026-09-16T16:20:59.810522Z  INFO ws_message:game_session{game=8M9200 player=PlayerId(0)}: server_core::session: action applied game=8M9200 player=PlayerId(0) action_type="PassPriority" event_count=1
2026-09-16T16:20:59.815729Z  INFO ws_message:game_session{game=8M9200 player=PlayerId(0)}: phase_server: game submission processed (lock held) game=8M9200 kind="action" lock_ms=7 ai_actions=0
2026-09-16T16:20:59.907922Z  INFO ws_message:game_session{game=8M9200 player=PlayerId(1)}: server_core::session: action applied game=8M9200 player=PlayerId(1) action_type="PassPriority" event_count=1
2026-09-16T16:20:59.918242Z  INFO ws_message:game_session{game=8M9200 player=PlayerId(1)}: phase_server: game submission processed (lock held) game=8M9200 kind="action" lock_ms=16 ai_actions=0
2026-09-16T16:21:00.062718Z  INFO ws_message:game_session{game=8M9200 player=PlayerId(0)}: server_core::session: action applied game=8M9200 player=PlayerId(0) action_type="PassPriority" event_count=1
2026-09-16T16:21:00.070051Z  INFO ws_message:game_session{game=8M9200 player=PlayerId(0)}: phase_server: game submission processed (lock held) game=8M9200 kind="action" lock_ms=9 ai_actions=0
2026-09-16T16:21:00.159028Z  INFO ws_message:game_session{game=8M9200 player=PlayerId(1)}: server_core::session: action applied game=8M9200 player=PlayerId(1) action_type="PassPriority" event_count=1
2026-09-16T16:21:00.163404Z  INFO ws_message:game_session{game=8M9200 player=PlayerId(1)}: phase_server: game submission processed (lock held) game=8M9200 kind="action" lock_ms=9 ai_actions=0
2026-09-16T16:21:00.316947Z  INFO ws_message:game_session{game=8M9200 player=PlayerId(0)}: server_core::session: action applied game=8M9200 player=PlayerId(0) action_type="PassPriority" event_count=1
2026-09-16T16:21:00.322873Z  INFO ws_message:game_session{game=8M9200 player=PlayerId(0)}: phase_server: game submission processed (lock held) game=8M9200 kind="action" lock_ms=8 ai_actions=0
2026-09-16T16:21:00.413057Z  INFO ws_message:game_session{game=8M9200 player=PlayerId(1)}: server_core::session: action applied game=8M9200 player=PlayerId(1) action_type="PassPriority" event_count=4
2026-09-16T16:21:00.415260Z  INFO ws_message:game_session{game=8M9200 player=PlayerId(1)}: phase_server: game submission processed (lock held) game=8M9200 kind="action" lock_ms=9 ai_actions=0
2026-09-16T16:21:00.658846Z  INFO ws_message:game_session{game=8M9200 player=PlayerId(1)}: server_core::session: action applied game=8M9200 player=PlayerId(1) action_type="PassPriority" event_count=1
2026-09-16T16:21:00.664208Z  INFO ws_message:game_session{game=8M9200 player=PlayerId(1)}: phase_server: game submission processed (lock held) game=8M9200 kind="action" lock_ms=7 ai_actions=0
