[10:45:07] ServerHello: version=0.105.0 build=965e243 protocol=120 mode=Full
[10:45:07] data-level check: ok=True notes=[]
[10:45:08] P0 creating game...
[10:45:08] P1 joining...
[10:45:09] game BTVRAK; P0 seat=0 P1 seat=1
[10:45:09] [P0] keep 7: ['the masamune', 'the masamune', 'toxrill, the corrosive', 'toxrill, the corrosive', 'island', 'toxrill, the corrosive', 'island']
[10:45:09] [P1] keep 7: ['forest', 'forest', 'llanowar elves', 'forest', 'forest', 'forest', 'forest']
[10:45:10] [P0] playing land island
[10:45:14] [P1] playing land forest
[10:45:18] [P0] playing land island
[10:45:22] [P1] playing land forest
[10:45:26] [P0] playing land island
[10:45:26] [P0] casts The Masamune (oid 9)
[10:45:26] [P0] inflight set: cast the masamune
[10:45:26] [P0] inflight cleared (cast confirmed)
[10:45:31] [P1] playing land forest
[10:45:33] [P0] tap land for mana used_for=generic
[10:45:33] [P0] submitting interaction iid=BTVRAK.0.95 choice=BTVRAK.0.95.c1 (Island)
[10:45:34] [P0] tap land for mana used_for=generic
[10:45:34] [P0] submitting interaction iid=BTVRAK.0.96 choice=BTVRAK.0.96.c1 (Island)
[10:45:34] [P0] tap land for mana used_for=generic
[10:45:34] [P0] submitting interaction iid=BTVRAK.0.97 choice=BTVRAK.0.97.c1 (Island)
[10:45:35] [P0] playing land island
[10:45:40] [P1] playing land forest
[10:45:47] [P1] playing land forest
[10:45:51] [P0] playing land island
[10:45:55] [P1] playing land forest
[10:45:59] [P0] playing land swamp
[10:46:04] [P1] playing land forest
[10:46:07] [P0] playing land swamp
[10:46:08] [P0] casts Toxrill (oid 1)
[10:46:08] [P0] inflight set: cast toxrill, the corrosive
[10:46:08] [P0] inflight cleared (cast confirmed)
[10:46:09] DIAG P06773: rev=228 turn=15 phase=BeginCombat prio=False decision=False pre=False mid=False equipped=False
[10:46:09] DIAG P16773: rev=228 turn=15 phase=BeginCombat prio=True decision=False pre=False mid=False equipped=False
[10:46:12] [P1] playing land forest
[10:46:16] [P0] tap land for mana used_for=B
[10:46:16] [P0] submitting interaction iid=BTVRAK.0.254 choice=BTVRAK.0.254.c3 (Swamp)
[10:46:16] [P0] tap land for mana used_for=B
[10:46:16] [P0] submitting interaction iid=BTVRAK.0.255 choice=BTVRAK.0.255.c3 (Swamp)
[10:46:16] [P0] tap land for mana used_for=generic
[10:46:16] [P0] submitting interaction iid=BTVRAK.0.256 choice=BTVRAK.0.256.c2 (Island)
[10:46:16] [P0] tap land for mana used_for=generic
[10:46:16] [P0] submitting interaction iid=BTVRAK.0.257 choice=BTVRAK.0.257.c2 (Island)
[10:46:17] [P0] tap land for mana used_for=generic
[10:46:17] [P0] submitting interaction iid=BTVRAK.0.258 choice=BTVRAK.0.258.c2 (Island)
[10:46:17] [P0] tap land for mana used_for=generic
[10:46:17] [P0] submitting interaction iid=BTVRAK.0.259 choice=BTVRAK.0.259.c2 (Island)
[10:46:17] [P0] tap land for mana used_for=generic
[10:46:17] [P0] submitting interaction iid=BTVRAK.0.260 choice=BTVRAK.0.260.c2 (Island)
[10:46:23] [P1] playing land forest
[10:46:29] [P0] playing land island
[10:46:29] [P0] equip via advertised ActivateAbility (src 9)
[10:46:29] [P0] inflight set: equip the masamune
[10:46:29] [P0] tap land for mana used_for=generic
[10:46:29] [P0] submitting interaction iid=BTVRAK.0.301 choice=BTVRAK.0.301.c2 (Island)
[10:46:29] [P0] tap land for mana used_for=generic
[10:46:29] [P0] submitting interaction iid=BTVRAK.0.302 choice=BTVRAK.0.302.c2 (Island)
[10:47:00] [P0] inflight cleared (equip backstop: unconfirmed after 30s)
[10:47:04] [P1] playing land forest
[10:47:05] [P1] casts Llanowar Elves (oid 79)
[10:47:05] [P1] inflight set: cast llanowar elves
[10:47:05] [P1] tap land for mana used_for=G
[10:47:05] [P1] submitting interaction iid=BTVRAK.0.324 choice=BTVRAK.0.324.c1 (Forest)
[10:47:05] [P1] inflight cleared (cast confirmed)
[10:47:06] exported pre_death.json
[10:47:06] [pre] exported turn 20 phase PreCombatMain DoubleTriggers-grant=True
[10:47:09] exported mid_triggers.json
[10:47:09] [mid] exported: 1 slime-death triggers on stack
[10:47:09] DIAG P06773: rev=340 turn=20 phase=End prio=True decision=False pre=True mid=True equipped=True
[10:47:09] DIAG P16773: rev=340 turn=20 phase=End prio=False decision=False pre=True mid=True equipped=True
[10:47:11] exported post_resolution.json
[10:47:11] [post] exported: 1 Slug tokens
[10:47:11] A1_setup_ok: passed
[10:47:11] A2_death_observed: passed
[10:47:11] A3_triggers_doubled: failed
[10:47:11] A4_slugs_created: failed
[10:47:11] A5_cleanup: passed
[10:47:11] DONE verdict=reproduced assertions={"A1_setup_ok": "passed", "A2_death_observed": "passed", "A3_triggers_doubled": "failed", "A4_slugs_created": "failed", "A5_cleanup": "passed"}
