2026-10-06T04:52:01.962678Z  INFO ws_message: server_core::session: game session created game=2KLJ3A player_count=2
2026-10-06T04:52:02.003233Z  INFO ws_message: phase_server: game created via lobby game=2KLJ3A host=P06861 players=2
2026-10-06T04:52:02.094584Z  INFO ws_message: phase_server: JoinGameWithPassword game=2KLJ3A joiner=P16861
2026-10-06T04:52:02.095408Z  INFO ws_message: server_core::session: player joined session game=2KLJ3A player=PlayerId(1) seat=1
2026-10-06T04:52:02.895096Z  INFO ws_message: phase_server: player joined game=2KLJ3A player=PlayerId(1)
2026-10-06T04:52:04.210336Z  WARN phase_server: Full snapshot was no longer current game=2KLJ3A disposition=SupersededOrRetired
2026-10-06T04:52:04.521463Z  INFO ws_message:game_session{game=2KLJ3A player=PlayerId(0)}: server_core::session: action applied game=2KLJ3A player=PlayerId(0) action_type="MulliganDecision" event_count=0
2026-10-06T04:52:04.689181Z  INFO ws_message:game_session{game=2KLJ3A player=PlayerId(1)}: server_core::session: action applied game=2KLJ3A player=PlayerId(1) action_type="MulliganDecision" event_count=1
2026-10-06T04:52:05.537564Z  INFO ws_message:game_session{game=2KLJ3A player=PlayerId(1)}: server_core::session: action applied game=2KLJ3A player=PlayerId(1) action_type="PlayLand" event_count=2
2026-10-06T04:52:09.348681Z  INFO ws_message:game_session{game=2KLJ3A player=PlayerId(0)}: server_core::session: action applied game=2KLJ3A player=PlayerId(0) action_type="PlayLand" event_count=2
2026-10-06T04:52:13.390434Z  INFO ws_message:game_session{game=2KLJ3A player=PlayerId(1)}: server_core::session: action applied game=2KLJ3A player=PlayerId(1) action_type="PlayLand" event_count=2
2026-10-06T04:52:18.149755Z  INFO ws_message:game_session{game=2KLJ3A player=PlayerId(0)}: server_core::session: action applied game=2KLJ3A player=PlayerId(0) action_type="PlayLand" event_count=2
2026-10-06T04:52:21.936570Z  INFO ws_message:game_session{game=2KLJ3A player=PlayerId(1)}: server_core::session: action applied game=2KLJ3A player=PlayerId(1) action_type="PlayLand" event_count=2
2026-10-06T04:52:25.976256Z  INFO ws_message:game_session{game=2KLJ3A player=PlayerId(0)}: server_core::session: action applied game=2KLJ3A player=PlayerId(0) action_type="PlayLand" event_count=2
2026-10-06T04:52:30.311194Z  INFO ws_message:game_session{game=2KLJ3A player=PlayerId(1)}: server_core::session: action applied game=2KLJ3A player=PlayerId(1) action_type="PlayLand" event_count=2
2026-10-06T04:52:38.935774Z  INFO ws_message:game_session{game=2KLJ3A player=PlayerId(0)}: server_core::session: action applied game=2KLJ3A player=PlayerId(0) action_type="PlayLand" event_count=2
2026-10-06T04:52:43.095184Z  INFO ws_message:game_session{game=2KLJ3A player=PlayerId(1)}: server_core::session: action applied game=2KLJ3A player=PlayerId(1) action_type="PlayLand" event_count=2
2026-10-06T04:52:47.139920Z  INFO ws_message:game_session{game=2KLJ3A player=PlayerId(0)}: server_core::session: action applied game=2KLJ3A player=PlayerId(0) action_type="PlayLand" event_count=2
2026-10-06T04:52:51.172812Z  INFO ws_message:game_session{game=2KLJ3A player=PlayerId(1)}: server_core::session: action applied game=2KLJ3A player=PlayerId(1) action_type="PlayLand" event_count=2
2026-10-06T04:52:54.967608Z  INFO ws_message:game_session{game=2KLJ3A player=PlayerId(0)}: server_core::session: action applied game=2KLJ3A player=PlayerId(0) action_type="PlayLand" event_count=2
2026-10-06T04:52:59.004223Z  INFO ws_message:game_session{game=2KLJ3A player=PlayerId(1)}: server_core::session: action applied game=2KLJ3A player=PlayerId(1) action_type="PlayLand" event_count=2
2026-10-06T04:53:03.072591Z  INFO ws_message:game_session{game=2KLJ3A player=PlayerId(0)}: server_core::session: action applied game=2KLJ3A player=PlayerId(0) action_type="PlayLand" event_count=2
2026-10-06T04:53:07.110316Z  INFO ws_message:game_session{game=2KLJ3A player=PlayerId(1)}: server_core::session: action applied game=2KLJ3A player=PlayerId(1) action_type="PlayLand" event_count=2
2026-10-06T04:53:10.905486Z  INFO ws_message:game_session{game=2KLJ3A player=PlayerId(0)}: server_core::session: action applied game=2KLJ3A player=PlayerId(0) action_type="PlayLand" event_count=2
2026-10-06T04:53:14.948952Z  INFO ws_message:game_session{game=2KLJ3A player=PlayerId(1)}: server_core::session: action applied game=2KLJ3A player=PlayerId(1) action_type="PlayLand" event_count=2
2026-10-06T04:53:18.747121Z  INFO ws_message:game_session{game=2KLJ3A player=PlayerId(0)}: server_core::session: action applied game=2KLJ3A player=PlayerId(0) action_type="PlayLand" event_count=2
2026-10-06T04:53:23.108043Z  INFO ws_message:game_session{game=2KLJ3A player=PlayerId(1)}: server_core::session: action applied game=2KLJ3A player=PlayerId(1) action_type="PlayLand" event_count=2
2026-10-06T04:53:29.620623Z  INFO ws_message:game_session{game=2KLJ3A player=PlayerId(0)}: server_core::session: action applied game=2KLJ3A player=PlayerId(0) action_type="PlayLand" event_count=2
2026-10-06T04:53:33.666745Z  INFO ws_message:game_session{game=2KLJ3A player=PlayerId(1)}: server_core::session: action applied game=2KLJ3A player=PlayerId(1) action_type="PlayLand" event_count=2
2026-10-06T04:53:37.727559Z  INFO ws_message:game_session{game=2KLJ3A player=PlayerId(0)}: server_core::session: action applied game=2KLJ3A player=PlayerId(0) action_type="PlayLand" event_count=2
2026-10-06T04:53:41.769375Z  INFO ws_message:game_session{game=2KLJ3A player=PlayerId(1)}: server_core::session: action applied game=2KLJ3A player=PlayerId(1) action_type="PlayLand" event_count=2
2026-10-06T04:53:45.813958Z  INFO ws_message:game_session{game=2KLJ3A player=PlayerId(0)}: server_core::session: action applied game=2KLJ3A player=PlayerId(0) action_type="PlayLand" event_count=2
2026-10-06T04:53:49.886118Z  INFO ws_message:game_session{game=2KLJ3A player=PlayerId(1)}: server_core::session: action applied game=2KLJ3A player=PlayerId(1) action_type="PlayLand" event_count=2
2026-10-06T04:53:53.934099Z  INFO ws_message:game_session{game=2KLJ3A player=PlayerId(0)}: server_core::session: action applied game=2KLJ3A player=PlayerId(0) action_type="PlayLand" event_count=2
2026-10-06T04:53:57.979463Z  INFO ws_message:game_session{game=2KLJ3A player=PlayerId(1)}: server_core::session: action applied game=2KLJ3A player=PlayerId(1) action_type="PlayLand" event_count=2
2026-10-06T04:54:01.777707Z  INFO ws_message:game_session{game=2KLJ3A player=PlayerId(0)}: server_core::session: action applied game=2KLJ3A player=PlayerId(0) action_type="PlayLand" event_count=2
2026-10-06T04:54:06.074766Z  INFO ws_message:game_session{game=2KLJ3A player=PlayerId(1)}: server_core::session: action applied game=2KLJ3A player=PlayerId(1) action_type="PlayLand" event_count=2
2026-10-06T04:54:09.875809Z  INFO ws_message:game_session{game=2KLJ3A player=PlayerId(0)}: server_core::session: action applied game=2KLJ3A player=PlayerId(0) action_type="PlayLand" event_count=2
2026-10-06T04:54:14.197218Z  INFO ws_message:game_session{game=2KLJ3A player=PlayerId(1)}: server_core::session: action applied game=2KLJ3A player=PlayerId(1) action_type="PlayLand" event_count=2
2026-10-06T04:54:18.773422Z  INFO ws_message:game_session{game=2KLJ3A player=PlayerId(0)}: server_core::session: action applied game=2KLJ3A player=PlayerId(0) action_type="PlayLand" event_count=2
2026-10-06T04:54:23.367311Z  INFO ws_message:game_session{game=2KLJ3A player=PlayerId(1)}: server_core::session: action applied game=2KLJ3A player=PlayerId(1) action_type="PlayLand" event_count=2
2026-10-06T04:54:28.815862Z  INFO ws_message:game_session{game=2KLJ3A player=PlayerId(0)}: server_core::session: action applied game=2KLJ3A player=PlayerId(0) action_type="PlayLand" event_count=2
2026-10-06T04:54:32.877737Z  INFO ws_message:game_session{game=2KLJ3A player=PlayerId(1)}: server_core::session: action applied game=2KLJ3A player=PlayerId(1) action_type="PlayLand" event_count=2
2026-10-06T04:54:37.445161Z  INFO ws_message:game_session{game=2KLJ3A player=PlayerId(0)}: server_core::session: action applied game=2KLJ3A player=PlayerId(0) action_type="CastSpell" event_count=9
2026-10-06T04:54:37.744762Z  INFO ws_message:game_session{game=2KLJ3A player=PlayerId(0)}: server_core::session: interaction applied game=2KLJ3A player=PlayerId(0) action_type="TapLandForMana" event_count=5
2026-10-06T04:54:38.964150Z  INFO ws_message:game_session{game=2KLJ3A player=PlayerId(0)}: server_core::session: interaction applied game=2KLJ3A player=PlayerId(0) action_type="SelectCards" event_count=5
2026-10-06T04:54:39.209394Z  INFO ws_message:game_session{game=2KLJ3A player=PlayerId(0)}: server_core::session: action applied game=2KLJ3A player=PlayerId(0) action_type="PlayLand" event_count=2
2026-10-06T04:54:39.482729Z  INFO ws_message:game_session{game=2KLJ3A player=PlayerId(0)}: server_core::session: action applied game=2KLJ3A player=PlayerId(0) action_type="CastSpell" event_count=9
2026-10-06T04:54:39.746206Z  INFO ws_message:game_session{game=2KLJ3A player=PlayerId(0)}: server_core::session: interaction applied game=2KLJ3A player=PlayerId(0) action_type="TapLandForMana" event_count=5
2026-10-06T04:54:40.233449Z  INFO ws_message:game_session{game=2KLJ3A player=PlayerId(0)}: server_core::session: interaction applied game=2KLJ3A player=PlayerId(0) action_type="TapLandForMana" event_count=5
2026-10-06T04:54:41.015217Z  INFO ws_message:game_session{game=2KLJ3A player=PlayerId(0)}: server_core::session: action applied game=2KLJ3A player=PlayerId(0) action_type="ActivateAbility" event_count=0
2026-10-06T04:54:41.306107Z  INFO ws_message:game_session{game=2KLJ3A player=PlayerId(0)}: server_core::session: interaction applied game=2KLJ3A player=PlayerId(0) action_type="ChooseTarget" event_count=3
2026-10-06T04:54:42.999708Z  INFO ws_message:game_session{game=2KLJ3A player=PlayerId(0)}: server_core::session: interaction applied game=2KLJ3A player=PlayerId(0) action_type="TapLandForMana" event_count=5
2026-10-06T04:55:42.723259Z  INFO phase_server: client disconnected game=Some("2KLJ3A") player=Some(PlayerId(0))
2026-10-06T04:55:42.727502Z  INFO server_core::session: player disconnected game=2KLJ3A player=PlayerId(0)
2026-10-06T04:55:42.728179Z  INFO phase_server: client disconnected game=Some("2KLJ3A") player=Some(PlayerId(1))
2026-10-06T04:55:42.728227Z  INFO server_core::session: player disconnected game=2KLJ3A player=PlayerId(1)
