[17:45:33] ServerHello: version=0.104.0 build=4227122 protocol=118 mode=Full
[17:45:33] data-level check: ok=True notes=['abilities=1 unimplemented=1 static_abilities=[]', "parse: Static pattern matched but line failed static parser: Enchanted creature can't attack or block, and its activated abilities can't be activated. Its controller may exile three cards from their graveyar"]
[17:45:35] game=6GJAKU run=run-4509-reval-v01040-20261008-1741
[17:45:35] [P0] keep 7: ['lost in thought', 'thought scour', 'island', 'island', 'island', 'lost in thought', 'island']
[17:45:35] [P1] keep 7: ['forest', 'grizzly bears', 'forest', 'llanowar elves', 'grizzly bears', 'forest', 'forest']
[17:45:36] [P0] playing land island
[17:45:36] [P0] casting thought scour (oid 14) needs={'U': 1}
[17:45:36] [P0] targeting player -> 
[17:45:40] [P1] playing land forest
[17:45:40] [P1] casting llanowar elves (oid 78) needs={'G': 1}
[17:45:43] [P0] tap land for mana used_for=U needs={'U': 0}
[17:45:43] [P0] submitting interaction iid=6GJAKU.0.39 choice=6GJAKU.0.39.c3 (Island)
[17:45:45] [P0] playing land island
[17:45:45] [P0] casting thought scour (oid 38) needs={'U': 1}
[17:45:46] [P0] targeting player -> 
[17:45:48] [P1] tap land for mana used_for=G needs={'G': 0}
[17:45:48] [P1] submitting interaction iid=6GJAKU.0.59 choice=6GJAKU.0.59.c2 (Forest)
[17:45:49] [P1] playing land forest
[17:45:52] [P0] tap land for mana used_for=U needs={'U': 0}
[17:45:52] [P0] submitting interaction iid=6GJAKU.0.76 choice=6GJAKU.0.76.c1 (Island)
[17:45:53] [P0] playing land island
[17:45:54] [P0] casting lost in thought (oid 17) needs={'U': 1, 'generic': 1}
[17:45:54] aura on BF oid=17 static_definitions=[] unimplemented=['Effect: static_structure']
[17:45:54] aura attached (oid 17) to Elves 78, P1 gy=4; entering attack_test
[17:45:54] exported pre.json (turn=5)
[17:45:55] P1 priority action types at escape scan: ['ActivateAbility', 'PassPriority', 'TapLandForMana']
[17:45:55] P1 priority action types at escape scan: ['ActivateAbility', 'PassPriority', 'TapLandForMana']
[17:45:56] P1 priority action types at escape scan: ['ActivateAbility', 'PassPriority', 'TapLandForMana']
[17:45:56] P1 priority action types at escape scan: ['ActivateAbility', 'PassPriority', 'TapLandForMana']
[17:45:56] P1 priority action types at escape scan: ['ActivateAbility', 'PassPriority', 'TapLandForMana']
[17:45:57] P1 priority action types at escape scan: ['ActivateAbility', 'PassPriority', 'TapLandForMana']
[17:45:57] P1 priority action types at escape scan: ['ActivateAbility', 'PassPriority', 'TapLandForMana']
[17:45:58] P1 priority action types at escape scan: ['ActivateAbility', 'CastSpell', 'PassPriority', 'PlayLand', 'TapLandForMana']
[17:45:58] P1 priority action types at escape scan: ['ActivateAbility', 'PassPriority', 'TapLandForMana']
[17:45:58] [P1] declares attack with enchanted Elves 78
[17:45:59] P1 priority action types at escape scan: ['PassPriority', 'TapLandForMana']
[17:45:59] Elves 78 IS in combat.attackers
[17:45:59] attack1 ACCEPTED (Elves in attackers)
[17:45:59] P1 priority action types at escape scan: ['PassPriority', 'TapLandForMana']
[17:46:00] P1 priority action types at escape scan: ['PassPriority', 'TapLandForMana']
[17:46:00] P1 priority action types at escape scan: ['PassPriority', 'TapLandForMana']
[17:46:01] P1 priority action types at escape scan: ['CastSpell', 'PassPriority', 'PlayLand', 'TapLandForMana']
[17:46:01] P1 priority action types at escape scan: ['PassPriority', 'TapLandForMana']
[17:46:02] [P0] tap land for mana used_for=U needs={'U': 0, 'generic': 1}
[17:46:02] [P0] submitting interaction iid=6GJAKU.0.116 choice=6GJAKU.0.116.c1 (Island)
[17:46:02] attack leg concluded (accepted=True rejected=None elves_attacked=True P0 life 20->19); exporting post_attack, entering activation_test
[17:46:02] exported post_attack.json (turn=7)
[17:46:02] [P0] tap land for mana used_for=generic needs={'U': 0, 'generic': 0}
[17:46:02] [P0] submitting interaction iid=6GJAKU.0.117 choice=6GJAKU.0.117.c1 (Island)
[17:46:02] P1 priority action types at escape scan: ['PassPriority', 'TapLandForMana']
[17:46:03] P1 priority action types at escape scan: ['PassPriority', 'TapLandForMana']
[17:46:03] P1 priority action types at escape scan: ['PassPriority', 'TapLandForMana']
[17:46:04] P1 priority action types at escape scan: ['PassPriority', 'TapLandForMana']
[17:46:04] P1 priority action types at escape scan: ['PassPriority', 'TapLandForMana']
[17:46:05] P1 priority action types at escape scan: ['PassPriority', 'TapLandForMana']
[17:46:05] P1 priority action types at escape scan: ['PassPriority', 'TapLandForMana']
[17:46:05] P1 priority action types at escape scan: ['ActivateAbility', 'PassPriority', 'TapLandForMana']
[17:46:06] P1 priority action types at escape scan: ['ActivateAbility', 'PassPriority', 'TapLandForMana']
[17:46:06] P1 priority action types at escape scan: ['ActivateAbility', 'CastSpell', 'PassPriority', 'PlayLand', 'TapLandForMana']
[17:46:06] [P1] attempts ActivateAbility on enchanted Elves 78 while holding priority
[17:46:07] P1 priority action types at escape scan: ['CastSpell', 'PassPriority', 'PlayLand', 'TapLandForMana']
[17:46:07] activation leg concluded; entering control stage
[17:46:07] P1 priority action types at escape scan: ['PassPriority', 'TapLandForMana']
[17:46:08] P1 priority action types at escape scan: ['PassPriority', 'TapLandForMana']
[17:46:09] P1 priority action types at escape scan: ['CastSpell', 'PassPriority', 'PlayLand', 'TapLandForMana']
[17:46:09] P1 priority action types at escape scan: ['PassPriority', 'TapLandForMana']
[17:46:09] [P1] discarding to hand size via vi (select): picks=['6GJAKU.0.147.s2']
[17:46:10] P1 priority action types at escape scan: ['PassPriority', 'TapLandForMana']
[17:46:10] P1 priority action types at escape scan: ['PassPriority', 'TapLandForMana']
[17:46:11] P1 priority action types at escape scan: ['PassPriority', 'TapLandForMana']
[17:46:11] P1 priority action types at escape scan: ['PassPriority', 'TapLandForMana']
[17:46:13] P1 priority action types at escape scan: ['PassPriority', 'TapLandForMana']
[17:46:13] P1 priority action types at escape scan: ['PassPriority', 'TapLandForMana']
[17:46:14] P1 priority action types at escape scan: ['PassPriority', 'TapLandForMana']
[17:46:14] P1 priority action types at escape scan: ['ActivateAbility', 'PassPriority', 'TapLandForMana']
[17:46:15] P1 priority action types at escape scan: ['ActivateAbility', 'PassPriority', 'TapLandForMana']
[17:46:15] P1 priority action types at escape scan: ['ActivateAbility', 'CastSpell', 'PassPriority', 'PlayLand', 'TapLandForMana']
[17:46:16] P1 priority action types at escape scan: ['ActivateAbility', 'PassPriority', 'TapLandForMana']
[17:46:16] P1 priority action types at escape scan: ['ActivateAbility', 'PassPriority', 'TapLandForMana']
[17:46:17] P1 priority action types at escape scan: ['ActivateAbility', 'CastSpell', 'PassPriority', 'PlayLand', 'TapLandForMana']
[17:46:17] P1 priority action types at escape scan: ['ActivateAbility', 'PassPriority', 'TapLandForMana']
[17:46:18] [P1] discarding to hand size via vi (select): picks=['6GJAKU.0.177.s2']
[17:46:18] P1 priority action types at escape scan: ['ActivateAbility', 'PassPriority', 'TapLandForMana']
[17:46:19] P1 priority action types at escape scan: ['ActivateAbility', 'PassPriority', 'TapLandForMana']
[17:46:20] P1 priority action types at escape scan: ['ActivateAbility', 'PassPriority', 'TapLandForMana']
[17:46:20] P1 priority action types at escape scan: ['ActivateAbility', 'PassPriority', 'TapLandForMana']
[17:46:21] P1 priority action types at escape scan: ['ActivateAbility', 'PassPriority', 'TapLandForMana']
[17:46:21] P1 priority action types at escape scan: ['ActivateAbility', 'PassPriority', 'TapLandForMana']
[17:46:22] P1 priority action types at escape scan: ['ActivateAbility', 'PassPriority', 'TapLandForMana']
[17:46:22] [P0] discarding to hand size via vi (select): picks=['6GJAKU.0.192.s1']
[17:46:22] P1 priority action types at escape scan: ['ActivateAbility', 'PassPriority', 'TapLandForMana']
[17:46:23] P1 priority action types at escape scan: ['ActivateAbility', 'PassPriority', 'TapLandForMana']
[17:46:24] P1 priority action types at escape scan: ['ActivateAbility', 'CastSpell', 'PassPriority', 'PlayLand', 'TapLandForMana']
[17:46:24] P1 priority action types at escape scan: ['ActivateAbility', 'PassPriority', 'TapLandForMana']
[17:46:25] P1 priority action types at escape scan: ['ActivateAbility', 'PassPriority', 'TapLandForMana']
[17:46:25] P1 priority action types at escape scan: ['ActivateAbility', 'CastSpell', 'PassPriority', 'PlayLand', 'TapLandForMana']
[17:46:26] P1 priority action types at escape scan: ['ActivateAbility', 'PassPriority', 'TapLandForMana']
[17:46:27] [P1] discarding to hand size via vi (select): picks=['6GJAKU.0.208.s2']
[17:46:27] P1 priority action types at escape scan: ['ActivateAbility', 'PassPriority', 'TapLandForMana']
[17:46:28] P1 priority action types at escape scan: ['ActivateAbility', 'PassPriority', 'TapLandForMana']
[17:46:29] P1 priority action types at escape scan: ['ActivateAbility', 'PassPriority', 'TapLandForMana']
[17:46:29] P1 priority action types at escape scan: ['ActivateAbility', 'PassPriority', 'TapLandForMana']
[17:46:30] P1 priority action types at escape scan: ['ActivateAbility', 'PassPriority', 'TapLandForMana']
[17:46:30] P1 priority action types at escape scan: ['ActivateAbility', 'PassPriority', 'TapLandForMana']
[17:46:31] P1 priority action types at escape scan: ['ActivateAbility', 'PassPriority', 'TapLandForMana']
[17:46:31] [P0] discarding to hand size via vi (select): picks=['6GJAKU.0.223.s2']
[17:46:31] P1 priority action types at escape scan: ['ActivateAbility', 'PassPriority', 'TapLandForMana']
[17:46:31] P1 priority action types at escape scan: ['ActivateAbility', 'PassPriority', 'TapLandForMana']
[17:46:32] P1 priority action types at escape scan: ['ActivateAbility', 'CastSpell', 'PassPriority', 'PlayLand', 'TapLandForMana']
[17:46:32] P1 priority action types at escape scan: ['ActivateAbility', 'PassPriority', 'TapLandForMana']
[17:46:33] P1 priority action types at escape scan: ['ActivateAbility', 'PassPriority', 'TapLandForMana']
[17:46:34] P1 priority action types at escape scan: ['ActivateAbility', 'CastSpell', 'PassPriority', 'PlayLand', 'TapLandForMana']
[17:46:34] P1 priority action types at escape scan: ['ActivateAbility', 'PassPriority', 'TapLandForMana']
[17:46:34] [P1] discarding to hand size via vi (select): picks=['6GJAKU.0.239.s2']
[17:46:35] P1 priority action types at escape scan: ['ActivateAbility', 'PassPriority', 'TapLandForMana']
[17:46:35] P1 priority action types at escape scan: ['ActivateAbility', 'PassPriority', 'TapLandForMana']
[17:46:36] P1 priority action types at escape scan: ['ActivateAbility', 'PassPriority', 'TapLandForMana']
[17:46:36] P1 priority action types at escape scan: ['ActivateAbility', 'PassPriority', 'TapLandForMana']
[17:46:37] P1 priority action types at escape scan: ['ActivateAbility', 'PassPriority', 'TapLandForMana']
[17:46:37] P1 priority action types at escape scan: ['ActivateAbility', 'PassPriority', 'TapLandForMana']
[17:46:38] P1 priority action types at escape scan: ['ActivateAbility', 'PassPriority', 'TapLandForMana']
[17:46:38] [P0] discarding to hand size via vi (select): picks=['6GJAKU.0.254.s2']
[17:46:38] P1 priority action types at escape scan: ['ActivateAbility', 'PassPriority', 'TapLandForMana']
[17:46:38] P1 priority action types at escape scan: ['ActivateAbility', 'PassPriority', 'TapLandForMana']
[17:46:39] P1 priority action types at escape scan: ['ActivateAbility', 'CastSpell', 'PassPriority', 'PlayLand', 'TapLandForMana']
[17:46:41] P1 priority action types at escape scan: ['ActivateAbility', 'PassPriority', 'TapLandForMana']
[17:46:41] P1 priority action types at escape scan: ['ActivateAbility', 'PassPriority', 'TapLandForMana']
[17:46:42] P1 priority action types at escape scan: ['ActivateAbility', 'CastSpell', 'PassPriority', 'PlayLand', 'TapLandForMana']
[17:46:42] P1 priority action types at escape scan: ['ActivateAbility', 'PassPriority', 'TapLandForMana']
[17:46:43] [P1] discarding to hand size via vi (select): picks=['6GJAKU.0.270.s2']
[17:46:43] P1 priority action types at escape scan: ['ActivateAbility', 'PassPriority', 'TapLandForMana']
[17:46:43] P1 priority action types at escape scan: ['ActivateAbility', 'PassPriority', 'TapLandForMana']
[17:46:44] P1 priority action types at escape scan: ['ActivateAbility', 'PassPriority', 'TapLandForMana']
[17:46:44] P1 priority action types at escape scan: ['ActivateAbility', 'PassPriority', 'TapLandForMana']
[17:46:45] P1 priority action types at escape scan: ['ActivateAbility', 'PassPriority', 'TapLandForMana']
[17:46:46] P1 priority action types at escape scan: ['ActivateAbility', 'PassPriority', 'TapLandForMana']
[17:46:46] P1 priority action types at escape scan: ['ActivateAbility', 'PassPriority', 'TapLandForMana']
[17:46:46] [P0] discarding to hand size via vi (select): picks=['6GJAKU.0.285.s2']
[17:46:47] P1 priority action types at escape scan: ['ActivateAbility', 'PassPriority', 'TapLandForMana']
[17:46:47] P1 priority action types at escape scan: ['ActivateAbility', 'PassPriority', 'TapLandForMana']
[17:46:48] P1 priority action types at escape scan: ['ActivateAbility', 'CastSpell', 'PassPriority', 'PlayLand', 'TapLandForMana']
[17:46:48] P1 priority action types at escape scan: ['ActivateAbility', 'PassPriority', 'TapLandForMana']
[17:46:49] P1 priority action types at escape scan: ['ActivateAbility', 'PassPriority', 'TapLandForMana']
[17:46:49] P1 priority action types at escape scan: ['ActivateAbility', 'CastSpell', 'PassPriority', 'PlayLand', 'TapLandForMana']
[17:46:50] P1 priority action types at escape scan: ['ActivateAbility', 'PassPriority', 'TapLandForMana']
[17:46:50] [P1] discarding to hand size via vi (select): picks=['6GJAKU.0.301.s5']
[17:46:51] P1 priority action types at escape scan: ['ActivateAbility', 'PassPriority', 'TapLandForMana']
[17:46:51] P1 priority action types at escape scan: ['ActivateAbility', 'PassPriority', 'TapLandForMana']
[17:46:52] P1 priority action types at escape scan: ['ActivateAbility', 'PassPriority', 'TapLandForMana']
[17:46:52] P1 priority action types at escape scan: ['ActivateAbility', 'PassPriority', 'TapLandForMana']
[17:46:53] P1 priority action types at escape scan: ['ActivateAbility', 'PassPriority', 'TapLandForMana']
[17:46:53] P1 priority action types at escape scan: ['ActivateAbility', 'PassPriority', 'TapLandForMana']
[17:46:54] P1 priority action types at escape scan: ['ActivateAbility', 'PassPriority', 'TapLandForMana']
[17:46:54] [P0] discarding to hand size via vi (select): picks=['6GJAKU.0.316.s2']
[17:46:54] P1 priority action types at escape scan: ['ActivateAbility', 'PassPriority', 'TapLandForMana']
[17:46:55] P1 priority action types at escape scan: ['ActivateAbility', 'PassPriority', 'TapLandForMana']
[17:46:55] P1 priority action types at escape scan: ['ActivateAbility', 'CastSpell', 'PassPriority', 'PlayLand', 'TapLandForMana']
[17:46:56] P1 priority action types at escape scan: ['ActivateAbility', 'PassPriority', 'TapLandForMana']
[17:46:57] P1 priority action types at escape scan: ['ActivateAbility', 'PassPriority', 'TapLandForMana']
[17:46:57] P1 priority action types at escape scan: ['ActivateAbility', 'CastSpell', 'PassPriority', 'PlayLand', 'TapLandForMana']
[17:46:58] P1 priority action types at escape scan: ['ActivateAbility', 'PassPriority', 'TapLandForMana']
[17:46:58] [P1] discarding to hand size via vi (select): picks=['6GJAKU.0.332.s5']
[17:46:59] P1 priority action types at escape scan: ['ActivateAbility', 'PassPriority', 'TapLandForMana']
[17:46:59] P1 priority action types at escape scan: ['ActivateAbility', 'PassPriority', 'TapLandForMana']
[17:47:00] P1 priority action types at escape scan: ['ActivateAbility', 'PassPriority', 'TapLandForMana']
[17:47:01] P1 priority action types at escape scan: ['ActivateAbility', 'PassPriority', 'TapLandForMana']
[17:47:01] P1 priority action types at escape scan: ['ActivateAbility', 'PassPriority', 'TapLandForMana']
[17:47:02] P1 priority action types at escape scan: ['ActivateAbility', 'PassPriority', 'TapLandForMana']
[17:47:02] P1 priority action types at escape scan: ['ActivateAbility', 'PassPriority', 'TapLandForMana']
[17:47:02] [P0] discarding to hand size via vi (select): picks=['6GJAKU.0.347.s3']
[17:47:03] P1 priority action types at escape scan: ['ActivateAbility', 'PassPriority', 'TapLandForMana']
[17:47:03] P1 priority action types at escape scan: ['ActivateAbility', 'PassPriority', 'TapLandForMana']
[17:47:04] P1 priority action types at escape scan: ['ActivateAbility', 'CastSpell', 'PassPriority', 'PlayLand', 'TapLandForMana']
[17:47:04] P1 priority action types at escape scan: ['ActivateAbility', 'PassPriority', 'TapLandForMana']
[17:47:05] P1 priority action types at escape scan: ['ActivateAbility', 'PassPriority', 'TapLandForMana']
[17:47:06] P1 priority action types at escape scan: ['ActivateAbility', 'CastSpell', 'PassPriority', 'PlayLand', 'TapLandForMana']
[17:47:06] P1 priority action types at escape scan: ['ActivateAbility', 'PassPriority', 'TapLandForMana']
[17:47:06] [P1] discarding to hand size via vi (select): picks=['6GJAKU.0.363.s5']
[17:47:07] P1 priority action types at escape scan: ['ActivateAbility', 'PassPriority', 'TapLandForMana']
[17:47:07] P1 priority action types at escape scan: ['ActivateAbility', 'PassPriority', 'TapLandForMana']
[17:47:09] P1 priority action types at escape scan: ['ActivateAbility', 'PassPriority', 'TapLandForMana']
[17:47:09] P1 priority action types at escape scan: ['ActivateAbility', 'PassPriority', 'TapLandForMana']
[17:47:10] P1 priority action types at escape scan: ['ActivateAbility', 'PassPriority', 'TapLandForMana']
[17:47:10] P1 priority action types at escape scan: ['ActivateAbility', 'PassPriority', 'TapLandForMana']
[17:47:11] P1 priority action types at escape scan: ['ActivateAbility', 'PassPriority', 'TapLandForMana']
[17:47:11] [P0] discarding to hand size via vi (select): picks=['6GJAKU.0.378.s4']
[17:47:11] P1 priority action types at escape scan: ['ActivateAbility', 'PassPriority', 'TapLandForMana']
[17:47:13] P1 priority action types at escape scan: ['ActivateAbility', 'PassPriority', 'TapLandForMana']
[17:47:14] P1 priority action types at escape scan: ['ActivateAbility', 'CastSpell', 'PassPriority', 'PlayLand', 'TapLandForMana']
[17:47:14] P1 priority action types at escape scan: ['ActivateAbility', 'PassPriority', 'TapLandForMana']
[17:47:15] P1 priority action types at escape scan: ['ActivateAbility', 'PassPriority', 'TapLandForMana']
[17:47:15] P1 priority action types at escape scan: ['ActivateAbility', 'CastSpell', 'PassPriority', 'PlayLand', 'TapLandForMana']
[17:47:16] P1 priority action types at escape scan: ['ActivateAbility', 'PassPriority', 'TapLandForMana']
[17:47:16] [P1] discarding to hand size via vi (select): picks=['6GJAKU.0.394.s7']
[17:47:17] P1 priority action types at escape scan: ['ActivateAbility', 'PassPriority', 'TapLandForMana']
[17:47:17] P1 priority action types at escape scan: ['ActivateAbility', 'PassPriority', 'TapLandForMana']
[17:47:18] P1 priority action types at escape scan: ['ActivateAbility', 'PassPriority', 'TapLandForMana']
[17:47:18] P1 priority action types at escape scan: ['ActivateAbility', 'PassPriority', 'TapLandForMana']
[17:47:19] P1 priority action types at escape scan: ['ActivateAbility', 'PassPriority', 'TapLandForMana']
[17:47:21] P1 priority action types at escape scan: ['ActivateAbility', 'PassPriority', 'TapLandForMana']
[17:47:21] P1 priority action types at escape scan: ['ActivateAbility', 'PassPriority', 'TapLandForMana']
[17:47:21] [P0] discarding to hand size via vi (select): picks=['6GJAKU.0.409.s5']
[17:47:22] P1 priority action types at escape scan: ['ActivateAbility', 'PassPriority', 'TapLandForMana']
[17:47:22] P1 priority action types at escape scan: ['ActivateAbility', 'PassPriority', 'TapLandForMana']
[17:47:24] P1 priority action types at escape scan: ['ActivateAbility', 'CastSpell', 'PassPriority', 'PlayLand', 'TapLandForMana']
[17:47:25] P1 priority action types at escape scan: ['ActivateAbility', 'PassPriority', 'TapLandForMana']
[17:47:25] P1 priority action types at escape scan: ['ActivateAbility', 'PassPriority', 'TapLandForMana']
[17:47:27] P1 priority action types at escape scan: ['ActivateAbility', 'CastSpell', 'PassPriority', 'PlayLand', 'TapLandForMana']
[17:47:29] P1 priority action types at escape scan: ['ActivateAbility', 'PassPriority', 'TapLandForMana']
[17:47:30] [P1] discarding to hand size via vi (select): picks=['6GJAKU.0.425.s7']
[17:47:30] P1 priority action types at escape scan: ['ActivateAbility', 'PassPriority', 'TapLandForMana']
[17:47:31] P1 priority action types at escape scan: ['ActivateAbility', 'PassPriority', 'TapLandForMana']
[17:47:32] P1 priority action types at escape scan: ['ActivateAbility', 'PassPriority', 'TapLandForMana']
[17:47:32] P1 priority action types at escape scan: ['ActivateAbility', 'PassPriority', 'TapLandForMana']
[17:47:33] P1 priority action types at escape scan: ['ActivateAbility', 'PassPriority', 'TapLandForMana']
[17:47:35] P1 priority action types at escape scan: ['ActivateAbility', 'PassPriority', 'TapLandForMana']
[17:47:35] P1 priority action types at escape scan: ['ActivateAbility', 'PassPriority', 'TapLandForMana']
[17:47:36] [P0] discarding to hand size via vi (select): picks=['6GJAKU.0.440.s5']
[17:47:36] P1 priority action types at escape scan: ['ActivateAbility', 'PassPriority', 'TapLandForMana']
[17:47:36] P1 priority action types at escape scan: ['ActivateAbility', 'PassPriority', 'TapLandForMana']
[17:47:37] P1 priority action types at escape scan: ['ActivateAbility', 'CastSpell', 'PassPriority', 'PlayLand', 'TapLandForMana']
[17:47:38] P1 priority action types at escape scan: ['ActivateAbility', 'PassPriority', 'TapLandForMana']
[17:47:39] P1 priority action types at escape scan: ['ActivateAbility', 'PassPriority', 'TapLandForMana']
[17:47:41] P1 priority action types at escape scan: ['ActivateAbility', 'CastSpell', 'PassPriority', 'PlayLand', 'TapLandForMana']
[17:47:43] P1 priority action types at escape scan: ['ActivateAbility', 'PassPriority', 'TapLandForMana']
[17:47:45] [P1] discarding to hand size via vi (select): picks=['6GJAKU.0.456.s7']
[17:47:45] P1 priority action types at escape scan: ['ActivateAbility', 'PassPriority', 'TapLandForMana']
[17:47:46] P1 priority action types at escape scan: ['ActivateAbility', 'PassPriority', 'TapLandForMana']
[17:47:47] P1 priority action types at escape scan: ['ActivateAbility', 'PassPriority', 'TapLandForMana']
[17:47:48] P1 priority action types at escape scan: ['ActivateAbility', 'PassPriority', 'TapLandForMana']
[17:47:48] P1 priority action types at escape scan: ['ActivateAbility', 'PassPriority', 'TapLandForMana']
[17:47:50] P1 priority action types at escape scan: ['ActivateAbility', 'PassPriority', 'TapLandForMana']
[17:47:50] P1 priority action types at escape scan: ['ActivateAbility', 'PassPriority', 'TapLandForMana']
[17:47:51] [P0] discarding to hand size via vi (select): picks=['6GJAKU.0.471.s5']
[17:47:51] P1 priority action types at escape scan: ['ActivateAbility', 'PassPriority', 'TapLandForMana']
[17:47:51] P1 priority action types at escape scan: ['ActivateAbility', 'PassPriority', 'TapLandForMana']
[17:47:52] P1 priority action types at escape scan: ['ActivateAbility', 'CastSpell', 'PassPriority', 'TapLandForMana']
[17:47:53] P1 priority action types at escape scan: ['ActivateAbility', 'PassPriority', 'TapLandForMana']
[17:47:54] P1 priority action types at escape scan: ['ActivateAbility', 'PassPriority', 'TapLandForMana']
[17:47:55] P1 priority action types at escape scan: ['ActivateAbility', 'CastSpell', 'PassPriority', 'TapLandForMana']
[17:47:55] P1 priority action types at escape scan: ['ActivateAbility', 'PassPriority', 'TapLandForMana']
[17:47:56] [P1] discarding to hand size via vi (select): picks=['6GJAKU.0.487.s0']
[17:47:56] P1 priority action types at escape scan: ['ActivateAbility', 'PassPriority', 'TapLandForMana']
[17:47:57] P1 priority action types at escape scan: ['ActivateAbility', 'PassPriority', 'TapLandForMana']
[17:47:58] P1 priority action types at escape scan: ['ActivateAbility', 'PassPriority', 'TapLandForMana']
[17:47:59] P1 priority action types at escape scan: ['ActivateAbility', 'PassPriority', 'TapLandForMana']
[17:47:59] P1 priority action types at escape scan: ['ActivateAbility', 'PassPriority', 'TapLandForMana']
[17:48:00] P1 priority action types at escape scan: ['ActivateAbility', 'PassPriority', 'TapLandForMana']
[17:48:01] P1 priority action types at escape scan: ['ActivateAbility', 'PassPriority', 'TapLandForMana']
[17:48:01] [P0] discarding to hand size via vi (select): picks=['6GJAKU.0.502.s6']
[17:48:01] P1 priority action types at escape scan: ['ActivateAbility', 'PassPriority', 'TapLandForMana']
[17:48:02] P1 priority action types at escape scan: ['ActivateAbility', 'PassPriority', 'TapLandForMana']
[17:48:03] P1 priority action types at escape scan: ['ActivateAbility', 'CastSpell', 'PassPriority', 'TapLandForMana']
[17:48:04] P1 priority action types at escape scan: ['ActivateAbility', 'PassPriority', 'TapLandForMana']
[17:48:04] P1 priority action types at escape scan: ['ActivateAbility', 'PassPriority', 'TapLandForMana']
[17:48:06] P1 priority action types at escape scan: ['ActivateAbility', 'CastSpell', 'PassPriority', 'TapLandForMana']
[17:48:06] P1 priority action types at escape scan: ['ActivateAbility', 'PassPriority', 'TapLandForMana']
[17:48:07] [P1] discarding to hand size via vi (select): picks=['6GJAKU.0.518.s0']
[17:48:09] P1 priority action types at escape scan: ['ActivateAbility', 'PassPriority', 'TapLandForMana']
[17:48:09] P1 priority action types at escape scan: ['ActivateAbility', 'PassPriority', 'TapLandForMana']
[17:48:11] P1 priority action types at escape scan: ['ActivateAbility', 'PassPriority', 'TapLandForMana']
[17:48:11] P1 priority action types at escape scan: ['ActivateAbility', 'PassPriority', 'TapLandForMana']
[17:48:12] P1 priority action types at escape scan: ['ActivateAbility', 'PassPriority', 'TapLandForMana']
[17:48:13] P1 priority action types at escape scan: ['ActivateAbility', 'PassPriority', 'TapLandForMana']
[17:48:13] P1 priority action types at escape scan: ['ActivateAbility', 'PassPriority', 'TapLandForMana']
[17:48:14] [P0] discarding to hand size via vi (select): picks=['6GJAKU.0.533.s7']
[17:48:14] P1 priority action types at escape scan: ['ActivateAbility', 'PassPriority', 'TapLandForMana']
[17:48:14] P1 priority action types at escape scan: ['ActivateAbility', 'PassPriority', 'TapLandForMana']
[17:48:16] P1 priority action types at escape scan: ['ActivateAbility', 'CastSpell', 'PassPriority', 'TapLandForMana']
[17:48:16] P1 priority action types at escape scan: ['ActivateAbility', 'PassPriority', 'TapLandForMana']
[17:48:17] P1 priority action types at escape scan: ['ActivateAbility', 'PassPriority', 'TapLandForMana']
[17:48:18] P1 priority action types at escape scan: ['ActivateAbility', 'CastSpell', 'PassPriority', 'TapLandForMana']
[17:48:19] P1 priority action types at escape scan: ['ActivateAbility', 'PassPriority', 'TapLandForMana']
[17:48:20] [P1] discarding to hand size via vi (select): picks=['6GJAKU.0.549.s0']
[17:48:23] P1 priority action types at escape scan: ['ActivateAbility', 'PassPriority', 'TapLandForMana']
[17:48:29] P1 priority action types at escape scan: ['ActivateAbility', 'PassPriority', 'TapLandForMana']
[17:48:30] P1 priority action types at escape scan: ['ActivateAbility', 'PassPriority', 'TapLandForMana']
[17:48:31] P1 priority action types at escape scan: ['ActivateAbility', 'PassPriority', 'TapLandForMana']
[17:48:31] P1 priority action types at escape scan: ['ActivateAbility', 'PassPriority', 'TapLandForMana']
[17:48:32] P1 priority action types at escape scan: ['ActivateAbility', 'PassPriority', 'TapLandForMana']
[17:48:33] P1 priority action types at escape scan: ['ActivateAbility', 'PassPriority', 'TapLandForMana']
[17:48:33] [P0] discarding to hand size via vi (select): picks=['6GJAKU.0.564.s0']
[17:48:33] P1 priority action types at escape scan: ['ActivateAbility', 'PassPriority', 'TapLandForMana']
[17:48:34] P1 priority action types at escape scan: ['ActivateAbility', 'PassPriority', 'TapLandForMana']
[17:48:35] P1 priority action types at escape scan: ['ActivateAbility', 'CastSpell', 'PassPriority', 'PlayLand', 'TapLandForMana']
[17:48:36] P1 priority action types at escape scan: ['ActivateAbility', 'PassPriority', 'TapLandForMana']
[17:48:37] P1 priority action types at escape scan: ['ActivateAbility', 'PassPriority', 'TapLandForMana']
[17:48:38] P1 priority action types at escape scan: ['ActivateAbility', 'CastSpell', 'PassPriority', 'PlayLand', 'TapLandForMana']
[17:48:38] P1 priority action types at escape scan: ['ActivateAbility', 'PassPriority', 'TapLandForMana']
[17:48:39] [P1] discarding to hand size via vi (select): picks=['6GJAKU.0.580.s7']
[17:48:40] P1 priority action types at escape scan: ['ActivateAbility', 'PassPriority', 'TapLandForMana']
[17:48:40] P1 priority action types at escape scan: ['ActivateAbility', 'PassPriority', 'TapLandForMana']
[17:48:41] P1 priority action types at escape scan: ['ActivateAbility', 'PassPriority', 'TapLandForMana']
[17:48:42] P1 priority action types at escape scan: ['ActivateAbility', 'PassPriority', 'TapLandForMana']
[17:48:42] P1 priority action types at escape scan: ['ActivateAbility', 'PassPriority', 'TapLandForMana']
[17:48:43] P1 priority action types at escape scan: ['ActivateAbility', 'PassPriority', 'TapLandForMana']
[17:48:44] P1 priority action types at escape scan: ['ActivateAbility', 'PassPriority', 'TapLandForMana']
[17:48:44] [P0] discarding to hand size via vi (select): picks=['6GJAKU.0.595.s0']
[17:48:44] P1 priority action types at escape scan: ['ActivateAbility', 'PassPriority', 'TapLandForMana']
[17:48:45] P1 priority action types at escape scan: ['ActivateAbility', 'PassPriority', 'TapLandForMana']
[17:48:46] P1 priority action types at escape scan: ['ActivateAbility', 'CastSpell', 'PassPriority', 'TapLandForMana']
[17:48:47] P1 priority action types at escape scan: ['ActivateAbility', 'PassPriority', 'TapLandForMana']
[17:48:48] P1 priority action types at escape scan: ['ActivateAbility', 'PassPriority', 'TapLandForMana']
[17:48:49] P1 priority action types at escape scan: ['ActivateAbility', 'CastSpell', 'PassPriority', 'TapLandForMana']
[17:48:50] P1 priority action types at escape scan: ['ActivateAbility', 'PassPriority', 'TapLandForMana']
[17:48:50] [P1] discarding to hand size via vi (select): picks=['6GJAKU.0.611.s0']
[17:48:51] P1 priority action types at escape scan: ['ActivateAbility', 'PassPriority', 'TapLandForMana']
[17:48:51] P1 priority action types at escape scan: ['ActivateAbility', 'PassPriority', 'TapLandForMana']
[17:48:52] P1 priority action types at escape scan: ['ActivateAbility', 'PassPriority', 'TapLandForMana']
[17:48:53] P1 priority action types at escape scan: ['ActivateAbility', 'PassPriority', 'TapLandForMana']
[17:48:54] P1 priority action types at escape scan: ['ActivateAbility', 'PassPriority', 'TapLandForMana']
[17:48:55] P1 priority action types at escape scan: ['ActivateAbility', 'PassPriority', 'TapLandForMana']
[17:48:55] P1 priority action types at escape scan: ['ActivateAbility', 'PassPriority', 'TapLandForMana']
[17:48:56] [P0] discarding to hand size via vi (select): picks=['6GJAKU.0.626.s7']
[17:48:56] P1 priority action types at escape scan: ['ActivateAbility', 'PassPriority', 'TapLandForMana']
[17:48:56] P1 priority action types at escape scan: ['ActivateAbility', 'PassPriority', 'TapLandForMana']
[17:48:58] P1 priority action types at escape scan: ['ActivateAbility', 'CastSpell', 'PassPriority', 'PlayLand', 'TapLandForMana']
[17:48:59] P1 priority action types at escape scan: ['ActivateAbility', 'PassPriority', 'TapLandForMana']
[17:49:00] P1 priority action types at escape scan: ['ActivateAbility', 'PassPriority', 'TapLandForMana']
[17:49:01] P1 priority action types at escape scan: ['ActivateAbility', 'CastSpell', 'PassPriority', 'PlayLand', 'TapLandForMana']
[17:49:02] P1 priority action types at escape scan: ['ActivateAbility', 'PassPriority', 'TapLandForMana']
[17:49:02] [P1] discarding to hand size via vi (select): picks=['6GJAKU.0.642.s7']
[17:49:03] P1 priority action types at escape scan: ['ActivateAbility', 'PassPriority', 'TapLandForMana']
[17:49:04] P1 priority action types at escape scan: ['ActivateAbility', 'PassPriority', 'TapLandForMana']
[17:49:05] P1 priority action types at escape scan: ['ActivateAbility', 'PassPriority', 'TapLandForMana']
[17:49:05] P1 priority action types at escape scan: ['ActivateAbility', 'PassPriority', 'TapLandForMana']
[17:49:06] P1 priority action types at escape scan: ['ActivateAbility', 'PassPriority', 'TapLandForMana']
[17:49:07] P1 priority action types at escape scan: ['ActivateAbility', 'PassPriority', 'TapLandForMana']
[17:49:07] P1 priority action types at escape scan: ['ActivateAbility', 'PassPriority', 'TapLandForMana']
[17:49:08] [P0] discarding to hand size via vi (select): picks=['6GJAKU.0.657.s1']
[17:49:08] P1 priority action types at escape scan: ['ActivateAbility', 'PassPriority', 'TapLandForMana']
[17:49:08] P1 priority action types at escape scan: ['ActivateAbility', 'PassPriority', 'TapLandForMana']
[17:49:10] P1 priority action types at escape scan: ['ActivateAbility', 'CastSpell', 'PassPriority', 'PlayLand', 'TapLandForMana']
[17:49:10] P1 priority action types at escape scan: ['ActivateAbility', 'PassPriority', 'TapLandForMana']
[17:49:11] P1 priority action types at escape scan: ['ActivateAbility', 'PassPriority', 'TapLandForMana']
[17:49:12] P1 priority action types at escape scan: ['ActivateAbility', 'CastSpell', 'PassPriority', 'PlayLand', 'TapLandForMana']
[17:49:13] P1 priority action types at escape scan: ['ActivateAbility', 'PassPriority', 'TapLandForMana']
[17:49:13] [P1] discarding to hand size via vi (select): picks=['6GJAKU.0.673.s7']
[17:49:15] P1 priority action types at escape scan: ['ActivateAbility', 'PassPriority', 'TapLandForMana']
[17:49:16] P1 priority action types at escape scan: ['ActivateAbility', 'PassPriority', 'TapLandForMana']
[17:49:17] P1 priority action types at escape scan: ['ActivateAbility', 'PassPriority', 'TapLandForMana']
[17:49:18] P1 priority action types at escape scan: ['ActivateAbility', 'PassPriority', 'TapLandForMana']
[17:49:18] P1 priority action types at escape scan: ['ActivateAbility', 'PassPriority', 'TapLandForMana']
[17:49:19] P1 priority action types at escape scan: ['ActivateAbility', 'PassPriority', 'TapLandForMana']
[17:49:20] P1 priority action types at escape scan: ['ActivateAbility', 'PassPriority', 'TapLandForMana']
[17:49:20] [P0] discarding to hand size via vi (select): picks=['6GJAKU.0.688.s7']
[17:49:20] P1 priority action types at escape scan: ['ActivateAbility', 'PassPriority', 'TapLandForMana']
[17:49:21] P1 priority action types at escape scan: ['ActivateAbility', 'PassPriority', 'TapLandForMana']
[17:49:22] P1 priority action types at escape scan: ['ActivateAbility', 'CastSpell', 'PassPriority', 'PlayLand', 'TapLandForMana']
[17:49:23] P1 priority action types at escape scan: ['ActivateAbility', 'PassPriority', 'TapLandForMana']
[17:49:23] P1 priority action types at escape scan: ['ActivateAbility', 'PassPriority', 'TapLandForMana']
[17:49:25] P1 priority action types at escape scan: ['ActivateAbility', 'CastSpell', 'PassPriority', 'PlayLand', 'TapLandForMana']
[17:49:25] P1 priority action types at escape scan: ['ActivateAbility', 'PassPriority', 'TapLandForMana']
[17:49:26] [P1] discarding to hand size via vi (select): picks=['6GJAKU.0.704.s7']
[17:49:27] P1 priority action types at escape scan: ['ActivateAbility', 'PassPriority', 'TapLandForMana']
[17:49:27] P1 priority action types at escape scan: ['ActivateAbility', 'PassPriority', 'TapLandForMana']
[17:49:29] P1 priority action types at escape scan: ['ActivateAbility', 'PassPriority', 'TapLandForMana']
[17:49:31] P1 priority action types at escape scan: ['ActivateAbility', 'PassPriority', 'TapLandForMana']
[17:49:32] P1 priority action types at escape scan: ['ActivateAbility', 'PassPriority', 'TapLandForMana']
[17:49:33] P1 priority action types at escape scan: ['ActivateAbility', 'PassPriority', 'TapLandForMana']
[17:49:33] P1 priority action types at escape scan: ['ActivateAbility', 'PassPriority', 'TapLandForMana']
[17:49:34] [P0] discarding to hand size via vi (select): picks=['6GJAKU.0.719.s7']
[17:49:34] P1 priority action types at escape scan: ['ActivateAbility', 'PassPriority', 'TapLandForMana']
[17:49:35] P1 priority action types at escape scan: ['ActivateAbility', 'PassPriority', 'TapLandForMana']
[17:49:36] P1 priority action types at escape scan: ['ActivateAbility', 'CastSpell', 'PassPriority', 'PlayLand', 'TapLandForMana']
[17:49:36] P1 priority action types at escape scan: ['ActivateAbility', 'PassPriority', 'TapLandForMana']
[17:49:37] P1 priority action types at escape scan: ['ActivateAbility', 'PassPriority', 'TapLandForMana']
[17:49:39] P1 priority action types at escape scan: ['ActivateAbility', 'CastSpell', 'PassPriority', 'PlayLand', 'TapLandForMana']
[17:49:40] P1 priority action types at escape scan: ['ActivateAbility', 'PassPriority', 'TapLandForMana']
[17:49:40] [P1] discarding to hand size via vi (select): picks=['6GJAKU.0.735.s7']
[17:49:41] P1 priority action types at escape scan: ['ActivateAbility', 'PassPriority', 'TapLandForMana']
[17:49:42] P1 priority action types at escape scan: ['ActivateAbility', 'PassPriority', 'TapLandForMana']
[17:49:43] P1 priority action types at escape scan: ['ActivateAbility', 'PassPriority', 'TapLandForMana']
[17:49:44] P1 priority action types at escape scan: ['ActivateAbility', 'PassPriority', 'TapLandForMana']
[17:49:44] P1 priority action types at escape scan: ['ActivateAbility', 'PassPriority', 'TapLandForMana']
[17:49:45] P1 priority action types at escape scan: ['ActivateAbility', 'PassPriority', 'TapLandForMana']
[17:49:46] P1 priority action types at escape scan: ['ActivateAbility', 'PassPriority', 'TapLandForMana']
[17:49:46] [P0] discarding to hand size via vi (select): picks=['6GJAKU.0.750.s7']
[17:49:47] P1 priority action types at escape scan: ['ActivateAbility', 'PassPriority', 'TapLandForMana']
[17:49:47] P1 priority action types at escape scan: ['ActivateAbility', 'PassPriority', 'TapLandForMana']
[17:49:49] P1 priority action types at escape scan: ['ActivateAbility', 'CastSpell', 'PassPriority', 'TapLandForMana']
[17:49:50] P1 priority action types at escape scan: ['ActivateAbility', 'PassPriority', 'TapLandForMana']
[17:49:50] P1 priority action types at escape scan: ['ActivateAbility', 'PassPriority', 'TapLandForMana']
[17:49:52] P1 priority action types at escape scan: ['ActivateAbility', 'CastSpell', 'PassPriority', 'TapLandForMana']
[17:49:53] P1 priority action types at escape scan: ['ActivateAbility', 'PassPriority', 'TapLandForMana']
[17:49:54] [P1] discarding to hand size via vi (select): picks=['6GJAKU.0.766.s0']
[17:49:54] P1 priority action types at escape scan: ['ActivateAbility', 'PassPriority', 'TapLandForMana']
[17:49:55] P1 priority action types at escape scan: ['ActivateAbility', 'PassPriority', 'TapLandForMana']
[17:49:56] P1 priority action types at escape scan: ['ActivateAbility', 'PassPriority', 'TapLandForMana']
[17:49:57] P1 priority action types at escape scan: ['ActivateAbility', 'PassPriority', 'TapLandForMana']
[17:49:58] P1 priority action types at escape scan: ['ActivateAbility', 'PassPriority', 'TapLandForMana']
[17:49:59] P1 priority action types at escape scan: ['ActivateAbility', 'PassPriority', 'TapLandForMana']
[17:50:00] P1 priority action types at escape scan: ['ActivateAbility', 'PassPriority', 'TapLandForMana']
[17:50:00] [P0] discarding to hand size via vi (select): picks=['6GJAKU.0.781.s7']
[17:50:01] P1 priority action types at escape scan: ['ActivateAbility', 'PassPriority', 'TapLandForMana']
[17:50:01] P1 priority action types at escape scan: ['ActivateAbility', 'PassPriority', 'TapLandForMana']
[17:50:03] P1 priority action types at escape scan: ['ActivateAbility', 'CastSpell', 'PassPriority', 'PlayLand', 'TapLandForMana']
[17:50:03] P1 priority action types at escape scan: ['ActivateAbility', 'PassPriority', 'TapLandForMana']
[17:50:04] P1 priority action types at escape scan: ['ActivateAbility', 'PassPriority', 'TapLandForMana']
[17:50:06] P1 priority action types at escape scan: ['ActivateAbility', 'CastSpell', 'PassPriority', 'PlayLand', 'TapLandForMana']
[17:50:06] P1 priority action types at escape scan: ['ActivateAbility', 'PassPriority', 'TapLandForMana']
[17:50:07] [P1] discarding to hand size via vi (select): picks=['6GJAKU.0.797.s7']
[17:50:08] P1 priority action types at escape scan: ['ActivateAbility', 'PassPriority', 'TapLandForMana']
[17:50:08] P1 priority action types at escape scan: ['ActivateAbility', 'PassPriority', 'TapLandForMana']
[17:50:09] P1 priority action types at escape scan: ['ActivateAbility', 'PassPriority', 'TapLandForMana']
[17:50:10] P1 priority action types at escape scan: ['ActivateAbility', 'PassPriority', 'TapLandForMana']
[17:50:11] P1 priority action types at escape scan: ['ActivateAbility', 'PassPriority', 'TapLandForMana']
[17:50:12] P1 priority action types at escape scan: ['ActivateAbility', 'PassPriority', 'TapLandForMana']
[17:50:13] P1 priority action types at escape scan: ['ActivateAbility', 'PassPriority', 'TapLandForMana']
[17:50:13] [P0] discarding to hand size via vi (select): picks=['6GJAKU.0.812.s7']
[17:50:13] P1 priority action types at escape scan: ['ActivateAbility', 'PassPriority', 'TapLandForMana']
[17:50:14] P1 priority action types at escape scan: ['ActivateAbility', 'PassPriority', 'TapLandForMana']
[17:50:16] P1 priority action types at escape scan: ['ActivateAbility', 'CastSpell', 'PassPriority', 'PlayLand', 'TapLandForMana']
[17:50:16] P1 priority action types at escape scan: ['ActivateAbility', 'PassPriority', 'TapLandForMana']
[17:50:17] P1 priority action types at escape scan: ['ActivateAbility', 'PassPriority', 'TapLandForMana']
[17:50:19] P1 priority action types at escape scan: ['ActivateAbility', 'CastSpell', 'PassPriority', 'PlayLand', 'TapLandForMana']
[17:50:20] P1 priority action types at escape scan: ['ActivateAbility', 'PassPriority', 'TapLandForMana']
[17:50:20] [P1] discarding to hand size via vi (select): picks=['6GJAKU.0.828.s7']
[17:50:21] P1 priority action types at escape scan: ['ActivateAbility', 'PassPriority', 'TapLandForMana']
[17:50:22] P1 priority action types at escape scan: ['ActivateAbility', 'PassPriority', 'TapLandForMana']
[17:50:23] P1 priority action types at escape scan: ['ActivateAbility', 'PassPriority', 'TapLandForMana']
[17:50:24] P1 priority action types at escape scan: ['ActivateAbility', 'PassPriority', 'TapLandForMana']
[17:50:25] P1 priority action types at escape scan: ['ActivateAbility', 'PassPriority', 'TapLandForMana']
[17:50:26] P1 priority action types at escape scan: ['ActivateAbility', 'PassPriority', 'TapLandForMana']
[17:50:27] P1 priority action types at escape scan: ['ActivateAbility', 'PassPriority', 'TapLandForMana']
[17:50:27] [P0] discarding to hand size via vi (select): picks=['6GJAKU.0.843.s1']
[17:50:27] P1 priority action types at escape scan: ['ActivateAbility', 'PassPriority', 'TapLandForMana']
[17:50:28] P1 priority action types at escape scan: ['ActivateAbility', 'PassPriority', 'TapLandForMana']
[17:50:30] P1 priority action types at escape scan: ['ActivateAbility', 'CastSpell', 'PassPriority', 'TapLandForMana']
[17:50:31] P1 priority action types at escape scan: ['ActivateAbility', 'PassPriority', 'TapLandForMana']
[17:50:32] P1 priority action types at escape scan: ['ActivateAbility', 'PassPriority', 'TapLandForMana']
[17:50:33] P1 priority action types at escape scan: ['ActivateAbility', 'CastSpell', 'PassPriority', 'TapLandForMana']
[17:50:35] P1 priority action types at escape scan: ['ActivateAbility', 'PassPriority', 'TapLandForMana']
[17:50:36] [P1] discarding to hand size via vi (select): picks=['6GJAKU.0.859.s3']
[17:50:37] P1 priority action types at escape scan: ['ActivateAbility', 'PassPriority', 'TapLandForMana']
[17:50:38] P1 priority action types at escape scan: ['ActivateAbility', 'PassPriority', 'TapLandForMana']
[17:50:39] P1 priority action types at escape scan: ['ActivateAbility', 'PassPriority', 'TapLandForMana']
[17:50:40] P1 priority action types at escape scan: ['ActivateAbility', 'PassPriority', 'TapLandForMana']
[17:50:41] P1 priority action types at escape scan: ['ActivateAbility', 'PassPriority', 'TapLandForMana']
[17:50:42] P1 priority action types at escape scan: ['ActivateAbility', 'PassPriority', 'TapLandForMana']
[17:50:43] P1 priority action types at escape scan: ['ActivateAbility', 'PassPriority', 'TapLandForMana']
[17:50:43] [P0] discarding to hand size via vi (select): picks=['6GJAKU.0.874.s1']
[17:50:43] P1 priority action types at escape scan: ['ActivateAbility', 'PassPriority', 'TapLandForMana']
[17:50:44] P1 priority action types at escape scan: ['ActivateAbility', 'PassPriority', 'TapLandForMana']
[17:50:45] P1 priority action types at escape scan: ['ActivateAbility', 'CastSpell', 'PassPriority', 'PlayLand', 'TapLandForMana']
[17:50:46] P1 priority action types at escape scan: ['ActivateAbility', 'PassPriority', 'TapLandForMana']
[17:50:47] P1 priority action types at escape scan: ['ActivateAbility', 'PassPriority', 'TapLandForMana']
[17:50:48] P1 priority action types at escape scan: ['ActivateAbility', 'CastSpell', 'PassPriority', 'PlayLand', 'TapLandForMana']
[17:50:50] P1 priority action types at escape scan: ['ActivateAbility', 'PassPriority', 'TapLandForMana']
[17:50:51] [P1] discarding to hand size via vi (select): picks=['6GJAKU.0.890.s7']
[17:50:52] P1 priority action types at escape scan: ['ActivateAbility', 'PassPriority', 'TapLandForMana']
[17:50:52] P1 priority action types at escape scan: ['ActivateAbility', 'PassPriority', 'TapLandForMana']
[17:50:53] P1 priority action types at escape scan: ['ActivateAbility', 'PassPriority', 'TapLandForMana']
[17:50:54] P1 priority action types at escape scan: ['ActivateAbility', 'PassPriority', 'TapLandForMana']
[17:50:55] P1 priority action types at escape scan: ['ActivateAbility', 'PassPriority', 'TapLandForMana']
[17:50:56] P1 priority action types at escape scan: ['ActivateAbility', 'PassPriority', 'TapLandForMana']
[17:50:57] P1 priority action types at escape scan: ['ActivateAbility', 'PassPriority', 'TapLandForMana']
[17:50:57] [P0] discarding to hand size via vi (select): picks=['6GJAKU.0.905.s7']
[17:50:57] P1 priority action types at escape scan: ['ActivateAbility', 'PassPriority', 'TapLandForMana']
[17:50:58] P1 priority action types at escape scan: ['ActivateAbility', 'PassPriority', 'TapLandForMana']
[17:51:00] P1 priority action types at escape scan: ['ActivateAbility', 'CastSpell', 'PassPriority', 'PlayLand', 'TapLandForMana']
[17:51:01] P1 priority action types at escape scan: ['ActivateAbility', 'PassPriority', 'TapLandForMana']
[17:51:02] P1 priority action types at escape scan: ['ActivateAbility', 'PassPriority', 'TapLandForMana']
[17:51:03] P1 priority action types at escape scan: ['ActivateAbility', 'CastSpell', 'PassPriority', 'PlayLand', 'TapLandForMana']
[17:51:04] P1 priority action types at escape scan: ['ActivateAbility', 'PassPriority', 'TapLandForMana']
[17:51:05] [P1] discarding to hand size via vi (select): picks=['6GJAKU.0.921.s7']
[17:51:06] P1 priority action types at escape scan: ['ActivateAbility', 'PassPriority', 'TapLandForMana']
[17:51:06] P1 priority action types at escape scan: ['ActivateAbility', 'PassPriority', 'TapLandForMana']
[17:51:07] P1 priority action types at escape scan: ['ActivateAbility', 'PassPriority', 'TapLandForMana']
[17:51:08] P1 priority action types at escape scan: ['ActivateAbility', 'PassPriority', 'TapLandForMana']
[17:51:10] P1 priority action types at escape scan: ['ActivateAbility', 'PassPriority', 'TapLandForMana']
[17:51:11] P1 priority action types at escape scan: ['ActivateAbility', 'PassPriority', 'TapLandForMana']
[17:51:11] P1 priority action types at escape scan: ['ActivateAbility', 'PassPriority', 'TapLandForMana']
[17:51:12] [P0] discarding to hand size via vi (select): picks=['6GJAKU.0.936.s7']
[17:51:12] P1 priority action types at escape scan: ['ActivateAbility', 'PassPriority', 'TapLandForMana']
[17:51:13] P1 priority action types at escape scan: ['ActivateAbility', 'PassPriority', 'TapLandForMana']
[17:51:14] P1 priority action types at escape scan: ['ActivateAbility', 'CastSpell', 'PassPriority', 'PlayLand', 'TapLandForMana']
[17:51:15] P1 priority action types at escape scan: ['ActivateAbility', 'PassPriority', 'TapLandForMana']
[17:51:16] P1 priority action types at escape scan: ['ActivateAbility', 'PassPriority', 'TapLandForMana']
[17:51:17] P1 priority action types at escape scan: ['ActivateAbility', 'CastSpell', 'PassPriority', 'PlayLand', 'TapLandForMana']
[17:51:18] P1 priority action types at escape scan: ['ActivateAbility', 'PassPriority', 'TapLandForMana']
[17:51:19] [P1] discarding to hand size via vi (select): picks=['6GJAKU.0.952.s7']
[17:51:20] P1 priority action types at escape scan: ['ActivateAbility', 'PassPriority', 'TapLandForMana']
[17:51:21] P1 priority action types at escape scan: ['ActivateAbility', 'PassPriority', 'TapLandForMana']
[17:51:22] P1 priority action types at escape scan: ['ActivateAbility', 'PassPriority', 'TapLandForMana']
[17:51:23] P1 priority action types at escape scan: ['ActivateAbility', 'PassPriority', 'TapLandForMana']
[17:51:24] P1 priority action types at escape scan: ['ActivateAbility', 'PassPriority', 'TapLandForMana']
[17:51:25] P1 priority action types at escape scan: ['ActivateAbility', 'PassPriority', 'TapLandForMana']
[17:51:26] P1 priority action types at escape scan: ['ActivateAbility', 'PassPriority', 'TapLandForMana']
[17:51:26] [P0] discarding to hand size via vi (select): picks=['6GJAKU.0.967.s7']
[17:51:26] P1 priority action types at escape scan: ['ActivateAbility', 'PassPriority', 'TapLandForMana']
[17:51:27] P1 priority action types at escape scan: ['ActivateAbility', 'PassPriority', 'TapLandForMana']
[17:51:28] P1 priority action types at escape scan: ['ActivateAbility', 'CastSpell', 'PassPriority', 'PlayLand', 'TapLandForMana']
[17:51:30] P1 priority action types at escape scan: ['ActivateAbility', 'PassPriority', 'TapLandForMana']
[17:51:31] P1 priority action types at escape scan: ['ActivateAbility', 'PassPriority', 'TapLandForMana']
[17:51:33] P1 priority action types at escape scan: ['ActivateAbility', 'CastSpell', 'PassPriority', 'PlayLand', 'TapLandForMana']
[17:51:34] P1 priority action types at escape scan: ['ActivateAbility', 'PassPriority', 'TapLandForMana']
[17:51:35] [P1] discarding to hand size via vi (select): picks=['6GJAKU.0.983.s7']
[17:51:36] P1 priority action types at escape scan: ['ActivateAbility', 'PassPriority', 'TapLandForMana']
[17:51:37] P1 priority action types at escape scan: ['ActivateAbility', 'PassPriority', 'TapLandForMana']
[17:51:38] P1 priority action types at escape scan: ['ActivateAbility', 'PassPriority', 'TapLandForMana']
[17:51:40] P1 priority action types at escape scan: ['ActivateAbility', 'PassPriority', 'TapLandForMana']
[17:51:41] P1 priority action types at escape scan: ['ActivateAbility', 'PassPriority', 'TapLandForMana']
[17:51:42] P1 priority action types at escape scan: ['ActivateAbility', 'PassPriority', 'TapLandForMana']
[17:51:43] P1 priority action types at escape scan: ['ActivateAbility', 'PassPriority', 'TapLandForMana']
[17:51:44] [P0] discarding to hand size via vi (select): picks=['6GJAKU.0.998.s2']
[17:51:44] P1 priority action types at escape scan: ['ActivateAbility', 'PassPriority', 'TapLandForMana']
[17:51:45] P1 priority action types at escape scan: ['ActivateAbility', 'PassPriority', 'TapLandForMana']
[17:51:47] P1 priority action types at escape scan: ['ActivateAbility', 'CastSpell', 'PassPriority', 'TapLandForMana']
[17:51:48] P1 priority action types at escape scan: ['ActivateAbility', 'PassPriority', 'TapLandForMana']
[17:51:49] P1 priority action types at escape scan: ['ActivateAbility', 'PassPriority', 'TapLandForMana']
[17:51:51] P1 priority action types at escape scan: ['ActivateAbility', 'CastSpell', 'PassPriority', 'TapLandForMana']
[17:51:52] P1 priority action types at escape scan: ['ActivateAbility', 'PassPriority', 'TapLandForMana']
[17:51:53] [P1] discarding to hand size via vi (select): picks=['6GJAKU.0.1014.s4']
[17:51:54] P1 priority action types at escape scan: ['ActivateAbility', 'PassPriority', 'TapLandForMana']
[17:51:55] P1 priority action types at escape scan: ['ActivateAbility', 'PassPriority', 'TapLandForMana']
[17:51:57] P1 priority action types at escape scan: ['ActivateAbility', 'PassPriority', 'TapLandForMana']
[17:51:58] P1 priority action types at escape scan: ['ActivateAbility', 'PassPriority', 'TapLandForMana']
[17:51:59] P1 priority action types at escape scan: ['ActivateAbility', 'PassPriority', 'TapLandForMana']
[17:52:00] P1 priority action types at escape scan: ['ActivateAbility', 'PassPriority', 'TapLandForMana']
[17:52:01] P1 priority action types at escape scan: ['ActivateAbility', 'PassPriority', 'TapLandForMana']
[17:52:02] [P0] discarding to hand size via vi (select): picks=['6GJAKU.0.1029.s4']
[17:52:02] P1 priority action types at escape scan: ['ActivateAbility', 'PassPriority', 'TapLandForMana']
[17:52:03] P1 priority action types at escape scan: ['ActivateAbility', 'PassPriority', 'TapLandForMana']
[17:52:05] P1 priority action types at escape scan: ['ActivateAbility', 'CastSpell', 'PassPriority', 'TapLandForMana']
[17:52:06] P1 priority action types at escape scan: ['ActivateAbility', 'PassPriority', 'TapLandForMana']
[17:52:07] P1 priority action types at escape scan: ['ActivateAbility', 'PassPriority', 'TapLandForMana']
[17:52:09] P1 priority action types at escape scan: ['ActivateAbility', 'CastSpell', 'PassPriority', 'TapLandForMana']
[17:52:10] P1 priority action types at escape scan: ['ActivateAbility', 'PassPriority', 'TapLandForMana']
[17:52:11] [P1] discarding to hand size via vi (select): picks=['6GJAKU.0.1045.s5']
[17:52:13] P1 priority action types at escape scan: ['ActivateAbility', 'PassPriority', 'TapLandForMana']
[17:52:14] P1 priority action types at escape scan: ['ActivateAbility', 'PassPriority', 'TapLandForMana']
[17:52:15] P1 priority action types at escape scan: ['ActivateAbility', 'PassPriority', 'TapLandForMana']
[17:52:16] P1 priority action types at escape scan: ['ActivateAbility', 'PassPriority', 'TapLandForMana']
[17:52:17] P1 priority action types at escape scan: ['ActivateAbility', 'PassPriority', 'TapLandForMana']
[17:52:19] P1 priority action types at escape scan: ['ActivateAbility', 'PassPriority', 'TapLandForMana']
[17:52:20] P1 priority action types at escape scan: ['ActivateAbility', 'PassPriority', 'TapLandForMana']
[17:52:22] [P0] discarding to hand size via vi (select): picks=['6GJAKU.0.1060.s7']
[17:52:23] P1 priority action types at escape scan: ['ActivateAbility', 'PassPriority', 'TapLandForMana']
[17:52:24] P1 priority action types at escape scan: ['ActivateAbility', 'PassPriority', 'TapLandForMana']
[17:52:26] P1 priority action types at escape scan: ['ActivateAbility', 'CastSpell', 'PassPriority', 'TapLandForMana']
[17:52:28] P1 priority action types at escape scan: ['ActivateAbility', 'PassPriority', 'TapLandForMana']
[17:52:29] P1 priority action types at escape scan: ['ActivateAbility', 'PassPriority', 'TapLandForMana']
[17:52:31] P1 priority action types at escape scan: ['ActivateAbility', 'CastSpell', 'PassPriority', 'TapLandForMana']
[17:52:33] P1 priority action types at escape scan: ['ActivateAbility', 'PassPriority', 'TapLandForMana']
[17:52:35] [P1] discarding to hand size via vi (select): picks=['6GJAKU.0.1076.s5']
[17:52:37] P1 priority action types at escape scan: ['ActivateAbility', 'PassPriority', 'TapLandForMana']
[17:52:38] P1 priority action types at escape scan: ['ActivateAbility', 'PassPriority', 'TapLandForMana']
[17:52:40] P1 priority action types at escape scan: ['ActivateAbility', 'PassPriority', 'TapLandForMana']
[17:52:41] P1 priority action types at escape scan: ['ActivateAbility', 'PassPriority', 'TapLandForMana']
[17:52:42] P1 priority action types at escape scan: ['ActivateAbility', 'PassPriority', 'TapLandForMana']
[17:52:43] P1 priority action types at escape scan: ['ActivateAbility', 'PassPriority', 'TapLandForMana']
[17:52:44] P1 priority action types at escape scan: ['ActivateAbility', 'PassPriority', 'TapLandForMana']
[17:52:44] [P0] discarding to hand size via vi (select): picks=['6GJAKU.0.1091.s6']
[17:52:44] P1 priority action types at escape scan: ['ActivateAbility', 'PassPriority', 'TapLandForMana']
[17:52:45] P1 priority action types at escape scan: ['ActivateAbility', 'PassPriority', 'TapLandForMana']
[17:52:47] P1 priority action types at escape scan: ['ActivateAbility', 'CastSpell', 'PassPriority', 'PlayLand', 'TapLandForMana']
[17:52:48] P1 priority action types at escape scan: ['ActivateAbility', 'PassPriority', 'TapLandForMana']
[17:52:50] P1 priority action types at escape scan: ['ActivateAbility', 'PassPriority', 'TapLandForMana']
[17:52:51] P1 priority action types at escape scan: ['ActivateAbility', 'CastSpell', 'PassPriority', 'PlayLand', 'TapLandForMana']
[17:52:53] P1 priority action types at escape scan: ['ActivateAbility', 'PassPriority', 'TapLandForMana']
[17:52:54] [P1] discarding to hand size via vi (select): picks=['6GJAKU.0.1107.s7']
[17:52:55] P1 priority action types at escape scan: ['ActivateAbility', 'PassPriority', 'TapLandForMana']
[17:52:56] P1 priority action types at escape scan: ['ActivateAbility', 'PassPriority', 'TapLandForMana']
[17:52:57] P1 priority action types at escape scan: ['ActivateAbility', 'PassPriority', 'TapLandForMana']
[17:52:58] P1 priority action types at escape scan: ['ActivateAbility', 'PassPriority', 'TapLandForMana']
[17:52:59] P1 priority action types at escape scan: ['ActivateAbility', 'PassPriority', 'TapLandForMana']
[17:53:00] P1 priority action types at escape scan: ['ActivateAbility', 'PassPriority', 'TapLandForMana']
[17:53:01] P1 priority action types at escape scan: ['ActivateAbility', 'PassPriority', 'TapLandForMana']
[17:53:02] [P0] discarding to hand size via vi (select): picks=['6GJAKU.0.1122.s7']
[17:53:02] P1 priority action types at escape scan: ['ActivateAbility', 'PassPriority', 'TapLandForMana']
[17:53:03] P1 priority action types at escape scan: ['ActivateAbility', 'PassPriority', 'TapLandForMana']
[17:53:06] P1 priority action types at escape scan: ['ActivateAbility', 'CastSpell', 'PassPriority', 'TapLandForMana']
[17:53:07] P1 priority action types at escape scan: ['ActivateAbility', 'PassPriority', 'TapLandForMana']
[17:53:08] P1 priority action types at escape scan: ['ActivateAbility', 'PassPriority', 'TapLandForMana']
[17:53:10] P1 priority action types at escape scan: ['ActivateAbility', 'CastSpell', 'PassPriority', 'TapLandForMana']
[17:53:11] P1 priority action types at escape scan: ['ActivateAbility', 'PassPriority', 'TapLandForMana']
[17:53:12] [P1] discarding to hand size via vi (select): picks=['6GJAKU.0.1138.s0']
[17:53:13] P1 priority action types at escape scan: ['ActivateAbility', 'PassPriority', 'TapLandForMana']
[17:53:14] P1 priority action types at escape scan: ['ActivateAbility', 'PassPriority', 'TapLandForMana']
[17:53:15] P1 priority action types at escape scan: ['ActivateAbility', 'PassPriority', 'TapLandForMana']
[17:53:16] P1 priority action types at escape scan: ['ActivateAbility', 'PassPriority', 'TapLandForMana']
[17:53:17] P1 priority action types at escape scan: ['ActivateAbility', 'PassPriority', 'TapLandForMana']
[17:53:18] P1 priority action types at escape scan: ['ActivateAbility', 'PassPriority', 'TapLandForMana']
[17:53:19] P1 priority action types at escape scan: ['ActivateAbility', 'PassPriority', 'TapLandForMana']
[17:53:19] [P0] discarding to hand size via vi (select): picks=['6GJAKU.0.1153.s7']
[17:53:19] P1 priority action types at escape scan: ['ActivateAbility', 'PassPriority', 'TapLandForMana']
[17:53:20] P1 priority action types at escape scan: ['ActivateAbility', 'PassPriority', 'TapLandForMana']
[17:53:21] P1 priority action types at escape scan: ['ActivateAbility', 'CastSpell', 'PassPriority', 'PlayLand', 'TapLandForMana']
[17:53:22] P1 priority action types at escape scan: ['ActivateAbility', 'PassPriority', 'TapLandForMana']
[17:53:24] P1 priority action types at escape scan: ['ActivateAbility', 'PassPriority', 'TapLandForMana']
[17:53:25] P1 priority action types at escape scan: ['ActivateAbility', 'CastSpell', 'PassPriority', 'PlayLand', 'TapLandForMana']
[17:53:26] P1 priority action types at escape scan: ['ActivateAbility', 'PassPriority', 'TapLandForMana']
[17:53:27] [P1] discarding to hand size via vi (select): picks=['6GJAKU.0.1169.s7']
[17:53:28] P1 priority action types at escape scan: ['ActivateAbility', 'PassPriority', 'TapLandForMana']
[17:53:30] P1 priority action types at escape scan: ['ActivateAbility', 'PassPriority', 'TapLandForMana']
[17:53:32] P1 priority action types at escape scan: ['ActivateAbility', 'PassPriority', 'TapLandForMana']
[17:53:34] P1 priority action types at escape scan: ['ActivateAbility', 'PassPriority', 'TapLandForMana']
[17:53:36] P1 priority action types at escape scan: ['ActivateAbility', 'PassPriority', 'TapLandForMana']
[17:53:37] P1 priority action types at escape scan: ['ActivateAbility', 'PassPriority', 'TapLandForMana']
[17:53:37] P1 priority action types at escape scan: ['ActivateAbility', 'PassPriority', 'TapLandForMana']
[17:53:38] [P0] discarding to hand size via vi (select): picks=['6GJAKU.0.1184.s7']
[17:53:38] P1 priority action types at escape scan: ['ActivateAbility', 'PassPriority', 'TapLandForMana']
[17:53:39] P1 priority action types at escape scan: ['ActivateAbility', 'PassPriority', 'TapLandForMana']
[17:53:41] P1 priority action types at escape scan: ['ActivateAbility', 'CastSpell', 'PassPriority', 'PlayLand', 'TapLandForMana']
[17:53:42] P1 priority action types at escape scan: ['ActivateAbility', 'PassPriority', 'TapLandForMana']
[17:53:44] P1 priority action types at escape scan: ['ActivateAbility', 'PassPriority', 'TapLandForMana']
[17:53:46] P1 priority action types at escape scan: ['ActivateAbility', 'CastSpell', 'PassPriority', 'PlayLand', 'TapLandForMana']
[17:53:47] P1 priority action types at escape scan: ['ActivateAbility', 'PassPriority', 'TapLandForMana']
[17:53:48] [P1] discarding to hand size via vi (select): picks=['6GJAKU.0.1200.s7']
[17:53:50] P1 priority action types at escape scan: ['ActivateAbility', 'PassPriority', 'TapLandForMana']
[17:53:50] P1 priority action types at escape scan: ['ActivateAbility', 'PassPriority', 'TapLandForMana']
[17:53:51] P1 priority action types at escape scan: ['ActivateAbility', 'PassPriority', 'TapLandForMana']
[17:53:52] P1 priority action types at escape scan: ['ActivateAbility', 'PassPriority', 'TapLandForMana']
[17:53:54] P1 priority action types at escape scan: ['ActivateAbility', 'PassPriority', 'TapLandForMana']
[17:53:55] P1 priority action types at escape scan: ['ActivateAbility', 'PassPriority', 'TapLandForMana']
[17:53:56] P1 priority action types at escape scan: ['ActivateAbility', 'PassPriority', 'TapLandForMana']
[17:53:56] [P0] discarding to hand size via vi (select): picks=['6GJAKU.0.1215.s7']
[17:53:57] P1 priority action types at escape scan: ['ActivateAbility', 'PassPriority', 'TapLandForMana']
[17:53:58] P1 priority action types at escape scan: ['ActivateAbility', 'PassPriority', 'TapLandForMana']
[17:53:59] P1 priority action types at escape scan: ['ActivateAbility', 'CastSpell', 'PassPriority', 'PlayLand', 'TapLandForMana']
[17:54:00] P1 priority action types at escape scan: ['ActivateAbility', 'PassPriority', 'TapLandForMana']
[17:54:01] P1 priority action types at escape scan: ['ActivateAbility', 'PassPriority', 'TapLandForMana']
[17:54:03] P1 priority action types at escape scan: ['ActivateAbility', 'CastSpell', 'PassPriority', 'PlayLand', 'TapLandForMana']
[17:54:04] P1 priority action types at escape scan: ['ActivateAbility', 'PassPriority', 'TapLandForMana']
[17:54:05] [P1] discarding to hand size via vi (select): picks=['6GJAKU.0.1231.s7']
[17:54:06] P1 priority action types at escape scan: ['ActivateAbility', 'PassPriority', 'TapLandForMana']
[17:54:07] P1 priority action types at escape scan: ['ActivateAbility', 'PassPriority', 'TapLandForMana']
[17:54:08] P1 priority action types at escape scan: ['ActivateAbility', 'PassPriority', 'TapLandForMana']
[17:54:09] P1 priority action types at escape scan: ['ActivateAbility', 'PassPriority', 'TapLandForMana']
[17:54:10] P1 priority action types at escape scan: ['ActivateAbility', 'PassPriority', 'TapLandForMana']
[17:54:12] P1 priority action types at escape scan: ['ActivateAbility', 'PassPriority', 'TapLandForMana']
[17:54:13] P1 priority action types at escape scan: ['ActivateAbility', 'PassPriority', 'TapLandForMana']
[17:54:13] [P0] discarding to hand size via vi (select): picks=['6GJAKU.0.1246.s6']
[17:54:14] P1 priority action types at escape scan: ['ActivateAbility', 'PassPriority', 'TapLandForMana']
[17:54:15] P1 priority action types at escape scan: ['ActivateAbility', 'PassPriority', 'TapLandForMana']
[17:54:17] P1 priority action types at escape scan: ['ActivateAbility', 'CastSpell', 'PassPriority', 'PlayLand', 'TapLandForMana']
[17:54:18] P1 priority action types at escape scan: ['ActivateAbility', 'PassPriority', 'TapLandForMana']
[17:54:19] P1 priority action types at escape scan: ['ActivateAbility', 'PassPriority', 'TapLandForMana']
[17:54:21] P1 priority action types at escape scan: ['ActivateAbility', 'CastSpell', 'PassPriority', 'PlayLand', 'TapLandForMana']
[17:54:23] P1 priority action types at escape scan: ['ActivateAbility', 'PassPriority', 'TapLandForMana']
[17:54:25] [P1] discarding to hand size via vi (select): picks=['6GJAKU.0.1262.s7']
[17:54:27] P1 priority action types at escape scan: ['ActivateAbility', 'PassPriority', 'TapLandForMana']
[17:54:29] P1 priority action types at escape scan: ['ActivateAbility', 'PassPriority', 'TapLandForMana']
[17:54:30] P1 priority action types at escape scan: ['ActivateAbility', 'PassPriority', 'TapLandForMana']
[17:54:31] P1 priority action types at escape scan: ['ActivateAbility', 'PassPriority', 'TapLandForMana']
[17:54:32] P1 priority action types at escape scan: ['ActivateAbility', 'PassPriority', 'TapLandForMana']
[17:54:34] P1 priority action types at escape scan: ['ActivateAbility', 'PassPriority', 'TapLandForMana']
[17:54:35] P1 priority action types at escape scan: ['ActivateAbility', 'PassPriority', 'TapLandForMana']
[17:54:35] [P0] discarding to hand size via vi (select): picks=['6GJAKU.0.1277.s7']
[17:54:35] P1 priority action types at escape scan: ['ActivateAbility', 'PassPriority', 'TapLandForMana']
[17:54:37] P1 priority action types at escape scan: ['ActivateAbility', 'PassPriority', 'TapLandForMana']
[17:54:43] P1 priority action types at escape scan: ['ActivateAbility', 'CastSpell', 'PassPriority', 'PlayLand', 'TapLandForMana']
[17:54:45] P1 priority action types at escape scan: ['ActivateAbility', 'PassPriority', 'TapLandForMana']
[17:54:46] P1 priority action types at escape scan: ['ActivateAbility', 'PassPriority', 'TapLandForMana']
[17:54:48] P1 priority action types at escape scan: ['ActivateAbility', 'CastSpell', 'PassPriority', 'PlayLand', 'TapLandForMana']
[17:54:49] P1 priority action types at escape scan: ['ActivateAbility', 'PassPriority', 'TapLandForMana']
[17:54:50] [P1] discarding to hand size via vi (select): picks=['6GJAKU.0.1293.s7']
[17:54:53] P1 priority action types at escape scan: ['ActivateAbility', 'PassPriority', 'TapLandForMana']
[17:54:54] P1 priority action types at escape scan: ['ActivateAbility', 'PassPriority', 'TapLandForMana']
[17:54:56] P1 priority action types at escape scan: ['ActivateAbility', 'PassPriority', 'TapLandForMana']
[17:54:57] P1 priority action types at escape scan: ['ActivateAbility', 'PassPriority', 'TapLandForMana']
[17:54:58] P1 priority action types at escape scan: ['ActivateAbility', 'PassPriority', 'TapLandForMana']
[17:54:59] P1 priority action types at escape scan: ['ActivateAbility', 'PassPriority', 'TapLandForMana']
[17:55:00] P1 priority action types at escape scan: ['ActivateAbility', 'PassPriority', 'TapLandForMana']
[17:55:01] [P0] discarding to hand size via vi (select): picks=['6GJAKU.0.1308.s7']
[17:55:01] P1 priority action types at escape scan: ['ActivateAbility', 'PassPriority', 'TapLandForMana']
[17:55:02] P1 priority action types at escape scan: ['ActivateAbility', 'PassPriority', 'TapLandForMana']
[17:55:04] P1 priority action types at escape scan: ['ActivateAbility', 'CastSpell', 'PassPriority', 'PlayLand', 'TapLandForMana']
[17:55:05] P1 priority action types at escape scan: ['ActivateAbility', 'PassPriority', 'TapLandForMana']
[17:55:06] P1 priority action types at escape scan: ['ActivateAbility', 'PassPriority', 'TapLandForMana']
[17:55:08] P1 priority action types at escape scan: ['ActivateAbility', 'CastSpell', 'PassPriority', 'PlayLand', 'TapLandForMana']
[17:55:09] P1 priority action types at escape scan: ['ActivateAbility', 'PassPriority', 'TapLandForMana']
[17:55:10] [P1] discarding to hand size via vi (select): picks=['6GJAKU.0.1324.s7']
[17:55:11] P1 priority action types at escape scan: ['ActivateAbility', 'PassPriority', 'TapLandForMana']
[17:55:12] P1 priority action types at escape scan: ['ActivateAbility', 'PassPriority', 'TapLandForMana']
[17:55:13] P1 priority action types at escape scan: ['ActivateAbility', 'PassPriority', 'TapLandForMana']
[17:55:14] P1 priority action types at escape scan: ['ActivateAbility', 'PassPriority', 'TapLandForMana']
[17:55:15] P1 priority action types at escape scan: ['ActivateAbility', 'PassPriority', 'TapLandForMana']
[17:55:16] P1 priority action types at escape scan: ['ActivateAbility', 'PassPriority', 'TapLandForMana']
[17:55:17] P1 priority action types at escape scan: ['ActivateAbility', 'PassPriority', 'TapLandForMana']
[17:55:18] [P0] discarding to hand size via vi (select): picks=['6GJAKU.0.1339.s7']
[17:55:18] P1 priority action types at escape scan: ['ActivateAbility', 'PassPriority', 'TapLandForMana']
[17:55:19] P1 priority action types at escape scan: ['ActivateAbility', 'PassPriority', 'TapLandForMana']
[17:55:21] P1 priority action types at escape scan: ['ActivateAbility', 'CastSpell', 'PassPriority', 'PlayLand', 'TapLandForMana']
[17:55:22] P1 priority action types at escape scan: ['ActivateAbility', 'PassPriority', 'TapLandForMana']
[17:55:23] P1 priority action types at escape scan: ['ActivateAbility', 'PassPriority', 'TapLandForMana']
[17:55:25] P1 priority action types at escape scan: ['ActivateAbility', 'CastSpell', 'PassPriority', 'PlayLand', 'TapLandForMana']
[17:55:26] P1 priority action types at escape scan: ['ActivateAbility', 'PassPriority', 'TapLandForMana']
[17:55:27] [P1] discarding to hand size via vi (select): picks=['6GJAKU.0.1355.s7']
[17:55:29] P1 priority action types at escape scan: ['ActivateAbility', 'PassPriority', 'TapLandForMana']
[17:55:30] P1 priority action types at escape scan: ['ActivateAbility', 'PassPriority', 'TapLandForMana']
[17:55:31] P1 priority action types at escape scan: ['ActivateAbility', 'PassPriority', 'TapLandForMana']
[17:55:32] P1 priority action types at escape scan: ['ActivateAbility', 'PassPriority', 'TapLandForMana']
[17:55:33] P1 priority action types at escape scan: ['ActivateAbility', 'PassPriority', 'TapLandForMana']
[17:55:35] P1 priority action types at escape scan: ['ActivateAbility', 'PassPriority', 'TapLandForMana']
[17:55:36] P1 priority action types at escape scan: ['ActivateAbility', 'PassPriority', 'TapLandForMana']
[17:55:36] [P0] discarding to hand size via vi (select): picks=['6GJAKU.0.1370.s7']
[17:55:36] P1 priority action types at escape scan: ['ActivateAbility', 'PassPriority', 'TapLandForMana']
[17:55:37] P1 priority action types at escape scan: ['ActivateAbility', 'PassPriority', 'TapLandForMana']
[17:55:39] P1 priority action types at escape scan: ['ActivateAbility', 'CastSpell', 'PassPriority', 'PlayLand', 'TapLandForMana']
[17:55:40] P1 priority action types at escape scan: ['ActivateAbility', 'PassPriority', 'TapLandForMana']
[17:55:41] P1 priority action types at escape scan: ['ActivateAbility', 'PassPriority', 'TapLandForMana']
[17:55:43] P1 priority action types at escape scan: ['ActivateAbility', 'CastSpell', 'PassPriority', 'PlayLand', 'TapLandForMana']
[17:55:45] P1 priority action types at escape scan: ['ActivateAbility', 'PassPriority', 'TapLandForMana']
[17:55:46] [P1] discarding to hand size via vi (select): picks=['6GJAKU.0.1386.s7']
[17:55:47] P1 priority action types at escape scan: ['ActivateAbility', 'PassPriority', 'TapLandForMana']
[17:55:48] P1 priority action types at escape scan: ['ActivateAbility', 'PassPriority', 'TapLandForMana']
[17:55:49] P1 priority action types at escape scan: ['ActivateAbility', 'PassPriority', 'TapLandForMana']
[17:55:50] P1 priority action types at escape scan: ['ActivateAbility', 'PassPriority', 'TapLandForMana']
[17:55:51] P1 priority action types at escape scan: ['ActivateAbility', 'PassPriority', 'TapLandForMana']
[17:55:52] P1 priority action types at escape scan: ['ActivateAbility', 'PassPriority', 'TapLandForMana']
[17:55:53] P1 priority action types at escape scan: ['ActivateAbility', 'PassPriority', 'TapLandForMana']
[17:55:54] [P0] discarding to hand size via vi (select): picks=['6GJAKU.0.1401.s6']
[17:55:54] P1 priority action types at escape scan: ['ActivateAbility', 'PassPriority', 'TapLandForMana']
[17:55:55] P1 priority action types at escape scan: ['ActivateAbility', 'PassPriority', 'TapLandForMana']
[17:55:57] P1 priority action types at escape scan: ['ActivateAbility', 'CastSpell', 'PassPriority', 'TapLandForMana']
[17:55:58] P1 priority action types at escape scan: ['ActivateAbility', 'PassPriority', 'TapLandForMana']
[17:56:00] P1 priority action types at escape scan: ['ActivateAbility', 'PassPriority', 'TapLandForMana']
[17:56:01] P1 priority action types at escape scan: ['ActivateAbility', 'CastSpell', 'PassPriority', 'TapLandForMana']
[17:56:02] P1 priority action types at escape scan: ['ActivateAbility', 'PassPriority', 'TapLandForMana']
[17:56:03] [P1] discarding to hand size via vi (select): picks=['6GJAKU.0.1417.s0']
[17:56:04] P1 priority action types at escape scan: ['ActivateAbility', 'PassPriority', 'TapLandForMana']
[17:56:05] P1 priority action types at escape scan: ['ActivateAbility', 'PassPriority', 'TapLandForMana']
[17:56:07] P1 priority action types at escape scan: ['ActivateAbility', 'PassPriority', 'TapLandForMana']
[17:56:08] P1 priority action types at escape scan: ['ActivateAbility', 'PassPriority', 'TapLandForMana']
[17:56:09] P1 priority action types at escape scan: ['ActivateAbility', 'PassPriority', 'TapLandForMana']
[17:56:10] P1 priority action types at escape scan: ['ActivateAbility', 'PassPriority', 'TapLandForMana']
[17:56:11] P1 priority action types at escape scan: ['ActivateAbility', 'PassPriority', 'TapLandForMana']
[17:56:11] [P0] discarding to hand size via vi (select): picks=['6GJAKU.0.1432.s7']
[17:56:12] P1 priority action types at escape scan: ['ActivateAbility', 'PassPriority', 'TapLandForMana']
[17:56:13] P1 priority action types at escape scan: ['ActivateAbility', 'PassPriority', 'TapLandForMana']
[17:56:15] P1 priority action types at escape scan: ['ActivateAbility', 'CastSpell', 'PassPriority', 'PlayLand', 'TapLandForMana']
[17:56:16] P1 priority action types at escape scan: ['ActivateAbility', 'PassPriority', 'TapLandForMana']
[17:56:18] P1 priority action types at escape scan: ['ActivateAbility', 'PassPriority', 'TapLandForMana']
[17:56:20] P1 priority action types at escape scan: ['ActivateAbility', 'CastSpell', 'PassPriority', 'PlayLand', 'TapLandForMana']
[17:56:21] P1 priority action types at escape scan: ['ActivateAbility', 'PassPriority', 'TapLandForMana']
[17:56:22] [P1] discarding to hand size via vi (select): picks=['6GJAKU.0.1448.s7']
[17:56:24] P1 priority action types at escape scan: ['ActivateAbility', 'PassPriority', 'TapLandForMana']
[17:56:25] P1 priority action types at escape scan: ['ActivateAbility', 'PassPriority', 'TapLandForMana']
[17:56:27] P1 priority action types at escape scan: ['ActivateAbility', 'PassPriority', 'TapLandForMana']
[17:56:28] P1 priority action types at escape scan: ['ActivateAbility', 'PassPriority', 'TapLandForMana']
[17:56:29] P1 priority action types at escape scan: ['ActivateAbility', 'PassPriority', 'TapLandForMana']
[17:56:31] P1 priority action types at escape scan: ['ActivateAbility', 'PassPriority', 'TapLandForMana']
[17:56:32] P1 priority action types at escape scan: ['ActivateAbility', 'PassPriority', 'TapLandForMana']
[17:56:32] [P0] discarding to hand size via vi (select): picks=['6GJAKU.0.1463.s0']
[17:56:32] P1 priority action types at escape scan: ['ActivateAbility', 'PassPriority', 'TapLandForMana']
[17:56:33] P1 priority action types at escape scan: ['ActivateAbility', 'PassPriority', 'TapLandForMana']
[17:56:35] P1 priority action types at escape scan: ['ActivateAbility', 'CastSpell', 'PassPriority', 'TapLandForMana']
[17:56:36] P1 priority action types at escape scan: ['ActivateAbility', 'PassPriority', 'TapLandForMana']
[17:56:38] P1 priority action types at escape scan: ['ActivateAbility', 'PassPriority', 'TapLandForMana']
[17:56:40] P1 priority action types at escape scan: ['ActivateAbility', 'CastSpell', 'PassPriority', 'TapLandForMana']
[17:56:41] P1 priority action types at escape scan: ['ActivateAbility', 'PassPriority', 'TapLandForMana']
[17:56:42] [P1] discarding to hand size via vi (select): picks=['6GJAKU.0.1479.s7']
[17:56:43] P1 priority action types at escape scan: ['ActivateAbility', 'PassPriority', 'TapLandForMana']
[17:56:44] P1 priority action types at escape scan: ['ActivateAbility', 'PassPriority', 'TapLandForMana']
[17:56:45] P1 priority action types at escape scan: ['ActivateAbility', 'PassPriority', 'TapLandForMana']
[17:56:46] P1 priority action types at escape scan: ['ActivateAbility', 'PassPriority', 'TapLandForMana']
[17:56:47] P1 priority action types at escape scan: ['ActivateAbility', 'PassPriority', 'TapLandForMana']
[17:56:48] P1 priority action types at escape scan: ['ActivateAbility', 'PassPriority', 'TapLandForMana']
[17:56:50] P1 priority action types at escape scan: ['ActivateAbility', 'PassPriority', 'TapLandForMana']
[17:56:50] [P0] discarding to hand size via vi (select): picks=['6GJAKU.0.1494.s7']
[17:56:50] P1 priority action types at escape scan: ['ActivateAbility', 'PassPriority', 'TapLandForMana']
[17:56:51] P1 priority action types at escape scan: ['ActivateAbility', 'PassPriority', 'TapLandForMana']
[17:56:53] P1 priority action types at escape scan: ['ActivateAbility', 'CastSpell', 'PassPriority', 'TapLandForMana']
[17:56:54] P1 priority action types at escape scan: ['ActivateAbility', 'PassPriority', 'TapLandForMana']
[17:56:55] P1 priority action types at escape scan: ['ActivateAbility', 'PassPriority', 'TapLandForMana']
[17:56:57] P1 priority action types at escape scan: ['ActivateAbility', 'CastSpell', 'PassPriority', 'TapLandForMana']
[17:56:59] P1 priority action types at escape scan: ['ActivateAbility', 'PassPriority', 'TapLandForMana']
[17:57:00] [P1] discarding to hand size via vi (select): picks=['6GJAKU.0.1510.s7']
[17:57:01] P1 priority action types at escape scan: ['ActivateAbility', 'PassPriority', 'TapLandForMana']
[17:57:02] P1 priority action types at escape scan: ['ActivateAbility', 'PassPriority', 'TapLandForMana']
[17:57:03] P1 priority action types at escape scan: ['ActivateAbility', 'PassPriority', 'TapLandForMana']
[17:57:05] P1 priority action types at escape scan: ['ActivateAbility', 'PassPriority', 'TapLandForMana']
[17:57:06] P1 priority action types at escape scan: ['ActivateAbility', 'PassPriority', 'TapLandForMana']
[17:57:08] P1 priority action types at escape scan: ['ActivateAbility', 'PassPriority', 'TapLandForMana']
[17:57:09] P1 priority action types at escape scan: ['ActivateAbility', 'PassPriority', 'TapLandForMana']
[17:57:09] [P0] discarding to hand size via vi (select): picks=['6GJAKU.0.1525.s7']
[17:57:10] P1 priority action types at escape scan: ['ActivateAbility', 'PassPriority', 'TapLandForMana']
[17:57:11] P1 priority action types at escape scan: ['ActivateAbility', 'PassPriority', 'TapLandForMana']
[17:57:12] P1 priority action types at escape scan: ['ActivateAbility', 'CastSpell', 'PassPriority', 'PlayLand', 'TapLandForMana']
[17:57:14] P1 priority action types at escape scan: ['ActivateAbility', 'PassPriority', 'TapLandForMana']
[17:57:15] P1 priority action types at escape scan: ['ActivateAbility', 'PassPriority', 'TapLandForMana']
[17:57:17] P1 priority action types at escape scan: ['ActivateAbility', 'CastSpell', 'PassPriority', 'PlayLand', 'TapLandForMana']
[17:57:18] P1 priority action types at escape scan: ['ActivateAbility', 'PassPriority', 'TapLandForMana']
[17:57:20] [P1] discarding to hand size via vi (select): picks=['6GJAKU.0.1541.s7']
[17:57:21] P1 priority action types at escape scan: ['ActivateAbility', 'PassPriority', 'TapLandForMana']
[17:57:23] P1 priority action types at escape scan: ['ActivateAbility', 'PassPriority', 'TapLandForMana']
[17:57:24] P1 priority action types at escape scan: ['ActivateAbility', 'PassPriority', 'TapLandForMana']
[17:57:26] P1 priority action types at escape scan: ['ActivateAbility', 'PassPriority', 'TapLandForMana']
[17:57:28] P1 priority action types at escape scan: ['ActivateAbility', 'PassPriority', 'TapLandForMana']
[17:57:30] P1 priority action types at escape scan: ['ActivateAbility', 'PassPriority', 'TapLandForMana']
[17:57:31] P1 priority action types at escape scan: ['ActivateAbility', 'PassPriority', 'TapLandForMana']
[17:57:31] [P0] discarding to hand size via vi (select): picks=['6GJAKU.0.1556.s0']
[17:57:32] P1 priority action types at escape scan: ['ActivateAbility', 'PassPriority', 'TapLandForMana']
[17:58:21] WATCHDOG stale P0: rev 1559 turn=100 phase=Draw holding_priority=False
[17:58:21] WATCHDOG stale P1: rev 1559 turn=100 phase=Draw holding_priority=False
[17:59:06] WATCHDOG stale P0: rev 1559 turn=100 phase=Draw holding_priority=False
[17:59:06] WATCHDOG stale P1: rev 1559 turn=100 phase=Draw holding_priority=False
[17:59:51] WATCHDOG stale P0: rev 1559 turn=100 phase=Draw holding_priority=False
[17:59:51] WATCHDOG stale P1: rev 1559 turn=100 phase=Draw holding_priority=False
[18:00:37] WATCHDOG stale P0: rev 1559 turn=100 phase=Draw holding_priority=False
[18:00:37] WATCHDOG stale P1: rev 1559 turn=100 phase=Draw holding_priority=False
[18:01:22] WATCHDOG stale P0: rev 1559 turn=100 phase=Draw holding_priority=False
[18:01:22] WATCHDOG stale P1: rev 1559 turn=100 phase=Draw holding_priority=False
[18:02:07] WATCHDOG stale P0: rev 1559 turn=100 phase=Draw holding_priority=False
[18:02:07] WATCHDOG stale P1: rev 1559 turn=100 phase=Draw holding_priority=False
[18:02:52] WATCHDOG stale P0: rev 1559 turn=100 phase=Draw holding_priority=False
[18:02:52] WATCHDOG stale P1: rev 1559 turn=100 phase=Draw holding_priority=False
[18:03:37] WATCHDOG stale P0: rev 1559 turn=100 phase=Draw holding_priority=False
[18:03:37] WATCHDOG stale P1: rev 1559 turn=100 phase=Draw holding_priority=False
[18:04:22] WATCHDOG stale P0: rev 1559 turn=100 phase=Draw holding_priority=False
[18:04:22] WATCHDOG stale P1: rev 1559 turn=100 phase=Draw holding_priority=False
[18:05:07] WATCHDOG stale P0: rev 1559 turn=100 phase=Draw holding_priority=False
[18:05:07] WATCHDOG stale P1: rev 1559 turn=100 phase=Draw holding_priority=False
[18:05:52] WATCHDOG stale P0: rev 1559 turn=100 phase=Draw holding_priority=False
[18:05:52] WATCHDOG stale P1: rev 1559 turn=100 phase=Draw holding_priority=False
[18:06:38] WATCHDOG stale P0: rev 1559 turn=100 phase=Draw holding_priority=False
[18:06:38] WATCHDOG stale P1: rev 1559 turn=100 phase=Draw holding_priority=False
[18:07:23] WATCHDOG stale P0: rev 1559 turn=100 phase=Draw holding_priority=False
[18:07:23] WATCHDOG stale P1: rev 1559 turn=100 phase=Draw holding_priority=False
[18:08:08] WATCHDOG stale P0: rev 1559 turn=100 phase=Draw holding_priority=False
[18:08:08] WATCHDOG stale P1: rev 1559 turn=100 phase=Draw holding_priority=False
[18:08:53] WATCHDOG stale P0: rev 1559 turn=100 phase=Draw holding_priority=False
[18:08:53] WATCHDOG stale P1: rev 1559 turn=100 phase=Draw holding_priority=False
[18:09:38] WATCHDOG stale P0: rev 1559 turn=100 phase=Draw holding_priority=False
[18:09:38] WATCHDOG stale P1: rev 1559 turn=100 phase=Draw holding_priority=False
[18:10:23] WATCHDOG stale P0: rev 1559 turn=100 phase=Draw holding_priority=False
[18:10:23] WATCHDOG stale P1: rev 1559 turn=100 phase=Draw holding_priority=False
[18:11:08] WATCHDOG stale P0: rev 1559 turn=100 phase=Draw holding_priority=False
[18:11:08] WATCHDOG stale P1: rev 1559 turn=100 phase=Draw holding_priority=False
[18:11:53] WATCHDOG stale P0: rev 1559 turn=100 phase=Draw holding_priority=False
[18:11:53] WATCHDOG stale P1: rev 1559 turn=100 phase=Draw holding_priority=False
[18:12:38] WATCHDOG stale P0: rev 1559 turn=100 phase=Draw holding_priority=False
[18:12:38] WATCHDOG stale P1: rev 1559 turn=100 phase=Draw holding_priority=False
[18:13:23] WATCHDOG stale P0: rev 1559 turn=100 phase=Draw holding_priority=False
[18:13:23] WATCHDOG stale P1: rev 1559 turn=100 phase=Draw holding_priority=False
[18:14:09] WATCHDOG stale P0: rev 1559 turn=100 phase=Draw holding_priority=False
[18:14:09] WATCHDOG stale P1: rev 1559 turn=100 phase=Draw holding_priority=False
[18:14:54] WATCHDOG stale P0: rev 1559 turn=100 phase=Draw holding_priority=False
[18:14:54] WATCHDOG stale P1: rev 1559 turn=100 phase=Draw holding_priority=False
[18:15:34] verdict=reproduced assertions={"A1_setup_ok": "passed", "A2_attack_restricted": "failed", "A3_activation_restricted": "failed", "A4_escape_offered": "failed", "A5_escape_effective": "not-run", "A6_control_binding": "not-run"}
[18:15:35] export post_control FAILED: RuntimeError('export failed: {\'message\': "This socket\'s game session identity is no longer current"}')
[18:15:35] closing logs before manifest computation
