[15:16:14] ServerHello: version=0.105.0 build=965e243 protocol=120 mode=Full
[15:16:14] data-level check: ok=True notes=[]
[15:16:14] ===== GAME A: cabal ritual {1}{B} =====
[15:16:18] [A] game 4R4SYB; P0 seat=0 P1 seat=1
[15:16:18] [P0A] mulligan (7 cards, hand=['swamp', 'diregraf ghoul', 'swamp', 'swamp', 'diregraf ghoul', 'swamp', 'swamp'])
[15:16:18] [P1A] keep 7: ['forest', 'forest', 'forest', 'forest', 'forest', 'forest', 'forest']
[15:16:18] [P0A] keep 7: ['swamp', 'diregraf ghoul', 'phyrexian altar', 'cabal ritual', 'phyrexian altar', 'diregraf ghoul', 'swamp']
[15:16:18] [P0A] bottoming ['swamp'] via vi
[15:16:19] [A] playing land swamp
[15:16:19] [A] P0 casts diregraf ghoul (oid 5) needs={'B': 1}
[15:16:22] [P1A] NOTE: hand=8>7 but vi kind code='choose'; not answering yet
[15:16:22] [P1A] playing land forest
[15:16:22] [P1A] tap land for mana used_for=any
[15:16:22] [P1A] submitting interaction iid=4R4SYB.0.27 choice=4R4SYB.0.27.c1 (Forest)
[15:16:24] [A] tap land for mana used_for=B
[15:16:24] [A] submitting interaction iid=4R4SYB.0.38 choice=4R4SYB.0.38.c1 (Swamp)
[15:16:25] [A] playing land swamp
[15:16:27] [P1A] tap land for mana used_for=any
[15:16:27] [P1A] submitting interaction iid=4R4SYB.0.55 choice=4R4SYB.0.55.c1 (Forest)
[15:16:28] [P1A] playing land forest
[15:16:28] [P1A] tap land for mana used_for=any
[15:16:28] [P1A] submitting interaction iid=4R4SYB.0.61 choice=4R4SYB.0.61.c1 (Forest)
[15:16:31] [A] playing land swamp
[15:16:31] [A] P0 casts phyrexian altar (oid 6) needs={'generic': 3}
[15:16:33] [P1A] tap land for mana used_for=any
[15:16:33] [P1A] submitting interaction iid=4R4SYB.0.91 choice=4R4SYB.0.91.c1 (Forest)
[15:16:34] [P1A] tap land for mana used_for=any
[15:16:34] [P1A] submitting interaction iid=4R4SYB.0.92 choice=4R4SYB.0.92.c1 (Forest)
[15:16:35] [P1A] playing land forest
[15:16:35] [P1A] tap land for mana used_for=any
[15:16:35] [P1A] submitting interaction iid=4R4SYB.0.98 choice=4R4SYB.0.98.c1 (Forest)
[15:16:36] [A] tap land for mana used_for=generic
[15:16:36] [A] submitting interaction iid=4R4SYB.0.109 choice=4R4SYB.0.109.c4 (Swamp)
[15:16:36] [A] tap land for mana used_for=generic
[15:16:36] [A] submitting interaction iid=4R4SYB.0.110 choice=4R4SYB.0.110.c4 (Swamp)
[15:16:37] [A] tap land for mana used_for=generic
[15:16:37] [A] submitting interaction iid=4R4SYB.0.111 choice=4R4SYB.0.111.c4 (Swamp)
[15:16:39] [A] playing land swamp
[15:16:39] [A] setup complete -> assert phase
[15:16:39] [A] exported pre_A.json
[15:16:39] [A] PRE exported; setup ready (turn 7)
[15:16:40] [P1A] tap land for mana used_for=any
[15:16:40] [P1A] submitting interaction iid=4R4SYB.0.128 choice=4R4SYB.0.128.c1 (Forest)
[15:16:41] [P1A] tap land for mana used_for=any
[15:16:41] [P1A] submitting interaction iid=4R4SYB.0.129 choice=4R4SYB.0.129.c1 (Forest)
[15:16:41] [P1A] tap land for mana used_for=any
[15:16:41] [P1A] submitting interaction iid=4R4SYB.0.130 choice=4R4SYB.0.130.c1 (Forest)
[15:16:42] [P1A] playing land forest
[15:16:42] [P1A] tap land for mana used_for=any
[15:16:42] [P1A] submitting interaction iid=4R4SYB.0.136 choice=4R4SYB.0.136.c1 (Forest)
[15:16:44] [A] gate assertion A2a_gate_offers_1B: offered_seen=True want_offered=True -> passed (obs=4)
[15:16:44] [A] -> act phase
[15:16:44] [A] activating phyrexian altar via ActivateAbility legal_action
[15:16:45] [A] submitting interaction iid=4R4SYB.0.152 choice=4R4SYB.0.152.s0 (Diregraf Ghoul)
[15:16:45] [A] sacrificed for phyrexian altar (#1): Diregraf Ghoul
[15:16:46] [A] submitting interaction iid=4R4SYB.0.153 choice=4R4SYB.0.153.m2 ()
[15:16:46] [A] chose mana color: 
[15:16:52] [A] casting cabal ritual
[15:16:53] [A] tap land for mana used_for=B
[15:16:53] [A] submitting interaction iid=4R4SYB.0.155 choice=4R4SYB.0.155.c1 (Swamp)
[15:16:53] [A] tap land for mana used_for=generic
[15:16:53] [A] submitting interaction iid=4R4SYB.0.156 choice=4R4SYB.0.156.c1 (Swamp)
[15:16:53] [A] A2b: ritual resolved; ghoul in gy=True; black pool=5 (want >=3: 1 altar + 1 swamp tap + 3 ritual) -> passed
[15:16:53] [A] exported post_A.json
[15:16:53] [A] POST exported
[15:16:53] ===== GAME B: sign in blood {B}{B} =====
[15:16:54] [B] game VFOOHG; P0 seat=0 P1 seat=1
[15:16:54] [P0B] keep 7: ['phyrexian altar', 'memnite', 'forest', 'sign in blood', 'forest', 'sign in blood', 'forest']
[15:16:54] [P1B] keep 7: ['forest', 'forest', 'forest', 'forest', 'forest', 'forest', 'forest']
[15:16:54] [B] playing land forest
[15:16:54] [B] P0 casts memnite (oid 31) needs={'generic': 0}
[15:16:57] [P1B] NOTE: hand=8>7 but vi kind code='choose'; not answering yet
[15:16:57] [P1B] playing land forest
[15:16:58] [P1B] tap land for mana used_for=any
[15:16:58] [P1B] submitting interaction iid=VFOOHG.0.25 choice=VFOOHG.0.25.c1 (Forest)
[15:17:00] [B] playing land forest
[15:17:00] [B] P0 casts memnite (oid 11) needs={'generic': 0}
[15:17:04] [P1B] tap land for mana used_for=any
[15:17:04] [P1B] submitting interaction iid=VFOOHG.0.55 choice=VFOOHG.0.55.c1 (Forest)
[15:17:05] [P1B] playing land forest
[15:17:05] [P1B] tap land for mana used_for=any
[15:17:05] [P1B] submitting interaction iid=VFOOHG.0.61 choice=VFOOHG.0.61.c1 (Forest)
[15:17:07] [B] playing land forest
[15:17:07] [B] P0 casts phyrexian altar (oid 35) needs={'generic': 3}
[15:17:08] [B] setup complete -> assert phase
[15:17:09] [B] exported pre_B.json
[15:17:09] [B] PRE exported; setup ready (turn 5)
[15:17:10] [P1B] tap land for mana used_for=any
[15:17:10] [P1B] submitting interaction iid=VFOOHG.0.91 choice=VFOOHG.0.91.c1 (Forest)
[15:17:10] [P1B] tap land for mana used_for=any
[15:17:10] [P1B] submitting interaction iid=VFOOHG.0.92 choice=VFOOHG.0.92.c1 (Forest)
[15:17:12] [P1B] playing land forest
[15:17:12] [P1B] tap land for mana used_for=any
[15:17:12] [P1B] submitting interaction iid=VFOOHG.0.98 choice=VFOOHG.0.98.c1 (Forest)
[15:17:13] [B] tap land for mana used_for=generic
[15:17:13] [B] submitting interaction iid=VFOOHG.0.109 choice=VFOOHG.0.109.c2 (Forest)
[15:17:14] [B] tap land for mana used_for=generic
[15:17:14] [B] submitting interaction iid=VFOOHG.0.110 choice=VFOOHG.0.110.c2 (Forest)
[15:17:14] [B] tap land for mana used_for=generic
[15:17:14] [B] submitting interaction iid=VFOOHG.0.111 choice=VFOOHG.0.111.c2 (Forest)
[15:17:15] [B] gate assertion A3a_gate_offers_BB: offered_seen=False want_offered=True -> failed (obs=4)
[15:17:15] [B] -> act phase
[15:17:15] [B] activating phyrexian altar via ActivateAbility legal_action
[15:17:15] [B] submitting interaction iid=VFOOHG.0.117 choice=VFOOHG.0.117.s0 (Memnite)
[15:17:15] [B] sacrificed for phyrexian altar (#1): Memnite
[15:17:16] [B] submitting interaction iid=VFOOHG.0.118 choice=VFOOHG.0.118.m2 ()
[15:17:16] [B] chose mana color: 
[15:17:22] [B] activating phyrexian altar via ActivateAbility legal_action
[15:17:23] [B] submitting interaction iid=VFOOHG.0.120 choice=VFOOHG.0.120.s0 (Memnite)
[15:17:23] [B] sacrificed for phyrexian altar (#2): Memnite
[15:17:24] [B] submitting interaction iid=VFOOHG.0.121 choice=VFOOHG.0.121.m2 ()
[15:17:24] [B] chose mana color: 
[15:17:25] [B] both activations done; pool={'B': 2}
[15:17:30] [B] exported mid_B.json
[15:17:30] [B] MID exported; pool={'B': 2}
[15:17:30] [B] A3b: with {B}{B} floating, gate now offers sign in blood -> passed (bug confirmed: feasibility analysis, not resources, blocked the offer)
[15:17:30] [B] casting sign in blood
[15:17:31] [B] submitting interaction iid=VFOOHG.0.123 choice=VFOOHG.0.123.t1 ()
[15:17:31] [B] targeted P1 for sign in blood
[15:17:32] [B] Sign in Blood resolved: P1 life=18 (want 18) -> passed
[15:17:32] [B] exported post_B.json
[15:17:32] [B] POST exported
[15:17:33] ===== GAME C: dark ritual {B} =====
[15:17:33] [C] game 6K9SAZ; P0 seat=0 P1 seat=1
[15:17:33] [P0C] keep 7: ['dark ritual', 'forest', 'forest', 'dark ritual', 'forest', 'forest', 'phyrexian altar']
[15:17:33] [P1C] keep 7: ['forest', 'forest', 'forest', 'forest', 'forest', 'forest', 'forest']
[15:17:34] [P1C] playing land forest
[15:17:34] [P1C] tap land for mana used_for=any
[15:17:34] [P1C] submitting interaction iid=6K9SAZ.0.7 choice=6K9SAZ.0.7.c1 (Forest)
[15:17:37] [P0C] NOTE: hand=8>7 but vi kind code='choose'; not answering yet
[15:17:37] [C] playing land forest
[15:17:39] [P1C] tap land for mana used_for=any
[15:17:39] [P1C] submitting interaction iid=6K9SAZ.0.33 choice=6K9SAZ.0.33.c1 (Forest)
[15:17:39] [P1C] playing land forest
[15:17:40] [P1C] tap land for mana used_for=any
[15:17:40] [P1C] submitting interaction iid=6K9SAZ.0.39 choice=6K9SAZ.0.39.c1 (Forest)
[15:17:42] [C] playing land forest
[15:17:44] [P1C] tap land for mana used_for=any
[15:17:44] [P1C] submitting interaction iid=6K9SAZ.0.65 choice=6K9SAZ.0.65.c1 (Forest)
[15:17:44] [P1C] tap land for mana used_for=any
[15:17:44] [P1C] submitting interaction iid=6K9SAZ.0.66 choice=6K9SAZ.0.66.c1 (Forest)
[15:17:45] [P1C] playing land forest
[15:17:45] [P1C] tap land for mana used_for=any
[15:17:45] [P1C] submitting interaction iid=6K9SAZ.0.72 choice=6K9SAZ.0.72.c1 (Forest)
[15:17:48] [C] playing land forest
[15:17:48] [C] P0 casts phyrexian altar (oid 37) needs={'generic': 3}
[15:17:49] [C] setup complete -> assert phase
[15:17:49] [C] exported pre_C.json
[15:17:49] [C] PRE exported; setup ready (turn 6)
[15:17:51] [P1C] tap land for mana used_for=any
[15:17:51] [P1C] submitting interaction iid=6K9SAZ.0.101 choice=6K9SAZ.0.101.c1 (Forest)
[15:17:51] [P1C] tap land for mana used_for=any
[15:17:51] [P1C] submitting interaction iid=6K9SAZ.0.102 choice=6K9SAZ.0.102.c1 (Forest)
[15:17:51] [P1C] tap land for mana used_for=any
[15:17:51] [P1C] submitting interaction iid=6K9SAZ.0.103 choice=6K9SAZ.0.103.c1 (Forest)
[15:17:52] [P1C] playing land forest
[15:17:52] [P1C] tap land for mana used_for=any
[15:17:52] [P1C] submitting interaction iid=6K9SAZ.0.109 choice=6K9SAZ.0.109.c1 (Forest)
[15:17:54] [C] tap land for mana used_for=generic
[15:17:54] [C] submitting interaction iid=6K9SAZ.0.120 choice=6K9SAZ.0.120.c1 (Forest)
[15:17:54] [C] tap land for mana used_for=generic
[15:17:54] [C] submitting interaction iid=6K9SAZ.0.121 choice=6K9SAZ.0.121.c1 (Forest)
[15:17:54] [C] tap land for mana used_for=generic
[15:17:54] [C] submitting interaction iid=6K9SAZ.0.122 choice=6K9SAZ.0.122.c1 (Forest)
[15:17:55] [C] gate assertion A4_gate_rejects_B: offered_seen=False want_offered=False -> passed (obs=4)
[15:17:55] [C] exported post_C.json
[15:17:55] [C] POST exported (observe-only)
[15:17:55] ===== GAME D: steel overseer {2} =====
[15:17:55] [D] game GM8ALJ; P0 seat=0 P1 seat=1
[15:17:55] [P0D] keep 7: ['steel overseer', 'steel overseer', 'forest', 'steel overseer', 'forest', 'forest', 'memnite']
[15:17:55] [P1D] keep 7: ['forest', 'forest', 'forest', 'forest', 'forest', 'forest', 'forest']
[15:17:56] [P1D] playing land forest
[15:17:56] [P1D] tap land for mana used_for=any
[15:17:56] [P1D] submitting interaction iid=GM8ALJ.0.7 choice=GM8ALJ.0.7.c1 (Forest)
[15:17:58] [P0D] NOTE: hand=8>7 but vi kind code='choose'; not answering yet
[15:17:59] [D] playing land forest
[15:17:59] [D] P0 casts memnite (oid 50) needs={'generic': 0}
[15:18:02] [P1D] tap land for mana used_for=any
[15:18:02] [P1D] submitting interaction iid=GM8ALJ.0.36 choice=GM8ALJ.0.36.c1 (Forest)
[15:18:03] [P1D] playing land forest
[15:18:03] [P1D] tap land for mana used_for=any
[15:18:03] [P1D] submitting interaction iid=GM8ALJ.0.42 choice=GM8ALJ.0.42.c1 (Forest)
[15:18:06] [D] playing land forest
[15:18:06] [D] P0 casts memnite (oid 53) needs={'generic': 0}
[15:18:09] [P1D] tap land for mana used_for=any
[15:18:09] [P1D] submitting interaction iid=GM8ALJ.0.72 choice=GM8ALJ.0.72.c1 (Forest)
[15:18:09] [P1D] tap land for mana used_for=any
[15:18:09] [P1D] submitting interaction iid=GM8ALJ.0.73 choice=GM8ALJ.0.73.c1 (Forest)
[15:18:10] [P1D] playing land forest
[15:18:10] [P1D] tap land for mana used_for=any
[15:18:10] [P1D] submitting interaction iid=GM8ALJ.0.79 choice=GM8ALJ.0.79.c1 (Forest)
[15:18:12] [D] playing land forest
[15:18:14] [P1D] tap land for mana used_for=any
[15:18:14] [P1D] submitting interaction iid=GM8ALJ.0.106 choice=GM8ALJ.0.106.c1 (Forest)
[15:18:14] [P1D] tap land for mana used_for=any
[15:18:14] [P1D] submitting interaction iid=GM8ALJ.0.107 choice=GM8ALJ.0.107.c1 (Forest)
[15:18:16] [P1D] tap land for mana used_for=any
[15:18:16] [P1D] submitting interaction iid=GM8ALJ.0.108 choice=GM8ALJ.0.108.c1 (Forest)
[15:18:17] [P1D] playing land forest
[15:18:17] [P1D] tap land for mana used_for=any
[15:18:17] [P1D] submitting interaction iid=GM8ALJ.0.114 choice=GM8ALJ.0.114.c1 (Forest)
[15:18:19] [D] playing land forest
[15:18:21] [P1D] tap land for mana used_for=any
[15:18:21] [P1D] submitting interaction iid=GM8ALJ.0.141 choice=GM8ALJ.0.141.c1 (Forest)
[15:18:21] [P1D] tap land for mana used_for=any
[15:18:21] [P1D] submitting interaction iid=GM8ALJ.0.142 choice=GM8ALJ.0.142.c1 (Forest)
[15:18:21] [P1D] tap land for mana used_for=any
[15:18:21] [P1D] submitting interaction iid=GM8ALJ.0.143 choice=GM8ALJ.0.143.c1 (Forest)
[15:18:21] [P1D] tap land for mana used_for=any
[15:18:21] [P1D] submitting interaction iid=GM8ALJ.0.144 choice=GM8ALJ.0.144.c1 (Forest)
[15:18:22] [P1D] playing land forest
[15:18:22] [P1D] tap land for mana used_for=any
[15:18:22] [P1D] submitting interaction iid=GM8ALJ.0.150 choice=GM8ALJ.0.150.c1 (Forest)
[15:18:26] [P1D] tap land for mana used_for=any
[15:18:26] [P1D] submitting interaction iid=GM8ALJ.0.176 choice=GM8ALJ.0.176.c1 (Forest)
[15:18:27] [P1D] tap land for mana used_for=any
[15:18:27] [P1D] submitting interaction iid=GM8ALJ.0.177 choice=GM8ALJ.0.177.c1 (Forest)
[15:18:27] [P1D] tap land for mana used_for=any
[15:18:27] [P1D] submitting interaction iid=GM8ALJ.0.178 choice=GM8ALJ.0.178.c1 (Forest)
[15:18:27] [P1D] tap land for mana used_for=any
[15:18:27] [P1D] submitting interaction iid=GM8ALJ.0.179 choice=GM8ALJ.0.179.c1 (Forest)
[15:18:27] [P1D] tap land for mana used_for=any
[15:18:27] [P1D] submitting interaction iid=GM8ALJ.0.180 choice=GM8ALJ.0.180.c1 (Forest)
[15:18:28] [P1D] playing land forest
[15:18:28] [P1D] tap land for mana used_for=any
[15:18:28] [P1D] submitting interaction iid=GM8ALJ.0.186 choice=GM8ALJ.0.186.c1 (Forest)
[15:18:31] [D] playing land forest
[15:18:33] [P1D] tap land for mana used_for=any
[15:18:33] [P1D] submitting interaction iid=GM8ALJ.0.213 choice=GM8ALJ.0.213.c1 (Forest)
[15:18:33] [P1D] tap land for mana used_for=any
[15:18:33] [P1D] submitting interaction iid=GM8ALJ.0.214 choice=GM8ALJ.0.214.c1 (Forest)
[15:18:34] [P1D] tap land for mana used_for=any
[15:18:34] [P1D] submitting interaction iid=GM8ALJ.0.215 choice=GM8ALJ.0.215.c1 (Forest)
[15:18:34] [P1D] tap land for mana used_for=any
[15:18:34] [P1D] submitting interaction iid=GM8ALJ.0.216 choice=GM8ALJ.0.216.c1 (Forest)
[15:18:34] [P1D] tap land for mana used_for=any
[15:18:34] [P1D] submitting interaction iid=GM8ALJ.0.217 choice=GM8ALJ.0.217.c1 (Forest)
[15:18:34] [P1D] tap land for mana used_for=any
[15:18:34] [P1D] submitting interaction iid=GM8ALJ.0.218 choice=GM8ALJ.0.218.c1 (Forest)
[15:18:35] [P1D] playing land forest
[15:18:35] [P1D] tap land for mana used_for=any
[15:18:35] [P1D] submitting interaction iid=GM8ALJ.0.224 choice=GM8ALJ.0.224.c1 (Forest)
[15:18:39] [P1D] tap land for mana used_for=any
[15:18:39] [P1D] submitting interaction iid=GM8ALJ.0.250 choice=GM8ALJ.0.250.c1 (Forest)
[15:18:39] [P1D] tap land for mana used_for=any
[15:18:39] [P1D] submitting interaction iid=GM8ALJ.0.251 choice=GM8ALJ.0.251.c1 (Forest)
[15:18:39] [P1D] tap land for mana used_for=any
[15:18:39] [P1D] submitting interaction iid=GM8ALJ.0.252 choice=GM8ALJ.0.252.c1 (Forest)
[15:18:40] [P1D] tap land for mana used_for=any
[15:18:40] [P1D] submitting interaction iid=GM8ALJ.0.253 choice=GM8ALJ.0.253.c1 (Forest)
[15:18:40] [P1D] tap land for mana used_for=any
[15:18:40] [P1D] submitting interaction iid=GM8ALJ.0.254 choice=GM8ALJ.0.254.c1 (Forest)
[15:18:40] [P1D] tap land for mana used_for=any
[15:18:40] [P1D] submitting interaction iid=GM8ALJ.0.255 choice=GM8ALJ.0.255.c1 (Forest)
[15:18:40] [P1D] tap land for mana used_for=any
[15:18:40] [P1D] submitting interaction iid=GM8ALJ.0.256 choice=GM8ALJ.0.256.c1 (Forest)
[15:18:41] [P1D] playing land forest
[15:18:41] [P1D] tap land for mana used_for=any
[15:18:41] [P1D] submitting interaction iid=GM8ALJ.0.262 choice=GM8ALJ.0.262.c1 (Forest)
[15:18:44] [P0D] NOTE: hand=8>7 but vi kind code='relations'; not answering yet
[15:18:45] [P0D] NOTE: hand=8>7 but vi kind code='select'; not answering yet
[15:19:30] WATCHDOG stale P1D: rev 288 turn=16 phase=Cleanup legal=[] vikind=select
[15:19:30] WATCHDOG stale P0D: rev 288 turn=16 phase=Cleanup legal=['SelectCards', 'SelectCards', 'SelectCards', 'SelectCards', 'SelectCards', 'SelectCards', 'SelectCards', 'SelectCards'] vikind=select
[15:20:15] WATCHDOG stale P1D: rev 288 turn=16 phase=Cleanup legal=[] vikind=select
[15:20:15] WATCHDOG stale P0D: rev 288 turn=16 phase=Cleanup legal=['SelectCards', 'SelectCards', 'SelectCards', 'SelectCards', 'SelectCards', 'SelectCards', 'SelectCards', 'SelectCards'] vikind=select
[15:21:00] WATCHDOG stale P1D: rev 288 turn=16 phase=Cleanup legal=[] vikind=select
[15:21:01] WATCHDOG stale P0D: rev 288 turn=16 phase=Cleanup legal=['SelectCards', 'SelectCards', 'SelectCards', 'SelectCards', 'SelectCards', 'SelectCards', 'SelectCards', 'SelectCards'] vikind=select
[15:21:46] WATCHDOG stale P1D: rev 288 turn=16 phase=Cleanup legal=[] vikind=select
[15:21:46] WATCHDOG stale P0D: rev 288 turn=16 phase=Cleanup legal=['SelectCards', 'SelectCards', 'SelectCards', 'SelectCards', 'SelectCards', 'SelectCards', 'SelectCards', 'SelectCards'] vikind=select
[15:22:31] WATCHDOG stale P1D: rev 288 turn=16 phase=Cleanup legal=[] vikind=select
[15:22:31] WATCHDOG stale P0D: rev 288 turn=16 phase=Cleanup legal=['SelectCards', 'SelectCards', 'SelectCards', 'SelectCards', 'SelectCards', 'SelectCards', 'SelectCards', 'SelectCards'] vikind=select
[15:23:16] WATCHDOG stale P1D: rev 288 turn=16 phase=Cleanup legal=[] vikind=select
[15:23:16] WATCHDOG stale P0D: rev 288 turn=16 phase=Cleanup legal=['SelectCards', 'SelectCards', 'SelectCards', 'SelectCards', 'SelectCards', 'SelectCards', 'SelectCards', 'SelectCards'] vikind=select
[15:24:01] WATCHDOG stale P1D: rev 288 turn=16 phase=Cleanup legal=[] vikind=select
[15:24:01] WATCHDOG stale P0D: rev 288 turn=16 phase=Cleanup legal=['SelectCards', 'SelectCards', 'SelectCards', 'SelectCards', 'SelectCards', 'SelectCards', 'SelectCards', 'SelectCards'] vikind=select
[15:24:46] WATCHDOG stale P1D: rev 288 turn=16 phase=Cleanup legal=[] vikind=select
[15:24:46] WATCHDOG stale P0D: rev 288 turn=16 phase=Cleanup legal=['SelectCards', 'SelectCards', 'SelectCards', 'SelectCards', 'SelectCards', 'SelectCards', 'SelectCards', 'SelectCards'] vikind=select
[15:25:31] WATCHDOG stale P1D: rev 288 turn=16 phase=Cleanup legal=[] vikind=select
[15:25:31] WATCHDOG stale P0D: rev 288 turn=16 phase=Cleanup legal=['SelectCards', 'SelectCards', 'SelectCards', 'SelectCards', 'SelectCards', 'SelectCards', 'SelectCards', 'SelectCards'] vikind=select
[15:26:16] WATCHDOG stale P1D: rev 288 turn=16 phase=Cleanup legal=[] vikind=select
[15:26:16] WATCHDOG stale P0D: rev 288 turn=16 phase=Cleanup legal=['SelectCards', 'SelectCards', 'SelectCards', 'SelectCards', 'SelectCards', 'SelectCards', 'SelectCards', 'SelectCards'] vikind=select
[15:27:01] WATCHDOG stale P1D: rev 288 turn=16 phase=Cleanup legal=[] vikind=select
[15:27:01] WATCHDOG stale P0D: rev 288 turn=16 phase=Cleanup legal=['SelectCards', 'SelectCards', 'SelectCards', 'SelectCards', 'SelectCards', 'SelectCards', 'SelectCards', 'SelectCards'] vikind=select
[15:27:15] [D] TIMEOUT
[15:27:16] [D] exported pre_D.json at teardown
[15:27:16] [D] exported post_D.json at teardown
[15:27:16] VERDICT: blocked
