both clients connected
game created: JO63VW
P1 joined
[P0] mulligan: keep 7
[P1] mulligan: keep 7
[diag] t=1s stage=setup turn=1 phase=PreCombatMain wf=Priority asc_bf=0 quest=0 p1mem=0 lands=0 life=20/20 unless=0 bc=0/0
[diag] t=91s stage=setup turn=21 phase=EndCombat wf=Priority asc_bf=0 quest=0 p1mem=17 lands=10 life=20/20 unless=0 bc=0/0
[P0] discarding to hand size: JO63VW.0.645.s0
[P0] submit iid=JO63VW.0.645 choice=JO63VW.0.645.s0 (JO63VW.0.645.s0)
[diag] t=181s stage=setup turn=42 phase=EndCombat wf=Priority asc_bf=0 quest=0 p1mem=27 lands=19 life=20/20 unless=0 bc=0/0
[P0] discarding to hand size: JO63VW.0.711.s0
[P0] submit iid=JO63VW.0.711 choice=JO63VW.0.711.s0 (JO63VW.0.711.s0)
[P0] cast Bloodchief Ascension t46
stage -> counters (was setup)
[P0] cast Bump in the Night (#1) t46
[P0] bump resolved (bumps_cast=1)
[P0] quest-counter offer: answering YES (JO63VW.0.783.c1)
[P0] submit iid=JO63VW.0.783 choice=JO63VW.0.783.c1 (JO63VW.0.783.c1)
[P0] cast Bump in the Night (#2) t48
[P0] bump resolved (bumps_cast=2)
[P0] quest-counter offer: answering YES (JO63VW.0.822.c1)
[P0] submit iid=JO63VW.0.822 choice=JO63VW.0.822.c1 (JO63VW.0.822.c1)
[P0] cast Bump in the Night (#3) t50
[P0] bump resolved (bumps_cast=3)
[P0] quest-counter offer: answering YES (JO63VW.0.861.c1)
[P0] submit iid=JO63VW.0.861 choice=JO63VW.0.861.c1 (JO63VW.0.861.c1)
exported pre.json (turn=50)
stage -> ramp (was counters)
stage -> torment (was ramp)
[P0] cast Torment of Hailfire t52
[P0] Torment ChooseX: spec_type=number
[P0] submitting X=10 (number value)
[P0] X=10 confirmed (wf advanced past ChooseXValue)
stage -> torment_resolve (was torment)
[P1] torment rep 1: branch=sacrifice (kinds=['decline', 'sacrifice', 'discard'])
[P1] submit iid=JO63VW.0.890 choice=JO63VW.0.890.c1 (JO63VW.0.890.c1)
[P1] sacrifice follow-up: memnite oid=62
[P1] submit iid=JO63VW.0.891 choice=JO63VW.0.891.s0 (JO63VW.0.891.s0)
[P1] torment rep 2: branch=sacrifice (kinds=['decline', 'sacrifice', 'discard'])
[P1] submit iid=JO63VW.0.892 choice=JO63VW.0.892.c1 (JO63VW.0.892.c1)
[P1] sacrifice follow-up: memnite oid=72
[P1] submit iid=JO63VW.0.893 choice=JO63VW.0.893.s0 (JO63VW.0.893.s0)
[P1] torment rep 3: branch=sacrifice (kinds=['decline', 'sacrifice', 'discard'])
[P1] submit iid=JO63VW.0.894 choice=JO63VW.0.894.c1 (JO63VW.0.894.c1)
[P1] sacrifice follow-up: memnite oid=84
[P1] submit iid=JO63VW.0.895 choice=JO63VW.0.895.s0 (JO63VW.0.895.s0)
[P1] torment rep 4: branch=sacrifice (kinds=['decline', 'sacrifice', 'discard'])
[P1] submit iid=JO63VW.0.896 choice=JO63VW.0.896.c1 (JO63VW.0.896.c1)
[P1] sacrifice follow-up: memnite oid=89
[P1] submit iid=JO63VW.0.897 choice=JO63VW.0.897.s0 (JO63VW.0.897.s0)
[P1] torment rep 5: branch=sacrifice (kinds=['decline', 'sacrifice', 'discard'])
[P1] submit iid=JO63VW.0.898 choice=JO63VW.0.898.c1 (JO63VW.0.898.c1)
[P1] sacrifice follow-up: memnite oid=95
[P1] submit iid=JO63VW.0.899 choice=JO63VW.0.899.s0 (JO63VW.0.899.s0)
[P1] torment rep 6: branch=sacrifice (kinds=['decline', 'sacrifice', 'discard'])
[P1] submit iid=JO63VW.0.900 choice=JO63VW.0.900.c1 (JO63VW.0.900.c1)
[P1] sacrifice follow-up: memnite oid=101
[P1] submit iid=JO63VW.0.901 choice=JO63VW.0.901.s0 (JO63VW.0.901.s0)
[P1] torment rep 7: branch=sacrifice (kinds=['decline', 'sacrifice', 'discard'])
[P1] submit iid=JO63VW.0.902 choice=JO63VW.0.902.c1 (JO63VW.0.902.c1)
[P1] sacrifice follow-up: memnite oid=117
[P1] submit iid=JO63VW.0.903 choice=JO63VW.0.903.s0 (JO63VW.0.903.s0)
[P1] torment rep 8: branch=sacrifice (kinds=['decline', 'sacrifice', 'discard'])
[P1] submit iid=JO63VW.0.904 choice=JO63VW.0.904.c1 (JO63VW.0.904.c1)
[P1] sacrifice follow-up: memnite oid=109
[P1] submit iid=JO63VW.0.905 choice=JO63VW.0.905.s0 (JO63VW.0.905.s0)
[P1] torment rep 9: branch=sacrifice (kinds=['decline', 'sacrifice', 'discard'])
[P1] submit iid=JO63VW.0.906 choice=JO63VW.0.906.c1 (JO63VW.0.906.c1)
[P1] sacrifice follow-up: memnite oid=103
[P1] submit iid=JO63VW.0.907 choice=JO63VW.0.907.s0 (JO63VW.0.907.s0)
[P1] torment rep 10: branch=sacrifice (kinds=['decline', 'sacrifice', 'discard'])
[P1] submit iid=JO63VW.0.908 choice=JO63VW.0.908.c1 (JO63VW.0.908.c1)
[P1] sacrifice follow-up: memnite oid=66
[P1] submit iid=JO63VW.0.909 choice=JO63VW.0.909.s0 (JO63VW.0.909.s0)
[P0] bloodchief trigger offer #1: ACCEPT (JO63VW.0.912.c1)
[P0] submit iid=JO63VW.0.912 choice=JO63VW.0.912.c1 (JO63VW.0.912.c1)
[P0] quest-counter offer: answering YES (JO63VW.0.923.c1)
[P0] submit iid=JO63VW.0.923 choice=JO63VW.0.923.c1 (JO63VW.0.923.c1)
[diag] t=272s stage=torment_resolve turn=53 phase=Draw wf=Priority asc_bf=1 quest=4 p1mem=22 lands=22 life=22/9 unless=10 bc=1/1
[P1] discard follow-up: oid=93
[P1] submit iid=JO63VW.0.930 choice=JO63VW.0.930.c1 (JO63VW.0.930.c1)
[P1] sacrifice follow-up: memnite oid=61
[P1] submit iid=JO63VW.0.937 choice=JO63VW.0.937.r0 (JO63VW.0.937.r0)
exported post_torment.json (turn=53)
[P0] unless-pay loop done: prompts=10 p1_gy_memnites=10 expected_triggers=10
stage -> triggers (was torment_resolve)
[P1] discard follow-up: oid=63
[P1] submit iid=JO63VW.0.962 choice=JO63VW.0.962.c1 (JO63VW.0.962.c1)
[P1] sacrifice follow-up: memnite oid=61
[P1] submit iid=JO63VW.0.969 choice=JO63VW.0.969.r0 (JO63VW.0.969.r0)
[P1] discard follow-up: oid=110
[P1] submit iid=JO63VW.0.995 choice=JO63VW.0.995.c1 (JO63VW.0.995.c1)
[P1] sacrifice follow-up: memnite oid=61
[P1] submit iid=JO63VW.0.1002 choice=JO63VW.0.1002.r0 (JO63VW.0.1002.r0)
[P1] discard follow-up: oid=64
[P1] submit iid=JO63VW.0.1028 choice=JO63VW.0.1028.c1 (JO63VW.0.1028.c1)
[P1] sacrifice follow-up: memnite oid=61
[P1] submit iid=JO63VW.0.1035 choice=JO63VW.0.1035.r0 (JO63VW.0.1035.r0)
[P1] discard follow-up: oid=87
[P1] submit iid=JO63VW.0.1060 choice=JO63VW.0.1060.c1 (JO63VW.0.1060.c1)
[P1] sacrifice follow-up: memnite oid=61
[P1] submit iid=JO63VW.0.1067 choice=JO63VW.0.1067.r0 (JO63VW.0.1067.r0)
[P1] discard follow-up: oid=112
[P1] submit iid=JO63VW.0.1093 choice=JO63VW.0.1093.c1 (JO63VW.0.1093.c1)
[P1] sacrifice follow-up: memnite oid=61
[P1] submit iid=JO63VW.0.1100 choice=JO63VW.0.1100.r0 (JO63VW.0.1100.r0)
[diag] t=363s stage=triggers turn=64 phase=BeginCombat wf=Priority asc_bf=1 quest=4 p1mem=28 lands=26 life=22/9 unless=10 bc=1/1
[P0] triggers quiet 90s: bc_answered=1 expected=10; settling
stage -> settle (was triggers)
[P1] discard follow-up: oid=120
[P1] submit iid=JO63VW.0.1126 choice=JO63VW.0.1126.c1 (JO63VW.0.1126.c1)
[P1] sacrifice follow-up: memnite oid=61
[P1] submit iid=JO63VW.0.1133 choice=JO63VW.0.1133.r0 (JO63VW.0.1133.r0)
exported post.json (turn=67)
loaded pre.json
loaded post_torment.json
loaded post.json
wrote server.log excerpts (2316 lines)
rendered summary.png
wrote manifest.sha256
