[09:16:06] server identity hashes verified against the v0.103.0 pin
[09:16:09] ServerHello: version=0.103.0 build=ec27a8d protocol=106 mode=Full
[09:16:09] A1_parse: passed checks={'LifeGained': True, 'PutCounter': True, 'EventContextAmount': True, 'optional': True, 'OncePerTurn': True, 'Typed': True, 'Creature': True}
[09:16:09] P0 creating game (default Bo1, 2 seats)...
[09:16:09] P1 joining...
[09:16:13] game 5QO31O; P0 seat=0 P1 seat=1 RUN_ID=20261008-7142d
[09:16:14] [P0] mulligan -> Keep (hand=['grizzly bears', 'plains', 'nykthos paragon', 'nykthos paragon', 'grizzly bears', 'healing salve', 'plains'])
[09:16:14] [P1] mulligan -> Keep (hand=['forest', 'forest', 'forest', 'forest', 'forest', 'forest', 'forest'])
[09:16:14] DIAG turn=1 active=0 phase=Untap pp=0 life=[20, 20] stage=setup paragon_bf=0 bears_bf=0 salve1=False/False offer1=False/False salve2=False/False offer2=False/False stack=0
[09:16:14] life = (20, 20)
[09:16:15] [P0] plays land plains (target 99 untapped)
[09:16:21] [P1] discards 1: ['forest']
[09:16:22] [P0] plays land plains (target 99 untapped)
[09:16:29] [P1] discards 1: ['forest']
[09:16:30] [P0] plays land forest (target 99 untapped)
[09:16:31] [P0] casting grizzly bears oid=22 (engine Auto payment)
[09:16:37] [P1] discards 1: ['forest']
[09:16:39] [P0] plays land forest (target 99 untapped)
[09:16:39] [P0] casting grizzly bears oid=52 (engine Auto payment)
[09:16:46] [P1] discards 1: ['forest']
[09:16:54] [P1] discards 1: ['forest']
[09:16:55] [P0] plays land plains (target 99 untapped)
[09:17:01] [P1] discards 1: ['forest']
[09:17:03] [P0] plays land plains (target 99 untapped)
[09:17:03] [P0] casting nykthos paragon oid=14 (engine Auto payment)
[09:17:10] [P1] discards 1: ['forest']
[09:17:11] [P0] plays land plains (target 99 untapped)
[09:17:12] exported PRE
[09:17:12] [P0] PRE exported: paragon=1 bears=2 salves=2 untapped_plains=5
[09:17:14] DIAG turn=15 active=0 phase=PreCombatMain pp=0 life=[20, 20] stage=salve1 paragon_bf=1 bears_bf=2 salve1=False/False offer1=False/False salve2=False/False offer2=False/False stack=0
[09:17:17] [P0] casting healing salve #1 (oid=9)
[09:17:17] [P0] salve mode (leg 1): picking lifegain branch (Target player gains 3 life.)
[09:17:17] [P0] submitting interaction iid=5QO31O.0.230 choice=5QO31O.0.230.o0 (0)
[09:17:17] [P0] salve target (leg 1): choosing self (seat 0)
[09:17:17] [P0] submitting interaction iid=5QO31O.0.231 choice=5QO31O.0.231.t0 ()
[09:17:18] life = (23, 20)
[09:17:18] [P0] salve #1 resolved: P0 20->23
[09:17:18] [P0] NYKTHOS offer (leg 1): n=2 accept=['false', 'true']
[09:17:18] exported OFFER1
[09:17:18] [P0] DECLINING the Paragon counters (leg 1)
[09:17:18] [P0] submitting interaction iid=5QO31O.0.236 choice=5QO31O.0.236.c0 (false)
[09:17:20] [P0] leg 1 settled after decline; starting leg 2
[09:17:25] [P0] casting healing salve #2 (oid=49)
[09:17:26] [P0] salve mode (leg 2): picking lifegain branch (Target player gains 3 life.)
[09:17:26] [P0] submitting interaction iid=5QO31O.0.245 choice=5QO31O.0.245.o0 (0)
[09:17:26] [P0] salve target (leg 2): choosing self (seat 0)
[09:17:26] [P0] submitting interaction iid=5QO31O.0.246 choice=5QO31O.0.246.t0 ()
[09:17:28] life = (26, 20)
[09:17:28] [P0] salve #2 resolved: P0 20->26
[09:17:32] [P1] discards 1: ['forest']
[09:17:40] [P1] discards 1: ['forest']
[09:17:41] [P0] plays land forest (target 99 untapped)
[09:17:48] [P1] discards 1: ['forest']
[09:17:49] [P0] plays land plains (target 99 untapped)
[09:17:57] [P1] discards 1: ['forest']
[09:17:58] [P0] plays land forest (target 99 untapped)
[09:18:05] [P1] discards 1: ['forest']
[09:18:07] [P0] plays land forest (target 99 untapped)
[09:18:13] [P1] discards 1: ['forest']
[09:18:14] DIAG turn=27 active=0 phase=Upkeep pp=1 life=[26, 20] stage=salve2 paragon_bf=1 bears_bf=2 salve1=True/True offer1=True/True salve2=True/True offer2=False/False stack=0
[09:18:21] [P1] discards 1: ['forest']
[09:18:29] [P1] discards 1: ['forest']
[09:18:31] [P0] plays land plains (target 99 untapped)
[09:18:38] [P1] discards 1: ['forest']
[09:18:40] [P0] plays land plains (target 99 untapped)
[09:18:43] [P0] leg 2: no Nykthos offer within 75s of lifegain; exporting post
[09:18:43] exported POST
[09:18:43] loop ended: elapsed=154s
[09:18:43] wrote run.json verdict=reproduced
[09:18:43] A1_parse: passed
[09:18:43] A2_setup: passed
[09:18:43] A3_offer1: passed
[09:18:43] A4_decline_preserves: failed
[09:18:43] A5_counters_all: not-run
[09:18:43] A6_cleanup: passed
[09:18:43] copied scenario_7142_01030.py into EVDIR
[09:18:43] server.log: wrote note instead (no runs/<run-id>/server.log)
[09:18:43] wrote summary.png
[09:18:43] manifest: MISSING offer2.json
[09:18:43] manifest: MISSING offer2_opp.json
[09:18:43] manifest: MISSING choice_opp.json
[09:18:43] wrote manifest.sha256 (11 files)
[09:18:43] scenario finished
[09:18:43] manifest: MISSING offer2.json
[09:18:43] manifest: MISSING offer2_opp.json
[09:18:43] manifest: MISSING choice_opp.json
