[20:51:37] starting issue #7161 run run-7161-reval-v01040-20261008-2041
[20:51:37] ServerHello: version=0.104.0 build=4227122 protocol=118 mode=Full
[20:51:39] parse_evidence.json written (Harvester parse captured)
[20:51:40] game MWTMFH P0seat=0 P1seat=1
[20:51:40] [P0] keep 7: ['abyssal harvester', 'swamp', 'lightning bolt', 'mountain', 'abyssal harvester', 'swamp', 'abyssal harvester']
[20:51:40] [P1] keep 7: ['forest', 'forest', 'forest', 'forest', 'grizzly bears', 'forest', 'grizzly bears']
[20:51:40] DIAG turn=1 active=1 phase=Untap stage=setup P0hand=7 P1hand=7 stack=0
[20:51:43] [P0] discarding ['Swamp'] to hand size
[20:51:45] [P1] casts Grizzly Bears (turn 3)
[20:51:48] [P0] discarding ['Swamp'] to hand size
[20:51:50] [P1] casts Grizzly Bears (turn 5)
[20:51:53] [P0] discarding ['Mountain'] to hand size
[20:51:53] P0 casts Abyssal Harvester (turn 6)
[20:51:54] Harvester on BF oid=2 cast_turn=6
[20:51:56] [P1] casts Grizzly Bears (turn 7)
[20:51:56] [P1] casts Grizzly Bears (turn 7)
[20:51:59] P0 casts Bolt targeting Bear 62 (turn 8); stage=kill
[20:51:59] [P0] submitting advertised target: id=MWTMFH.0.130.t5 kind=sequence (Grizzly Bears)
[20:52:00] Bear died -> P1 graveyard oid=62 turn=8; exporting pre.json
[20:52:05] P0 activated Harvester (turn 8); stage=watch
[20:52:05] leg1 resolved: bear exiled; nightmare tokens on P0 BF: NONE; exporting post.json
[20:52:13] [P1] casts Grizzly Bears (turn 9)
[20:52:16] P0 leg2: casts Bolt targeting Bear 66 (turn 10); stage=leg2kill
[20:52:16] [P0] submitting advertised target: id=MWTMFH.0.171.t2 kind=sequence (Grizzly Bears)
[20:52:17] leg2: Bear2 died oid=66 turn=10; stage=leg2activate
[20:52:22] P0 leg2: activated Harvester again (turn 10)
[20:52:22] leg2 resolved: bear2 exiled; tokens now: NONE; exporting post_leg2.json
[20:52:22] done flag set; finishing
[20:52:22] game finished ok=True stage=leg2watch
[20:52:22] rendered summary.png
