===== GAME A: instant (Shock), accept the free cast =====
[A] game 318253; seats P0=0 P1=1
[A] P0 mulligans (x1)
[A] P1 mulligans (x1)
[A] DIAG turn=1 phase=Untap wf=MulliganDecision pp=1 hk=None staged=False murder=False dead=False dies=False resolved=False may_seen=False life=[20, 20] stack=0
[A] P0 mulligans (x2)
[A] P1 mulligans (x2)
[A] P1 keeps
[A] P0 keeps
[A/P1] interaction rtype=exactChoices spec=None n=2 wtype=MulliganDecision
[A] P0 bottoms 1: ['hidetsugu and kairi']
[A] P1 bottoms 2: ['murder', 'murder']
[A] P0 swap-back: keeping H&K in hand
[A] P0 bottoms 2: ['hidetsugu and kairi', 'island']
[A] P0 swap-back: keeping H&K in hand
[A] P0 bottoms 2: ['hidetsugu and kairi', 'island']
[A/P1] interaction rtype=exactChoices spec=None n=1 wtype=Priority
[A/P0] interaction rtype=exactChoices spec=None n=1 wtype=Priority
[A/P1] interaction rtype=exactChoices spec=None n=5 wtype=Priority
[A/P1] interaction rtype=exactChoices spec=None n=2 wtype=Priority
[A/P0] interaction rtype=exactChoices spec=None n=4 wtype=Priority
[A/P0] interaction rtype=exactChoices spec=None n=2 wtype=Priority
[A/P1] interaction rtype=exactChoices spec=None n=6 wtype=Priority
[A/P1] interaction rtype=exactChoices spec=None n=3 wtype=Priority
[A/P0] interaction rtype=exactChoices spec=None n=3 wtype=Priority
[A/P1] interaction rtype=exactChoices spec=None n=7 wtype=Priority
[A/P1] interaction rtype=exactChoices spec=None n=4 wtype=Priority
[A/P1] interaction rtype=exactChoices spec=None n=8 wtype=Priority
[A/P1] interaction rtype=exactChoices spec=None n=9 wtype=Priority
[A/P1] interaction rtype=exactChoices spec=None n=10 wtype=Priority
[A/P0] interaction rtype=schema spec=select n=8 wtype=DiscardToHandSize
[A/P0] answers discard with 1 choice(s)
[A/P0] answers discard with 1 choice(s)
[A/P1] interaction rtype=exactChoices spec=None n=11 wtype=Priority
[A/P0] answers discard with 1 choice(s)
[A/P1] interaction rtype=exactChoices spec=None n=12 wtype=Priority
[A/P0] answers discard with 1 choice(s)
[A/P1] interaction rtype=exactChoices spec=None n=13 wtype=Priority
[A/P0] interaction rtype=exactChoices spec=None n=5 wtype=Priority
[A/P1] interaction rtype=exactChoices spec=None n=14 wtype=Priority
[A] DIAG turn=21 phase=BeginCombat wf=Priority pp=1 hk=None staged=False murder=False dead=False dies=False resolved=False may_seen=False life=[20, 20] stack=0
[A/P0] interaction rtype=exactChoices spec=None n=6 wtype=Priority
[A/P0] interaction rtype=exactChoices spec=None n=12 wtype=Priority
[A] P0 casts Hidetsugu and Kairi
[A] Hidetsugu and Kairi on battlefield (oid 18)
[A] H&K ETB trigger on stack
[A] exported A_tmp_top.json
[A] topcheck turn 22: top=shock
[A] library top staged via wait (shock)
[A] exported A_pre_kill.json
[A] P1 casts Murder on Hidetsugu and Kairi
[A] Hidetsugu and Kairi is dead
[A] *** DIES TRIGGER ON STACK ***
[A] ETB trigger resolved (staged=True)
[A/P0] interaction rtype=schema spec=select n=9 wtype=EffectZoneChoice
[A/P0] answers etb_putback with 2 choice(s)
[A] exported A_mid_etb.json
[A] mid_etb top2=['shock', 'shock']
[A] library top staged via ETB put-back
[A] exported A_post_trigger.json
[A] dies trigger resolved; waiting_for=Priority; P1 life=19
[A/P1] interaction rtype=exactChoices spec=None n=15 wtype=Priority
[A] settle: waiting_for=None (not Priority); round 1
[A/P0] interaction rtype=exactChoices spec=None n=13 wtype=Priority
[A/P0] interaction rtype=exactChoices spec=None n=11 wtype=Priority
[A/P0] interaction rtype=exactChoices spec=None n=7 wtype=Priority
[A] settle: waiting_for=None (not Priority); round 2
[A/P1] interaction rtype=exactChoices spec=None n=16 wtype=Priority
[A] settle: waiting_for=None (not Priority); round 3
[A/P1] interaction rtype=schema spec=select n=8 wtype=DiscardToHandSize
[A/P1] answers discard with 1 choice(s)
[A] settle: waiting_for=None (not Priority); round 4
[A/P0] interaction rtype=exactChoices spec=None n=8 wtype=Priority
[A] settle: waiting_for=None (not Priority); round 5
[A] exported A_post.json
[A] post exported at turn 26; game finished
[A] ASSERTIONS: A1_setup_ok: passed; A2_trigger_resolves: passed; A3_cast_offered: failed; A4_free_cast: not-run; A5_cleanup: passed;
[A] VERDICT: reproduced
===== GAME B: sorcery (Divination), accept the free cast =====
[B] game 0P14ZL; seats P0=0 P1=1
[B] P0 mulligans (x1)
[B] P1 keeps
[B] DIAG turn=1 phase=Untap wf=MulliganDecision pp=1 hk=None staged=False murder=False dead=False dies=False resolved=False may_seen=False life=[20, 20] stack=0
[B] P0 keeps
[B] P0 bottoms 1: ['divination']
[B/P1] interaction rtype=exactChoices spec=None n=1 wtype=Priority
[B/P0] interaction rtype=exactChoices spec=None n=1 wtype=Priority
[B/P1] interaction rtype=exactChoices spec=None n=6 wtype=Priority
[B/P1] interaction rtype=exactChoices spec=None n=2 wtype=Priority
[B/P0] interaction rtype=exactChoices spec=None n=5 wtype=Priority
[B/P0] interaction rtype=exactChoices spec=None n=2 wtype=Priority
[B/P1] interaction rtype=exactChoices spec=None n=7 wtype=Priority
[B/P1] interaction rtype=exactChoices spec=None n=3 wtype=Priority
[B/P0] interaction rtype=exactChoices spec=None n=6 wtype=Priority
[B/P0] interaction rtype=exactChoices spec=None n=3 wtype=Priority
[B/P1] interaction rtype=exactChoices spec=None n=8 wtype=Priority
[B/P1] interaction rtype=exactChoices spec=None n=4 wtype=Priority
[B/P0] interaction rtype=exactChoices spec=None n=4 wtype=Priority
[B/P1] interaction rtype=exactChoices spec=None n=9 wtype=Priority
[B/P1] interaction rtype=exactChoices spec=None n=5 wtype=Priority
[B/P0] interaction rtype=exactChoices spec=None n=7 wtype=Priority
[B/P0] interaction rtype=exactChoices spec=None n=9 wtype=Priority
[B/P1] interaction rtype=exactChoices spec=None n=10 wtype=Priority
[B/P0] interaction rtype=exactChoices spec=None n=11 wtype=Priority
[B/P0] interaction rtype=exactChoices spec=None n=16 wtype=Priority
[B] P0 casts Hidetsugu and Kairi
[B] Hidetsugu and Kairi on battlefield (oid 7)
[B] H&K ETB trigger on stack
[B] exported B_tmp_top.json
[B] topcheck turn 10: top=divination
[B] library top staged via wait (divination)
[B] exported B_pre_kill.json
[B] P1 casts Murder on Hidetsugu and Kairi
[B] Hidetsugu and Kairi is dead
[B] *** DIES TRIGGER ON STACK ***
[B] ETB trigger resolved (staged=True)
[B/P0] interaction rtype=schema spec=select n=8 wtype=EffectZoneChoice
[B/P0] answers etb_putback with 2 choice(s)
[B] exported B_mid_etb.json
[B] mid_etb top2=['divination', 'divination']
[B] library top staged via ETB put-back
[B] exported B_post_trigger.json
[B] dies trigger resolved; waiting_for=Priority; P1 life=17
[B/P1] interaction rtype=exactChoices spec=None n=11 wtype=Priority
[B] settle: waiting_for=None (not Priority); round 1
[B/P0] interaction rtype=exactChoices spec=None n=17 wtype=Priority
[B/P0] interaction rtype=exactChoices spec=None n=15 wtype=Priority
[B] settle: waiting_for=None (not Priority); round 2
[B/P1] interaction rtype=exactChoices spec=None n=12 wtype=Priority
[B] settle: waiting_for=None (not Priority); round 3
[B/P0] interaction rtype=exactChoices spec=None n=19 wtype=Priority
[B/P0] interaction rtype=exactChoices spec=None n=18 wtype=Priority
[B/P0] interaction rtype=exactChoices spec=None n=8 wtype=Priority
[B/P1] interaction rtype=exactChoices spec=None n=13 wtype=Priority
[B] settle: waiting_for=None (not Priority); round 4
[B/P0] interaction rtype=exactChoices spec=None n=21 wtype=Priority
[B] settle: waiting_for=None (not Priority); round 5
[B] exported B_post.json
[B] post exported at turn 16; game finished
[B] ASSERTIONS: A1_setup_ok: passed; A2_trigger_resolves: passed; A3_cast_offered: failed; A4_free_cast: not-run; A5_cleanup: passed;
[B] VERDICT: reproduced
===== GAME C: instant (Shock), decline control =====
[C] game 0GQ9EG; seats P0=0 P1=1
[C] P0 keeps
[C] P1 keeps
[C] DIAG turn=1 phase=Untap wf=MulliganDecision pp=0 hk=None staged=False murder=False dead=False dies=False resolved=False may_seen=False life=[20, 20] stack=0
[C/P0] interaction rtype=exactChoices spec=None n=1 wtype=Priority
[C/P1] interaction rtype=exactChoices spec=None n=1 wtype=Priority
[C/P0] interaction rtype=exactChoices spec=None n=6 wtype=Priority
[C/P0] interaction rtype=exactChoices spec=None n=2 wtype=Priority
[C/P1] interaction rtype=exactChoices spec=None n=8 wtype=Priority
[C/P1] interaction rtype=exactChoices spec=None n=2 wtype=Priority
[C/P0] interaction rtype=exactChoices spec=None n=3 wtype=Priority
[C/P1] interaction rtype=exactChoices spec=None n=9 wtype=Priority
[C/P1] interaction rtype=exactChoices spec=None n=3 wtype=Priority
[C/P0] interaction rtype=exactChoices spec=None n=7 wtype=Priority
[C/P0] interaction rtype=exactChoices spec=None n=4 wtype=Priority
[C/P1] interaction rtype=exactChoices spec=None n=10 wtype=Priority
[C/P1] interaction rtype=exactChoices spec=None n=4 wtype=Priority
[C/P0] interaction rtype=exactChoices spec=None n=8 wtype=Priority
[C/P0] interaction rtype=exactChoices spec=None n=5 wtype=Priority
[C/P1] interaction rtype=exactChoices spec=None n=11 wtype=Priority
[C/P1] interaction rtype=exactChoices spec=None n=5 wtype=Priority
[C/P0] interaction rtype=exactChoices spec=None n=12 wtype=Priority
[C] P0 casts Hidetsugu and Kairi
[C] Hidetsugu and Kairi on battlefield (oid 24)
[C] H&K ETB trigger on stack
[C] exported C_tmp_top.json
[C] topcheck turn 9: top=hidetsugu and kairi
[C/P1] interaction rtype=exactChoices spec=None n=7 wtype=Priority
[C] ETB trigger resolved (staged=False)
[C/P0] interaction rtype=schema spec=select n=8 wtype=EffectZoneChoice
[C/P0] answers etb_putback with 2 choice(s)
[C] exported C_mid_etb.json
[C] mid_etb top2=['shock', 'shock']
[C] library top staged via ETB put-back
[C] exported C_pre_kill.json
[C] P1 casts Murder on Hidetsugu and Kairi
[C] Hidetsugu and Kairi is dead
[C] *** DIES TRIGGER ON STACK ***
[C] exported C_post_trigger.json
[C] dies trigger resolved; waiting_for=Priority; P1 life=19
[C/P1] interaction rtype=exactChoices spec=None n=12 wtype=Priority
[C/P1] interaction rtype=exactChoices spec=None n=6 wtype=Priority
[C] settle: waiting_for=None (not Priority); round 1
[C/P0] interaction rtype=exactChoices spec=None n=15 wtype=Priority
[C/P0] interaction rtype=exactChoices spec=None n=13 wtype=Priority
[C] settle: waiting_for=None (not Priority); round 2
[C/P1] interaction rtype=exactChoices spec=None n=13 wtype=Priority
[C] settle: waiting_for=None (not Priority); round 3
[C/P0] interaction rtype=exactChoices spec=None n=14 wtype=Priority
[C] settle: waiting_for=None (not Priority); round 4
[C] settle: waiting_for=None (not Priority); round 5
[C] exported C_post.json
[C] post exported at turn 14; game finished
[C] ASSERTIONS: A1_setup_ok: passed; A2_trigger_resolves: passed; A3_cast_offered: failed; A4_free_cast: not-run; A5_cleanup: passed;
[C] VERDICT: reproduced
OVERALL VERDICT: reproduced
run.json written (verdict=reproduced)
