game HQBGKS; P0 seat=0 P1 seat=1
P0 keeps (hand=['swamp', 'island', 'swamp', 'island', 'nethergoyf', 'shock', 'rancor'], mulls=0)
[vi wf-MulliganDecision/P0] rtype=exactChoices spec=None prompt='' choices=[('', 'available'), ('', 'available')]
P1 keeps (hand=['mountain', 'lightning bolt', 'mountain', 'mountain', 'mountain', 'mountain', 'mountain'], mulls=0)
DIAG turn=1 active=1 phase=Untap wf=MulliganDecision pp=1 hand=['swamp', 'island', 'swamp', 'island', 'nethergoyf', 'shock'] gy0=[] goyf_gy=False phase_sm=setup escape_live=False
P1 plays land mountain
P0 plays land swamp
P1 plays land mountain
P0 plays land island
P0 casts Nethergoyf
P0 casts Ornithopter
P1 plays land mountain
[P1] bolt diag: target=nethergoyf oid=28 untapped_mtn=3 bolt_in_hand=True
P1 bolts nethergoyf (oid 28)
[P1] target_p1_bolt_pending: submit sequence ids=['HQBGKS.0.74.t2'] (rtype=schema spec=sequence)
[P1] bolt diag: target=nethergoyf oid=28 untapped_mtn=2 bolt_in_hand=False
[P1] bolt diag: target=ornithopter oid=9 untapped_mtn=2 bolt_in_hand=False
[P1] bolt diag: target=ornithopter oid=9 untapped_mtn=2 bolt_in_hand=False
P0 plays land swamp
[vi wf-DeclareAttackers/P0] rtype=schema spec=relations prompt='' choices=[('Ornithopter', 'available'), ('', 'available')]
P1 plays land mountain
[P1] bolt diag: target=ornithopter oid=9 untapped_mtn=4 bolt_in_hand=False
[P1] bolt diag: target=ornithopter oid=9 untapped_mtn=4 bolt_in_hand=False
P0 plays land island
[vi wf-DeclareAttackers/P0] rtype=schema spec=relations prompt='' choices=[('Ornithopter', 'available'), ('', 'available')]
P1 plays land mountain
[P1] bolt diag: target=ornithopter oid=9 untapped_mtn=5 bolt_in_hand=False
[P1] bolt diag: target=ornithopter oid=9 untapped_mtn=5 bolt_in_hand=False
P0 plays land swamp
[vi wf-DeclareAttackers/P0] rtype=schema spec=relations prompt='' choices=[('Ornithopter', 'available'), ('', 'available')]
P1 plays land mountain
[P1] bolt diag: target=ornithopter oid=9 untapped_mtn=6 bolt_in_hand=True
P1 bolts ornithopter (oid 9)
[P1] target_p1_bolt_pending: submit sequence ids=['HQBGKS.0.171.t2'] (rtype=schema spec=sequence)
[P1] bolt diag: target=ornithopter oid=9 untapped_mtn=5 bolt_in_hand=False
P1 plays land mountain
P1 plays land mountain
[P0] discard_to_hand_size: submit select ids=['HQBGKS.0.256.s0'] (rtype=schema spec=select)
[vi wf-DiscardToHandSize/P0] rtype=schema spec=select prompt='' choices=[('Shock', 'available'), ('Rancor', 'available'), ('Grizzly Bears', 'available'), ('Ornithopter', 'available'), ('Ornithopter', 'available'), ('Nethergoyf', 'available'), ('Rancor', 'available'), ('Rancor', 'available')]
P1 plays land mountain
[P0] discard_to_hand_size: submit select ids=['HQBGKS.0.286.s0'] (rtype=schema spec=select)
[vi wf-DiscardToHandSize/P0] rtype=schema spec=select prompt='' choices=[('Rancor', 'available'), ('Grizzly Bears', 'available'), ('Ornithopter', 'available'), ('Ornithopter', 'available'), ('Nethergoyf', 'available'), ('Rancor', 'available'), ('Rancor', 'available'), ('Grizzly Bears', 'available')]
P1 plays land mountain
P0 plays land swamp
[P0] CastSpell offered: nethergoyf zone=Hand data_keys=['card_id', 'object_id', 'payment_mode', 'targets']
[P0] CastSpell offered: nethergoyf zone=Graveyard data_keys=['card_id', 'object_id', 'payment_mode', 'targets']
[P0] CastSpell offered: ornithopter zone=Hand data_keys=['card_id', 'object_id', 'payment_mode', 'targets']
[P0] CastSpell offered: ornithopter zone=Hand data_keys=['card_id', 'object_id', 'payment_mode', 'targets']
[P0] CastSpell offered: ornithopter zone=Hand data_keys=['card_id', 'object_id', 'payment_mode', 'targets']
[P0] CastSpell offered: nethergoyf zone=Hand data_keys=['card_id', 'object_id', 'payment_mode', 'targets']
[P0] CastSpell offered: nethergoyf zone=Graveyard data_keys=['card_id', 'object_id', 'payment_mode', 'targets']
[P0] CastSpell offered: ornithopter zone=Hand data_keys=['card_id', 'object_id', 'payment_mode', 'targets']
exported pre_escape.json
[P0] initiating ESCAPE of Nethergoyf (gy oid 28)
[vi esc/P0] rtype=exactChoices spec=None prompt='' choices=[('', 'available'), ('Nethergoyf', 'available'), ('Nethergoyf', 'available'), ('Nethergoyf', 'available'), ('Nethergoyf', 'available'), ('Ornithopter', 'available'), ('Ornithopter', 'available'), ('Ornithopter', 'available')]
[P0] EXILE CHOICE PROMPT SEEN (vi): rtype=schema n=3
[P0] exile prompt spec='select' rtype='schema'
[P0] invalid_subset_1card: submit select ids=['HQBGKS.0.308.s1'] (rtype=schema spec=select)
[vi esc/P0] rtype=schema spec=select prompt='' choices=[('Ornithopter', 'available'), ('Shock', 'available'), ('Rancor', 'available')]
[P0] escape cast accepted: Nethergoyf left the graveyard
[vi esc/P0] rtype=exactChoices spec=None prompt='' choices=[('', 'available'), ('Island', 'available'), ('Swamp', 'available'), ('Swamp', 'available')]
[P0] exile prompt spec=None rtype='exactChoices'
[P0] exile prompt already probed; leaving unanswered
[P0] INVALID 1-card subset was ACCEPTED (missing 4-type constraint) - related failure
exported post_escape.json
[P0] ESCAPE COMPLETE: Nethergoyf on battlefield; exported post_escape.json
escape complete; finishing
