game H92L7D; P0 seat=0 P1 seat=1
P0 keeps (delver=True, islands=2)
P1 keeps opening hand
DIAG turn=1 active=1 phase=Untap wf=MulliganDecision pp=1 P0hand=['divination', 'delver of secrets', 'delver of secrets', 'divination', 'delver of secrets', 'island', 'island'] delver=[] stack=0 upkeeps=0 cast=False
P0 casts delver of secrets
--- P0 upkeep #1: Delver oid 10 on BF; exporting upkeep pre
upkeep #1: trigger stack ids [121], reveals so far []
accepting optional reveal: H92L7D.0.82 choice H92L7D.0.82.c1
upkeep #1: trigger resolved; exporting upkeep post
upkeep #1: newly revealed oids [6] -> ['Delver of Secrets']
upkeep #1: revealed Delver of Secrets types=['Creature']
--- P0 upkeep #2: Delver oid 10 on BF; exporting upkeep pre
upkeep #2: trigger stack ids [], reveals so far [6]
P0 declares no attackers
accepting optional reveal: H92L7D.0.116 choice H92L7D.0.116.c1
upkeep #2: trigger resolved; exporting upkeep post
upkeep #2: newly revealed oids [36] -> ['Island']
upkeep #2: revealed Island types=['Land']
--- P0 upkeep #3: Delver oid 10 on BF; exporting upkeep pre
upkeep #3: trigger stack ids [], reveals so far [36]
P0 declares no attackers
accepting optional reveal: H92L7D.0.150 choice H92L7D.0.150.c1
upkeep #3: trigger resolved; exporting upkeep post
upkeep #3: newly revealed oids [32] -> ['Delver of Secrets']
upkeep #3: revealed Delver of Secrets types=['Creature']
--- P0 upkeep #4: Delver oid 10 on BF; exporting upkeep pre
upkeep #4: trigger stack ids [], reveals so far [32]
P0 declares no attackers
accepting optional reveal: H92L7D.0.183 choice H92L7D.0.183.c1
upkeep #4: trigger resolved; exporting upkeep post
upkeep #4: newly revealed oids [20] -> ['Island']
upkeep #4: revealed Island types=['Land']
--- P0 upkeep #5: Delver oid 10 on BF; exporting upkeep pre
upkeep #5: trigger stack ids [], reveals so far [20]
P0 declares no attackers
accepting optional reveal: H92L7D.0.217 choice H92L7D.0.217.c1
upkeep #5: trigger resolved; exporting upkeep post
upkeep #5: newly revealed oids [16] -> ['Island']
upkeep #5: revealed Island types=['Land']
--- P0 upkeep #6: Delver oid 10 on BF; exporting upkeep pre
upkeep #6: trigger stack ids [], reveals so far [16]
P0 declares no attackers
accepting optional reveal: H92L7D.0.251 choice H92L7D.0.251.c1
upkeep #6: trigger resolved; exporting upkeep post
upkeep #6: newly revealed oids [45] -> ['Divination']
upkeep #6: revealed Divination types=['Sorcery']
DECISIVE upkeep #6: Divination revealed; finishing
