[02:43:48] ServerHello: version=0.104.0 build=4227122 protocol=118 mode=Full
[02:43:48] data-level check: ok=True notes=["mana_cost={'type': 'Cost', 'shards': ['Blue', 'Blue', 'Black'], 'generic': 2}"]
[02:43:50] [instant] game I50Y1Y; P0 seat=0 P1 seat=1
[02:43:50] [P0-instant] keep 7: ['murder', 'island', 'lightning bolt', 'murder', 'island', 'swamp', 'mystical tutor']
[02:43:50] [P1-instant] keep 7: ['island', 'island', 'island', 'island', 'island', 'island', 'island']
[02:43:51] [P1-instant] PENDING-DUMP (p1_real_decision): canSubmit=True kind=choose n_ops=1 atypes=['PassPriority', 'PlayLand']
[02:43:51] [P1-instant]   opp iid=I50Y1Y.0.6 rtype=exactChoices spec=None n=8 first={"id": "I50Y1Y.0.6.c0", "surfaces": [{"type": "summary", "data": {"code": "candidate"}}, {"type": "action", "data": {"code": "passPriority", "actionId": "aa9063230e9a1e8880abc47051b715da0ce68724929194424f44c81e1695ecca0"}}], "status": {"type": "available"}}
[02:43:51] [P1-instant] playing land island
[02:43:54] [P0-instant] playing land island
[02:43:57] [P1-instant] playing land island
[02:44:01] [P0-instant] playing land island
[02:44:04] [P1-instant] playing land island
[02:44:07] [P0-instant] playing land swamp
[02:44:10] [P1-instant] PENDING-DUMP (p1_real_decision): canSubmit=True kind=choose n_ops=1 atypes=['PassPriority', 'PlayLand', 'TapLandForMana']
[02:44:10] [P1-instant]   opp iid=I50Y1Y.0.96 rtype=exactChoices spec=None n=11 first={"id": "I50Y1Y.0.96.c0", "surfaces": [{"type": "summary", "data": {"code": "candidate"}}, {"type": "action", "data": {"code": "passPriority", "actionId": "aa9063230e9a1e8880abc47051b715da0ce68724929194424f44c81e1695ecca0"}}], "status": {"type": "available"}}
[02:44:10] [P1-instant] playing land island
[02:44:13] [P0-instant] playing land swamp
[02:44:16] [P1-instant] playing land island
[02:44:20] [P0-instant] playing land island
[02:44:20] [P0-instant] casting hidetsugu and kairi (oid 50) needs={'U': 2, 'B': 1, 'generic': 2}
[02:44:21] [P0-instant] H&K resolved on BF; ETB putback pending
[02:44:22] [P0-instant] discarding to hand size via vi (select): picks=['I50Y1Y.0.147.s8', 'I50Y1Y.0.147.s6']
[02:44:25] [P1-instant] playing land island
[02:44:25] [P0-instant] PENDING-DUMP (etb_pending): canSubmit=False kind=choose n_ops=0 atypes=[]
[02:44:27] [P0-instant] tap land for mana used_for=B needs={'U': 2, 'B': 0, 'generic': 2}
[02:44:27] [P0-instant] submitting interaction iid=I50Y1Y.0.173 choice=I50Y1Y.0.173.c9 (Swamp)
[02:44:27] [P0-instant] tap land for mana used_for=U needs={'U': 1, 'B': 0, 'generic': 2}
[02:44:27] [P0-instant] submitting interaction iid=I50Y1Y.0.174 choice=I50Y1Y.0.174.c9 (Island)
[02:44:28] [P0-instant] tap land for mana used_for=U needs={'U': 0, 'B': 0, 'generic': 2}
[02:44:28] [P0-instant] submitting interaction iid=I50Y1Y.0.175 choice=I50Y1Y.0.175.c10 (Island)
[02:44:28] [P0-instant] tap land for mana used_for=generic needs={'U': 0, 'B': 0, 'generic': 1}
[02:44:28] [P0-instant] submitting interaction iid=I50Y1Y.0.176 choice=I50Y1Y.0.176.c9 (Swamp)
[02:44:28] [P0-instant] tap land for mana used_for=generic needs={'U': 0, 'B': 0, 'generic': 0}
[02:44:28] [P0-instant] submitting interaction iid=I50Y1Y.0.177 choice=I50Y1Y.0.177.c9 (Island)
[02:44:29] [P0-instant] playing land mountain
[02:44:32] [P1-instant] playing land island
[02:44:36] [P0-instant] playing land swamp
[02:44:36] [P0-instant] casting mystical tutor (oid 6) needs={'U': 1}
[02:44:36] [P0-instant] tap land for mana used_for=U needs={'U': 0}
[02:44:36] [P0-instant] submitting interaction iid=I50Y1Y.0.215 choice=I50Y1Y.0.215.c14 (Island)
[02:44:37] [P0-instant] tutor search: staging 'lightning bolt'
[02:44:37] [P0-instant] tutor resolved (turn 14)
[02:44:37] [P0-instant] casting murder (oid 21) needs={'B': 2, 'generic': 1}
[02:44:37] [P0-instant] tap land for mana used_for=B needs={'B': 1, 'generic': 1}
[02:44:37] [P0-instant] submitting interaction iid=I50Y1Y.0.220 choice=I50Y1Y.0.220.c9 (Swamp)
[02:44:37] [P0-instant] tap land for mana used_for=generic needs={'B': 1, 'generic': 0}
[02:44:37] [P0-instant] submitting interaction iid=I50Y1Y.0.221 choice=I50Y1Y.0.221.c9 (Mountain)
[02:44:38] [P0-instant] murder resolved
[02:44:38] [P0-instant] H&K died; exporting pre_trigger
[02:44:38] [instant] exported instant_pre_trigger.json (turn=14)
[02:44:38] [P0-instant] trigger resolved: lightning bolt exiled; P1 life 20->19; exporting post_trigger, watching 90s for the offer
[02:44:39] [instant] exported instant_post_trigger.json (turn=14)
[02:44:48] [P0-instant] *** FREE-CAST OFFER OBSERVED ***
[02:44:48] [P0-instant] submitting interaction iid=I50Y1Y.0.226 choice=I50Y1Y.0.226.c1 (true)
[02:44:48] [P0-instant] accepted the free cast; driving to resolution
[02:44:52] [P1-instant] PENDING-DUMP (p1_real_decision): canSubmit=True kind=choose n_ops=1 atypes=['PassPriority', 'PlayLand', 'TapLandForMana']
[02:44:52] [P1-instant]   opp iid=I50Y1Y.0.241 rtype=exactChoices spec=None n=15 first={"id": "I50Y1Y.0.241.c0", "surfaces": [{"type": "summary", "data": {"code": "candidate"}}, {"type": "action", "data": {"code": "passPriority", "actionId": "aa9063230e9a1e8880abc47051b715da0ce68724929194424f44c81e1695ecca0"}}], "status": {"type": "available"}}
[02:44:52] [P1-instant] playing land island
[02:44:54] [P0-instant] tap land for mana used_for=B needs={'B': 0, 'generic': 0}
[02:44:54] [P0-instant] submitting interaction iid=I50Y1Y.0.252 choice=I50Y1Y.0.252.c9 (Swamp)
[02:44:59] [P1-instant] playing land island
[02:45:48] [instant] WATCHDOG stale P0-instant: rev 286 turn=18 phase=PreCombatMain stage=accept_drive prio=True real_decision=True
[02:45:48] [instant] WATCHDOG stale P1-instant: rev 286 turn=18 phase=PreCombatMain stage=accept_drive prio=False real_decision=False
[02:46:33] [instant] WATCHDOG stale P0-instant: rev 286 turn=18 phase=PreCombatMain stage=accept_drive prio=True real_decision=True
[02:46:33] [instant] WATCHDOG stale P1-instant: rev 286 turn=18 phase=PreCombatMain stage=accept_drive prio=False real_decision=False
[02:46:53] [P0-instant] accept-drive expired without resolution
[02:46:53] [instant] exported instant_post.json (turn=18)
[02:46:53] [instant] ASSERTIONS: A1_setup_ok:passed; A2_hk_on_battlefield:passed; A3_top_staged:passed; A4_hk_died:passed; A5_exile_and_lifeloss:passed; A6_free_cast_offered:passed; A7_accept_resolves:failed; A8_no_dangling:passed;
[02:46:53] [instant] VERDICT: reproduced
[02:46:54] [sorcery] game BKHJMU; P0 seat=0 P1 seat=1
[02:46:54] [P0-sorcery] keep 7: ['mystical tutor', 'divination', 'divination', 'mountain', 'mountain', 'divination', 'murder']
[02:46:54] [P1-sorcery] keep 7: ['island', 'island', 'island', 'island', 'island', 'island', 'island']
[02:46:54] [P0-sorcery] playing land mountain
[02:46:57] [P1-sorcery] PENDING-DUMP (p1_real_decision): canSubmit=True kind=choose n_ops=1 atypes=['PassPriority', 'PlayLand']
[02:46:57] [P1-sorcery]   opp iid=BKHJMU.0.21 rtype=exactChoices spec=None n=9 first={"id": "BKHJMU.0.21.c0", "surfaces": [{"type": "summary", "data": {"code": "candidate"}}, {"type": "action", "data": {"code": "passPriority", "actionId": "aa9063230e9a1e8880abc47051b715da0ce68724929194424f44c81e1695ecca0"}}], "status": {"type": "available"}}
[02:46:57] [P1-sorcery] playing land island
[02:47:00] [P0-sorcery] playing land mountain
[02:47:04] [P1-sorcery] playing land island
[02:47:07] [P0-sorcery] playing land island
[02:47:10] [P1-sorcery] playing land island
[02:47:13] [P0-sorcery] playing land island
[02:47:16] [P1-sorcery] PENDING-DUMP (p1_real_decision): canSubmit=True kind=choose n_ops=1 atypes=['PassPriority', 'PlayLand', 'TapLandForMana']
[02:47:16] [P1-sorcery]   opp iid=BKHJMU.0.111 rtype=exactChoices spec=None n=12 first={"id": "BKHJMU.0.111.c0", "surfaces": [{"type": "summary", "data": {"code": "candidate"}}, {"type": "action", "data": {"code": "passPriority", "actionId": "aa9063230e9a1e8880abc47051b715da0ce68724929194424f44c81e1695ecca0"}}], "status": {"type": "available"}}
[02:47:16] [P1-sorcery] playing land island
[02:47:22] [P1-sorcery] playing land island
[02:47:27] [P0-sorcery] discarding to hand size via vi (select): picks=['BKHJMU.0.165.s1']
[02:47:29] [P1-sorcery] playing land island
[02:47:32] [P0-sorcery] playing land mountain
[02:47:36] [P1-sorcery] PENDING-DUMP (p1_real_decision): canSubmit=True kind=choose n_ops=1 atypes=['PassPriority', 'PlayLand', 'TapLandForMana']
[02:47:36] [P1-sorcery]   opp iid=BKHJMU.0.200 rtype=exactChoices spec=None n=15 first={"id": "BKHJMU.0.200.c0", "surfaces": [{"type": "summary", "data": {"code": "candidate"}}, {"type": "action", "data": {"code": "passPriority", "actionId": "aa9063230e9a1e8880abc47051b715da0ce68724929194424f44c81e1695ecca0"}}], "status": {"type": "available"}}
[02:47:36] [P1-sorcery] playing land island
[02:47:39] [P0-sorcery] playing land island
[02:47:42] [P1-sorcery] playing land island
[02:47:45] [P0-sorcery] playing land island
[02:47:48] [P1-sorcery] playing land island
[02:47:51] [P0-sorcery] playing land island
[02:47:54] [P1-sorcery] PENDING-DUMP (p1_real_decision): canSubmit=True kind=choose n_ops=1 atypes=['PassPriority', 'PlayLand', 'TapLandForMana']
[02:47:54] [P1-sorcery]   opp iid=BKHJMU.0.290 rtype=exactChoices spec=None n=18 first={"id": "BKHJMU.0.290.c0", "surfaces": [{"type": "summary", "data": {"code": "candidate"}}, {"type": "action", "data": {"code": "passPriority", "actionId": "aa9063230e9a1e8880abc47051b715da0ce68724929194424f44c81e1695ecca0"}}], "status": {"type": "available"}}
[02:47:54] [P1-sorcery] playing land island
[02:47:58] [P0-sorcery] playing land swamp
[02:47:58] [P0-sorcery] casting hidetsugu and kairi (oid 44) needs={'U': 2, 'B': 1, 'generic': 2}
[02:47:58] [P0-sorcery] tap land for mana used_for=U needs={'U': 1, 'B': 1, 'generic': 2}
[02:47:58] [P0-sorcery] submitting interaction iid=BKHJMU.0.307 choice=BKHJMU.0.307.c3 (Island)
[02:47:58] [P0-sorcery] tap land for mana used_for=U needs={'U': 0, 'B': 1, 'generic': 2}
[02:47:58] [P0-sorcery] submitting interaction iid=BKHJMU.0.308 choice=BKHJMU.0.308.c3 (Island)
[02:47:59] [P0-sorcery] tap land for mana used_for=generic needs={'U': 0, 'B': 1, 'generic': 1}
[02:47:59] [P0-sorcery] submitting interaction iid=BKHJMU.0.309 choice=BKHJMU.0.309.c3 (Island)
[02:47:59] [P0-sorcery] tap land for mana used_for=generic needs={'U': 0, 'B': 1, 'generic': 0}
[02:47:59] [P0-sorcery] submitting interaction iid=BKHJMU.0.310 choice=BKHJMU.0.310.c3 (Mountain)
[02:47:59] [P0-sorcery] H&K resolved on BF; ETB putback pending
[02:48:00] [P0-sorcery] discarding to hand size via vi (select): picks=['BKHJMU.0.315.s7', 'BKHJMU.0.315.s1']
[02:48:03] [P1-sorcery] playing land island
[02:48:06] [P0-sorcery] tap land for mana used_for=B needs={'U': 0, 'B': 0, 'generic': 0}
[02:48:06] [P0-sorcery] submitting interaction iid=BKHJMU.0.341 choice=BKHJMU.0.341.c7 (Swamp)
[02:48:07] [P0-sorcery] playing land island
[02:48:07] [P0-sorcery] casting mystical tutor (oid 35) needs={'U': 1}
[02:48:08] [P0-sorcery] tap land for mana used_for=U needs={'U': 0}
[02:48:08] [P0-sorcery] submitting interaction iid=BKHJMU.0.348 choice=BKHJMU.0.348.c1 (Island)
[02:48:08] [P0-sorcery] tutor search: staging 'divination'
[02:48:08] [P0-sorcery] tutor resolved (turn 23)
[02:48:10] [P0-sorcery] PENDING-DUMP (etb_pending): canSubmit=False kind=choose n_ops=0 atypes=[]
[02:48:12] [P1-sorcery] playing land island
[02:48:15] [P0-sorcery] waiting to murder: turn=25 (tutor_done_turn=23), hk_bf=True)
[02:48:18] [P1-sorcery] playing land island
[02:48:22] [P0-sorcery] playing land swamp
[02:48:25] [P0-sorcery] PENDING-DUMP (etb_pending): canSubmit=True kind=choose n_ops=1 atypes=['CastSpell', 'PassPriority', 'TapLandForMana']
[02:48:25] [P0-sorcery]   opp iid=BKHJMU.0.425 rtype=exactChoices spec=None n=16 first={"id": "BKHJMU.0.425.c0", "surfaces": [{"type": "summary", "data": {"code": "candidate"}}, {"type": "action", "data": {"code": "passPriority", "actionId": "aa9063230e9a1e8880abc47051b715da0ce68724929194424f44c81e1695ecca0"}}], "status": {"type": "available"}}
[02:48:25] [P1-sorcery] playing land island
[02:48:28] [P0-sorcery] playing land swamp
[02:48:32] [P1-sorcery] playing land island
[02:48:37] [P0-sorcery] discarding to hand size via vi (select): picks=['BKHJMU.0.485.s0']
[02:48:38] [P1-sorcery] playing land island
[02:48:40] [P0-sorcery] PENDING-DUMP (etb_pending): canSubmit=True kind=choose n_ops=1 atypes=['CastSpell', 'PassPriority', 'TapLandForMana']
[02:48:40] [P0-sorcery]   opp iid=BKHJMU.0.498 rtype=exactChoices spec=None n=19 first={"id": "BKHJMU.0.498.c0", "surfaces": [{"type": "summary", "data": {"code": "candidate"}}, {"type": "action", "data": {"code": "passPriority", "actionId": "aa9063230e9a1e8880abc47051b715da0ce68724929194424f44c81e1695ecca0"}}], "status": {"type": "available"}}
[02:48:44] [P0-sorcery] discarding to hand size via vi (select): picks=['BKHJMU.0.516.s2']
[02:48:45] [P1-sorcery] playing land island
[02:48:48] [P0-sorcery] playing land mountain
[02:48:52] [P1-sorcery] playing land island
[02:48:55] [P0-sorcery] PENDING-DUMP (etb_pending): canSubmit=True kind=choose n_ops=1 atypes=['CastSpell', 'PassPriority', 'TapLandForMana']
[02:48:55] [P0-sorcery]   opp iid=BKHJMU.0.565 rtype=exactChoices spec=None n=20 first={"id": "BKHJMU.0.565.c0", "surfaces": [{"type": "summary", "data": {"code": "candidate"}}, {"type": "action", "data": {"code": "passPriority", "actionId": "aa9063230e9a1e8880abc47051b715da0ce68724929194424f44c81e1695ecca0"}}], "status": {"type": "available"}}
[02:48:59] [P0-sorcery] discarding to hand size via vi (select): picks=['BKHJMU.0.578.s3']
[02:49:00] [P1-sorcery] playing land island
[02:49:06] [P0-sorcery] discarding to hand size via vi (select): picks=['BKHJMU.0.609.s3']
[02:49:07] [P1-sorcery] playing land island
[02:49:09] [sorcery] ASSERTIONS: A1_setup_ok:passed; A2_hk_on_battlefield:passed; A3_top_staged:failed; A4_hk_died:failed; A5_exile_and_lifeloss:failed; A6_free_cast_offered:failed; A7_accept_resolves:not-run; A8_no_dangling:not-run;
[02:49:09] [sorcery] VERDICT: blocked
[02:49:09] closing logs before manifest computation
