[02:24:27] server identity hashes verified against the v0.103.0 pin
[02:24:31] ServerHello: version=0.103.0 build=ec27a8d protocol=106 mode=Full
[02:24:31] data-level: oko parse ok=True plus_one_abilities=0
[02:24:31] P0 creating game (default Bo1, 2 seats)...
[02:24:31] P1 joining...
[02:24:31] game EFLZWS; P0 seat=0 P1 seat=1
[02:24:31] [P0] mulligan -> Keep (hand=['island', 'island', 'oko, thief of crowns', 'island', 'island', 'forest', 'forest'])
[02:24:31] [P1] mulligan -> Keep (hand=['forest', 'grizzly bears', 'forest', 'forest', 'forest', 'forest', 'forest'])
[02:24:31] DIAG turn=1 active=0 phase=Untap pp=0 P0lands=0 P1bears=0 oko=None cast=False act=False mid=False post=False stack=0
[02:24:32] [P0] playing land island
[02:24:36] [P1] playing land forest
[02:24:40] [P0] playing land island
[02:24:44] [P1] playing land forest
[02:24:45] [P1] casting Grizzly Bears
[02:24:49] [P0] playing land island
[02:24:53] [P1] playing land forest
[02:24:54] [P1] declare no attackers
[02:24:57] [P0] playing land island
[02:25:01] [P1] playing land forest
[02:25:02] [P1] declare no attackers
[02:25:05] [P0] playing land forest
[02:25:05] [P0] casting Oko, Thief of Crowns
[02:25:06] Oko on BF: oid=51 loyalty=4
[02:25:09] [P1] playing land forest
[02:25:11] [P1] declare no attackers
[02:25:13] [P0] playing land forest
[02:25:17] [P1] playing land forest
[02:25:18] [P1] declare no attackers
[02:25:21] [P0] playing land island
[02:25:25] [P1] playing land forest
[02:25:26] [P1] declare no attackers
[02:25:29] [P0] playing land forest
[02:25:32] DIAG turn=15 active=0 phase=PostCombatMain pp=1 P0lands=8 P1bears=1 oko=51 cast=True act=False mid=False post=False stack=0
[02:25:33] [P1] playing land forest
[02:25:35] [P1] declare no attackers
[02:25:38] [P0] playing land forest
[02:25:42] [P1] casting Grizzly Bears
[02:25:43] [P1] playing land forest
[02:25:44] [P1] declare no attackers
[02:25:47] exported pre.json
[02:25:47] PRE exported before +1 activation
[02:25:47] [P0] activating Oko +1 via legacy-action (oko oid=51)
[02:25:47] [P0] OKO TARGET PROMPT candidates=2 submitted_ref='90'
[02:25:47] [P0] submitting interaction iid=EFLZWS.0.293 choice=EFLZWS.0.293.t0 (Grizzly Bears)
[02:25:48] Oko +1 resolved on turn 19; target ref='90'
[02:25:48] exported mid.json
[02:25:48] [P0] playing land forest
[02:25:52] [P1] playing land forest
[02:25:53] [P1] declare no attackers
[02:25:56] exported post.json
[02:25:56] exported POST on P0 turn 21; stopping
[02:25:56] loop ended: stage=DONE elapsed=86s
[02:25:56] A1_setup_ok: passed
[02:25:56] A2_activation: passed
[02:25:56] A3_elk_this_turn: passed
[02:25:56] A4_elk_persists: failed
[02:25:56] A5_cleanup: passed
[02:25:56] verdict=reproduced
[02:25:56] wrote run.json verdict=reproduced
[02:25:56] copied scenario_6917_01030.py and server.log into EVDIR
[02:25:56] wrote summary.png
[02:25:56] wrote manifest.sha256 (12 files)
