[14:36:00] ServerHello: version=0.102.0 build=e17f6fd protocol=106 mode=Full
[14:36:00] data-level check: ok=True notes=['abilities=1 unimplemented=1 static_abilities=[]', "parse: Static pattern matched but line failed static parser: Enchanted creature can't attack or block, and its activated abilities can't be activated. Its controller may exile three cards from their graveyar"]
[14:36:01] game=ZAMAVG run=20261004-4509
[14:36:01] [P0] keep 7: ['island', 'lost in thought', 'island', 'lost in thought', 'island', 'island', 'island']
[14:36:01] [P1] keep 7: ['grizzly bears', 'forest', 'grizzly bears', 'grizzly bears', 'grizzly bears', 'forest', 'llanowar elves']
[14:36:02] [P0] playing land island
[14:36:05] [P1] playing land forest
[14:36:05] [P1] casting llanowar elves (oid 107) needs={'G': 1}
[14:36:08] [P0] playing land island
[14:36:08] [P0] casting lost in thought (oid 18) needs={'U': 1, 'generic': 1}
[14:36:09] aura on BF oid=18 static_definitions=[] unimplemented=['Effect: static_structure']
[14:36:12] [P1] tap land for mana used_for=G needs={'G': 0}
[14:36:12] [P1] submitting interaction iid=ZAMAVG.0.53 choice=ZAMAVG.0.53.c2 (Forest)
[14:36:13] [P1] playing land forest
[14:36:15] [P0] tap land for mana used_for=U needs={'U': 0, 'generic': 1}
[14:36:15] [P0] submitting interaction iid=ZAMAVG.0.70 choice=ZAMAVG.0.70.c1 (Island)
[14:36:15] [P0] tap land for mana used_for=generic needs={'U': 0, 'generic': 0}
[14:36:15] [P0] submitting interaction iid=ZAMAVG.0.71 choice=ZAMAVG.0.71.c1 (Island)
[14:36:16] [P0] playing land island
[14:36:19] [P1] playing land forest
[14:36:20] [P1] casting grizzly bears (oid 68) needs={'G': 1, 'generic': 1}
[14:36:20] [P1] tap land for mana used_for=G needs={'G': 0, 'generic': 1}
[14:36:20] [P1] submitting interaction iid=ZAMAVG.0.93 choice=ZAMAVG.0.93.c2 (Forest)
[14:36:23] [P0] playing land island
[14:36:26] [P1] tap land for mana used_for=generic needs={'G': 0, 'generic': 0}
[14:36:26] [P1] submitting interaction iid=ZAMAVG.0.122 choice=ZAMAVG.0.122.c2 (Forest)
[14:36:27] [P1] playing land forest
[14:36:30] [P0] playing land island
[14:36:34] [P1] playing land forest
[14:36:37] [P0] playing land island
[14:36:40] [P1] playing land forest
[14:36:43] [P0] playing land island
[14:36:44] [P0] casting thought scour (oid 38) needs={'U': 1}
[14:36:44] [P0] targeting player -> 
[14:36:44] [P0] tap land for mana used_for=U needs={'U': 0}
[14:36:44] [P0] submitting interaction iid=ZAMAVG.0.208 choice=ZAMAVG.0.208.c1 (Island)
[14:36:45] [P0] casting thought scour (oid 60) needs={'U': 1}
[14:36:45] [P0] targeting player -> 
[14:36:45] [P0] tap land for mana used_for=U needs={'U': 0}
[14:36:45] [P0] submitting interaction iid=ZAMAVG.0.213 choice=ZAMAVG.0.213.c1 (Island)
[14:36:46] aura attached (oid 18) to Elves 107, P1 gy=4; entering attack_test
[14:36:46] exported pre.json (turn=13)
[14:36:46] P1 priority action types at escape scan: ['ActivateAbility', 'PassPriority', 'TapLandForMana']
[14:36:46] P1 priority action types at escape scan: ['ActivateAbility', 'PassPriority', 'TapLandForMana']
[14:36:47] P1 priority action types at escape scan: ['ActivateAbility', 'PassPriority', 'TapLandForMana']
[14:36:47] P1 priority action types at escape scan: ['ActivateAbility', 'PassPriority', 'TapLandForMana']
[14:36:47] P1 priority action types at escape scan: ['ActivateAbility', 'PassPriority', 'TapLandForMana']
[14:36:48] P1 priority action types at escape scan: ['ActivateAbility', 'PassPriority', 'TapLandForMana']
[14:36:48] P1 priority action types at escape scan: ['ActivateAbility', 'PassPriority', 'TapLandForMana']
[14:36:48] P1 priority action types at escape scan: ['ActivateAbility', 'CastSpell', 'PassPriority', 'TapLandForMana']
[14:36:49] P1 priority action types at escape scan: ['ActivateAbility', 'PassPriority', 'TapLandForMana']
[14:36:49] [P1] declares attack with enchanted Elves 107
[14:36:49] P1 priority action types at escape scan: ['PassPriority', 'TapLandForMana']
[14:36:49] Elves 107 IS in combat.attackers
[14:36:49] attack1 ACCEPTED (Elves in attackers)
[14:36:50] P1 priority action types at escape scan: ['PassPriority', 'TapLandForMana']
[14:36:50] P1 priority action types at escape scan: ['PassPriority', 'TapLandForMana']
[14:36:51] P1 priority action types at escape scan: ['PassPriority', 'TapLandForMana']
[14:36:51] P1 priority action types at escape scan: ['CastSpell', 'PassPriority', 'TapLandForMana']
[14:36:51] P1 priority action types at escape scan: ['PassPriority', 'TapLandForMana']
[14:36:52] attack leg concluded (accepted=True rejected=None elves_attacked=True P0 life 20->19); exporting post_attack, entering activation_test
[14:36:52] exported post_attack.json (turn=15)
[14:36:52] P1 priority action types at escape scan: ['PassPriority', 'TapLandForMana']
[14:36:53] P1 priority action types at escape scan: ['PassPriority', 'TapLandForMana']
[14:36:53] P1 priority action types at escape scan: ['PassPriority', 'TapLandForMana']
[14:36:53] P1 priority action types at escape scan: ['PassPriority', 'TapLandForMana']
[14:36:54] P1 priority action types at escape scan: ['PassPriority', 'TapLandForMana']
[14:36:54] P1 priority action types at escape scan: ['PassPriority', 'TapLandForMana']
[14:36:55] P1 priority action types at escape scan: ['PassPriority', 'TapLandForMana']
[14:36:55] P1 priority action types at escape scan: ['ActivateAbility', 'PassPriority', 'TapLandForMana']
[14:36:55] P1 priority action types at escape scan: ['ActivateAbility', 'PassPriority', 'TapLandForMana']
[14:36:56] P1 priority action types at escape scan: ['ActivateAbility', 'CastSpell', 'PassPriority', 'PlayLand', 'TapLandForMana']
[14:36:56] [P1] attempts ActivateAbility on enchanted Elves 107 while holding priority
[14:36:56] P1 priority action types at escape scan: ['CastSpell', 'PassPriority', 'PlayLand', 'TapLandForMana']
[14:36:56] activation leg concluded; entering control stage
[14:36:56] P1 priority action types at escape scan: ['PassPriority', 'TapLandForMana']
[14:36:57] [P1] declares control attack with Bear 68
[14:36:57] P1 priority action types at escape scan: ['PassPriority', 'TapLandForMana']
[14:36:57] Bear 68 IS in combat.attackers
[14:36:57] P1 priority action types at escape scan: ['PassPriority', 'TapLandForMana']
[14:36:58] P1 priority action types at escape scan: ['PassPriority', 'TapLandForMana']
[14:36:58] P1 priority action types at escape scan: ['PassPriority', 'TapLandForMana']
[14:36:59] P1 priority action types at escape scan: ['CastSpell', 'PassPriority', 'PlayLand', 'TapLandForMana']
[14:37:00] P1 priority action types at escape scan: ['PassPriority', 'TapLandForMana']
[14:37:00] control leg concluded (bear_attack_accepted=True P0 life 19->17); exporting post_control
[14:37:00] exported post_control.json (turn=17)
[14:37:00] verdict=reproduced assertions={"A1_setup_ok": "passed", "A2_attack_restricted": "failed", "A3_activation_restricted": "failed", "A4_escape_offered": "failed", "A5_escape_effective": "not-run", "A6_control_binding": "passed"}
[14:37:00] closing logs before manifest computation
