[22:07:55] ServerHello: version=0.104.0 build=4227122 protocol=118 mode=Full
[22:07:55] [probe] game created code=Y104BJ
[22:07:56] [P1-probe] keeping opening hand
[22:07:56] [P0-probe] keeping opening hand
[22:07:56] [P0-probe] playing land plains
[22:07:56] [P0-probe] casting colossus hammer (oid 21)
[22:07:59] [P1-probe] playing land mountain
[22:08:00] [P1-probe] tap land for mana used_for=any
[22:08:00] [P1-probe] submitting interaction iid=Y104BJ.0.25 choice=Y104BJ.0.25.c1 (Mountain)
[22:08:01] [P0-probe] tap land for mana used_for=generic
[22:08:01] [P0-probe] submitting interaction iid=Y104BJ.0.36 choice=Y104BJ.0.36.c1 (Plains)
[22:08:02] [P0-probe] playing land plains
[22:08:05] [P1-probe] tap land for mana used_for=any
[22:08:05] [P1-probe] submitting interaction iid=Y104BJ.0.52 choice=Y104BJ.0.52.c1 (Mountain)
[22:08:05] [P1-probe] playing land mountain
[22:08:06] [P1-probe] tap land for mana used_for=any
[22:08:06] [P1-probe] submitting interaction iid=Y104BJ.0.58 choice=Y104BJ.0.58.c1 (Mountain)
[22:08:08] [P0-probe] playing land plains
[22:08:08] [P0-probe] casting ardenn, intrepid archaeologist (oid 2)
[22:08:09] [P0-probe] answering target selection: Ardenn
[22:08:09] [P0-probe] Ardenn trigger observed (may prompt)
[22:08:09] [P0-probe] setup incomplete -- declining trigger (deferral #1)
[22:08:09] [P0-probe] answering Ardenn 'you may': DECLINE (false)
[22:08:09] [P0-probe] submitting interaction iid=Y104BJ.0.82 choice=Y104BJ.0.82.c0 (false)
[22:08:11] [P1-probe] tap land for mana used_for=any
[22:08:11] [P1-probe] submitting interaction iid=Y104BJ.0.91 choice=Y104BJ.0.91.c1 (Mountain)
[22:08:11] [P1-probe] tap land for mana used_for=any
[22:08:11] [P1-probe] submitting interaction iid=Y104BJ.0.92 choice=Y104BJ.0.92.c1 (Mountain)
[22:08:12] [P1-probe] playing land mountain
[22:08:12] [P1-probe] tap land for mana used_for=any
[22:08:12] [P1-probe] submitting interaction iid=Y104BJ.0.98 choice=Y104BJ.0.98.c1 (Mountain)
[22:08:14] [P0-probe] tap land for mana used_for=W
[22:08:14] [P0-probe] submitting interaction iid=Y104BJ.0.109 choice=Y104BJ.0.109.c1 (Plains)
[22:08:14] [P0-probe] tap land for mana used_for=generic
[22:08:14] [P0-probe] submitting interaction iid=Y104BJ.0.110 choice=Y104BJ.0.110.c1 (Plains)
[22:08:14] [P0-probe] tap land for mana used_for=generic
[22:08:14] [P0-probe] submitting interaction iid=Y104BJ.0.111 choice=Y104BJ.0.111.c1 (Plains)
[22:08:16] [P0-probe] playing land plains
[22:08:16] [P0-probe] casting holy strength (oid 31)
[22:08:17] [P0-probe] answering target selection: Ardenn
[22:08:17] [P0-probe] setup incomplete -- declining trigger (deferral #2)
[22:08:17] [P0-probe] answering Ardenn 'you may': DECLINE (false)
[22:08:17] [P0-probe] submitting interaction iid=Y104BJ.0.125 choice=Y104BJ.0.125.c0 (false)
[22:08:19] [P1-probe] tap land for mana used_for=any
[22:08:19] [P1-probe] submitting interaction iid=Y104BJ.0.135 choice=Y104BJ.0.135.c1 (Mountain)
[22:08:19] [P1-probe] tap land for mana used_for=any
[22:08:19] [P1-probe] submitting interaction iid=Y104BJ.0.136 choice=Y104BJ.0.136.c1 (Mountain)
[22:08:19] [P1-probe] tap land for mana used_for=any
[22:08:19] [P1-probe] submitting interaction iid=Y104BJ.0.137 choice=Y104BJ.0.137.c1 (Mountain)
[22:08:20] [P1-probe] playing land mountain
[22:08:20] [P1-probe] tap land for mana used_for=any
[22:08:20] [P1-probe] submitting interaction iid=Y104BJ.0.143 choice=Y104BJ.0.143.c1 (Mountain)
[22:08:22] [P0-probe] tap land for mana used_for=W
[22:08:22] [P0-probe] submitting interaction iid=Y104BJ.0.154 choice=Y104BJ.0.154.c1 (Plains)
[22:08:23] [P0-probe] playing land plains
[22:08:23] [P0-probe] casting plate armor (oid 54)
[22:08:23] [P0-probe] tap land for mana used_for=W
[22:08:23] [P0-probe] submitting interaction iid=Y104BJ.0.161 choice=Y104BJ.0.161.c1 (Plains)
[22:08:24] [P0-probe] pre.json captured (turn 9 PreCombatMain)
[22:08:24] [P0-probe] answering target selection: Ardenn
[22:08:25] [P0-probe] answering Ardenn 'you may': ACCEPT (true)
[22:08:25] [P0-probe] submitting interaction iid=Y104BJ.0.169 choice=Y104BJ.0.169.c1 (true)
[22:08:25] [P0-probe] attachment prompt spec: type=select min=None max=None candidates=3
[22:08:25] [P0-probe] submitting attachment choice: 3 candidate(s)
[22:08:25] [probe] attach answer submitted; watching for resolution
[22:08:27] [P1-probe] tap land for mana used_for=any
[22:08:27] [P1-probe] submitting interaction iid=Y104BJ.0.180 choice=Y104BJ.0.180.c1 (Mountain)
[22:08:27] [P1-probe] tap land for mana used_for=any
[22:08:27] [P1-probe] submitting interaction iid=Y104BJ.0.181 choice=Y104BJ.0.181.c1 (Mountain)
[22:08:27] [P1-probe] tap land for mana used_for=any
[22:08:27] [P1-probe] submitting interaction iid=Y104BJ.0.182 choice=Y104BJ.0.182.c1 (Mountain)
[22:08:27] [P1-probe] tap land for mana used_for=any
[22:08:27] [P1-probe] submitting interaction iid=Y104BJ.0.183 choice=Y104BJ.0.183.c1 (Mountain)
[22:08:28] [P1-probe] playing land mountain
[22:08:28] [P1-probe] tap land for mana used_for=any
[22:08:28] [P1-probe] submitting interaction iid=Y104BJ.0.189 choice=Y104BJ.0.189.c1 (Mountain)
[22:08:28] [probe] probe_mid.json exported (trigger off stack)
[22:08:31] [P0-probe] tap land for mana used_for=generic
[22:08:31] [P0-probe] submitting interaction iid=Y104BJ.0.200 choice=Y104BJ.0.200.c1 (Plains)
[22:08:31] [P0-probe] tap land for mana used_for=generic
[22:08:31] [P0-probe] submitting interaction iid=Y104BJ.0.201 choice=Y104BJ.0.201.c1 (Plains)
[22:08:32] [P0-probe] answering target selection: Ardenn
[22:08:32] [P0-probe] answering Ardenn 'you may': ACCEPT (true)
[22:08:32] [P0-probe] submitting interaction iid=Y104BJ.0.211 choice=Y104BJ.0.211.c1 (true)
[22:08:32] [probe] second trigger ACCEPT observed; watching for stall
[22:10:33] [probe] 120s since second ACCEPT with no resolution; capturing state
[22:10:33] [probe] attachments on Ardenn after trigger#1: ['colossus hammer', 'holy strength', 'plate armor']
[22:10:33] [probe] probe result: {'mid_exported': True, 'second_trigger_seen': True, 'attachments_on_ardenn': ['colossus hammer', 'holy strength', 'plate armor'], 'all_three_attached': True}
