[21:41:40] ServerHello: version=0.102.0 build=e17f6fd protocol=106 mode=Full
[21:41:40] data-level check: ok=True notes=[]
[21:41:41] P0 creating game...
[21:41:42] P1 joining...
[21:41:42] game EM3KJM; P0 seat=0 P1 seat=1
[21:41:43] [P0] keep 7: ['island', 'island', 'swamp', 'toxrill, the corrosive', 'island', 'island', 'island']
[21:41:43] [P1] keep 7: ['forest', 'forest', 'forest', 'forest', 'forest', 'forest', 'llanowar elves']
[21:41:44] [P1] playing land forest
[21:41:48] [P0] playing land swamp
[21:41:52] [P1] playing land forest
[21:41:56] [P0] playing land swamp
[21:42:00] [P1] playing land forest
[21:42:04] [P0] playing land island
[21:42:04] [P0] casts The Masamune (oid 7)
[21:42:09] [P1] playing land forest
[21:42:11] [P0] tap land for mana used_for=generic
[21:42:11] [P0] submitting interaction iid=EM3KJM.0.110 choice=EM3KJM.0.110.c1 (Island)
[21:42:12] [P0] tap land for mana used_for=generic
[21:42:12] [P0] submitting interaction iid=EM3KJM.0.111 choice=EM3KJM.0.111.c1 (Swamp)
[21:42:12] [P0] tap land for mana used_for=generic
[21:42:12] [P0] submitting interaction iid=EM3KJM.0.112 choice=EM3KJM.0.112.c1 (Swamp)
[21:42:14] [P0] playing land island
[21:42:18] [P1] playing land forest
[21:42:22] [P0] playing land island
[21:42:28] [P1] playing land forest
[21:42:32] [P0] playing land island
[21:42:36] [P1] playing land forest
[21:42:41] [P0] playing land island
[21:42:41] [P0] casts Toxrill (oid 5)
[21:42:42] DIAG P06773: rev=213 turn=14 phase=BeginCombat prio=True decision=False pre=False mid=False equipped=False
[21:42:42] DIAG P16773: rev=213 turn=14 phase=BeginCombat prio=False decision=False pre=False mid=False equipped=False
[21:42:46] [P1] playing land forest
[21:42:50] [P0] tap land for mana used_for=B
[21:42:50] [P0] submitting interaction iid=EM3KJM.0.240 choice=EM3KJM.0.240.c6 (Swamp)
[21:42:50] [P0] tap land for mana used_for=B
[21:42:50] [P0] submitting interaction iid=EM3KJM.0.241 choice=EM3KJM.0.241.c7 (Swamp)
[21:42:50] [P0] tap land for mana used_for=generic
[21:42:50] [P0] submitting interaction iid=EM3KJM.0.242 choice=EM3KJM.0.242.c2 (Island)
[21:42:50] [P0] tap land for mana used_for=generic
[21:42:50] [P0] submitting interaction iid=EM3KJM.0.243 choice=EM3KJM.0.243.c2 (Island)
[21:42:51] [P0] tap land for mana used_for=generic
[21:42:51] [P0] submitting interaction iid=EM3KJM.0.244 choice=EM3KJM.0.244.c2 (Island)
[21:42:51] [P0] tap land for mana used_for=generic
[21:42:51] [P0] submitting interaction iid=EM3KJM.0.245 choice=EM3KJM.0.245.c2 (Island)
[21:42:51] [P0] tap land for mana used_for=generic
[21:42:51] [P0] submitting interaction iid=EM3KJM.0.246 choice=EM3KJM.0.246.c2 (Island)
[21:42:52] [P0] playing land island
[21:42:57] [P1] playing land forest
[21:43:02] [P0] playing land island
[21:43:02] [P0] equip via advertised ActivateAbility (src 7)
[21:43:02] [P0] tap land for mana used_for=generic
[21:43:02] [P0] submitting interaction iid=EM3KJM.0.288 choice=EM3KJM.0.288.c1 (Island)
[21:43:03] [P0] tap land for mana used_for=generic
[21:43:03] [P0] submitting interaction iid=EM3KJM.0.289 choice=EM3KJM.0.289.c1 (Island)
[21:43:09] [P1] playing land forest
[21:43:10] [P1] casts Llanowar Elves (oid 65)
[21:43:10] [P1] tap land for mana used_for=G
[21:43:10] [P1] submitting interaction iid=EM3KJM.0.311 choice=EM3KJM.0.311.c1 (Forest)
[21:43:11] exported pre_death.json
[21:43:11] [pre] exported turn 19 phase PreCombatMain DoubleTriggers-grant=True
[21:43:14] exported mid_triggers.json
[21:43:14] [mid] exported: 1 slime-death triggers on stack
[21:43:17] exported post_resolution.json
[21:43:17] [post] exported: 1 Slug tokens
[21:43:17] A1_setup_ok: passed
[21:43:17] A2_death_observed: passed
[21:43:17] A3_triggers_doubled: failed
[21:43:17] A4_slugs_created: failed
[21:43:17] A5_cleanup: passed
[21:43:18] DONE verdict=reproduced assertions={"A1_setup_ok": "passed", "A2_death_observed": "passed", "A3_triggers_doubled": "failed", "A4_slugs_created": "failed", "A5_cleanup": "passed"}
