[20:55:25] server identity hashes verified against the v0.103.0 pin
[20:55:28] ServerHello: version=0.103.0 build=ec27a8d protocol=106 mode=Full
[20:55:28] data-level: kediss parse ok=True damage_triggers=0
[20:55:29] P0 creating game (CommanderDraft, 3 seats)...
[20:55:29] P1 joining...
[20:55:29] P2 joining...
[20:55:30] game IR16OR; P0 seat=0 P1 seat=1 P2 seat=2
[20:55:30] [P0] mulligan -> Keep (hand=['island', 'island', 'mountain', 'island', 'mountain', 'mountain', 'island'])
[20:55:30] [P1] mulligan -> Keep (hand=['forest', 'forest', 'forest', 'forest', 'forest', 'forest', 'forest'])
[20:55:30] [P2] mulligan -> Keep (hand=['forest', 'forest', 'forest', 'forest', 'forest', 'forest', 'forest'])
[20:55:30] [P1] mulligan -> Keep (hand=['forest', 'forest', 'forest', 'forest', 'forest', 'forest', 'forest'])
[20:55:30] [P2] mulligan -> Keep (hand=['forest', 'forest', 'forest', 'forest', 'forest', 'forest', 'forest'])
[20:55:30] [P16914] ActionRejected: {"rejection": {"code": "wrong_player", "disposition": "unauthorized", "message": "That action belongs to a different player.", "related_object_ids": []}}
[20:55:30] [P26914] ActionRejected: {"rejection": {"code": "action_not_allowed", "disposition": "unavailable", "message": "That action is not allowed right now.", "related_object_ids": []}}
[20:55:32] [P2] playing land forest
[20:55:38] [P0] playing land mountain
[20:55:44] [P1] playing land forest
[20:55:50] [P2] playing land forest
[20:55:55] [P0] playing land mountain
[20:56:01] [P1] playing land forest
[20:56:07] [P2] playing land forest
[20:56:12] [P0] playing land mountain
[20:56:19] [P1] playing land forest
[20:56:24] [P2] playing land forest
[20:56:30] [P0] playing land island
[20:56:30] [P0] casts Malcolm, Keen-Eyed Navigator
[20:56:37] [P1] playing land forest
[20:56:43] [P2] playing land forest
[20:56:49] [P0] playing land island
[20:56:49] [P0] casts Kediss, Emberclaw Familiar
[20:56:51] exported pre.json
[20:56:51] [P0] declaring Malcolm attacking P1 (turn 14)
[20:56:53] [P0] ordering triggers (vi): ['Malcolm, Keen-Eyed Navigator', 'Kediss, Emberclaw Familiar']
[20:56:55] exported mid.json
[20:56:55] exported MID (P2 at 38: Kediss trigger resolved)
[20:56:59] exported post.json
[20:56:59] exported POST; stopping
[20:56:59] loop ended: stage=DONE elapsed=91s
[20:56:59] A1_setup_ok: passed
[20:56:59] A2_combat_damage: passed
[20:56:59] A3_kediss_trigger: passed
[20:56:59] A4_source_attribution: failed
[20:56:59] A5_cleanup: passed
[20:56:59] verdict=reproduced
[20:56:59] wrote run.json verdict=reproduced
