data-level check: head=Unimplemented/'unparsed_verb_arguments', sub=ChangeZoneAll target={'type': 'TrackedSet', 'id': 0} scope={'type': 'Opponent'} -> MATCHES ISSUE REPORT
game VBD8NW; P0 seat=0 P1 seat=1
[P0] mulligan #1 (hand: ['forest', 'forest', 'go for the throat', 'swamp', 'swamp', 'forest', 'forest'])
[P1] keep 7 (hand: ['forest', 'forest', 'forest', 'forest', 'grizzly bears', 'forest', 'forest'])
[P0] mulligan #2 (hand: ['swamp', 'plains', 'swamp', 'swamp', 'plains', 'forest', 'forest'])
[P0] mulligan #3 (hand: ['plains', 'swamp', 'swamp', 'plains', 'plains', 'swamp', 'forest'])
[P0] keep 7 (hand: ['swamp', 'plains', 'swamp', 'plains', 'plains', 'go for the throat', 'swamp'])
[P0] bottoming ['plains', 'plains', 'plains']
[P1] casting Grizzly Bears (oid 113)
[P0] Go for the Throat (oid 7) targeting P1 bear oid 113 (seed P1 graveyard)
gft1 resolved: P1 bear in graveyard; phase -> mire_ready
[P1] casting Grizzly Bears (oid 115)
exported pre.json
[P0] pre.json exported; P1 gy creatures at pre: [(113, 1)]; P0 BF creatures: 0
[P0] casting Dredge the Mire (oid 54)
[casting_mire] prompt seen: {"interactionId": "VBD8NW.0.369", "response": {"type": "exactChoices", "data": {"choices": [{"id": "VBD8NW.0.369.c0", "surfaces": [{"type": "summary", "data": {"code": "candidate"}}, {"type": "action", "data": {"code": "passPriority", "actionId": "aa9063230e9a1e8880abc47051b715da0ce68724929194424f44
[P0] tap land for mana: VBD8NW.0.369.c3 symbols=['B'] used_for=B needs={'B': 0, 'G': 0, 'generic': 3}
[casting_mire] prompt seen: {"interactionId": "VBD8NW.0.370", "response": {"type": "exactChoices", "data": {"choices": [{"id": "VBD8NW.0.370.c0", "surfaces": [{"type": "summary", "data": {"code": "candidate"}}, {"type": "action", "data": {"code": "passPriority", "actionId": "aa9063230e9a1e8880abc47051b715da0ce68724929194424f44
[P0] tap land for mana: VBD8NW.0.370.c3 symbols=['W'] used_for=generic needs={'B': 0, 'G': 0, 'generic': 2}
[casting_mire] prompt seen: {"interactionId": "VBD8NW.0.371", "response": {"type": "exactChoices", "data": {"choices": [{"id": "VBD8NW.0.371.c0", "surfaces": [{"type": "summary", "data": {"code": "candidate"}}, {"type": "action", "data": {"code": "passPriority", "actionId": "aa9063230e9a1e8880abc47051b715da0ce68724929194424f44
[P0] tap land for mana: VBD8NW.0.371.c3 symbols=['G'] used_for=generic needs={'B': 0, 'G': 0, 'generic': 1}
[casting_mire] prompt seen: {"interactionId": "VBD8NW.0.372", "response": {"type": "exactChoices", "data": {"choices": [{"id": "VBD8NW.0.372.c0", "surfaces": [{"type": "summary", "data": {"code": "candidate"}}, {"type": "action", "data": {"code": "passPriority", "actionId": "aa9063230e9a1e8880abc47051b715da0ce68724929194424f44
[P0] tap land for mana: VBD8NW.0.372.c3 symbols=['B'] used_for=generic needs={'B': 0, 'G': 0, 'generic': 0}
[casting_mire] prompt seen: {"interactionId": "VBD8NW.0.373", "response": {"type": "exactChoices", "data": {"choices": [{"id": "VBD8NW.0.373.c0", "surfaces": [{"type": "summary", "data": {"code": "candidate"}}, {"type": "action", "data": {"code": "passPriority", "actionId": "aa9063230e9a1e8880abc47051b715da0ce68724929194424f44
[casting_mire] prompt seen: {"interactionId": "VBD8NW.0.375", "response": {"type": "exactChoices", "data": {"choices": [{"id": "VBD8NW.0.375.c0", "surfaces": [{"type": "summary", "data": {"code": "candidate"}}, {"type": "action", "data": {"code": "passPriority", "actionId": "aa9063230e9a1e8880abc47051b715da0ce68724929194424f44
Mire resolved (spell in P0 graveyard); phase -> resolving
[resolving] prompt seen: {"interactionId": "VBD8NW.0.376", "response": {"type": "exactChoices", "data": {"choices": [{"id": "VBD8NW.0.376.c0", "surfaces": [{"type": "summary", "data": {"code": "candidate"}}, {"type": "action", "data": {"code": "passPriority", "actionId": "aa9063230e9a1e8880abc47051b715da0ce68724929194424f44
[resolving] prompt seen: {"interactionId": "VBD8NW.0.378", "response": {"type": "exactChoices", "data": {"choices": [{"id": "VBD8NW.0.378.c0", "surfaces": [{"type": "summary", "data": {"code": "candidate"}}, {"type": "action", "data": {"code": "passPriority", "actionId": "aa9063230e9a1e8880abc47051b715da0ce68724929194424f44
[resolving] prompt seen: {"interactionId": "VBD8NW.0.380", "response": {"type": "exactChoices", "data": {"choices": [{"id": "VBD8NW.0.380.c0", "surfaces": [{"type": "summary", "data": {"code": "candidate"}}, {"type": "action", "data": {"code": "passPriority", "actionId": "aa9063230e9a1e8880abc47051b715da0ce68724929194424f44
[resolving] prompt seen: {"interactionId": "VBD8NW.0.382", "response": {"type": "exactChoices", "data": {"choices": [{"id": "VBD8NW.0.382.c0", "surfaces": [{"type": "summary", "data": {"code": "candidate"}}, {"type": "action", "data": {"code": "passPriority", "actionId": "aa9063230e9a1e8880abc47051b715da0ce68724929194424f44
[resolving] prompt seen: {"interactionId": "VBD8NW.0.384", "response": {"type": "exactChoices", "data": {"choices": [{"id": "VBD8NW.0.384.c0", "surfaces": [{"type": "summary", "data": {"code": "candidate"}}, {"type": "action", "data": {"code": "passPriority", "actionId": "aa9063230e9a1e8880abc47051b715da0ce68724929194424f44
[resolving] prompt seen: {"interactionId": "VBD8NW.0.387", "response": {"type": "exactChoices", "data": {"choices": [{"id": "VBD8NW.0.387.c0", "surfaces": [{"type": "summary", "data": {"code": "candidate"}}, {"type": "action", "data": {"code": "passPriority", "actionId": "aa9063230e9a1e8880abc47051b715da0ce68724929194424f44
[resolving] prompt seen: {"interactionId": "VBD8NW.0.389", "response": {"type": "exactChoices", "data": {"choices": [{"id": "VBD8NW.0.389.c0", "surfaces": [{"type": "summary", "data": {"code": "candidate"}}, {"type": "action", "data": {"code": "passPriority", "actionId": "aa9063230e9a1e8880abc47051b715da0ce68724929194424f44
[resolving] prompt seen: {"interactionId": "VBD8NW.0.392", "response": {"type": "exactChoices", "data": {"choices": [{"id": "VBD8NW.0.392.c0", "surfaces": [{"type": "summary", "data": {"code": "candidate"}}, {"type": "action", "data": {"code": "passPriority", "actionId": "aa9063230e9a1e8880abc47051b715da0ce68724929194424f44
[resolving] prompt seen: {"interactionId": "VBD8NW.0.394", "response": {"type": "exactChoices", "data": {"choices": [{"id": "VBD8NW.0.394.c0", "surfaces": [{"type": "summary", "data": {"code": "candidate"}}, {"type": "action", "data": {"code": "passPriority", "actionId": "aa9063230e9a1e8880abc47051b715da0ce68724929194424f44
[resolving] prompt seen: {"interactionId": "VBD8NW.0.397", "response": {"type": "exactChoices", "data": {"choices": [{"id": "VBD8NW.0.397.c0", "surfaces": [{"type": "summary", "data": {"code": "candidate"}}, {"type": "action", "data": {"code": "passPriority", "actionId": "aa9063230e9a1e8880abc47051b715da0ce68724929194424f44
[resolving] prompt seen: {"interactionId": "VBD8NW.0.399", "response": {"type": "exactChoices", "data": {"choices": [{"id": "VBD8NW.0.399.c0", "surfaces": [{"type": "summary", "data": {"code": "candidate"}}, {"type": "action", "data": {"code": "passPriority", "actionId": "aa9063230e9a1e8880abc47051b715da0ce68724929194424f44
[resolving] prompt seen: {"interactionId": "VBD8NW.0.401", "response": {"type": "exactChoices", "data": {"choices": [{"id": "VBD8NW.0.401.c0", "surfaces": [{"type": "summary", "data": {"code": "candidate"}}, {"type": "action", "data": {"code": "passPriority", "actionId": "aa9063230e9a1e8880abc47051b715da0ce68724929194424f44
[resolving] prompt seen: {"interactionId": "VBD8NW.0.402", "response": {"type": "exactChoices", "data": {"choices": [{"id": "VBD8NW.0.402.c0", "surfaces": [{"type": "summary", "data": {"code": "candidate"}}, {"type": "action", "data": {"code": "passPriority", "actionId": "aa9063230e9a1e8880abc47051b715da0ce68724929194424f44
[resolving] prompt seen: {"interactionId": "VBD8NW.0.404", "response": {"type": "exactChoices", "data": {"choices": [{"id": "VBD8NW.0.404.c0", "surfaces": [{"type": "summary", "data": {"code": "candidate"}}, {"type": "action", "data": {"code": "passPriority", "actionId": "aa9063230e9a1e8880abc47051b715da0ce68724929194424f44
[resolving] prompt seen: {"interactionId": "VBD8NW.0.406", "response": {"type": "exactChoices", "data": {"choices": [{"id": "VBD8NW.0.406.c0", "surfaces": [{"type": "summary", "data": {"code": "candidate"}}, {"type": "action", "data": {"code": "passPriority", "actionId": "aa9063230e9a1e8880abc47051b715da0ce68724929194424f44
[resolving] prompt seen: {"interactionId": "VBD8NW.0.407", "response": {"type": "exactChoices", "data": {"choices": [{"id": "VBD8NW.0.407.c0", "surfaces": [{"type": "summary", "data": {"code": "candidate"}}, {"type": "action", "data": {"code": "passPriority", "actionId": "aa9063230e9a1e8880abc47051b715da0ce68724929194424f44
[resolving] prompt seen: {"interactionId": "VBD8NW.0.409", "response": {"type": "exactChoices", "data": {"choices": [{"id": "VBD8NW.0.409.c0", "surfaces": [{"type": "summary", "data": {"code": "candidate"}}, {"type": "action", "data": {"code": "passPriority", "actionId": "aa9063230e9a1e8880abc47051b715da0ce68724929194424f44
[resolving] prompt seen: {"interactionId": "VBD8NW.0.411", "response": {"type": "exactChoices", "data": {"choices": [{"id": "VBD8NW.0.411.c0", "surfaces": [{"type": "summary", "data": {"code": "candidate"}}, {"type": "action", "data": {"code": "passPriority", "actionId": "aa9063230e9a1e8880abc47051b715da0ce68724929194424f44
[resolving] prompt seen: {"interactionId": "VBD8NW.0.413", "response": {"type": "exactChoices", "data": {"choices": [{"id": "VBD8NW.0.413.c0", "surfaces": [{"type": "summary", "data": {"code": "candidate"}}, {"type": "action", "data": {"code": "passPriority", "actionId": "aa9063230e9a1e8880abc47051b715da0ce68724929194424f44
[resolving] prompt seen: {"interactionId": "VBD8NW.0.415", "response": {"type": "exactChoices", "data": {"choices": [{"id": "VBD8NW.0.415.c0", "surfaces": [{"type": "summary", "data": {"code": "candidate"}}, {"type": "action", "data": {"code": "passPriority", "actionId": "aa9063230e9a1e8880abc47051b715da0ce68724929194424f44
[resolving] prompt seen: {"interactionId": "VBD8NW.0.418", "response": {"type": "exactChoices", "data": {"choices": [{"id": "VBD8NW.0.418.c0", "surfaces": [{"type": "summary", "data": {"code": "candidate"}}, {"type": "action", "data": {"code": "passPriority", "actionId": "aa9063230e9a1e8880abc47051b715da0ce68724929194424f44
[resolving] prompt seen: {"interactionId": "VBD8NW.0.420", "response": {"type": "exactChoices", "data": {"choices": [{"id": "VBD8NW.0.420.c0", "surfaces": [{"type": "summary", "data": {"code": "candidate"}}, {"type": "action", "data": {"code": "passPriority", "actionId": "aa9063230e9a1e8880abc47051b715da0ce68724929194424f44
[resolving] prompt seen: {"interactionId": "VBD8NW.0.423", "response": {"type": "exactChoices", "data": {"choices": [{"id": "VBD8NW.0.423.c0", "surfaces": [{"type": "summary", "data": {"code": "candidate"}}, {"type": "action", "data": {"code": "passPriority", "actionId": "aa9063230e9a1e8880abc47051b715da0ce68724929194424f44
[resolving] prompt seen: {"interactionId": "VBD8NW.0.425", "response": {"type": "exactChoices", "data": {"choices": [{"id": "VBD8NW.0.425.c0", "surfaces": [{"type": "summary", "data": {"code": "candidate"}}, {"type": "action", "data": {"code": "passPriority", "actionId": "aa9063230e9a1e8880abc47051b715da0ce68724929194424f44
settled: stack empty, Priority, 8s idle; exporting post
exported post.json
finalizing
