ServerHello: 0.103.0/ec27a8d/protocol 106/Full
data-level check: ok=True notes=[]
game 0MJ8XS; P0 seat=0 P1 seat=1
[P0] mulligan 7: ['mountain', 'mountain', 'mountain', 'mountain', 'mountain', 'mountain', 'mountain'] (mull_count=1)
[P1] keep 7: ['mountain', 'mountain', 'mountain', 'mountain', 'mountain', 'mountain', 'mountain'] (mull_count=1)
DIAG turn=1 active=1 phase=Untap vikind=mulligan P0hand=['mountain', 'mountain', 'mountain', 'mountain', 'mountain', 'mountain', 'mountain'] P0lands=0 life=20/20 stack=0 cast=False vote=False pre=False post=False
[P0] keep 7: ['mountain', 'mountain', 'mountain', 'mountain', 'mountain', 'mountain', 'fateful tempest'] (mull_count=2)
[P0] bottoming ['mountain'] via vi
[P1] tap land for mana used_for=any
[P1] submitting interaction iid=0MJ8XS.0.9 choice=0MJ8XS.0.9.c1 (candidate | tapLandForMana | Mountain)
[P1] tap land for mana used_for=any
[P1] submitting interaction iid=0MJ8XS.0.35 choice=0MJ8XS.0.35.c1 (candidate | tapLandForMana | Mountain)
[P1] tap land for mana used_for=any
[P1] submitting interaction iid=0MJ8XS.0.41 choice=0MJ8XS.0.41.c1 (candidate | tapLandForMana | Mountain)
[P1] tap land for mana used_for=any
[P1] submitting interaction iid=0MJ8XS.0.67 choice=0MJ8XS.0.67.c1 (candidate | tapLandForMana | Mountain)
[P1] tap land for mana used_for=any
[P1] submitting interaction iid=0MJ8XS.0.68 choice=0MJ8XS.0.68.c1 (candidate | tapLandForMana | Mountain)
[P1] tap land for mana used_for=any
[P1] submitting interaction iid=0MJ8XS.0.74 choice=0MJ8XS.0.74.c1 (candidate | tapLandForMana | Mountain)
[P0] P0 main phase: exporting PRE, then casting Fateful Tempest
[P0] P0 casts Fateful Tempest (turn 6, oid 6)
[P0] exported MID (Tempest on stack)
[P0] Tempest resolved; exporting POST
[P0] exported POST
post exported; finishing
milled=[] mv_sum=0 dmg_p1=0 exiled=[]
