game 0RZ4EB; seats P0=0 P1=1 RUN_ID=20260913-6918b
P0 keeps (4 lands)
P1 keeps (7 lands)
DIAG turn=1 active=0 phase=Untap wf=MulliganDecision pp=0 P0lands=0 door=None type=None charge=None elf1=False/False bear=False/False elf2=False/False stack=0
exported PRE
PRE exported before Door cast
[P0] casting door of destinies via CastSpell (oid 53)
[P0] ENTRY CHOICE PROMPT wf=NamedChoice n=374 attempt=1
[P0] choosing creature type: Elf (attempt 1)
[P0] submitting interaction iid=0RZ4EB.0.159 choice=0RZ4EB.0.159.n104 (Elf)
Door on BF: oid=53
ENTRY CHOICE ACCEPTED: chosen_type=elf; door object keys=['abilities', 'assigns_damage_as_though_unblocked', 'assigns_damage_from_toughness', 'assigns_no_combat_damage', 'attached_to', 'attachments', 'available_mana_pips', 'back_face', 'base_abilities', 'base_card_types', 'base_characteristics_initialized', 'base_color', 'base_controller', 'base_defense', 'base_keywords', 'base_loyalty', 'base_mana_cost', 'base_name', 'base_power', 'base_printed_ref', 'base_replacement_definitions', 'base_static_definitions', 'base_toughness', 'base_trigger_definitions', 'card_id', 'card_types', 'cast_controller', 'cast_face_committed', 'cast_from_zone', 'chosen_attributes', 'color', 'colors_spent_to_cast', 'controller', 'counters', 'damage_marked', 'dealt_deathtouch_damage', 'display_source', 'display_visible_to_viewer', 'echo_due', 'entered_battlefield_turn', 'face_down', 'flipped', 'foretold', 'harnessed', 'has_mana_ability', 'has_summoning_sickness', 'id', 'in_attraction_deck', 'in_contraption_deck', 'incarnation', 'intensity', 'is_commander', 'is_emblem', 'is_renowned', 'is_saddled', 'is_suspected', 'is_token', 'keywords', 'loyalty', 'loyalty_activations_this_turn', 'mana_cost', 'mana_spent_source_snapshots', 'mana_spent_to_cast', 'mana_spent_to_cast_amount', 'modal_back_face', 'monstrous', 'name', 'next_trigger_base_set_instance', 'owner', 'phase_status', 'power', 'printed_ref', 'replacement_definitions', 'saddled_by', 'static_definitions', 'summoning_sick', 'tapped', 'timestamp', 'toughness', 'transformed', 'trigger_base_set_instance', 'trigger_definitions', 'trigger_occurrence_state', 'zone']
door charge counters = 0
[P0] casting llanowar elves via CastSpell (oid 30)
elf1 cast (of chosen type)
exported MID1
MID1 exported (charge=0)
[P0] casting grizzly bears via CastSpell (oid 19)
bear cast (control: not chosen type)
exported MID2
MID2 exported (charge=0)
[P0] casting llanowar elves via CastSpell (oid 34)
elf2 cast (of chosen type)
exported POST
POST exported (charge=0)
DIAG turn=24 active=1 phase=Upkeep wf=Priority pp=1 P0lands=12 door=53 type=elf charge=0 elf1=True/True bear=True/True elf2=True/True stack=0
post exported; finishing
loaded pre.json
loaded mid1.json
loaded mid2.json
loaded post.json
