[13:15:27] ServerHello: version=0.103.0 build=ec27a8d protocol=106 mode=Full
[13:15:27] data-level check: ok=True notes=[]
[13:15:27] game=UN5W98 run=20261006-1311-650
[13:15:27] [P0] keep 7: ['swamp', 'forest', 'tyvar the bellicose', 'tyvar the bellicose', 'forest', 'forest', 'forest']
[13:15:27] [P1] keep 7: ['island', 'island', 'island', 'island', 'island', 'island', 'island']
[13:15:28] [P0] playing land swamp
[13:15:32] [P1] playing land island
[13:15:37] [P0] playing land forest
[13:15:42] [P1] playing land island
[13:15:46] [P0] playing land forest
[13:15:49] [P1] playing land island
[13:15:52] [P0] playing land forest
[13:15:53] [P0] casting tyvar the bellicose (oid 35) needs={'B': 1, 'G': 1, 'generic': 2}
[13:15:56] [P1] playing land island
[13:15:59] [P0] tap land for mana used_for=G needs={'B': 1, 'G': 0, 'generic': 2}
[13:15:59] [P0] submitting interaction iid=UN5W98.0.125 choice=UN5W98.0.125.c1 (Forest)
[13:16:00] [P0] tap land for mana used_for=B needs={'B': 0, 'G': 0, 'generic': 2}
[13:16:00] [P0] submitting interaction iid=UN5W98.0.126 choice=UN5W98.0.126.c1 (Swamp)
[13:16:00] [P0] tap land for mana used_for=generic needs={'B': 0, 'G': 0, 'generic': 1}
[13:16:00] [P0] submitting interaction iid=UN5W98.0.127 choice=UN5W98.0.127.c1 (Forest)
[13:16:00] [P0] tap land for mana used_for=generic needs={'B': 0, 'G': 0, 'generic': 0}
[13:16:00] [P0] submitting interaction iid=UN5W98.0.128 choice=UN5W98.0.128.c1 (Forest)
[13:16:01] [P0] playing land forest
[13:16:01] [P0] casting llanowar elves (oid 26) needs={'G': 1, 'generic': 0}
[13:16:02] setup ok at turn 9 (Tyvar + 1 Elves)
[13:16:05] [P1] playing land island
[13:16:07] [P0] tap land for mana used_for=G needs={'G': 0, 'generic': 0}
[13:16:07] [P0] submitting interaction iid=UN5W98.0.163 choice=UN5W98.0.163.c2 (Forest)
[13:16:09] PRE export at turn 11; activating Elves A mana ability (oid 26) via ActivateAbility legal_action
[13:16:09] exported pre.json
[13:16:09] exported mid.json
[13:16:09] A2 = passed (tapped=True pool 0->1)
[13:16:09] [P0] playing land forest
[13:16:12] [P1] playing land island
[13:16:15] [P0] playing land swamp
[13:16:16] [P0] casting llanowar elves (oid 28) needs={'G': 1, 'generic': 0}
[13:16:16] [P0] tap land for mana used_for=G needs={'G': 0, 'generic': 0}
[13:16:16] [P0] submitting interaction iid=UN5W98.0.202 choice=UN5W98.0.202.c3 (Forest)
[13:16:19] exported post.json
[13:16:19] A3 = failed (counters=0)
[13:16:19] VERDICT: reproduced
[13:16:19] closing logs before manifest computation
