===== GAME A: Banefire {X}{R} (X=0) =====
[A] game 49AN7A; P0 seat=0 P1 seat=1
[A] P0 keeps (spell in hand=True, mulls=0)
[A] P0 casts Memnite
[A] P0 casts Krark-Clan Ironworks
[A] P0 casts Krark-Clan Ironworks
[A] setup complete -> assert phase
[A] PRE exported; setup ready (turn 10)
[A] gate: CastSpell(Banefire) offered_seen=True (obs=4)
[A] -> act phase
[A] casting Banefire
[A] targeted P1 for Banefire
[A] X-choice offered: min=0 max=7 (turn 12, bf=[('Krark-Clan Ironworks', 2), ('Memnite', 1), ('Mountain', 4)])
[A] A2_x_cap_overcounted: max=7 vs bounded-flow acceptance 5 (mtn=4 kci=2 memnite=1); delta=+2 -> passed
[A] chose X=0 for Banefire
[A] A3: cast Banefire (oid 3) resolved at X=0; P1 life=20 (want 20) -> passed
[A] POST exported
===== GAME B: Endless One {X} (X=3) =====
[B] game 4MKATY; P0 seat=0 P1 seat=1
[B] P0 keeps (spell in hand=True, mulls=0)
[B] P0 casts Memnite
[B] P0 casts Phyrexian Altar
[B] P0 casts Krark-Clan Ironworks
[B] setup complete -> assert phase
[B] PRE exported; setup ready (turn 8)
[B] gate: CastSpell(Endless One) offered_seen=True (obs=4)
[B] -> act phase
[B] casting Endless One
[B] X-choice offered: min=0 max=7 (turn 10, bf=[('Krark-Clan Ironworks', 1), ('Memnite', 1), ('Mountain', 4), ('Phyrexian Altar', 1)])
[B] B2_x_cap_overcounted: max=7 vs bounded-flow acceptance 6 (mtn=4 kci=1 memnite=1); delta=+1 -> passed
[B] chose X=3 for Endless One
[B] unmatched interaction while expecting=pay: rtype=exactChoices
[B] pay telemetry: pool={}, stack_spells=1, ones_bf=0, waiting_for=Priority, pending_cast=False
[B] B3: X=3 payment completed: pool={}, stack_spells=1, ones_bf=0, sacs=None
[B] mid-pay state exported
[B] unmatched interaction while expecting=pay: rtype=exactChoices
[B] B3: Endless One resolved with 3 +1/+1 counters (X was 3)
[B] POST exported
===== GAME C: Endless One {X} (X=2) =====
[C] game 14TBNK; P0 seat=0 P1 seat=1
[C] P0 keeps (spell in hand=True, mulls=0)
[C] P0 casts Memnite
[C] P0 casts Krark-Clan Ironworks
[C] P0 discards to hand size
[C] P0 discards to hand size
[C] P0 discards to hand size
[C] P0 discards to hand size
[C] P0 discards to hand size
[C] P0 discards to hand size
[C] P0 discards to hand size
[C] P0 discards to hand size
[C] P0 discards to hand size
[C] P0 discards to hand size
[C] tick error P1C: sent 1011 (internal error) keepalive ping timeout; no close frame received
[C] tick error P1C: sent 1011 (internal error) keepalive ping timeout; no close frame received
[C] tick error P1C: sent 1011 (internal error) keepalive ping timeout; no close frame received
[C] tick error P1C: sent 1011 (internal error) keepalive ping timeout; no close frame received
[C] tick error P1C: sent 1011 (internal error) keepalive ping timeout; no close frame received
[C] tick error P1C: sent 1011 (internal error) keepalive ping timeout; no close frame received
[C] tick error P1C: sent 1011 (internal error) keepalive ping timeout; no close frame received
[C] tick error P1C: sent 1011 (internal error) keepalive ping timeout; no close frame received
[C] tick error P1C: sent 1011 (internal error) keepalive ping timeout; no close frame received
[C] tick error P1C: sent 1011 (internal error) keepalive ping timeout; no close frame received
[C] tick error P1C: sent 1011 (internal error) keepalive ping timeout; no close frame received
[C] tick error P1C: sent 1011 (internal error) keepalive ping timeout; no close frame received
[C] tick error P1C: sent 1011 (internal error) keepalive ping timeout; no close frame received
[C] tick error P1C: sent 1011 (internal error) keepalive ping timeout; no close frame received
[C] tick error P1C: sent 1011 (internal error) keepalive ping timeout; no close frame received
[C] tick error P1C: sent 1011 (internal error) keepalive ping timeout; no close frame received
[C] tick error P1C: sent 1011 (internal error) keepalive ping timeout; no close frame received
[C] tick error P1C: sent 1011 (internal error) keepalive ping timeout; no close frame received
[C] tick error P1C: sent 1011 (internal error) keepalive ping timeout; no close frame received
[C] tick error P1C: sent 1011 (internal error) keepalive ping timeout; no close frame received
[C] tick error P1C: sent 1011 (internal error) keepalive ping timeout; no close frame received
[C] tick error P1C: sent 1011 (internal error) keepalive ping timeout; no close frame received
[C] tick error P1C: sent 1011 (internal error) keepalive ping timeout; no close frame received
[C] tick error P1C: sent 1011 (internal error) keepalive ping timeout; no close frame received
[C] tick error P1C: sent 1011 (internal error) keepalive ping timeout; no close frame received
[C] tick error P1C: sent 1011 (internal error) keepalive ping timeout; no close frame received
[C] tick error P1C: sent 1011 (internal error) keepalive ping timeout; no close frame received
[C] tick error P1C: sent 1011 (internal error) keepalive ping timeout; no close frame received
[C] tick error P1C: sent 1011 (internal error) keepalive ping timeout; no close frame received
[C] tick error P1C: sent 1011 (internal error) keepalive ping timeout; no close frame received
[C] tick error P1C: sent 1011 (internal error) keepalive ping timeout; no close frame received
[C] tick error P1C: sent 1011 (internal error) keepalive ping timeout; no close frame received
[C] tick error P1C: sent 1011 (internal error) keepalive ping timeout; no close frame received
[C] tick error P1C: sent 1011 (internal error) keepalive ping timeout; no close frame received
[C] tick error P1C: sent 1011 (internal error) keepalive ping timeout; no close frame received
[C] tick error P1C: sent 1011 (internal error) keepalive ping timeout; no close frame received
[C] tick error P1C: sent 1011 (internal error) keepalive ping timeout; no close frame received
[C] tick error P1C: sent 1011 (internal error) keepalive ping timeout; no close frame received
[C] tick error P1C: sent 1011 (internal error) keepalive ping timeout; no close frame received
[C] tick error P1C: sent 1011 (internal error) keepalive ping timeout; no close frame received
[C] tick error P1C: sent 1011 (internal error) keepalive ping timeout; no close frame received
[C] tick error P1C: sent 1011 (internal error) keepalive ping timeout; no close frame received
[C] tick error P1C: sent 1011 (internal error) keepalive ping timeout; no close frame received
[C] tick error P1C: sent 1011 (internal error) keepalive ping timeout; no close frame received
[C] tick error P1C: sent 1011 (internal error) keepalive ping timeout; no close frame received
[C] tick error P1C: sent 1011 (internal error) keepalive ping timeout; no close frame received
[C] tick error P1C: sent 1011 (internal error) keepalive ping timeout; no close frame received
[C] tick error P1C: sent 1011 (internal error) keepalive ping timeout; no close frame received
[C] tick error P1C: sent 1011 (internal error) keepalive ping timeout; no close frame received
[C] tick error P1C: sent 1011 (internal error) keepalive ping timeout; no close frame received
[C] tick error P1C: sent 1011 (internal error) keepalive ping timeout; no close frame received
[C] tick error P1C: sent 1011 (internal error) keepalive ping timeout; no close frame received
[C] tick error P1C: sent 1011 (internal error) keepalive ping timeout; no close frame received
[C] tick error P1C: sent 1011 (internal error) keepalive ping timeout; no close frame received
[C] tick error P1C: sent 1011 (internal error) keepalive ping timeout; no close frame received
[C] tick error P1C: sent 1011 (internal error) keepalive ping timeout; no close frame received
[C] tick error P1C: sent 1011 (internal error) keepalive ping timeout; no close frame received
[C] tick error P1C: sent 1011 (internal error) keepalive ping timeout; no close frame received
[C] tick error P1C: sent 1011 (internal error) keepalive ping timeout; no close frame received
[C] tick error P1C: sent 1011 (internal error) keepalive ping timeout; no close frame received
[C] tick error P1C: sent 1011 (internal error) keepalive ping timeout; no close frame received
[C] tick error P1C: sent 1011 (internal error) keepalive ping timeout; no close frame received
[C] tick error P1C: sent 1011 (internal error) keepalive ping timeout; no close frame received
[C] tick error P1C: sent 1011 (internal error) keepalive ping timeout; no close frame received
[C] tick error P1C: sent 1011 (internal error) keepalive ping timeout; no close frame received
[C] tick error P1C: sent 1011 (internal error) keepalive ping timeout; no close frame received
[C] tick error P1C: sent 1011 (internal error) keepalive ping timeout; no close frame received
[C] tick error P1C: sent 1011 (internal error) keepalive ping timeout; no close frame received
[C] tick error P1C: sent 1011 (internal error) keepalive ping timeout; no close frame received
[C] tick error P1C: sent 1011 (internal error) keepalive ping timeout; no close frame received
[C] tick error P1C: sent 1011 (internal error) keepalive ping timeout; no close frame received
[C] tick error P1C: sent 1011 (internal error) keepalive ping timeout; no close frame received
[C] tick error P1C: sent 1011 (internal error) keepalive ping timeout; no close frame received
[C] tick error P1C: sent 1011 (internal error) keepalive ping timeout; no close frame received
[C] TIMEOUT

===== GAME C RE-RUN (ONLY_GAME=C, fresh game) =====
===== GAME C: Endless One {X} (X=2) =====
[C] game 970OLD; P0 seat=0 P1 seat=1
[C] P0 keeps (spell in hand=True, mulls=0)
[C] P0 casts Memnite
[C] P0 casts Phyrexian Altar
[C] P0 casts Krark-Clan Ironworks
[C] setup complete -> assert phase
[C] PRE exported; setup ready (turn 25)
[C] gate: CastSpell(Endless One) offered_seen=True (obs=4)
[C] -> act phase
[C] casting Endless One
[C] X-choice offered: min=0 max=12 (turn 27, bf=[('Krark-Clan Ironworks', 1), ('Memnite', 1), ('Mountain', 9), ('Phyrexian Altar', 1)])
[C] C2_x_cap_observed: max=12
[C] chose X=2 for Endless One
[C] unmatched interaction while expecting=pay: rtype=exactChoices
[C] C: payment done (stack_spells=1, ones_bf=0); letting it resolve
[C] unmatched interaction while expecting=pay: rtype=exactChoices
[C] C3: Endless One on battlefield with 2 +1/+1 counters (want 2) -> passed
[C] POST exported
