[12:56:13] server identity hashes recomputed against on-disk pinned artifacts
[12:56:13] ServerHello: version=0.102.0 build=e17f6fd protocol=106 mode=Full
[12:56:13] data-level check: ok=True notes=[]
[12:56:13] connecting P1...
[12:56:14] game 05KI3C mode=accept; P0 seat=0 P1 seat=1
[12:56:15] [301-accept] keep 7: ['island', 'chaos wand', 'island', 'island', 'island', 'island', 'island']
[12:56:15] [P1301-accept] keep 7: ['island', 'island', 'island', 'island', 'island', 'island', 'island']
[12:56:15] [P1301-accept] playing land island
[12:56:15] [P1301-accept] tap land for mana used_for=any
[12:56:15] [P1301-accept] submitting interaction iid=05KI3C.0.7 choice=05KI3C.0.7.c1 (Island)
[12:56:18] [301-accept] playing land island
[12:56:19] [P1301-accept] tap land for mana used_for=any
[12:56:19] [P1301-accept] submitting interaction iid=05KI3C.0.33 choice=05KI3C.0.33.c1 (Island)
[12:56:20] [P1301-accept] playing land island
[12:56:20] [P1301-accept] tap land for mana used_for=any
[12:56:20] [P1301-accept] submitting interaction iid=05KI3C.0.39 choice=05KI3C.0.39.c1 (Island)
[12:56:24] [301-accept] playing land island
[12:56:25] [P1301-accept] tap land for mana used_for=any
[12:56:25] [P1301-accept] submitting interaction iid=05KI3C.0.65 choice=05KI3C.0.65.c1 (Island)
[12:56:25] [P1301-accept] tap land for mana used_for=any
[12:56:25] [P1301-accept] submitting interaction iid=05KI3C.0.66 choice=05KI3C.0.66.c1 (Island)
[12:56:26] [P1301-accept] playing land island
[12:56:26] [P1301-accept] tap land for mana used_for=any
[12:56:26] [P1301-accept] submitting interaction iid=05KI3C.0.72 choice=05KI3C.0.72.c1 (Island)
[12:56:29] [301-accept] playing land island
[12:56:29] [301-accept] casting Chaos Wand (oid 36)
[12:56:31] [P1301-accept] tap land for mana used_for=any
[12:56:31] [P1301-accept] submitting interaction iid=05KI3C.0.101 choice=05KI3C.0.101.c1 (Island)
[12:56:31] [P1301-accept] tap land for mana used_for=any
[12:56:31] [P1301-accept] submitting interaction iid=05KI3C.0.102 choice=05KI3C.0.102.c1 (Island)
[12:56:31] [P1301-accept] tap land for mana used_for=any
[12:56:31] [P1301-accept] submitting interaction iid=05KI3C.0.103 choice=05KI3C.0.103.c1 (Island)
[12:56:32] [P1301-accept] playing land island
[12:56:32] [P1301-accept] tap land for mana used_for=any
[12:56:32] [P1301-accept] submitting interaction iid=05KI3C.0.109 choice=05KI3C.0.109.c1 (Island)
[12:56:35] [301-accept] tap land for mana used_for=generic
[12:56:35] [301-accept] submitting interaction iid=05KI3C.0.120 choice=05KI3C.0.120.c1 (Island)
[12:56:35] [301-accept] tap land for mana used_for=generic
[12:56:35] [301-accept] submitting interaction iid=05KI3C.0.121 choice=05KI3C.0.121.c1 (Island)
[12:56:35] [301-accept] tap land for mana used_for=generic
[12:56:35] [301-accept] submitting interaction iid=05KI3C.0.122 choice=05KI3C.0.122.c1 (Island)
[12:56:36] [301-accept] playing land island
[12:56:38] [P1301-accept] tap land for mana used_for=any
[12:56:38] [P1301-accept] submitting interaction iid=05KI3C.0.138 choice=05KI3C.0.138.c1 (Island)
[12:56:38] [P1301-accept] tap land for mana used_for=any
[12:56:38] [P1301-accept] submitting interaction iid=05KI3C.0.139 choice=05KI3C.0.139.c1 (Island)
[12:56:38] [P1301-accept] tap land for mana used_for=any
[12:56:38] [P1301-accept] submitting interaction iid=05KI3C.0.140 choice=05KI3C.0.140.c1 (Island)
[12:56:38] [P1301-accept] tap land for mana used_for=any
[12:56:38] [P1301-accept] submitting interaction iid=05KI3C.0.141 choice=05KI3C.0.141.c1 (Island)
[12:56:39] [P1301-accept] playing land island
[12:56:39] [P1301-accept] tap land for mana used_for=any
[12:56:39] [P1301-accept] submitting interaction iid=05KI3C.0.147 choice=05KI3C.0.147.c1 (Island)
[12:56:39] [301-accept] DIAG P0301-accept: rev=150 turn=9 phase=BeginCombat act=1 prio_acts=[] vikind='choose' real_decision=False my_prio=False ops=[]
[12:56:39] [301-accept] DIAG P1301-accept: rev=150 turn=9 phase=BeginCombat act=1 prio_acts=['PassPriority'] vikind='choose' real_decision=False my_prio=True ops=[{"rtype": "exactChoices", "n_items": 1, "codes": ["candidate", "passPriority"]}]
[12:56:41] [301-accept] playing land island
[12:56:43] [P1301-accept] tap land for mana used_for=any
[12:56:43] [P1301-accept] submitting interaction iid=05KI3C.0.173 choice=05KI3C.0.173.c1 (Island)
[12:56:43] [P1301-accept] tap land for mana used_for=any
[12:56:43] [P1301-accept] submitting interaction iid=05KI3C.0.174 choice=05KI3C.0.174.c1 (Island)
[12:56:43] [P1301-accept] tap land for mana used_for=any
[12:56:43] [P1301-accept] submitting interaction iid=05KI3C.0.175 choice=05KI3C.0.175.c1 (Island)
[12:56:43] [P1301-accept] tap land for mana used_for=any
[12:56:43] [P1301-accept] submitting interaction iid=05KI3C.0.176 choice=05KI3C.0.176.c1 (Island)
[12:56:44] [P1301-accept] tap land for mana used_for=any
[12:56:44] [P1301-accept] submitting interaction iid=05KI3C.0.177 choice=05KI3C.0.177.c1 (Island)
[12:56:44] [P1301-accept] playing land island
[12:56:44] [P1301-accept] tap land for mana used_for=any
[12:56:44] [P1301-accept] submitting interaction iid=05KI3C.0.183 choice=05KI3C.0.183.c1 (Island)
[12:56:47] [301-accept] playing land island
[12:56:50] [P1301-accept] tap land for mana used_for=any
[12:56:50] [P1301-accept] submitting interaction iid=05KI3C.0.209 choice=05KI3C.0.209.c1 (Island)
[12:56:50] [P1301-accept] tap land for mana used_for=any
[12:56:50] [P1301-accept] submitting interaction iid=05KI3C.0.210 choice=05KI3C.0.210.c1 (Island)
[12:56:50] [P1301-accept] tap land for mana used_for=any
[12:56:50] [P1301-accept] submitting interaction iid=05KI3C.0.211 choice=05KI3C.0.211.c1 (Island)
[12:56:50] [P1301-accept] tap land for mana used_for=any
[12:56:50] [P1301-accept] submitting interaction iid=05KI3C.0.212 choice=05KI3C.0.212.c1 (Island)
[12:56:50] [P1301-accept] tap land for mana used_for=any
[12:56:50] [P1301-accept] submitting interaction iid=05KI3C.0.213 choice=05KI3C.0.213.c1 (Island)
[12:56:50] [P1301-accept] tap land for mana used_for=any
[12:56:50] [P1301-accept] submitting interaction iid=05KI3C.0.214 choice=05KI3C.0.214.c1 (Island)
[12:56:51] [P1301-accept] playing land island
[12:56:51] [P1301-accept] tap land for mana used_for=any
[12:56:51] [P1301-accept] submitting interaction iid=05KI3C.0.220 choice=05KI3C.0.220.c1 (Island)
[12:56:54] [301-accept] playing land island
[12:56:55] [P1301-accept] tap land for mana used_for=any
[12:56:55] [P1301-accept] submitting interaction iid=05KI3C.0.246 choice=05KI3C.0.246.c1 (Island)
[12:56:56] [P1301-accept] tap land for mana used_for=any
[12:56:56] [P1301-accept] submitting interaction iid=05KI3C.0.247 choice=05KI3C.0.247.c1 (Island)
[12:56:56] [P1301-accept] tap land for mana used_for=any
[12:56:56] [P1301-accept] submitting interaction iid=05KI3C.0.248 choice=05KI3C.0.248.c1 (Island)
[12:56:56] [P1301-accept] tap land for mana used_for=any
[12:56:56] [P1301-accept] submitting interaction iid=05KI3C.0.249 choice=05KI3C.0.249.c1 (Island)
[12:56:56] [P1301-accept] tap land for mana used_for=any
[12:56:56] [P1301-accept] submitting interaction iid=05KI3C.0.250 choice=05KI3C.0.250.c1 (Island)
[12:56:56] [P1301-accept] tap land for mana used_for=any
[12:56:56] [P1301-accept] submitting interaction iid=05KI3C.0.251 choice=05KI3C.0.251.c1 (Island)
[12:56:56] [P1301-accept] tap land for mana used_for=any
[12:56:56] [P1301-accept] submitting interaction iid=05KI3C.0.252 choice=05KI3C.0.252.c1 (Island)
[12:56:57] [P1301-accept] playing land island
[12:56:57] [P1301-accept] tap land for mana used_for=any
[12:56:57] [P1301-accept] submitting interaction iid=05KI3C.0.258 choice=05KI3C.0.258.c1 (Island)
[12:57:00] [301-accept] playing land island
[12:57:01] [P1301-accept] tap land for mana used_for=any
[12:57:01] [P1301-accept] submitting interaction iid=05KI3C.0.284 choice=05KI3C.0.284.c1 (Island)
[12:57:01] [P1301-accept] tap land for mana used_for=any
[12:57:01] [P1301-accept] submitting interaction iid=05KI3C.0.285 choice=05KI3C.0.285.c1 (Island)
[12:57:02] [P1301-accept] tap land for mana used_for=any
[12:57:02] [P1301-accept] submitting interaction iid=05KI3C.0.286 choice=05KI3C.0.286.c1 (Island)
[12:57:02] [P1301-accept] tap land for mana used_for=any
[12:57:02] [P1301-accept] submitting interaction iid=05KI3C.0.287 choice=05KI3C.0.287.c1 (Island)
[12:57:02] [P1301-accept] tap land for mana used_for=any
[12:57:02] [P1301-accept] submitting interaction iid=05KI3C.0.288 choice=05KI3C.0.288.c1 (Island)
[12:57:02] [P1301-accept] tap land for mana used_for=any
[12:57:02] [P1301-accept] submitting interaction iid=05KI3C.0.289 choice=05KI3C.0.289.c1 (Island)
[12:57:02] [P1301-accept] tap land for mana used_for=any
[12:57:02] [P1301-accept] submitting interaction iid=05KI3C.0.290 choice=05KI3C.0.290.c1 (Island)
[12:57:02] [P1301-accept] tap land for mana used_for=any
[12:57:02] [P1301-accept] submitting interaction iid=05KI3C.0.291 choice=05KI3C.0.291.c1 (Island)
[12:57:03] [P1301-accept] playing land island
[12:57:03] [P1301-accept] tap land for mana used_for=any
[12:57:03] [P1301-accept] submitting interaction iid=05KI3C.0.297 choice=05KI3C.0.297.c1 (Island)
[12:57:04] [301-accept] DIAG P0301-accept: rev=305 turn=17 phase=PostCombatMain act=1 prio_acts=['PassPriority', 'ActivateAbility'] vikind='choose' real_decision=False my_prio=True ops=[{"rtype": "exactChoices", "n_items": 10, "codes": ["activateAbility", "candidate", "passPriority", "tapLandForMana"]}]
[12:57:04] [301-accept] DIAG P1301-accept: rev=305 turn=17 phase=PostCombatMain act=1 prio_acts=[] vikind='choose' real_decision=False my_prio=False ops=[]
[12:57:06] [301-accept] playing land island
[12:57:09] [P1301-accept] tap land for mana used_for=any
[12:57:09] [P1301-accept] submitting interaction iid=05KI3C.0.323 choice=05KI3C.0.323.c1 (Island)
[12:57:09] [P1301-accept] tap land for mana used_for=any
[12:57:09] [P1301-accept] submitting interaction iid=05KI3C.0.324 choice=05KI3C.0.324.c1 (Island)
[12:57:09] [P1301-accept] tap land for mana used_for=any
[12:57:09] [P1301-accept] submitting interaction iid=05KI3C.0.325 choice=05KI3C.0.325.c1 (Island)
[12:57:09] [P1301-accept] tap land for mana used_for=any
[12:57:09] [P1301-accept] submitting interaction iid=05KI3C.0.326 choice=05KI3C.0.326.c1 (Island)
[12:57:09] [P1301-accept] tap land for mana used_for=any
[12:57:09] [P1301-accept] submitting interaction iid=05KI3C.0.327 choice=05KI3C.0.327.c1 (Island)
[12:57:09] [P1301-accept] tap land for mana used_for=any
[12:57:09] [P1301-accept] submitting interaction iid=05KI3C.0.328 choice=05KI3C.0.328.c1 (Island)
[12:57:10] [P1301-accept] tap land for mana used_for=any
[12:57:10] [P1301-accept] submitting interaction iid=05KI3C.0.329 choice=05KI3C.0.329.c1 (Island)
[12:57:10] [P1301-accept] tap land for mana used_for=any
[12:57:10] [P1301-accept] submitting interaction iid=05KI3C.0.330 choice=05KI3C.0.330.c1 (Island)
[12:57:10] [P1301-accept] tap land for mana used_for=any
[12:57:10] [P1301-accept] submitting interaction iid=05KI3C.0.331 choice=05KI3C.0.331.c1 (Island)
[12:57:11] [P1301-accept] playing land island
[12:57:11] [P1301-accept] tap land for mana used_for=any
[12:57:11] [P1301-accept] submitting interaction iid=05KI3C.0.337 choice=05KI3C.0.337.c1 (Island)
[12:57:13] [301-accept] playing land island
[12:57:15] [P1301-accept] tap land for mana used_for=any
[12:57:15] [P1301-accept] submitting interaction iid=05KI3C.0.363 choice=05KI3C.0.363.c1 (Island)
[12:57:15] [P1301-accept] tap land for mana used_for=any
[12:57:15] [P1301-accept] submitting interaction iid=05KI3C.0.364 choice=05KI3C.0.364.c1 (Island)
[12:57:15] [P1301-accept] tap land for mana used_for=any
[12:57:15] [P1301-accept] submitting interaction iid=05KI3C.0.365 choice=05KI3C.0.365.c1 (Island)
[12:57:15] [P1301-accept] tap land for mana used_for=any
[12:57:15] [P1301-accept] submitting interaction iid=05KI3C.0.366 choice=05KI3C.0.366.c1 (Island)
[12:57:16] [P1301-accept] tap land for mana used_for=any
[12:57:16] [P1301-accept] submitting interaction iid=05KI3C.0.367 choice=05KI3C.0.367.c1 (Island)
[12:57:16] [P1301-accept] tap land for mana used_for=any
[12:57:16] [P1301-accept] submitting interaction iid=05KI3C.0.368 choice=05KI3C.0.368.c1 (Island)
[12:57:16] [P1301-accept] tap land for mana used_for=any
[12:57:16] [P1301-accept] submitting interaction iid=05KI3C.0.369 choice=05KI3C.0.369.c1 (Island)
[12:57:16] [P1301-accept] tap land for mana used_for=any
[12:57:16] [P1301-accept] submitting interaction iid=05KI3C.0.370 choice=05KI3C.0.370.c1 (Island)
[12:57:16] [P1301-accept] tap land for mana used_for=any
[12:57:16] [P1301-accept] submitting interaction iid=05KI3C.0.371 choice=05KI3C.0.371.c1 (Island)
[12:57:16] [P1301-accept] tap land for mana used_for=any
[12:57:16] [P1301-accept] submitting interaction iid=05KI3C.0.372 choice=05KI3C.0.372.c1 (Island)
[12:57:17] [P1301-accept] playing land island
[12:57:17] [P1301-accept] tap land for mana used_for=any
[12:57:17] [P1301-accept] submitting interaction iid=05KI3C.0.378 choice=05KI3C.0.378.c1 (Island)
[12:57:20] [301-accept] playing land island
[12:57:21] [P1301-accept] tap land for mana used_for=any
[12:57:21] [P1301-accept] submitting interaction iid=05KI3C.0.404 choice=05KI3C.0.404.c1 (Island)
[12:57:22] [P1301-accept] tap land for mana used_for=any
[12:57:22] [P1301-accept] submitting interaction iid=05KI3C.0.405 choice=05KI3C.0.405.c1 (Island)
[12:57:22] [P1301-accept] tap land for mana used_for=any
[12:57:22] [P1301-accept] submitting interaction iid=05KI3C.0.406 choice=05KI3C.0.406.c1 (Island)
[12:57:22] [P1301-accept] tap land for mana used_for=any
[12:57:22] [P1301-accept] submitting interaction iid=05KI3C.0.407 choice=05KI3C.0.407.c1 (Island)
[12:57:22] [P1301-accept] tap land for mana used_for=any
[12:57:22] [P1301-accept] submitting interaction iid=05KI3C.0.408 choice=05KI3C.0.408.c1 (Island)
[12:57:22] [P1301-accept] tap land for mana used_for=any
[12:57:22] [P1301-accept] submitting interaction iid=05KI3C.0.409 choice=05KI3C.0.409.c1 (Island)
[12:57:23] [P1301-accept] tap land for mana used_for=any
[12:57:23] [P1301-accept] submitting interaction iid=05KI3C.0.410 choice=05KI3C.0.410.c1 (Island)
[12:57:23] [P1301-accept] tap land for mana used_for=any
[12:57:23] [P1301-accept] submitting interaction iid=05KI3C.0.411 choice=05KI3C.0.411.c1 (Island)
[12:57:23] [P1301-accept] tap land for mana used_for=any
[12:57:23] [P1301-accept] submitting interaction iid=05KI3C.0.412 choice=05KI3C.0.412.c1 (Island)
[12:57:23] [P1301-accept] tap land for mana used_for=any
[12:57:23] [P1301-accept] submitting interaction iid=05KI3C.0.413 choice=05KI3C.0.413.c1 (Island)
[12:57:24] [P1301-accept] tap land for mana used_for=any
[12:57:24] [P1301-accept] submitting interaction iid=05KI3C.0.414 choice=05KI3C.0.414.c1 (Island)
[12:57:26] [P1301-accept] playing land island
[12:57:27] [P1301-accept] tap land for mana used_for=any
[12:57:27] [P1301-accept] submitting interaction iid=05KI3C.0.420 choice=05KI3C.0.420.c1 (Island)
[12:57:29] [301-accept] playing land island
[12:57:30] exporting PRE_ACTIVATION state
[12:57:30] ACTIVATING CHAOS WAND (id 36) via advertised ActivateAbility
[12:57:30] submitting ActivateAbility via ActivateAbility legal_action (holding priority)
[12:57:30] [301-accept] tap land for mana used_for=generic
[12:57:30] [301-accept] submitting interaction iid=05KI3C.0.437 choice=05KI3C.0.437.c1 (Island)
[12:57:31] [301-accept] tap land for mana used_for=generic
[12:57:31] [301-accept] submitting interaction iid=05KI3C.0.438 choice=05KI3C.0.438.c1 (Island)
[12:57:31] [301-accept] tap land for mana used_for=generic
[12:57:31] [301-accept] submitting interaction iid=05KI3C.0.439 choice=05KI3C.0.439.c1 (Island)
[12:57:31] [301-accept] tap land for mana used_for=generic
[12:57:31] [301-accept] submitting interaction iid=05KI3C.0.440 choice=05KI3C.0.440.c1 (Island)
[12:57:31] [301-accept] activation watch: wand tapped=True stack=1 needs={'generic': 0} pool={"mana": [{"color": "Blue", "source_id": 12, "pip_id": 89, "snow": false, "restrictions": []}, {"color": "Blue", "source vikind='choose'
[12:57:31] [301-accept] wand ability on the stack
[12:57:32] exporting POST_EXILE checkpoint
[12:57:33] P0 submitting accept: choice id=05KI3C.0.443.c1
[12:57:35] target opportunity found; exporting PRE_TARGET checkpoint
[12:57:35] [301-accept] submitting advertised target: id=05KI3C.0.444.t1 kind=sequence
[12:57:36] REJECTION: {"type": "ActionRejected", "data": {"rejection": {"code": "action_not_allowed", "disposition": "unavailable", "message": "That action is not allowed right now.", "related_object_ids": []}}}
[12:57:38] exporting POST_FAILURE state
[12:57:38] connecting P1...
[12:57:38] game 3S5H7X mode=decline; P0 seat=0 P1 seat=1
[12:57:38] [301-decline] keep 7: ['island', 'island', 'island', 'island', 'island', 'island', 'island']
[12:57:38] [P1301-decline] keep 7: ['island', 'island', 'island', 'island', 'lightning bolt', 'island', 'island']
[12:57:40] [P1301-decline] playing land island
[12:57:40] [P1301-decline] tap land for mana used_for=any
[12:57:40] [P1301-decline] submitting interaction iid=3S5H7X.0.7 choice=3S5H7X.0.7.c1 (Island)
[12:57:43] [301-decline] playing land island
[12:57:44] [P1301-decline] tap land for mana used_for=any
[12:57:44] [P1301-decline] submitting interaction iid=3S5H7X.0.33 choice=3S5H7X.0.33.c1 (Island)
[12:57:45] [P1301-decline] playing land island
[12:57:45] [P1301-decline] tap land for mana used_for=any
[12:57:45] [P1301-decline] submitting interaction iid=3S5H7X.0.39 choice=3S5H7X.0.39.c1 (Island)
[12:57:48] [301-decline] playing land island
[12:57:49] [P1301-decline] tap land for mana used_for=any
[12:57:49] [P1301-decline] submitting interaction iid=3S5H7X.0.65 choice=3S5H7X.0.65.c1 (Island)
[12:57:49] [P1301-decline] tap land for mana used_for=any
[12:57:49] [P1301-decline] submitting interaction iid=3S5H7X.0.66 choice=3S5H7X.0.66.c1 (Island)
[12:57:51] [P1301-decline] playing land island
[12:57:51] [P1301-decline] tap land for mana used_for=any
[12:57:51] [P1301-decline] submitting interaction iid=3S5H7X.0.72 choice=3S5H7X.0.72.c1 (Island)
[12:57:53] [301-decline] playing land island
[12:57:55] [P1301-decline] tap land for mana used_for=any
[12:57:55] [P1301-decline] submitting interaction iid=3S5H7X.0.98 choice=3S5H7X.0.98.c1 (Island)
[12:57:55] [P1301-decline] tap land for mana used_for=any
[12:57:55] [P1301-decline] submitting interaction iid=3S5H7X.0.99 choice=3S5H7X.0.99.c1 (Island)
[12:57:55] [P1301-decline] tap land for mana used_for=any
[12:57:55] [P1301-decline] submitting interaction iid=3S5H7X.0.100 choice=3S5H7X.0.100.c1 (Island)
[12:57:56] [P1301-decline] playing land island
[12:57:56] [P1301-decline] tap land for mana used_for=any
[12:57:56] [P1301-decline] submitting interaction iid=3S5H7X.0.106 choice=3S5H7X.0.106.c1 (Island)
[12:57:59] [301-decline] playing land island
[12:58:00] [P1301-decline] tap land for mana used_for=any
[12:58:00] [P1301-decline] submitting interaction iid=3S5H7X.0.132 choice=3S5H7X.0.132.c1 (Island)
[12:58:01] [P1301-decline] tap land for mana used_for=any
[12:58:01] [P1301-decline] submitting interaction iid=3S5H7X.0.133 choice=3S5H7X.0.133.c1 (Island)
[12:58:01] [P1301-decline] tap land for mana used_for=any
[12:58:01] [P1301-decline] submitting interaction iid=3S5H7X.0.134 choice=3S5H7X.0.134.c1 (Island)
[12:58:01] [P1301-decline] tap land for mana used_for=any
[12:58:01] [P1301-decline] submitting interaction iid=3S5H7X.0.135 choice=3S5H7X.0.135.c1 (Island)
[12:58:02] [P1301-decline] playing land island
[12:58:02] [P1301-decline] tap land for mana used_for=any
[12:58:02] [P1301-decline] submitting interaction iid=3S5H7X.0.141 choice=3S5H7X.0.141.c1 (Island)
[12:58:03] [301-decline] DIAG P0301-decline: rev=149 turn=9 phase=PostCombatMain act=1 prio_acts=['PassPriority'] vikind='choose' real_decision=False my_prio=True ops=[{"rtype": "exactChoices", "n_items": 5, "codes": ["candidate", "passPriority", "tapLandForMana"]}]
[12:58:03] [301-decline] DIAG P1301-decline: rev=149 turn=9 phase=PostCombatMain act=1 prio_acts=[] vikind='choose' real_decision=False my_prio=False ops=[]
[12:58:05] [301-decline] playing land island
[12:58:07] [P1301-decline] tap land for mana used_for=any
[12:58:07] [P1301-decline] submitting interaction iid=3S5H7X.0.167 choice=3S5H7X.0.167.c1 (Island)
[12:58:07] [P1301-decline] tap land for mana used_for=any
[12:58:07] [P1301-decline] submitting interaction iid=3S5H7X.0.168 choice=3S5H7X.0.168.c1 (Island)
[12:58:07] [P1301-decline] tap land for mana used_for=any
[12:58:07] [P1301-decline] submitting interaction iid=3S5H7X.0.169 choice=3S5H7X.0.169.c1 (Island)
[12:58:08] [P1301-decline] tap land for mana used_for=any
[12:58:08] [P1301-decline] submitting interaction iid=3S5H7X.0.170 choice=3S5H7X.0.170.c1 (Island)
[12:58:08] [P1301-decline] tap land for mana used_for=any
[12:58:08] [P1301-decline] submitting interaction iid=3S5H7X.0.171 choice=3S5H7X.0.171.c1 (Island)
[12:58:08] [P1301-decline] playing land island
[12:58:09] [P1301-decline] tap land for mana used_for=any
[12:58:09] [P1301-decline] submitting interaction iid=3S5H7X.0.177 choice=3S5H7X.0.177.c1 (Island)
[12:58:11] [301-decline] playing land island
[12:58:13] [P1301-decline] tap land for mana used_for=any
[12:58:13] [P1301-decline] submitting interaction iid=3S5H7X.0.203 choice=3S5H7X.0.203.c1 (Island)
[12:58:13] [P1301-decline] tap land for mana used_for=any
[12:58:13] [P1301-decline] submitting interaction iid=3S5H7X.0.204 choice=3S5H7X.0.204.c1 (Island)
[12:58:13] [P1301-decline] tap land for mana used_for=any
[12:58:13] [P1301-decline] submitting interaction iid=3S5H7X.0.205 choice=3S5H7X.0.205.c1 (Island)
[12:58:13] [P1301-decline] tap land for mana used_for=any
[12:58:13] [P1301-decline] submitting interaction iid=3S5H7X.0.206 choice=3S5H7X.0.206.c1 (Island)
[12:58:13] [P1301-decline] tap land for mana used_for=any
[12:58:13] [P1301-decline] submitting interaction iid=3S5H7X.0.207 choice=3S5H7X.0.207.c1 (Island)
[12:58:13] [P1301-decline] tap land for mana used_for=any
[12:58:13] [P1301-decline] submitting interaction iid=3S5H7X.0.208 choice=3S5H7X.0.208.c1 (Island)
[12:58:14] [P1301-decline] playing land island
[12:58:14] [P1301-decline] tap land for mana used_for=any
[12:58:14] [P1301-decline] submitting interaction iid=3S5H7X.0.214 choice=3S5H7X.0.214.c1 (Island)
[12:58:17] [301-decline] playing land island
[12:58:17] [301-decline] casting Chaos Wand (oid 52)
[12:58:17] [301-decline] tap land for mana used_for=generic
[12:58:17] [301-decline] submitting interaction iid=3S5H7X.0.231 choice=3S5H7X.0.231.c1 (Island)
[12:58:17] [301-decline] tap land for mana used_for=generic
[12:58:17] [301-decline] submitting interaction iid=3S5H7X.0.232 choice=3S5H7X.0.232.c1 (Island)
[12:58:17] [301-decline] tap land for mana used_for=generic
[12:58:17] [301-decline] submitting interaction iid=3S5H7X.0.233 choice=3S5H7X.0.233.c1 (Island)
[12:58:19] [P1301-decline] tap land for mana used_for=any
[12:58:19] [P1301-decline] submitting interaction iid=3S5H7X.0.246 choice=3S5H7X.0.246.c1 (Island)
[12:58:20] [P1301-decline] tap land for mana used_for=any
[12:58:20] [P1301-decline] submitting interaction iid=3S5H7X.0.247 choice=3S5H7X.0.247.c1 (Island)
[12:58:20] [P1301-decline] tap land for mana used_for=any
[12:58:20] [P1301-decline] submitting interaction iid=3S5H7X.0.248 choice=3S5H7X.0.248.c1 (Island)
[12:58:20] [P1301-decline] tap land for mana used_for=any
[12:58:20] [P1301-decline] submitting interaction iid=3S5H7X.0.249 choice=3S5H7X.0.249.c1 (Island)
[12:58:20] [P1301-decline] tap land for mana used_for=any
[12:58:20] [P1301-decline] submitting interaction iid=3S5H7X.0.250 choice=3S5H7X.0.250.c1 (Island)
[12:58:20] [P1301-decline] tap land for mana used_for=any
[12:58:20] [P1301-decline] submitting interaction iid=3S5H7X.0.251 choice=3S5H7X.0.251.c1 (Island)
[12:58:21] [P1301-decline] tap land for mana used_for=any
[12:58:21] [P1301-decline] submitting interaction iid=3S5H7X.0.252 choice=3S5H7X.0.252.c1 (Island)
[12:58:22] [P1301-decline] playing land island
[12:58:22] [P1301-decline] tap land for mana used_for=any
[12:58:22] [P1301-decline] submitting interaction iid=3S5H7X.0.258 choice=3S5H7X.0.258.c1 (Island)
[12:58:25] [301-decline] playing land island
[12:58:26] [P1301-decline] tap land for mana used_for=any
[12:58:26] [P1301-decline] submitting interaction iid=3S5H7X.0.284 choice=3S5H7X.0.284.c1 (Island)
[12:58:26] [P1301-decline] tap land for mana used_for=any
[12:58:26] [P1301-decline] submitting interaction iid=3S5H7X.0.285 choice=3S5H7X.0.285.c1 (Island)
[12:58:27] [P1301-decline] tap land for mana used_for=any
[12:58:27] [P1301-decline] submitting interaction iid=3S5H7X.0.286 choice=3S5H7X.0.286.c1 (Island)
[12:58:27] [P1301-decline] tap land for mana used_for=any
[12:58:27] [P1301-decline] submitting interaction iid=3S5H7X.0.287 choice=3S5H7X.0.287.c1 (Island)
[12:58:27] [P1301-decline] tap land for mana used_for=any
[12:58:27] [P1301-decline] submitting interaction iid=3S5H7X.0.288 choice=3S5H7X.0.288.c1 (Island)
[12:58:27] [P1301-decline] tap land for mana used_for=any
[12:58:27] [P1301-decline] submitting interaction iid=3S5H7X.0.289 choice=3S5H7X.0.289.c1 (Island)
[12:58:27] [P1301-decline] tap land for mana used_for=any
[12:58:27] [P1301-decline] submitting interaction iid=3S5H7X.0.290 choice=3S5H7X.0.290.c1 (Island)
[12:58:27] [P1301-decline] tap land for mana used_for=any
[12:58:27] [P1301-decline] submitting interaction iid=3S5H7X.0.291 choice=3S5H7X.0.291.c1 (Island)
[12:58:28] [P1301-decline] playing land island
[12:58:28] [P1301-decline] tap land for mana used_for=any
[12:58:28] [P1301-decline] submitting interaction iid=3S5H7X.0.297 choice=3S5H7X.0.297.c1 (Island)
[12:58:28] [301-decline] DIAG P0301-decline: rev=297 turn=17 phase=PreCombatMain act=1 prio_acts=[] vikind='choose' real_decision=False my_prio=False ops=[]
[12:58:28] [301-decline] DIAG P1301-decline: rev=297 turn=17 phase=PreCombatMain act=1 prio_acts=['PassPriority'] vikind='choose' real_decision=False my_prio=True ops=[{"rtype": "exactChoices", "n_items": 2, "codes": ["candidate", "passPriority", "tapLandForMana"]}]
[12:58:31] [301-decline] playing land island
[12:58:33] [P1301-decline] tap land for mana used_for=any
[12:58:33] [P1301-decline] submitting interaction iid=3S5H7X.0.323 choice=3S5H7X.0.323.c1 (Island)
[12:58:33] [P1301-decline] tap land for mana used_for=any
[12:58:33] [P1301-decline] submitting interaction iid=3S5H7X.0.324 choice=3S5H7X.0.324.c1 (Island)
[12:58:33] [P1301-decline] tap land for mana used_for=any
[12:58:33] [P1301-decline] submitting interaction iid=3S5H7X.0.325 choice=3S5H7X.0.325.c1 (Island)
[12:58:33] [P1301-decline] tap land for mana used_for=any
[12:58:33] [P1301-decline] submitting interaction iid=3S5H7X.0.326 choice=3S5H7X.0.326.c1 (Island)
[12:58:33] [P1301-decline] tap land for mana used_for=any
[12:58:33] [P1301-decline] submitting interaction iid=3S5H7X.0.327 choice=3S5H7X.0.327.c1 (Island)
[12:58:34] [P1301-decline] tap land for mana used_for=any
[12:58:34] [P1301-decline] submitting interaction iid=3S5H7X.0.328 choice=3S5H7X.0.328.c1 (Island)
[12:58:34] [P1301-decline] tap land for mana used_for=any
[12:58:34] [P1301-decline] submitting interaction iid=3S5H7X.0.329 choice=3S5H7X.0.329.c1 (Island)
[12:58:34] [P1301-decline] tap land for mana used_for=any
[12:58:34] [P1301-decline] submitting interaction iid=3S5H7X.0.330 choice=3S5H7X.0.330.c1 (Island)
[12:58:34] [P1301-decline] tap land for mana used_for=any
[12:58:34] [P1301-decline] submitting interaction iid=3S5H7X.0.331 choice=3S5H7X.0.331.c1 (Island)
[12:58:35] [P1301-decline] playing land island
[12:58:35] [P1301-decline] tap land for mana used_for=any
[12:58:35] [P1301-decline] submitting interaction iid=3S5H7X.0.337 choice=3S5H7X.0.337.c1 (Island)
[12:58:38] [301-decline] playing land island
[12:58:40] [P1301-decline] tap land for mana used_for=any
[12:58:40] [P1301-decline] submitting interaction iid=3S5H7X.0.363 choice=3S5H7X.0.363.c1 (Island)
[12:58:40] [P1301-decline] tap land for mana used_for=any
[12:58:40] [P1301-decline] submitting interaction iid=3S5H7X.0.364 choice=3S5H7X.0.364.c1 (Island)
[12:58:40] [P1301-decline] tap land for mana used_for=any
[12:58:40] [P1301-decline] submitting interaction iid=3S5H7X.0.365 choice=3S5H7X.0.365.c1 (Island)
[12:58:41] [P1301-decline] tap land for mana used_for=any
[12:58:41] [P1301-decline] submitting interaction iid=3S5H7X.0.366 choice=3S5H7X.0.366.c1 (Island)
[12:58:42] [P1301-decline] tap land for mana used_for=any
[12:58:42] [P1301-decline] submitting interaction iid=3S5H7X.0.367 choice=3S5H7X.0.367.c1 (Island)
[12:58:42] [P1301-decline] tap land for mana used_for=any
[12:58:42] [P1301-decline] submitting interaction iid=3S5H7X.0.368 choice=3S5H7X.0.368.c1 (Island)
[12:58:42] [P1301-decline] tap land for mana used_for=any
[12:58:42] [P1301-decline] submitting interaction iid=3S5H7X.0.369 choice=3S5H7X.0.369.c1 (Island)
[12:58:42] [P1301-decline] tap land for mana used_for=any
[12:58:42] [P1301-decline] submitting interaction iid=3S5H7X.0.370 choice=3S5H7X.0.370.c1 (Island)
[12:58:42] [P1301-decline] tap land for mana used_for=any
[12:58:42] [P1301-decline] submitting interaction iid=3S5H7X.0.371 choice=3S5H7X.0.371.c1 (Island)
[12:58:42] [P1301-decline] tap land for mana used_for=any
[12:58:42] [P1301-decline] submitting interaction iid=3S5H7X.0.372 choice=3S5H7X.0.372.c1 (Island)
[12:58:43] [P1301-decline] playing land island
[12:58:43] [P1301-decline] tap land for mana used_for=any
[12:58:43] [P1301-decline] submitting interaction iid=3S5H7X.0.378 choice=3S5H7X.0.378.c1 (Island)
[12:58:46] [301-decline] playing land island
[12:58:47] [P1301-decline] tap land for mana used_for=any
[12:58:47] [P1301-decline] submitting interaction iid=3S5H7X.0.404 choice=3S5H7X.0.404.c1 (Island)
[12:58:47] [P1301-decline] tap land for mana used_for=any
[12:58:47] [P1301-decline] submitting interaction iid=3S5H7X.0.405 choice=3S5H7X.0.405.c1 (Island)
[12:58:48] [P1301-decline] tap land for mana used_for=any
[12:58:48] [P1301-decline] submitting interaction iid=3S5H7X.0.406 choice=3S5H7X.0.406.c1 (Island)
[12:58:48] [P1301-decline] tap land for mana used_for=any
[12:58:48] [P1301-decline] submitting interaction iid=3S5H7X.0.407 choice=3S5H7X.0.407.c1 (Island)
[12:58:48] [P1301-decline] tap land for mana used_for=any
[12:58:48] [P1301-decline] submitting interaction iid=3S5H7X.0.408 choice=3S5H7X.0.408.c1 (Island)
[12:58:48] [P1301-decline] tap land for mana used_for=any
[12:58:48] [P1301-decline] submitting interaction iid=3S5H7X.0.409 choice=3S5H7X.0.409.c1 (Island)
[12:58:48] [P1301-decline] tap land for mana used_for=any
[12:58:48] [P1301-decline] submitting interaction iid=3S5H7X.0.410 choice=3S5H7X.0.410.c1 (Island)
[12:58:48] [P1301-decline] tap land for mana used_for=any
[12:58:48] [P1301-decline] submitting interaction iid=3S5H7X.0.411 choice=3S5H7X.0.411.c1 (Island)
[12:58:48] [P1301-decline] tap land for mana used_for=any
[12:58:48] [P1301-decline] submitting interaction iid=3S5H7X.0.412 choice=3S5H7X.0.412.c1 (Island)
[12:58:49] [P1301-decline] tap land for mana used_for=any
[12:58:49] [P1301-decline] submitting interaction iid=3S5H7X.0.413 choice=3S5H7X.0.413.c1 (Island)
[12:58:49] [P1301-decline] tap land for mana used_for=any
[12:58:49] [P1301-decline] submitting interaction iid=3S5H7X.0.414 choice=3S5H7X.0.414.c1 (Island)
[12:58:50] [P1301-decline] playing land island
[12:58:50] [P1301-decline] tap land for mana used_for=any
[12:58:50] [P1301-decline] submitting interaction iid=3S5H7X.0.420 choice=3S5H7X.0.420.c1 (Island)
[12:58:52] [301-decline] playing land island
[12:58:52] exporting PRE_ACTIVATION state
[12:58:52] ACTIVATING CHAOS WAND (id 52) via advertised ActivateAbility
[12:58:53] submitting ActivateAbility via ActivateAbility legal_action (holding priority)
[12:58:53] [301-decline] tap land for mana used_for=generic
[12:58:53] [301-decline] submitting interaction iid=3S5H7X.0.437 choice=3S5H7X.0.437.c1 (Island)
[12:58:53] [301-decline] tap land for mana used_for=generic
[12:58:53] [301-decline] submitting interaction iid=3S5H7X.0.438 choice=3S5H7X.0.438.c1 (Island)
[12:58:54] [301-decline] tap land for mana used_for=generic
[12:58:54] [301-decline] submitting interaction iid=3S5H7X.0.439 choice=3S5H7X.0.439.c1 (Island)
[12:58:54] [301-decline] tap land for mana used_for=generic
[12:58:54] [301-decline] submitting interaction iid=3S5H7X.0.440 choice=3S5H7X.0.440.c1 (Island)
[12:58:54] [301-decline] activation watch: wand tapped=True stack=1 needs={'generic': 0} pool={"mana": [{"color": "Blue", "source_id": 7, "pip_id": 89, "snow": false, "restrictions": []}, {"color": "Blue", "source_ vikind='choose'
[12:58:54] [301-decline] wand ability on the stack
[12:58:55] exporting POST_EXILE checkpoint
[12:58:56] P0 submitting decline: choice id=3S5H7X.0.443.c0
[12:58:58] exporting DECLINE_POST state
[12:58:58] VERDICT: reproduced
