starting issue #7191 run 20260916-7191 (pinned v0.85.0, protocol 72)
parse: {"acorn catapult": {"oracle_text": "{1}, {T}: This artifact deals 1 damage to any target. That permanent's controller or that player creates a 1/1 green Squirrel creature token.", "activated_effect": "DealDamage", "activated_amount": 1, "activated_target": "Any", "activated_cost": ["Mana", "Tap"], "sub_effect": "Unimplemented", "sub_name": "unbound_subject", "sub_description": "That permanent's controller or that player creates a 1/1 green Squirrel creature token"}}
[A] game=U5FK61
[A-P0] mulligan: keep
[A-P1] mulligan: keep
[A] DIAG turn=1 active=1 phase=Untap wf=MulliganDecision P0hand=7 P1hand=7 stack=0 sq=0
[A-P1] casts Grizzly Bears
[A] target resolved: ('oid', '66')
[A-P1] casts Grizzly Bears
[A-P1] declares no DeclareAttackers
[A-P1] casts Grizzly Bears
[A-P1] declares no DeclareAttackers
[A-P0] casts Acorn Catapult (turn 8)
[A-P1] declares no DeclareAttackers
[A-P0] exporting PRE_A, then activating Catapult
exported pre_A.json
[A-P0] activated Acorn Catapult targeting ('oid', '66')
[A-P0] answers TargetSelection -> ('oid', '66')
[A-P0] ability on stack
[A-P0] ability resolved; exporting POST_A
exported post_A.json
[A] contract complete; finishing game
game A finished ok=True
[B] game=86TL8R
[B-P0] mulligan: mulligan
[B-P1] mulligan: keep
[B] DIAG turn=1 active=1 phase=Untap wf=MulliganDecision P0hand=7 P1hand=7 stack=0 sq=0
[B-P0] mulligan: keep
[B-P0] bottoms 1 after mulligan
[B-P0] casts Acorn Catapult (turn 8)
[B-P0] exporting PRE_B, then activating Catapult
exported pre_B.json
[B-P0] activated Acorn Catapult targeting ('player', 1)
[B-P0] answers TargetSelection -> ('player', 1)
[B-P0] ability on stack
[B-P0] ability resolved; exporting POST_B
exported post_B.json
[B] contract complete; finishing game
game B finished ok=True
[C] game=UDUMYE
[C-P0] mulligan: keep
[C-P1] mulligan: mulligan
[C] DIAG turn=1 active=1 phase=Untap wf=MulliganDecision P0hand=7 P1hand=7 stack=0 sq=0
[C-P1] mulligan: mulligan
[C-P1] mulligan: keep
[C-P1] bottoms 2 after mulligan
[C-P0] casts Acorn Catapult (turn 8)
[C-P0] casts Grizzly Bears (turn 12)
[C] target resolved: ('oid', '51')
[C-P0] exporting PRE_C, then activating Catapult
exported pre_C.json
[C-P0] activated Acorn Catapult targeting ('oid', '51')
[C-P0] answers TargetSelection -> ('oid', '51')
[C-P0] ability on stack
[C-P0] ability resolved; exporting POST_C
exported post_C.json
[C] contract complete; finishing game
game C finished ok=True
[A] post squirrels: []
[B] post squirrels: []
[C] post squirrels: []
rendered /home/hatch/workspace/dev/phase-backfill/evidence/7191/20260916-7191/summary.png
