both clients connected
game created: Z7PVZN
P1 joined
[P0] mulligan: keep 7 (kara=yes)
[P1] mulligan: keep 7 (kara=no)
[diag] t=1s stage=setup turn=1 phase=PreCombatMain wf=Priority kara_bf=0 bears=0 life=20/20 stack=0
[P0] playing land swamp
[P1] playing land forest
[P0] playing land swamp
[P1] playing land forest
[P1] casting grizzly bears
[P0] playing land swamp
[P1] playing land forest
[P0] playing land mountain
[P1] playing land forest
[P0] playing land swamp
[P0] casting Karazikar, the Eye Tyrant
[P0] Karazikar on battlefield oid=26 turn=9
[P1] playing land forest
exported pre.json (turn=10)
[P1] declaring attackers: 1 bears -> P0 (turn 10)
[P0] attack_watch stack: 1 entries, triggers=[{"id": 101, "source_id": 26, "description": ""}]
[P0] KARAZIKAR TRIGGER ON STACK: {'id': 101, 'source_id': 26, 'description': ''}
[P0] DeclareBlockers: empty (no blocks)
[P0] attack turn done: life 20/20 -> 18/20, hands 5/6 -> 5/6
exported post.json (turn=11)
loaded pre.json
loaded post.json
wrote server.log excerpts (344 lines)
wrote summary.png
