[14:07:49] ServerHello: version=0.103.0 build=ec27a8d protocol=106 mode=Full
[14:07:49] data-level check: ok=True notes=[]
[14:07:50] P0 creating game...
[14:07:50] P1 joining...
[14:07:51] game J1FA1V; P0 seat=0 P1 seat=1
[14:07:51] [P0] keep 7: ['swamp', 'toxrill, the corrosive', 'toxrill, the corrosive', 'the masamune', 'toxrill, the corrosive', 'swamp', 'the masamune']
[14:07:51] [P1] keep 7: ['forest', 'llanowar elves', 'forest', 'forest', 'forest', 'forest', 'llanowar elves']
[14:07:52] [P0] playing land swamp
[14:07:55] [P1] playing land forest
[14:07:59] [P0] playing land swamp
[14:08:04] [P1] playing land forest
[14:08:08] [P0] playing land swamp
[14:08:08] [P0] casts The Masamune (oid 34)
[14:08:12] [P1] playing land forest
[14:08:15] [P0] tap land for mana used_for=generic
[14:08:15] [P0] submitting interaction iid=J1FA1V.0.95 choice=J1FA1V.0.95.c1 (Swamp)
[14:08:15] [P0] tap land for mana used_for=generic
[14:08:15] [P0] submitting interaction iid=J1FA1V.0.96 choice=J1FA1V.0.96.c1 (Swamp)
[14:08:15] [P0] tap land for mana used_for=generic
[14:08:15] [P0] submitting interaction iid=J1FA1V.0.97 choice=J1FA1V.0.97.c1 (Swamp)
[14:08:17] [P0] playing land swamp
[14:08:21] [P1] playing land forest
[14:08:33] [P0] playing land swamp
[14:08:37] [P1] playing land forest
[14:08:41] [P0] playing land swamp
[14:08:45] [P1] playing land forest
[14:08:49] [P0] playing land island
[14:08:49] [P0] casts Toxrill (oid 2)
[14:08:51] DIAG P06773: rev=195 turn=13 phase=PreCombatMain prio=False decision=False pre=False mid=False equipped=False
[14:08:51] DIAG P16773: rev=195 turn=13 phase=PreCombatMain prio=True decision=False pre=False mid=False equipped=False
[14:08:55] [P1] playing land forest
[14:08:59] [P0] tap land for mana used_for=B
[14:08:59] [P0] submitting interaction iid=J1FA1V.0.225 choice=J1FA1V.0.225.c2 (Swamp)
[14:08:59] [P0] tap land for mana used_for=B
[14:08:59] [P0] submitting interaction iid=J1FA1V.0.226 choice=J1FA1V.0.226.c2 (Swamp)
[14:08:59] [P0] tap land for mana used_for=generic
[14:08:59] [P0] submitting interaction iid=J1FA1V.0.227 choice=J1FA1V.0.227.c2 (Swamp)
[14:09:00] [P0] tap land for mana used_for=generic
[14:09:00] [P0] submitting interaction iid=J1FA1V.0.228 choice=J1FA1V.0.228.c2 (Swamp)
[14:09:00] [P0] tap land for mana used_for=generic
[14:09:00] [P0] submitting interaction iid=J1FA1V.0.229 choice=J1FA1V.0.229.c2 (Swamp)
[14:09:00] [P0] tap land for mana used_for=generic
[14:09:00] [P0] submitting interaction iid=J1FA1V.0.230 choice=J1FA1V.0.230.c2 (Island)
[14:09:00] [P0] tap land for mana used_for=generic
[14:09:00] [P0] submitting interaction iid=J1FA1V.0.231 choice=J1FA1V.0.231.c2 (Swamp)
[14:09:02] [P0] playing land island
[14:09:07] [P1] playing land forest
[14:09:11] [P0] playing land island
[14:09:11] [P0] equip via advertised ActivateAbility (src 34)
[14:09:12] [P0] tap land for mana used_for=generic
[14:09:12] [P0] submitting interaction iid=J1FA1V.0.273 choice=J1FA1V.0.273.c2 (Island)
[14:09:12] [P0] tap land for mana used_for=generic
[14:09:12] [P0] submitting interaction iid=J1FA1V.0.274 choice=J1FA1V.0.274.c2 (Swamp)
[14:09:18] [P1] playing land forest
[14:09:18] [P1] casts Llanowar Elves (oid 65)
[14:09:19] [P1] tap land for mana used_for=G
[14:09:19] [P1] submitting interaction iid=J1FA1V.0.296 choice=J1FA1V.0.296.c1 (Forest)
[14:09:20] exported pre_death.json
[14:09:20] [pre] exported turn 18 phase PreCombatMain DoubleTriggers-grant=True
[14:09:22] exported mid_triggers.json
[14:09:22] [mid] exported: 1 slime-death triggers on stack
[14:09:24] exported post_resolution.json
[14:09:24] [post] exported: 1 Slug tokens
[14:09:24] A1_setup_ok: passed
[14:09:24] A2_death_observed: passed
[14:09:24] A3_triggers_doubled: failed
[14:09:24] A4_slugs_created: failed
[14:09:24] A5_cleanup: passed
[14:09:25] DONE verdict=reproduced assertions={"A1_setup_ok": "passed", "A2_death_observed": "passed", "A3_triggers_doubled": "failed", "A4_slugs_created": "failed", "A5_cleanup": "passed"}
