game ZB9V20; seats P0=0 P1=1 RUN_ID=20260913-6950c
P0 keeps (5 lands)
P1 keeps (7 lands)
DIAG turn=1 active=1 phase=Untap wf=MulliganDecision pp=1 P0life=20 elenda=None P/T=None/None menace=None rev_casts=0 pre=False mid1=False post=False stack=0
P0 life = 20
[P1] UNEXPECTED PROMPT iid=ZB9V20.0.2 n=2
[P0] casting elenda, saint of dusk via CastSpell (oid 28)
Elenda on BF: oid=28
exported PRE
PRE exported: Elenda on BF at life 20
[P0] casting revitalize via CastSpell (oid 19)
P0 life = 23
exported MID1
MID1 exported: life 23
[P0] casting revitalize via CastSpell (oid 47)
P0 life = 26
[P0] casting revitalize via CastSpell (oid 54)
P0 life = 29
[P0] casting revitalize via CastSpell (oid 6)
P0 life = 32
exported POST
POST exported
post exported; finishing
loaded pre.json
loaded mid1.json
loaded post.json
copied scenario_6950.py and server.log into EVDIR
wrote summary.png
wrote manifest.sha256
