game 1WQDIU; P0 seat=0 P1 seat=1
P0 keeps (lands=4, mulls=0)
[vi wf-MulliganDecision/P0] canSubmit=True rtype=exactChoices prompt='' choices=[('', 'available'), ('', 'available')]
P1 keeps
DIAG turn=1 active=1 phase=Untap wf=MulliganDecision pp=1 hand=['forest', 'slinza, the spiked stampede', 'forest', 'forest', 'leatherback baloth', 'slinza, the spiked stampede'] slinza_bf=False untapped_forests=0 phase=A A_done=False B_done=False
P1 casts Grizzly Bears
P1 casts Grizzly Bears
[vi wf-DeclareAttackers/P1] canSubmit=True rtype=schema prompt='' choices=[('Grizzly Bears', 'available'), ('', 'available')]
[vi wf-DeclareAttackers/P1] canSubmit=True rtype=schema prompt='' choices=[('Grizzly Bears', 'available'), ('Grizzly Bears', 'available'), ('', 'available')]
[vi wf-DeclareAttackers/P1] canSubmit=True rtype=schema prompt='' choices=[('Grizzly Bears', 'available'), ('Grizzly Bears', 'available'), ('', 'available')]
P0 casts Slinza with 5 untapped (will leave 0 for the cannot-pay branch)
exported pre_A.json
[vi trig/P0] canSubmit=True rtype=exactChoices prompt='' choices=[('', 'available')]
[P1] no decision for opportunity 1WQDIU.0.155 (policy=unrecognized_exact); logging and moving on
[vi trig/P1] canSubmit=True rtype=exactChoices prompt='' choices=[('', 'available'), ('Forest', 'available'), ('Forest', 'available'), ('Forest', 'available'), ('Forest', 'available'), ('Forest', 'available')]
[P0] accept_trigger: choice 1WQDIU.0.156.c1 '' (rtype=exactChoices)
[vi trig/P0] canSubmit=True rtype=exactChoices prompt='' choices=[('', 'available'), ('', 'available')]
[P0] no decision for opportunity 1WQDIU.0.157 (policy=unrecognized_exact); logging and moving on
exported post_A.json
PHASE A complete (cannot-pay branch resolved); moving to B
[P0] no decision for opportunity 1WQDIU.0.157 (policy=unrecognized_exact); logging and moving on
[P1] no decision for opportunity 1WQDIU.0.158 (policy=unrecognized_exact); logging and moving on
[P0] no decision for opportunity 1WQDIU.0.159 (policy=unrecognized_exact); logging and moving on
[P1] no decision for opportunity 1WQDIU.0.160 (policy=unrecognized_exact); logging and moving on
[P0] no decision for opportunity 1WQDIU.0.161 (policy=unrecognized_exact); logging and moving on
[P1] no decision for opportunity 1WQDIU.0.162 (policy=unrecognized_exact); logging and moving on
[P0] no decision for opportunity 1WQDIU.0.163 (policy=unrecognized_exact); logging and moving on
[P1] no decision for opportunity 1WQDIU.0.164 (policy=unrecognized_exact); logging and moving on
[P0] no decision for opportunity 1WQDIU.0.165 (policy=unrecognized_exact); logging and moving on
[P1] no decision for opportunity 1WQDIU.0.166 (policy=unrecognized_exact); logging and moving on
[P1] no decision for opportunity 1WQDIU.0.167 (policy=unrecognized_exact); logging and moving on
[P0] no decision for opportunity 1WQDIU.0.168 (policy=unrecognized_exact); logging and moving on
[P1] no decision for opportunity 1WQDIU.0.169 (policy=unrecognized_exact); logging and moving on
[P0] no decision for opportunity 1WQDIU.0.170 (policy=unrecognized_exact); logging and moving on
[P1] no decision for opportunity 1WQDIU.0.171 (policy=priority_menu_not_payment); logging and moving on
[P1] no decision for opportunity 1WQDIU.0.172 (policy=priority_menu_not_payment); logging and moving on
P1 casts Grizzly Bears
[P1] no decision for opportunity 1WQDIU.0.173 (policy=unrecognized_exact); logging and moving on
[P0] no decision for opportunity 1WQDIU.0.174 (policy=unrecognized_exact); logging and moving on
[P1] no decision for opportunity 1WQDIU.0.175 (policy=unrecognized_exact); logging and moving on
[P0] no decision for opportunity 1WQDIU.0.176 (policy=unrecognized_exact); logging and moving on
[P1] no decision for opportunity 1WQDIU.0.177 (policy=unrecognized_exact); logging and moving on
[P0] no decision for opportunity 1WQDIU.0.178 (policy=unrecognized_exact); logging and moving on
[P1] no decision for opportunity 1WQDIU.0.179 (policy=schema_not_sequence); logging and moving on
[vi wf-DeclareAttackers/P1] canSubmit=True rtype=schema prompt='' choices=[('Grizzly Bears', 'available'), ('Grizzly Bears', 'available'), ('', 'available')]
[P1] no decision for opportunity 1WQDIU.0.180 (policy=unrecognized_exact); logging and moving on
[P0] no decision for opportunity 1WQDIU.0.181 (policy=unrecognized_exact); logging and moving on
[P1] no decision for opportunity 1WQDIU.0.182 (policy=unrecognized_exact); logging and moving on
[P0] no decision for opportunity 1WQDIU.0.183 (policy=unrecognized_exact); logging and moving on
[P1] no decision for opportunity 1WQDIU.0.184 (policy=unrecognized_exact); logging and moving on
[P0] no decision for opportunity 1WQDIU.0.185 (policy=unrecognized_exact); logging and moving on
[P0] no decision for opportunity 1WQDIU.0.186 (policy=unrecognized_exact); logging and moving on
[P1] no decision for opportunity 1WQDIU.0.187 (policy=unrecognized_exact); logging and moving on
[P0] no decision for opportunity 1WQDIU.0.188 (policy=unrecognized_exact); logging and moving on
[P1] no decision for opportunity 1WQDIU.0.189 (policy=unrecognized_exact); logging and moving on
[P0] no decision for opportunity 1WQDIU.0.190 (policy=priority_menu_not_payment); logging and moving on
[P0] no decision for opportunity 1WQDIU.0.191 (policy=priority_menu_not_payment); logging and moving on
P0 casts Baloth with 6 untapped (keep 2+ for the pay branch)
[P0] no decision for opportunity 1WQDIU.0.192 (policy=unrecognized_exact); logging and moving on
[P1] no decision for opportunity 1WQDIU.0.193 (policy=unrecognized_exact); logging and moving on
[P0] no decision for opportunity 1WQDIU.0.194 (policy=unrecognized_exact); logging and moving on
exported pre_B.json
[vi trig/P0] canSubmit=True rtype=exactChoices prompt='' choices=[('', 'available'), ('Forest', 'available'), ('Forest', 'available'), ('Forest', 'available')]
[P1] no decision for opportunity 1WQDIU.0.195 (policy=unrecognized_exact); logging and moving on
[vi trig/P1] canSubmit=True rtype=exactChoices prompt='' choices=[('', 'available'), ('Forest', 'available'), ('Forest', 'available'), ('Forest', 'available'), ('Forest', 'available')]
[P0] accept_trigger: choice 1WQDIU.0.196.c1 '' (rtype=exactChoices)
[vi trig/P0] canSubmit=True rtype=exactChoices prompt='' choices=[('', 'available'), ('', 'available')]
[P0] fight_target_bears: choice 1WQDIU.0.197.t0 'Grizzly Bears' (rtype=schema)
[vi trig/P0] canSubmit=True rtype=schema prompt='' choices=[('Grizzly Bears', 'available'), ('Grizzly Bears', 'available'), ('Grizzly Bears', 'available')]
[P0] no decision for opportunity 1WQDIU.0.198 (policy=unrecognized_exact); logging and moving on
[vi trig/P0] canSubmit=True rtype=exactChoices prompt='' choices=[('', 'available'), ('Forest', 'available')]
[P1] no decision for opportunity 1WQDIU.0.199 (policy=unrecognized_exact); logging and moving on
[vi trig/P1] canSubmit=True rtype=exactChoices prompt='' choices=[('', 'available'), ('Forest', 'available'), ('Forest', 'available'), ('Forest', 'available'), ('Forest', 'available')]
[P0] no decision for opportunity 1WQDIU.0.200 (policy=unrecognized_exact); logging and moving on
exported post_B.json
PHASE B complete (fight resolved, Bears dead); finishing
both phases complete; finishing
