Server: phase-server v0.80.0 build 22cca6d (protocol 69), single-user, 127.0.0.1:9374
Source log: runs/20260912-6892r2/server.log (shared v0.80.0 instance)
Game: EEEN0P

2026-09-12T12:20:13.396633Z  INFO ws_message: server_core::session: game session created game=EEEN0P player_count=2
2026-09-12T12:20:13.424945Z  INFO ws_message: phase_server: game created via lobby game=EEEN0P host=P0 players=2
2026-09-12T12:20:13.492639Z  INFO ws_message: phase_server: JoinGameWithPassword game=EEEN0P joiner=P1
2026-09-12T12:20:13.493212Z  INFO ws_message: server_core::session: player joined session game=EEEN0P player=PlayerId(1) seat=1
2026-09-12T12:20:13.514214Z  INFO ws_message: phase_server: player joined via lobby game=EEEN0P player=PlayerId(1)
2026-09-12T12:20:13.691109Z  WARN phase_server: Full snapshot was no longer current game=EEEN0P disposition=SupersededOrRetired
2026-09-12T12:20:13.932022Z  INFO ws_message:game_session{game=EEEN0P player=PlayerId(0)}: server_core::session: action applied game=EEEN0P player=PlayerId(0) action_type="MulliganDecision" event_count=0
2026-09-12T12:20:13.943009Z  INFO ws_message:game_session{game=EEEN0P player=PlayerId(0)}: phase_server: game submission processed (lock held) game=EEEN0P kind="action" lock_ms=11 ai_actions=0
2026-09-12T12:20:14.007796Z  INFO ws_message:game_session{game=EEEN0P player=PlayerId(1)}: server_core::session: action applied game=EEEN0P player=PlayerId(1) action_type="MulliganDecision" event_count=1
2026-09-12T12:20:14.009668Z  INFO ws_message:game_session{game=EEEN0P player=PlayerId(1)}: phase_server: game submission processed (lock held) game=EEEN0P kind="action" lock_ms=6 ai_actions=0
2026-09-12T12:20:14.185014Z  INFO ws_message:game_session{game=EEEN0P player=PlayerId(0)}: server_core::session: action applied game=EEEN0P player=PlayerId(0) action_type="PassPriority" event_count=1
2026-09-12T12:20:14.189998Z  INFO ws_message:game_session{game=EEEN0P player=PlayerId(0)}: phase_server: game submission processed (lock held) game=EEEN0P kind="action" lock_ms=5 ai_actions=0
2026-09-12T12:20:14.439449Z  INFO ws_message:game_session{game=EEEN0P player=PlayerId(1)}: server_core::session: action applied game=EEEN0P player=PlayerId(1) action_type="PassPriority" event_count=2
2026-09-12T12:20:14.458885Z  INFO ws_message:game_session{game=EEEN0P player=PlayerId(1)}: phase_server: game submission processed (lock held) game=EEEN0P kind="action" lock_ms=20 ai_actions=0
2026-09-12T12:20:14.694937Z  INFO ws_message:game_session{game=EEEN0P player=PlayerId(0)}: server_core::session: action applied game=EEEN0P player=PlayerId(0) action_type="PlayLand" event_count=2
2026-09-12T12:20:14.708237Z  INFO ws_message:game_session{game=EEEN0P player=PlayerId(0)}: phase_server: game submission processed (lock held) game=EEEN0P kind="action" lock_ms=18 ai_actions=0
2026-09-12T12:20:14.945118Z  INFO ws_message:game_session{game=EEEN0P player=PlayerId(0)}: server_core::session: action applied game=EEEN0P player=PlayerId(0) action_type="PassPriority" event_count=1
2026-09-12T12:20:14.949081Z  INFO ws_message:game_session{game=EEEN0P player=PlayerId(0)}: phase_server: game submission processed (lock held) game=EEEN0P kind="action" lock_ms=4 ai_actions=0
2026-09-12T12:20:15.199017Z  INFO ws_message:game_session{game=EEEN0P player=PlayerId(1)}: server_core::session: action applied game=EEEN0P player=PlayerId(1) action_type="PassPriority" event_count=1
2026-09-12T12:20:15.203843Z  INFO ws_message:game_session{game=EEEN0P player=PlayerId(1)}: phase_server: game submission processed (lock held) game=EEEN0P kind="action" lock_ms=6 ai_actions=0
2026-09-12T12:20:15.450013Z  INFO ws_message:game_session{game=EEEN0P player=PlayerId(0)}: server_core::session: action applied game=EEEN0P player=PlayerId(0) action_type="PassPriority" event_count=1
2026-09-12T12:20:15.454564Z  INFO ws_message:game_session{game=EEEN0P player=PlayerId(0)}: phase_server: game submission processed (lock held) game=EEEN0P kind="action" lock_ms=5 ai_actions=0
2026-09-12T12:20:15.706064Z  INFO ws_message:game_session{game=EEEN0P player=PlayerId(1)}: server_core::session: action applied game=EEEN0P player=PlayerId(1) action_type="PassPriority" event_count=3
2026-09-12T12:20:15.709096Z  INFO ws_message:game_session{game=EEEN0P player=PlayerId(1)}: phase_server: game submission processed (lock held) game=EEEN0P kind="action" lock_ms=8 ai_actions=0
2026-09-12T12:20:15.954889Z  INFO ws_message:game_session{game=EEEN0P player=PlayerId(0)}: server_core::session: action applied game=EEEN0P player=PlayerId(0) action_type="PassPriority" event_count=1
2026-09-12T12:20:15.960313Z  INFO ws_message:game_session{game=EEEN0P player=PlayerId(0)}: phase_server: game submission processed (lock held) game=EEEN0P kind="action" lock_ms=6 ai_actions=0
2026-09-12T12:20:16.211520Z  INFO ws_message:game_session{game=EEEN0P player=PlayerId(1)}: server_core::session: action applied game=EEEN0P player=PlayerId(1) action_type="PassPriority" event_count=1
2026-09-12T12:20:16.225519Z  INFO ws_message:game_session{game=EEEN0P player=PlayerId(1)}: phase_server: game submission processed (lock held) game=EEEN0P kind="action" lock_ms=18 ai_actions=0
2026-09-12T12:20:16.460845Z  INFO ws_message:game_session{game=EEEN0P player=PlayerId(0)}: server_core::session: action applied game=EEEN0P player=PlayerId(0) action_type="PassPriority" event_count=1
2026-09-12T12:20:16.464662Z  INFO ws_message:game_session{game=EEEN0P player=PlayerId(0)}: phase_server: game submission processed (lock held) game=EEEN0P kind="action" lock_ms=5 ai_actions=0
2026-09-12T12:20:16.715197Z  INFO ws_message:game_session{game=EEEN0P player=PlayerId(1)}: server_core::session: action applied game=EEEN0P player=PlayerId(1) action_type="PassPriority" event_count=1
2026-09-12T12:20:16.718245Z  INFO ws_message:game_session{game=EEEN0P player=PlayerId(1)}: phase_server: game submission processed (lock held) game=EEEN0P kind="action" lock_ms=8 ai_actions=0
2026-09-12T12:20:16.967864Z  INFO ws_message:game_session{game=EEEN0P player=PlayerId(0)}: server_core::session: action applied game=EEEN0P player=PlayerId(0) action_type="PassPriority" event_count=1
2026-09-12T12:20:16.971068Z  INFO ws_message:game_session{game=EEEN0P player=PlayerId(0)}: phase_server: game submission processed (lock held) game=EEEN0P kind="action" lock_ms=6 ai_actions=0
2026-09-12T12:20:17.224616Z  INFO ws_message:game_session{game=EEEN0P player=PlayerId(1)}: server_core::session: action applied game=EEEN0P player=PlayerId(1) action_type="PassPriority" event_count=4
2026-09-12T12:20:17.226674Z  INFO ws_message:game_session{game=EEEN0P player=PlayerId(1)}: phase_server: game submission processed (lock held) game=EEEN0P kind="action" lock_ms=8 ai_actions=0
2026-09-12T12:20:17.473350Z  INFO ws_message:game_session{game=EEEN0P player=PlayerId(1)}: server_core::session: action applied game=EEEN0P player=PlayerId(1) action_type="PassPriority" event_count=1
2026-09-12T12:20:17.476592Z  INFO ws_message:game_session{game=EEEN0P player=PlayerId(1)}: phase_server: game submission processed (lock held) game=EEEN0P kind="action" lock_ms=5 ai_actions=0
2026-09-12T12:20:17.733252Z  INFO ws_message:game_session{game=EEEN0P player=PlayerId(0)}: server_core::session: action applied game=EEEN0P player=PlayerId(0) action_type="PassPriority" event_count=4
2026-09-12T12:20:17.735239Z  INFO ws_message:game_session{game=EEEN0P player=PlayerId(0)}: phase_server: game submission processed (lock held) game=EEEN0P kind="action" lock_ms=10 ai_actions=0
2026-09-12T12:20:17.978240Z  INFO ws_message:game_session{game=EEEN0P player=PlayerId(1)}: server_core::session: action applied game=EEEN0P player=PlayerId(1) action_type="PassPriority" event_count=1
2026-09-12T12:20:17.981924Z  INFO ws_message:game_session{game=EEEN0P player=PlayerId(1)}: phase_server: game submission processed (lock held) game=EEEN0P kind="action" lock_ms=4 ai_actions=0
2026-09-12T12:20:18.233321Z  INFO ws_message:game_session{game=EEEN0P player=PlayerId(0)}: server_core::session: action applied game=EEEN0P player=PlayerId(0) action_type="PassPriority" event_count=1
2026-09-12T12:20:18.252985Z  INFO ws_message:game_session{game=EEEN0P player=PlayerId(0)}: phase_server: game submission processed (lock held) game=EEEN0P kind="action" lock_ms=20 ai_actions=0
2026-09-12T12:20:18.490783Z  INFO ws_message:game_session{game=EEEN0P player=PlayerId(1)}: server_core::session: action applied game=EEEN0P player=PlayerId(1) action_type="PlayLand" event_count=2
2026-09-12T12:20:18.502162Z  INFO ws_message:game_session{game=EEEN0P player=PlayerId(1)}: phase_server: game submission processed (lock held) game=EEEN0P kind="action" lock_ms=16 ai_actions=0
2026-09-12T12:20:18.739540Z  INFO ws_message:game_session{game=EEEN0P player=PlayerId(1)}: server_core::session: action applied game=EEEN0P player=PlayerId(1) action_type="PassPriority" event_count=1
2026-09-12T12:20:18.743735Z  INFO ws_message:game_session{game=EEEN0P player=PlayerId(1)}: phase_server: game submission processed (lock held) game=EEEN0P kind="action" lock_ms=6 ai_actions=0
2026-09-12T12:20:18.991191Z  INFO ws_message:game_session{game=EEEN0P player=PlayerId(0)}: server_core::session: action applied game=EEEN0P player=PlayerId(0) action_type="PassPriority" event_count=1
2026-09-12T12:20:18.997164Z  INFO ws_message:game_session{game=EEEN0P player=PlayerId(0)}: phase_server: game submission processed (lock held) game=EEEN0P kind="action" lock_ms=7 ai_actions=0
2026-09-12T12:20:19.246813Z  INFO ws_message:game_session{game=EEEN0P player=PlayerId(1)}: server_core::session: action applied game=EEEN0P player=PlayerId(1) action_type="PassPriority" event_count=1
2026-09-12T12:20:19.249441Z  INFO ws_message:game_session{game=EEEN0P player=PlayerId(1)}: phase_server: game submission processed (lock held) game=EEEN0P kind="action" lock_ms=4 ai_actions=0
2026-09-12T12:20:19.503126Z  INFO ws_message:game_session{game=EEEN0P player=PlayerId(0)}: server_core::session: action applied game=EEEN0P player=PlayerId(0) action_type="PassPriority" event_count=3
2026-09-12T12:20:19.513130Z  INFO ws_message:game_session{game=EEEN0P player=PlayerId(0)}: phase_server: game submission processed (lock held) game=EEEN0P kind="action" lock_ms=15 ai_actions=0
2026-09-12T12:20:19.751942Z  INFO ws_message:game_session{game=EEEN0P player=PlayerId(1)}: server_core::session: action applied game=EEEN0P player=PlayerId(1) action_type="PassPriority" event_count=1
2026-09-12T12:20:19.754644Z  INFO ws_message:game_session{game=EEEN0P player=PlayerId(1)}: phase_server: game submission processed (lock held) game=EEEN0P kind="action" lock_ms=4 ai_actions=0
2026-09-12T12:20:20.007149Z  INFO ws_message:game_session{game=EEEN0P player=PlayerId(0)}: server_core::session: action applied game=EEEN0P player=PlayerId(0) action_type="PassPriority" event_count=1
2026-09-12T12:20:20.018017Z  INFO ws_message:game_session{game=EEEN0P player=PlayerId(0)}: phase_server: game submission processed (lock held) game=EEEN0P kind="action" lock_ms=15 ai_actions=0
2026-09-12T12:20:20.258808Z  INFO ws_message:game_session{game=EEEN0P player=PlayerId(1)}: server_core::session: action applied game=EEEN0P player=PlayerId(1) action_type="PassPriority" event_count=1
2026-09-12T12:20:20.261922Z  INFO ws_message:game_session{game=EEEN0P player=PlayerId(1)}: phase_server: game submission processed (lock held) game=EEEN0P kind="action" lock_ms=5 ai_actions=0
2026-09-12T12:20:20.516386Z  INFO ws_message:game_session{game=EEEN0P player=PlayerId(0)}: server_core::session: action applied game=EEEN0P player=PlayerId(0) action_type="PassPriority" event_count=1
2026-09-12T12:20:20.522430Z  INFO ws_message:game_session{game=EEEN0P player=PlayerId(0)}: phase_server: game submission processed (lock held) game=EEEN0P kind="action" lock_ms=12 ai_actions=0
2026-09-12T12:20:20.764408Z  INFO ws_message:game_session{game=EEEN0P player=PlayerId(1)}: server_core::session: action applied game=EEEN0P player=PlayerId(1) action_type="PassPriority" event_count=1
2026-09-12T12:20:20.772074Z  INFO ws_message:game_session{game=EEEN0P player=PlayerId(1)}: phase_server: game submission processed (lock held) game=EEEN0P kind="action" lock_ms=8 ai_actions=0
2026-09-12T12:20:21.023530Z  INFO ws_message:game_session{game=EEEN0P player=PlayerId(0)}: server_core::session: action applied game=EEEN0P player=PlayerId(0) action_type="PassPriority" event_count=4
2026-09-12T12:20:21.025594Z  INFO ws_message:game_session{game=EEEN0P player=PlayerId(0)}: phase_server: game submission processed (lock held) game=EEEN0P kind="action" lock_ms=10 ai_actions=0
2026-09-12T12:20:21.269321Z  INFO ws_message:game_session{game=EEEN0P player=PlayerId(0)}: server_core::session: action applied game=EEEN0P player=PlayerId(0) action_type="PassPriority" event_count=1
2026-09-12T12:20:21.276444Z  INFO ws_message:game_session{game=EEEN0P player=PlayerId(0)}: phase_server: game submission processed (lock held) game=EEEN0P kind="action" lock_ms=8 ai_actions=0
2026-09-12T12:20:21.529063Z  INFO ws_message:game_session{game=EEEN0P player=PlayerId(1)}: server_core::session: action applied game=EEEN0P player=PlayerId(1) action_type="PassPriority" event_count=4
2026-09-12T12:20:21.531137Z  INFO ws_message:game_session{game=EEEN0P player=PlayerId(1)}: phase_server: game submission processed (lock held) game=EEEN0P kind="action" lock_ms=9 ai_actions=0
2026-09-12T12:20:21.777868Z  INFO ws_message:game_session{game=EEEN0P player=PlayerId(0)}: server_core::session: action applied game=EEEN0P player=PlayerId(0) action_type="PassPriority" event_count=1
2026-09-12T12:20:21.785523Z  INFO ws_message:game_session{game=EEEN0P player=PlayerId(0)}: phase_server: game submission processed (lock held) game=EEEN0P kind="action" lock_ms=8 ai_actions=0
2026-09-12T12:20:22.030021Z  INFO ws_message:game_session{game=EEEN0P player=PlayerId(1)}: server_core::session: action applied game=EEEN0P player=PlayerId(1) action_type="PassPriority" event_count=1
2026-09-12T12:20:22.056000Z  INFO ws_message:game_session{game=EEEN0P player=PlayerId(1)}: phase_server: game submission processed (lock held) game=EEEN0P kind="action" lock_ms=27 ai_actions=0
2026-09-12T12:20:22.289119Z  INFO ws_message:game_session{game=EEEN0P player=PlayerId(0)}: server_core::session: action applied game=EEEN0P player=PlayerId(0) action_type="PlayLand" event_count=2
2026-09-12T12:20:22.311765Z  INFO ws_message:game_session{game=EEEN0P player=PlayerId(0)}: phase_server: game submission processed (lock held) game=EEEN0P kind="action" lock_ms=30 ai_actions=0
2026-09-12T12:20:22.536022Z  INFO ws_message:game_session{game=EEEN0P player=PlayerId(0)}: server_core::session: action applied game=EEEN0P player=PlayerId(0) action_type="PassPriority" event_count=1
2026-09-12T12:20:22.545373Z  INFO ws_message:game_session{game=EEEN0P player=PlayerId(0)}: phase_server: game submission processed (lock held) game=EEEN0P kind="action" lock_ms=12 ai_actions=0
2026-09-12T12:20:22.789322Z  INFO ws_message:game_session{game=EEEN0P player=PlayerId(1)}: server_core::session: action applied game=EEEN0P player=PlayerId(1) action_type="PassPriority" event_count=1
2026-09-12T12:20:22.793198Z  INFO ws_message:game_session{game=EEEN0P player=PlayerId(1)}: phase_server: game submission processed (lock held) game=EEEN0P kind="action" lock_ms=6 ai_actions=0
2026-09-12T12:20:23.042835Z  INFO ws_message:game_session{game=EEEN0P player=PlayerId(0)}: server_core::session: action applied game=EEEN0P player=PlayerId(0) action_type="PassPriority" event_count=1
2026-09-12T12:20:23.051047Z  INFO ws_message:game_session{game=EEEN0P player=PlayerId(0)}: phase_server: game submission processed (lock held) game=EEEN0P kind="action" lock_ms=11 ai_actions=0
2026-09-12T12:20:23.298969Z  INFO ws_message:game_session{game=EEEN0P player=PlayerId(1)}: server_core::session: action applied game=EEEN0P player=PlayerId(1) action_type="PassPriority" event_count=3
2026-09-12T12:20:23.302401Z  INFO ws_message:game_session{game=EEEN0P player=PlayerId(1)}: phase_server: game submission processed (lock held) game=EEEN0P kind="action" lock_ms=9 ai_actions=0
2026-09-12T12:20:23.548555Z  INFO ws_message:game_session{game=EEEN0P player=PlayerId(0)}: server_core::session: action applied game=EEEN0P player=PlayerId(0) action_type="PassPriority" event_count=1
2026-09-12T12:20:23.556571Z  INFO ws_message:game_session{game=EEEN0P player=PlayerId(0)}: phase_server: game submission processed (lock held) game=EEEN0P kind="action" lock_ms=11 ai_actions=0
2026-09-12T12:20:23.802822Z  INFO ws_message:game_session{game=EEEN0P player=PlayerId(1)}: server_core::session: action applied game=EEEN0P player=PlayerId(1) action_type="PassPriority" event_count=1
2026-09-12T12:20:23.824146Z  INFO ws_message:game_session{game=EEEN0P player=PlayerId(1)}: phase_server: game submission processed (lock held) game=EEEN0P kind="action" lock_ms=25 ai_actions=0
2026-09-12T12:20:24.051719Z  INFO ws_message:game_session{game=EEEN0P player=PlayerId(0)}: server_core::session: action applied game=EEEN0P player=PlayerId(0) action_type="PassPriority" event_count=1
2026-09-12T12:20:24.058541Z  INFO ws_message:game_session{game=EEEN0P player=PlayerId(0)}: phase_server: game submission processed (lock held) game=EEEN0P kind="action" lock_ms=9 ai_actions=0
2026-09-12T12:20:24.306559Z  INFO ws_message:game_session{game=EEEN0P player=PlayerId(1)}: server_core::session: action applied game=EEEN0P player=PlayerId(1) action_type="PassPriority" event_count=1
2026-09-12T12:20:24.309961Z  INFO ws_message:game_session{game=EEEN0P player=PlayerId(1)}: phase_server: game submission processed (lock held) game=EEEN0P kind="action" lock_ms=8 ai_actions=0
2026-09-12T12:20:24.566728Z  INFO ws_message:game_session{game=EEEN0P player=PlayerId(0)}: server_core::session: action applied game=EEEN0P player=PlayerId(0) action_type="PassPriority" event_count=1
2026-09-12T12:20:24.578237Z  INFO ws_message:game_session{game=EEEN0P player=PlayerId(0)}: phase_server: game submission processed (lock held) game=EEEN0P kind="action" lock_ms=20 ai_actions=0
2026-09-12T12:20:24.824537Z  INFO ws_message:game_session{game=EEEN0P player=PlayerId(1)}: server_core::session: action applied game=EEEN0P player=PlayerId(1) action_type="PassPriority" event_count=4
2026-09-12T12:20:24.828008Z  INFO ws_message:game_session{game=EEEN0P player=PlayerId(1)}: phase_server: game submission processed (lock held) game=EEEN0P kind="action" lock_ms=10 ai_actions=0
2026-09-12T12:20:25.071305Z  INFO ws_message:game_session{game=EEEN0P player=PlayerId(1)}: server_core::session: action applied game=EEEN0P player=PlayerId(1) action_type="PassPriority" event_count=1
2026-09-12T12:20:25.074862Z  INFO ws_message:game_session{game=EEEN0P player=PlayerId(1)}: phase_server: game submission processed (lock held) game=EEEN0P kind="action" lock_ms=4 ai_actions=0
2026-09-12T12:20:25.330454Z  INFO ws_message:game_session{game=EEEN0P player=PlayerId(0)}: server_core::session: action applied game=EEEN0P player=PlayerId(0) action_type="PassPriority" event_count=4
2026-09-12T12:20:25.337291Z  INFO ws_message:game_session{game=EEEN0P player=PlayerId(0)}: phase_server: game submission processed (lock held) game=EEEN0P kind="action" lock_ms=14 ai_actions=0
2026-09-12T12:20:25.576909Z  INFO ws_message:game_session{game=EEEN0P player=PlayerId(1)}: server_core::session: action applied game=EEEN0P player=PlayerId(1) action_type="PassPriority" event_count=1
2026-09-12T12:20:25.582215Z  INFO ws_message:game_session{game=EEEN0P player=PlayerId(1)}: phase_server: game submission processed (lock held) game=EEEN0P kind="action" lock_ms=6 ai_actions=0
2026-09-12T12:20:25.829751Z  INFO ws_message:game_session{game=EEEN0P player=PlayerId(0)}: server_core::session: action applied game=EEEN0P player=PlayerId(0) action_type="PassPriority" event_count=1
2026-09-12T12:20:25.860995Z  INFO ws_message:game_session{game=EEEN0P player=PlayerId(0)}: phase_server: game submission processed (lock held) game=EEEN0P kind="action" lock_ms=32 ai_actions=0
2026-09-12T12:20:26.086441Z  INFO ws_message:game_session{game=EEEN0P player=PlayerId(1)}: server_core::session: action applied game=EEEN0P player=PlayerId(1) action_type="PlayLand" event_count=2
2026-09-12T12:20:26.113261Z  INFO ws_message:game_session{game=EEEN0P player=PlayerId(1)}: phase_server: game submission processed (lock held) game=EEEN0P kind="action" lock_ms=31 ai_actions=0
2026-09-12T12:20:26.336424Z  INFO ws_message:game_session{game=EEEN0P player=PlayerId(1)}: server_core::session: action applied game=EEEN0P player=PlayerId(1) action_type="PassPriority" event_count=1
2026-09-12T12:20:26.339943Z  INFO ws_message:game_session{game=EEEN0P player=PlayerId(1)}: phase_server: game submission processed (lock held) game=EEEN0P kind="action" lock_ms=5 ai_actions=0
2026-09-12T12:20:26.590181Z  INFO ws_message:game_session{game=EEEN0P player=PlayerId(0)}: server_core::session: action applied game=EEEN0P player=PlayerId(0) action_type="PassPriority" event_count=1
2026-09-12T12:20:26.599065Z  INFO ws_message:game_session{game=EEEN0P player=PlayerId(0)}: phase_server: game submission processed (lock held) game=EEEN0P kind="action" lock_ms=11 ai_actions=0
2026-09-12T12:20:26.843267Z  INFO ws_message:game_session{game=EEEN0P player=PlayerId(1)}: server_core::session: action applied game=EEEN0P player=PlayerId(1) action_type="PassPriority" event_count=1
2026-09-12T12:20:26.847411Z  INFO ws_message:game_session{game=EEEN0P player=PlayerId(1)}: phase_server: game submission processed (lock held) game=EEEN0P kind="action" lock_ms=6 ai_actions=0
2026-09-12T12:20:27.102181Z  INFO ws_message:game_session{game=EEEN0P player=PlayerId(0)}: server_core::session: action applied game=EEEN0P player=PlayerId(0) action_type="PassPriority" event_count=3
2026-09-12T12:20:27.112922Z  INFO ws_message:game_session{game=EEEN0P player=PlayerId(0)}: phase_server: game submission processed (lock held) game=EEEN0P kind="action" lock_ms=19 ai_actions=0
2026-09-12T12:20:27.346972Z  INFO ws_message:game_session{game=EEEN0P player=PlayerId(1)}: server_core::session: action applied game=EEEN0P player=PlayerId(1) action_type="PassPriority" event_count=1
2026-09-12T12:20:27.350718Z  INFO ws_message:game_session{game=EEEN0P player=PlayerId(1)}: phase_server: game submission processed (lock held) game=EEEN0P kind="action" lock_ms=6 ai_actions=0
2026-09-12T12:20:27.603901Z  INFO ws_message:game_session{game=EEEN0P player=PlayerId(0)}: server_core::session: action applied game=EEEN0P player=PlayerId(0) action_type="PassPriority" event_count=1
2026-09-12T12:20:27.636244Z  INFO ws_message:game_session{game=EEEN0P player=PlayerId(0)}: phase_server: game submission processed (lock held) game=EEEN0P kind="action" lock_ms=39 ai_actions=0
2026-09-12T12:20:27.854357Z  INFO ws_message:game_session{game=EEEN0P player=PlayerId(1)}: server_core::session: action applied game=EEEN0P player=PlayerId(1) action_type="PassPriority" event_count=1
2026-09-12T12:20:27.857821Z  INFO ws_message:game_session{game=EEEN0P player=PlayerId(1)}: phase_server: game submission processed (lock held) game=EEEN0P kind="action" lock_ms=6 ai_actions=0
2026-09-12T12:20:28.107248Z  INFO ws_message:game_session{game=EEEN0P player=PlayerId(0)}: server_core::session: action applied game=EEEN0P player=PlayerId(0) action_type="PassPriority" event_count=1
2026-09-12T12:20:28.116191Z  INFO ws_message:game_session{game=EEEN0P player=PlayerId(0)}: phase_server: game submission processed (lock held) game=EEEN0P kind="action" lock_ms=13 ai_actions=0
2026-09-12T12:20:28.357395Z  INFO ws_message:game_session{game=EEEN0P player=PlayerId(1)}: server_core::session: action applied game=EEEN0P player=PlayerId(1) action_type="PassPriority" event_count=1
2026-09-12T12:20:28.361007Z  INFO ws_message:game_session{game=EEEN0P player=PlayerId(1)}: phase_server: game submission processed (lock held) game=EEEN0P kind="action" lock_ms=5 ai_actions=0
2026-09-12T12:20:28.627356Z  INFO ws_message:game_session{game=EEEN0P player=PlayerId(0)}: server_core::session: action applied game=EEEN0P player=PlayerId(0) action_type="PassPriority" event_count=4
2026-09-12T12:20:28.629119Z  INFO ws_message:game_session{game=EEEN0P player=PlayerId(0)}: phase_server: game submission processed (lock held) game=EEEN0P kind="action" lock_ms=22 ai_actions=0
2026-09-12T12:20:28.859515Z  INFO ws_message:game_session{game=EEEN0P player=PlayerId(0)}: server_core::session: action applied game=EEEN0P player=PlayerId(0) action_type="PassPriority" event_count=1
2026-09-12T12:20:28.867847Z  INFO ws_message:game_session{game=EEEN0P player=PlayerId(0)}: phase_server: game submission processed (lock held) game=EEEN0P kind="action" lock_ms=9 ai_actions=0
2026-09-12T12:20:29.117594Z  INFO ws_message:game_session{game=EEEN0P player=PlayerId(1)}: server_core::session: action applied game=EEEN0P player=PlayerId(1) action_type="PassPriority" event_count=4
2026-09-12T12:20:29.119198Z  INFO ws_message:game_session{game=EEEN0P player=PlayerId(1)}: phase_server: game submission processed (lock held) game=EEEN0P kind="action" lock_ms=6 ai_actions=0
2026-09-12T12:20:29.369259Z  INFO ws_message:game_session{game=EEEN0P player=PlayerId(0)}: server_core::session: action applied game=EEEN0P player=PlayerId(0) action_type="PassPriority" event_count=1
2026-09-12T12:20:29.380475Z  INFO ws_message:game_session{game=EEEN0P player=PlayerId(0)}: phase_server: game submission processed (lock held) game=EEEN0P kind="action" lock_ms=12 ai_actions=0
2026-09-12T12:20:29.621812Z  INFO ws_message:game_session{game=EEEN0P player=PlayerId(1)}: server_core::session: action applied game=EEEN0P player=PlayerId(1) action_type="PassPriority" event_count=1
2026-09-12T12:20:29.659386Z  INFO ws_message:game_session{game=EEEN0P player=PlayerId(1)}: phase_server: game submission processed (lock held) game=EEEN0P kind="action" lock_ms=39 ai_actions=0
2026-09-12T12:20:29.881561Z  INFO ws_message:game_session{game=EEEN0P player=PlayerId(0)}: server_core::session: action applied game=EEEN0P player=PlayerId(0) action_type="PlayLand" event_count=2
2026-09-12T12:20:29.916205Z  INFO ws_message:game_session{game=EEEN0P player=PlayerId(0)}: phase_server: game submission processed (lock held) game=EEEN0P kind="action" lock_ms=39 ai_actions=0
2026-09-12T12:20:30.130564Z  INFO ws_message:game_session{game=EEEN0P player=PlayerId(0)}: server_core::session: action applied game=EEEN0P player=PlayerId(0) action_type="PassPriority" event_count=1
2026-09-12T12:20:30.139324Z  INFO ws_message:game_session{game=EEEN0P player=PlayerId(0)}: phase_server: game submission processed (lock held) game=EEEN0P kind="action" lock_ms=10 ai_actions=0
2026-09-12T12:20:30.381459Z  INFO ws_message:game_session{game=EEEN0P player=PlayerId(1)}: server_core::session: action applied game=EEEN0P player=PlayerId(1) action_type="PassPriority" event_count=1
2026-09-12T12:20:30.385818Z  INFO ws_message:game_session{game=EEEN0P player=PlayerId(1)}: phase_server: game submission processed (lock held) game=EEEN0P kind="action" lock_ms=6 ai_actions=0
2026-09-12T12:20:30.635313Z  INFO ws_message:game_session{game=EEEN0P player=PlayerId(0)}: server_core::session: action applied game=EEEN0P player=PlayerId(0) action_type="PassPriority" event_count=1
2026-09-12T12:20:30.643925Z  INFO ws_message:game_session{game=EEEN0P player=PlayerId(0)}: phase_server: game submission processed (lock held) game=EEEN0P kind="action" lock_ms=11 ai_actions=0
2026-09-12T12:20:30.890530Z  INFO ws_message:game_session{game=EEEN0P player=PlayerId(1)}: server_core::session: action applied game=EEEN0P player=PlayerId(1) action_type="PassPriority" event_count=3
2026-09-12T12:20:30.894156Z  INFO ws_message:game_session{game=EEEN0P player=PlayerId(1)}: phase_server: game submission processed (lock held) game=EEEN0P kind="action" lock_ms=8 ai_actions=0
2026-09-12T12:20:31.142031Z  INFO ws_message:game_session{game=EEEN0P player=PlayerId(0)}: server_core::session: action applied game=EEEN0P player=PlayerId(0) action_type="PassPriority" event_count=1
2026-09-12T12:20:31.150393Z  INFO ws_message:game_session{game=EEEN0P player=PlayerId(0)}: phase_server: game submission processed (lock held) game=EEEN0P kind="action" lock_ms=11 ai_actions=0
2026-09-12T12:20:31.397903Z  INFO ws_message:game_session{game=EEEN0P player=PlayerId(1)}: server_core::session: action applied game=EEEN0P player=PlayerId(1) action_type="PassPriority" event_count=1
2026-09-12T12:20:31.430186Z  INFO ws_message:game_session{game=EEEN0P player=PlayerId(1)}: phase_server: game submission processed (lock held) game=EEEN0P kind="action" lock_ms=36 ai_actions=0
2026-09-12T12:20:31.651010Z  INFO ws_message:game_session{game=EEEN0P player=PlayerId(0)}: server_core::session: action applied game=EEEN0P player=PlayerId(0) action_type="PassPriority" event_count=1
2026-09-12T12:20:31.663289Z  INFO ws_message:game_session{game=EEEN0P player=PlayerId(0)}: phase_server: game submission processed (lock held) game=EEEN0P kind="action" lock_ms=17 ai_actions=0
2026-09-12T12:20:31.901781Z  INFO ws_message:game_session{game=EEEN0P player=PlayerId(1)}: server_core::session: action applied game=EEEN0P player=PlayerId(1) action_type="PassPriority" event_count=1
2026-09-12T12:20:31.905339Z  INFO ws_message:game_session{game=EEEN0P player=PlayerId(1)}: phase_server: game submission processed (lock held) game=EEEN0P kind="action" lock_ms=7 ai_actions=0
2026-09-12T12:20:32.150262Z  INFO ws_message:game_session{game=EEEN0P player=PlayerId(0)}: server_core::session: action applied game=EEEN0P player=PlayerId(0) action_type="PassPriority" event_count=1
2026-09-12T12:20:32.159036Z  INFO ws_message:game_session{game=EEEN0P player=PlayerId(0)}: phase_server: game submission processed (lock held) game=EEEN0P kind="action" lock_ms=10 ai_actions=0
2026-09-12T12:20:32.405558Z  INFO ws_message:game_session{game=EEEN0P player=PlayerId(1)}: server_core::session: action applied game=EEEN0P player=PlayerId(1) action_type="PassPriority" event_count=4
2026-09-12T12:20:32.409946Z  INFO ws_message:game_session{game=EEEN0P player=PlayerId(1)}: phase_server: game submission processed (lock held) game=EEEN0P kind="action" lock_ms=9 ai_actions=0
2026-09-12T12:20:32.654852Z  INFO ws_message:game_session{game=EEEN0P player=PlayerId(1)}: server_core::session: action applied game=EEEN0P player=PlayerId(1) action_type="PassPriority" event_count=1
2026-09-12T12:20:32.658587Z  INFO ws_message:game_session{game=EEEN0P player=PlayerId(1)}: phase_server: game submission processed (lock held) game=EEEN0P kind="action" lock_ms=5 ai_actions=0
2026-09-12T12:20:32.910423Z  INFO ws_message:game_session{game=EEEN0P player=PlayerId(0)}: server_core::session: action applied game=EEEN0P player=PlayerId(0) action_type="PassPriority" event_count=4
2026-09-12T12:20:32.916967Z  INFO ws_message:game_session{game=EEEN0P player=PlayerId(0)}: phase_server: game submission processed (lock held) game=EEEN0P kind="action" lock_ms=12 ai_actions=0
2026-09-12T12:20:33.160031Z  INFO ws_message:game_session{game=EEEN0P player=PlayerId(1)}: server_core::session: action applied game=EEEN0P player=PlayerId(1) action_type="PassPriority" event_count=1
2026-09-12T12:20:33.163732Z  INFO ws_message:game_session{game=EEEN0P player=PlayerId(1)}: phase_server: game submission processed (lock held) game=EEEN0P kind="action" lock_ms=5 ai_actions=0
2026-09-12T12:20:33.414042Z  INFO ws_message:game_session{game=EEEN0P player=PlayerId(0)}: server_core::session: action applied game=EEEN0P player=PlayerId(0) action_type="PassPriority" event_count=1
2026-09-12T12:20:33.454284Z  INFO ws_message:game_session{game=EEEN0P player=PlayerId(0)}: phase_server: game submission processed (lock held) game=EEEN0P kind="action" lock_ms=41 ai_actions=0
2026-09-12T12:20:33.671047Z  INFO ws_message:game_session{game=EEEN0P player=PlayerId(1)}: server_core::session: action applied game=EEEN0P player=PlayerId(1) action_type="PlayLand" event_count=2
2026-09-12T12:20:33.709564Z  INFO ws_message:game_session{game=EEEN0P player=PlayerId(1)}: phase_server: game submission processed (lock held) game=EEEN0P kind="action" lock_ms=44 ai_actions=0
2026-09-12T12:20:33.919376Z  INFO ws_message:game_session{game=EEEN0P player=PlayerId(1)}: server_core::session: action applied game=EEEN0P player=PlayerId(1) action_type="PassPriority" event_count=1
2026-09-12T12:20:33.923165Z  INFO ws_message:game_session{game=EEEN0P player=PlayerId(1)}: phase_server: game submission processed (lock held) game=EEEN0P kind="action" lock_ms=6 ai_actions=0
2026-09-12T12:20:34.170735Z  INFO ws_message:game_session{game=EEEN0P player=PlayerId(0)}: server_core::session: action applied game=EEEN0P player=PlayerId(0) action_type="PassPriority" event_count=1
2026-09-12T12:20:34.177229Z  INFO ws_message:game_session{game=EEEN0P player=PlayerId(0)}: phase_server: game submission processed (lock held) game=EEEN0P kind="action" lock_ms=9 ai_actions=0
2026-09-12T12:20:34.424160Z  INFO ws_message:game_session{game=EEEN0P player=PlayerId(1)}: server_core::session: action applied game=EEEN0P player=PlayerId(1) action_type="PassPriority" event_count=1
2026-09-12T12:20:34.427923Z  INFO ws_message:game_session{game=EEEN0P player=PlayerId(1)}: phase_server: game submission processed (lock held) game=EEEN0P kind="action" lock_ms=6 ai_actions=0
2026-09-12T12:20:34.682945Z  INFO ws_message:game_session{game=EEEN0P player=PlayerId(0)}: server_core::session: action applied game=EEEN0P player=PlayerId(0) action_type="PassPriority" event_count=3
2026-09-12T12:20:34.689433Z  INFO ws_message:game_session{game=EEEN0P player=PlayerId(0)}: phase_server: game submission processed (lock held) game=EEEN0P kind="action" lock_ms=13 ai_actions=0
2026-09-12T12:20:34.932158Z  INFO ws_message:game_session{game=EEEN0P player=PlayerId(1)}: server_core::session: action applied game=EEEN0P player=PlayerId(1) action_type="PassPriority" event_count=1
2026-09-12T12:20:34.936776Z  INFO ws_message:game_session{game=EEEN0P player=PlayerId(1)}: phase_server: game submission processed (lock held) game=EEEN0P kind="action" lock_ms=8 ai_actions=0
2026-09-12T12:20:35.183828Z  INFO ws_message:game_session{game=EEEN0P player=PlayerId(0)}: server_core::session: action applied game=EEEN0P player=PlayerId(0) action_type="PassPriority" event_count=1
2026-09-12T12:20:35.222341Z  INFO ws_message:game_session{game=EEEN0P player=PlayerId(0)}: phase_server: game submission processed (lock held) game=EEEN0P kind="action" lock_ms=43 ai_actions=0
2026-09-12T12:20:35.435207Z  INFO ws_message:game_session{game=EEEN0P player=PlayerId(1)}: server_core::session: action applied game=EEEN0P player=PlayerId(1) action_type="PassPriority" event_count=1
2026-09-12T12:20:35.438987Z  INFO ws_message:game_session{game=EEEN0P player=PlayerId(1)}: phase_server: game submission processed (lock held) game=EEEN0P kind="action" lock_ms=6 ai_actions=0
2026-09-12T12:20:35.688665Z  INFO ws_message:game_session{game=EEEN0P player=PlayerId(0)}: server_core::session: action applied game=EEEN0P player=PlayerId(0) action_type="PassPriority" event_count=1
2026-09-12T12:20:35.695120Z  INFO ws_message:game_session{game=EEEN0P player=PlayerId(0)}: phase_server: game submission processed (lock held) game=EEEN0P kind="action" lock_ms=10 ai_actions=0
2026-09-12T12:20:35.940127Z  INFO ws_message:game_session{game=EEEN0P player=PlayerId(1)}: server_core::session: action applied game=EEEN0P player=PlayerId(1) action_type="PassPriority" event_count=1
2026-09-12T12:20:35.943945Z  INFO ws_message:game_session{game=EEEN0P player=PlayerId(1)}: phase_server: game submission processed (lock held) game=EEEN0P kind="action" lock_ms=5 ai_actions=0
2026-09-12T12:20:36.196091Z  INFO ws_message:game_session{game=EEEN0P player=PlayerId(0)}: server_core::session: action applied game=EEEN0P player=PlayerId(0) action_type="PassPriority" event_count=4
2026-09-12T12:20:36.199770Z  INFO ws_message:game_session{game=EEEN0P player=PlayerId(0)}: phase_server: game submission processed (lock held) game=EEEN0P kind="action" lock_ms=9 ai_actions=0
2026-09-12T12:20:36.443623Z  INFO ws_message:game_session{game=EEEN0P player=PlayerId(0)}: server_core::session: action applied game=EEEN0P player=PlayerId(0) action_type="PassPriority" event_count=1
2026-09-12T12:20:36.453541Z  INFO ws_message:game_session{game=EEEN0P player=PlayerId(0)}: phase_server: game submission processed (lock held) game=EEEN0P kind="action" lock_ms=11 ai_actions=0
2026-09-12T12:20:36.703199Z  INFO ws_message:game_session{game=EEEN0P player=PlayerId(1)}: server_core::session: action applied game=EEEN0P player=PlayerId(1) action_type="PassPriority" event_count=4
2026-09-12T12:20:36.707220Z  INFO ws_message:game_session{game=EEEN0P player=PlayerId(1)}: phase_server: game submission processed (lock held) game=EEEN0P kind="action" lock_ms=11 ai_actions=0
2026-09-12T12:20:36.948529Z  INFO ws_message:game_session{game=EEEN0P player=PlayerId(0)}: server_core::session: action applied game=EEEN0P player=PlayerId(0) action_type="PassPriority" event_count=1
2026-09-12T12:20:36.954918Z  INFO ws_message:game_session{game=EEEN0P player=PlayerId(0)}: phase_server: game submission processed (lock held) game=EEEN0P kind="action" lock_ms=8 ai_actions=0
2026-09-12T12:20:37.200746Z  INFO ws_message:game_session{game=EEEN0P player=PlayerId(1)}: server_core::session: action applied game=EEEN0P player=PlayerId(1) action_type="PassPriority" event_count=1
2026-09-12T12:20:37.245452Z  INFO ws_message:game_session{game=EEEN0P player=PlayerId(1)}: phase_server: game submission processed (lock held) game=EEEN0P kind="action" lock_ms=46 ai_actions=0
2026-09-12T12:20:37.455489Z  INFO ws_message:game_session{game=EEEN0P player=PlayerId(0)}: server_core::session: action applied game=EEEN0P player=PlayerId(0) action_type="PlayLand" event_count=2
2026-09-12T12:20:37.503436Z  INFO ws_message:game_session{game=EEEN0P player=PlayerId(0)}: phase_server: game submission processed (lock held) game=EEEN0P kind="action" lock_ms=53 ai_actions=0
2026-09-12T12:20:37.710222Z  INFO ws_message:game_session{game=EEEN0P player=PlayerId(0)}: server_core::session: action applied game=EEEN0P player=PlayerId(0) action_type="CastSpell" event_count=12
2026-09-12T12:20:37.711666Z  INFO ws_message:game_session{game=EEEN0P player=PlayerId(0)}: phase_server: game submission processed (lock held) game=EEEN0P kind="action" lock_ms=8 ai_actions=0
2026-09-12T12:20:37.957961Z  INFO ws_message:game_session{game=EEEN0P player=PlayerId(0)}: server_core::session: action applied game=EEEN0P player=PlayerId(0) action_type="PassPriority" event_count=1
2026-09-12T12:20:37.964532Z  INFO ws_message:game_session{game=EEEN0P player=PlayerId(0)}: phase_server: game submission processed (lock held) game=EEEN0P kind="action" lock_ms=8 ai_actions=0
2026-09-12T12:20:38.211640Z  INFO ws_message:game_session{game=EEEN0P player=PlayerId(1)}: server_core::session: action applied game=EEEN0P player=PlayerId(1) action_type="PassPriority" event_count=2
2026-09-12T12:20:38.240348Z  INFO ws_message:game_session{game=EEEN0P player=PlayerId(1)}: phase_server: game submission processed (lock held) game=EEEN0P kind="action" lock_ms=31 ai_actions=0
2026-09-12T12:20:38.461960Z  INFO ws_message:game_session{game=EEEN0P player=PlayerId(0)}: server_core::session: action applied game=EEEN0P player=PlayerId(0) action_type="PassPriority" event_count=1
2026-09-12T12:20:38.467189Z  INFO ws_message:game_session{game=EEEN0P player=PlayerId(0)}: phase_server: game submission processed (lock held) game=EEEN0P kind="action" lock_ms=7 ai_actions=0
2026-09-12T12:20:38.715294Z  INFO ws_message:game_session{game=EEEN0P player=PlayerId(1)}: server_core::session: action applied game=EEEN0P player=PlayerId(1) action_type="PassPriority" event_count=1
2026-09-12T12:20:38.718677Z  INFO ws_message:game_session{game=EEEN0P player=PlayerId(1)}: phase_server: game submission processed (lock held) game=EEEN0P kind="action" lock_ms=6 ai_actions=0
2026-09-12T12:20:38.965911Z  INFO ws_message:game_session{game=EEEN0P player=PlayerId(0)}: server_core::session: action applied game=EEEN0P player=PlayerId(0) action_type="PassPriority" event_count=1
2026-09-12T12:20:38.971519Z  INFO ws_message:game_session{game=EEEN0P player=PlayerId(0)}: phase_server: game submission processed (lock held) game=EEEN0P kind="action" lock_ms=7 ai_actions=0
2026-09-12T12:20:39.222551Z  INFO ws_message:game_session{game=EEEN0P player=PlayerId(1)}: server_core::session: action applied game=EEEN0P player=PlayerId(1) action_type="PassPriority" event_count=3
2026-09-12T12:20:39.225778Z  INFO ws_message:game_session{game=EEEN0P player=PlayerId(1)}: phase_server: game submission processed (lock held) game=EEEN0P kind="action" lock_ms=8 ai_actions=0
2026-09-12T12:20:39.470608Z  INFO ws_message:game_session{game=EEEN0P player=PlayerId(0)}: server_core::session: action applied game=EEEN0P player=PlayerId(0) action_type="PassPriority" event_count=1
2026-09-12T12:20:39.476243Z  INFO ws_message:game_session{game=EEEN0P player=PlayerId(0)}: phase_server: game submission processed (lock held) game=EEEN0P kind="action" lock_ms=7 ai_actions=0
2026-09-12T12:20:39.724571Z  INFO ws_message:game_session{game=EEEN0P player=PlayerId(1)}: server_core::session: action applied game=EEEN0P player=PlayerId(1) action_type="PassPriority" event_count=1
2026-09-12T12:20:39.753326Z  INFO ws_message:game_session{game=EEEN0P player=PlayerId(1)}: phase_server: game submission processed (lock held) game=EEEN0P kind="action" lock_ms=33 ai_actions=0
2026-09-12T12:20:39.973069Z  INFO ws_message:game_session{game=EEEN0P player=PlayerId(0)}: server_core::session: action applied game=EEEN0P player=PlayerId(0) action_type="PassPriority" event_count=1
2026-09-12T12:20:39.978348Z  INFO ws_message:game_session{game=EEEN0P player=PlayerId(0)}: phase_server: game submission processed (lock held) game=EEEN0P kind="action" lock_ms=7 ai_actions=0
2026-09-12T12:20:40.228581Z  INFO ws_message:game_session{game=EEEN0P player=PlayerId(1)}: server_core::session: action applied game=EEEN0P player=PlayerId(1) action_type="PassPriority" event_count=1
2026-09-12T12:20:40.231860Z  INFO ws_message:game_session{game=EEEN0P player=PlayerId(1)}: phase_server: game submission processed (lock held) game=EEEN0P kind="action" lock_ms=7 ai_actions=0
2026-09-12T12:20:40.478039Z  INFO ws_message:game_session{game=EEEN0P player=PlayerId(0)}: server_core::session: action applied game=EEEN0P player=PlayerId(0) action_type="PassPriority" event_count=1
2026-09-12T12:20:40.483470Z  INFO ws_message:game_session{game=EEEN0P player=PlayerId(0)}: phase_server: game submission processed (lock held) game=EEEN0P kind="action" lock_ms=8 ai_actions=0
2026-09-12T12:20:40.734673Z  INFO ws_message:game_session{game=EEEN0P player=PlayerId(1)}: server_core::session: action applied game=EEEN0P player=PlayerId(1) action_type="PassPriority" event_count=4
2026-09-12T12:20:40.741017Z  INFO ws_message:game_session{game=EEEN0P player=PlayerId(1)}: phase_server: game submission processed (lock held) game=EEEN0P kind="action" lock_ms=13 ai_actions=0
2026-09-12T12:20:40.983723Z  INFO ws_message:game_session{game=EEEN0P player=PlayerId(1)}: server_core::session: action applied game=EEEN0P player=PlayerId(1) action_type="PassPriority" event_count=1
2026-09-12T12:20:40.987372Z  INFO ws_message:game_session{game=EEEN0P player=PlayerId(1)}: phase_server: game submission processed (lock held) game=EEEN0P kind="action" lock_ms=6 ai_actions=0
2026-09-12T12:20:41.239838Z  INFO ws_message:game_session{game=EEEN0P player=PlayerId(0)}: server_core::session: action applied game=EEEN0P player=PlayerId(0) action_type="PassPriority" event_count=4
2026-09-12T12:20:41.245381Z  INFO ws_message:game_session{game=EEEN0P player=PlayerId(0)}: phase_server: game submission processed (lock held) game=EEEN0P kind="action" lock_ms=11 ai_actions=0
2026-09-12T12:20:41.488850Z  INFO ws_message:game_session{game=EEEN0P player=PlayerId(1)}: server_core::session: action applied game=EEEN0P player=PlayerId(1) action_type="PassPriority" event_count=1
2026-09-12T12:20:41.492571Z  INFO ws_message:game_session{game=EEEN0P player=PlayerId(1)}: phase_server: game submission processed (lock held) game=EEEN0P kind="action" lock_ms=6 ai_actions=0
2026-09-12T12:20:41.741519Z  INFO ws_message:game_session{game=EEEN0P player=PlayerId(0)}: server_core::session: action applied game=EEEN0P player=PlayerId(0) action_type="PassPriority" event_count=1
2026-09-12T12:20:41.775323Z  INFO ws_message:game_session{game=EEEN0P player=PlayerId(0)}: phase_server: game submission processed (lock held) game=EEEN0P kind="action" lock_ms=36 ai_actions=0
2026-09-12T12:20:41.995082Z  INFO ws_message:game_session{game=EEEN0P player=PlayerId(1)}: server_core::session: action applied game=EEEN0P player=PlayerId(1) action_type="PlayLand" event_count=2
2026-09-12T12:20:42.021960Z  INFO ws_message:game_session{game=EEEN0P player=PlayerId(1)}: phase_server: game submission processed (lock held) game=EEEN0P kind="action" lock_ms=32 ai_actions=0
2026-09-12T12:20:42.246222Z  INFO ws_message:game_session{game=EEEN0P player=PlayerId(1)}: server_core::session: action applied game=EEEN0P player=PlayerId(1) action_type="PassPriority" event_count=1
2026-09-12T12:20:42.249830Z  INFO ws_message:game_session{game=EEEN0P player=PlayerId(1)}: phase_server: game submission processed (lock held) game=EEEN0P kind="action" lock_ms=8 ai_actions=0
2026-09-12T12:20:42.497550Z  INFO ws_message:game_session{game=EEEN0P player=PlayerId(0)}: server_core::session: action applied game=EEEN0P player=PlayerId(0) action_type="PassPriority" event_count=1
2026-09-12T12:20:42.503204Z  INFO ws_message:game_session{game=EEEN0P player=PlayerId(0)}: phase_server: game submission processed (lock held) game=EEEN0P kind="action" lock_ms=8 ai_actions=0
2026-09-12T12:20:42.752085Z  INFO ws_message:game_session{game=EEEN0P player=PlayerId(1)}: server_core::session: action applied game=EEEN0P player=PlayerId(1) action_type="PassPriority" event_count=1
2026-09-12T12:20:42.755636Z  INFO ws_message:game_session{game=EEEN0P player=PlayerId(1)}: phase_server: game submission processed (lock held) game=EEEN0P kind="action" lock_ms=7 ai_actions=0
2026-09-12T12:20:43.005187Z  INFO ws_message:game_session{game=EEEN0P player=PlayerId(0)}: server_core::session: action applied game=EEEN0P player=PlayerId(0) action_type="PassPriority" event_count=3
2026-09-12T12:20:43.011610Z  INFO ws_message:game_session{game=EEEN0P player=PlayerId(0)}: phase_server: game submission processed (lock held) game=EEEN0P kind="action" lock_ms=11 ai_actions=0
2026-09-12T12:20:43.254067Z  INFO ws_message:game_session{game=EEEN0P player=PlayerId(1)}: server_core::session: action applied game=EEEN0P player=PlayerId(1) action_type="PassPriority" event_count=1
2026-09-12T12:20:43.257492Z  INFO ws_message:game_session{game=EEEN0P player=PlayerId(1)}: phase_server: game submission processed (lock held) game=EEEN0P kind="action" lock_ms=6 ai_actions=0
2026-09-12T12:20:43.507686Z  INFO ws_message:game_session{game=EEEN0P player=PlayerId(0)}: server_core::session: action applied game=EEEN0P player=PlayerId(0) action_type="PassPriority" event_count=1
2026-09-12T12:20:43.535314Z  INFO ws_message:game_session{game=EEEN0P player=PlayerId(0)}: phase_server: game submission processed (lock held) game=EEEN0P kind="action" lock_ms=32 ai_actions=0
2026-09-12T12:20:43.759249Z  INFO ws_message:game_session{game=EEEN0P player=PlayerId(1)}: server_core::session: action applied game=EEEN0P player=PlayerId(1) action_type="PassPriority" event_count=1
2026-09-12T12:20:43.762938Z  INFO ws_message:game_session{game=EEEN0P player=PlayerId(1)}: phase_server: game submission processed (lock held) game=EEEN0P kind="action" lock_ms=6 ai_actions=0
2026-09-12T12:20:44.012333Z  INFO ws_message:game_session{game=EEEN0P player=PlayerId(0)}: server_core::session: action applied game=EEEN0P player=PlayerId(0) action_type="PassPriority" event_count=1
2026-09-12T12:20:44.018566Z  INFO ws_message:game_session{game=EEEN0P player=PlayerId(0)}: phase_server: game submission processed (lock held) game=EEEN0P kind="action" lock_ms=10 ai_actions=0
2026-09-12T12:20:44.262112Z  INFO ws_message:game_session{game=EEEN0P player=PlayerId(1)}: server_core::session: action applied game=EEEN0P player=PlayerId(1) action_type="PassPriority" event_count=1
2026-09-12T12:20:44.265640Z  INFO ws_message:game_session{game=EEEN0P player=PlayerId(1)}: phase_server: game submission processed (lock held) game=EEEN0P kind="action" lock_ms=5 ai_actions=0
2026-09-12T12:20:44.517781Z  INFO ws_message:game_session{game=EEEN0P player=PlayerId(0)}: server_core::session: action applied game=EEEN0P player=PlayerId(0) action_type="PassPriority" event_count=6
2026-09-12T12:20:44.522381Z  INFO ws_message:game_session{game=EEEN0P player=PlayerId(0)}: phase_server: game submission processed (lock held) game=EEEN0P kind="action" lock_ms=9 ai_actions=0
2026-09-12T12:20:44.766974Z  INFO ws_message:game_session{game=EEEN0P player=PlayerId(0)}: server_core::session: action applied game=EEEN0P player=PlayerId(0) action_type="PassPriority" event_count=1
2026-09-12T12:20:44.775817Z  INFO ws_message:game_session{game=EEEN0P player=PlayerId(0)}: phase_server: game submission processed (lock held) game=EEEN0P kind="action" lock_ms=10 ai_actions=0
2026-09-12T12:20:45.022439Z  INFO ws_message:game_session{game=EEEN0P player=PlayerId(1)}: server_core::session: action applied game=EEEN0P player=PlayerId(1) action_type="PassPriority" event_count=4
2026-09-12T12:20:45.024771Z  INFO ws_message:game_session{game=EEEN0P player=PlayerId(1)}: phase_server: game submission processed (lock held) game=EEEN0P kind="action" lock_ms=8 ai_actions=0
2026-09-12T12:20:45.272414Z  INFO ws_message:game_session{game=EEEN0P player=PlayerId(0)}: server_core::session: action applied game=EEEN0P player=PlayerId(0) action_type="PassPriority" event_count=1
2026-09-12T12:20:45.278384Z  INFO ws_message:game_session{game=EEEN0P player=PlayerId(0)}: phase_server: game submission processed (lock held) game=EEEN0P kind="action" lock_ms=8 ai_actions=0
2026-09-12T12:20:45.524747Z  INFO ws_message:game_session{game=EEEN0P player=PlayerId(1)}: server_core::session: action applied game=EEEN0P player=PlayerId(1) action_type="PassPriority" event_count=1
2026-09-12T12:20:45.587401Z  INFO ws_message:game_session{game=EEEN0P player=PlayerId(1)}: phase_server: game submission processed (lock held) game=EEEN0P kind="action" lock_ms=64 ai_actions=0
2026-09-12T12:20:45.778120Z  INFO ws_message:game_session{game=EEEN0P player=PlayerId(0)}: server_core::session: action applied game=EEEN0P player=PlayerId(0) action_type="PlayLand" event_count=2
2026-09-12T12:20:45.792574Z  INFO ws_message:game_session{game=EEEN0P player=PlayerId(0)}: phase_server: game submission processed (lock held) game=EEEN0P kind="action" lock_ms=19 ai_actions=0
2026-09-12T12:20:46.028544Z  INFO ws_message:game_session{game=EEEN0P player=PlayerId(0)}: server_core::session: action applied game=EEEN0P player=PlayerId(0) action_type="PassPriority" event_count=1
2026-09-12T12:20:46.034184Z  INFO ws_message:game_session{game=EEEN0P player=PlayerId(0)}: phase_server: game submission processed (lock held) game=EEEN0P kind="action" lock_ms=8 ai_actions=0
2026-09-12T12:20:46.280078Z  INFO ws_message:game_session{game=EEEN0P player=PlayerId(1)}: server_core::session: action applied game=EEEN0P player=PlayerId(1) action_type="PassPriority" event_count=1
2026-09-12T12:20:46.284874Z  INFO ws_message:game_session{game=EEEN0P player=PlayerId(1)}: phase_server: game submission processed (lock held) game=EEEN0P kind="action" lock_ms=7 ai_actions=0
2026-09-12T12:20:46.533196Z  INFO ws_message:game_session{game=EEEN0P player=PlayerId(0)}: server_core::session: action applied game=EEEN0P player=PlayerId(0) action_type="PassPriority" event_count=1
2026-09-12T12:20:46.539934Z  INFO ws_message:game_session{game=EEEN0P player=PlayerId(0)}: phase_server: game submission processed (lock held) game=EEEN0P kind="action" lock_ms=9 ai_actions=0
2026-09-12T12:20:46.784205Z  INFO ws_message:game_session{game=EEEN0P player=PlayerId(1)}: server_core::session: action applied game=EEEN0P player=PlayerId(1) action_type="PassPriority" event_count=1
2026-09-12T12:20:46.797574Z  INFO ws_message:game_session{game=EEEN0P player=PlayerId(1)}: phase_server: game submission processed (lock held) game=EEEN0P kind="action" lock_ms=14 ai_actions=0
2026-09-12T12:20:47.043010Z  INFO ws_message:game_session{game=EEEN0P player=PlayerId(0)}: server_core::session: action applied game=EEEN0P player=PlayerId(0) action_type="DeclareAttackers" event_count=2
2026-09-12T12:20:47.047657Z  INFO ws_message:game_session{game=EEEN0P player=PlayerId(0)}: phase_server: game submission processed (lock held) game=EEEN0P kind="action" lock_ms=13 ai_actions=0
2026-09-12T12:20:47.291631Z  INFO ws_message:game_session{game=EEEN0P player=PlayerId(0)}: server_core::session: action applied game=EEEN0P player=PlayerId(0) action_type="PassPriority" event_count=1
2026-09-12T12:20:47.297869Z  INFO ws_message:game_session{game=EEEN0P player=PlayerId(0)}: phase_server: game submission processed (lock held) game=EEEN0P kind="action" lock_ms=10 ai_actions=0
2026-09-12T12:20:47.546314Z  INFO ws_message:game_session{game=EEEN0P player=PlayerId(1)}: server_core::session: action applied game=EEEN0P player=PlayerId(1) action_type="PassPriority" event_count=1
2026-09-12T12:20:47.560537Z  INFO ws_message:game_session{game=EEEN0P player=PlayerId(1)}: phase_server: game submission processed (lock held) game=EEEN0P kind="action" lock_ms=20 ai_actions=0
2026-09-12T12:20:47.794043Z  INFO ws_message:game_session{game=EEEN0P player=PlayerId(0)}: server_core::session: action applied game=EEEN0P player=PlayerId(0) action_type="PassPriority" event_count=1
2026-09-12T12:20:47.800242Z  INFO ws_message:game_session{game=EEEN0P player=PlayerId(0)}: phase_server: game submission processed (lock held) game=EEEN0P kind="action" lock_ms=8 ai_actions=0
2026-09-12T12:20:48.047832Z  INFO ws_message:game_session{game=EEEN0P player=PlayerId(1)}: server_core::session: action applied game=EEEN0P player=PlayerId(1) action_type="PassPriority" event_count=1
2026-09-12T12:20:48.052625Z  INFO ws_message:game_session{game=EEEN0P player=PlayerId(1)}: phase_server: game submission processed (lock held) game=EEEN0P kind="action" lock_ms=9 ai_actions=0
2026-09-12T12:20:48.297444Z  INFO ws_message:game_session{game=EEEN0P player=PlayerId(0)}: server_core::session: action applied game=EEEN0P player=PlayerId(0) action_type="PassPriority" event_count=1
2026-09-12T12:20:48.302750Z  INFO ws_message:game_session{game=EEEN0P player=PlayerId(0)}: phase_server: game submission processed (lock held) game=EEEN0P kind="action" lock_ms=7 ai_actions=0
2026-09-12T12:20:48.552616Z  INFO ws_message:game_session{game=EEEN0P player=PlayerId(1)}: server_core::session: action applied game=EEEN0P player=PlayerId(1) action_type="PassPriority" event_count=4
2026-09-12T12:20:48.558342Z  INFO ws_message:game_session{game=EEEN0P player=PlayerId(1)}: phase_server: game submission processed (lock held) game=EEEN0P kind="action" lock_ms=10 ai_actions=0
2026-09-12T12:20:48.802519Z  INFO ws_message:game_session{game=EEEN0P player=PlayerId(1)}: server_core::session: action applied game=EEEN0P player=PlayerId(1) action_type="PassPriority" event_count=1
2026-09-12T12:20:48.807196Z  INFO ws_message:game_session{game=EEEN0P player=PlayerId(1)}: phase_server: game submission processed (lock held) game=EEEN0P kind="action" lock_ms=7 ai_actions=0
2026-09-12T12:20:49.056335Z  INFO ws_message:game_session{game=EEEN0P player=PlayerId(0)}: server_core::session: action applied game=EEEN0P player=PlayerId(0) action_type="PassPriority" event_count=4
2026-09-12T12:20:49.061480Z  INFO ws_message:game_session{game=EEEN0P player=PlayerId(0)}: phase_server: game submission processed (lock held) game=EEEN0P kind="action" lock_ms=10 ai_actions=0
2026-09-12T12:20:49.304809Z  INFO ws_message:game_session{game=EEEN0P player=PlayerId(1)}: server_core::session: action applied game=EEEN0P player=PlayerId(1) action_type="PassPriority" event_count=1
2026-09-12T12:20:49.309350Z  INFO ws_message:game_session{game=EEEN0P player=PlayerId(1)}: phase_server: game submission processed (lock held) game=EEEN0P kind="action" lock_ms=6 ai_actions=0
2026-09-12T12:20:49.557948Z  INFO ws_message:game_session{game=EEEN0P player=PlayerId(0)}: server_core::session: action applied game=EEEN0P player=PlayerId(0) action_type="PassPriority" event_count=1
2026-09-12T12:20:49.592793Z  INFO ws_message:game_session{game=EEEN0P player=PlayerId(0)}: phase_server: game submission processed (lock held) game=EEEN0P kind="action" lock_ms=37 ai_actions=0
2026-09-12T12:20:49.811997Z  INFO ws_message:game_session{game=EEEN0P player=PlayerId(1)}: server_core::session: action applied game=EEEN0P player=PlayerId(1) action_type="PlayLand" event_count=2
2026-09-12T12:20:49.830868Z  INFO ws_message:game_session{game=EEEN0P player=PlayerId(1)}: phase_server: game submission processed (lock held) game=EEEN0P kind="action" lock_ms=24 ai_actions=0
2026-09-12T12:20:50.066130Z  INFO ws_message:game_session{game=EEEN0P player=PlayerId(1)}: server_core::session: action applied game=EEEN0P player=PlayerId(1) action_type="CastSpell" event_count=24
2026-09-12T12:20:50.068187Z  INFO ws_message:game_session{game=EEEN0P player=PlayerId(1)}: phase_server: game submission processed (lock held) game=EEEN0P kind="action" lock_ms=10 ai_actions=0
2026-09-12T12:20:50.313514Z  INFO ws_message:game_session{game=EEEN0P player=PlayerId(1)}: server_core::session: action applied game=EEEN0P player=PlayerId(1) action_type="PassPriority" event_count=1
2026-09-12T12:20:50.319407Z  INFO ws_message:game_session{game=EEEN0P player=PlayerId(1)}: phase_server: game submission processed (lock held) game=EEEN0P kind="action" lock_ms=9 ai_actions=0
2026-09-12T12:20:50.569688Z  INFO ws_message:game_session{game=EEEN0P player=PlayerId(0)}: server_core::session: action applied game=EEEN0P player=PlayerId(0) action_type="PassPriority" event_count=2
2026-09-12T12:20:50.572572Z  INFO ws_message:game_session{game=EEEN0P player=PlayerId(0)}: phase_server: game submission processed (lock held) game=EEEN0P kind="action" lock_ms=9 ai_actions=0
2026-09-12T12:20:50.818932Z  INFO ws_message:game_session{game=EEEN0P player=PlayerId(1)}: server_core::session: action applied game=EEEN0P player=PlayerId(1) action_type="PassPriority" event_count=1
2026-09-12T12:20:50.824461Z  INFO ws_message:game_session{game=EEEN0P player=PlayerId(1)}: phase_server: game submission processed (lock held) game=EEEN0P kind="action" lock_ms=8 ai_actions=0
2026-09-12T12:20:51.077461Z  INFO ws_message:game_session{game=EEEN0P player=PlayerId(0)}: server_core::session: action applied game=EEEN0P player=PlayerId(0) action_type="PassPriority" event_count=5
2026-09-12T12:20:51.085955Z  INFO ws_message:game_session{game=EEEN0P player=PlayerId(0)}: phase_server: game submission processed (lock held) game=EEEN0P kind="action" lock_ms=18 ai_actions=0
2026-09-12T12:20:51.327481Z  INFO ws_message:game_session{game=EEEN0P player=PlayerId(1)}: server_core::session: action applied game=EEEN0P player=PlayerId(1) action_type="PassPriority" event_count=1
2026-09-12T12:20:51.333393Z  INFO ws_message:game_session{game=EEEN0P player=PlayerId(1)}: phase_server: game submission processed (lock held) game=EEEN0P kind="action" lock_ms=10 ai_actions=0
2026-09-12T12:20:51.702133Z  INFO ws_message:game_session{game=EEEN0P player=PlayerId(0)}: server_core::session: action applied game=EEEN0P player=PlayerId(0) action_type="PassPriority" event_count=1
2026-09-12T12:20:51.709868Z  INFO ws_message:game_session{game=EEEN0P player=PlayerId(0)}: phase_server: game submission processed (lock held) game=EEEN0P kind="action" lock_ms=12 ai_actions=0
2026-09-12T12:20:51.955112Z  INFO ws_message:game_session{game=EEEN0P player=PlayerId(1)}: server_core::session: action applied game=EEEN0P player=PlayerId(1) action_type="PassPriority" event_count=1
2026-09-12T12:20:51.963241Z  INFO ws_message:game_session{game=EEEN0P player=PlayerId(1)}: phase_server: game submission processed (lock held) game=EEEN0P kind="action" lock_ms=11 ai_actions=0
2026-09-12T12:20:52.208561Z  INFO ws_message:game_session{game=EEEN0P player=PlayerId(0)}: server_core::session: action applied game=EEEN0P player=PlayerId(0) action_type="PassPriority" event_count=3
2026-09-12T12:20:52.213731Z  INFO ws_message:game_session{game=EEEN0P player=PlayerId(0)}: phase_server: game submission processed (lock held) game=EEEN0P kind="action" lock_ms=11 ai_actions=0
2026-09-12T12:20:52.458939Z  INFO ws_message:game_session{game=EEEN0P player=PlayerId(1)}: server_core::session: action applied game=EEEN0P player=PlayerId(1) action_type="PassPriority" event_count=1
2026-09-12T12:20:52.464363Z  INFO ws_message:game_session{game=EEEN0P player=PlayerId(1)}: phase_server: game submission processed (lock held) game=EEEN0P kind="action" lock_ms=8 ai_actions=0
2026-09-12T12:20:52.713662Z  INFO ws_message:game_session{game=EEEN0P player=PlayerId(0)}: server_core::session: action applied game=EEEN0P player=PlayerId(0) action_type="PassPriority" event_count=1
2026-09-12T12:20:52.720467Z  INFO ws_message:game_session{game=EEEN0P player=PlayerId(0)}: phase_server: game submission processed (lock held) game=EEEN0P kind="action" lock_ms=12 ai_actions=0
2026-09-12T12:20:52.966410Z  INFO ws_message:game_session{game=EEEN0P player=PlayerId(1)}: server_core::session: action applied game=EEEN0P player=PlayerId(1) action_type="PassPriority" event_count=1
2026-09-12T12:20:52.972098Z  INFO ws_message:game_session{game=EEEN0P player=PlayerId(1)}: phase_server: game submission processed (lock held) game=EEEN0P kind="action" lock_ms=9 ai_actions=0
2026-09-12T12:20:53.222844Z  INFO ws_message:game_session{game=EEEN0P player=PlayerId(0)}: server_core::session: action applied game=EEEN0P player=PlayerId(0) action_type="PassPriority" event_count=1
2026-09-12T12:20:53.227100Z  INFO ws_message:game_session{game=EEEN0P player=PlayerId(0)}: phase_server: game submission processed (lock held) game=EEEN0P kind="action" lock_ms=10 ai_actions=0
2026-09-12T12:20:53.474672Z  INFO ws_message:game_session{game=EEEN0P player=PlayerId(1)}: server_core::session: action applied game=EEEN0P player=PlayerId(1) action_type="PassPriority" event_count=1
2026-09-12T12:20:53.481007Z  INFO ws_message:game_session{game=EEEN0P player=PlayerId(1)}: phase_server: game submission processed (lock held) game=EEEN0P kind="action" lock_ms=9 ai_actions=0
2026-09-12T12:20:53.729828Z  INFO ws_message:game_session{game=EEEN0P player=PlayerId(0)}: server_core::session: action applied game=EEEN0P player=PlayerId(0) action_type="PassPriority" event_count=4
2026-09-12T12:20:53.733548Z  INFO ws_message:game_session{game=EEEN0P player=PlayerId(0)}: phase_server: game submission processed (lock held) game=EEEN0P kind="action" lock_ms=9 ai_actions=0
2026-09-12T12:20:53.977545Z  INFO ws_message:game_session{game=EEEN0P player=PlayerId(0)}: server_core::session: action applied game=EEEN0P player=PlayerId(0) action_type="PassPriority" event_count=1
2026-09-12T12:20:53.981339Z  INFO ws_message:game_session{game=EEEN0P player=PlayerId(0)}: phase_server: game submission processed (lock held) game=EEEN0P kind="action" lock_ms=6 ai_actions=0
2026-09-12T12:20:54.232192Z  INFO ws_message:game_session{game=EEEN0P player=PlayerId(1)}: server_core::session: action applied game=EEEN0P player=PlayerId(1) action_type="PassPriority" event_count=4
2026-09-12T12:20:54.234434Z  INFO ws_message:game_session{game=EEEN0P player=PlayerId(1)}: phase_server: game submission processed (lock held) game=EEEN0P kind="action" lock_ms=8 ai_actions=0
2026-09-12T12:20:54.482741Z  INFO ws_message:game_session{game=EEEN0P player=PlayerId(0)}: server_core::session: action applied game=EEEN0P player=PlayerId(0) action_type="PassPriority" event_count=1
2026-09-12T12:20:54.487804Z  INFO ws_message:game_session{game=EEEN0P player=PlayerId(0)}: phase_server: game submission processed (lock held) game=EEEN0P kind="action" lock_ms=7 ai_actions=0
2026-09-12T12:20:54.734437Z  INFO ws_message:game_session{game=EEEN0P player=PlayerId(1)}: server_core::session: action applied game=EEEN0P player=PlayerId(1) action_type="PassPriority" event_count=1
2026-09-12T12:20:54.759341Z  INFO ws_message:game_session{game=EEEN0P player=PlayerId(1)}: phase_server: game submission processed (lock held) game=EEEN0P kind="action" lock_ms=27 ai_actions=0
2026-09-12T12:20:54.994573Z  INFO ws_message:game_session{game=EEEN0P player=PlayerId(0)}: server_core::session: action applied game=EEEN0P player=PlayerId(0) action_type="CastSpell" event_count=20
2026-09-12T12:20:54.997381Z  INFO ws_message:game_session{game=EEEN0P player=PlayerId(0)}: phase_server: game submission processed (lock held) game=EEEN0P kind="action" lock_ms=12 ai_actions=0
2026-09-12T12:20:55.241535Z  INFO ws_message:game_session{game=EEEN0P player=PlayerId(0)}: server_core::session: action applied game=EEEN0P player=PlayerId(0) action_type="PassPriority" event_count=1
2026-09-12T12:20:55.245477Z  INFO ws_message:game_session{game=EEEN0P player=PlayerId(0)}: phase_server: game submission processed (lock held) game=EEEN0P kind="action" lock_ms=8 ai_actions=0
2026-09-12T12:20:55.497737Z  INFO ws_message:game_session{game=EEEN0P player=PlayerId(1)}: server_core::session: action applied game=EEEN0P player=PlayerId(1) action_type="PassPriority" event_count=6
2026-09-12T12:20:55.525301Z  INFO ws_message:game_session{game=EEEN0P player=PlayerId(1)}: phase_server: game submission processed (lock held) game=EEEN0P kind="action" lock_ms=35 ai_actions=0
2026-09-12T12:20:55.747695Z  INFO ws_message:game_session{game=EEEN0P player=PlayerId(0)}: server_core::session: action applied game=EEEN0P player=PlayerId(0) action_type="PassPriority" event_count=1
2026-09-12T12:20:55.751431Z  INFO ws_message:game_session{game=EEEN0P player=PlayerId(0)}: phase_server: game submission processed (lock held) game=EEEN0P kind="action" lock_ms=8 ai_actions=0
2026-09-12T12:20:56.120911Z  INFO ws_message:game_session{game=EEEN0P player=PlayerId(1)}: server_core::session: action applied game=EEEN0P player=PlayerId(1) action_type="PassPriority" event_count=1
2026-09-12T12:20:56.124743Z  INFO ws_message:game_session{game=EEEN0P player=PlayerId(1)}: phase_server: game submission processed (lock held) game=EEEN0P kind="action" lock_ms=8 ai_actions=0
2026-09-12T12:20:56.371865Z  INFO ws_message:game_session{game=EEEN0P player=PlayerId(0)}: server_core::session: action applied game=EEEN0P player=PlayerId(0) action_type="PassPriority" event_count=1
2026-09-12T12:20:56.377065Z  INFO ws_message:game_session{game=EEEN0P player=PlayerId(0)}: phase_server: game submission processed (lock held) game=EEEN0P kind="action" lock_ms=9 ai_actions=0
2026-09-12T12:20:56.626894Z  INFO ws_message:game_session{game=EEEN0P player=PlayerId(1)}: server_core::session: action applied game=EEEN0P player=PlayerId(1) action_type="PassPriority" event_count=3
2026-09-12T12:20:56.631038Z  INFO ws_message:game_session{game=EEEN0P player=PlayerId(1)}: phase_server: game submission processed (lock held) game=EEEN0P kind="action" lock_ms=10 ai_actions=0
2026-09-12T12:20:56.878942Z  INFO ws_message:game_session{game=EEEN0P player=PlayerId(0)}: server_core::session: action applied game=EEEN0P player=PlayerId(0) action_type="PassPriority" event_count=1
2026-09-12T12:20:56.883055Z  INFO ws_message:game_session{game=EEEN0P player=PlayerId(0)}: phase_server: game submission processed (lock held) game=EEEN0P kind="action" lock_ms=8 ai_actions=0
2026-09-12T12:20:57.134196Z  INFO ws_message:game_session{game=EEEN0P player=PlayerId(1)}: server_core::session: action applied game=EEEN0P player=PlayerId(1) action_type="PassPriority" event_count=1
2026-09-12T12:20:57.162387Z  INFO ws_message:game_session{game=EEEN0P player=PlayerId(1)}: phase_server: game submission processed (lock held) game=EEEN0P kind="action" lock_ms=33 ai_actions=0
2026-09-12T12:20:57.386485Z  INFO ws_message:game_session{game=EEEN0P player=PlayerId(0)}: server_core::session: action applied game=EEEN0P player=PlayerId(0) action_type="PassPriority" event_count=1
2026-09-12T12:20:57.390405Z  INFO ws_message:game_session{game=EEEN0P player=PlayerId(0)}: phase_server: game submission processed (lock held) game=EEEN0P kind="action" lock_ms=7 ai_actions=0
2026-09-12T12:20:57.644295Z  INFO ws_message:game_session{game=EEEN0P player=PlayerId(1)}: server_core::session: action applied game=EEEN0P player=PlayerId(1) action_type="PassPriority" event_count=1
2026-09-12T12:20:57.647898Z  INFO ws_message:game_session{game=EEEN0P player=PlayerId(1)}: phase_server: game submission processed (lock held) game=EEEN0P kind="action" lock_ms=10 ai_actions=0
2026-09-12T12:20:57.894484Z  INFO ws_message:game_session{game=EEEN0P player=PlayerId(0)}: server_core::session: action applied game=EEEN0P player=PlayerId(0) action_type="PassPriority" event_count=1
2026-09-12T12:20:57.898386Z  INFO ws_message:game_session{game=EEEN0P player=PlayerId(0)}: phase_server: game submission processed (lock held) game=EEEN0P kind="action" lock_ms=7 ai_actions=0
2026-09-12T12:20:58.152944Z  INFO ws_message:game_session{game=EEEN0P player=PlayerId(1)}: server_core::session: action applied game=EEEN0P player=PlayerId(1) action_type="PassPriority" event_count=9
2026-09-12T12:20:58.164515Z  INFO ws_message:game_session{game=EEEN0P player=PlayerId(1)}: phase_server: game submission processed (lock held) game=EEEN0P kind="action" lock_ms=19 ai_actions=0
2026-09-12T12:20:58.400034Z  INFO ws_message:game_session{game=EEEN0P player=PlayerId(1)}: server_core::session: action applied game=EEEN0P player=PlayerId(1) action_type="PassPriority" event_count=1
2026-09-12T12:20:58.403427Z  INFO ws_message:game_session{game=EEEN0P player=PlayerId(1)}: phase_server: game submission processed (lock held) game=EEEN0P kind="action" lock_ms=6 ai_actions=0
2026-09-12T12:20:58.657467Z  INFO ws_message:game_session{game=EEEN0P player=PlayerId(0)}: server_core::session: action applied game=EEEN0P player=PlayerId(0) action_type="PassPriority" event_count=4
2026-09-12T12:20:58.662372Z  INFO ws_message:game_session{game=EEEN0P player=PlayerId(0)}: phase_server: game submission processed (lock held) game=EEEN0P kind="action" lock_ms=11 ai_actions=0
2026-09-12T12:20:58.905495Z  INFO ws_message:game_session{game=EEEN0P player=PlayerId(1)}: server_core::session: action applied game=EEEN0P player=PlayerId(1) action_type="PassPriority" event_count=1
2026-09-12T12:20:58.910020Z  INFO ws_message:game_session{game=EEEN0P player=PlayerId(1)}: phase_server: game submission processed (lock held) game=EEEN0P kind="action" lock_ms=8 ai_actions=0
2026-09-12T12:20:59.158011Z  INFO ws_message:game_session{game=EEEN0P player=PlayerId(0)}: server_core::session: action applied game=EEEN0P player=PlayerId(0) action_type="PassPriority" event_count=1
2026-09-12T12:20:59.177155Z  INFO ws_message:game_session{game=EEEN0P player=PlayerId(0)}: phase_server: game submission processed (lock held) game=EEEN0P kind="action" lock_ms=23 ai_actions=0
2026-09-12T12:20:59.415538Z  INFO ws_message:game_session{game=EEEN0P player=PlayerId(1)}: server_core::session: action applied game=EEEN0P player=PlayerId(1) action_type="CastSpell" event_count=20
2026-09-12T12:20:59.422637Z  INFO ws_message:game_session{game=EEEN0P player=PlayerId(1)}: phase_server: game submission processed (lock held) game=EEEN0P kind="action" lock_ms=15 ai_actions=0
2026-09-12T12:20:59.665401Z  INFO ws_message:game_session{game=EEEN0P player=PlayerId(1)}: server_core::session: action applied game=EEEN0P player=PlayerId(1) action_type="PassPriority" event_count=1
2026-09-12T12:20:59.669676Z  INFO ws_message:game_session{game=EEEN0P player=PlayerId(1)}: phase_server: game submission processed (lock held) game=EEEN0P kind="action" lock_ms=9 ai_actions=0
2026-09-12T12:20:59.921386Z  INFO ws_message:game_session{game=EEEN0P player=PlayerId(0)}: server_core::session: action applied game=EEEN0P player=PlayerId(0) action_type="PassPriority" event_count=2
2026-09-12T12:20:59.921950Z  INFO ws_message:game_session{game=EEEN0P player=PlayerId(0)}: phase_server: game submission processed (lock held) game=EEEN0P kind="action" lock_ms=7 ai_actions=0
2026-09-12T12:21:00.178823Z  INFO ws_message:game_session{game=EEEN0P player=PlayerId(1)}: server_core::session: interaction applied game=EEEN0P player=PlayerId(1) action_type="ChooseTarget" event_count=2
2026-09-12T12:21:00.186388Z  INFO ws_message:game_session{game=EEEN0P player=PlayerId(1)}: phase_server: game submission processed (lock held) game=EEEN0P kind="interaction" lock_ms=19 ai_actions=0
2026-09-12T12:21:00.424184Z  INFO ws_message:game_session{game=EEEN0P player=PlayerId(1)}: server_core::session: action applied game=EEEN0P player=PlayerId(1) action_type="PassPriority" event_count=1
2026-09-12T12:21:00.428077Z  INFO ws_message:game_session{game=EEEN0P player=PlayerId(1)}: phase_server: game submission processed (lock held) game=EEEN0P kind="action" lock_ms=9 ai_actions=0
2026-09-12T12:21:00.677565Z  INFO ws_message:game_session{game=EEEN0P player=PlayerId(0)}: server_core::session: action applied game=EEEN0P player=PlayerId(0) action_type="PassPriority" event_count=3
2026-09-12T12:21:00.719584Z  INFO ws_message:game_session{game=EEEN0P player=PlayerId(0)}: phase_server: game submission processed (lock held) game=EEEN0P kind="action" lock_ms=48 ai_actions=0
2026-09-12T12:21:00.929466Z  INFO ws_message:game_session{game=EEEN0P player=PlayerId(1)}: server_core::session: action applied game=EEEN0P player=PlayerId(1) action_type="PassPriority" event_count=1
2026-09-12T12:21:00.934691Z  INFO ws_message:game_session{game=EEEN0P player=PlayerId(1)}: phase_server: game submission processed (lock held) game=EEEN0P kind="action" lock_ms=9 ai_actions=0
2026-09-12T12:21:01.288394Z  INFO ws_message:game_session{game=EEEN0P player=PlayerId(0)}: server_core::session: action applied game=EEEN0P player=PlayerId(0) action_type="PassPriority" event_count=1
2026-09-12T12:21:01.304254Z  INFO ws_message:game_session{game=EEEN0P player=PlayerId(0)}: phase_server: game submission processed (lock held) game=EEEN0P kind="action" lock_ms=21 ai_actions=0
2026-09-12T12:21:01.538556Z  INFO ws_message:game_session{game=EEEN0P player=PlayerId(1)}: server_core::session: action applied game=EEEN0P player=PlayerId(1) action_type="PassPriority" event_count=1
2026-09-12T12:21:01.542708Z  INFO ws_message:game_session{game=EEEN0P player=PlayerId(1)}: phase_server: game submission processed (lock held) game=EEEN0P kind="action" lock_ms=7 ai_actions=0
2026-09-12T12:21:01.794163Z  INFO ws_message:game_session{game=EEEN0P player=PlayerId(0)}: server_core::session: action applied game=EEEN0P player=PlayerId(0) action_type="PassPriority" event_count=3
2026-09-12T12:21:01.809960Z  INFO ws_message:game_session{game=EEEN0P player=PlayerId(0)}: phase_server: game submission processed (lock held) game=EEEN0P kind="action" lock_ms=22 ai_actions=0
2026-09-12T12:21:02.041823Z  INFO ws_message:game_session{game=EEEN0P player=PlayerId(1)}: server_core::session: action applied game=EEEN0P player=PlayerId(1) action_type="PassPriority" event_count=1
2026-09-12T12:21:02.047287Z  INFO ws_message:game_session{game=EEEN0P player=PlayerId(1)}: phase_server: game submission processed (lock held) game=EEEN0P kind="action" lock_ms=8 ai_actions=0
2026-09-12T12:21:02.295712Z  INFO ws_message:game_session{game=EEEN0P player=PlayerId(0)}: server_core::session: action applied game=EEEN0P player=PlayerId(0) action_type="PassPriority" event_count=1
2026-09-12T12:21:02.334724Z  INFO ws_message:game_session{game=EEEN0P player=PlayerId(0)}: phase_server: game submission processed (lock held) game=EEEN0P kind="action" lock_ms=44 ai_actions=0
2026-09-12T12:21:02.545715Z  INFO ws_message:game_session{game=EEEN0P player=PlayerId(1)}: server_core::session: action applied game=EEEN0P player=PlayerId(1) action_type="PassPriority" event_count=1
2026-09-12T12:21:02.549768Z  INFO ws_message:game_session{game=EEEN0P player=PlayerId(1)}: phase_server: game submission processed (lock held) game=EEEN0P kind="action" lock_ms=7 ai_actions=0
2026-09-12T12:21:02.799703Z  INFO ws_message:game_session{game=EEEN0P player=PlayerId(0)}: server_core::session: action applied game=EEEN0P player=PlayerId(0) action_type="PassPriority" event_count=1
2026-09-12T12:21:02.815653Z  INFO ws_message:game_session{game=EEEN0P player=PlayerId(0)}: phase_server: game submission processed (lock held) game=EEEN0P kind="action" lock_ms=21 ai_actions=0
2026-09-12T12:21:03.052795Z  INFO ws_message:game_session{game=EEEN0P player=PlayerId(1)}: server_core::session: action applied game=EEEN0P player=PlayerId(1) action_type="PassPriority" event_count=1
2026-09-12T12:21:03.057565Z  INFO ws_message:game_session{game=EEEN0P player=PlayerId(1)}: phase_server: game submission processed (lock held) game=EEEN0P kind="action" lock_ms=10 ai_actions=0
2026-09-12T12:21:03.307927Z  INFO ws_message:game_session{game=EEEN0P player=PlayerId(0)}: server_core::session: action applied game=EEEN0P player=PlayerId(0) action_type="PassPriority" event_count=8
2026-09-12T12:21:03.311003Z  INFO ws_message:game_session{game=EEEN0P player=PlayerId(0)}: phase_server: game submission processed (lock held) game=EEEN0P kind="action" lock_ms=11 ai_actions=0
2026-09-12T12:21:03.557629Z  INFO ws_message:game_session{game=EEEN0P player=PlayerId(0)}: server_core::session: action applied game=EEEN0P player=PlayerId(0) action_type="PassPriority" event_count=1
2026-09-12T12:21:03.573536Z  INFO ws_message:game_session{game=EEEN0P player=PlayerId(0)}: phase_server: game submission processed (lock held) game=EEEN0P kind="action" lock_ms=20 ai_actions=0
2026-09-12T12:21:04.012481Z  INFO phase_server: client disconnected game=Some("EEEN0P") player=Some(PlayerId(0))
2026-09-12T12:21:04.012559Z  INFO server_core::session: player disconnected game=EEEN0P player=PlayerId(0)
2026-09-12T12:21:04.013517Z  INFO phase_server: client disconnected game=Some("EEEN0P") player=Some(PlayerId(1))
2026-09-12T12:21:04.013580Z  INFO server_core::session: player disconnected game=EEEN0P player=PlayerId(1)
