[06:53:07] server identity hashes recomputed against on-disk pinned artifacts
[06:53:07] ServerHello: version=0.102.0 build=e17f6fd protocol=106 mode=Full
[06:53:07] data-level: parse_ok=True chain=[{"kind": "Activated", "effect": "ChangeZone", "cost": {"type": "Mana", "cost": {"type": "Cost", "shards": ["Red"], "generic": 0}}}, {"kind": "Spell", "effect": "GenericEffect", "cost": null}, {"kind": "Spell", "effect": "CreateDelayedTrigger", "cost": null}, {"delayed_condition": {"type": "AtNextPh
[06:53:08] connecting P1...
[06:53:08] game BV2SQP; P0 seat=0 P1 seat=1
[06:53:09] [6902] keep 7: ['mountain', 'mountain', 'sneak attack', 'mountain', 'mountain', 'mountain', 'mountain']
[06:53:09] [P16902] keep 7: ['mountain', 'mountain', 'grizzly bears', 'grizzly bears', 'mountain', 'mountain', 'mountain']
[06:53:09] [6902] playing land mountain
[06:53:11] [P16902] playing land mountain
[06:53:11] [P16902] tap land for mana used_for=any
[06:53:11] [P16902] submitting interaction iid=BV2SQP.0.22 choice=BV2SQP.0.22.c1 (Mountain)
[06:53:14] [6902] playing land mountain
[06:53:17] [P16902] tap land for mana used_for=any
[06:53:17] [P16902] submitting interaction iid=BV2SQP.0.48 choice=BV2SQP.0.48.c1 (Mountain)
[06:53:18] [P16902] playing land mountain
[06:53:18] [P16902] tap land for mana used_for=any
[06:53:18] [P16902] submitting interaction iid=BV2SQP.0.54 choice=BV2SQP.0.54.c1 (Mountain)
[06:53:21] [6902] playing land mountain
[06:53:22] [P16902] tap land for mana used_for=any
[06:53:22] [P16902] submitting interaction iid=BV2SQP.0.80 choice=BV2SQP.0.80.c1 (Mountain)
[06:53:22] [P16902] tap land for mana used_for=any
[06:53:22] [P16902] submitting interaction iid=BV2SQP.0.81 choice=BV2SQP.0.81.c1 (Mountain)
[06:53:23] [P16902] playing land mountain
[06:53:23] [P16902] tap land for mana used_for=any
[06:53:23] [P16902] submitting interaction iid=BV2SQP.0.87 choice=BV2SQP.0.87.c1 (Mountain)
[06:53:26] [6902] playing land mountain
[06:53:27] [P16902] tap land for mana used_for=any
[06:53:27] [P16902] submitting interaction iid=BV2SQP.0.113 choice=BV2SQP.0.113.c1 (Mountain)
[06:53:28] [P16902] tap land for mana used_for=any
[06:53:28] [P16902] submitting interaction iid=BV2SQP.0.114 choice=BV2SQP.0.114.c1 (Mountain)
[06:53:28] [P16902] tap land for mana used_for=any
[06:53:28] [P16902] submitting interaction iid=BV2SQP.0.115 choice=BV2SQP.0.115.c1 (Mountain)
[06:53:28] [P16902] playing land mountain
[06:53:29] [P16902] tap land for mana used_for=any
[06:53:29] [P16902] submitting interaction iid=BV2SQP.0.121 choice=BV2SQP.0.121.c1 (Mountain)
[06:53:32] [6902] playing land mountain
[06:53:33] [P16902] tap land for mana used_for=any
[06:53:33] [P16902] submitting interaction iid=BV2SQP.0.147 choice=BV2SQP.0.147.c1 (Mountain)
[06:53:34] [P16902] tap land for mana used_for=any
[06:53:34] [P16902] submitting interaction iid=BV2SQP.0.148 choice=BV2SQP.0.148.c1 (Mountain)
[06:53:34] [P16902] tap land for mana used_for=any
[06:53:34] [P16902] submitting interaction iid=BV2SQP.0.149 choice=BV2SQP.0.149.c1 (Mountain)
[06:53:34] [P16902] tap land for mana used_for=any
[06:53:34] [P16902] submitting interaction iid=BV2SQP.0.150 choice=BV2SQP.0.150.c1 (Mountain)
[06:53:35] [P16902] playing land mountain
[06:53:35] [P16902] tap land for mana used_for=any
[06:53:35] [P16902] submitting interaction iid=BV2SQP.0.156 choice=BV2SQP.0.156.c1 (Mountain)
[06:53:37] [6902] playing land mountain
[06:53:37] [6902] casting Sneak Attack (oid 6)
[06:53:37] [6902] tap land for mana used_for=R
[06:53:37] [6902] submitting interaction iid=BV2SQP.0.173 choice=BV2SQP.0.173.c1 (Mountain)
[06:53:38] [6902] tap land for mana used_for=generic
[06:53:38] [6902] submitting interaction iid=BV2SQP.0.174 choice=BV2SQP.0.174.c1 (Mountain)
[06:53:40] [P16902] tap land for mana used_for=any
[06:53:40] [P16902] submitting interaction iid=BV2SQP.0.187 choice=BV2SQP.0.187.c1 (Mountain)
[06:53:40] [P16902] tap land for mana used_for=any
[06:53:40] [P16902] submitting interaction iid=BV2SQP.0.188 choice=BV2SQP.0.188.c1 (Mountain)
[06:53:40] [P16902] tap land for mana used_for=any
[06:53:40] [P16902] submitting interaction iid=BV2SQP.0.189 choice=BV2SQP.0.189.c1 (Mountain)
[06:53:40] [P16902] tap land for mana used_for=any
[06:53:40] [P16902] submitting interaction iid=BV2SQP.0.190 choice=BV2SQP.0.190.c1 (Mountain)
[06:53:40] [P16902] tap land for mana used_for=any
[06:53:40] [P16902] submitting interaction iid=BV2SQP.0.191 choice=BV2SQP.0.191.c1 (Mountain)
[06:53:41] [P16902] playing land mountain
[06:53:41] [P16902] tap land for mana used_for=any
[06:53:41] [P16902] submitting interaction iid=BV2SQP.0.197 choice=BV2SQP.0.197.c1 (Mountain)
[06:53:43] [6902] tap land for mana used_for=generic
[06:53:43] [6902] submitting interaction iid=BV2SQP.0.208 choice=BV2SQP.0.208.c2 (Mountain)
[06:53:43] [6902] tap land for mana used_for=generic
[06:53:43] [6902] submitting interaction iid=BV2SQP.0.209 choice=BV2SQP.0.209.c2 (Mountain)
[06:53:45] [6902] playing land mountain
[06:53:45] [6902] exported pre.json
[06:53:45] [6902] submitting ActivateAbility (ActivateAbility legal_action) holding priority
[06:53:45] [6902] tap land for mana used_for=R
[06:53:45] [6902] submitting interaction iid=BV2SQP.0.216 choice=BV2SQP.0.216.c2 (Mountain)
[06:53:46] [6902] no decideOptionalEffect opportunity; vi kind='choose' ops=1
[06:53:46] [6902] activation watch: stack=1 may_done=False vikind='choose' real_decision=False
[06:53:46] [6902] no decideOptionalEffect opportunity; vi kind='choose' ops=0
[06:53:47] [6902] accepting sneak may-choice (choice BV2SQP.0.219.c1)
[06:53:47] [6902] bear 34 entered the battlefield (detected by battlefield diff)
[06:53:47] [6902] leg-1 activation 1/2 -> bear 34
[06:53:49] [P16902] tap land for mana used_for=any
[06:53:49] [P16902] submitting interaction iid=BV2SQP.0.233 choice=BV2SQP.0.233.c1 (Mountain)
[06:53:49] [P16902] tap land for mana used_for=any
[06:53:49] [P16902] submitting interaction iid=BV2SQP.0.234 choice=BV2SQP.0.234.c1 (Mountain)
[06:53:49] [P16902] tap land for mana used_for=any
[06:53:49] [P16902] submitting interaction iid=BV2SQP.0.235 choice=BV2SQP.0.235.c1 (Mountain)
[06:53:50] [P16902] tap land for mana used_for=any
[06:53:50] [P16902] submitting interaction iid=BV2SQP.0.236 choice=BV2SQP.0.236.c1 (Mountain)
[06:53:50] [P16902] tap land for mana used_for=any
[06:53:50] [P16902] submitting interaction iid=BV2SQP.0.237 choice=BV2SQP.0.237.c1 (Mountain)
[06:53:50] [P16902] tap land for mana used_for=any
[06:53:50] [P16902] submitting interaction iid=BV2SQP.0.238 choice=BV2SQP.0.238.c1 (Mountain)
[06:53:51] [P16902] playing land mountain
[06:53:51] [P16902] tap land for mana used_for=any
[06:53:51] [P16902] submitting interaction iid=BV2SQP.0.244 choice=BV2SQP.0.244.c1 (Mountain)
[06:53:53] [6902] playing land mountain
[06:53:53] [6902] submitting ActivateAbility (ActivateAbility legal_action) holding priority
[06:53:54] [6902] tap land for mana used_for=R
[06:53:54] [6902] submitting interaction iid=BV2SQP.0.261 choice=BV2SQP.0.261.c2 (Mountain)
[06:53:54] [6902] no decideOptionalEffect opportunity; vi kind='choose' ops=1
[06:53:54] [6902] activation watch: stack=1 may_done=False vikind='choose' real_decision=False
[06:53:55] [6902] no decideOptionalEffect opportunity; vi kind='choose' ops=0
[06:53:55] [6902] accepting sneak may-choice (choice BV2SQP.0.264.c1)
[06:53:56] [6902] bear 30 entered the battlefield (detected by battlefield diff)
[06:53:56] [6902] leg-1 activation 2/2 -> bear 30
[06:53:58] [6902] exported mid_end.json
[06:53:58] [6902] leg-1 end step: sacrifice triggers on stack = 1 (after 0.0s)
[06:53:59] [P16902] tap land for mana used_for=any
[06:53:59] [P16902] submitting interaction iid=BV2SQP.0.278 choice=BV2SQP.0.278.c1 (Mountain)
[06:53:59] [P16902] tap land for mana used_for=any
[06:53:59] [P16902] submitting interaction iid=BV2SQP.0.279 choice=BV2SQP.0.279.c1 (Mountain)
[06:53:59] [P16902] tap land for mana used_for=any
[06:53:59] [P16902] submitting interaction iid=BV2SQP.0.280 choice=BV2SQP.0.280.c1 (Mountain)
[06:53:59] [P16902] tap land for mana used_for=any
[06:53:59] [P16902] submitting interaction iid=BV2SQP.0.281 choice=BV2SQP.0.281.c1 (Mountain)
[06:54:00] [P16902] tap land for mana used_for=any
[06:54:00] [P16902] submitting interaction iid=BV2SQP.0.282 choice=BV2SQP.0.282.c1 (Mountain)
[06:54:00] [P16902] tap land for mana used_for=any
[06:54:00] [P16902] submitting interaction iid=BV2SQP.0.283 choice=BV2SQP.0.283.c1 (Mountain)
[06:54:00] [P16902] tap land for mana used_for=any
[06:54:00] [P16902] submitting interaction iid=BV2SQP.0.284 choice=BV2SQP.0.284.c1 (Mountain)
[06:54:01] [P16902] playing land mountain
[06:54:01] [P16902] tap land for mana used_for=any
[06:54:01] [P16902] submitting interaction iid=BV2SQP.0.290 choice=BV2SQP.0.290.c1 (Mountain)
[06:54:03] [6902] playing land mountain
[06:54:04] [6902] exported post1.json
[06:54:04] [6902] leg-1 end step resolved; post1 exported
[06:54:05] [P16902] tap land for mana used_for=any
[06:54:05] [P16902] submitting interaction iid=BV2SQP.0.316 choice=BV2SQP.0.316.c1 (Mountain)
[06:54:05] [P16902] tap land for mana used_for=any
[06:54:05] [P16902] submitting interaction iid=BV2SQP.0.317 choice=BV2SQP.0.317.c1 (Mountain)
[06:54:05] [P16902] tap land for mana used_for=any
[06:54:05] [P16902] submitting interaction iid=BV2SQP.0.318 choice=BV2SQP.0.318.c1 (Mountain)
[06:54:05] [P16902] tap land for mana used_for=any
[06:54:05] [P16902] submitting interaction iid=BV2SQP.0.319 choice=BV2SQP.0.319.c1 (Mountain)
[06:54:05] [P16902] tap land for mana used_for=any
[06:54:05] [P16902] submitting interaction iid=BV2SQP.0.320 choice=BV2SQP.0.320.c1 (Mountain)
[06:54:06] [P16902] tap land for mana used_for=any
[06:54:06] [P16902] submitting interaction iid=BV2SQP.0.321 choice=BV2SQP.0.321.c1 (Mountain)
[06:54:06] [P16902] tap land for mana used_for=any
[06:54:06] [P16902] submitting interaction iid=BV2SQP.0.322 choice=BV2SQP.0.322.c1 (Mountain)
[06:54:06] [P16902] tap land for mana used_for=any
[06:54:06] [P16902] submitting interaction iid=BV2SQP.0.323 choice=BV2SQP.0.323.c1 (Mountain)
[06:54:08] [P16902] playing land mountain
[06:54:08] [P16902] tap land for mana used_for=any
[06:54:08] [P16902] submitting interaction iid=BV2SQP.0.329 choice=BV2SQP.0.329.c1 (Mountain)
[06:54:08] [6902] DIAG rev=333 turn=18 phase=BeginCombat act=1 stack=0 g6902={'joined': True, 'cast_sneak': True, 'sneak_oid': '6', 'leg1_activations': 2, 'leg1_bears': ['34', '30'], 'leg1_turn': 15, 'leg1_end_start': 1791287638.5965059, 'leg1_end_done': True, 'mid1_exported': True, 'post1_exported': True, 'trig_records': [{'id': 124, 'text': ''}], 'leg2_activated': False, 'leg2_turn': None, 'leg2_bear': None, 'mid2_exported': False, 'post2_pre_exported': False, 'post2_exported': False, 'stop': False}
[06:54:10] [6902] playing land mountain
[06:54:12] [P16902] tap land for mana used_for=any
[06:54:12] [P16902] submitting interaction iid=BV2SQP.0.355 choice=BV2SQP.0.355.c1 (Mountain)
[06:54:12] [P16902] tap land for mana used_for=any
[06:54:12] [P16902] submitting interaction iid=BV2SQP.0.356 choice=BV2SQP.0.356.c1 (Mountain)
[06:54:12] [P16902] tap land for mana used_for=any
[06:54:12] [P16902] submitting interaction iid=BV2SQP.0.357 choice=BV2SQP.0.357.c1 (Mountain)
[06:54:12] [P16902] tap land for mana used_for=any
[06:54:12] [P16902] submitting interaction iid=BV2SQP.0.358 choice=BV2SQP.0.358.c1 (Mountain)
[06:54:13] [P16902] tap land for mana used_for=any
[06:54:13] [P16902] submitting interaction iid=BV2SQP.0.359 choice=BV2SQP.0.359.c1 (Mountain)
[06:54:13] [P16902] tap land for mana used_for=any
[06:54:13] [P16902] submitting interaction iid=BV2SQP.0.360 choice=BV2SQP.0.360.c1 (Mountain)
[06:54:13] [P16902] tap land for mana used_for=any
[06:54:13] [P16902] submitting interaction iid=BV2SQP.0.361 choice=BV2SQP.0.361.c1 (Mountain)
[06:54:13] [P16902] tap land for mana used_for=any
[06:54:13] [P16902] submitting interaction iid=BV2SQP.0.362 choice=BV2SQP.0.362.c1 (Mountain)
[06:54:13] [P16902] tap land for mana used_for=any
[06:54:13] [P16902] submitting interaction iid=BV2SQP.0.363 choice=BV2SQP.0.363.c1 (Mountain)
[06:54:14] [P16902] playing land mountain
[06:54:14] [P16902] tap land for mana used_for=any
[06:54:14] [P16902] submitting interaction iid=BV2SQP.0.369 choice=BV2SQP.0.369.c1 (Mountain)
[06:54:16] [6902] playing land mountain
[06:54:18] [6902] submitting ActivateAbility (ActivateAbility legal_action) holding priority
[06:54:18] [6902] tap land for mana used_for=R
[06:54:18] [6902] submitting interaction iid=BV2SQP.0.394 choice=BV2SQP.0.394.c2 (Mountain)
[06:54:19] [6902] no decideOptionalEffect opportunity; vi kind='choose' ops=1
[06:54:19] [6902] activation watch: stack=1 may_done=False vikind='choose' real_decision=False
[06:54:19] [6902] no decideOptionalEffect opportunity; vi kind='choose' ops=0
[06:54:20] [6902] accepting sneak may-choice (choice BV2SQP.0.397.c1)
[06:54:20] [6902] bear 22 entered the battlefield (detected by battlefield diff)
[06:54:20] [6902] leg-2 activation during end step -> bear 22
[06:54:20] [6902] exported mid2_end.json
[06:54:20] [P16902] tap land for mana used_for=any
[06:54:20] [P16902] submitting interaction iid=BV2SQP.0.400 choice=BV2SQP.0.400.c1 (Mountain)
[06:54:21] [P16902] tap land for mana used_for=any
[06:54:21] [P16902] submitting interaction iid=BV2SQP.0.401 choice=BV2SQP.0.401.c1 (Mountain)
[06:54:21] [P16902] tap land for mana used_for=any
[06:54:21] [P16902] submitting interaction iid=BV2SQP.0.402 choice=BV2SQP.0.402.c1 (Mountain)
[06:54:21] [P16902] tap land for mana used_for=any
[06:54:21] [P16902] submitting interaction iid=BV2SQP.0.403 choice=BV2SQP.0.403.c1 (Mountain)
[06:54:21] [P16902] tap land for mana used_for=any
[06:54:21] [P16902] submitting interaction iid=BV2SQP.0.404 choice=BV2SQP.0.404.c1 (Mountain)
[06:54:21] [P16902] tap land for mana used_for=any
[06:54:21] [P16902] submitting interaction iid=BV2SQP.0.405 choice=BV2SQP.0.405.c1 (Mountain)
[06:54:21] [P16902] tap land for mana used_for=any
[06:54:21] [P16902] submitting interaction iid=BV2SQP.0.406 choice=BV2SQP.0.406.c1 (Mountain)
[06:54:22] [P16902] tap land for mana used_for=any
[06:54:22] [P16902] submitting interaction iid=BV2SQP.0.407 choice=BV2SQP.0.407.c1 (Mountain)
[06:54:22] [P16902] tap land for mana used_for=any
[06:54:22] [P16902] submitting interaction iid=BV2SQP.0.408 choice=BV2SQP.0.408.c1 (Mountain)
[06:54:22] [P16902] tap land for mana used_for=any
[06:54:22] [P16902] submitting interaction iid=BV2SQP.0.409 choice=BV2SQP.0.409.c1 (Mountain)
[06:54:23] [P16902] playing land mountain
[06:54:23] [P16902] tap land for mana used_for=any
[06:54:23] [P16902] submitting interaction iid=BV2SQP.0.415 choice=BV2SQP.0.415.c1 (Mountain)
[06:54:27] [6902] exported post2_pre.json
[06:54:27] [6902] playing land mountain
[06:54:29] [6902] exported post2.json
[06:54:29] [6902] leg 2 complete; stopping
[06:54:29] [P16902] tap land for mana used_for=any
[06:54:29] [P16902] submitting interaction iid=BV2SQP.0.443 choice=BV2SQP.0.443.c1 (Mountain)
[06:54:29] server excerpts: 894 lines for game BV2SQP
[06:54:29] VERDICT: blocked
