[13:26:24] server identity hashes recomputed against on-disk pinned artifacts
[13:26:24] ServerHello: version=0.102.0 build=e17f6fd protocol=106 mode=Full
[13:26:24] data-level check: ok=True notes=[]
[13:26:25] game OFAI82; P0 seat=0 P1 seat=1
[13:26:25] [7180] keep 7: ['forest', 'forest', 'forest', 'forest', 'forest', 'lightning bolt', 'forest']
[13:26:25] [P17180] keep 7: ['forest', 'grizzly bears', 'forest', 'forest', 'forest', 'forest', 'forest']
[13:26:25] [P17180] playing land forest
[13:26:28] [7180] playing land forest
[13:26:30] [P17180] playing land forest
[13:26:30] [P17180] casting Grizzly Bears (oid 104)
[13:26:33] [7180] playing land forest
[13:26:35] [P17180] tap land for mana used_for=G
[13:26:35] [P17180] submitting interaction iid=OFAI82.0.65 choice=OFAI82.0.65.c1 (Forest)
[13:26:35] [P17180] tap land for mana used_for=generic
[13:26:35] [P17180] submitting interaction iid=OFAI82.0.66 choice=OFAI82.0.66.c1 (Forest)
[13:26:36] [P17180] playing land forest
[13:26:38] [7180] playing land forest
[13:26:41] [P17180] playing land forest
[13:26:44] [7180] playing land forest
[13:26:46] [P17180] playing land forest
[13:26:49] [7180] playing land forest
[13:26:51] [P17180] playing land forest
[13:26:51] [P17180] casting Grizzly Bears (oid 92)
[13:26:51] [P17180] tap land for mana used_for=G
[13:26:51] [P17180] submitting interaction iid=OFAI82.0.166 choice=OFAI82.0.166.c1 (Forest)
[13:26:52] [P17180] tap land for mana used_for=generic
[13:26:52] [P17180] submitting interaction iid=OFAI82.0.167 choice=OFAI82.0.167.c1 (Forest)
[13:26:54] [7180] playing land forest
[13:26:55] [7180] DIAG P07180: rev=187 turn=12 phase=PreCombatMain act=0 acts=[] vikind='choose' real_decision=False my_prio=False bears_bf=2 altisaur_bf=0
[13:26:55] [7180] DIAG P17180: rev=187 turn=12 phase=PreCombatMain act=0 acts=['PassPriority'] vikind='choose' real_decision=False my_prio=True bears_bf=2 altisaur_bf=0
[13:26:57] [P17180] playing land forest
[13:27:00] [7180] playing land forest
[13:27:03] [P17180] playing land forest
[13:27:05] [7180] playing land forest
[13:27:07] [P17180] playing land forest
[13:27:10] [7180] playing land mountain
[13:27:10] [7180] casting Apex Altisaur (oid 17)
[13:27:10] Apex Altisaur on battlefield (oid 17)
[13:27:11] [etb] target selection appeared: iid=OFAI82.0.282 rtype=schema spec=sequence
[13:27:11] [etb] skip offered: False signals=[] n_candidates=2
[13:27:11] exported pre_etb.json (turn=18)
[13:27:11] saved etb_prompt_detail.json
[13:27:11] [etb] submitting target: id=OFAI82.0.282.t0 kind=sequence
[13:27:12] exported post_etb.json (turn=18)
[13:27:12] [enrage] target selection appeared: iid=OFAI82.0.285 rtype=schema spec=sequence
[13:27:12] [enrage] skip offered: False signals=[] n_candidates=1
[13:27:12] exported pre_enrage.json (turn=18)
[13:27:12] saved enrage_prompt_detail.json
[13:27:12] [enrage] submitting target: id=OFAI82.0.285.t0 kind=sequence
[13:27:13] exported post.json (turn=18)
[13:27:13] VERDICT: reproduced assertions={"A1_setup_ok": "passed", "A2_zero_option_etb": "failed", "A3_etb_resolution": "passed", "A5_zero_option_enrage": "failed", "A4_enrage_triggered": "passed", "A6_enrage_resolution": "passed"}
[13:27:13] rendered summary.png
