[00:07:53] ServerHello: version=0.105.0 build=965e243 protocol=120 mode=Full
[00:07:53] data check: ardenn oracle verified: 'attach any number of Auras and Equipment'; ardenn pinned mana_cost datum: {'type': 'Cost', 'shards': ['White'], 'generic': 2} (real-world card is {2}{W}{R}; engine datum governs this run)
[00:07:54] [accept] game created code=FGG4NQ
[00:07:54] [P1-accept] keeping 7-card hand (dummy seat)
[00:07:54] [P0-accept] keeping 7-card hand (Ardenn found)
[00:07:54] [P0-accept] playing land plains
[00:07:55] [P0-accept] casting colossus hammer (oid 28)
[00:07:57] [P1-accept] playing land mountain
[00:07:58] [P1-accept] tap land for mana used_for=any
[00:07:58] [P1-accept] submitting interaction iid=FGG4NQ.0.25 choice=FGG4NQ.0.25.c1 (Mountain)
[00:07:59] [P0-accept] tap land for mana used_for=generic
[00:07:59] [P0-accept] submitting interaction iid=FGG4NQ.0.36 choice=FGG4NQ.0.36.c1 (Plains)
[00:08:00] [P0-accept] playing land plains
[00:08:03] [P1-accept] tap land for mana used_for=any
[00:08:03] [P1-accept] submitting interaction iid=FGG4NQ.0.52 choice=FGG4NQ.0.52.c1 (Mountain)
[00:08:04] [P1-accept] playing land mountain
[00:08:04] [P1-accept] tap land for mana used_for=any
[00:08:04] [P1-accept] submitting interaction iid=FGG4NQ.0.58 choice=FGG4NQ.0.58.c1 (Mountain)
[00:08:06] [P0-accept] playing land plains
[00:08:06] [P0-accept] casting ardenn, intrepid archaeologist (oid 17)
[00:08:07] [P0-accept] answering target selection: Ardenn
[00:08:07] [P0-accept] Ardenn trigger observed (may prompt)
[00:08:07] [P0-accept] setup incomplete -- declining trigger (deferral #1)
[00:08:07] [P0-accept] answering Ardenn 'you may': DECLINE (false)
[00:08:07] [P0-accept] submitting interaction iid=FGG4NQ.0.82 choice=FGG4NQ.0.82.c0 (false)
[00:08:09] [P1-accept] tap land for mana used_for=any
[00:08:09] [P1-accept] submitting interaction iid=FGG4NQ.0.91 choice=FGG4NQ.0.91.c1 (Mountain)
[00:08:09] [P1-accept] tap land for mana used_for=any
[00:08:09] [P1-accept] submitting interaction iid=FGG4NQ.0.92 choice=FGG4NQ.0.92.c1 (Mountain)
[00:08:10] [P1-accept] playing land mountain
[00:08:10] [P1-accept] tap land for mana used_for=any
[00:08:10] [P1-accept] submitting interaction iid=FGG4NQ.0.98 choice=FGG4NQ.0.98.c1 (Mountain)
[00:08:12] [P0-accept] tap land for mana used_for=W
[00:08:12] [P0-accept] submitting interaction iid=FGG4NQ.0.109 choice=FGG4NQ.0.109.c1 (Plains)
[00:08:12] [P0-accept] tap land for mana used_for=generic
[00:08:12] [P0-accept] submitting interaction iid=FGG4NQ.0.110 choice=FGG4NQ.0.110.c1 (Plains)
[00:08:12] [P0-accept] tap land for mana used_for=generic
[00:08:12] [P0-accept] submitting interaction iid=FGG4NQ.0.111 choice=FGG4NQ.0.111.c1 (Plains)
[00:08:14] [P0-accept] answering target selection: Ardenn
[00:08:14] [P0-accept] setup incomplete -- declining trigger (deferral #2)
[00:08:14] [P0-accept] answering Ardenn 'you may': DECLINE (false)
[00:08:14] [P0-accept] submitting interaction iid=FGG4NQ.0.121 choice=FGG4NQ.0.121.c0 (false)
[00:08:16] [P1-accept] tap land for mana used_for=any
[00:08:16] [P1-accept] submitting interaction iid=FGG4NQ.0.131 choice=FGG4NQ.0.131.c1 (Mountain)
[00:08:16] [P1-accept] tap land for mana used_for=any
[00:08:16] [P1-accept] submitting interaction iid=FGG4NQ.0.132 choice=FGG4NQ.0.132.c1 (Mountain)
[00:08:16] [P1-accept] tap land for mana used_for=any
[00:08:16] [P1-accept] submitting interaction iid=FGG4NQ.0.133 choice=FGG4NQ.0.133.c1 (Mountain)
[00:08:17] [P1-accept] playing land mountain
[00:08:17] [P1-accept] tap land for mana used_for=any
[00:08:17] [P1-accept] submitting interaction iid=FGG4NQ.0.139 choice=FGG4NQ.0.139.c1 (Mountain)
[00:08:20] [P0-accept] playing land plains
[00:08:20] [P0-accept] casting holy strength (oid 5)
[00:08:20] [P0-accept] tap land for mana used_for=W
[00:08:20] [P0-accept] submitting interaction iid=FGG4NQ.0.156 choice=FGG4NQ.0.156.c1 (Plains)
[00:08:21] [P0-accept] answering target selection: Ardenn
[00:08:21] [P0-accept] setup incomplete -- declining trigger (deferral #3)
[00:08:21] [P0-accept] answering Ardenn 'you may': DECLINE (false)
[00:08:21] [P0-accept] submitting interaction iid=FGG4NQ.0.164 choice=FGG4NQ.0.164.c0 (false)
[00:08:23] [P1-accept] tap land for mana used_for=any
[00:08:23] [P1-accept] submitting interaction iid=FGG4NQ.0.174 choice=FGG4NQ.0.174.c1 (Mountain)
[00:08:23] [P1-accept] tap land for mana used_for=any
[00:08:23] [P1-accept] submitting interaction iid=FGG4NQ.0.175 choice=FGG4NQ.0.175.c1 (Mountain)
[00:08:23] [P1-accept] tap land for mana used_for=any
[00:08:23] [P1-accept] submitting interaction iid=FGG4NQ.0.176 choice=FGG4NQ.0.176.c1 (Mountain)
[00:08:23] [P1-accept] tap land for mana used_for=any
[00:08:23] [P1-accept] submitting interaction iid=FGG4NQ.0.177 choice=FGG4NQ.0.177.c1 (Mountain)
[00:08:24] [P1-accept] playing land mountain
[00:08:24] [P1-accept] tap land for mana used_for=any
[00:08:24] [P1-accept] submitting interaction iid=FGG4NQ.0.183 choice=FGG4NQ.0.183.c1 (Mountain)
[00:08:27] [P0-accept] casting plate armor (oid 45)
[00:08:27] [P0-accept] tap land for mana used_for=W
[00:08:27] [P0-accept] submitting interaction iid=FGG4NQ.0.199 choice=FGG4NQ.0.199.c1 (Plains)
[00:08:29] [P0-accept] pre.json captured (turn 11 PreCombatMain)
[00:08:29] [P0-accept] answering target selection: Ardenn
[00:08:30] [P0-accept] answering Ardenn 'you may': ACCEPT (true)
[00:08:30] [P0-accept] submitting interaction iid=FGG4NQ.0.207 choice=FGG4NQ.0.207.c1 (true)
[00:08:30] [P0-accept] attachment prompt spec: type=select min=None max=None candidates=3
[00:08:30] [P0-accept] submitting attachment choice: 3 candidate(s)
[00:08:31] [P1-accept] tap land for mana used_for=any
[00:08:31] [P1-accept] submitting interaction iid=FGG4NQ.0.218 choice=FGG4NQ.0.218.c1 (Mountain)
[00:08:32] [P1-accept] tap land for mana used_for=any
[00:08:32] [P1-accept] submitting interaction iid=FGG4NQ.0.219 choice=FGG4NQ.0.219.c1 (Mountain)
[00:08:32] [P1-accept] tap land for mana used_for=any
[00:08:32] [P1-accept] submitting interaction iid=FGG4NQ.0.220 choice=FGG4NQ.0.220.c1 (Mountain)
[00:08:32] [P1-accept] tap land for mana used_for=any
[00:08:32] [P1-accept] submitting interaction iid=FGG4NQ.0.221 choice=FGG4NQ.0.221.c1 (Mountain)
[00:08:32] [P1-accept] tap land for mana used_for=any
[00:08:32] [P1-accept] submitting interaction iid=FGG4NQ.0.222 choice=FGG4NQ.0.222.c1 (Mountain)
[00:08:33] [P1-accept] playing land mountain
[00:08:33] [P1-accept] tap land for mana used_for=any
[00:08:33] [P1-accept] submitting interaction iid=FGG4NQ.0.228 choice=FGG4NQ.0.228.c1 (Mountain)
[00:08:35] [P0-accept] tap land for mana used_for=generic
[00:08:35] [P0-accept] submitting interaction iid=FGG4NQ.0.239 choice=FGG4NQ.0.239.c1 (Plains)
[00:08:35] [P0-accept] tap land for mana used_for=generic
[00:08:35] [P0-accept] submitting interaction iid=FGG4NQ.0.240 choice=FGG4NQ.0.240.c1 (Plains)
[00:08:36] [P0-accept] answering target selection: Ardenn
[00:08:37] [P0-accept] answering Ardenn 'you may': ACCEPT (true)
[00:08:37] [P0-accept] submitting interaction iid=FGG4NQ.0.250 choice=FGG4NQ.0.250.c1 (true)
[00:08:37] [P0-accept] attachment prompt spec: type=select min=None max=None candidates=3
[00:08:37] [P0-accept] submitting attachment choice: 3 candidate(s)
[00:08:39] [P1-accept] tap land for mana used_for=any
[00:08:39] [P1-accept] submitting interaction iid=FGG4NQ.0.261 choice=FGG4NQ.0.261.c1 (Mountain)
[00:08:39] [P1-accept] tap land for mana used_for=any
[00:08:39] [P1-accept] submitting interaction iid=FGG4NQ.0.262 choice=FGG4NQ.0.262.c1 (Mountain)
[00:08:39] [P1-accept] tap land for mana used_for=any
[00:08:39] [P1-accept] submitting interaction iid=FGG4NQ.0.263 choice=FGG4NQ.0.263.c1 (Mountain)
[00:08:39] [P1-accept] tap land for mana used_for=any
[00:08:39] [P1-accept] submitting interaction iid=FGG4NQ.0.264 choice=FGG4NQ.0.264.c1 (Mountain)
[00:08:39] [P1-accept] tap land for mana used_for=any
[00:08:39] [P1-accept] submitting interaction iid=FGG4NQ.0.265 choice=FGG4NQ.0.265.c1 (Mountain)
[00:08:39] [P1-accept] tap land for mana used_for=any
[00:08:39] [P1-accept] submitting interaction iid=FGG4NQ.0.266 choice=FGG4NQ.0.266.c1 (Mountain)
[00:08:40] [P1-accept] playing land mountain
[00:08:41] [P1-accept] tap land for mana used_for=any
[00:08:41] [P1-accept] submitting interaction iid=FGG4NQ.0.272 choice=FGG4NQ.0.272.c1 (Mountain)
[00:08:43] [P0-accept] playing land plains
[00:08:43] [P0-accept] answering target selection: Ardenn
[00:08:44] [P0-accept] answering Ardenn 'you may': ACCEPT (true)
[00:08:44] [P0-accept] submitting interaction iid=FGG4NQ.0.293 choice=FGG4NQ.0.293.c1 (true)
[00:08:44] [P0-accept] attachment prompt spec: type=select min=None max=None candidates=3
[00:08:44] [P0-accept] submitting attachment choice: 3 candidate(s)
[00:08:47] [P1-accept] tap land for mana used_for=any
[00:08:47] [P1-accept] submitting interaction iid=FGG4NQ.0.304 choice=FGG4NQ.0.304.c1 (Mountain)
[00:08:47] [P1-accept] tap land for mana used_for=any
[00:08:47] [P1-accept] submitting interaction iid=FGG4NQ.0.305 choice=FGG4NQ.0.305.c1 (Mountain)
[00:08:47] [P1-accept] tap land for mana used_for=any
[00:08:47] [P1-accept] submitting interaction iid=FGG4NQ.0.306 choice=FGG4NQ.0.306.c1 (Mountain)
[00:08:47] [P1-accept] tap land for mana used_for=any
[00:08:47] [P1-accept] submitting interaction iid=FGG4NQ.0.307 choice=FGG4NQ.0.307.c1 (Mountain)
[00:08:48] [P1-accept] tap land for mana used_for=any
[00:08:48] [P1-accept] submitting interaction iid=FGG4NQ.0.308 choice=FGG4NQ.0.308.c1 (Mountain)
[00:08:48] [P1-accept] tap land for mana used_for=any
[00:08:48] [P1-accept] submitting interaction iid=FGG4NQ.0.309 choice=FGG4NQ.0.309.c1 (Mountain)
[00:08:48] [P1-accept] tap land for mana used_for=any
[00:08:48] [P1-accept] submitting interaction iid=FGG4NQ.0.310 choice=FGG4NQ.0.310.c1 (Mountain)
[00:08:49] [P1-accept] playing land mountain
[00:08:49] [P1-accept] tap land for mana used_for=any
[00:08:49] [P1-accept] submitting interaction iid=FGG4NQ.0.316 choice=FGG4NQ.0.316.c1 (Mountain)
[00:08:52] [P0-accept] answering target selection: Ardenn
[00:08:52] [P0-accept] answering Ardenn 'you may': ACCEPT (true)
[00:08:52] [P0-accept] submitting interaction iid=FGG4NQ.0.336 choice=FGG4NQ.0.336.c1 (true)
[00:08:52] [P0-accept] attachment prompt spec: type=select min=None max=None candidates=3
[00:08:52] [P0-accept] submitting attachment choice: 3 candidate(s)
[00:08:54] [P1-accept] tap land for mana used_for=any
[00:08:54] [P1-accept] submitting interaction iid=FGG4NQ.0.347 choice=FGG4NQ.0.347.c1 (Mountain)
[00:08:54] [P1-accept] tap land for mana used_for=any
[00:08:54] [P1-accept] submitting interaction iid=FGG4NQ.0.348 choice=FGG4NQ.0.348.c1 (Mountain)
[00:08:54] [P1-accept] tap land for mana used_for=any
[00:08:54] [P1-accept] submitting interaction iid=FGG4NQ.0.349 choice=FGG4NQ.0.349.c1 (Mountain)
[00:08:55] [P1-accept] tap land for mana used_for=any
[00:08:55] [P1-accept] submitting interaction iid=FGG4NQ.0.350 choice=FGG4NQ.0.350.c1 (Mountain)
[00:08:55] [P1-accept] tap land for mana used_for=any
[00:08:55] [P1-accept] submitting interaction iid=FGG4NQ.0.351 choice=FGG4NQ.0.351.c1 (Mountain)
[00:08:55] [P1-accept] tap land for mana used_for=any
[00:08:55] [P1-accept] submitting interaction iid=FGG4NQ.0.352 choice=FGG4NQ.0.352.c1 (Mountain)
[00:08:55] [P1-accept] tap land for mana used_for=any
[00:08:55] [P1-accept] submitting interaction iid=FGG4NQ.0.355 choice=FGG4NQ.0.355.c1 (Mountain)
[00:08:56] [P1-accept] tap land for mana used_for=any
[00:08:56] [P1-accept] submitting interaction iid=FGG4NQ.0.356 choice=FGG4NQ.0.356.c1 (Mountain)
[00:08:56] [P1-accept] playing land mountain
[00:08:56] [P1-accept] tap land for mana used_for=any
[00:08:56] [P1-accept] submitting interaction iid=FGG4NQ.0.360 choice=FGG4NQ.0.360.c1 (Mountain)
[00:08:59] [P0-accept] playing land plains
[00:08:59] [P0-accept] answering target selection: Ardenn
[00:09:00] [P0-accept] answering Ardenn 'you may': ACCEPT (true)
[00:09:00] [P0-accept] submitting interaction iid=FGG4NQ.0.381 choice=FGG4NQ.0.381.c1 (true)
[00:09:00] [P0-accept] attachment prompt spec: type=select min=None max=None candidates=3
[00:09:00] [P0-accept] submitting attachment choice: 3 candidate(s)
[00:09:01] [P1-accept] tap land for mana used_for=any
[00:09:01] [P1-accept] submitting interaction iid=FGG4NQ.0.392 choice=FGG4NQ.0.392.c1 (Mountain)
[00:09:02] [P1-accept] tap land for mana used_for=any
[00:09:02] [P1-accept] submitting interaction iid=FGG4NQ.0.393 choice=FGG4NQ.0.393.c1 (Mountain)
[00:09:02] [P1-accept] tap land for mana used_for=any
[00:09:02] [P1-accept] submitting interaction iid=FGG4NQ.0.394 choice=FGG4NQ.0.394.c1 (Mountain)
[00:09:02] [P1-accept] tap land for mana used_for=any
[00:09:02] [P1-accept] submitting interaction iid=FGG4NQ.0.395 choice=FGG4NQ.0.395.c1 (Mountain)
[00:09:02] [P1-accept] tap land for mana used_for=any
[00:09:02] [P1-accept] submitting interaction iid=FGG4NQ.0.396 choice=FGG4NQ.0.396.c1 (Mountain)
[00:09:02] [P1-accept] tap land for mana used_for=any
[00:09:02] [P1-accept] submitting interaction iid=FGG4NQ.0.397 choice=FGG4NQ.0.397.c1 (Mountain)
[00:09:02] [P1-accept] tap land for mana used_for=any
[00:09:02] [P1-accept] submitting interaction iid=FGG4NQ.0.398 choice=FGG4NQ.0.398.c1 (Mountain)
[00:09:03] [P1-accept] tap land for mana used_for=any
[00:09:03] [P1-accept] submitting interaction iid=FGG4NQ.0.399 choice=FGG4NQ.0.399.c1 (Mountain)
[00:09:03] [P1-accept] tap land for mana used_for=any
[00:09:03] [P1-accept] submitting interaction iid=FGG4NQ.0.401 choice=FGG4NQ.0.401.c1 (Mountain)
[00:09:03] [P1-accept] tap land for mana used_for=any
[00:09:03] [P1-accept] submitting interaction iid=FGG4NQ.0.402 choice=FGG4NQ.0.402.c1 (Mountain)
[00:09:05] [P1-accept] playing land mountain
[00:09:05] [P1-accept] tap land for mana used_for=any
[00:09:05] [P1-accept] submitting interaction iid=FGG4NQ.0.406 choice=FGG4NQ.0.406.c1 (Mountain)
[00:09:09] [P0-accept] answering target selection: Ardenn
[00:09:09] [P0-accept] answering Ardenn 'you may': ACCEPT (true)
[00:09:09] [P0-accept] submitting interaction iid=FGG4NQ.0.426 choice=FGG4NQ.0.426.c1 (true)
[00:09:09] [P0-accept] attachment prompt spec: type=select min=None max=None candidates=3
[00:09:09] [P0-accept] submitting attachment choice: 3 candidate(s)
[00:09:11] [P1-accept] tap land for mana used_for=any
[00:09:11] [P1-accept] submitting interaction iid=FGG4NQ.0.437 choice=FGG4NQ.0.437.c1 (Mountain)
[00:09:11] [P1-accept] tap land for mana used_for=any
[00:09:11] [P1-accept] submitting interaction iid=FGG4NQ.0.438 choice=FGG4NQ.0.438.c1 (Mountain)
[00:09:11] [P1-accept] tap land for mana used_for=any
[00:09:11] [P1-accept] submitting interaction iid=FGG4NQ.0.439 choice=FGG4NQ.0.439.c1 (Mountain)
[00:09:12] [P1-accept] tap land for mana used_for=any
[00:09:12] [P1-accept] submitting interaction iid=FGG4NQ.0.440 choice=FGG4NQ.0.440.c1 (Mountain)
[00:09:12] [P1-accept] tap land for mana used_for=any
[00:09:12] [P1-accept] submitting interaction iid=FGG4NQ.0.442 choice=FGG4NQ.0.442.c1 (Mountain)
[00:09:12] [P1-accept] tap land for mana used_for=any
[00:09:12] [P1-accept] submitting interaction iid=FGG4NQ.0.443 choice=FGG4NQ.0.443.c1 (Mountain)
[00:09:12] [P1-accept] tap land for mana used_for=any
[00:09:12] [P1-accept] submitting interaction iid=FGG4NQ.0.444 choice=FGG4NQ.0.444.c1 (Mountain)
[00:09:12] [P1-accept] tap land for mana used_for=any
[00:09:12] [P1-accept] submitting interaction iid=FGG4NQ.0.445 choice=FGG4NQ.0.445.c1 (Mountain)
[00:09:13] [P1-accept] tap land for mana used_for=any
[00:09:13] [P1-accept] submitting interaction iid=FGG4NQ.0.446 choice=FGG4NQ.0.446.c1 (Mountain)
[00:09:13] [P1-accept] tap land for mana used_for=any
[00:09:13] [P1-accept] submitting interaction iid=FGG4NQ.0.448 choice=FGG4NQ.0.448.c9 (Mountain)
[00:09:13] [P1-accept] playing land mountain
[00:09:14] [P1-accept] tap land for mana used_for=any
[00:09:14] [P1-accept] submitting interaction iid=FGG4NQ.0.450 choice=FGG4NQ.0.450.c1 (Mountain)
[00:09:14] [P1-accept] tap land for mana used_for=any
[00:09:14] [P1-accept] submitting interaction iid=FGG4NQ.0.451 choice=FGG4NQ.0.451.c1 (Mountain)
[00:09:14] [P1-accept] tap land for mana used_for=any
[00:09:14] [P1-accept] submitting interaction iid=FGG4NQ.0.452 choice=FGG4NQ.0.452.c1 (Mountain)
[00:09:16] [P0-accept] playing land plains
[00:09:17] [P0-accept] answering target selection: Ardenn
[00:09:17] [P0-accept] answering Ardenn 'you may': ACCEPT (true)
[00:09:17] [P0-accept] submitting interaction iid=FGG4NQ.0.473 choice=FGG4NQ.0.473.c1 (true)
[00:09:18] [P0-accept] attachment prompt spec: type=select min=None max=None candidates=3
[00:09:18] [P0-accept] submitting attachment choice: 3 candidate(s)
[00:09:19] [P1-accept] tap land for mana used_for=any
[00:09:19] [P1-accept] submitting interaction iid=FGG4NQ.0.484 choice=FGG4NQ.0.484.c1 (Mountain)
[00:09:20] [P1-accept] tap land for mana used_for=any
[00:09:20] [P1-accept] submitting interaction iid=FGG4NQ.0.485 choice=FGG4NQ.0.485.c1 (Mountain)
[00:09:20] [P1-accept] tap land for mana used_for=any
[00:09:20] [P1-accept] submitting interaction iid=FGG4NQ.0.486 choice=FGG4NQ.0.486.c1 (Mountain)
[00:09:20] [P1-accept] tap land for mana used_for=any
[00:09:20] [P1-accept] submitting interaction iid=FGG4NQ.0.487 choice=FGG4NQ.0.487.c1 (Mountain)
[00:09:20] [P1-accept] tap land for mana used_for=any
[00:09:20] [P1-accept] submitting interaction iid=FGG4NQ.0.488 choice=FGG4NQ.0.488.c1 (Mountain)
[00:09:20] [P1-accept] tap land for mana used_for=any
[00:09:20] [P1-accept] submitting interaction iid=FGG4NQ.0.489 choice=FGG4NQ.0.489.c1 (Mountain)
[00:09:20] [P1-accept] tap land for mana used_for=any
[00:09:20] [P1-accept] submitting interaction iid=FGG4NQ.0.490 choice=FGG4NQ.0.490.c1 (Mountain)
[00:09:20] [P1-accept] tap land for mana used_for=any
[00:09:20] [P1-accept] submitting interaction iid=FGG4NQ.0.491 choice=FGG4NQ.0.491.c1 (Mountain)
[00:09:21] [P1-accept] tap land for mana used_for=any
[00:09:21] [P1-accept] submitting interaction iid=FGG4NQ.0.492 choice=FGG4NQ.0.492.c1 (Mountain)
[00:09:21] [P1-accept] tap land for mana used_for=any
[00:09:21] [P1-accept] submitting interaction iid=FGG4NQ.0.493 choice=FGG4NQ.0.493.c1 (Mountain)
[00:09:21] [P1-accept] tap land for mana used_for=any
[00:09:21] [P1-accept] submitting interaction iid=FGG4NQ.0.494 choice=FGG4NQ.0.494.c1 (Mountain)
[00:09:22] [P1-accept] playing land mountain
[00:09:22] [P1-accept] tap land for mana used_for=any
[00:09:22] [P1-accept] submitting interaction iid=FGG4NQ.0.500 choice=FGG4NQ.0.500.c1 (Mountain)
[00:09:24] [P0-accept] playing land plains
[00:09:25] [P0-accept] answering target selection: Ardenn
[00:09:25] [P0-accept] answering Ardenn 'you may': ACCEPT (true)
[00:09:25] [P0-accept] submitting interaction iid=FGG4NQ.0.521 choice=FGG4NQ.0.521.c1 (true)
[00:09:26] [P0-accept] attachment prompt spec: type=select min=None max=None candidates=3
[00:09:26] [P0-accept] submitting attachment choice: 3 candidate(s)
[00:09:29] [P1-accept] tap land for mana used_for=any
[00:09:29] [P1-accept] submitting interaction iid=FGG4NQ.0.532 choice=FGG4NQ.0.532.c1 (Mountain)
[00:09:29] [P1-accept] tap land for mana used_for=any
[00:09:29] [P1-accept] submitting interaction iid=FGG4NQ.0.533 choice=FGG4NQ.0.533.c1 (Mountain)
[00:09:29] [P1-accept] tap land for mana used_for=any
[00:09:29] [P1-accept] submitting interaction iid=FGG4NQ.0.534 choice=FGG4NQ.0.534.c1 (Mountain)
[00:09:30] [P1-accept] tap land for mana used_for=any
[00:09:30] [P1-accept] submitting interaction iid=FGG4NQ.0.535 choice=FGG4NQ.0.535.c1 (Mountain)
[00:09:30] [P1-accept] tap land for mana used_for=any
[00:09:30] [P1-accept] submitting interaction iid=FGG4NQ.0.536 choice=FGG4NQ.0.536.c1 (Mountain)
[00:09:30] [P1-accept] tap land for mana used_for=any
[00:09:30] [P1-accept] submitting interaction iid=FGG4NQ.0.537 choice=FGG4NQ.0.537.c1 (Mountain)
[00:09:30] [P1-accept] tap land for mana used_for=any
[00:09:30] [P1-accept] submitting interaction iid=FGG4NQ.0.538 choice=FGG4NQ.0.538.c1 (Mountain)
[00:09:30] [P1-accept] tap land for mana used_for=any
[00:09:30] [P1-accept] submitting interaction iid=FGG4NQ.0.539 choice=FGG4NQ.0.539.c1 (Mountain)
[00:09:30] [P1-accept] tap land for mana used_for=any
[00:09:30] [P1-accept] submitting interaction iid=FGG4NQ.0.540 choice=FGG4NQ.0.540.c1 (Mountain)
[00:09:30] [P1-accept] tap land for mana used_for=any
[00:09:30] [P1-accept] submitting interaction iid=FGG4NQ.0.541 choice=FGG4NQ.0.541.c1 (Mountain)
[00:09:31] [P1-accept] tap land for mana used_for=any
[00:09:31] [P1-accept] submitting interaction iid=FGG4NQ.0.542 choice=FGG4NQ.0.542.c1 (Mountain)
[00:09:31] [P1-accept] tap land for mana used_for=any
[00:09:31] [P1-accept] submitting interaction iid=FGG4NQ.0.543 choice=FGG4NQ.0.543.c1 (Mountain)
[00:09:32] [P1-accept] playing land mountain
[00:09:32] [P1-accept] tap land for mana used_for=any
[00:09:32] [P1-accept] submitting interaction iid=FGG4NQ.0.549 choice=FGG4NQ.0.549.c1 (Mountain)
[00:09:35] [P0-accept] answering target selection: Ardenn
[00:09:35] [P0-accept] answering Ardenn 'you may': ACCEPT (true)
[00:09:35] [P0-accept] submitting interaction iid=FGG4NQ.0.569 choice=FGG4NQ.0.569.c1 (true)
[00:09:36] [P0-accept] attachment prompt spec: type=select min=None max=None candidates=3
[00:09:36] [P0-accept] submitting attachment choice: 3 candidate(s)
[00:09:38] [P0-accept] discarding to hand size via vi (select)
[00:09:38] [P1-accept] tap land for mana used_for=any
[00:09:38] [P1-accept] submitting interaction iid=FGG4NQ.0.581 choice=FGG4NQ.0.581.c1 (Mountain)
[00:09:38] [P1-accept] tap land for mana used_for=any
[00:09:38] [P1-accept] submitting interaction iid=FGG4NQ.0.582 choice=FGG4NQ.0.582.c1 (Mountain)
[00:09:38] [P1-accept] tap land for mana used_for=any
[00:09:38] [P1-accept] submitting interaction iid=FGG4NQ.0.583 choice=FGG4NQ.0.583.c1 (Mountain)
[00:09:39] [P1-accept] tap land for mana used_for=any
[00:09:39] [P1-accept] submitting interaction iid=FGG4NQ.0.584 choice=FGG4NQ.0.584.c1 (Mountain)
[00:09:39] [P1-accept] tap land for mana used_for=any
[00:09:39] [P1-accept] submitting interaction iid=FGG4NQ.0.585 choice=FGG4NQ.0.585.c1 (Mountain)
[00:09:39] [P1-accept] tap land for mana used_for=any
[00:09:39] [P1-accept] submitting interaction iid=FGG4NQ.0.586 choice=FGG4NQ.0.586.c1 (Mountain)
[00:09:39] [P1-accept] tap land for mana used_for=any
[00:09:39] [P1-accept] submitting interaction iid=FGG4NQ.0.587 choice=FGG4NQ.0.587.c1 (Mountain)
[00:09:39] [P1-accept] tap land for mana used_for=any
[00:09:39] [P1-accept] submitting interaction iid=FGG4NQ.0.588 choice=FGG4NQ.0.588.c1 (Mountain)
[00:09:39] [P1-accept] tap land for mana used_for=any
[00:09:39] [P1-accept] submitting interaction iid=FGG4NQ.0.589 choice=FGG4NQ.0.589.c1 (Mountain)
[00:09:39] [P1-accept] tap land for mana used_for=any
[00:09:39] [P1-accept] submitting interaction iid=FGG4NQ.0.590 choice=FGG4NQ.0.590.c1 (Mountain)
[00:09:40] [P1-accept] tap land for mana used_for=any
[00:09:40] [P1-accept] submitting interaction iid=FGG4NQ.0.591 choice=FGG4NQ.0.591.c1 (Mountain)
[00:09:40] [P1-accept] tap land for mana used_for=any
[00:09:40] [P1-accept] submitting interaction iid=FGG4NQ.0.592 choice=FGG4NQ.0.592.c1 (Mountain)
[00:09:40] [P1-accept] tap land for mana used_for=any
[00:09:40] [P1-accept] submitting interaction iid=FGG4NQ.0.593 choice=FGG4NQ.0.593.c1 (Mountain)
[00:09:41] [P1-accept] playing land mountain
[00:09:41] [P1-accept] tap land for mana used_for=any
[00:09:41] [P1-accept] submitting interaction iid=FGG4NQ.0.599 choice=FGG4NQ.0.599.c1 (Mountain)
[00:09:44] [P0-accept] playing land plains
[00:09:44] [P0-accept] answering target selection: Ardenn
[00:09:45] [P0-accept] answering Ardenn 'you may': ACCEPT (true)
[00:09:45] [P0-accept] submitting interaction iid=FGG4NQ.0.620 choice=FGG4NQ.0.620.c1 (true)
[00:09:45] [P0-accept] attachment prompt spec: type=select min=None max=None candidates=3
[00:09:45] [P0-accept] submitting attachment choice: 3 candidate(s)
[00:09:46] [P1-accept] tap land for mana used_for=any
[00:09:46] [P1-accept] submitting interaction iid=FGG4NQ.0.631 choice=FGG4NQ.0.631.c1 (Mountain)
[00:09:47] [P1-accept] tap land for mana used_for=any
[00:09:47] [P1-accept] submitting interaction iid=FGG4NQ.0.632 choice=FGG4NQ.0.632.c1 (Mountain)
[00:09:47] [P1-accept] tap land for mana used_for=any
[00:09:47] [P1-accept] submitting interaction iid=FGG4NQ.0.633 choice=FGG4NQ.0.633.c1 (Mountain)
[00:09:47] [P1-accept] tap land for mana used_for=any
[00:09:47] [P1-accept] submitting interaction iid=FGG4NQ.0.634 choice=FGG4NQ.0.634.c1 (Mountain)
[00:09:47] [P1-accept] tap land for mana used_for=any
[00:09:47] [P1-accept] submitting interaction iid=FGG4NQ.0.635 choice=FGG4NQ.0.635.c1 (Mountain)
[00:09:47] [P1-accept] tap land for mana used_for=any
[00:09:47] [P1-accept] submitting interaction iid=FGG4NQ.0.636 choice=FGG4NQ.0.636.c1 (Mountain)
[00:09:47] [P1-accept] tap land for mana used_for=any
[00:09:47] [P1-accept] submitting interaction iid=FGG4NQ.0.637 choice=FGG4NQ.0.637.c1 (Mountain)
[00:09:48] [P1-accept] tap land for mana used_for=any
[00:09:48] [P1-accept] submitting interaction iid=FGG4NQ.0.640 choice=FGG4NQ.0.640.c1 (Mountain)
[00:09:48] [P1-accept] tap land for mana used_for=any
[00:09:48] [P1-accept] submitting interaction iid=FGG4NQ.0.641 choice=FGG4NQ.0.641.c1 (Mountain)
[00:09:48] [P1-accept] tap land for mana used_for=any
[00:09:48] [P1-accept] submitting interaction iid=FGG4NQ.0.642 choice=FGG4NQ.0.642.c1 (Mountain)
[00:09:48] [P1-accept] tap land for mana used_for=any
[00:09:48] [P1-accept] submitting interaction iid=FGG4NQ.0.643 choice=FGG4NQ.0.643.c1 (Mountain)
[00:09:49] [P1-accept] tap land for mana used_for=any
[00:09:49] [P1-accept] submitting interaction iid=FGG4NQ.0.644 choice=FGG4NQ.0.644.c1 (Mountain)
[00:09:49] [P1-accept] tap land for mana used_for=any
[00:09:49] [P1-accept] submitting interaction iid=FGG4NQ.0.645 choice=FGG4NQ.0.645.c1 (Mountain)
[00:09:49] [P1-accept] tap land for mana used_for=any
[00:09:49] [P1-accept] submitting interaction iid=FGG4NQ.0.646 choice=FGG4NQ.0.646.c1 (Mountain)
[00:09:50] [P1-accept] playing land mountain
[00:09:50] [P1-accept] tap land for mana used_for=any
[00:09:50] [P1-accept] submitting interaction iid=FGG4NQ.0.650 choice=FGG4NQ.0.650.c1 (Mountain)
[00:09:53] [P0-accept] answering target selection: Ardenn
[00:09:53] [P0-accept] answering Ardenn 'you may': ACCEPT (true)
[00:09:54] [P0-accept] submitting interaction iid=FGG4NQ.0.670 choice=FGG4NQ.0.670.c1 (true)
[00:09:54] [P0-accept] attachment prompt spec: type=select min=None max=None candidates=3
[00:09:54] [P0-accept] submitting attachment choice: 3 candidate(s)
[00:09:58] [P0-accept] discarding to hand size via vi (select)
[00:09:58] [P1-accept] tap land for mana used_for=any
[00:09:58] [P1-accept] submitting interaction iid=FGG4NQ.0.682 choice=FGG4NQ.0.682.c1 (Mountain)
[00:09:58] [P1-accept] tap land for mana used_for=any
[00:09:58] [P1-accept] submitting interaction iid=FGG4NQ.0.683 choice=FGG4NQ.0.683.c1 (Mountain)
[00:09:58] [P1-accept] tap land for mana used_for=any
[00:09:58] [P1-accept] submitting interaction iid=FGG4NQ.0.684 choice=FGG4NQ.0.684.c1 (Mountain)
[00:09:58] [P1-accept] tap land for mana used_for=any
[00:09:58] [P1-accept] submitting interaction iid=FGG4NQ.0.685 choice=FGG4NQ.0.685.c1 (Mountain)
[00:09:59] [P1-accept] tap land for mana used_for=any
[00:09:59] [P1-accept] submitting interaction iid=FGG4NQ.0.686 choice=FGG4NQ.0.686.c1 (Mountain)
[00:09:59] [P1-accept] tap land for mana used_for=any
[00:09:59] [P1-accept] submitting interaction iid=FGG4NQ.0.687 choice=FGG4NQ.0.687.c1 (Mountain)
[00:09:59] [P1-accept] tap land for mana used_for=any
[00:09:59] [P1-accept] submitting interaction iid=FGG4NQ.0.688 choice=FGG4NQ.0.688.c1 (Mountain)
[00:09:59] [P1-accept] tap land for mana used_for=any
[00:09:59] [P1-accept] submitting interaction iid=FGG4NQ.0.689 choice=FGG4NQ.0.689.c1 (Mountain)
[00:09:59] [P1-accept] tap land for mana used_for=any
[00:09:59] [P1-accept] submitting interaction iid=FGG4NQ.0.690 choice=FGG4NQ.0.690.c1 (Mountain)
[00:09:59] [P1-accept] tap land for mana used_for=any
[00:09:59] [P1-accept] submitting interaction iid=FGG4NQ.0.691 choice=FGG4NQ.0.691.c1 (Mountain)
[00:10:00] [P1-accept] tap land for mana used_for=any
[00:10:00] [P1-accept] submitting interaction iid=FGG4NQ.0.692 choice=FGG4NQ.0.692.c1 (Mountain)
[00:10:00] [P1-accept] tap land for mana used_for=any
[00:10:00] [P1-accept] submitting interaction iid=FGG4NQ.0.693 choice=FGG4NQ.0.693.c1 (Mountain)
[00:10:00] [P1-accept] tap land for mana used_for=any
[00:10:00] [P1-accept] submitting interaction iid=FGG4NQ.0.694 choice=FGG4NQ.0.694.c1 (Mountain)
[00:10:00] [P1-accept] tap land for mana used_for=any
[00:10:00] [P1-accept] submitting interaction iid=FGG4NQ.0.695 choice=FGG4NQ.0.695.c1 (Mountain)
[00:10:00] [P1-accept] tap land for mana used_for=any
[00:10:00] [P1-accept] submitting interaction iid=FGG4NQ.0.696 choice=FGG4NQ.0.696.c1 (Mountain)
[00:10:01] [P1-accept] playing land mountain
[00:10:01] [P1-accept] tap land for mana used_for=any
[00:10:01] [P1-accept] submitting interaction iid=FGG4NQ.0.702 choice=FGG4NQ.0.702.c1 (Mountain)
[00:10:05] [P0-accept] answering target selection: Ardenn
[00:10:05] [P0-accept] answering Ardenn 'you may': ACCEPT (true)
[00:10:05] [P0-accept] submitting interaction iid=FGG4NQ.0.722 choice=FGG4NQ.0.722.c1 (true)
[00:10:05] [P0-accept] attachment prompt spec: type=select min=None max=None candidates=3
[00:10:05] [P0-accept] submitting attachment choice: 3 candidate(s)
[00:10:07] [P0-accept] discarding to hand size via vi (select)
[00:10:07] [P1-accept] tap land for mana used_for=any
[00:10:07] [P1-accept] submitting interaction iid=FGG4NQ.0.734 choice=FGG4NQ.0.734.c1 (Mountain)
[00:10:07] [P1-accept] tap land for mana used_for=any
[00:10:07] [P1-accept] submitting interaction iid=FGG4NQ.0.735 choice=FGG4NQ.0.735.c1 (Mountain)
[00:10:08] [P1-accept] tap land for mana used_for=any
[00:10:08] [P1-accept] submitting interaction iid=FGG4NQ.0.736 choice=FGG4NQ.0.736.c1 (Mountain)
[00:10:08] [P1-accept] tap land for mana used_for=any
[00:10:08] [P1-accept] submitting interaction iid=FGG4NQ.0.738 choice=FGG4NQ.0.738.c1 (Mountain)
[00:10:09] [P1-accept] tap land for mana used_for=any
[00:10:09] [P1-accept] submitting interaction iid=FGG4NQ.0.741 choice=FGG4NQ.0.741.c9 (Mountain)
[00:10:09] [P1-accept] playing land mountain
[00:10:09] [P1-accept] tap land for mana used_for=any
[00:10:09] [P1-accept] submitting interaction iid=FGG4NQ.0.742 choice=FGG4NQ.0.742.c9 (Mountain)
[00:10:09] [P1-accept] tap land for mana used_for=any
[00:10:09] [P1-accept] submitting interaction iid=FGG4NQ.0.743 choice=FGG4NQ.0.743.c1 (Mountain)
[00:10:09] [P1-accept] tap land for mana used_for=any
[00:10:09] [P1-accept] submitting interaction iid=FGG4NQ.0.744 choice=FGG4NQ.0.744.c1 (Mountain)
[00:10:10] [P1-accept] tap land for mana used_for=any
[00:10:10] [P1-accept] submitting interaction iid=FGG4NQ.0.745 choice=FGG4NQ.0.745.c1 (Mountain)
[00:10:10] [P1-accept] tap land for mana used_for=any
[00:10:10] [P1-accept] submitting interaction iid=FGG4NQ.0.746 choice=FGG4NQ.0.746.c1 (Mountain)
[00:10:10] [P1-accept] tap land for mana used_for=any
[00:10:10] [P1-accept] submitting interaction iid=FGG4NQ.0.747 choice=FGG4NQ.0.747.c1 (Mountain)
[00:10:10] [P1-accept] tap land for mana used_for=any
[00:10:10] [P1-accept] submitting interaction iid=FGG4NQ.0.748 choice=FGG4NQ.0.748.c1 (Mountain)
[00:10:10] [P1-accept] tap land for mana used_for=any
[00:10:10] [P1-accept] submitting interaction iid=FGG4NQ.0.749 choice=FGG4NQ.0.749.c1 (Mountain)
[00:10:10] [P1-accept] tap land for mana used_for=any
[00:10:10] [P1-accept] submitting interaction iid=FGG4NQ.0.750 choice=FGG4NQ.0.750.c1 (Mountain)
[00:10:10] [P1-accept] tap land for mana used_for=any
[00:10:10] [P1-accept] submitting interaction iid=FGG4NQ.0.751 choice=FGG4NQ.0.751.c1 (Mountain)
[00:10:11] [P1-accept] tap land for mana used_for=any
[00:10:11] [P1-accept] submitting interaction iid=FGG4NQ.0.752 choice=FGG4NQ.0.752.c1 (Mountain)
[00:10:11] [P1-accept] tap land for mana used_for=any
[00:10:11] [P1-accept] submitting interaction iid=FGG4NQ.0.753 choice=FGG4NQ.0.753.c1 (Mountain)
[00:10:11] [P1-accept] tap land for mana used_for=any
[00:10:11] [P1-accept] submitting interaction iid=FGG4NQ.0.754 choice=FGG4NQ.0.754.c1 (Mountain)
[00:10:11] [P1-accept] tap land for mana used_for=any
[00:10:11] [P1-accept] submitting interaction iid=FGG4NQ.0.755 choice=FGG4NQ.0.755.c1 (Mountain)
[00:10:14] [P0-accept] answering target selection: Ardenn
[00:10:14] [P0-accept] answering Ardenn 'you may': ACCEPT (true)
[00:10:14] [P0-accept] submitting interaction iid=FGG4NQ.0.775 choice=FGG4NQ.0.775.c1 (true)
[00:10:15] [P0-accept] attachment prompt spec: type=select min=None max=None candidates=3
[00:10:15] [P0-accept] submitting attachment choice: 3 candidate(s)
[00:10:16] [P0-accept] discarding to hand size via vi (select)
[00:10:17] [P1-accept] tap land for mana used_for=any
[00:10:17] [P1-accept] submitting interaction iid=FGG4NQ.0.787 choice=FGG4NQ.0.787.c1 (Mountain)
[00:10:17] [P1-accept] tap land for mana used_for=any
[00:10:17] [P1-accept] submitting interaction iid=FGG4NQ.0.788 choice=FGG4NQ.0.788.c1 (Mountain)
[00:10:17] [P1-accept] tap land for mana used_for=any
[00:10:17] [P1-accept] submitting interaction iid=FGG4NQ.0.789 choice=FGG4NQ.0.789.c1 (Mountain)
[00:10:17] [P1-accept] tap land for mana used_for=any
[00:10:17] [P1-accept] submitting interaction iid=FGG4NQ.0.790 choice=FGG4NQ.0.790.c1 (Mountain)
[00:10:17] [P1-accept] tap land for mana used_for=any
[00:10:17] [P1-accept] submitting interaction iid=FGG4NQ.0.791 choice=FGG4NQ.0.791.c1 (Mountain)
[00:10:17] [P1-accept] tap land for mana used_for=any
[00:10:17] [P1-accept] submitting interaction iid=FGG4NQ.0.792 choice=FGG4NQ.0.792.c1 (Mountain)
[00:10:17] [P1-accept] tap land for mana used_for=any
[00:10:17] [P1-accept] submitting interaction iid=FGG4NQ.0.793 choice=FGG4NQ.0.793.c1 (Mountain)
[00:10:18] [P1-accept] tap land for mana used_for=any
[00:10:18] [P1-accept] submitting interaction iid=FGG4NQ.0.794 choice=FGG4NQ.0.794.c1 (Mountain)
[00:10:18] [P1-accept] tap land for mana used_for=any
[00:10:18] [P1-accept] submitting interaction iid=FGG4NQ.0.795 choice=FGG4NQ.0.795.c1 (Mountain)
[00:10:18] [P1-accept] tap land for mana used_for=any
[00:10:18] [P1-accept] submitting interaction iid=FGG4NQ.0.796 choice=FGG4NQ.0.796.c1 (Mountain)
[00:10:18] [P1-accept] tap land for mana used_for=any
[00:10:18] [P1-accept] submitting interaction iid=FGG4NQ.0.797 choice=FGG4NQ.0.797.c1 (Mountain)
[00:10:19] [P1-accept] tap land for mana used_for=any
[00:10:19] [P1-accept] submitting interaction iid=FGG4NQ.0.800 choice=FGG4NQ.0.800.c1 (Mountain)
[00:10:19] [P1-accept] tap land for mana used_for=any
[00:10:19] [P1-accept] submitting interaction iid=FGG4NQ.0.801 choice=FGG4NQ.0.801.c1 (Mountain)
[00:10:19] [P1-accept] tap land for mana used_for=any
[00:10:19] [P1-accept] submitting interaction iid=FGG4NQ.0.802 choice=FGG4NQ.0.802.c1 (Mountain)
[00:10:19] [P1-accept] tap land for mana used_for=any
[00:10:19] [P1-accept] submitting interaction iid=FGG4NQ.0.803 choice=FGG4NQ.0.803.c1 (Mountain)
[00:10:19] [P1-accept] tap land for mana used_for=any
[00:10:19] [P1-accept] submitting interaction iid=FGG4NQ.0.804 choice=FGG4NQ.0.804.c1 (Mountain)
[00:10:19] [P1-accept] tap land for mana used_for=any
[00:10:19] [P1-accept] submitting interaction iid=FGG4NQ.0.805 choice=FGG4NQ.0.805.c1 (Mountain)
[00:10:20] [P1-accept] playing land mountain
[00:10:20] [P1-accept] tap land for mana used_for=any
[00:10:20] [P1-accept] submitting interaction iid=FGG4NQ.0.809 choice=FGG4NQ.0.809.c1 (Mountain)
[00:10:24] [P0-accept] answering target selection: Ardenn
[00:10:24] [P0-accept] answering Ardenn 'you may': ACCEPT (true)
[00:10:24] [P0-accept] submitting interaction iid=FGG4NQ.0.829 choice=FGG4NQ.0.829.c1 (true)
[00:10:25] [P0-accept] attachment prompt spec: type=select min=None max=None candidates=3
[00:10:25] [P0-accept] submitting attachment choice: 3 candidate(s)
[00:10:27] [P0-accept] discarding to hand size via vi (select)
[00:10:27] [P1-accept] tap land for mana used_for=any
[00:10:27] [P1-accept] submitting interaction iid=FGG4NQ.0.841 choice=FGG4NQ.0.841.c1 (Mountain)
[00:10:27] [P1-accept] tap land for mana used_for=any
[00:10:27] [P1-accept] submitting interaction iid=FGG4NQ.0.842 choice=FGG4NQ.0.842.c1 (Mountain)
[00:10:27] [P1-accept] tap land for mana used_for=any
[00:10:27] [P1-accept] submitting interaction iid=FGG4NQ.0.843 choice=FGG4NQ.0.843.c1 (Mountain)
[00:10:27] [P1-accept] tap land for mana used_for=any
[00:10:27] [P1-accept] submitting interaction iid=FGG4NQ.0.844 choice=FGG4NQ.0.844.c1 (Mountain)
[00:10:27] [P1-accept] tap land for mana used_for=any
[00:10:27] [P1-accept] submitting interaction iid=FGG4NQ.0.845 choice=FGG4NQ.0.845.c1 (Mountain)
[00:10:28] [P1-accept] tap land for mana used_for=any
[00:10:28] [P1-accept] submitting interaction iid=FGG4NQ.0.846 choice=FGG4NQ.0.846.c1 (Mountain)
[00:10:28] [P1-accept] tap land for mana used_for=any
[00:10:28] [P1-accept] submitting interaction iid=FGG4NQ.0.848 choice=FGG4NQ.0.848.c1 (Mountain)
[00:10:28] [P1-accept] tap land for mana used_for=any
[00:10:28] [P1-accept] submitting interaction iid=FGG4NQ.0.849 choice=FGG4NQ.0.849.c1 (Mountain)
[00:10:28] [P1-accept] tap land for mana used_for=any
[00:10:28] [P1-accept] submitting interaction iid=FGG4NQ.0.850 choice=FGG4NQ.0.850.c1 (Mountain)
[00:10:31] [P1-accept] tap land for mana used_for=any
[00:10:31] [P1-accept] submitting interaction iid=FGG4NQ.0.851 choice=FGG4NQ.0.851.c1 (Mountain)
[00:10:31] [P1-accept] tap land for mana used_for=any
[00:10:31] [P1-accept] submitting interaction iid=FGG4NQ.0.852 choice=FGG4NQ.0.852.c1 (Mountain)
[00:10:31] [P1-accept] tap land for mana used_for=any
[00:10:31] [P1-accept] submitting interaction iid=FGG4NQ.0.853 choice=FGG4NQ.0.853.c1 (Mountain)
[00:10:31] [P1-accept] tap land for mana used_for=any
[00:10:31] [P1-accept] submitting interaction iid=FGG4NQ.0.854 choice=FGG4NQ.0.854.c1 (Mountain)
[00:10:31] [P1-accept] tap land for mana used_for=any
[00:10:31] [P1-accept] submitting interaction iid=FGG4NQ.0.855 choice=FGG4NQ.0.855.c1 (Mountain)
[00:10:31] [P1-accept] tap land for mana used_for=any
[00:10:31] [P1-accept] submitting interaction iid=FGG4NQ.0.856 choice=FGG4NQ.0.856.c1 (Mountain)
[00:10:31] [P1-accept] tap land for mana used_for=any
[00:10:31] [P1-accept] submitting interaction iid=FGG4NQ.0.857 choice=FGG4NQ.0.857.c1 (Mountain)
[00:10:32] [P1-accept] tap land for mana used_for=any
[00:10:32] [P1-accept] submitting interaction iid=FGG4NQ.0.858 choice=FGG4NQ.0.858.c1 (Mountain)
[00:10:32] [P1-accept] tap land for mana used_for=any
[00:10:32] [P1-accept] submitting interaction iid=FGG4NQ.0.859 choice=FGG4NQ.0.859.c1 (Mountain)
[00:10:32] [P1-accept] tap land for mana used_for=any
[00:10:32] [P1-accept] submitting interaction iid=FGG4NQ.0.860 choice=FGG4NQ.0.860.c1 (Mountain)
[00:10:33] [P1-accept] playing land mountain
[00:10:33] [P1-accept] tap land for mana used_for=any
[00:10:33] [P1-accept] submitting interaction iid=FGG4NQ.0.864 choice=FGG4NQ.0.864.c1 (Mountain)
[00:10:34] [P0-accept] post.json captured; game complete
[00:10:34] [accept] assertions: A1_setup_ok=passed; A2_trigger_fired=passed; A3_may_answered=passed; A4_attach_spec=passed; A5_outcome=passed; A6_cleanup=passed
[00:10:34] [decline] game created code=S7VY42
[00:10:35] [P1-decline] keeping 7-card hand (dummy seat)
[00:10:35] [P0-decline] mulligan #1 (no Ardenn in 7-card hand)
[00:10:35] [P0-decline] keeping 7-card hand (Ardenn found)
[00:10:35] [P0-decline] bottoming ['plains'] via vi
[00:10:36] [P1-decline] playing land mountain
[00:10:36] [P1-decline] tap land for mana used_for=any
[00:10:36] [P1-decline] submitting interaction iid=S7VY42.0.9 choice=S7VY42.0.9.c1 (Mountain)
[00:10:38] [P0-decline] playing land plains
[00:10:40] [P1-decline] tap land for mana used_for=any
[00:10:40] [P1-decline] submitting interaction iid=S7VY42.0.35 choice=S7VY42.0.35.c1 (Mountain)
[00:10:41] [P1-decline] playing land mountain
[00:10:41] [P1-decline] tap land for mana used_for=any
[00:10:41] [P1-decline] submitting interaction iid=S7VY42.0.41 choice=S7VY42.0.41.c1 (Mountain)
[00:10:43] [P0-decline] playing land plains
[00:10:45] [P1-decline] tap land for mana used_for=any
[00:10:45] [P1-decline] submitting interaction iid=S7VY42.0.67 choice=S7VY42.0.67.c1 (Mountain)
[00:10:45] [P1-decline] tap land for mana used_for=any
[00:10:45] [P1-decline] submitting interaction iid=S7VY42.0.68 choice=S7VY42.0.68.c1 (Mountain)
[00:10:46] [P1-decline] playing land mountain
[00:10:46] [P1-decline] tap land for mana used_for=any
[00:10:46] [P1-decline] submitting interaction iid=S7VY42.0.74 choice=S7VY42.0.74.c1 (Mountain)
[00:10:49] [P0-decline] playing land plains
[00:10:49] [P0-decline] casting ardenn, intrepid archaeologist (oid 19)
[00:10:50] [P0-decline] answering target selection: Ardenn
[00:10:50] [P0-decline] Ardenn trigger observed (may prompt)
[00:10:50] [P0-decline] answering Ardenn 'you may': DECLINE (false)
[00:10:50] [P0-decline] submitting interaction iid=S7VY42.0.98 choice=S7VY42.0.98.c0 (false)
[00:10:52] [P1-decline] tap land for mana used_for=any
[00:10:52] [P1-decline] submitting interaction iid=S7VY42.0.107 choice=S7VY42.0.107.c1 (Mountain)
[00:10:52] [P1-decline] tap land for mana used_for=any
[00:10:52] [P1-decline] submitting interaction iid=S7VY42.0.108 choice=S7VY42.0.108.c1 (Mountain)
[00:10:52] [P1-decline] tap land for mana used_for=any
[00:10:52] [P1-decline] submitting interaction iid=S7VY42.0.109 choice=S7VY42.0.109.c1 (Mountain)
[00:10:53] [P1-decline] playing land mountain
[00:10:53] [P1-decline] tap land for mana used_for=any
[00:10:53] [P1-decline] submitting interaction iid=S7VY42.0.115 choice=S7VY42.0.115.c1 (Mountain)
[00:10:55] [P0-decline] tap land for mana used_for=W
[00:10:55] [P0-decline] submitting interaction iid=S7VY42.0.126 choice=S7VY42.0.126.c1 (Plains)
[00:10:55] [P0-decline] tap land for mana used_for=generic
[00:10:55] [P0-decline] submitting interaction iid=S7VY42.0.127 choice=S7VY42.0.127.c1 (Plains)
[00:10:55] [P0-decline] tap land for mana used_for=generic
[00:10:55] [P0-decline] submitting interaction iid=S7VY42.0.128 choice=S7VY42.0.128.c1 (Plains)
[00:10:56] [P0-decline] playing land plains
[00:10:56] [P0-decline] casting holy strength (oid 14)
[00:10:57] [P0-decline] answering target selection: Ardenn
[00:10:57] [P0-decline] answering Ardenn 'you may': DECLINE (false)
[00:10:57] [P0-decline] submitting interaction iid=S7VY42.0.142 choice=S7VY42.0.142.c0 (false)
[00:10:59] [P1-decline] tap land for mana used_for=any
[00:10:59] [P1-decline] submitting interaction iid=S7VY42.0.152 choice=S7VY42.0.152.c1 (Mountain)
[00:10:59] [P1-decline] tap land for mana used_for=any
[00:10:59] [P1-decline] submitting interaction iid=S7VY42.0.153 choice=S7VY42.0.153.c1 (Mountain)
[00:10:59] [P1-decline] tap land for mana used_for=any
[00:10:59] [P1-decline] submitting interaction iid=S7VY42.0.154 choice=S7VY42.0.154.c1 (Mountain)
[00:10:59] [P1-decline] tap land for mana used_for=any
[00:10:59] [P1-decline] submitting interaction iid=S7VY42.0.155 choice=S7VY42.0.155.c1 (Mountain)
[00:11:00] [P1-decline] playing land mountain
[00:11:01] [P1-decline] tap land for mana used_for=any
[00:11:01] [P1-decline] submitting interaction iid=S7VY42.0.161 choice=S7VY42.0.161.c1 (Mountain)
[00:11:02] [P0-decline] tap land for mana used_for=W
[00:11:02] [P0-decline] submitting interaction iid=S7VY42.0.172 choice=S7VY42.0.172.c1 (Plains)
[00:11:03] [P0-decline] casting colossus hammer (oid 39)
[00:11:03] [P0-decline] tap land for mana used_for=generic
[00:11:03] [P0-decline] submitting interaction iid=S7VY42.0.178 choice=S7VY42.0.178.c1 (Plains)
[00:11:04] [P0-decline] answering target selection: Ardenn
[00:11:04] [P0-decline] answering Ardenn 'you may': DECLINE (false)
[00:11:04] [P0-decline] submitting interaction iid=S7VY42.0.186 choice=S7VY42.0.186.c0 (false)
[00:11:06] [P1-decline] tap land for mana used_for=any
[00:11:06] [P1-decline] submitting interaction iid=S7VY42.0.196 choice=S7VY42.0.196.c1 (Mountain)
[00:11:06] [P1-decline] tap land for mana used_for=any
[00:11:06] [P1-decline] submitting interaction iid=S7VY42.0.197 choice=S7VY42.0.197.c1 (Mountain)
[00:11:06] [P1-decline] tap land for mana used_for=any
[00:11:06] [P1-decline] submitting interaction iid=S7VY42.0.198 choice=S7VY42.0.198.c1 (Mountain)
[00:11:06] [P1-decline] tap land for mana used_for=any
[00:11:06] [P1-decline] submitting interaction iid=S7VY42.0.199 choice=S7VY42.0.199.c1 (Mountain)
[00:11:06] [P1-decline] tap land for mana used_for=any
[00:11:06] [P1-decline] submitting interaction iid=S7VY42.0.200 choice=S7VY42.0.200.c1 (Mountain)
[00:11:07] [P1-decline] playing land mountain
[00:11:08] [P1-decline] tap land for mana used_for=any
[00:11:08] [P1-decline] submitting interaction iid=S7VY42.0.206 choice=S7VY42.0.206.c1 (Mountain)
[00:11:10] [P0-decline] playing land plains
[00:11:10] [P0-decline] answering target selection: Ardenn
[00:11:11] [P0-decline] answering Ardenn 'you may': DECLINE (false)
[00:11:11] [P0-decline] submitting interaction iid=S7VY42.0.227 choice=S7VY42.0.227.c0 (false)
[00:11:12] [P1-decline] tap land for mana used_for=any
[00:11:12] [P1-decline] submitting interaction iid=S7VY42.0.237 choice=S7VY42.0.237.c1 (Mountain)
[00:11:12] [P1-decline] tap land for mana used_for=any
[00:11:12] [P1-decline] submitting interaction iid=S7VY42.0.238 choice=S7VY42.0.238.c1 (Mountain)
[00:11:13] [P1-decline] tap land for mana used_for=any
[00:11:13] [P1-decline] submitting interaction iid=S7VY42.0.239 choice=S7VY42.0.239.c1 (Mountain)
[00:11:13] [P1-decline] tap land for mana used_for=any
[00:11:13] [P1-decline] submitting interaction iid=S7VY42.0.240 choice=S7VY42.0.240.c1 (Mountain)
[00:11:13] [P1-decline] tap land for mana used_for=any
[00:11:13] [P1-decline] submitting interaction iid=S7VY42.0.241 choice=S7VY42.0.241.c1 (Mountain)
[00:11:13] [P1-decline] tap land for mana used_for=any
[00:11:13] [P1-decline] submitting interaction iid=S7VY42.0.242 choice=S7VY42.0.242.c1 (Mountain)
[00:11:14] [P1-decline] playing land mountain
[00:11:14] [P1-decline] tap land for mana used_for=any
[00:11:14] [P1-decline] submitting interaction iid=S7VY42.0.248 choice=S7VY42.0.248.c1 (Mountain)
[00:11:19] [P0-decline] playing land plains
[00:11:20] [P0-decline] answering target selection: Ardenn
[00:11:20] [P0-decline] answering Ardenn 'you may': DECLINE (false)
[00:11:20] [P0-decline] submitting interaction iid=S7VY42.0.269 choice=S7VY42.0.269.c0 (false)
[00:11:22] [P1-decline] tap land for mana used_for=any
[00:11:22] [P1-decline] submitting interaction iid=S7VY42.0.279 choice=S7VY42.0.279.c1 (Mountain)
[00:11:22] [P1-decline] tap land for mana used_for=any
[00:11:22] [P1-decline] submitting interaction iid=S7VY42.0.280 choice=S7VY42.0.280.c1 (Mountain)
[00:11:22] [P1-decline] tap land for mana used_for=any
[00:11:22] [P1-decline] submitting interaction iid=S7VY42.0.281 choice=S7VY42.0.281.c1 (Mountain)
[00:11:22] [P1-decline] tap land for mana used_for=any
[00:11:22] [P1-decline] submitting interaction iid=S7VY42.0.282 choice=S7VY42.0.282.c1 (Mountain)
[00:11:22] [P1-decline] tap land for mana used_for=any
[00:11:22] [P1-decline] submitting interaction iid=S7VY42.0.283 choice=S7VY42.0.283.c1 (Mountain)
[00:11:22] [P1-decline] tap land for mana used_for=any
[00:11:22] [P1-decline] submitting interaction iid=S7VY42.0.284 choice=S7VY42.0.284.c1 (Mountain)
[00:11:22] [P1-decline] tap land for mana used_for=any
[00:11:22] [P1-decline] submitting interaction iid=S7VY42.0.285 choice=S7VY42.0.285.c1 (Mountain)
[00:11:23] [P1-decline] playing land mountain
[00:11:24] [P1-decline] tap land for mana used_for=any
[00:11:24] [P1-decline] submitting interaction iid=S7VY42.0.291 choice=S7VY42.0.291.c1 (Mountain)
[00:11:26] [P0-decline] playing land plains
[00:11:26] [P0-decline] answering target selection: Ardenn
[00:11:27] [P0-decline] answering Ardenn 'you may': DECLINE (false)
[00:11:27] [P0-decline] submitting interaction iid=S7VY42.0.312 choice=S7VY42.0.312.c0 (false)
[00:11:28] [P1-decline] tap land for mana used_for=any
[00:11:28] [P1-decline] submitting interaction iid=S7VY42.0.322 choice=S7VY42.0.322.c1 (Mountain)
[00:11:29] [P1-decline] tap land for mana used_for=any
[00:11:29] [P1-decline] submitting interaction iid=S7VY42.0.323 choice=S7VY42.0.323.c1 (Mountain)
[00:11:29] [P1-decline] tap land for mana used_for=any
[00:11:29] [P1-decline] submitting interaction iid=S7VY42.0.324 choice=S7VY42.0.324.c1 (Mountain)
[00:11:29] [P1-decline] tap land for mana used_for=any
[00:11:29] [P1-decline] submitting interaction iid=S7VY42.0.325 choice=S7VY42.0.325.c1 (Mountain)
[00:11:29] [P1-decline] tap land for mana used_for=any
[00:11:29] [P1-decline] submitting interaction iid=S7VY42.0.326 choice=S7VY42.0.326.c1 (Mountain)
[00:11:29] [P1-decline] tap land for mana used_for=any
[00:11:29] [P1-decline] submitting interaction iid=S7VY42.0.327 choice=S7VY42.0.327.c1 (Mountain)
[00:11:29] [P1-decline] tap land for mana used_for=any
[00:11:29] [P1-decline] submitting interaction iid=S7VY42.0.328 choice=S7VY42.0.328.c1 (Mountain)
[00:11:29] [P1-decline] tap land for mana used_for=any
[00:11:29] [P1-decline] submitting interaction iid=S7VY42.0.329 choice=S7VY42.0.329.c1 (Mountain)
[00:11:30] [P1-decline] playing land mountain
[00:11:31] [P1-decline] tap land for mana used_for=any
[00:11:31] [P1-decline] submitting interaction iid=S7VY42.0.335 choice=S7VY42.0.335.c1 (Mountain)
[00:11:33] [P0-decline] playing land plains
[00:11:33] [P0-decline] answering target selection: Ardenn
[00:11:34] [P0-decline] answering Ardenn 'you may': DECLINE (false)
[00:11:34] [P0-decline] submitting interaction iid=S7VY42.0.356 choice=S7VY42.0.356.c0 (false)
[00:11:35] [P1-decline] tap land for mana used_for=any
[00:11:35] [P1-decline] submitting interaction iid=S7VY42.0.366 choice=S7VY42.0.366.c1 (Mountain)
[00:11:35] [P1-decline] tap land for mana used_for=any
[00:11:35] [P1-decline] submitting interaction iid=S7VY42.0.367 choice=S7VY42.0.367.c1 (Mountain)
[00:11:36] [P1-decline] tap land for mana used_for=any
[00:11:36] [P1-decline] submitting interaction iid=S7VY42.0.368 choice=S7VY42.0.368.c1 (Mountain)
[00:11:36] [P1-decline] tap land for mana used_for=any
[00:11:36] [P1-decline] submitting interaction iid=S7VY42.0.369 choice=S7VY42.0.369.c1 (Mountain)
[00:11:36] [P1-decline] tap land for mana used_for=any
[00:11:36] [P1-decline] submitting interaction iid=S7VY42.0.370 choice=S7VY42.0.370.c1 (Mountain)
[00:11:36] [P1-decline] tap land for mana used_for=any
[00:11:36] [P1-decline] submitting interaction iid=S7VY42.0.371 choice=S7VY42.0.371.c1 (Mountain)
[00:11:36] [P1-decline] tap land for mana used_for=any
[00:11:36] [P1-decline] submitting interaction iid=S7VY42.0.372 choice=S7VY42.0.372.c1 (Mountain)
[00:11:36] [P1-decline] tap land for mana used_for=any
[00:11:36] [P1-decline] submitting interaction iid=S7VY42.0.373 choice=S7VY42.0.373.c1 (Mountain)
[00:11:37] [P1-decline] tap land for mana used_for=any
[00:11:37] [P1-decline] submitting interaction iid=S7VY42.0.374 choice=S7VY42.0.374.c1 (Mountain)
[00:11:37] [P1-decline] playing land mountain
[00:11:38] [P1-decline] tap land for mana used_for=any
[00:11:38] [P1-decline] submitting interaction iid=S7VY42.0.380 choice=S7VY42.0.380.c1 (Mountain)
[00:11:42] [P0-decline] playing land plains
[00:11:42] [P0-decline] answering target selection: Ardenn
[00:11:42] [P0-decline] answering Ardenn 'you may': DECLINE (false)
[00:11:42] [P0-decline] submitting interaction iid=S7VY42.0.401 choice=S7VY42.0.401.c0 (false)
[00:11:44] [P1-decline] tap land for mana used_for=any
[00:11:44] [P1-decline] submitting interaction iid=S7VY42.0.411 choice=S7VY42.0.411.c1 (Mountain)
[00:11:44] [P1-decline] tap land for mana used_for=any
[00:11:44] [P1-decline] submitting interaction iid=S7VY42.0.412 choice=S7VY42.0.412.c1 (Mountain)
[00:11:44] [P1-decline] tap land for mana used_for=any
[00:11:44] [P1-decline] submitting interaction iid=S7VY42.0.413 choice=S7VY42.0.413.c1 (Mountain)
[00:11:44] [P1-decline] tap land for mana used_for=any
[00:11:44] [P1-decline] submitting interaction iid=S7VY42.0.414 choice=S7VY42.0.414.c1 (Mountain)
[00:11:45] [P1-decline] tap land for mana used_for=any
[00:11:45] [P1-decline] submitting interaction iid=S7VY42.0.415 choice=S7VY42.0.415.c1 (Mountain)
[00:11:45] [P1-decline] tap land for mana used_for=any
[00:11:45] [P1-decline] submitting interaction iid=S7VY42.0.416 choice=S7VY42.0.416.c1 (Mountain)
[00:11:45] [P1-decline] tap land for mana used_for=any
[00:11:45] [P1-decline] submitting interaction iid=S7VY42.0.417 choice=S7VY42.0.417.c1 (Mountain)
[00:11:45] [P1-decline] tap land for mana used_for=any
[00:11:45] [P1-decline] submitting interaction iid=S7VY42.0.418 choice=S7VY42.0.418.c1 (Mountain)
[00:11:45] [P1-decline] tap land for mana used_for=any
[00:11:45] [P1-decline] submitting interaction iid=S7VY42.0.419 choice=S7VY42.0.419.c1 (Mountain)
[00:11:45] [P1-decline] tap land for mana used_for=any
[00:11:45] [P1-decline] submitting interaction iid=S7VY42.0.420 choice=S7VY42.0.420.c1 (Mountain)
[00:11:46] [P1-decline] playing land mountain
[00:11:46] [P1-decline] tap land for mana used_for=any
[00:11:46] [P1-decline] submitting interaction iid=S7VY42.0.426 choice=S7VY42.0.426.c1 (Mountain)
[00:11:49] [P0-decline] playing land plains
[00:11:49] [P0-decline] answering target selection: Ardenn
[00:11:50] [P0-decline] answering Ardenn 'you may': DECLINE (false)
[00:11:50] [P0-decline] submitting interaction iid=S7VY42.0.447 choice=S7VY42.0.447.c0 (false)
[00:11:51] [P1-decline] tap land for mana used_for=any
[00:11:51] [P1-decline] submitting interaction iid=S7VY42.0.457 choice=S7VY42.0.457.c1 (Mountain)
[00:11:51] [P1-decline] tap land for mana used_for=any
[00:11:51] [P1-decline] submitting interaction iid=S7VY42.0.458 choice=S7VY42.0.458.c1 (Mountain)
[00:11:51] [P1-decline] tap land for mana used_for=any
[00:11:51] [P1-decline] submitting interaction iid=S7VY42.0.459 choice=S7VY42.0.459.c1 (Mountain)
[00:11:52] [P1-decline] tap land for mana used_for=any
[00:11:52] [P1-decline] submitting interaction iid=S7VY42.0.460 choice=S7VY42.0.460.c1 (Mountain)
[00:11:52] [P1-decline] tap land for mana used_for=any
[00:11:52] [P1-decline] submitting interaction iid=S7VY42.0.461 choice=S7VY42.0.461.c1 (Mountain)
[00:11:52] [P1-decline] tap land for mana used_for=any
[00:11:52] [P1-decline] submitting interaction iid=S7VY42.0.462 choice=S7VY42.0.462.c1 (Mountain)
[00:11:52] [P1-decline] tap land for mana used_for=any
[00:11:52] [P1-decline] submitting interaction iid=S7VY42.0.463 choice=S7VY42.0.463.c1 (Mountain)
[00:11:52] [P1-decline] tap land for mana used_for=any
[00:11:52] [P1-decline] submitting interaction iid=S7VY42.0.464 choice=S7VY42.0.464.c1 (Mountain)
[00:11:52] [P1-decline] tap land for mana used_for=any
[00:11:52] [P1-decline] submitting interaction iid=S7VY42.0.465 choice=S7VY42.0.465.c1 (Mountain)
[00:11:53] [P1-decline] tap land for mana used_for=any
[00:11:53] [P1-decline] submitting interaction iid=S7VY42.0.466 choice=S7VY42.0.466.c1 (Mountain)
[00:11:53] [P1-decline] tap land for mana used_for=any
[00:11:53] [P1-decline] submitting interaction iid=S7VY42.0.467 choice=S7VY42.0.467.c1 (Mountain)
[00:11:54] [P1-decline] playing land mountain
[00:11:54] [P1-decline] tap land for mana used_for=any
[00:11:54] [P1-decline] submitting interaction iid=S7VY42.0.473 choice=S7VY42.0.473.c1 (Mountain)
[00:11:56] [P0-decline] casting plate armor (oid 57)
[00:11:56] [P0-decline] tap land for mana used_for=W
[00:11:56] [P0-decline] submitting interaction iid=S7VY42.0.489 choice=S7VY42.0.489.c1 (Plains)
[00:11:56] [P0-decline] tap land for mana used_for=generic
[00:11:56] [P0-decline] submitting interaction iid=S7VY42.0.490 choice=S7VY42.0.490.c1 (Plains)
[00:11:56] [P0-decline] tap land for mana used_for=generic
[00:11:56] [P0-decline] submitting interaction iid=S7VY42.0.491 choice=S7VY42.0.491.c1 (Plains)
[00:11:57] [P0-decline] pre.json captured (turn 24 PreCombatMain)
[00:11:57] [P0-decline] answering target selection: Ardenn
[00:11:58] [P0-decline] answering Ardenn 'you may': DECLINE (false)
[00:11:58] [P0-decline] submitting interaction iid=S7VY42.0.499 choice=S7VY42.0.499.c0 (false)
[00:11:59] [P1-decline] tap land for mana used_for=any
[00:11:59] [P1-decline] submitting interaction iid=S7VY42.0.509 choice=S7VY42.0.509.c1 (Mountain)
[00:12:00] [P1-decline] tap land for mana used_for=any
[00:12:00] [P1-decline] submitting interaction iid=S7VY42.0.510 choice=S7VY42.0.510.c1 (Mountain)
[00:12:00] [P1-decline] tap land for mana used_for=any
[00:12:00] [P1-decline] submitting interaction iid=S7VY42.0.511 choice=S7VY42.0.511.c1 (Mountain)
[00:12:00] [P1-decline] tap land for mana used_for=any
[00:12:00] [P1-decline] submitting interaction iid=S7VY42.0.512 choice=S7VY42.0.512.c1 (Mountain)
[00:12:00] [P1-decline] tap land for mana used_for=any
[00:12:00] [P1-decline] submitting interaction iid=S7VY42.0.513 choice=S7VY42.0.513.c1 (Mountain)
[00:12:00] [P1-decline] tap land for mana used_for=any
[00:12:00] [P1-decline] submitting interaction iid=S7VY42.0.514 choice=S7VY42.0.514.c1 (Mountain)
[00:12:00] [P1-decline] tap land for mana used_for=any
[00:12:00] [P1-decline] submitting interaction iid=S7VY42.0.515 choice=S7VY42.0.515.c1 (Mountain)
[00:12:00] [P1-decline] tap land for mana used_for=any
[00:12:00] [P1-decline] submitting interaction iid=S7VY42.0.516 choice=S7VY42.0.516.c1 (Mountain)
[00:12:01] [P1-decline] tap land for mana used_for=any
[00:12:01] [P1-decline] submitting interaction iid=S7VY42.0.517 choice=S7VY42.0.517.c1 (Mountain)
[00:12:01] [P1-decline] tap land for mana used_for=any
[00:12:01] [P1-decline] submitting interaction iid=S7VY42.0.518 choice=S7VY42.0.518.c1 (Mountain)
[00:12:01] [P1-decline] tap land for mana used_for=any
[00:12:01] [P1-decline] submitting interaction iid=S7VY42.0.519 choice=S7VY42.0.519.c1 (Mountain)
[00:12:01] [P1-decline] tap land for mana used_for=any
[00:12:01] [P1-decline] submitting interaction iid=S7VY42.0.520 choice=S7VY42.0.520.c1 (Mountain)
[00:12:02] [P1-decline] playing land mountain
[00:12:04] [P1-decline] tap land for mana used_for=any
[00:12:04] [P1-decline] submitting interaction iid=S7VY42.0.526 choice=S7VY42.0.526.c1 (Mountain)
[00:12:06] [P0-decline] answering target selection: Ardenn
[00:12:07] [P0-decline] answering Ardenn 'you may': DECLINE (false)
[00:12:07] [P0-decline] submitting interaction iid=S7VY42.0.546 choice=S7VY42.0.546.c0 (false)
[00:12:09] [P1-decline] tap land for mana used_for=any
[00:12:09] [P1-decline] submitting interaction iid=S7VY42.0.556 choice=S7VY42.0.556.c1 (Mountain)
[00:12:09] [P1-decline] tap land for mana used_for=any
[00:12:09] [P1-decline] submitting interaction iid=S7VY42.0.557 choice=S7VY42.0.557.c1 (Mountain)
[00:12:09] [P1-decline] tap land for mana used_for=any
[00:12:09] [P1-decline] submitting interaction iid=S7VY42.0.558 choice=S7VY42.0.558.c1 (Mountain)
[00:12:09] [P1-decline] tap land for mana used_for=any
[00:12:09] [P1-decline] submitting interaction iid=S7VY42.0.559 choice=S7VY42.0.559.c1 (Mountain)
[00:12:09] [P1-decline] tap land for mana used_for=any
[00:12:09] [P1-decline] submitting interaction iid=S7VY42.0.560 choice=S7VY42.0.560.c1 (Mountain)
[00:12:09] [P1-decline] tap land for mana used_for=any
[00:12:09] [P1-decline] submitting interaction iid=S7VY42.0.561 choice=S7VY42.0.561.c1 (Mountain)
[00:12:09] [P1-decline] tap land for mana used_for=any
[00:12:09] [P1-decline] submitting interaction iid=S7VY42.0.562 choice=S7VY42.0.562.c1 (Mountain)
[00:12:10] [P1-decline] tap land for mana used_for=any
[00:12:10] [P1-decline] submitting interaction iid=S7VY42.0.563 choice=S7VY42.0.563.c1 (Mountain)
[00:12:10] [P1-decline] tap land for mana used_for=any
[00:12:10] [P1-decline] submitting interaction iid=S7VY42.0.564 choice=S7VY42.0.564.c1 (Mountain)
[00:12:10] [P1-decline] tap land for mana used_for=any
[00:12:10] [P1-decline] submitting interaction iid=S7VY42.0.565 choice=S7VY42.0.565.c1 (Mountain)
[00:12:10] [P1-decline] tap land for mana used_for=any
[00:12:10] [P1-decline] submitting interaction iid=S7VY42.0.566 choice=S7VY42.0.566.c1 (Mountain)
[00:12:10] [P1-decline] tap land for mana used_for=any
[00:12:10] [P1-decline] submitting interaction iid=S7VY42.0.567 choice=S7VY42.0.567.c1 (Mountain)
[00:12:10] [P1-decline] tap land for mana used_for=any
[00:12:10] [P1-decline] submitting interaction iid=S7VY42.0.568 choice=S7VY42.0.568.c1 (Mountain)
[00:12:11] [P1-decline] playing land mountain
[00:12:11] [P1-decline] tap land for mana used_for=any
[00:12:11] [P1-decline] submitting interaction iid=S7VY42.0.574 choice=S7VY42.0.574.c1 (Mountain)
[00:12:14] [P0-decline] answering target selection: Ardenn
[00:12:15] [P0-decline] answering Ardenn 'you may': DECLINE (false)
[00:12:15] [P0-decline] submitting interaction iid=S7VY42.0.594 choice=S7VY42.0.594.c0 (false)
[00:12:16] [P1-decline] tap land for mana used_for=any
[00:12:16] [P1-decline] submitting interaction iid=S7VY42.0.604 choice=S7VY42.0.604.c1 (Mountain)
[00:12:17] [P1-decline] tap land for mana used_for=any
[00:12:17] [P1-decline] submitting interaction iid=S7VY42.0.605 choice=S7VY42.0.605.c1 (Mountain)
[00:12:17] [P1-decline] tap land for mana used_for=any
[00:12:17] [P1-decline] submitting interaction iid=S7VY42.0.606 choice=S7VY42.0.606.c1 (Mountain)
[00:12:17] [P1-decline] tap land for mana used_for=any
[00:12:17] [P1-decline] submitting interaction iid=S7VY42.0.607 choice=S7VY42.0.607.c1 (Mountain)
[00:12:17] [P1-decline] tap land for mana used_for=any
[00:12:17] [P1-decline] submitting interaction iid=S7VY42.0.608 choice=S7VY42.0.608.c1 (Mountain)
[00:12:17] [P1-decline] tap land for mana used_for=any
[00:12:17] [P1-decline] submitting interaction iid=S7VY42.0.609 choice=S7VY42.0.609.c1 (Mountain)
[00:12:17] [P1-decline] tap land for mana used_for=any
[00:12:17] [P1-decline] submitting interaction iid=S7VY42.0.610 choice=S7VY42.0.610.c1 (Mountain)
[00:12:18] [P1-decline] tap land for mana used_for=any
[00:12:18] [P1-decline] submitting interaction iid=S7VY42.0.611 choice=S7VY42.0.611.c1 (Mountain)
[00:12:18] [P1-decline] tap land for mana used_for=any
[00:12:18] [P1-decline] submitting interaction iid=S7VY42.0.612 choice=S7VY42.0.612.c1 (Mountain)
[00:12:18] [P1-decline] tap land for mana used_for=any
[00:12:18] [P1-decline] submitting interaction iid=S7VY42.0.613 choice=S7VY42.0.613.c1 (Mountain)
[00:12:18] [P1-decline] tap land for mana used_for=any
[00:12:18] [P1-decline] submitting interaction iid=S7VY42.0.614 choice=S7VY42.0.614.c1 (Mountain)
[00:12:18] [P1-decline] tap land for mana used_for=any
[00:12:18] [P1-decline] submitting interaction iid=S7VY42.0.615 choice=S7VY42.0.615.c1 (Mountain)
[00:12:18] [P1-decline] tap land for mana used_for=any
[00:12:18] [P1-decline] submitting interaction iid=S7VY42.0.616 choice=S7VY42.0.616.c1 (Mountain)
[00:12:18] [P1-decline] tap land for mana used_for=any
[00:12:18] [P1-decline] submitting interaction iid=S7VY42.0.617 choice=S7VY42.0.617.c1 (Mountain)
[00:12:19] [P1-decline] playing land mountain
[00:12:20] [P1-decline] tap land for mana used_for=any
[00:12:20] [P1-decline] submitting interaction iid=S7VY42.0.623 choice=S7VY42.0.623.c1 (Mountain)
[00:12:22] [P0-decline] playing land plains
[00:12:24] [P0-decline] answering target selection: Ardenn
[00:12:25] [P0-decline] answering Ardenn 'you may': DECLINE (false)
[00:12:25] [P0-decline] submitting interaction iid=S7VY42.0.644 choice=S7VY42.0.644.c0 (false)
[00:12:27] [P1-decline] tap land for mana used_for=any
[00:12:27] [P1-decline] submitting interaction iid=S7VY42.0.654 choice=S7VY42.0.654.c1 (Mountain)
[00:12:27] [P1-decline] tap land for mana used_for=any
[00:12:27] [P1-decline] submitting interaction iid=S7VY42.0.655 choice=S7VY42.0.655.c1 (Mountain)
[00:12:27] [P1-decline] tap land for mana used_for=any
[00:12:27] [P1-decline] submitting interaction iid=S7VY42.0.656 choice=S7VY42.0.656.c1 (Mountain)
[00:12:27] [P1-decline] tap land for mana used_for=any
[00:12:27] [P1-decline] submitting interaction iid=S7VY42.0.657 choice=S7VY42.0.657.c1 (Mountain)
[00:12:27] [P1-decline] tap land for mana used_for=any
[00:12:27] [P1-decline] submitting interaction iid=S7VY42.0.658 choice=S7VY42.0.658.c1 (Mountain)
[00:12:27] [P1-decline] tap land for mana used_for=any
[00:12:27] [P1-decline] submitting interaction iid=S7VY42.0.659 choice=S7VY42.0.659.c1 (Mountain)
[00:12:28] [P1-decline] tap land for mana used_for=any
[00:12:28] [P1-decline] submitting interaction iid=S7VY42.0.660 choice=S7VY42.0.660.c1 (Mountain)
[00:12:28] [P1-decline] tap land for mana used_for=any
[00:12:28] [P1-decline] submitting interaction iid=S7VY42.0.661 choice=S7VY42.0.661.c1 (Mountain)
[00:12:28] [P1-decline] tap land for mana used_for=any
[00:12:28] [P1-decline] submitting interaction iid=S7VY42.0.662 choice=S7VY42.0.662.c1 (Mountain)
[00:12:28] [P1-decline] tap land for mana used_for=any
[00:12:28] [P1-decline] submitting interaction iid=S7VY42.0.663 choice=S7VY42.0.663.c1 (Mountain)
[00:12:28] [P1-decline] tap land for mana used_for=any
[00:12:28] [P1-decline] submitting interaction iid=S7VY42.0.664 choice=S7VY42.0.664.c1 (Mountain)
[00:12:28] [P1-decline] tap land for mana used_for=any
[00:12:28] [P1-decline] submitting interaction iid=S7VY42.0.665 choice=S7VY42.0.665.c1 (Mountain)
[00:12:28] [P1-decline] tap land for mana used_for=any
[00:12:28] [P1-decline] submitting interaction iid=S7VY42.0.666 choice=S7VY42.0.666.c1 (Mountain)
[00:12:29] [P1-decline] tap land for mana used_for=any
[00:12:29] [P1-decline] submitting interaction iid=S7VY42.0.667 choice=S7VY42.0.667.c1 (Mountain)
[00:12:29] [P1-decline] tap land for mana used_for=any
[00:12:29] [P1-decline] submitting interaction iid=S7VY42.0.668 choice=S7VY42.0.668.c1 (Mountain)
[00:12:30] [P1-decline] playing land mountain
[00:12:30] [P1-decline] tap land for mana used_for=any
[00:12:30] [P1-decline] submitting interaction iid=S7VY42.0.674 choice=S7VY42.0.674.c1 (Mountain)
[00:12:33] [P0-decline] answering target selection: Ardenn
[00:12:33] [P0-decline] answering Ardenn 'you may': DECLINE (false)
[00:12:33] [P0-decline] submitting interaction iid=S7VY42.0.694 choice=S7VY42.0.694.c0 (false)
[00:12:35] [P1-decline] tap land for mana used_for=any
[00:12:35] [P1-decline] submitting interaction iid=S7VY42.0.704 choice=S7VY42.0.704.c1 (Mountain)
[00:12:35] [P1-decline] tap land for mana used_for=any
[00:12:35] [P1-decline] submitting interaction iid=S7VY42.0.705 choice=S7VY42.0.705.c1 (Mountain)
[00:12:35] [P1-decline] tap land for mana used_for=any
[00:12:35] [P1-decline] submitting interaction iid=S7VY42.0.706 choice=S7VY42.0.706.c1 (Mountain)
[00:12:35] [P1-decline] tap land for mana used_for=any
[00:12:35] [P1-decline] submitting interaction iid=S7VY42.0.707 choice=S7VY42.0.707.c1 (Mountain)
[00:12:35] [P1-decline] tap land for mana used_for=any
[00:12:35] [P1-decline] submitting interaction iid=S7VY42.0.708 choice=S7VY42.0.708.c1 (Mountain)
[00:12:35] [P1-decline] tap land for mana used_for=any
[00:12:35] [P1-decline] submitting interaction iid=S7VY42.0.709 choice=S7VY42.0.709.c1 (Mountain)
[00:12:36] [P1-decline] tap land for mana used_for=any
[00:12:36] [P1-decline] submitting interaction iid=S7VY42.0.710 choice=S7VY42.0.710.c1 (Mountain)
[00:12:36] [P1-decline] tap land for mana used_for=any
[00:12:36] [P1-decline] submitting interaction iid=S7VY42.0.711 choice=S7VY42.0.711.c1 (Mountain)
[00:12:36] [P1-decline] tap land for mana used_for=any
[00:12:36] [P1-decline] submitting interaction iid=S7VY42.0.712 choice=S7VY42.0.712.c1 (Mountain)
[00:12:36] [P1-decline] tap land for mana used_for=any
[00:12:36] [P1-decline] submitting interaction iid=S7VY42.0.713 choice=S7VY42.0.713.c1 (Mountain)
[00:12:36] [P1-decline] tap land for mana used_for=any
[00:12:36] [P1-decline] submitting interaction iid=S7VY42.0.714 choice=S7VY42.0.714.c1 (Mountain)
[00:12:36] [P1-decline] tap land for mana used_for=any
[00:12:36] [P1-decline] submitting interaction iid=S7VY42.0.715 choice=S7VY42.0.715.c1 (Mountain)
[00:12:36] [P1-decline] tap land for mana used_for=any
[00:12:36] [P1-decline] submitting interaction iid=S7VY42.0.716 choice=S7VY42.0.716.c1 (Mountain)
[00:12:37] [P1-decline] tap land for mana used_for=any
[00:12:37] [P1-decline] submitting interaction iid=S7VY42.0.717 choice=S7VY42.0.717.c1 (Mountain)
[00:12:37] [P1-decline] tap land for mana used_for=any
[00:12:37] [P1-decline] submitting interaction iid=S7VY42.0.718 choice=S7VY42.0.718.c1 (Mountain)
[00:12:37] [P1-decline] tap land for mana used_for=any
[00:12:37] [P1-decline] submitting interaction iid=S7VY42.0.719 choice=S7VY42.0.719.c1 (Mountain)
[00:12:38] [P1-decline] playing land mountain
[00:12:38] [P1-decline] tap land for mana used_for=any
[00:12:38] [P1-decline] submitting interaction iid=S7VY42.0.725 choice=S7VY42.0.725.c1 (Mountain)
[00:12:40] [P0-decline] playing land plains
[00:12:41] [P0-decline] answering target selection: Ardenn
[00:12:41] [P0-decline] answering Ardenn 'you may': DECLINE (false)
[00:12:41] [P0-decline] submitting interaction iid=S7VY42.0.746 choice=S7VY42.0.746.c0 (false)
[00:12:43] [P1-decline] tap land for mana used_for=any
[00:12:43] [P1-decline] submitting interaction iid=S7VY42.0.756 choice=S7VY42.0.756.c1 (Mountain)
[00:12:43] [P1-decline] tap land for mana used_for=any
[00:12:43] [P1-decline] submitting interaction iid=S7VY42.0.757 choice=S7VY42.0.757.c1 (Mountain)
[00:12:43] [P1-decline] tap land for mana used_for=any
[00:12:43] [P1-decline] submitting interaction iid=S7VY42.0.758 choice=S7VY42.0.758.c1 (Mountain)
[00:12:43] [P1-decline] tap land for mana used_for=any
[00:12:43] [P1-decline] submitting interaction iid=S7VY42.0.759 choice=S7VY42.0.759.c1 (Mountain)
[00:12:44] [P1-decline] tap land for mana used_for=any
[00:12:44] [P1-decline] submitting interaction iid=S7VY42.0.760 choice=S7VY42.0.760.c1 (Mountain)
[00:12:44] [P1-decline] tap land for mana used_for=any
[00:12:44] [P1-decline] submitting interaction iid=S7VY42.0.761 choice=S7VY42.0.761.c1 (Mountain)
[00:12:44] [P1-decline] tap land for mana used_for=any
[00:12:44] [P1-decline] submitting interaction iid=S7VY42.0.762 choice=S7VY42.0.762.c1 (Mountain)
[00:12:44] [P1-decline] tap land for mana used_for=any
[00:12:44] [P1-decline] submitting interaction iid=S7VY42.0.763 choice=S7VY42.0.763.c1 (Mountain)
[00:12:44] [P1-decline] tap land for mana used_for=any
[00:12:44] [P1-decline] submitting interaction iid=S7VY42.0.764 choice=S7VY42.0.764.c1 (Mountain)
[00:12:44] [P1-decline] tap land for mana used_for=any
[00:12:44] [P1-decline] submitting interaction iid=S7VY42.0.765 choice=S7VY42.0.765.c1 (Mountain)
[00:12:45] [P1-decline] tap land for mana used_for=any
[00:12:45] [P1-decline] submitting interaction iid=S7VY42.0.766 choice=S7VY42.0.766.c1 (Mountain)
[00:12:45] [P1-decline] tap land for mana used_for=any
[00:12:45] [P1-decline] submitting interaction iid=S7VY42.0.767 choice=S7VY42.0.767.c1 (Mountain)
[00:12:45] [P1-decline] tap land for mana used_for=any
[00:12:45] [P1-decline] submitting interaction iid=S7VY42.0.768 choice=S7VY42.0.768.c1 (Mountain)
[00:12:45] [P1-decline] tap land for mana used_for=any
[00:12:45] [P1-decline] submitting interaction iid=S7VY42.0.769 choice=S7VY42.0.769.c1 (Mountain)
[00:12:45] [P1-decline] tap land for mana used_for=any
[00:12:45] [P1-decline] submitting interaction iid=S7VY42.0.770 choice=S7VY42.0.770.c1 (Mountain)
[00:12:45] [P1-decline] tap land for mana used_for=any
[00:12:45] [P1-decline] submitting interaction iid=S7VY42.0.771 choice=S7VY42.0.771.c1 (Mountain)
[00:12:45] [P1-decline] tap land for mana used_for=any
[00:12:45] [P1-decline] submitting interaction iid=S7VY42.0.772 choice=S7VY42.0.772.c1 (Mountain)
[00:12:46] [P1-decline] playing land mountain
[00:12:47] [P1-decline] tap land for mana used_for=any
[00:12:47] [P1-decline] submitting interaction iid=S7VY42.0.778 choice=S7VY42.0.778.c1 (Mountain)
[00:12:51] [P0-decline] playing land plains
[00:12:51] [P0-decline] answering target selection: Ardenn
[00:12:52] [P0-decline] answering Ardenn 'you may': DECLINE (false)
[00:12:52] [P0-decline] submitting interaction iid=S7VY42.0.799 choice=S7VY42.0.799.c0 (false)
[00:12:54] [P1-decline] tap land for mana used_for=any
[00:12:54] [P1-decline] submitting interaction iid=S7VY42.0.809 choice=S7VY42.0.809.c1 (Mountain)
[00:12:54] [P1-decline] tap land for mana used_for=any
[00:12:54] [P1-decline] submitting interaction iid=S7VY42.0.810 choice=S7VY42.0.810.c1 (Mountain)
[00:12:54] [P1-decline] tap land for mana used_for=any
[00:12:54] [P1-decline] submitting interaction iid=S7VY42.0.811 choice=S7VY42.0.811.c1 (Mountain)
[00:12:54] [P1-decline] tap land for mana used_for=any
[00:12:54] [P1-decline] submitting interaction iid=S7VY42.0.812 choice=S7VY42.0.812.c1 (Mountain)
[00:12:54] [P1-decline] tap land for mana used_for=any
[00:12:54] [P1-decline] submitting interaction iid=S7VY42.0.813 choice=S7VY42.0.813.c1 (Mountain)
[00:12:54] [P1-decline] tap land for mana used_for=any
[00:12:54] [P1-decline] submitting interaction iid=S7VY42.0.814 choice=S7VY42.0.814.c1 (Mountain)
[00:12:55] [P1-decline] tap land for mana used_for=any
[00:12:55] [P1-decline] submitting interaction iid=S7VY42.0.815 choice=S7VY42.0.815.c1 (Mountain)
[00:12:55] [P1-decline] tap land for mana used_for=any
[00:12:55] [P1-decline] submitting interaction iid=S7VY42.0.816 choice=S7VY42.0.816.c1 (Mountain)
[00:12:55] [P1-decline] tap land for mana used_for=any
[00:12:55] [P1-decline] submitting interaction iid=S7VY42.0.817 choice=S7VY42.0.817.c1 (Mountain)
[00:12:55] [P1-decline] tap land for mana used_for=any
[00:12:55] [P1-decline] submitting interaction iid=S7VY42.0.818 choice=S7VY42.0.818.c1 (Mountain)
[00:12:55] [P1-decline] tap land for mana used_for=any
[00:12:55] [P1-decline] submitting interaction iid=S7VY42.0.819 choice=S7VY42.0.819.c1 (Mountain)
[00:12:55] [P1-decline] tap land for mana used_for=any
[00:12:55] [P1-decline] submitting interaction iid=S7VY42.0.820 choice=S7VY42.0.820.c1 (Mountain)
[00:12:55] [P1-decline] tap land for mana used_for=any
[00:12:55] [P1-decline] submitting interaction iid=S7VY42.0.821 choice=S7VY42.0.821.c1 (Mountain)
[00:12:56] [P1-decline] tap land for mana used_for=any
[00:12:56] [P1-decline] submitting interaction iid=S7VY42.0.822 choice=S7VY42.0.822.c1 (Mountain)
[00:12:56] [P1-decline] tap land for mana used_for=any
[00:12:56] [P1-decline] submitting interaction iid=S7VY42.0.823 choice=S7VY42.0.823.c1 (Mountain)
[00:12:56] [P1-decline] tap land for mana used_for=any
[00:12:56] [P1-decline] submitting interaction iid=S7VY42.0.824 choice=S7VY42.0.824.c1 (Mountain)
[00:12:56] [P1-decline] tap land for mana used_for=any
[00:12:56] [P1-decline] submitting interaction iid=S7VY42.0.825 choice=S7VY42.0.825.c1 (Mountain)
[00:12:56] [P1-decline] tap land for mana used_for=any
[00:12:56] [P1-decline] submitting interaction iid=S7VY42.0.826 choice=S7VY42.0.826.c1 (Mountain)
[00:12:57] [P1-decline] playing land mountain
[00:12:57] [P1-decline] tap land for mana used_for=any
[00:12:57] [P1-decline] submitting interaction iid=S7VY42.0.832 choice=S7VY42.0.832.c1 (Mountain)
[00:13:00] [P0-decline] answering target selection: Ardenn
[00:13:00] [P0-decline] answering Ardenn 'you may': DECLINE (false)
[00:13:00] [P0-decline] submitting interaction iid=S7VY42.0.852 choice=S7VY42.0.852.c0 (false)
[00:13:02] [P0-decline] discarding to hand size via vi (select)
[00:13:02] [P1-decline] tap land for mana used_for=any
[00:13:02] [P1-decline] submitting interaction iid=S7VY42.0.863 choice=S7VY42.0.863.c1 (Mountain)
[00:13:03] [P1-decline] tap land for mana used_for=any
[00:13:03] [P1-decline] submitting interaction iid=S7VY42.0.864 choice=S7VY42.0.864.c1 (Mountain)
[00:13:03] [P1-decline] tap land for mana used_for=any
[00:13:03] [P1-decline] submitting interaction iid=S7VY42.0.866 choice=S7VY42.0.866.c1 (Mountain)
[00:13:03] [P1-decline] tap land for mana used_for=any
[00:13:03] [P1-decline] submitting interaction iid=S7VY42.0.867 choice=S7VY42.0.867.c1 (Mountain)
[00:13:03] [P1-decline] tap land for mana used_for=any
[00:13:03] [P1-decline] submitting interaction iid=S7VY42.0.868 choice=S7VY42.0.868.c1 (Mountain)
[00:13:03] [P1-decline] tap land for mana used_for=any
[00:13:03] [P1-decline] submitting interaction iid=S7VY42.0.869 choice=S7VY42.0.869.c1 (Mountain)
[00:13:03] [P1-decline] tap land for mana used_for=any
[00:13:03] [P1-decline] submitting interaction iid=S7VY42.0.870 choice=S7VY42.0.870.c1 (Mountain)
[00:13:04] [P1-decline] tap land for mana used_for=any
[00:13:04] [P1-decline] submitting interaction iid=S7VY42.0.871 choice=S7VY42.0.871.c1 (Mountain)
[00:13:04] [P1-decline] tap land for mana used_for=any
[00:13:04] [P1-decline] submitting interaction iid=S7VY42.0.872 choice=S7VY42.0.872.c1 (Mountain)
[00:13:04] [P1-decline] tap land for mana used_for=any
[00:13:04] [P1-decline] submitting interaction iid=S7VY42.0.873 choice=S7VY42.0.873.c1 (Mountain)
[00:13:04] [P1-decline] tap land for mana used_for=any
[00:13:04] [P1-decline] submitting interaction iid=S7VY42.0.874 choice=S7VY42.0.874.c1 (Mountain)
[00:13:04] [P1-decline] tap land for mana used_for=any
[00:13:04] [P1-decline] submitting interaction iid=S7VY42.0.875 choice=S7VY42.0.875.c1 (Mountain)
[00:13:04] [P1-decline] tap land for mana used_for=any
[00:13:04] [P1-decline] submitting interaction iid=S7VY42.0.876 choice=S7VY42.0.876.c1 (Mountain)
[00:13:05] [P1-decline] tap land for mana used_for=any
[00:13:05] [P1-decline] submitting interaction iid=S7VY42.0.877 choice=S7VY42.0.877.c1 (Mountain)
[00:13:05] [P1-decline] tap land for mana used_for=any
[00:13:05] [P1-decline] submitting interaction iid=S7VY42.0.878 choice=S7VY42.0.878.c1 (Mountain)
[00:13:05] [P1-decline] tap land for mana used_for=any
[00:13:05] [P1-decline] submitting interaction iid=S7VY42.0.879 choice=S7VY42.0.879.c1 (Mountain)
[00:13:05] [P1-decline] tap land for mana used_for=any
[00:13:05] [P1-decline] submitting interaction iid=S7VY42.0.880 choice=S7VY42.0.880.c1 (Mountain)
[00:13:05] [P1-decline] tap land for mana used_for=any
[00:13:05] [P1-decline] submitting interaction iid=S7VY42.0.881 choice=S7VY42.0.881.c1 (Mountain)
[00:13:05] [P1-decline] tap land for mana used_for=any
[00:13:05] [P1-decline] submitting interaction iid=S7VY42.0.882 choice=S7VY42.0.882.c1 (Mountain)
[00:13:06] [P1-decline] tap land for mana used_for=any
[00:13:06] [P1-decline] submitting interaction iid=S7VY42.0.884 choice=S7VY42.0.884.c8 (Mountain)
[00:13:06] [P1-decline] playing land mountain
[00:13:06] [P1-decline] tap land for mana used_for=any
[00:13:06] [P1-decline] submitting interaction iid=S7VY42.0.885 choice=S7VY42.0.885.c8 (Mountain)
[00:13:06] [P1-decline] tap land for mana used_for=any
[00:13:06] [P1-decline] submitting interaction iid=S7VY42.0.886 choice=S7VY42.0.886.c1 (Mountain)
[00:13:07] [P1-decline] tap land for mana used_for=any
[00:13:07] [P1-decline] submitting interaction iid=S7VY42.0.887 choice=S7VY42.0.887.c1 (Mountain)
[00:13:09] [P0-decline] playing land plains
[00:13:10] [P0-decline] answering target selection: Ardenn
[00:13:10] [P0-decline] answering Ardenn 'you may': DECLINE (false)
[00:13:10] [P0-decline] submitting interaction iid=S7VY42.0.908 choice=S7VY42.0.908.c0 (false)
[00:13:12] [P1-decline] tap land for mana used_for=any
[00:13:12] [P1-decline] submitting interaction iid=S7VY42.0.918 choice=S7VY42.0.918.c1 (Mountain)
[00:13:12] [P1-decline] tap land for mana used_for=any
[00:13:12] [P1-decline] submitting interaction iid=S7VY42.0.919 choice=S7VY42.0.919.c1 (Mountain)
[00:13:13] [P1-decline] tap land for mana used_for=any
[00:13:13] [P1-decline] submitting interaction iid=S7VY42.0.920 choice=S7VY42.0.920.c1 (Mountain)
[00:13:13] [P1-decline] tap land for mana used_for=any
[00:13:13] [P1-decline] submitting interaction iid=S7VY42.0.921 choice=S7VY42.0.921.c1 (Mountain)
[00:13:13] [P1-decline] tap land for mana used_for=any
[00:13:13] [P1-decline] submitting interaction iid=S7VY42.0.922 choice=S7VY42.0.922.c1 (Mountain)
[00:13:13] [P1-decline] tap land for mana used_for=any
[00:13:13] [P1-decline] submitting interaction iid=S7VY42.0.923 choice=S7VY42.0.923.c1 (Mountain)
[00:13:13] [P1-decline] tap land for mana used_for=any
[00:13:13] [P1-decline] submitting interaction iid=S7VY42.0.924 choice=S7VY42.0.924.c1 (Mountain)
[00:13:13] [P1-decline] tap land for mana used_for=any
[00:13:13] [P1-decline] submitting interaction iid=S7VY42.0.925 choice=S7VY42.0.925.c1 (Mountain)
[00:13:14] [P1-decline] tap land for mana used_for=any
[00:13:14] [P1-decline] submitting interaction iid=S7VY42.0.926 choice=S7VY42.0.926.c1 (Mountain)
[00:13:14] [P1-decline] tap land for mana used_for=any
[00:13:14] [P1-decline] submitting interaction iid=S7VY42.0.927 choice=S7VY42.0.927.c1 (Mountain)
[00:13:14] [P1-decline] tap land for mana used_for=any
[00:13:14] [P1-decline] submitting interaction iid=S7VY42.0.928 choice=S7VY42.0.928.c1 (Mountain)
[00:13:14] [P1-decline] tap land for mana used_for=any
[00:13:14] [P1-decline] submitting interaction iid=S7VY42.0.929 choice=S7VY42.0.929.c1 (Mountain)
[00:13:14] [P1-decline] tap land for mana used_for=any
[00:13:14] [P1-decline] submitting interaction iid=S7VY42.0.930 choice=S7VY42.0.930.c1 (Mountain)
[00:13:14] [P1-decline] tap land for mana used_for=any
[00:13:14] [P1-decline] submitting interaction iid=S7VY42.0.931 choice=S7VY42.0.931.c1 (Mountain)
[00:13:14] [P1-decline] tap land for mana used_for=any
[00:13:14] [P1-decline] submitting interaction iid=S7VY42.0.932 choice=S7VY42.0.932.c1 (Mountain)
[00:13:15] [P1-decline] tap land for mana used_for=any
[00:13:15] [P1-decline] submitting interaction iid=S7VY42.0.933 choice=S7VY42.0.933.c1 (Mountain)
[00:13:15] [P1-decline] tap land for mana used_for=any
[00:13:15] [P1-decline] submitting interaction iid=S7VY42.0.934 choice=S7VY42.0.934.c1 (Mountain)
[00:13:15] [P1-decline] tap land for mana used_for=any
[00:13:15] [P1-decline] submitting interaction iid=S7VY42.0.935 choice=S7VY42.0.935.c1 (Mountain)
[00:13:15] [P1-decline] tap land for mana used_for=any
[00:13:15] [P1-decline] submitting interaction iid=S7VY42.0.936 choice=S7VY42.0.936.c1 (Mountain)
[00:13:15] [P1-decline] tap land for mana used_for=any
[00:13:15] [P1-decline] submitting interaction iid=S7VY42.0.937 choice=S7VY42.0.937.c1 (Mountain)
[00:13:16] [P1-decline] playing land mountain
[00:13:16] [P1-decline] tap land for mana used_for=any
[00:13:16] [P1-decline] submitting interaction iid=S7VY42.0.943 choice=S7VY42.0.943.c1 (Mountain)
[00:13:21] [P0-decline] playing land plains
[00:13:22] [P0-decline] answering target selection: Ardenn
[00:13:22] [P0-decline] answering Ardenn 'you may': DECLINE (false)
[00:13:22] [P0-decline] submitting interaction iid=S7VY42.0.964 choice=S7VY42.0.964.c0 (false)
[00:13:24] [P1-decline] tap land for mana used_for=any
[00:13:24] [P1-decline] submitting interaction iid=S7VY42.0.974 choice=S7VY42.0.974.c1 (Mountain)
[00:13:24] [P1-decline] tap land for mana used_for=any
[00:13:24] [P1-decline] submitting interaction iid=S7VY42.0.975 choice=S7VY42.0.975.c1 (Mountain)
[00:13:24] [P1-decline] tap land for mana used_for=any
[00:13:24] [P1-decline] submitting interaction iid=S7VY42.0.976 choice=S7VY42.0.976.c1 (Mountain)
[00:13:24] [P1-decline] tap land for mana used_for=any
[00:13:24] [P1-decline] submitting interaction iid=S7VY42.0.977 choice=S7VY42.0.977.c1 (Mountain)
[00:13:24] [P1-decline] tap land for mana used_for=any
[00:13:24] [P1-decline] submitting interaction iid=S7VY42.0.978 choice=S7VY42.0.978.c1 (Mountain)
[00:13:25] [P1-decline] tap land for mana used_for=any
[00:13:25] [P1-decline] submitting interaction iid=S7VY42.0.979 choice=S7VY42.0.979.c1 (Mountain)
[00:13:25] [P1-decline] tap land for mana used_for=any
[00:13:25] [P1-decline] submitting interaction iid=S7VY42.0.980 choice=S7VY42.0.980.c1 (Mountain)
[00:13:25] [P1-decline] tap land for mana used_for=any
[00:13:25] [P1-decline] submitting interaction iid=S7VY42.0.981 choice=S7VY42.0.981.c1 (Mountain)
[00:13:25] [P1-decline] tap land for mana used_for=any
[00:13:25] [P1-decline] submitting interaction iid=S7VY42.0.982 choice=S7VY42.0.982.c1 (Mountain)
[00:13:25] [P1-decline] tap land for mana used_for=any
[00:13:25] [P1-decline] submitting interaction iid=S7VY42.0.983 choice=S7VY42.0.983.c1 (Mountain)
[00:13:25] [P1-decline] tap land for mana used_for=any
[00:13:25] [P1-decline] submitting interaction iid=S7VY42.0.984 choice=S7VY42.0.984.c1 (Mountain)
[00:13:25] [P1-decline] tap land for mana used_for=any
[00:13:25] [P1-decline] submitting interaction iid=S7VY42.0.985 choice=S7VY42.0.985.c1 (Mountain)
[00:13:26] [P1-decline] tap land for mana used_for=any
[00:13:26] [P1-decline] submitting interaction iid=S7VY42.0.986 choice=S7VY42.0.986.c1 (Mountain)
[00:13:26] [P1-decline] tap land for mana used_for=any
[00:13:26] [P1-decline] submitting interaction iid=S7VY42.0.987 choice=S7VY42.0.987.c1 (Mountain)
[00:13:26] [P1-decline] tap land for mana used_for=any
[00:13:26] [P1-decline] submitting interaction iid=S7VY42.0.988 choice=S7VY42.0.988.c1 (Mountain)
[00:13:26] [P1-decline] tap land for mana used_for=any
[00:13:26] [P1-decline] submitting interaction iid=S7VY42.0.989 choice=S7VY42.0.989.c1 (Mountain)
[00:13:26] [P1-decline] tap land for mana used_for=any
[00:13:26] [P1-decline] submitting interaction iid=S7VY42.0.990 choice=S7VY42.0.990.c1 (Mountain)
[00:13:26] [P1-decline] tap land for mana used_for=any
[00:13:26] [P1-decline] submitting interaction iid=S7VY42.0.991 choice=S7VY42.0.991.c1 (Mountain)
[00:13:27] [P1-decline] tap land for mana used_for=any
[00:13:27] [P1-decline] submitting interaction iid=S7VY42.0.992 choice=S7VY42.0.992.c1 (Mountain)
[00:13:27] [P1-decline] tap land for mana used_for=any
[00:13:27] [P1-decline] submitting interaction iid=S7VY42.0.993 choice=S7VY42.0.993.c1 (Mountain)
[00:13:27] [P1-decline] tap land for mana used_for=any
[00:13:27] [P1-decline] submitting interaction iid=S7VY42.0.994 choice=S7VY42.0.994.c1 (Mountain)
[00:13:28] [P1-decline] playing land mountain
[00:13:28] [P1-decline] tap land for mana used_for=any
[00:13:28] [P1-decline] submitting interaction iid=S7VY42.0.1000 choice=S7VY42.0.1000.c1 (Mountain)
[00:13:31] [P0-decline] answering target selection: Ardenn
[00:13:31] [P0-decline] answering Ardenn 'you may': DECLINE (false)
[00:13:31] [P0-decline] submitting interaction iid=S7VY42.0.1020 choice=S7VY42.0.1020.c0 (false)
[00:13:33] [P0-decline] discarding to hand size via vi (select)
[00:13:33] [P1-decline] tap land for mana used_for=any
[00:13:33] [P1-decline] submitting interaction iid=S7VY42.0.1031 choice=S7VY42.0.1031.c1 (Mountain)
[00:13:33] [P1-decline] tap land for mana used_for=any
[00:13:33] [P1-decline] submitting interaction iid=S7VY42.0.1032 choice=S7VY42.0.1032.c1 (Mountain)
[00:13:34] [P1-decline] tap land for mana used_for=any
[00:13:34] [P1-decline] submitting interaction iid=S7VY42.0.1033 choice=S7VY42.0.1033.c1 (Mountain)
[00:13:34] [P1-decline] tap land for mana used_for=any
[00:13:34] [P1-decline] submitting interaction iid=S7VY42.0.1034 choice=S7VY42.0.1034.c1 (Mountain)
[00:13:34] [P1-decline] tap land for mana used_for=any
[00:13:34] [P1-decline] submitting interaction iid=S7VY42.0.1035 choice=S7VY42.0.1035.c1 (Mountain)
[00:13:34] [P1-decline] tap land for mana used_for=any
[00:13:34] [P1-decline] submitting interaction iid=S7VY42.0.1036 choice=S7VY42.0.1036.c1 (Mountain)
[00:13:34] [P1-decline] tap land for mana used_for=any
[00:13:34] [P1-decline] submitting interaction iid=S7VY42.0.1037 choice=S7VY42.0.1037.c1 (Mountain)
[00:13:34] [P1-decline] tap land for mana used_for=any
[00:13:34] [P1-decline] submitting interaction iid=S7VY42.0.1038 choice=S7VY42.0.1038.c1 (Mountain)
[00:13:34] [P1-decline] tap land for mana used_for=any
[00:13:34] [P1-decline] submitting interaction iid=S7VY42.0.1039 choice=S7VY42.0.1039.c1 (Mountain)
[00:13:35] [P1-decline] tap land for mana used_for=any
[00:13:35] [P1-decline] submitting interaction iid=S7VY42.0.1040 choice=S7VY42.0.1040.c1 (Mountain)
[00:13:35] [P1-decline] tap land for mana used_for=any
[00:13:35] [P1-decline] submitting interaction iid=S7VY42.0.1041 choice=S7VY42.0.1041.c1 (Mountain)
[00:13:35] [P1-decline] tap land for mana used_for=any
[00:13:35] [P1-decline] submitting interaction iid=S7VY42.0.1042 choice=S7VY42.0.1042.c1 (Mountain)
[00:13:35] [P1-decline] tap land for mana used_for=any
[00:13:35] [P1-decline] submitting interaction iid=S7VY42.0.1043 choice=S7VY42.0.1043.c1 (Mountain)
[00:13:35] [P1-decline] tap land for mana used_for=any
[00:13:35] [P1-decline] submitting interaction iid=S7VY42.0.1044 choice=S7VY42.0.1044.c1 (Mountain)
[00:13:35] [P1-decline] tap land for mana used_for=any
[00:13:35] [P1-decline] submitting interaction iid=S7VY42.0.1045 choice=S7VY42.0.1045.c1 (Mountain)
[00:13:36] [P1-decline] tap land for mana used_for=any
[00:13:36] [P1-decline] submitting interaction iid=S7VY42.0.1046 choice=S7VY42.0.1046.c1 (Mountain)
[00:13:36] [P1-decline] tap land for mana used_for=any
[00:13:36] [P1-decline] submitting interaction iid=S7VY42.0.1047 choice=S7VY42.0.1047.c1 (Mountain)
[00:13:36] [P1-decline] tap land for mana used_for=any
[00:13:36] [P1-decline] submitting interaction iid=S7VY42.0.1048 choice=S7VY42.0.1048.c1 (Mountain)
[00:13:36] [P1-decline] tap land for mana used_for=any
[00:13:36] [P1-decline] submitting interaction iid=S7VY42.0.1049 choice=S7VY42.0.1049.c1 (Mountain)
[00:13:36] [P1-decline] tap land for mana used_for=any
[00:13:36] [P1-decline] submitting interaction iid=S7VY42.0.1050 choice=S7VY42.0.1050.c1 (Mountain)
[00:13:36] [P1-decline] tap land for mana used_for=any
[00:13:36] [P1-decline] submitting interaction iid=S7VY42.0.1051 choice=S7VY42.0.1051.c1 (Mountain)
[00:13:36] [P1-decline] tap land for mana used_for=any
[00:13:36] [P1-decline] submitting interaction iid=S7VY42.0.1052 choice=S7VY42.0.1052.c1 (Mountain)
[00:13:38] [P1-decline] playing land mountain
[00:13:38] [P1-decline] tap land for mana used_for=any
[00:13:38] [P1-decline] submitting interaction iid=S7VY42.0.1058 choice=S7VY42.0.1058.c1 (Mountain)
[00:13:38] [P0-decline] post.json captured; game complete
[00:13:39] [decline] assertions: A1_setup_ok=passed; A2_trigger_fired=passed; A3_may_answered=passed; A4_attach_spec=not-run; A5_outcome=passed; A6_cleanup=passed
[00:13:39] rendered /home/hatch/workspace/dev/phase-backfill/evidence/6250/run-6250-reval-v01050-20261009-2341/summary.png (1100x780)
