game RVJQI2; P0 seat=0; P1 = native AI Medium
P0 mulligan -> Keep
waiting_for: MulliganDecision player=None stage=SETUP
waiting_for: Priority player=0 stage=SETUP
[P0] casts Grizzly Bears (oid=40)
[P0] blocks 1 attackers
waiting_for: DeclareBlockers player=0 stage=SETUP
waiting_for: Priority player=0 stage=SETUP
[P0] ActionRejected: {"rejection": {"code": "action_not_allowed", "disposition": "unavailable", "message": "That action is not allowed right now.", "related_object_ids": [49]}}
[P0] casts Grizzly Bears (oid=52)
[P0] blocks 1 attackers
waiting_for: DeclareBlockers player=0 stage=SETUP
waiting_for: Priority player=0 stage=SETUP
[P0] casts Emrakul (oid=38)
Emrakul on BF turn 30 (extra turn granted: True)
exported pre_attack.json
[P0] submitted Emrakul attack (oid=38) turn=31
waiting_for: DeclareAttackers player=0 stage=ATTACK_ARMED
waiting_for: Priority player=0 stage=ATTACK_ARMED
attack confirmed: Emrakul (oid=38) attacking P1, turn=31 phase=DeclareBlockers
exported mid_blockers.json
DeclareBlockers checkpoint: P1 permanents=9 gy=8
waiting_for: DeclareAttackers player=0 stage=ATTACK_WINDOW
waiting_for: Priority player=0 stage=ATTACK_WINDOW
[P0] ActionRejected: {"rejection": {"code": "action_not_allowed", "disposition": "unavailable", "message": "That action is not allowed right now.", "related_object_ids": []}}
waiting_for: DeclareAttackers player=0 stage=ATTACK_WINDOW
waiting_for: Priority player=0 stage=ATTACK_WINDOW
waiting_for: DeclareAttackers player=0 stage=ATTACK_WINDOW
waiting_for: Priority player=0 stage=ATTACK_WINDOW
P0 discards 1
waiting_for: DiscardToHandSize player=0 stage=ATTACK_WINDOW
waiting_for: Priority player=0 stage=ATTACK_WINDOW
waiting_for: DeclareAttackers player=0 stage=ATTACK_WINDOW
waiting_for: Priority player=0 stage=ATTACK_WINDOW
P0 discards 1
waiting_for: DiscardToHandSize player=0 stage=ATTACK_WINDOW
waiting_for: Priority player=0 stage=ATTACK_WINDOW
waiting_for: DeclareAttackers player=0 stage=ATTACK_WINDOW
waiting_for: Priority player=0 stage=ATTACK_WINDOW
P0 discards 1
waiting_for: DiscardToHandSize player=0 stage=ATTACK_WINDOW
waiting_for: Priority player=0 stage=ATTACK_WINDOW
waiting_for: DeclareAttackers player=0 stage=ATTACK_WINDOW
waiting_for: Priority player=0 stage=ATTACK_WINDOW
P0 discards 1
waiting_for: DiscardToHandSize player=0 stage=ATTACK_WINDOW
waiting_for: Priority player=0 stage=ATTACK_WINDOW
waiting_for: DeclareAttackers player=0 stage=ATTACK_WINDOW
waiting_for: Priority player=0 stage=ATTACK_WINDOW
P0 discards 1
waiting_for: DiscardToHandSize player=0 stage=ATTACK_WINDOW
waiting_for: Priority player=0 stage=ATTACK_WINDOW
waiting_for: DeclareAttackers player=0 stage=ATTACK_WINDOW
waiting_for: Priority player=0 stage=ATTACK_WINDOW
P0 discards 1
waiting_for: DiscardToHandSize player=0 stage=ATTACK_WINDOW
waiting_for: Priority player=0 stage=ATTACK_WINDOW
waiting_for: DeclareAttackers player=0 stage=ATTACK_WINDOW
waiting_for: Priority player=0 stage=ATTACK_WINDOW
P0 discards 1
waiting_for: DiscardToHandSize player=0 stage=ATTACK_WINDOW
waiting_for: Priority player=0 stage=ATTACK_WINDOW
waiting_for: DeclareAttackers player=0 stage=ATTACK_WINDOW
waiting_for: Priority player=0 stage=ATTACK_WINDOW
P0 discards 1
waiting_for: DiscardToHandSize player=0 stage=ATTACK_WINDOW
waiting_for: Priority player=0 stage=ATTACK_WINDOW
waiting_for: DeclareAttackers player=0 stage=ATTACK_WINDOW
waiting_for: Priority player=0 stage=ATTACK_WINDOW
P0 discards 1
waiting_for: DiscardToHandSize player=0 stage=ATTACK_WINDOW
waiting_for: Priority player=0 stage=ATTACK_WINDOW
waiting_for: DeclareAttackers player=0 stage=ATTACK_WINDOW
waiting_for: Priority player=0 stage=ATTACK_WINDOW
P0 discards 1
waiting_for: DiscardToHandSize player=0 stage=ATTACK_WINDOW
waiting_for: Priority player=0 stage=ATTACK_WINDOW
waiting_for: DeclareAttackers player=0 stage=ATTACK_WINDOW
waiting_for: Priority player=0 stage=ATTACK_WINDOW
P0 discards 1
waiting_for: DiscardToHandSize player=0 stage=ATTACK_WINDOW
waiting_for: Priority player=0 stage=ATTACK_WINDOW
waiting_for: DeclareAttackers player=0 stage=ATTACK_WINDOW
waiting_for: Priority player=0 stage=ATTACK_WINDOW
P0 discards 1
waiting_for: DiscardToHandSize player=0 stage=ATTACK_WINDOW
waiting_for: Priority player=0 stage=ATTACK_WINDOW
exported post.json
