server identity pinned: v0.99.0 (d919616) protocol 98, mode Full; using dedicated server 127.0.0.1:9376 (runs/20261001-658)
game OW93BT; P0 seat=0 P1 seat=1
[P0] mulligan keep (protocol-98)
[P1] mulligan keep (protocol-98)
DIAG turn=1 active=1 phase=Untap wf=MulliganDecision pp=1 stage=SETUP dualcaster_cast=False stack=0 P0untapM=0 P0mage_in_hand=True P1bolt_in_hand=False
[P1] casting Lightning Bolt (P0 untapped mountains: 5, mage in P0 hand)
[P1] bolt target opportunity OW93BT.0.157: 2 player candidates
  candidate: seat=0 text=
  candidate: seat=1 text=
exporting PRE (bolt on stack, P0 responding)
[P0] casting Dualcaster Mage in response (active P1, phase=PreCombatMain)
[OBS] Dualcaster on P0 battlefield
[P0] holding on CopyRetarget (interaction pending)
[OBS] waiting_for -> CopyRetarget: {"type": "CopyRetarget", "data": {"player": 0, "copy_id": 122, "target_slots": [{"current": {"Player": 0}, "legal_alternatives": [{"Player": 0}, {"Player": 1}, {"Object": 7}]}], "effect_kind": "CopySpell", "effect_source_id": 122, "current_slot": 0}}
[OBS] copy on stack: ids=[87, 122]
[OBS] CopyRetarget: copy_id=122
  retarget candidate: action=chooseTarget seat=None text=Dualcaster Mage
  retarget candidate: action=chooseTarget seat=0 text=
  retarget candidate: action=chooseTarget seat=1 text=
[retarget_p1] submitting iid=OW93BT.0.164 choice=OW93BT.0.164.c3 ()
[OBS] retarget submitted (retarget_p1) seat 1 ()
[OBS] retarget confirmed (prompt gone): (retarget_p1) seat 1 ()
exporting POST (stack empty, nothing pending)
wrote run.json verdict=not-reproduced
rendered summary.png
wrote server_excerpts.log (300 lines)
