[16:30:19] server identity hashes recomputed against on-disk pinned artifacts
[16:30:19] ServerHello: version=0.102.0 build=e17f6fd protocol=106 mode=Full
[16:30:19] ===== attempt 1 =====
[16:30:19] game VUQRL3 attempt=1; P0 seat=0 P1 seat=1
[16:30:19] [6764-a1] phase 1: ramp to Knowledge Pool
[16:30:20] [6764-a1] keep 7: ['mountain', 'mountain', 'mountain', 'mountain', 'shock', 'knowledge pool', 'mountain']
[16:30:20] [P16764-a1] keep 7: ['island', 'island', 'island', 'island', 'island', 'island', 'island']
[16:30:20] [6764-a1] DIAG rev=2 turn=1 phase=Untap prio=False vikind='mulligan' real_decision=False pool_cast=None imprint_done=None leg=1
[16:30:20] [6764-a1] playing land mountain (legacy)
[16:30:22] [P16764-a1] playing land island (legacy)
[16:30:25] [6764-a1] playing land mountain (legacy)
[16:30:27] [P16764-a1] playing land island (legacy)
[16:30:30] [6764-a1] playing land mountain (legacy)
[16:30:32] [P16764-a1] playing land island (legacy)
[16:30:34] [6764-a1] playing land mountain (legacy)
[16:30:37] [P16764-a1] playing land island (legacy)
[16:30:39] [6764-a1] playing land mountain (legacy)
[16:30:42] [P16764-a1] playing land island (legacy)
[16:30:44] [6764-a1] playing land mountain (legacy)
[16:30:44] [6764-a1] casting Knowledge Pool (oid 56)
[16:30:45] [6764-a1] Knowledge Pool on battlefield; mana needs cleared
[16:30:45] [6764-a1] A1: pool_on_bf=True exiled=6 lib_delta=(3,3) -> passed
[16:30:45] [6764-a1] phase 2: leg 1 (decline)
[16:30:45] [6764-a1] DIAG rev=163 turn=11 phase=PreCombatMain prio=False vikind='choose' real_decision=False pool_cast=True imprint_done=True leg=1
[16:30:47] [P16764-a1] playing land island (legacy)
[16:30:50] [6764-a1] playing land mountain (legacy)
[16:30:50] [6764-a1] leg 1: casting Shock #1 (oid 7)
[16:30:50] [6764-a1] submitting Shock target: P1 (seat 1)
[16:30:50] [6764-a1] submitting advertised target: id=VUQRL3.0.193.t1 kind=sequence ()
[16:30:50] [6764-a1] tap land for mana used_for=R
[16:30:50] [6764-a1] submitting interaction iid=VUQRL3.0.194 choice=VUQRL3.0.194.c9 (Mountain)
[16:30:51] [6764-a1] P0 DECLINES Knowledge Pool may-choice
[16:30:51] [6764-a1] submitting interaction iid=VUQRL3.0.197 choice=VUQRL3.0.197.c0 (false)
[16:30:51] [6764-a1] leg 1 declined; 25s no-choice verification window
[16:30:58] [P16764-a1] playing land island (legacy)
[16:31:06] [6764-a1] playing land mountain (legacy)
[16:31:13] [P16764-a1] playing land island (legacy)
[16:31:16] [6764-a1] A2a: no_choice_after_decline=True shock1_exiled=True stack_empty=True -> passed
[16:31:16] [6764-a1] phase 3: leg 2 (accept)
[16:31:16] [6764-a1] DIAG rev=248 turn=16 phase=EndCombat prio=True vikind='choose' real_decision=False pool_cast=True imprint_done=True leg=2
[16:31:18] [6764-a1] playing land mountain (legacy)
[16:31:18] [6764-a1] leg 2: casting Shock #2 (oid 20)
[16:31:18] [6764-a1] submitting Shock target: P1 (seat 1)
[16:31:18] [6764-a1] submitting advertised target: id=VUQRL3.0.259.t1 kind=sequence ()
[16:31:18] [6764-a1] tap land for mana used_for=R
[16:31:18] [6764-a1] submitting interaction iid=VUQRL3.0.260 choice=VUQRL3.0.260.c7 (Mountain)
[16:31:19] [6764-a1] P0 ACCEPTS Knowledge Pool may-choice
[16:31:19] [6764-a1] submitting interaction iid=VUQRL3.0.263 choice=VUQRL3.0.263.c1 (true)
[16:31:19] [6764-a1] A2b: leg-2 may-choice offered and accepted -> passed
[16:31:19] [6764-a1] waiting for the free-cast card choice
[16:31:19] [6764-a1] DIAG rev=264 turn=17 phase=PreCombatMain prio=True vikind='choose' real_decision=False pool_cast=True imprint_done=True leg=2
[16:31:21] [P16764-a1] playing land island (legacy)
[16:31:26] [P16764-a1] playing land island (legacy)
[16:31:28] [6764-a1] playing land mountain (legacy)
[16:31:31] [P16764-a1] playing land island (legacy)
[16:31:36] [P16764-a1] playing land island (legacy)
[16:31:40] [P16764-a1] playing land island (legacy)
[16:31:46] [P16764-a1] playing land island (legacy)
[16:31:49] [6764-a1] DIAG rev=440 turn=29 phase=PreCombatMain prio=False vikind='choose' real_decision=False pool_cast=True imprint_done=True leg=2
[16:31:51] [6764-a1] discarding to hand size via vi (select)
[16:31:52] [P16764-a1] playing land island (legacy)
[16:31:56] [6764-a1] playing land mountain (legacy)
[16:31:59] [P16764-a1] playing land island (legacy)
[16:32:05] [6764-a1] discarding to hand size via vi (select)
[16:32:06] [P16764-a1] playing land island (legacy)
[16:32:10] [6764-a1] playing land mountain (legacy)
[16:32:13] [P16764-a1] playing land island (legacy)
[16:32:19] [6764-a1] DIAG rev=568 turn=37 phase=End prio=False vikind='choose' real_decision=False pool_cast=True imprint_done=True leg=2
[16:32:19] [6764-a1] discarding to hand size via vi (select)
[16:32:20] [P16764-a1] playing land island (legacy)
[16:32:28] [6764-a1] discarding to hand size via vi (select)
[16:32:29] [P16764-a1] playing land island (legacy)
[16:32:34] [6764-a1] playing land mountain (legacy)
[16:32:38] [P16764-a1] playing land island (legacy)
[16:32:44] [6764-a1] discarding to hand size via vi (select)
[16:32:46] [P16764-a1] playing land island (legacy)
[16:32:49] [6764-a1] DIAG rev=677 turn=45 phase=Draw prio=True vikind='choose' real_decision=False pool_cast=True imprint_done=True leg=2
[16:32:52] [6764-a1] discarding to hand size via vi (select)
[16:32:53] [P16764-a1] playing land island (legacy)
[16:32:57] [6764-a1] playing land mountain (legacy)
[16:33:01] [P16764-a1] playing land island (legacy)
[16:33:08] [6764-a1] discarding to hand size via vi (select)
[16:33:10] [P16764-a1] playing land island (legacy)
[16:33:14] [6764-a1] playing land mountain (legacy)
[16:33:18] [P16764-a1] playing land island (legacy)
[16:33:19] [6764-a1] DIAG rev=786 turn=52 phase=PreCombatMain prio=True vikind='choose' real_decision=False pool_cast=True imprint_done=True leg=2
[16:33:22] [6764-a1] playing land mountain (legacy)
[16:33:27] [P16764-a1] playing land island (legacy)
[16:33:35] [6764-a1] discarding to hand size via vi (select)
[16:33:36] [P16764-a1] playing land island (legacy)
[16:33:44] [6764-a1] discarding to hand size via vi (select)
[16:33:45] [P16764-a1] playing land island (legacy)
[16:33:49] [6764-a1] DIAG rev=887 turn=59 phase=Draw prio=True vikind='choose' real_decision=False pool_cast=True imprint_done=True leg=2
[16:33:53] [6764-a1] discarding to hand size via vi (select)
[16:33:54] [P16764-a1] playing land island (legacy)
[16:33:58] [6764-a1] playing land mountain (legacy)
[16:34:03] [P16764-a1] playing land island (legacy)
[16:34:07] [6764-a1] playing land mountain (legacy)
[16:34:12] [P16764-a1] playing land island (legacy)
[16:34:16] [6764-a1] playing land mountain (legacy)
[16:34:19] attempt 1 assertions: {"A1_setup_ok": "passed", "A2a_decline_control": "passed", "A2b_accept_may": "passed", "A3_choice_scope": "failed", "A4_free_cast_executes": "not-run", "A5_cleanup": "not-run"}
[16:34:19] DONE verdict=reproduced assertions={"A1_setup_ok": "passed", "A2a_decline_control": "passed", "A2b_accept_may": "passed", "A3_choice_scope": "failed", "A4_free_cast_executes": "not-run", "A5_cleanup": "not-run"}
