[04:16:30] server identity hashes verified against the v0.103.0 pin
[04:16:33] ServerHello: version=0.103.0 build=ec27a8d protocol=106 mode=Full
[04:16:35] creature names in card-data: 19545
[04:16:35] saved parse_rakdos.json
[04:16:35] parse_warnings: [('SwallowedClause', 'DynamicQty')]
[04:16:35] AST: FlipCoin nodes=1 single_flip_null=True destroy_unqualified=True exclusion_terms=False collapsed=True
[04:16:35] P0 creating game (default Bo1, 2 seats)...
[04:16:35] P1 joining...
[04:16:35] game C4G4TU; P0 seat=0 P1 seat=1
[04:16:35] [P0] mulligan -> Mulligan (hand=['mountain', 'swamp', 'forest', 'forest', 'swamp', 'mountain', 'mountain'])
[04:16:35] [P1] mulligan -> Keep (hand=['mountain', 'forest', 'mountain', 'mountain', 'mountain', 'forest', 'forest'])
[04:16:35] DIAG turn=1 active=0 phase=Untap pp=0 P0life=20 P1life=20 rakdos=[] bears=0 etb=False/False flips=0 P0hand=['mountain', 'swamp', 'forest', 'forest', 'swamp', 'mountain', 'mountain']
[04:16:36] [P0] mulligan -> Mulligan (hand=['forest', 'forest', 'swamp', 'forest', 'grizzly bears', 'forest', 'forest'])
[04:16:36] [P0] mulligan -> Keep (hand=['swamp', 'swamp', 'mountain', 'forest', 'grizzly bears', 'forest', 'grizzly bears'])
[04:16:36] [P0] bottoms 2
[04:16:37] [P0] playing land mountain
[04:16:42] [P1] playing land mountain
[04:16:45] [P0] playing land forest
[04:16:46] [P0] casting Grizzly Bears (Auto payment)
[04:16:50] [P1] playing land forest
[04:16:54] [P0] casting Grizzly Bears (Auto payment)
[04:16:55] [P0] playing land forest
[04:16:56] [P0] declare no attackers
[04:16:59] [P1] playing land mountain
[04:17:02] [P0] playing land mountain
[04:17:04] [P0] declare no attackers
[04:17:06] [P1] playing land mountain
[04:17:10] [P0] playing land mountain
[04:17:11] [P0] declare no attackers
[04:17:14] [P1] playing land mountain
[04:17:18] [P0] playing land forest
[04:17:19] [P0] declare no attackers
[04:17:22] [P1] playing land forest
[04:17:26] [P0] playing land forest
[04:17:27] [P0] declare no attackers
[04:17:30] [P1] playing land forest
[04:17:34] [P0] playing land swamp
[04:17:34] [P0] casting Rakdos, the Showstopper with 2 Bears on BF, 8 untapped lands (Auto payment)
[04:17:35] Rakdos on BF: oid=23 turn=15
[04:17:35] ETB SEEN: trigger on stack; board=[('14', 'grizzly bears', 0), ('23', 'rakdos, the showstopper', 0), ('34', 'grizzly bears', 0)] eligible=2
[04:17:35] exported pre.json
[04:17:35] PRE exported: Rakdos ETB on the stack
[04:17:35] ETB RESOLVED: board now=[] flips_seen=0 heads_answers=0
[04:17:35] exported mid.json
[04:17:35] MID exported: after ETB resolution
[04:17:36] DIAG turn=15 active=0 phase=PreCombatMain pp=1 P0life=20 P1life=20 rakdos=[] bears=0 etb=True/True flips=0 P0hand=['swamp']
[04:17:39] [P1] playing land forest
[04:17:43] [P0] playing land swamp
[04:17:45] exported post.json
[04:17:45] POST exported; board=[]
[04:17:45] post exported; finishing
[04:17:45] loaded pre.json
[04:17:45] loaded mid.json
[04:17:45] loaded post.json
[04:17:45] copied scenario_6986_01030.py into EVDIR
[04:17:47] wrote summary.png
[04:17:47] manifest: MISSING server.log
[04:17:47] wrote manifest.sha256
[04:17:47] manifest: MISSING server.log
