[11:47:01] ServerHello: version=0.105.0 build=965e243 protocol=120 mode=Full
[11:47:01] data-level: squee oracle ok=True effects=[{'kind': 'Spell', 'type': 'Unimplemented', 'name': 'static_structure', 'description': 'Static pattern matched but line failed static parser: You may cast this card from your graveyard or from exile.'}]
[11:47:02] P0 creating game...
[11:47:03] P1 joining...
[11:47:04] game 2TC8R5; P0 seat=0 P1 seat=1
[11:47:04] [P0] keep 7: ['forest', 'mountain', 'mountain', 'mountain', 'forest', 'forest', 'squee, the immortal']
[11:47:04] [P1] keep 7: ['mountain', 'mountain', 'mountain', 'mountain', 'forest', 'mountain', 'mountain']
[11:47:05] [P0] playing land mountain
[11:47:09] [P1] playing land mountain
[11:47:13] [P0] playing land mountain
[11:47:17] [P1] playing land mountain
[11:47:21] [P0] playing land forest
[11:47:25] [P1] playing land mountain
[11:47:29] [P0] playing land forest
[11:47:32] [P1] playing land mountain
[11:47:36] [P0] playing land forest
[11:47:40] [P1] playing land forest
[11:47:44] [P0] playing land forest
[11:47:48] [P1] playing land mountain
[11:47:51] [P0] playing land forest
[11:47:55] [P1] playing land mountain
[11:47:59] [P0] playing land mountain
[11:48:03] [P1] playing land mountain
[11:48:04] DIAG P0: rev=235 turn=16 phase=BeginCombat prio=True decision=False stage=SETUP step=0 exile_sq=0 gy_sq=0 untapped=8
[11:48:07] [P0] playing land forest
[11:48:11] [P1] playing land forest
[11:48:15] [P0] playing land forest
[11:48:19] [P1] playing land mountain
[11:48:23] [P0] playing land forest
[11:48:27] [P1] playing land forest
[11:48:31] [P0] playing land mountain
[11:48:35] [P1] playing land forest
[11:48:39] [P0] playing land mountain
[11:48:43] [P1] playing land mountain
[11:48:46] [P0] playing land forest
[11:48:50] [P1] playing land forest
[11:48:54] [P0] playing land mountain
[11:48:58] [P1] playing land forest
[11:49:02] [P0] playing land forest
[11:49:04] DIAG P0: rev=464 turn=31 phase=PostCombatMain prio=False decision=False stage=SETUP step=0 exile_sq=0 gy_sq=0 untapped=16
[11:49:06] [P1] playing land mountain
[11:49:10] [P0] playing land mountain
[11:49:14] [P1] playing land forest
[11:49:18] [P0] playing land mountain
[11:49:22] [P1] playing land mountain
[11:49:25] [P0] playing land mountain
[11:49:29] [P1] playing land forest
[11:49:33] [P0] playing land mountain
[11:49:37] [P1] playing land forest
[11:49:41] [P0] playing land mountain
[11:49:45] [P1] playing land mountain
[11:49:48] [P0] playing land forest
[11:49:52] [P1] playing land mountain
[11:49:56] [P0] casts Faithless Looting (oid 9)
[11:49:56] [P0] action confirmed (stack): Faithless Looting oid 9
[11:49:56] [P0] tap land for mana used_for=R
[11:49:56] [P0] submitting interaction iid=2TC8R5.0.667 choice=2TC8R5.0.667.c1 (Mountain)
[11:49:57] [P0] Looting discards 2 Squees ['22', '55']
[11:49:57] Looting resolved (discard done)
[11:49:57] [P0] playing land forest
[11:50:02] [P1] playing land forest
[11:50:04] DIAG P0: rev=693 turn=46 phase=PostCombatMain prio=False decision=False stage=SETUP step=0 exile_sq=0 gy_sq=2 untapped=21
[11:50:06] [P0] playing land forest
[11:50:10] [P1] playing land mountain
[11:50:14] [P0] playing land forest
[11:50:18] [P1] playing land mountain
[11:50:22] [P0] playing land mountain
[11:50:25] [P1] playing land mountain
[11:50:33] [P1] playing land forest
[11:50:37] [P0] playing land mountain
[11:50:40] [P1] playing land forest
[11:50:46] [P0] casts Scavenging Ooze (oid 7)
[11:50:46] [P0] action confirmed (stack): Scavenging Ooze oid 7
[11:50:46] [P0] tap land for mana used_for=G
[11:50:46] [P0] submitting interaction iid=2TC8R5.0.851 choice=2TC8R5.0.851.c2 (Forest)
[11:50:46] [P0] tap land for mana used_for=generic
[11:50:46] [P0] submitting interaction iid=2TC8R5.0.852 choice=2TC8R5.0.852.c1 (Mountain)
[11:50:47] [P0] activates Scavenging Ooze (advertised action)
[11:50:47] [P0] Ooze exiles Squee 22 (choice 2TC8R5.0.856.t1)
[11:50:48] [P0] action confirmed (battlefield): Scavenging Ooze oid 7
[11:50:48] [P0] tap land for mana used_for=G
[11:50:48] [P0] submitting interaction iid=2TC8R5.0.857 choice=2TC8R5.0.857.c7 (Forest)
[11:50:48] Ooze exile done: Squee 22 now in Exile
[11:50:49] exported pre.json
[11:50:49] === stage -> MAIN (exile=1 gy=1 untapped=22) ===
[11:50:49] EXILE menu: 0 castSpell choices: []
[11:50:49] EXILE menu: 0 castSpell choices: []
[11:50:54] EXILE menu: 0 castSpell choices: []
[11:50:59] EXILE menu: 0 castSpell choices: []
[11:51:04] EXILE menu: 0 castSpell choices: []
[11:51:04] DIAG P0: rev=862 turn=57 phase=BeginCombat prio=True decision=False stage=MAIN step=1 exile_sq=1 gy_sq=1 untapped=22
[11:51:09] EXILE menu: 0 castSpell choices: []
[11:51:09] EXILE menu: no castSpell choice for the exiled Squee after 20s; concluding not offered
[11:51:09] EXILE cast: oid=22 offered=False (none)
[11:51:10] [P06861] ActionRejected: {"rejection": {"code": "invalid_action", "disposition": "invalid", "message": "That action is not valid in the current game state.", "related_object_ids": [22]}}
[11:51:10] [P0] cast EXILE rejected
[11:51:14] exported post_exile.json
[11:51:14] === EXILE cast rejected -> GY control (step 2) ===
[11:51:19] GY menu: 0 castSpell choices: []
[11:51:24] GY menu: 0 castSpell choices: []
[11:51:29] GY menu: 0 castSpell choices: []
[11:51:34] GY menu: 0 castSpell choices: []
[11:51:39] GY menu: 0 castSpell choices: []
[11:51:39] GY menu: no castSpell choice for the gy Squee after 20s; concluding not offered
[11:51:39] GY control cast: oid=55 offered=False (none)
[11:51:39] GY control: no advertised CastSpell; attempting raw action
[11:51:40] [P06861] ActionRejected: {"rejection": {"code": "invalid_action", "disposition": "invalid", "message": "That action is not valid in the current game state.", "related_object_ids": [55]}}
[11:51:40] [P0] cast GYCTL rejected
[11:51:45] exported post_gy.json
[11:51:45] === GY cast rejected; finishing ===
[11:51:45] A1_setup_ok: passed
[11:51:45] A2_exile_cast_offered: failed
[11:51:45] A3_exile_cast_completes: failed
[11:51:45] A4_gy_cast_completes: failed
[11:51:45] A5_cleanup: passed
[11:51:45] DONE verdict=reproduced assertions={"A1_setup_ok": "passed", "A2_exile_cast_offered": "failed", "A3_exile_cast_completes": "failed", "A4_gy_cast_completes": "failed", "A5_cleanup": "passed"}
[11:51:46] rendered /home/hatch/workspace/dev/phase-backfill/evidence/6861/run-6861-reval-v01050-20261010-1150/summary.png
[11:51:46] copied driver into evidence dir
