ServerHello: version=0.102.0 build=e17f6fd protocol=106 mode=Full
data-level check: ok=True notes=[]
P0 creating game...
P1 joining...
game TXWNG2; seats 0/1
[P0] keeps (hand=7)
[P1] keeps (hand=7)
[P0] playing land island
[P1] playing land island
[P1] tap land for mana used_for=any needs_left=None
[P0] playing land swamp
[P0] casting Otherworldly Gaze (oid 17)
[P0] tap land for mana used_for=generic needs_left={'U': 1, 'generic': 0}
[P0] surveil -> mill 3
[P1] tap land for mana used_for=any needs_left=None
[P1] playing land island
[P1] tap land for mana used_for=any needs_left=None
[P0] tap land for mana used_for=U needs_left={'U': 0, 'generic': 0}
[P0] playing land island
[P0] casting Otherworldly Gaze (oid 10)
[P0] surveil -> mill 3
[P1] tap land for mana used_for=any needs_left=None
[P1] tap land for mana used_for=any needs_left=None
[P1] playing land island
[P1] tap land for mana used_for=any needs_left=None
[P0] tap land for mana used_for=U needs_left={'U': 0, 'generic': 1}
[P0] tap land for mana used_for=generic needs_left={'U': 0, 'generic': 0}
[P0] playing land swamp
[P1] tap land for mana used_for=any needs_left=None
[P1] tap land for mana used_for=any needs_left=None
[P1] tap land for mana used_for=any needs_left=None
[P1] playing land island
[P1] tap land for mana used_for=any needs_left=None
[P0] playing land island
[P0] casting Otherworldly Gaze (oid 17)
[P0] tap land for mana used_for=U needs_left={'U': 0, 'generic': 1}
[P0] tap land for mana used_for=generic needs_left={'U': 0, 'generic': 0}
[P0] surveil -> mill 3
[P1] tap land for mana used_for=any needs_left=None
[P1] tap land for mana used_for=any needs_left=None
[P1] tap land for mana used_for=any needs_left=None
[P1] tap land for mana used_for=any needs_left=None
[P1] playing land island
[P1] tap land for mana used_for=any needs_left=None
[P0] playing land swamp
[P0] casting Otherworldly Gaze (oid 50)
[P0] tap land for mana used_for=U needs_left={'U': 0, 'generic': 1}
[P0] tap land for mana used_for=generic needs_left={'U': 0, 'generic': 0}
[P0] surveil -> keep on top
[P0] casting Otherworldly Gaze (oid 50)
[P0] tap land for mana used_for=generic needs_left={'U': 1, 'generic': 0}
[P0] surveil -> keep on top
[P1] tap land for mana used_for=any needs_left=None
[P1] tap land for mana used_for=any needs_left=None
[P1] tap land for mana used_for=any needs_left=None
[P1] tap land for mana used_for=any needs_left=None
[P1] tap land for mana used_for=any needs_left=None
[P1] playing land island
[P1] tap land for mana used_for=any needs_left=None
[P0] tap land for mana used_for=U needs_left={'U': 0, 'generic': 0}
[P0] playing land island
[P0] casting Otherworldly Gaze (oid 57)
[P0] tap land for mana used_for=U needs_left={'U': 0, 'generic': 1}
[P0] tap land for mana used_for=generic needs_left={'U': 0, 'generic': 0}
[P0] surveil -> mill 3
[P0] casting Otherworldly Gaze (oid 60)
[P0] tap land for mana used_for=generic needs_left={'U': 1, 'generic': 0}
[P0] surveil -> keep on top
[P1] tap land for mana used_for=any needs_left=None
[P1] tap land for mana used_for=any needs_left=None
[P1] tap land for mana used_for=any needs_left=None
[P1] tap land for mana used_for=any needs_left=None
[P1] tap land for mana used_for=any needs_left=None
[P1] tap land for mana used_for=any needs_left=None
[P1] playing land island
[P1] tap land for mana used_for=any needs_left=None
[P0] tap land for mana used_for=U needs_left={'U': 0, 'generic': 0}
[P0] playing land swamp
[P0] casting Ultimecia, Time Sorceress (oid 15)
[P0] tap land for mana used_for=B needs_left={'U': 1, 'B': 0, 'generic': 5}
[P0] tap land for mana used_for=generic needs_left={'U': 1, 'B': 0, 'generic': 4}
[P0] surveil -> keep on top
[P0] transform prompt -> DECLINE (TXWNG2.0.305.c0)
[P0] declined transform (not ready yet)
[P1] tap land for mana used_for=any needs_left=None
[P1] tap land for mana used_for=any needs_left=None
[P1] tap land for mana used_for=any needs_left=None
[P1] tap land for mana used_for=any needs_left=None
[P1] tap land for mana used_for=any needs_left=None
[P1] tap land for mana used_for=any needs_left=None
[P1] tap land for mana used_for=any needs_left=None
[P1] playing land island
[P1] tap land for mana used_for=any needs_left=None
[P0] tap land for mana used_for=U needs_left={'U': 0, 'B': 0, 'generic': 4}
[P0] tap land for mana used_for=generic needs_left={'U': 0, 'B': 0, 'generic': 3}
[P0] tap land for mana used_for=generic needs_left={'U': 0, 'B': 0, 'generic': 2}
[P0] tap land for mana used_for=generic needs_left={'U': 0, 'B': 0, 'generic': 1}
[P0] tap land for mana used_for=generic needs_left={'U': 0, 'B': 0, 'generic': 0}
[P0] playing land swamp
[P0] DeclareAttackers -> none (advertised action)
[P0] transform prompt -> DECLINE (TXWNG2.0.352.c0)
[P0] declined transform (not ready yet)
[P1] tap land for mana used_for=any needs_left=None
[P1] tap land for mana used_for=any needs_left=None
[P1] tap land for mana used_for=any needs_left=None
[P1] tap land for mana used_for=any needs_left=None
[P1] tap land for mana used_for=any needs_left=None
[P1] tap land for mana used_for=any needs_left=None
[P1] tap land for mana used_for=any needs_left=None
[P1] tap land for mana used_for=any needs_left=None
[P1] playing land island
[P1] tap land for mana used_for=any needs_left=None
[P0] playing land island
[P0] DeclareAttackers -> none (advertised action)
exported pre_transform.json
[pre] exported turn 19 gy=9 kind=decideOptionalEffect
[P0] transform prompt -> ACCEPT (TXWNG2.0.395.c1)
[P0] accepted transform; needs={'U': 2, 'B': 2, 'generic': 4}
[P0] exile 8 from graveyard (schema select, 8)
[P0] tap land for mana used_for=B needs_left={'U': 2, 'B': 1, 'generic': 4}
[observed] Ultimecia, Omnipotent on battlefield (turn 19)
[P0] tap land for mana used_for=U needs_left={'U': 1, 'B': 1, 'generic': 4}
[P1] tap land for mana used_for=any needs_left=None
[P1] tap land for mana used_for=any needs_left=None
[P1] tap land for mana used_for=any needs_left=None
[P1] tap land for mana used_for=any needs_left=None
[P1] tap land for mana used_for=any needs_left=None
[P1] tap land for mana used_for=any needs_left=None
[P1] tap land for mana used_for=any needs_left=None
[P1] tap land for mana used_for=any needs_left=None
[P1] tap land for mana used_for=any needs_left=None
[P1] playing land island
[P1] tap land for mana used_for=any needs_left=None
[P0] tap land for mana used_for=B needs_left={'U': 1, 'B': 0, 'generic': 4}
exported post_extra_turn.json
[post] exported turn 21 active=0
A1_setup_ok: passed
A2_transform_resolved: passed
A3_extra_turn_next: failed
A4_extra_turn_taken: failed
A5_single_extra: failed
A6_cleanup: passed
WF sequence: ['MulliganDecision', 'Priority', 'SurveilChoice', 'Priority', 'SurveilChoice', 'Priority', 'SurveilChoice', 'Priority', 'SurveilChoice', 'Priority', 'SurveilChoice', 'Priority', 'SurveilChoice', 'Priority', 'SurveilChoice', 'Priority', 'SurveilChoice', 'Priority', 'OptionalEffectChoice', 'Priority', 'DeclareAttackers', 'Priority', 'OptionalEffectChoice', 'Priority', 'DeclareAttackers', 'Priority', 'OptionalEffectChoice', 'EffectZoneChoice', 'Priority']
Turn sequence: [(1, 0), (2, 1), (3, 0), (4, 1), (5, 0), (6, 1), (7, 0), (8, 1), (9, 0), (10, 1), (11, 0), (12, 1), (13, 0), (14, 1), (15, 0), (16, 1), (17, 0), (18, 1), (19, 0), (20, 1), (21, 0)]
verdict: reproduced
