ServerHello: version=0.101.0 build=acafe9b protocol=103 mode=Full
data-level check: tears_ok=True (head=PumpAll, cdt_flag=False, inner=Sacrifice/{'type': 'TrackedSet', 'id': 0}); census_ok=True
  census fire giant's fury: cdt=1 defective=1 refs=['TrackedSet']
  census kharasha foothills: cdt=1 defective=1 refs=['TrackedSet']
  census priority boarding: cdt=1 defective=1 refs=['TrackedSet']
  census pure intentions: cdt=2 defective=1 refs=['TrackedSet']
  census shredder, shadow master: cdt=1 defective=1 refs=['TrackedSet']
  census song of blood: cdt=1 defective=1 refs=['FilteredTrackedSetSize']
  census tears of rage: cdt=1 defective=1 refs=['TrackedSet']
  census the eagles are coming!: cdt=1 defective=1 refs=['FilteredTrackedSetSize']
  census waltz of rage: cdt=1 defective=1 refs=['TrackedSet']
game created: code=B5V8CU
[P0] keep 7 (hand: ['goblin piker', 'mountain', 'mountain', 'goblin piker', 'mountain', 'mountain', 'tears of rage'])
[P1] keep 7 (hand: ['plains', 'plains', 'plains', 'plains', 'plains', 'plains', 'plains'])
[P0] casting Goblin Piker (oid 18)
[P0] cast oid 18 left hand (zone Stack); payment complete, needs cleared
[P0] casting Goblin Piker (oid 33)
[P0] cast oid 33 left hand (zone Stack); payment complete, needs cleared
[P1] vi discard-to-hand-size: B5V8CU.0.298.s6
[P1] vi discard-to-hand-size: B5V8CU.0.329.s4
[P1] vi discard-to-hand-size: B5V8CU.0.360.s7
[P1] vi discard-to-hand-size: B5V8CU.0.391.s7
[P0] casting Goblin Piker (oid 22)
[P0] cast oid 22 left hand (zone Stack); payment complete, needs cleared
[P1] vi discard-to-hand-size: B5V8CU.0.424.s7
[P0] attack plan ARMED (pikers>=3, tears in hand, mountains=12)
[P0] declaring attackers [18, 22] at P1; control=33
exported pre.json
[cast] pre.json exported: tears in P0 hand=True; untapped mountains=12; P0 creatures={18: 'goblin piker', 22: 'goblin piker', 33: 'goblin piker'}; turn=28; phase=DeclareAttackers
[P0] casting Tears of Rage (oid 16) -- DECISIVE
[window] Tears of Rage spell observed on the stack
exported mid_stack.json
[window] mid_stack exported (spell on stack)
[window] stack dump written (spell_on_stack); 1 entries
[resolving/P0] prompt class=mana_payment: {"interactionId": "B5V8CU.0.435", "response": {"type": "exactChoices", "data": {"choices": [{"id": "B5V8CU.0.435.c0", "surfaces": [{"type": "summary", "data": {"code": "candidate"}}, {"type": "action", "data": {"code": "passPriority", "actionId": "aa9063230e9a
[P0] cast oid 16 left hand (zone Stack); payment complete, needs cleared
exported mid_stack.json
[window] mid_stack exported (spell on stack)
[resolving/P1] prompt class=mana_payment: {"interactionId": "B5V8CU.0.436", "response": {"type": "exactChoices", "data": {"choices": [{"id": "B5V8CU.0.436.c0", "surfaces": [{"type": "summary", "data": {"code": "candidate"}}, {"type": "action", "data": {"code": "passPriority", "actionId": "aa9063230e9a
[window] Tears of Rage resolved; starting settle clock
[resolving/P0] prompt class=mana_payment: {"interactionId": "B5V8CU.0.437", "response": {"type": "exactChoices", "data": {"choices": [{"id": "B5V8CU.0.437.c0", "surfaces": [{"type": "summary", "data": {"code": "candidate"}}, {"type": "action", "data": {"code": "passPriority", "actionId": "aa9063230e9a
[resolving/P1] prompt class=mana_payment: {"interactionId": "B5V8CU.0.438", "response": {"type": "exactChoices", "data": {"choices": [{"id": "B5V8CU.0.438.c0", "surfaces": [{"type": "summary", "data": {"code": "candidate"}}, {"type": "action", "data": {"code": "passPriority", "actionId": "aa9063230e9a
[resolving/P0] prompt class=mana_payment: {"interactionId": "B5V8CU.0.439", "response": {"type": "exactChoices", "data": {"choices": [{"id": "B5V8CU.0.439.c0", "surfaces": [{"type": "summary", "data": {"code": "candidate"}}, {"type": "action", "data": {"code": "passPriority", "actionId": "aa9063230e9a
[resolving/P1] prompt class=mana_payment: {"interactionId": "B5V8CU.0.440", "response": {"type": "exactChoices", "data": {"choices": [{"id": "B5V8CU.0.440.c0", "surfaces": [{"type": "summary", "data": {"code": "candidate"}}, {"type": "action", "data": {"code": "passPriority", "actionId": "aa9063230e9a
[resolving/P0] prompt class=mana_payment: {"interactionId": "B5V8CU.0.441", "response": {"type": "exactChoices", "data": {"choices": [{"id": "B5V8CU.0.441.c0", "surfaces": [{"type": "summary", "data": {"code": "candidate"}}, {"type": "action", "data": {"code": "passPriority", "actionId": "aa9063230e9a
[resolving/P1] prompt class=mana_payment: {"interactionId": "B5V8CU.0.442", "response": {"type": "exactChoices", "data": {"choices": [{"id": "B5V8CU.0.442.c0", "surfaces": [{"type": "summary", "data": {"code": "candidate"}}, {"type": "action", "data": {"code": "passPriority", "actionId": "aa9063230e9a
[resolving/P0] prompt class=mana_payment: {"interactionId": "B5V8CU.0.443", "response": {"type": "exactChoices", "data": {"choices": [{"id": "B5V8CU.0.443.c0", "surfaces": [{"type": "summary", "data": {"code": "candidate"}}, {"type": "action", "data": {"code": "passPriority", "actionId": "aa9063230e9a
[resolving/P1] prompt class=mana_payment: {"interactionId": "B5V8CU.0.444", "response": {"type": "exactChoices", "data": {"choices": [{"id": "B5V8CU.0.444.c0", "surfaces": [{"type": "summary", "data": {"code": "candidate"}}, {"type": "action", "data": {"code": "passPriority", "actionId": "aa9063230e9a
[resolving/P0] prompt class=mana_payment: {"interactionId": "B5V8CU.0.445", "response": {"type": "exactChoices", "data": {"choices": [{"id": "B5V8CU.0.445.c0", "surfaces": [{"type": "summary", "data": {"code": "candidate"}}, {"type": "action", "data": {"code": "passPriority", "actionId": "aa9063230e9a
[resolving/P1] prompt class=mana_payment: {"interactionId": "B5V8CU.0.446", "response": {"type": "exactChoices", "data": {"choices": [{"id": "B5V8CU.0.446.c0", "surfaces": [{"type": "summary", "data": {"code": "candidate"}}, {"type": "action", "data": {"code": "passPriority", "actionId": "aa9063230e9a
exported mid_endstep.json
[window] mid_endstep exported (delayed trigger on stack)
exported mid_endstep.json
[window] mid_endstep exported (delayed trigger on stack)
[resolving/P0] prompt class=mana_payment: {"interactionId": "B5V8CU.0.447", "response": {"type": "exactChoices", "data": {"choices": [{"id": "B5V8CU.0.447.c0", "surfaces": [{"type": "summary", "data": {"code": "candidate"}}, {"type": "action", "data": {"code": "passPriority", "actionId": "aa9063230e9a
[resolving/P1] prompt class=mana_payment: {"interactionId": "B5V8CU.0.448", "response": {"type": "exactChoices", "data": {"choices": [{"id": "B5V8CU.0.448.c0", "surfaces": [{"type": "summary", "data": {"code": "candidate"}}, {"type": "action", "data": {"code": "passPriority", "actionId": "aa9063230e9a
[resolving/P0] prompt class=mana_payment: {"interactionId": "B5V8CU.0.449", "response": {"type": "exactChoices", "data": {"choices": [{"id": "B5V8CU.0.449.c0", "surfaces": [{"type": "summary", "data": {"code": "candidate"}}, {"type": "action", "data": {"code": "passPriority", "actionId": "aa9063230e9a
[resolving/P1] prompt class=mana_payment: {"interactionId": "B5V8CU.0.450", "response": {"type": "exactChoices", "data": {"choices": [{"id": "B5V8CU.0.450.c0", "surfaces": [{"type": "summary", "data": {"code": "candidate"}}, {"type": "action", "data": {"code": "passPriority", "actionId": "aa9063230e9a
[resolving/P1] prompt class=mana_payment: {"interactionId": "B5V8CU.0.451", "response": {"type": "exactChoices", "data": {"choices": [{"id": "B5V8CU.0.451.c0", "surfaces": [{"type": "summary", "data": {"code": "candidate"}}, {"type": "action", "data": {"code": "passPriority", "actionId": "aa9063230e9a
[resolving/P0] prompt class=mana_payment: {"interactionId": "B5V8CU.0.452", "response": {"type": "exactChoices", "data": {"choices": [{"id": "B5V8CU.0.452.c0", "surfaces": [{"type": "summary", "data": {"code": "candidate"}}, {"type": "action", "data": {"code": "passPriority", "actionId": "aa9063230e9a
[resolving/P1] prompt class=mana_payment: {"interactionId": "B5V8CU.0.453", "response": {"type": "exactChoices", "data": {"choices": [{"id": "B5V8CU.0.453.c0", "surfaces": [{"type": "summary", "data": {"code": "candidate"}}, {"type": "action", "data": {"code": "passPriority", "actionId": "aa9063230e9a
[resolving/P0] prompt class=mana_payment: {"interactionId": "B5V8CU.0.454", "response": {"type": "exactChoices", "data": {"choices": [{"id": "B5V8CU.0.454.c0", "surfaces": [{"type": "summary", "data": {"code": "candidate"}}, {"type": "action", "data": {"code": "passPriority", "actionId": "aa9063230e9a
[resolving/P1] prompt class=mana_payment: {"interactionId": "B5V8CU.0.455", "response": {"type": "exactChoices", "data": {"choices": [{"id": "B5V8CU.0.455.c0", "surfaces": [{"type": "summary", "data": {"code": "candidate"}}, {"type": "action", "data": {"code": "passPriority", "actionId": "aa9063230e9a
[resolving/P0] prompt class=mana_payment: {"interactionId": "B5V8CU.0.456", "response": {"type": "exactChoices", "data": {"choices": [{"id": "B5V8CU.0.456.c0", "surfaces": [{"type": "summary", "data": {"code": "candidate"}}, {"type": "action", "data": {"code": "passPriority", "actionId": "aa9063230e9a
[resolving/P1] prompt class=mana_payment: {"interactionId": "B5V8CU.0.457", "response": {"type": "exactChoices", "data": {"choices": [{"id": "B5V8CU.0.457.c0", "surfaces": [{"type": "summary", "data": {"code": "candidate"}}, {"type": "action", "data": {"code": "passPriority", "actionId": "aa9063230e9a
[resolving/P0] prompt class=mana_payment: {"interactionId": "B5V8CU.0.458", "response": {"type": "exactChoices", "data": {"choices": [{"id": "B5V8CU.0.458.c0", "surfaces": [{"type": "summary", "data": {"code": "candidate"}}, {"type": "action", "data": {"code": "passPriority", "actionId": "aa9063230e9a
[resolving/P1] prompt class=mana_payment: {"interactionId": "B5V8CU.0.459", "response": {"type": "exactChoices", "data": {"choices": [{"id": "B5V8CU.0.459.c0", "surfaces": [{"type": "summary", "data": {"code": "candidate"}}, {"type": "action", "data": {"code": "passPriority", "actionId": "aa9063230e9a
[resolving/P0] prompt class=mana_payment: {"interactionId": "B5V8CU.0.460", "response": {"type": "exactChoices", "data": {"choices": [{"id": "B5V8CU.0.460.c0", "surfaces": [{"type": "summary", "data": {"code": "candidate"}}, {"type": "action", "data": {"code": "passPriority", "actionId": "aa9063230e9a
[resolving/P1] prompt class=mana_payment: {"interactionId": "B5V8CU.0.461", "response": {"type": "exactChoices", "data": {"choices": [{"id": "B5V8CU.0.461.c0", "surfaces": [{"type": "summary", "data": {"code": "candidate"}}, {"type": "action", "data": {"code": "passPriority", "actionId": "aa9063230e9a
[resolving/P0] prompt class=mana_payment: {"interactionId": "B5V8CU.0.462", "response": {"type": "exactChoices", "data": {"choices": [{"id": "B5V8CU.0.462.c0", "surfaces": [{"type": "summary", "data": {"code": "candidate"}}, {"type": "action", "data": {"code": "passPriority", "actionId": "aa9063230e9a
[resolving/P1] prompt class=mana_payment: {"interactionId": "B5V8CU.0.463", "response": {"type": "exactChoices", "data": {"choices": [{"id": "B5V8CU.0.463.c0", "surfaces": [{"type": "summary", "data": {"code": "candidate"}}, {"type": "action", "data": {"code": "passPriority", "actionId": "aa9063230e9a
[resolving/P0] prompt class=mana_payment: {"interactionId": "B5V8CU.0.464", "response": {"type": "exactChoices", "data": {"choices": [{"id": "B5V8CU.0.464.c0", "surfaces": [{"type": "summary", "data": {"code": "candidate"}}, {"type": "action", "data": {"code": "passPriority", "actionId": "aa9063230e9a
[resolving/P1] prompt class=discard_handsize: {"interactionId": "B5V8CU.0.465", "response": {"type": "schema", "data": {"spec": {"type": "select", "data": {"constraint": {"type": "count", "data": {"min": 1, "max": 1}}, "confirm": "explicit"}}, "candidates": [{"id": "B5V8CU.0.465.s0", "surfaces": [{"type":
[P1] vi discard-to-hand-size: B5V8CU.0.465.s6
[resolving/P0] prompt class=mana_payment: {"interactionId": "B5V8CU.0.466", "response": {"type": "exactChoices", "data": {"choices": [{"id": "B5V8CU.0.466.c0", "surfaces": [{"type": "summary", "data": {"code": "candidate"}}, {"type": "action", "data": {"code": "passPriority", "actionId": "aa9063230e9a
[resolving/P1] prompt class=mana_payment: {"interactionId": "B5V8CU.0.467", "response": {"type": "exactChoices", "data": {"choices": [{"id": "B5V8CU.0.467.c0", "surfaces": [{"type": "summary", "data": {"code": "candidate"}}, {"type": "action", "data": {"code": "passPriority", "actionId": "aa9063230e9a
[resolving/P0] prompt class=mana_payment: {"interactionId": "B5V8CU.0.468", "response": {"type": "exactChoices", "data": {"choices": [{"id": "B5V8CU.0.468.c0", "surfaces": [{"type": "summary", "data": {"code": "candidate"}}, {"type": "action", "data": {"code": "passPriority", "actionId": "aa9063230e9a
[resolving/P1] prompt class=mana_payment: {"interactionId": "B5V8CU.0.469", "response": {"type": "exactChoices", "data": {"choices": [{"id": "B5V8CU.0.469.c0", "surfaces": [{"type": "summary", "data": {"code": "candidate"}}, {"type": "action", "data": {"code": "passPriority", "actionId": "aa9063230e9a
[resolving/P0] prompt class=mana_payment: {"interactionId": "B5V8CU.0.470", "response": {"type": "exactChoices", "data": {"choices": [{"id": "B5V8CU.0.470.c0", "surfaces": [{"type": "summary", "data": {"code": "candidate"}}, {"type": "action", "data": {"code": "passPriority", "actionId": "aa9063230e9a
[resolving/P1] prompt class=mana_payment: {"interactionId": "B5V8CU.0.471", "response": {"type": "exactChoices", "data": {"choices": [{"id": "B5V8CU.0.471.c0", "surfaces": [{"type": "summary", "data": {"code": "candidate"}}, {"type": "action", "data": {"code": "passPriority", "actionId": "aa9063230e9a
[resolving/P0] prompt class=mana_payment: {"interactionId": "B5V8CU.0.472", "response": {"type": "exactChoices", "data": {"choices": [{"id": "B5V8CU.0.472.c0", "surfaces": [{"type": "summary", "data": {"code": "candidate"}}, {"type": "action", "data": {"code": "passPriority", "actionId": "aa9063230e9a
[resolving/P1] prompt class=mana_payment: {"interactionId": "B5V8CU.0.473", "response": {"type": "exactChoices", "data": {"choices": [{"id": "B5V8CU.0.473.c0", "surfaces": [{"type": "summary", "data": {"code": "candidate"}}, {"type": "action", "data": {"code": "passPriority", "actionId": "aa9063230e9a
[resolving/P0] prompt class=declare_combat: {"interactionId": "B5V8CU.0.474", "response": {"type": "schema", "data": {"spec": {"type": "relations", "data": {"edges": [{"sourceId": "B5V8CU.0.474.r0", "targetIds": ["B5V8CU.0.474.d0"]}, {"sourceId": "B5V8CU.0.474.r1", "targetIds": ["B5V8CU.0.474.d0"]}, {"s
[resolving/P0] prompt class=mana_payment: {"interactionId": "B5V8CU.0.475", "response": {"type": "exactChoices", "data": {"choices": [{"id": "B5V8CU.0.475.c0", "surfaces": [{"type": "summary", "data": {"code": "candidate"}}, {"type": "action", "data": {"code": "passPriority", "actionId": "aa9063230e9a
[resolving/P1] prompt class=mana_payment: {"interactionId": "B5V8CU.0.476", "response": {"type": "exactChoices", "data": {"choices": [{"id": "B5V8CU.0.476.c0", "surfaces": [{"type": "summary", "data": {"code": "candidate"}}, {"type": "action", "data": {"code": "passPriority", "actionId": "aa9063230e9a
[resolving/P0] prompt class=mana_payment: {"interactionId": "B5V8CU.0.477", "response": {"type": "exactChoices", "data": {"choices": [{"id": "B5V8CU.0.477.c0", "surfaces": [{"type": "summary", "data": {"code": "candidate"}}, {"type": "action", "data": {"code": "passPriority", "actionId": "aa9063230e9a
[resolving/P1] prompt class=mana_payment: {"interactionId": "B5V8CU.0.478", "response": {"type": "exactChoices", "data": {"choices": [{"id": "B5V8CU.0.478.c0", "surfaces": [{"type": "summary", "data": {"code": "candidate"}}, {"type": "action", "data": {"code": "passPriority", "actionId": "aa9063230e9a
[resolving/P0] prompt class=mana_payment: {"interactionId": "B5V8CU.0.479", "response": {"type": "exactChoices", "data": {"choices": [{"id": "B5V8CU.0.479.c0", "surfaces": [{"type": "summary", "data": {"code": "candidate"}}, {"type": "action", "data": {"code": "passPriority", "actionId": "aa9063230e9a
[resolving/P1] prompt class=mana_payment: {"interactionId": "B5V8CU.0.480", "response": {"type": "exactChoices", "data": {"choices": [{"id": "B5V8CU.0.480.c0", "surfaces": [{"type": "summary", "data": {"code": "candidate"}}, {"type": "action", "data": {"code": "passPriority", "actionId": "aa9063230e9a
[resolving/P1] prompt class=mana_payment: {"interactionId": "B5V8CU.0.481", "response": {"type": "exactChoices", "data": {"choices": [{"id": "B5V8CU.0.481.c0", "surfaces": [{"type": "summary", "data": {"code": "candidate"}}, {"type": "action", "data": {"code": "passPriority", "actionId": "aa9063230e9a
[resolving/P0] prompt class=mana_payment: {"interactionId": "B5V8CU.0.482", "response": {"type": "exactChoices", "data": {"choices": [{"id": "B5V8CU.0.482.c0", "surfaces": [{"type": "summary", "data": {"code": "candidate"}}, {"type": "action", "data": {"code": "passPriority", "actionId": "aa9063230e9a
[resolving/P1] prompt class=mana_payment: {"interactionId": "B5V8CU.0.483", "response": {"type": "exactChoices", "data": {"choices": [{"id": "B5V8CU.0.483.c0", "surfaces": [{"type": "summary", "data": {"code": "candidate"}}, {"type": "action", "data": {"code": "passPriority", "actionId": "aa9063230e9a
[resolving/P0] prompt class=mana_payment: {"interactionId": "B5V8CU.0.484", "response": {"type": "exactChoices", "data": {"choices": [{"id": "B5V8CU.0.484.c0", "surfaces": [{"type": "summary", "data": {"code": "candidate"}}, {"type": "action", "data": {"code": "passPriority", "actionId": "aa9063230e9a
[resolving/P1] prompt class=mana_payment: {"interactionId": "B5V8CU.0.485", "response": {"type": "exactChoices", "data": {"choices": [{"id": "B5V8CU.0.485.c0", "surfaces": [{"type": "summary", "data": {"code": "candidate"}}, {"type": "action", "data": {"code": "passPriority", "actionId": "aa9063230e9a
[resolving/P0] prompt class=mana_payment: {"interactionId": "B5V8CU.0.486", "response": {"type": "exactChoices", "data": {"choices": [{"id": "B5V8CU.0.486.c0", "surfaces": [{"type": "summary", "data": {"code": "candidate"}}, {"type": "action", "data": {"code": "passPriority", "actionId": "aa9063230e9a
[resolving/P1] prompt class=mana_payment: {"interactionId": "B5V8CU.0.487", "response": {"type": "exactChoices", "data": {"choices": [{"id": "B5V8CU.0.487.c0", "surfaces": [{"type": "summary", "data": {"code": "candidate"}}, {"type": "action", "data": {"code": "passPriority", "actionId": "aa9063230e9a
[resolving/P0] prompt class=mana_payment: {"interactionId": "B5V8CU.0.488", "response": {"type": "exactChoices", "data": {"choices": [{"id": "B5V8CU.0.488.c0", "surfaces": [{"type": "summary", "data": {"code": "candidate"}}, {"type": "action", "data": {"code": "passPriority", "actionId": "aa9063230e9a
[resolving/P1] prompt class=mana_payment: {"interactionId": "B5V8CU.0.489", "response": {"type": "exactChoices", "data": {"choices": [{"id": "B5V8CU.0.489.c0", "surfaces": [{"type": "summary", "data": {"code": "candidate"}}, {"type": "action", "data": {"code": "passPriority", "actionId": "aa9063230e9a
[resolving/P0] prompt class=mana_payment: {"interactionId": "B5V8CU.0.490", "response": {"type": "exactChoices", "data": {"choices": [{"id": "B5V8CU.0.490.c0", "surfaces": [{"type": "summary", "data": {"code": "candidate"}}, {"type": "action", "data": {"code": "passPriority", "actionId": "aa9063230e9a
[resolving/P1] prompt class=mana_payment: {"interactionId": "B5V8CU.0.491", "response": {"type": "exactChoices", "data": {"choices": [{"id": "B5V8CU.0.491.c0", "surfaces": [{"type": "summary", "data": {"code": "candidate"}}, {"type": "action", "data": {"code": "passPriority", "actionId": "aa9063230e9a
[resolving/P0] prompt class=mana_payment: {"interactionId": "B5V8CU.0.492", "response": {"type": "exactChoices", "data": {"choices": [{"id": "B5V8CU.0.492.c0", "surfaces": [{"type": "summary", "data": {"code": "candidate"}}, {"type": "action", "data": {"code": "passPriority", "actionId": "aa9063230e9a
[resolving/P1] prompt class=mana_payment: {"interactionId": "B5V8CU.0.493", "response": {"type": "exactChoices", "data": {"choices": [{"id": "B5V8CU.0.493.c0", "surfaces": [{"type": "summary", "data": {"code": "candidate"}}, {"type": "action", "data": {"code": "passPriority", "actionId": "aa9063230e9a
[resolving/P0] prompt class=mana_payment: {"interactionId": "B5V8CU.0.494", "response": {"type": "exactChoices", "data": {"choices": [{"id": "B5V8CU.0.494.c0", "surfaces": [{"type": "summary", "data": {"code": "candidate"}}, {"type": "action", "data": {"code": "passPriority", "actionId": "aa9063230e9a
[resolving/P1] prompt class=discard_handsize: {"interactionId": "B5V8CU.0.495", "response": {"type": "schema", "data": {"spec": {"type": "select", "data": {"constraint": {"type": "count", "data": {"min": 1, "max": 1}}, "confirm": "explicit"}}, "candidates": [{"id": "B5V8CU.0.495.s0", "surfaces": [{"type":
[P1] vi discard-to-hand-size: B5V8CU.0.495.s7
[resolving/P0] prompt class=mana_payment: {"interactionId": "B5V8CU.0.496", "response": {"type": "exactChoices", "data": {"choices": [{"id": "B5V8CU.0.496.c0", "surfaces": [{"type": "summary", "data": {"code": "candidate"}}, {"type": "action", "data": {"code": "passPriority", "actionId": "aa9063230e9a
[resolving/P1] prompt class=mana_payment: {"interactionId": "B5V8CU.0.497", "response": {"type": "exactChoices", "data": {"choices": [{"id": "B5V8CU.0.497.c0", "surfaces": [{"type": "summary", "data": {"code": "candidate"}}, {"type": "action", "data": {"code": "passPriority", "actionId": "aa9063230e9a
[resolving/P0] prompt class=mana_payment: {"interactionId": "B5V8CU.0.498", "response": {"type": "exactChoices", "data": {"choices": [{"id": "B5V8CU.0.498.c0", "surfaces": [{"type": "summary", "data": {"code": "candidate"}}, {"type": "action", "data": {"code": "passPriority", "actionId": "aa9063230e9a
[resolving/P1] prompt class=mana_payment: {"interactionId": "B5V8CU.0.499", "response": {"type": "exactChoices", "data": {"choices": [{"id": "B5V8CU.0.499.c0", "surfaces": [{"type": "summary", "data": {"code": "candidate"}}, {"type": "action", "data": {"code": "passPriority", "actionId": "aa9063230e9a
[resolving/P0] prompt class=mana_payment: {"interactionId": "B5V8CU.0.500", "response": {"type": "exactChoices", "data": {"choices": [{"id": "B5V8CU.0.500.c0", "surfaces": [{"type": "summary", "data": {"code": "candidate"}}, {"type": "action", "data": {"code": "passPriority", "actionId": "aa9063230e9a
[resolving/P1] prompt class=mana_payment: {"interactionId": "B5V8CU.0.501", "response": {"type": "exactChoices", "data": {"choices": [{"id": "B5V8CU.0.501.c0", "surfaces": [{"type": "summary", "data": {"code": "candidate"}}, {"type": "action", "data": {"code": "passPriority", "actionId": "aa9063230e9a
[resolving/P0] prompt class=mana_payment: {"interactionId": "B5V8CU.0.502", "response": {"type": "exactChoices", "data": {"choices": [{"id": "B5V8CU.0.502.c0", "surfaces": [{"type": "summary", "data": {"code": "candidate"}}, {"type": "action", "data": {"code": "passPriority", "actionId": "aa9063230e9a
[resolving/P1] prompt class=mana_payment: {"interactionId": "B5V8CU.0.503", "response": {"type": "exactChoices", "data": {"choices": [{"id": "B5V8CU.0.503.c0", "surfaces": [{"type": "summary", "data": {"code": "candidate"}}, {"type": "action", "data": {"code": "passPriority", "actionId": "aa9063230e9a
[resolving/P0] prompt class=declare_combat: {"interactionId": "B5V8CU.0.504", "response": {"type": "schema", "data": {"spec": {"type": "relations", "data": {"edges": [{"sourceId": "B5V8CU.0.504.r0", "targetIds": ["B5V8CU.0.504.d0"]}, {"sourceId": "B5V8CU.0.504.r1", "targetIds": ["B5V8CU.0.504.d0"]}, {"s
[resolving/P0] prompt class=mana_payment: {"interactionId": "B5V8CU.0.505", "response": {"type": "exactChoices", "data": {"choices": [{"id": "B5V8CU.0.505.c0", "surfaces": [{"type": "summary", "data": {"code": "candidate"}}, {"type": "action", "data": {"code": "passPriority", "actionId": "aa9063230e9a
[resolving/P1] prompt class=mana_payment: {"interactionId": "B5V8CU.0.506", "response": {"type": "exactChoices", "data": {"choices": [{"id": "B5V8CU.0.506.c0", "surfaces": [{"type": "summary", "data": {"code": "candidate"}}, {"type": "action", "data": {"code": "passPriority", "actionId": "aa9063230e9a
[resolving/P0] prompt class=mana_payment: {"interactionId": "B5V8CU.0.507", "response": {"type": "exactChoices", "data": {"choices": [{"id": "B5V8CU.0.507.c0", "surfaces": [{"type": "summary", "data": {"code": "candidate"}}, {"type": "action", "data": {"code": "passPriority", "actionId": "aa9063230e9a
[resolving/P1] prompt class=mana_payment: {"interactionId": "B5V8CU.0.508", "response": {"type": "exactChoices", "data": {"choices": [{"id": "B5V8CU.0.508.c0", "surfaces": [{"type": "summary", "data": {"code": "candidate"}}, {"type": "action", "data": {"code": "passPriority", "actionId": "aa9063230e9a
[resolving/P0] prompt class=mana_payment: {"interactionId": "B5V8CU.0.509", "response": {"type": "exactChoices", "data": {"choices": [{"id": "B5V8CU.0.509.c0", "surfaces": [{"type": "summary", "data": {"code": "candidate"}}, {"type": "action", "data": {"code": "passPriority", "actionId": "aa9063230e9a
[resolving/P1] prompt class=mana_payment: {"interactionId": "B5V8CU.0.510", "response": {"type": "exactChoices", "data": {"choices": [{"id": "B5V8CU.0.510.c0", "surfaces": [{"type": "summary", "data": {"code": "candidate"}}, {"type": "action", "data": {"code": "passPriority", "actionId": "aa9063230e9a
[resolving/P1] prompt class=mana_payment: {"interactionId": "B5V8CU.0.511", "response": {"type": "exactChoices", "data": {"choices": [{"id": "B5V8CU.0.511.c0", "surfaces": [{"type": "summary", "data": {"code": "candidate"}}, {"type": "action", "data": {"code": "passPriority", "actionId": "aa9063230e9a
[window] settle clock done; exporting post
[window] settle clock done; exporting post
exported post.json
exported post.json
