both clients connected
game created: KH6NQR
P1 joined
[P0] mulligan: keep 7
[P1] mulligan: keep 7
[diag] t=1s stage=setup turn=1 phase=PreCombatMain wf=Priority grima_bf=0 life=20/20 p1_lib=53 exile=0
[P0] playing land island
[P1] discarding to hand size: KH6NQR.0.31.s0
[P1] submitting interaction iid=KH6NQR.0.31 choice=KH6NQR.0.31.s0 (KH6NQR.0.31.s0)
[P0] playing land swamp
[P1] discarding to hand size: KH6NQR.0.61.s0
[P1] submitting interaction iid=KH6NQR.0.61 choice=KH6NQR.0.61.s0 (KH6NQR.0.61.s0)
[P0] playing land island
[P1] discarding to hand size: KH6NQR.0.91.s0
[P1] submitting interaction iid=KH6NQR.0.91 choice=KH6NQR.0.91.s0 (KH6NQR.0.91.s0)
[P0] playing land island
[P0] casting grima, saruman's footman
[P1] discarding to hand size: KH6NQR.0.124.s0
[P1] submitting interaction iid=KH6NQR.0.124 choice=KH6NQR.0.124.s0 (KH6NQR.0.124.s0)
stage -> combat1 (was setup)
[P0] playing land island
exported pre.json (turn=9)
[P0] declaring attacker: grima -> P1 (stage=combat1)
[P0] OptionalEffectChoice offer (stage=combat1): n=2 accept=['false', 'true'] codes=[['candidate', 'decideOptionalEffect'], ['candidate', 'decideOptionalEffect']] refs=[None, None]
exported offer1.json (turn=9)
[P0] ACCEPTING the free cast (leg 1, reported branch); exiled=2 bolt_oid=88
[P0] submitting interaction iid=KH6NQR.0.141 choice=KH6NQR.0.141.c1 (KH6NQR.0.141.c1)
stage -> accept_leg (was combat1)
[P0] TargetSelection (grima bolt): choosing seat 1
[P0] submitting interaction iid=KH6NQR.0.142 choice=KH6NQR.0.142.t1 (KH6NQR.0.142.t1)
[P0] leg-1 bolt resolved: P1 19->16, P1-gy bolts=2
exported mid.json (turn=9)
stage -> regen (was accept_leg)
[P1] discarding to hand size: KH6NQR.0.167.s0
[P1] submitting interaction iid=KH6NQR.0.167 choice=KH6NQR.0.167.s0 (KH6NQR.0.167.s0)
stage -> combat2 (was regen)
[P0] playing land island
[P0] declaring attacker: grima -> P1 (stage=combat2)
[P0] OptionalEffectChoice offer (stage=combat2): n=2 accept=['false', 'true'] codes=[['candidate', 'decideOptionalEffect'], ['candidate', 'decideOptionalEffect']] refs=[None, None]
exported offer2.json (turn=11)
[P0] DECLINING the free cast (leg 2, control); exiled=5 bolt_oid=111
[P0] submitting interaction iid=KH6NQR.0.184 choice=KH6NQR.0.184.c0 (KH6NQR.0.184.c0)
stage -> decline_leg (was combat2)
exported post.json (turn=11)
stage -> done (was decline_leg)
loaded pre.json
loaded offer1.json
loaded mid.json
loaded offer2.json
loaded post.json
wrote server.log excerpts (378 lines)
rendered summary.png
wrote manifest.sha256
