2026-09-14T03:39:36.263930Z  INFO ws_message: server_core::session: game session created game=KH6NQR player_count=2
2026-09-14T03:39:36.286915Z  INFO ws_message: phase_server: game created via lobby game=KH6NQR host=P0-grima players=2
2026-09-14T03:39:36.350897Z  INFO ws_message: phase_server: JoinGameWithPassword game=KH6NQR joiner=P1-passive
2026-09-14T03:39:36.351337Z  INFO ws_message: server_core::session: player joined session game=KH6NQR player=PlayerId(1) seat=1
2026-09-14T03:39:36.376667Z  INFO ws_message: phase_server: player joined via lobby game=KH6NQR player=PlayerId(1)
2026-09-14T03:39:36.547905Z  WARN phase_server: Full snapshot was no longer current game=KH6NQR disposition=SupersededOrRetired
2026-09-14T03:39:36.815288Z  INFO ws_message:game_session{game=KH6NQR player=PlayerId(0)}: server_core::session: action applied game=KH6NQR player=PlayerId(0) action_type="MulliganDecision" event_count=0
2026-09-14T03:39:36.825544Z  INFO ws_message:game_session{game=KH6NQR player=PlayerId(0)}: phase_server: game submission processed (lock held) game=KH6NQR kind="action" lock_ms=10 ai_actions=0
2026-09-14T03:39:36.896364Z  INFO ws_message:game_session{game=KH6NQR player=PlayerId(1)}: server_core::session: action applied game=KH6NQR player=PlayerId(1) action_type="MulliganDecision" event_count=1
2026-09-14T03:39:36.897727Z  INFO ws_message:game_session{game=KH6NQR player=PlayerId(1)}: phase_server: game submission processed (lock held) game=KH6NQR kind="action" lock_ms=5 ai_actions=0
2026-09-14T03:39:37.068616Z  INFO ws_message:game_session{game=KH6NQR player=PlayerId(0)}: server_core::session: action applied game=KH6NQR player=PlayerId(0) action_type="PassPriority" event_count=1
2026-09-14T03:39:37.072641Z  INFO ws_message:game_session{game=KH6NQR player=PlayerId(0)}: phase_server: game submission processed (lock held) game=KH6NQR kind="action" lock_ms=4 ai_actions=0
2026-09-14T03:39:37.319766Z  INFO ws_message:game_session{game=KH6NQR player=PlayerId(1)}: server_core::session: action applied game=KH6NQR player=PlayerId(1) action_type="PassPriority" event_count=2
2026-09-14T03:39:37.351789Z  INFO ws_message:game_session{game=KH6NQR player=PlayerId(1)}: phase_server: game submission processed (lock held) game=KH6NQR kind="action" lock_ms=32 ai_actions=0
2026-09-14T03:39:37.579776Z  INFO ws_message:game_session{game=KH6NQR player=PlayerId(0)}: server_core::session: action applied game=KH6NQR player=PlayerId(0) action_type="PlayLand" event_count=2
2026-09-14T03:39:37.582792Z  INFO ws_message:game_session{game=KH6NQR player=PlayerId(0)}: phase_server: game submission processed (lock held) game=KH6NQR kind="action" lock_ms=12 ai_actions=0
2026-09-14T03:39:37.823070Z  INFO ws_message:game_session{game=KH6NQR player=PlayerId(0)}: server_core::session: action applied game=KH6NQR player=PlayerId(0) action_type="PassPriority" event_count=1
2026-09-14T03:39:37.829598Z  INFO ws_message:game_session{game=KH6NQR player=PlayerId(0)}: phase_server: game submission processed (lock held) game=KH6NQR kind="action" lock_ms=7 ai_actions=0
2026-09-14T03:39:38.077350Z  INFO ws_message:game_session{game=KH6NQR player=PlayerId(1)}: server_core::session: action applied game=KH6NQR player=PlayerId(1) action_type="PassPriority" event_count=1
2026-09-14T03:39:38.081810Z  INFO ws_message:game_session{game=KH6NQR player=PlayerId(1)}: phase_server: game submission processed (lock held) game=KH6NQR kind="action" lock_ms=7 ai_actions=0
2026-09-14T03:39:38.326880Z  INFO ws_message:game_session{game=KH6NQR player=PlayerId(0)}: server_core::session: action applied game=KH6NQR player=PlayerId(0) action_type="PassPriority" event_count=1
2026-09-14T03:39:38.330294Z  INFO ws_message:game_session{game=KH6NQR player=PlayerId(0)}: phase_server: game submission processed (lock held) game=KH6NQR kind="action" lock_ms=4 ai_actions=0
2026-09-14T03:39:38.584684Z  INFO ws_message:game_session{game=KH6NQR player=PlayerId(1)}: server_core::session: action applied game=KH6NQR player=PlayerId(1) action_type="PassPriority" event_count=3
2026-09-14T03:39:38.587164Z  INFO ws_message:game_session{game=KH6NQR player=PlayerId(1)}: phase_server: game submission processed (lock held) game=KH6NQR kind="action" lock_ms=7 ai_actions=0
2026-09-14T03:39:38.829569Z  INFO ws_message:game_session{game=KH6NQR player=PlayerId(0)}: server_core::session: action applied game=KH6NQR player=PlayerId(0) action_type="PassPriority" event_count=1
2026-09-14T03:39:38.832412Z  INFO ws_message:game_session{game=KH6NQR player=PlayerId(0)}: phase_server: game submission processed (lock held) game=KH6NQR kind="action" lock_ms=3 ai_actions=0
2026-09-14T03:39:39.085123Z  INFO ws_message:game_session{game=KH6NQR player=PlayerId(1)}: server_core::session: action applied game=KH6NQR player=PlayerId(1) action_type="PassPriority" event_count=1
2026-09-14T03:39:39.087591Z  INFO ws_message:game_session{game=KH6NQR player=PlayerId(1)}: phase_server: game submission processed (lock held) game=KH6NQR kind="action" lock_ms=6 ai_actions=0
2026-09-14T03:39:39.331902Z  INFO ws_message:game_session{game=KH6NQR player=PlayerId(0)}: server_core::session: action applied game=KH6NQR player=PlayerId(0) action_type="PassPriority" event_count=1
2026-09-14T03:39:39.334857Z  INFO ws_message:game_session{game=KH6NQR player=PlayerId(0)}: phase_server: game submission processed (lock held) game=KH6NQR kind="action" lock_ms=3 ai_actions=0
2026-09-14T03:39:39.592734Z  INFO ws_message:game_session{game=KH6NQR player=PlayerId(1)}: server_core::session: action applied game=KH6NQR player=PlayerId(1) action_type="PassPriority" event_count=1
2026-09-14T03:39:39.595761Z  INFO ws_message:game_session{game=KH6NQR player=PlayerId(1)}: phase_server: game submission processed (lock held) game=KH6NQR kind="action" lock_ms=13 ai_actions=0
2026-09-14T03:39:39.835462Z  INFO ws_message:game_session{game=KH6NQR player=PlayerId(0)}: server_core::session: action applied game=KH6NQR player=PlayerId(0) action_type="PassPriority" event_count=1
2026-09-14T03:39:39.838524Z  INFO ws_message:game_session{game=KH6NQR player=PlayerId(0)}: phase_server: game submission processed (lock held) game=KH6NQR kind="action" lock_ms=4 ai_actions=0
2026-09-14T03:39:40.091567Z  INFO ws_message:game_session{game=KH6NQR player=PlayerId(1)}: server_core::session: action applied game=KH6NQR player=PlayerId(1) action_type="PassPriority" event_count=4
2026-09-14T03:39:40.093661Z  INFO ws_message:game_session{game=KH6NQR player=PlayerId(1)}: phase_server: game submission processed (lock held) game=KH6NQR kind="action" lock_ms=8 ai_actions=0
2026-09-14T03:39:40.337737Z  INFO ws_message:game_session{game=KH6NQR player=PlayerId(1)}: server_core::session: action applied game=KH6NQR player=PlayerId(1) action_type="PassPriority" event_count=1
2026-09-14T03:39:40.340001Z  INFO ws_message:game_session{game=KH6NQR player=PlayerId(1)}: phase_server: game submission processed (lock held) game=KH6NQR kind="action" lock_ms=3 ai_actions=0
2026-09-14T03:39:40.593076Z  INFO ws_message:game_session{game=KH6NQR player=PlayerId(0)}: server_core::session: action applied game=KH6NQR player=PlayerId(0) action_type="PassPriority" event_count=4
2026-09-14T03:39:40.595556Z  INFO ws_message:game_session{game=KH6NQR player=PlayerId(0)}: phase_server: game submission processed (lock held) game=KH6NQR kind="action" lock_ms=8 ai_actions=0
2026-09-14T03:39:40.839394Z  INFO ws_message:game_session{game=KH6NQR player=PlayerId(1)}: server_core::session: action applied game=KH6NQR player=PlayerId(1) action_type="PassPriority" event_count=1
2026-09-14T03:39:40.841796Z  INFO ws_message:game_session{game=KH6NQR player=PlayerId(1)}: phase_server: game submission processed (lock held) game=KH6NQR kind="action" lock_ms=3 ai_actions=0
2026-09-14T03:39:41.090429Z  INFO ws_message:game_session{game=KH6NQR player=PlayerId(0)}: server_core::session: action applied game=KH6NQR player=PlayerId(0) action_type="PassPriority" event_count=1
2026-09-14T03:39:41.117086Z  INFO ws_message:game_session{game=KH6NQR player=PlayerId(0)}: phase_server: game submission processed (lock held) game=KH6NQR kind="action" lock_ms=27 ai_actions=0
2026-09-14T03:39:41.341734Z  INFO ws_message:game_session{game=KH6NQR player=PlayerId(1)}: server_core::session: action applied game=KH6NQR player=PlayerId(1) action_type="PassPriority" event_count=1
2026-09-14T03:39:41.344162Z  INFO ws_message:game_session{game=KH6NQR player=PlayerId(1)}: phase_server: game submission processed (lock held) game=KH6NQR kind="action" lock_ms=3 ai_actions=0
2026-09-14T03:39:41.592879Z  INFO ws_message:game_session{game=KH6NQR player=PlayerId(0)}: server_core::session: action applied game=KH6NQR player=PlayerId(0) action_type="PassPriority" event_count=1
2026-09-14T03:39:41.596553Z  INFO ws_message:game_session{game=KH6NQR player=PlayerId(0)}: phase_server: game submission processed (lock held) game=KH6NQR kind="action" lock_ms=5 ai_actions=0
2026-09-14T03:39:41.843170Z  INFO ws_message:game_session{game=KH6NQR player=PlayerId(1)}: server_core::session: action applied game=KH6NQR player=PlayerId(1) action_type="PassPriority" event_count=1
2026-09-14T03:39:41.852275Z  INFO ws_message:game_session{game=KH6NQR player=PlayerId(1)}: phase_server: game submission processed (lock held) game=KH6NQR kind="action" lock_ms=10 ai_actions=0
2026-09-14T03:39:42.098297Z  INFO ws_message:game_session{game=KH6NQR player=PlayerId(0)}: server_core::session: action applied game=KH6NQR player=PlayerId(0) action_type="PassPriority" event_count=3
2026-09-14T03:39:42.102407Z  INFO ws_message:game_session{game=KH6NQR player=PlayerId(0)}: phase_server: game submission processed (lock held) game=KH6NQR kind="action" lock_ms=9 ai_actions=0
2026-09-14T03:39:42.346108Z  INFO ws_message:game_session{game=KH6NQR player=PlayerId(1)}: server_core::session: action applied game=KH6NQR player=PlayerId(1) action_type="PassPriority" event_count=1
2026-09-14T03:39:42.348353Z  INFO ws_message:game_session{game=KH6NQR player=PlayerId(1)}: phase_server: game submission processed (lock held) game=KH6NQR kind="action" lock_ms=3 ai_actions=0
2026-09-14T03:39:42.600707Z  INFO ws_message:game_session{game=KH6NQR player=PlayerId(0)}: server_core::session: action applied game=KH6NQR player=PlayerId(0) action_type="PassPriority" event_count=1
2026-09-14T03:39:42.626924Z  INFO ws_message:game_session{game=KH6NQR player=PlayerId(0)}: phase_server: game submission processed (lock held) game=KH6NQR kind="action" lock_ms=31 ai_actions=0
2026-09-14T03:39:42.849229Z  INFO ws_message:game_session{game=KH6NQR player=PlayerId(1)}: server_core::session: action applied game=KH6NQR player=PlayerId(1) action_type="PassPriority" event_count=1
2026-09-14T03:39:42.851579Z  INFO ws_message:game_session{game=KH6NQR player=PlayerId(1)}: phase_server: game submission processed (lock held) game=KH6NQR kind="action" lock_ms=3 ai_actions=0
2026-09-14T03:39:43.103870Z  INFO ws_message:game_session{game=KH6NQR player=PlayerId(0)}: server_core::session: action applied game=KH6NQR player=PlayerId(0) action_type="PassPriority" event_count=1
2026-09-14T03:39:43.108154Z  INFO ws_message:game_session{game=KH6NQR player=PlayerId(0)}: phase_server: game submission processed (lock held) game=KH6NQR kind="action" lock_ms=9 ai_actions=0
2026-09-14T03:39:43.350494Z  INFO ws_message:game_session{game=KH6NQR player=PlayerId(1)}: server_core::session: action applied game=KH6NQR player=PlayerId(1) action_type="PassPriority" event_count=1
2026-09-14T03:39:43.352966Z  INFO ws_message:game_session{game=KH6NQR player=PlayerId(1)}: phase_server: game submission processed (lock held) game=KH6NQR kind="action" lock_ms=3 ai_actions=0
2026-09-14T03:39:43.604840Z  INFO ws_message:game_session{game=KH6NQR player=PlayerId(0)}: server_core::session: action applied game=KH6NQR player=PlayerId(0) action_type="PassPriority" event_count=1
2026-09-14T03:39:43.643225Z  INFO ws_message:game_session{game=KH6NQR player=PlayerId(0)}: phase_server: game submission processed (lock held) game=KH6NQR kind="action" lock_ms=42 ai_actions=0
2026-09-14T03:39:43.861975Z  INFO ws_message:game_session{game=KH6NQR player=PlayerId(1)}: server_core::session: interaction applied game=KH6NQR player=PlayerId(1) action_type="SelectCards" event_count=5
2026-09-14T03:39:43.863107Z  INFO ws_message:game_session{game=KH6NQR player=PlayerId(1)}: phase_server: game submission processed (lock held) game=KH6NQR kind="interaction" lock_ms=11 ai_actions=0
2026-09-14T03:39:44.103868Z  INFO ws_message:game_session{game=KH6NQR player=PlayerId(0)}: server_core::session: action applied game=KH6NQR player=PlayerId(0) action_type="PassPriority" event_count=1
2026-09-14T03:39:44.106592Z  INFO ws_message:game_session{game=KH6NQR player=PlayerId(0)}: phase_server: game submission processed (lock held) game=KH6NQR kind="action" lock_ms=3 ai_actions=0
2026-09-14T03:39:44.359130Z  INFO ws_message:game_session{game=KH6NQR player=PlayerId(1)}: server_core::session: action applied game=KH6NQR player=PlayerId(1) action_type="PassPriority" event_count=4
2026-09-14T03:39:44.360383Z  INFO ws_message:game_session{game=KH6NQR player=PlayerId(1)}: phase_server: game submission processed (lock held) game=KH6NQR kind="action" lock_ms=6 ai_actions=0
2026-09-14T03:39:44.606410Z  INFO ws_message:game_session{game=KH6NQR player=PlayerId(0)}: server_core::session: action applied game=KH6NQR player=PlayerId(0) action_type="PassPriority" event_count=1
2026-09-14T03:39:44.609327Z  INFO ws_message:game_session{game=KH6NQR player=PlayerId(0)}: phase_server: game submission processed (lock held) game=KH6NQR kind="action" lock_ms=4 ai_actions=0
2026-09-14T03:39:44.857805Z  INFO ws_message:game_session{game=KH6NQR player=PlayerId(1)}: server_core::session: action applied game=KH6NQR player=PlayerId(1) action_type="PassPriority" event_count=1
2026-09-14T03:39:44.888376Z  INFO ws_message:game_session{game=KH6NQR player=PlayerId(1)}: phase_server: game submission processed (lock held) game=KH6NQR kind="action" lock_ms=31 ai_actions=0
2026-09-14T03:39:45.112534Z  INFO ws_message:game_session{game=KH6NQR player=PlayerId(0)}: server_core::session: action applied game=KH6NQR player=PlayerId(0) action_type="PlayLand" event_count=2
2026-09-14T03:39:45.115344Z  INFO ws_message:game_session{game=KH6NQR player=PlayerId(0)}: phase_server: game submission processed (lock held) game=KH6NQR kind="action" lock_ms=8 ai_actions=0
2026-09-14T03:39:45.360835Z  INFO ws_message:game_session{game=KH6NQR player=PlayerId(0)}: server_core::session: action applied game=KH6NQR player=PlayerId(0) action_type="PassPriority" event_count=1
2026-09-14T03:39:45.364334Z  INFO ws_message:game_session{game=KH6NQR player=PlayerId(0)}: phase_server: game submission processed (lock held) game=KH6NQR kind="action" lock_ms=4 ai_actions=0
2026-09-14T03:39:45.612549Z  INFO ws_message:game_session{game=KH6NQR player=PlayerId(1)}: server_core::session: action applied game=KH6NQR player=PlayerId(1) action_type="PassPriority" event_count=1
2026-09-14T03:39:45.618253Z  INFO ws_message:game_session{game=KH6NQR player=PlayerId(1)}: phase_server: game submission processed (lock held) game=KH6NQR kind="action" lock_ms=7 ai_actions=0
2026-09-14T03:39:45.862549Z  INFO ws_message:game_session{game=KH6NQR player=PlayerId(0)}: server_core::session: action applied game=KH6NQR player=PlayerId(0) action_type="PassPriority" event_count=1
2026-09-14T03:39:45.865406Z  INFO ws_message:game_session{game=KH6NQR player=PlayerId(0)}: phase_server: game submission processed (lock held) game=KH6NQR kind="action" lock_ms=4 ai_actions=0
2026-09-14T03:39:46.117563Z  INFO ws_message:game_session{game=KH6NQR player=PlayerId(1)}: server_core::session: action applied game=KH6NQR player=PlayerId(1) action_type="PassPriority" event_count=3
2026-09-14T03:39:46.121031Z  INFO ws_message:game_session{game=KH6NQR player=PlayerId(1)}: phase_server: game submission processed (lock held) game=KH6NQR kind="action" lock_ms=8 ai_actions=0
2026-09-14T03:39:46.364570Z  INFO ws_message:game_session{game=KH6NQR player=PlayerId(0)}: server_core::session: action applied game=KH6NQR player=PlayerId(0) action_type="PassPriority" event_count=1
2026-09-14T03:39:46.367467Z  INFO ws_message:game_session{game=KH6NQR player=PlayerId(0)}: phase_server: game submission processed (lock held) game=KH6NQR kind="action" lock_ms=4 ai_actions=0
2026-09-14T03:39:46.619294Z  INFO ws_message:game_session{game=KH6NQR player=PlayerId(1)}: server_core::session: action applied game=KH6NQR player=PlayerId(1) action_type="PassPriority" event_count=1
2026-09-14T03:39:46.622441Z  INFO ws_message:game_session{game=KH6NQR player=PlayerId(1)}: phase_server: game submission processed (lock held) game=KH6NQR kind="action" lock_ms=8 ai_actions=0
2026-09-14T03:39:46.866938Z  INFO ws_message:game_session{game=KH6NQR player=PlayerId(0)}: server_core::session: action applied game=KH6NQR player=PlayerId(0) action_type="PassPriority" event_count=1
2026-09-14T03:39:46.870052Z  INFO ws_message:game_session{game=KH6NQR player=PlayerId(0)}: phase_server: game submission processed (lock held) game=KH6NQR kind="action" lock_ms=5 ai_actions=0
2026-09-14T03:39:47.120630Z  INFO ws_message:game_session{game=KH6NQR player=PlayerId(1)}: server_core::session: action applied game=KH6NQR player=PlayerId(1) action_type="PassPriority" event_count=1
2026-09-14T03:39:47.123747Z  INFO ws_message:game_session{game=KH6NQR player=PlayerId(1)}: phase_server: game submission processed (lock held) game=KH6NQR kind="action" lock_ms=7 ai_actions=0
2026-09-14T03:39:47.368433Z  INFO ws_message:game_session{game=KH6NQR player=PlayerId(0)}: server_core::session: action applied game=KH6NQR player=PlayerId(0) action_type="PassPriority" event_count=1
2026-09-14T03:39:47.371541Z  INFO ws_message:game_session{game=KH6NQR player=PlayerId(0)}: phase_server: game submission processed (lock held) game=KH6NQR kind="action" lock_ms=4 ai_actions=0
2026-09-14T03:39:47.623039Z  INFO ws_message:game_session{game=KH6NQR player=PlayerId(1)}: server_core::session: action applied game=KH6NQR player=PlayerId(1) action_type="PassPriority" event_count=4
2026-09-14T03:39:47.626621Z  INFO ws_message:game_session{game=KH6NQR player=PlayerId(1)}: phase_server: game submission processed (lock held) game=KH6NQR kind="action" lock_ms=8 ai_actions=0
2026-09-14T03:39:47.869946Z  INFO ws_message:game_session{game=KH6NQR player=PlayerId(1)}: server_core::session: action applied game=KH6NQR player=PlayerId(1) action_type="PassPriority" event_count=1
2026-09-14T03:39:47.873026Z  INFO ws_message:game_session{game=KH6NQR player=PlayerId(1)}: phase_server: game submission processed (lock held) game=KH6NQR kind="action" lock_ms=4 ai_actions=0
2026-09-14T03:39:48.125321Z  INFO ws_message:game_session{game=KH6NQR player=PlayerId(0)}: server_core::session: action applied game=KH6NQR player=PlayerId(0) action_type="PassPriority" event_count=4
2026-09-14T03:39:48.128270Z  INFO ws_message:game_session{game=KH6NQR player=PlayerId(0)}: phase_server: game submission processed (lock held) game=KH6NQR kind="action" lock_ms=8 ai_actions=0
2026-09-14T03:39:48.372451Z  INFO ws_message:game_session{game=KH6NQR player=PlayerId(1)}: server_core::session: action applied game=KH6NQR player=PlayerId(1) action_type="PassPriority" event_count=1
2026-09-14T03:39:48.375674Z  INFO ws_message:game_session{game=KH6NQR player=PlayerId(1)}: phase_server: game submission processed (lock held) game=KH6NQR kind="action" lock_ms=4 ai_actions=0
2026-09-14T03:39:48.623280Z  INFO ws_message:game_session{game=KH6NQR player=PlayerId(0)}: server_core::session: action applied game=KH6NQR player=PlayerId(0) action_type="PassPriority" event_count=1
2026-09-14T03:39:48.652269Z  INFO ws_message:game_session{game=KH6NQR player=PlayerId(0)}: phase_server: game submission processed (lock held) game=KH6NQR kind="action" lock_ms=30 ai_actions=0
2026-09-14T03:39:48.873987Z  INFO ws_message:game_session{game=KH6NQR player=PlayerId(1)}: server_core::session: action applied game=KH6NQR player=PlayerId(1) action_type="PassPriority" event_count=1
2026-09-14T03:39:48.876924Z  INFO ws_message:game_session{game=KH6NQR player=PlayerId(1)}: phase_server: game submission processed (lock held) game=KH6NQR kind="action" lock_ms=4 ai_actions=0
2026-09-14T03:39:49.126071Z  INFO ws_message:game_session{game=KH6NQR player=PlayerId(0)}: server_core::session: action applied game=KH6NQR player=PlayerId(0) action_type="PassPriority" event_count=1
2026-09-14T03:39:49.129966Z  INFO ws_message:game_session{game=KH6NQR player=PlayerId(0)}: phase_server: game submission processed (lock held) game=KH6NQR kind="action" lock_ms=6 ai_actions=0
2026-09-14T03:39:49.376076Z  INFO ws_message:game_session{game=KH6NQR player=PlayerId(1)}: server_core::session: action applied game=KH6NQR player=PlayerId(1) action_type="PassPriority" event_count=1
2026-09-14T03:39:49.379134Z  INFO ws_message:game_session{game=KH6NQR player=PlayerId(1)}: phase_server: game submission processed (lock held) game=KH6NQR kind="action" lock_ms=4 ai_actions=0
2026-09-14T03:39:49.630669Z  INFO ws_message:game_session{game=KH6NQR player=PlayerId(0)}: server_core::session: action applied game=KH6NQR player=PlayerId(0) action_type="PassPriority" event_count=3
2026-09-14T03:39:49.633620Z  INFO ws_message:game_session{game=KH6NQR player=PlayerId(0)}: phase_server: game submission processed (lock held) game=KH6NQR kind="action" lock_ms=8 ai_actions=0
2026-09-14T03:39:49.877273Z  INFO ws_message:game_session{game=KH6NQR player=PlayerId(1)}: server_core::session: action applied game=KH6NQR player=PlayerId(1) action_type="PassPriority" event_count=1
2026-09-14T03:39:49.880149Z  INFO ws_message:game_session{game=KH6NQR player=PlayerId(1)}: phase_server: game submission processed (lock held) game=KH6NQR kind="action" lock_ms=4 ai_actions=0
2026-09-14T03:39:50.132136Z  INFO ws_message:game_session{game=KH6NQR player=PlayerId(0)}: server_core::session: action applied game=KH6NQR player=PlayerId(0) action_type="PassPriority" event_count=1
2026-09-14T03:39:50.164327Z  INFO ws_message:game_session{game=KH6NQR player=PlayerId(0)}: phase_server: game submission processed (lock held) game=KH6NQR kind="action" lock_ms=37 ai_actions=0
2026-09-14T03:39:50.379673Z  INFO ws_message:game_session{game=KH6NQR player=PlayerId(1)}: server_core::session: action applied game=KH6NQR player=PlayerId(1) action_type="PassPriority" event_count=1
2026-09-14T03:39:50.382613Z  INFO ws_message:game_session{game=KH6NQR player=PlayerId(1)}: phase_server: game submission processed (lock held) game=KH6NQR kind="action" lock_ms=4 ai_actions=0
2026-09-14T03:39:50.634210Z  INFO ws_message:game_session{game=KH6NQR player=PlayerId(0)}: server_core::session: action applied game=KH6NQR player=PlayerId(0) action_type="PassPriority" event_count=1
2026-09-14T03:39:50.637210Z  INFO ws_message:game_session{game=KH6NQR player=PlayerId(0)}: phase_server: game submission processed (lock held) game=KH6NQR kind="action" lock_ms=8 ai_actions=0
2026-09-14T03:39:50.881075Z  INFO ws_message:game_session{game=KH6NQR player=PlayerId(1)}: server_core::session: action applied game=KH6NQR player=PlayerId(1) action_type="PassPriority" event_count=1
2026-09-14T03:39:50.884138Z  INFO ws_message:game_session{game=KH6NQR player=PlayerId(1)}: phase_server: game submission processed (lock held) game=KH6NQR kind="action" lock_ms=4 ai_actions=0
2026-09-14T03:39:51.135000Z  INFO ws_message:game_session{game=KH6NQR player=PlayerId(0)}: server_core::session: action applied game=KH6NQR player=PlayerId(0) action_type="PassPriority" event_count=1
2026-09-14T03:39:51.171615Z  INFO ws_message:game_session{game=KH6NQR player=PlayerId(0)}: phase_server: game submission processed (lock held) game=KH6NQR kind="action" lock_ms=40 ai_actions=0
2026-09-14T03:39:51.392600Z  INFO ws_message:game_session{game=KH6NQR player=PlayerId(1)}: server_core::session: interaction applied game=KH6NQR player=PlayerId(1) action_type="SelectCards" event_count=5
2026-09-14T03:39:51.393844Z  INFO ws_message:game_session{game=KH6NQR player=PlayerId(1)}: phase_server: game submission processed (lock held) game=KH6NQR kind="interaction" lock_ms=11 ai_actions=0
2026-09-14T03:39:51.633974Z  INFO ws_message:game_session{game=KH6NQR player=PlayerId(0)}: server_core::session: action applied game=KH6NQR player=PlayerId(0) action_type="PassPriority" event_count=1
2026-09-14T03:39:51.636872Z  INFO ws_message:game_session{game=KH6NQR player=PlayerId(0)}: phase_server: game submission processed (lock held) game=KH6NQR kind="action" lock_ms=4 ai_actions=0
2026-09-14T03:39:51.889558Z  INFO ws_message:game_session{game=KH6NQR player=PlayerId(1)}: server_core::session: action applied game=KH6NQR player=PlayerId(1) action_type="PassPriority" event_count=4
2026-09-14T03:39:51.891078Z  INFO ws_message:game_session{game=KH6NQR player=PlayerId(1)}: phase_server: game submission processed (lock held) game=KH6NQR kind="action" lock_ms=6 ai_actions=0
2026-09-14T03:39:52.137068Z  INFO ws_message:game_session{game=KH6NQR player=PlayerId(0)}: server_core::session: action applied game=KH6NQR player=PlayerId(0) action_type="PassPriority" event_count=1
2026-09-14T03:39:52.140471Z  INFO ws_message:game_session{game=KH6NQR player=PlayerId(0)}: phase_server: game submission processed (lock held) game=KH6NQR kind="action" lock_ms=5 ai_actions=0
2026-09-14T03:39:52.388628Z  INFO ws_message:game_session{game=KH6NQR player=PlayerId(1)}: server_core::session: action applied game=KH6NQR player=PlayerId(1) action_type="PassPriority" event_count=1
2026-09-14T03:39:52.422986Z  INFO ws_message:game_session{game=KH6NQR player=PlayerId(1)}: phase_server: game submission processed (lock held) game=KH6NQR kind="action" lock_ms=35 ai_actions=0
2026-09-14T03:39:52.643737Z  INFO ws_message:game_session{game=KH6NQR player=PlayerId(0)}: server_core::session: action applied game=KH6NQR player=PlayerId(0) action_type="PlayLand" event_count=2
2026-09-14T03:39:52.656954Z  INFO ws_message:game_session{game=KH6NQR player=PlayerId(0)}: phase_server: game submission processed (lock held) game=KH6NQR kind="action" lock_ms=19 ai_actions=0
2026-09-14T03:39:52.891261Z  INFO ws_message:game_session{game=KH6NQR player=PlayerId(0)}: server_core::session: action applied game=KH6NQR player=PlayerId(0) action_type="PassPriority" event_count=1
2026-09-14T03:39:52.894434Z  INFO ws_message:game_session{game=KH6NQR player=PlayerId(0)}: phase_server: game submission processed (lock held) game=KH6NQR kind="action" lock_ms=4 ai_actions=0
2026-09-14T03:39:53.143304Z  INFO ws_message:game_session{game=KH6NQR player=PlayerId(1)}: server_core::session: action applied game=KH6NQR player=PlayerId(1) action_type="PassPriority" event_count=1
2026-09-14T03:39:53.147537Z  INFO ws_message:game_session{game=KH6NQR player=PlayerId(1)}: phase_server: game submission processed (lock held) game=KH6NQR kind="action" lock_ms=6 ai_actions=0
2026-09-14T03:39:53.393746Z  INFO ws_message:game_session{game=KH6NQR player=PlayerId(0)}: server_core::session: action applied game=KH6NQR player=PlayerId(0) action_type="PassPriority" event_count=1
2026-09-14T03:39:53.397515Z  INFO ws_message:game_session{game=KH6NQR player=PlayerId(0)}: phase_server: game submission processed (lock held) game=KH6NQR kind="action" lock_ms=5 ai_actions=0
2026-09-14T03:39:53.649493Z  INFO ws_message:game_session{game=KH6NQR player=PlayerId(1)}: server_core::session: action applied game=KH6NQR player=PlayerId(1) action_type="PassPriority" event_count=3
2026-09-14T03:39:53.654076Z  INFO ws_message:game_session{game=KH6NQR player=PlayerId(1)}: phase_server: game submission processed (lock held) game=KH6NQR kind="action" lock_ms=10 ai_actions=0
2026-09-14T03:39:53.896281Z  INFO ws_message:game_session{game=KH6NQR player=PlayerId(0)}: server_core::session: action applied game=KH6NQR player=PlayerId(0) action_type="PassPriority" event_count=1
2026-09-14T03:39:53.899392Z  INFO ws_message:game_session{game=KH6NQR player=PlayerId(0)}: phase_server: game submission processed (lock held) game=KH6NQR kind="action" lock_ms=4 ai_actions=0
2026-09-14T03:39:54.151589Z  INFO ws_message:game_session{game=KH6NQR player=PlayerId(1)}: server_core::session: action applied game=KH6NQR player=PlayerId(1) action_type="PassPriority" event_count=1
2026-09-14T03:39:54.164195Z  INFO ws_message:game_session{game=KH6NQR player=PlayerId(1)}: phase_server: game submission processed (lock held) game=KH6NQR kind="action" lock_ms=17 ai_actions=0
2026-09-14T03:39:54.400253Z  INFO ws_message:game_session{game=KH6NQR player=PlayerId(0)}: server_core::session: action applied game=KH6NQR player=PlayerId(0) action_type="PassPriority" event_count=1
2026-09-14T03:39:54.405175Z  INFO ws_message:game_session{game=KH6NQR player=PlayerId(0)}: phase_server: game submission processed (lock held) game=KH6NQR kind="action" lock_ms=7 ai_actions=0
2026-09-14T03:39:54.674262Z  INFO ws_message:game_session{game=KH6NQR player=PlayerId(1)}: server_core::session: action applied game=KH6NQR player=PlayerId(1) action_type="PassPriority" event_count=1
2026-09-14T03:39:54.690027Z  INFO ws_message:game_session{game=KH6NQR player=PlayerId(1)}: phase_server: game submission processed (lock held) game=KH6NQR kind="action" lock_ms=32 ai_actions=0
2026-09-14T03:39:54.907863Z  INFO ws_message:game_session{game=KH6NQR player=PlayerId(0)}: server_core::session: action applied game=KH6NQR player=PlayerId(0) action_type="PassPriority" event_count=1
2026-09-14T03:39:54.911230Z  INFO ws_message:game_session{game=KH6NQR player=PlayerId(0)}: phase_server: game submission processed (lock held) game=KH6NQR kind="action" lock_ms=5 ai_actions=0
2026-09-14T03:39:55.164689Z  INFO ws_message:game_session{game=KH6NQR player=PlayerId(1)}: server_core::session: action applied game=KH6NQR player=PlayerId(1) action_type="PassPriority" event_count=4
2026-09-14T03:39:55.167560Z  INFO ws_message:game_session{game=KH6NQR player=PlayerId(1)}: phase_server: game submission processed (lock held) game=KH6NQR kind="action" lock_ms=8 ai_actions=0
2026-09-14T03:39:55.411721Z  INFO ws_message:game_session{game=KH6NQR player=PlayerId(1)}: server_core::session: action applied game=KH6NQR player=PlayerId(1) action_type="PassPriority" event_count=1
2026-09-14T03:39:55.416612Z  INFO ws_message:game_session{game=KH6NQR player=PlayerId(1)}: phase_server: game submission processed (lock held) game=KH6NQR kind="action" lock_ms=6 ai_actions=0
2026-09-14T03:39:55.664975Z  INFO ws_message:game_session{game=KH6NQR player=PlayerId(0)}: server_core::session: action applied game=KH6NQR player=PlayerId(0) action_type="PassPriority" event_count=4
2026-09-14T03:39:55.669196Z  INFO ws_message:game_session{game=KH6NQR player=PlayerId(0)}: phase_server: game submission processed (lock held) game=KH6NQR kind="action" lock_ms=10 ai_actions=0
2026-09-14T03:39:55.913513Z  INFO ws_message:game_session{game=KH6NQR player=PlayerId(1)}: server_core::session: action applied game=KH6NQR player=PlayerId(1) action_type="PassPriority" event_count=1
2026-09-14T03:39:55.917668Z  INFO ws_message:game_session{game=KH6NQR player=PlayerId(1)}: phase_server: game submission processed (lock held) game=KH6NQR kind="action" lock_ms=5 ai_actions=0
2026-09-14T03:39:56.163116Z  INFO ws_message:game_session{game=KH6NQR player=PlayerId(0)}: server_core::session: action applied game=KH6NQR player=PlayerId(0) action_type="PassPriority" event_count=1
2026-09-14T03:39:56.192312Z  INFO ws_message:game_session{game=KH6NQR player=PlayerId(0)}: phase_server: game submission processed (lock held) game=KH6NQR kind="action" lock_ms=30 ai_actions=0
2026-09-14T03:39:56.415066Z  INFO ws_message:game_session{game=KH6NQR player=PlayerId(1)}: server_core::session: action applied game=KH6NQR player=PlayerId(1) action_type="PassPriority" event_count=1
2026-09-14T03:39:56.419794Z  INFO ws_message:game_session{game=KH6NQR player=PlayerId(1)}: phase_server: game submission processed (lock held) game=KH6NQR kind="action" lock_ms=6 ai_actions=0
2026-09-14T03:39:56.666125Z  INFO ws_message:game_session{game=KH6NQR player=PlayerId(0)}: server_core::session: action applied game=KH6NQR player=PlayerId(0) action_type="PassPriority" event_count=1
2026-09-14T03:39:56.671244Z  INFO ws_message:game_session{game=KH6NQR player=PlayerId(0)}: phase_server: game submission processed (lock held) game=KH6NQR kind="action" lock_ms=7 ai_actions=0
2026-09-14T03:39:56.917373Z  INFO ws_message:game_session{game=KH6NQR player=PlayerId(1)}: server_core::session: action applied game=KH6NQR player=PlayerId(1) action_type="PassPriority" event_count=1
2026-09-14T03:39:56.921842Z  INFO ws_message:game_session{game=KH6NQR player=PlayerId(1)}: phase_server: game submission processed (lock held) game=KH6NQR kind="action" lock_ms=6 ai_actions=0
2026-09-14T03:39:57.171387Z  INFO ws_message:game_session{game=KH6NQR player=PlayerId(0)}: server_core::session: action applied game=KH6NQR player=PlayerId(0) action_type="PassPriority" event_count=3
2026-09-14T03:39:57.177202Z  INFO ws_message:game_session{game=KH6NQR player=PlayerId(0)}: phase_server: game submission processed (lock held) game=KH6NQR kind="action" lock_ms=11 ai_actions=0
2026-09-14T03:39:57.419096Z  INFO ws_message:game_session{game=KH6NQR player=PlayerId(1)}: server_core::session: action applied game=KH6NQR player=PlayerId(1) action_type="PassPriority" event_count=1
2026-09-14T03:39:57.424079Z  INFO ws_message:game_session{game=KH6NQR player=PlayerId(1)}: phase_server: game submission processed (lock held) game=KH6NQR kind="action" lock_ms=6 ai_actions=0
2026-09-14T03:39:57.672880Z  INFO ws_message:game_session{game=KH6NQR player=PlayerId(0)}: server_core::session: action applied game=KH6NQR player=PlayerId(0) action_type="PassPriority" event_count=1
2026-09-14T03:39:57.701597Z  INFO ws_message:game_session{game=KH6NQR player=PlayerId(0)}: phase_server: game submission processed (lock held) game=KH6NQR kind="action" lock_ms=33 ai_actions=0
2026-09-14T03:39:57.920267Z  INFO ws_message:game_session{game=KH6NQR player=PlayerId(1)}: server_core::session: action applied game=KH6NQR player=PlayerId(1) action_type="PassPriority" event_count=1
2026-09-14T03:39:57.924433Z  INFO ws_message:game_session{game=KH6NQR player=PlayerId(1)}: phase_server: game submission processed (lock held) game=KH6NQR kind="action" lock_ms=5 ai_actions=0
2026-09-14T03:39:58.175170Z  INFO ws_message:game_session{game=KH6NQR player=PlayerId(0)}: server_core::session: action applied game=KH6NQR player=PlayerId(0) action_type="PassPriority" event_count=1
2026-09-14T03:39:58.178406Z  INFO ws_message:game_session{game=KH6NQR player=PlayerId(0)}: phase_server: game submission processed (lock held) game=KH6NQR kind="action" lock_ms=8 ai_actions=0
2026-09-14T03:39:58.422460Z  INFO ws_message:game_session{game=KH6NQR player=PlayerId(1)}: server_core::session: action applied game=KH6NQR player=PlayerId(1) action_type="PassPriority" event_count=1
2026-09-14T03:39:58.427412Z  INFO ws_message:game_session{game=KH6NQR player=PlayerId(1)}: phase_server: game submission processed (lock held) game=KH6NQR kind="action" lock_ms=6 ai_actions=0
2026-09-14T03:39:58.676708Z  INFO ws_message:game_session{game=KH6NQR player=PlayerId(0)}: server_core::session: action applied game=KH6NQR player=PlayerId(0) action_type="PassPriority" event_count=1
2026-09-14T03:39:58.715634Z  INFO ws_message:game_session{game=KH6NQR player=PlayerId(0)}: phase_server: game submission processed (lock held) game=KH6NQR kind="action" lock_ms=43 ai_actions=0
2026-09-14T03:39:58.935284Z  INFO ws_message:game_session{game=KH6NQR player=PlayerId(1)}: server_core::session: interaction applied game=KH6NQR player=PlayerId(1) action_type="SelectCards" event_count=5
2026-09-14T03:39:58.937768Z  INFO ws_message:game_session{game=KH6NQR player=PlayerId(1)}: phase_server: game submission processed (lock held) game=KH6NQR kind="interaction" lock_ms=13 ai_actions=0
2026-09-14T03:39:59.175978Z  INFO ws_message:game_session{game=KH6NQR player=PlayerId(0)}: server_core::session: action applied game=KH6NQR player=PlayerId(0) action_type="PassPriority" event_count=1
2026-09-14T03:39:59.179288Z  INFO ws_message:game_session{game=KH6NQR player=PlayerId(0)}: phase_server: game submission processed (lock held) game=KH6NQR kind="action" lock_ms=5 ai_actions=0
2026-09-14T03:39:59.437675Z  INFO ws_message:game_session{game=KH6NQR player=PlayerId(1)}: server_core::session: action applied game=KH6NQR player=PlayerId(1) action_type="PassPriority" event_count=4
2026-09-14T03:39:59.441051Z  INFO ws_message:game_session{game=KH6NQR player=PlayerId(1)}: phase_server: game submission processed (lock held) game=KH6NQR kind="action" lock_ms=13 ai_actions=0
2026-09-14T03:39:59.677704Z  INFO ws_message:game_session{game=KH6NQR player=PlayerId(0)}: server_core::session: action applied game=KH6NQR player=PlayerId(0) action_type="PassPriority" event_count=1
2026-09-14T03:39:59.680749Z  INFO ws_message:game_session{game=KH6NQR player=PlayerId(0)}: phase_server: game submission processed (lock held) game=KH6NQR kind="action" lock_ms=4 ai_actions=0
2026-09-14T03:39:59.930936Z  INFO ws_message:game_session{game=KH6NQR player=PlayerId(1)}: server_core::session: action applied game=KH6NQR player=PlayerId(1) action_type="PassPriority" event_count=1
2026-09-14T03:39:59.967562Z  INFO ws_message:game_session{game=KH6NQR player=PlayerId(1)}: phase_server: game submission processed (lock held) game=KH6NQR kind="action" lock_ms=38 ai_actions=0
2026-09-14T03:40:00.184844Z  INFO ws_message:game_session{game=KH6NQR player=PlayerId(0)}: server_core::session: action applied game=KH6NQR player=PlayerId(0) action_type="PlayLand" event_count=2
2026-09-14T03:40:00.192706Z  INFO ws_message:game_session{game=KH6NQR player=PlayerId(0)}: phase_server: game submission processed (lock held) game=KH6NQR kind="action" lock_ms=14 ai_actions=0
2026-09-14T03:40:00.439148Z  INFO ws_message:game_session{game=KH6NQR player=PlayerId(0)}: server_core::session: action applied game=KH6NQR player=PlayerId(0) action_type="CastSpell" event_count=20
2026-09-14T03:40:00.440589Z  INFO ws_message:game_session{game=KH6NQR player=PlayerId(0)}: phase_server: game submission processed (lock held) game=KH6NQR kind="action" lock_ms=9 ai_actions=0
2026-09-14T03:40:00.685198Z  INFO ws_message:game_session{game=KH6NQR player=PlayerId(0)}: server_core::session: action applied game=KH6NQR player=PlayerId(0) action_type="PassPriority" event_count=1
2026-09-14T03:40:00.688457Z  INFO ws_message:game_session{game=KH6NQR player=PlayerId(0)}: phase_server: game submission processed (lock held) game=KH6NQR kind="action" lock_ms=6 ai_actions=0
2026-09-14T03:40:00.936517Z  INFO ws_message:game_session{game=KH6NQR player=PlayerId(1)}: server_core::session: action applied game=KH6NQR player=PlayerId(1) action_type="PassPriority" event_count=2
2026-09-14T03:40:00.938442Z  INFO ws_message:game_session{game=KH6NQR player=PlayerId(1)}: phase_server: game submission processed (lock held) game=KH6NQR kind="action" lock_ms=4 ai_actions=0
2026-09-14T03:40:01.187385Z  INFO ws_message:game_session{game=KH6NQR player=PlayerId(0)}: server_core::session: action applied game=KH6NQR player=PlayerId(0) action_type="PassPriority" event_count=1
2026-09-14T03:40:01.191046Z  INFO ws_message:game_session{game=KH6NQR player=PlayerId(0)}: phase_server: game submission processed (lock held) game=KH6NQR kind="action" lock_ms=6 ai_actions=0
2026-09-14T03:40:01.437908Z  INFO ws_message:game_session{game=KH6NQR player=PlayerId(1)}: server_core::session: action applied game=KH6NQR player=PlayerId(1) action_type="PassPriority" event_count=1
2026-09-14T03:40:01.440123Z  INFO ws_message:game_session{game=KH6NQR player=PlayerId(1)}: phase_server: game submission processed (lock held) game=KH6NQR kind="action" lock_ms=4 ai_actions=0
2026-09-14T03:40:01.689532Z  INFO ws_message:game_session{game=KH6NQR player=PlayerId(0)}: server_core::session: action applied game=KH6NQR player=PlayerId(0) action_type="PassPriority" event_count=1
2026-09-14T03:40:01.693035Z  INFO ws_message:game_session{game=KH6NQR player=PlayerId(0)}: phase_server: game submission processed (lock held) game=KH6NQR kind="action" lock_ms=6 ai_actions=0
2026-09-14T03:40:01.943813Z  INFO ws_message:game_session{game=KH6NQR player=PlayerId(1)}: server_core::session: action applied game=KH6NQR player=PlayerId(1) action_type="PassPriority" event_count=3
2026-09-14T03:40:01.946121Z  INFO ws_message:game_session{game=KH6NQR player=PlayerId(1)}: phase_server: game submission processed (lock held) game=KH6NQR kind="action" lock_ms=8 ai_actions=0
2026-09-14T03:40:02.190816Z  INFO ws_message:game_session{game=KH6NQR player=PlayerId(0)}: server_core::session: action applied game=KH6NQR player=PlayerId(0) action_type="PassPriority" event_count=1
2026-09-14T03:40:02.194192Z  INFO ws_message:game_session{game=KH6NQR player=PlayerId(0)}: phase_server: game submission processed (lock held) game=KH6NQR kind="action" lock_ms=5 ai_actions=0
2026-09-14T03:40:02.443998Z  INFO ws_message:game_session{game=KH6NQR player=PlayerId(1)}: server_core::session: action applied game=KH6NQR player=PlayerId(1) action_type="PassPriority" event_count=1
2026-09-14T03:40:02.445516Z  INFO ws_message:game_session{game=KH6NQR player=PlayerId(1)}: phase_server: game submission processed (lock held) game=KH6NQR kind="action" lock_ms=6 ai_actions=0
2026-09-14T03:40:02.692313Z  INFO ws_message:game_session{game=KH6NQR player=PlayerId(0)}: server_core::session: action applied game=KH6NQR player=PlayerId(0) action_type="PassPriority" event_count=1
2026-09-14T03:40:02.695999Z  INFO ws_message:game_session{game=KH6NQR player=PlayerId(0)}: phase_server: game submission processed (lock held) game=KH6NQR kind="action" lock_ms=5 ai_actions=0
2026-09-14T03:40:02.946064Z  INFO ws_message:game_session{game=KH6NQR player=PlayerId(1)}: server_core::session: action applied game=KH6NQR player=PlayerId(1) action_type="PassPriority" event_count=1
2026-09-14T03:40:02.948035Z  INFO ws_message:game_session{game=KH6NQR player=PlayerId(1)}: phase_server: game submission processed (lock held) game=KH6NQR kind="action" lock_ms=6 ai_actions=0
2026-09-14T03:40:03.195380Z  INFO ws_message:game_session{game=KH6NQR player=PlayerId(0)}: server_core::session: action applied game=KH6NQR player=PlayerId(0) action_type="PassPriority" event_count=1
2026-09-14T03:40:03.199027Z  INFO ws_message:game_session{game=KH6NQR player=PlayerId(0)}: phase_server: game submission processed (lock held) game=KH6NQR kind="action" lock_ms=6 ai_actions=0
2026-09-14T03:40:03.450200Z  INFO ws_message:game_session{game=KH6NQR player=PlayerId(1)}: server_core::session: action applied game=KH6NQR player=PlayerId(1) action_type="PassPriority" event_count=4
2026-09-14T03:40:03.453909Z  INFO ws_message:game_session{game=KH6NQR player=PlayerId(1)}: phase_server: game submission processed (lock held) game=KH6NQR kind="action" lock_ms=9 ai_actions=0
2026-09-14T03:40:03.697393Z  INFO ws_message:game_session{game=KH6NQR player=PlayerId(1)}: server_core::session: action applied game=KH6NQR player=PlayerId(1) action_type="PassPriority" event_count=1
2026-09-14T03:40:03.699033Z  INFO ws_message:game_session{game=KH6NQR player=PlayerId(1)}: phase_server: game submission processed (lock held) game=KH6NQR kind="action" lock_ms=3 ai_actions=0
2026-09-14T03:40:03.950572Z  INFO ws_message:game_session{game=KH6NQR player=PlayerId(0)}: server_core::session: action applied game=KH6NQR player=PlayerId(0) action_type="PassPriority" event_count=4
2026-09-14T03:40:03.952916Z  INFO ws_message:game_session{game=KH6NQR player=PlayerId(0)}: phase_server: game submission processed (lock held) game=KH6NQR kind="action" lock_ms=7 ai_actions=0
2026-09-14T03:40:04.198826Z  INFO ws_message:game_session{game=KH6NQR player=PlayerId(1)}: server_core::session: action applied game=KH6NQR player=PlayerId(1) action_type="PassPriority" event_count=1
2026-09-14T03:40:04.200507Z  INFO ws_message:game_session{game=KH6NQR player=PlayerId(1)}: phase_server: game submission processed (lock held) game=KH6NQR kind="action" lock_ms=3 ai_actions=0
2026-09-14T03:40:04.450421Z  INFO ws_message:game_session{game=KH6NQR player=PlayerId(0)}: server_core::session: action applied game=KH6NQR player=PlayerId(0) action_type="PassPriority" event_count=1
2026-09-14T03:40:04.476753Z  INFO ws_message:game_session{game=KH6NQR player=PlayerId(0)}: phase_server: game submission processed (lock held) game=KH6NQR kind="action" lock_ms=28 ai_actions=0
2026-09-14T03:40:04.700983Z  INFO ws_message:game_session{game=KH6NQR player=PlayerId(1)}: server_core::session: action applied game=KH6NQR player=PlayerId(1) action_type="PassPriority" event_count=1
2026-09-14T03:40:04.702549Z  INFO ws_message:game_session{game=KH6NQR player=PlayerId(1)}: phase_server: game submission processed (lock held) game=KH6NQR kind="action" lock_ms=3 ai_actions=0
2026-09-14T03:40:04.952401Z  INFO ws_message:game_session{game=KH6NQR player=PlayerId(0)}: server_core::session: action applied game=KH6NQR player=PlayerId(0) action_type="PassPriority" event_count=1
2026-09-14T03:40:04.956737Z  INFO ws_message:game_session{game=KH6NQR player=PlayerId(0)}: phase_server: game submission processed (lock held) game=KH6NQR kind="action" lock_ms=7 ai_actions=0
2026-09-14T03:40:05.203706Z  INFO ws_message:game_session{game=KH6NQR player=PlayerId(1)}: server_core::session: action applied game=KH6NQR player=PlayerId(1) action_type="PassPriority" event_count=1
2026-09-14T03:40:05.206006Z  INFO ws_message:game_session{game=KH6NQR player=PlayerId(1)}: phase_server: game submission processed (lock held) game=KH6NQR kind="action" lock_ms=4 ai_actions=0
2026-09-14T03:40:05.460770Z  INFO ws_message:game_session{game=KH6NQR player=PlayerId(0)}: server_core::session: action applied game=KH6NQR player=PlayerId(0) action_type="PassPriority" event_count=3
2026-09-14T03:40:05.467948Z  INFO ws_message:game_session{game=KH6NQR player=PlayerId(0)}: phase_server: game submission processed (lock held) game=KH6NQR kind="action" lock_ms=15 ai_actions=0
2026-09-14T03:40:05.706347Z  INFO ws_message:game_session{game=KH6NQR player=PlayerId(1)}: server_core::session: action applied game=KH6NQR player=PlayerId(1) action_type="PassPriority" event_count=1
2026-09-14T03:40:05.707927Z  INFO ws_message:game_session{game=KH6NQR player=PlayerId(1)}: phase_server: game submission processed (lock held) game=KH6NQR kind="action" lock_ms=3 ai_actions=0
2026-09-14T03:40:05.960802Z  INFO ws_message:game_session{game=KH6NQR player=PlayerId(0)}: server_core::session: action applied game=KH6NQR player=PlayerId(0) action_type="PassPriority" event_count=1
2026-09-14T03:40:05.987977Z  INFO ws_message:game_session{game=KH6NQR player=PlayerId(0)}: phase_server: game submission processed (lock held) game=KH6NQR kind="action" lock_ms=32 ai_actions=0
2026-09-14T03:40:06.208996Z  INFO ws_message:game_session{game=KH6NQR player=PlayerId(1)}: server_core::session: action applied game=KH6NQR player=PlayerId(1) action_type="PassPriority" event_count=1
2026-09-14T03:40:06.210863Z  INFO ws_message:game_session{game=KH6NQR player=PlayerId(1)}: phase_server: game submission processed (lock held) game=KH6NQR kind="action" lock_ms=3 ai_actions=0
2026-09-14T03:40:06.463290Z  INFO ws_message:game_session{game=KH6NQR player=PlayerId(0)}: server_core::session: action applied game=KH6NQR player=PlayerId(0) action_type="PassPriority" event_count=1
2026-09-14T03:40:06.467007Z  INFO ws_message:game_session{game=KH6NQR player=PlayerId(0)}: phase_server: game submission processed (lock held) game=KH6NQR kind="action" lock_ms=9 ai_actions=0
2026-09-14T03:40:06.710418Z  INFO ws_message:game_session{game=KH6NQR player=PlayerId(1)}: server_core::session: action applied game=KH6NQR player=PlayerId(1) action_type="PassPriority" event_count=1
2026-09-14T03:40:06.712227Z  INFO ws_message:game_session{game=KH6NQR player=PlayerId(1)}: phase_server: game submission processed (lock held) game=KH6NQR kind="action" lock_ms=3 ai_actions=0
2026-09-14T03:40:06.964419Z  INFO ws_message:game_session{game=KH6NQR player=PlayerId(0)}: server_core::session: action applied game=KH6NQR player=PlayerId(0) action_type="PassPriority" event_count=1
2026-09-14T03:40:07.010211Z  INFO ws_message:game_session{game=KH6NQR player=PlayerId(0)}: phase_server: game submission processed (lock held) game=KH6NQR kind="action" lock_ms=50 ai_actions=0
2026-09-14T03:40:07.223166Z  INFO ws_message:game_session{game=KH6NQR player=PlayerId(1)}: server_core::session: interaction applied game=KH6NQR player=PlayerId(1) action_type="SelectCards" event_count=9
2026-09-14T03:40:07.225452Z  INFO ws_message:game_session{game=KH6NQR player=PlayerId(1)}: phase_server: game submission processed (lock held) game=KH6NQR kind="interaction" lock_ms=14 ai_actions=0
2026-09-14T03:40:07.465529Z  INFO ws_message:game_session{game=KH6NQR player=PlayerId(0)}: server_core::session: action applied game=KH6NQR player=PlayerId(0) action_type="PassPriority" event_count=1
2026-09-14T03:40:07.470553Z  INFO ws_message:game_session{game=KH6NQR player=PlayerId(0)}: phase_server: game submission processed (lock held) game=KH6NQR kind="action" lock_ms=8 ai_actions=0
2026-09-14T03:40:07.718616Z  INFO ws_message:game_session{game=KH6NQR player=PlayerId(1)}: server_core::session: action applied game=KH6NQR player=PlayerId(1) action_type="PassPriority" event_count=4
2026-09-14T03:40:07.719998Z  INFO ws_message:game_session{game=KH6NQR player=PlayerId(1)}: phase_server: game submission processed (lock held) game=KH6NQR kind="action" lock_ms=6 ai_actions=0
2026-09-14T03:40:07.966893Z  INFO ws_message:game_session{game=KH6NQR player=PlayerId(0)}: server_core::session: action applied game=KH6NQR player=PlayerId(0) action_type="PassPriority" event_count=1
2026-09-14T03:40:07.970597Z  INFO ws_message:game_session{game=KH6NQR player=PlayerId(0)}: phase_server: game submission processed (lock held) game=KH6NQR kind="action" lock_ms=5 ai_actions=0
2026-09-14T03:40:08.218013Z  INFO ws_message:game_session{game=KH6NQR player=PlayerId(1)}: server_core::session: action applied game=KH6NQR player=PlayerId(1) action_type="PassPriority" event_count=1
2026-09-14T03:40:08.249487Z  INFO ws_message:game_session{game=KH6NQR player=PlayerId(1)}: phase_server: game submission processed (lock held) game=KH6NQR kind="action" lock_ms=33 ai_actions=0
2026-09-14T03:40:08.473793Z  INFO ws_message:game_session{game=KH6NQR player=PlayerId(0)}: server_core::session: action applied game=KH6NQR player=PlayerId(0) action_type="PlayLand" event_count=2
2026-09-14T03:40:08.479607Z  INFO ws_message:game_session{game=KH6NQR player=PlayerId(0)}: phase_server: game submission processed (lock held) game=KH6NQR kind="action" lock_ms=11 ai_actions=0
2026-09-14T03:40:08.720553Z  INFO ws_message:game_session{game=KH6NQR player=PlayerId(0)}: server_core::session: action applied game=KH6NQR player=PlayerId(0) action_type="PassPriority" event_count=1
2026-09-14T03:40:08.724403Z  INFO ws_message:game_session{game=KH6NQR player=PlayerId(0)}: phase_server: game submission processed (lock held) game=KH6NQR kind="action" lock_ms=6 ai_actions=0
2026-09-14T03:40:08.972828Z  INFO ws_message:game_session{game=KH6NQR player=PlayerId(1)}: server_core::session: action applied game=KH6NQR player=PlayerId(1) action_type="PassPriority" event_count=1
2026-09-14T03:40:08.978833Z  INFO ws_message:game_session{game=KH6NQR player=PlayerId(1)}: phase_server: game submission processed (lock held) game=KH6NQR kind="action" lock_ms=8 ai_actions=0
2026-09-14T03:40:09.223144Z  INFO ws_message:game_session{game=KH6NQR player=PlayerId(0)}: server_core::session: action applied game=KH6NQR player=PlayerId(0) action_type="PassPriority" event_count=1
2026-09-14T03:40:09.227248Z  INFO ws_message:game_session{game=KH6NQR player=PlayerId(0)}: phase_server: game submission processed (lock held) game=KH6NQR kind="action" lock_ms=6 ai_actions=0
2026-09-14T03:40:09.477430Z  INFO ws_message:game_session{game=KH6NQR player=PlayerId(1)}: server_core::session: action applied game=KH6NQR player=PlayerId(1) action_type="PassPriority" event_count=1
2026-09-14T03:40:09.502724Z  INFO ws_message:game_session{game=KH6NQR player=PlayerId(1)}: phase_server: game submission processed (lock held) game=KH6NQR kind="action" lock_ms=29 ai_actions=0
2026-09-14T03:40:09.887062Z  INFO ws_message:game_session{game=KH6NQR player=PlayerId(0)}: server_core::session: action applied game=KH6NQR player=PlayerId(0) action_type="DeclareAttackers" event_count=2
2026-09-14T03:40:09.893626Z  INFO ws_message:game_session{game=KH6NQR player=PlayerId(0)}: phase_server: game submission processed (lock held) game=KH6NQR kind="action" lock_ms=12 ai_actions=0
2026-09-14T03:40:10.134685Z  INFO ws_message:game_session{game=KH6NQR player=PlayerId(0)}: server_core::session: action applied game=KH6NQR player=PlayerId(0) action_type="PassPriority" event_count=1
2026-09-14T03:40:10.138581Z  INFO ws_message:game_session{game=KH6NQR player=PlayerId(0)}: phase_server: game submission processed (lock held) game=KH6NQR kind="action" lock_ms=6 ai_actions=0
2026-09-14T03:40:10.286976Z  INFO ws_message:game_session{game=KH6NQR player=PlayerId(1)}: server_core::session: action applied game=KH6NQR player=PlayerId(1) action_type="PassPriority" event_count=2
2026-09-14T03:40:10.294110Z  INFO ws_message:game_session{game=KH6NQR player=PlayerId(1)}: phase_server: game submission processed (lock held) game=KH6NQR kind="action" lock_ms=9 ai_actions=0
2026-09-14T03:40:10.384988Z  INFO ws_message:game_session{game=KH6NQR player=PlayerId(0)}: server_core::session: action applied game=KH6NQR player=PlayerId(0) action_type="PassPriority" event_count=1
2026-09-14T03:40:10.389525Z  INFO ws_message:game_session{game=KH6NQR player=PlayerId(0)}: phase_server: game submission processed (lock held) game=KH6NQR kind="action" lock_ms=6 ai_actions=0
2026-09-14T03:40:10.544113Z  INFO ws_message:game_session{game=KH6NQR player=PlayerId(1)}: server_core::session: action applied game=KH6NQR player=PlayerId(1) action_type="PassPriority" event_count=5
2026-09-14T03:40:10.545550Z  INFO ws_message:game_session{game=KH6NQR player=PlayerId(1)}: phase_server: game submission processed (lock held) game=KH6NQR kind="action" lock_ms=9 ai_actions=0
2026-09-14T03:40:10.635825Z  INFO ws_message:game_session{game=KH6NQR player=PlayerId(0)}: server_core::session: action applied game=KH6NQR player=PlayerId(0) action_type="PassPriority" event_count=1
2026-09-14T03:40:10.640862Z  INFO ws_message:game_session{game=KH6NQR player=PlayerId(0)}: phase_server: game submission processed (lock held) game=KH6NQR kind="action" lock_ms=7 ai_actions=0
2026-09-14T03:40:10.791447Z  INFO ws_message:game_session{game=KH6NQR player=PlayerId(1)}: server_core::session: action applied game=KH6NQR player=PlayerId(1) action_type="PassPriority" event_count=4
2026-09-14T03:40:10.796424Z  INFO ws_message:game_session{game=KH6NQR player=PlayerId(1)}: phase_server: game submission processed (lock held) game=KH6NQR kind="action" lock_ms=9 ai_actions=0
2026-09-14T03:40:10.996639Z  INFO ws_message:game_session{game=KH6NQR player=PlayerId(0)}: server_core::session: interaction applied game=KH6NQR player=PlayerId(0) action_type="DecideOptionalEffect" event_count=2
2026-09-14T03:40:11.026332Z  INFO ws_message:game_session{game=KH6NQR player=PlayerId(0)}: phase_server: game submission processed (lock held) game=KH6NQR kind="interaction" lock_ms=45 ai_actions=0
2026-09-14T03:40:11.246130Z  INFO ws_message:game_session{game=KH6NQR player=PlayerId(0)}: server_core::session: interaction applied game=KH6NQR player=PlayerId(0) action_type="ChooseTarget" event_count=4
2026-09-14T03:40:11.248367Z  INFO ws_message:game_session{game=KH6NQR player=PlayerId(0)}: phase_server: game submission processed (lock held) game=KH6NQR kind="interaction" lock_ms=16 ai_actions=0
2026-09-14T03:40:11.486655Z  INFO ws_message:game_session{game=KH6NQR player=PlayerId(0)}: server_core::session: action applied game=KH6NQR player=PlayerId(0) action_type="PassPriority" event_count=1
2026-09-14T03:40:11.493512Z  INFO ws_message:game_session{game=KH6NQR player=PlayerId(0)}: phase_server: game submission processed (lock held) game=KH6NQR kind="action" lock_ms=10 ai_actions=0
2026-09-14T03:40:11.795634Z  INFO ws_message:game_session{game=KH6NQR player=PlayerId(1)}: server_core::session: action applied game=KH6NQR player=PlayerId(1) action_type="PassPriority" event_count=5
2026-09-14T03:40:11.805082Z  INFO ws_message:game_session{game=KH6NQR player=PlayerId(1)}: phase_server: game submission processed (lock held) game=KH6NQR kind="action" lock_ms=12 ai_actions=0
2026-09-14T03:40:11.990414Z  INFO ws_message:game_session{game=KH6NQR player=PlayerId(0)}: server_core::session: action applied game=KH6NQR player=PlayerId(0) action_type="PassPriority" event_count=1
2026-09-14T03:40:12.008868Z  INFO ws_message:game_session{game=KH6NQR player=PlayerId(0)}: phase_server: game submission processed (lock held) game=KH6NQR kind="action" lock_ms=21 ai_actions=0
2026-09-14T03:40:12.296998Z  INFO ws_message:game_session{game=KH6NQR player=PlayerId(1)}: server_core::session: action applied game=KH6NQR player=PlayerId(1) action_type="PassPriority" event_count=1
2026-09-14T03:40:12.305990Z  INFO ws_message:game_session{game=KH6NQR player=PlayerId(1)}: phase_server: game submission processed (lock held) game=KH6NQR kind="action" lock_ms=12 ai_actions=0
2026-09-14T03:40:12.589400Z  INFO ws_message:game_session{game=KH6NQR player=PlayerId(0)}: server_core::session: action applied game=KH6NQR player=PlayerId(0) action_type="PassPriority" event_count=1
2026-09-14T03:40:12.599212Z  INFO ws_message:game_session{game=KH6NQR player=PlayerId(0)}: phase_server: game submission processed (lock held) game=KH6NQR kind="action" lock_ms=14 ai_actions=0
2026-09-14T03:40:12.840845Z  INFO ws_message:game_session{game=KH6NQR player=PlayerId(1)}: server_core::session: action applied game=KH6NQR player=PlayerId(1) action_type="PassPriority" event_count=1
2026-09-14T03:40:12.850050Z  INFO ws_message:game_session{game=KH6NQR player=PlayerId(1)}: phase_server: game submission processed (lock held) game=KH6NQR kind="action" lock_ms=14 ai_actions=0
2026-09-14T03:40:13.089631Z  INFO ws_message:game_session{game=KH6NQR player=PlayerId(0)}: server_core::session: action applied game=KH6NQR player=PlayerId(0) action_type="PassPriority" event_count=1
2026-09-14T03:40:13.095676Z  INFO ws_message:game_session{game=KH6NQR player=PlayerId(0)}: phase_server: game submission processed (lock held) game=KH6NQR kind="action" lock_ms=8 ai_actions=0
2026-09-14T03:40:13.344111Z  INFO ws_message:game_session{game=KH6NQR player=PlayerId(1)}: server_core::session: action applied game=KH6NQR player=PlayerId(1) action_type="PassPriority" event_count=1
2026-09-14T03:40:13.353488Z  INFO ws_message:game_session{game=KH6NQR player=PlayerId(1)}: phase_server: game submission processed (lock held) game=KH6NQR kind="action" lock_ms=15 ai_actions=0
2026-09-14T03:40:13.592917Z  INFO ws_message:game_session{game=KH6NQR player=PlayerId(0)}: server_core::session: action applied game=KH6NQR player=PlayerId(0) action_type="PassPriority" event_count=1
2026-09-14T03:40:13.598928Z  INFO ws_message:game_session{game=KH6NQR player=PlayerId(0)}: phase_server: game submission processed (lock held) game=KH6NQR kind="action" lock_ms=8 ai_actions=0
2026-09-14T03:40:13.847779Z  INFO ws_message:game_session{game=KH6NQR player=PlayerId(1)}: server_core::session: action applied game=KH6NQR player=PlayerId(1) action_type="PassPriority" event_count=4
2026-09-14T03:40:13.851436Z  INFO ws_message:game_session{game=KH6NQR player=PlayerId(1)}: phase_server: game submission processed (lock held) game=KH6NQR kind="action" lock_ms=10 ai_actions=0
2026-09-14T03:40:14.095241Z  INFO ws_message:game_session{game=KH6NQR player=PlayerId(1)}: server_core::session: action applied game=KH6NQR player=PlayerId(1) action_type="PassPriority" event_count=1
2026-09-14T03:40:14.102944Z  INFO ws_message:game_session{game=KH6NQR player=PlayerId(1)}: phase_server: game submission processed (lock held) game=KH6NQR kind="action" lock_ms=10 ai_actions=0
2026-09-14T03:40:14.350628Z  INFO ws_message:game_session{game=KH6NQR player=PlayerId(0)}: server_core::session: action applied game=KH6NQR player=PlayerId(0) action_type="PassPriority" event_count=4
2026-09-14T03:40:14.353758Z  INFO ws_message:game_session{game=KH6NQR player=PlayerId(0)}: phase_server: game submission processed (lock held) game=KH6NQR kind="action" lock_ms=9 ai_actions=0
2026-09-14T03:40:14.597603Z  INFO ws_message:game_session{game=KH6NQR player=PlayerId(1)}: server_core::session: action applied game=KH6NQR player=PlayerId(1) action_type="PassPriority" event_count=1
2026-09-14T03:40:14.605546Z  INFO ws_message:game_session{game=KH6NQR player=PlayerId(1)}: phase_server: game submission processed (lock held) game=KH6NQR kind="action" lock_ms=10 ai_actions=0
2026-09-14T03:40:14.848888Z  INFO ws_message:game_session{game=KH6NQR player=PlayerId(0)}: server_core::session: action applied game=KH6NQR player=PlayerId(0) action_type="PassPriority" event_count=1
2026-09-14T03:40:14.873110Z  INFO ws_message:game_session{game=KH6NQR player=PlayerId(0)}: phase_server: game submission processed (lock held) game=KH6NQR kind="action" lock_ms=27 ai_actions=0
2026-09-14T03:40:15.100341Z  INFO ws_message:game_session{game=KH6NQR player=PlayerId(1)}: server_core::session: action applied game=KH6NQR player=PlayerId(1) action_type="PassPriority" event_count=1
2026-09-14T03:40:15.108075Z  INFO ws_message:game_session{game=KH6NQR player=PlayerId(1)}: phase_server: game submission processed (lock held) game=KH6NQR kind="action" lock_ms=10 ai_actions=0
2026-09-14T03:40:15.351351Z  INFO ws_message:game_session{game=KH6NQR player=PlayerId(0)}: server_core::session: action applied game=KH6NQR player=PlayerId(0) action_type="PassPriority" event_count=1
2026-09-14T03:40:15.355822Z  INFO ws_message:game_session{game=KH6NQR player=PlayerId(0)}: phase_server: game submission processed (lock held) game=KH6NQR kind="action" lock_ms=7 ai_actions=0
2026-09-14T03:40:15.602617Z  INFO ws_message:game_session{game=KH6NQR player=PlayerId(1)}: server_core::session: action applied game=KH6NQR player=PlayerId(1) action_type="PassPriority" event_count=1
2026-09-14T03:40:15.609922Z  INFO ws_message:game_session{game=KH6NQR player=PlayerId(1)}: phase_server: game submission processed (lock held) game=KH6NQR kind="action" lock_ms=9 ai_actions=0
2026-09-14T03:40:15.856948Z  INFO ws_message:game_session{game=KH6NQR player=PlayerId(0)}: server_core::session: action applied game=KH6NQR player=PlayerId(0) action_type="PassPriority" event_count=3
2026-09-14T03:40:15.862190Z  INFO ws_message:game_session{game=KH6NQR player=PlayerId(0)}: phase_server: game submission processed (lock held) game=KH6NQR kind="action" lock_ms=11 ai_actions=0
2026-09-14T03:40:16.104977Z  INFO ws_message:game_session{game=KH6NQR player=PlayerId(1)}: server_core::session: action applied game=KH6NQR player=PlayerId(1) action_type="PassPriority" event_count=1
2026-09-14T03:40:16.112597Z  INFO ws_message:game_session{game=KH6NQR player=PlayerId(1)}: phase_server: game submission processed (lock held) game=KH6NQR kind="action" lock_ms=10 ai_actions=0
2026-09-14T03:40:16.359242Z  INFO ws_message:game_session{game=KH6NQR player=PlayerId(0)}: server_core::session: action applied game=KH6NQR player=PlayerId(0) action_type="PassPriority" event_count=1
2026-09-14T03:40:16.384219Z  INFO ws_message:game_session{game=KH6NQR player=PlayerId(0)}: phase_server: game submission processed (lock held) game=KH6NQR kind="action" lock_ms=30 ai_actions=0
2026-09-14T03:40:16.608594Z  INFO ws_message:game_session{game=KH6NQR player=PlayerId(1)}: server_core::session: action applied game=KH6NQR player=PlayerId(1) action_type="PassPriority" event_count=1
2026-09-14T03:40:16.616642Z  INFO ws_message:game_session{game=KH6NQR player=PlayerId(1)}: phase_server: game submission processed (lock held) game=KH6NQR kind="action" lock_ms=11 ai_actions=0
2026-09-14T03:40:16.861550Z  INFO ws_message:game_session{game=KH6NQR player=PlayerId(0)}: server_core::session: action applied game=KH6NQR player=PlayerId(0) action_type="PassPriority" event_count=1
2026-09-14T03:40:16.866038Z  INFO ws_message:game_session{game=KH6NQR player=PlayerId(0)}: phase_server: game submission processed (lock held) game=KH6NQR kind="action" lock_ms=10 ai_actions=0
2026-09-14T03:40:17.109532Z  INFO ws_message:game_session{game=KH6NQR player=PlayerId(1)}: server_core::session: action applied game=KH6NQR player=PlayerId(1) action_type="PassPriority" event_count=1
2026-09-14T03:40:17.116899Z  INFO ws_message:game_session{game=KH6NQR player=PlayerId(1)}: phase_server: game submission processed (lock held) game=KH6NQR kind="action" lock_ms=9 ai_actions=0
2026-09-14T03:40:17.362821Z  INFO ws_message:game_session{game=KH6NQR player=PlayerId(0)}: server_core::session: action applied game=KH6NQR player=PlayerId(0) action_type="PassPriority" event_count=1
2026-09-14T03:40:17.404724Z  INFO ws_message:game_session{game=KH6NQR player=PlayerId(0)}: phase_server: game submission processed (lock held) game=KH6NQR kind="action" lock_ms=46 ai_actions=0
2026-09-14T03:40:17.622470Z  INFO ws_message:game_session{game=KH6NQR player=PlayerId(1)}: server_core::session: interaction applied game=KH6NQR player=PlayerId(1) action_type="SelectCards" event_count=6
2026-09-14T03:40:17.624868Z  INFO ws_message:game_session{game=KH6NQR player=PlayerId(1)}: phase_server: game submission processed (lock held) game=KH6NQR kind="interaction" lock_ms=13 ai_actions=0
2026-09-14T03:40:17.864774Z  INFO ws_message:game_session{game=KH6NQR player=PlayerId(0)}: server_core::session: action applied game=KH6NQR player=PlayerId(0) action_type="PassPriority" event_count=1
2026-09-14T03:40:17.869214Z  INFO ws_message:game_session{game=KH6NQR player=PlayerId(0)}: phase_server: game submission processed (lock held) game=KH6NQR kind="action" lock_ms=7 ai_actions=0
2026-09-14T03:40:18.121052Z  INFO ws_message:game_session{game=KH6NQR player=PlayerId(1)}: server_core::session: action applied game=KH6NQR player=PlayerId(1) action_type="PassPriority" event_count=4
2026-09-14T03:40:18.123574Z  INFO ws_message:game_session{game=KH6NQR player=PlayerId(1)}: phase_server: game submission processed (lock held) game=KH6NQR kind="action" lock_ms=8 ai_actions=0
2026-09-14T03:40:18.367355Z  INFO ws_message:game_session{game=KH6NQR player=PlayerId(0)}: server_core::session: action applied game=KH6NQR player=PlayerId(0) action_type="PassPriority" event_count=1
2026-09-14T03:40:18.371637Z  INFO ws_message:game_session{game=KH6NQR player=PlayerId(0)}: phase_server: game submission processed (lock held) game=KH6NQR kind="action" lock_ms=6 ai_actions=0
2026-09-14T03:40:18.618508Z  INFO ws_message:game_session{game=KH6NQR player=PlayerId(1)}: server_core::session: action applied game=KH6NQR player=PlayerId(1) action_type="PassPriority" event_count=1
2026-09-14T03:40:18.648509Z  INFO ws_message:game_session{game=KH6NQR player=PlayerId(1)}: phase_server: game submission processed (lock held) game=KH6NQR kind="action" lock_ms=32 ai_actions=0
2026-09-14T03:40:18.873513Z  INFO ws_message:game_session{game=KH6NQR player=PlayerId(0)}: server_core::session: action applied game=KH6NQR player=PlayerId(0) action_type="PlayLand" event_count=2
2026-09-14T03:40:18.882592Z  INFO ws_message:game_session{game=KH6NQR player=PlayerId(0)}: phase_server: game submission processed (lock held) game=KH6NQR kind="action" lock_ms=15 ai_actions=0
2026-09-14T03:40:19.120374Z  INFO ws_message:game_session{game=KH6NQR player=PlayerId(0)}: server_core::session: action applied game=KH6NQR player=PlayerId(0) action_type="PassPriority" event_count=1
2026-09-14T03:40:19.125067Z  INFO ws_message:game_session{game=KH6NQR player=PlayerId(0)}: phase_server: game submission processed (lock held) game=KH6NQR kind="action" lock_ms=7 ai_actions=0
2026-09-14T03:40:19.372712Z  INFO ws_message:game_session{game=KH6NQR player=PlayerId(1)}: server_core::session: action applied game=KH6NQR player=PlayerId(1) action_type="PassPriority" event_count=1
2026-09-14T03:40:19.381835Z  INFO ws_message:game_session{game=KH6NQR player=PlayerId(1)}: phase_server: game submission processed (lock held) game=KH6NQR kind="action" lock_ms=12 ai_actions=0
2026-09-14T03:40:19.634278Z  INFO ws_message:game_session{game=KH6NQR player=PlayerId(0)}: server_core::session: action applied game=KH6NQR player=PlayerId(0) action_type="PassPriority" event_count=1
2026-09-14T03:40:19.639718Z  INFO ws_message:game_session{game=KH6NQR player=PlayerId(0)}: phase_server: game submission processed (lock held) game=KH6NQR kind="action" lock_ms=8 ai_actions=0
2026-09-14T03:40:19.885783Z  INFO ws_message:game_session{game=KH6NQR player=PlayerId(1)}: server_core::session: action applied game=KH6NQR player=PlayerId(1) action_type="PassPriority" event_count=1
2026-09-14T03:40:19.895974Z  INFO ws_message:game_session{game=KH6NQR player=PlayerId(1)}: phase_server: game submission processed (lock held) game=KH6NQR kind="action" lock_ms=13 ai_actions=0
2026-09-14T03:40:20.139829Z  INFO ws_message:game_session{game=KH6NQR player=PlayerId(0)}: server_core::session: action applied game=KH6NQR player=PlayerId(0) action_type="DeclareAttackers" event_count=2
2026-09-14T03:40:20.148762Z  INFO ws_message:game_session{game=KH6NQR player=PlayerId(0)}: phase_server: game submission processed (lock held) game=KH6NQR kind="action" lock_ms=14 ai_actions=0
2026-09-14T03:40:20.393928Z  INFO ws_message:game_session{game=KH6NQR player=PlayerId(0)}: server_core::session: action applied game=KH6NQR player=PlayerId(0) action_type="PassPriority" event_count=1
2026-09-14T03:40:20.402028Z  INFO ws_message:game_session{game=KH6NQR player=PlayerId(0)}: phase_server: game submission processed (lock held) game=KH6NQR kind="action" lock_ms=13 ai_actions=0
2026-09-14T03:40:20.643420Z  INFO ws_message:game_session{game=KH6NQR player=PlayerId(1)}: server_core::session: action applied game=KH6NQR player=PlayerId(1) action_type="PassPriority" event_count=2
2026-09-14T03:40:20.652957Z  INFO ws_message:game_session{game=KH6NQR player=PlayerId(1)}: phase_server: game submission processed (lock held) game=KH6NQR kind="action" lock_ms=12 ai_actions=0
2026-09-14T03:40:20.897954Z  INFO ws_message:game_session{game=KH6NQR player=PlayerId(0)}: server_core::session: action applied game=KH6NQR player=PlayerId(0) action_type="PassPriority" event_count=1
2026-09-14T03:40:20.905204Z  INFO ws_message:game_session{game=KH6NQR player=PlayerId(0)}: phase_server: game submission processed (lock held) game=KH6NQR kind="action" lock_ms=13 ai_actions=0
2026-09-14T03:40:21.149120Z  INFO ws_message:game_session{game=KH6NQR player=PlayerId(1)}: server_core::session: action applied game=KH6NQR player=PlayerId(1) action_type="PassPriority" event_count=5
2026-09-14T03:40:21.150726Z  INFO ws_message:game_session{game=KH6NQR player=PlayerId(1)}: phase_server: game submission processed (lock held) game=KH6NQR kind="action" lock_ms=7 ai_actions=0
2026-09-14T03:40:21.397366Z  INFO ws_message:game_session{game=KH6NQR player=PlayerId(0)}: server_core::session: action applied game=KH6NQR player=PlayerId(0) action_type="PassPriority" event_count=1
2026-09-14T03:40:21.402564Z  INFO ws_message:game_session{game=KH6NQR player=PlayerId(0)}: phase_server: game submission processed (lock held) game=KH6NQR kind="action" lock_ms=8 ai_actions=0
2026-09-14T03:40:21.651622Z  INFO ws_message:game_session{game=KH6NQR player=PlayerId(1)}: server_core::session: action applied game=KH6NQR player=PlayerId(1) action_type="PassPriority" event_count=6
2026-09-14T03:40:21.657436Z  INFO ws_message:game_session{game=KH6NQR player=PlayerId(1)}: phase_server: game submission processed (lock held) game=KH6NQR kind="action" lock_ms=11 ai_actions=0
2026-09-14T03:40:22.020863Z  INFO ws_message:game_session{game=KH6NQR player=PlayerId(0)}: server_core::session: interaction applied game=KH6NQR player=PlayerId(0) action_type="DecideOptionalEffect" event_count=0
2026-09-14T03:40:22.034010Z  INFO ws_message:game_session{game=KH6NQR player=PlayerId(0)}: phase_server: game submission processed (lock held) game=KH6NQR kind="interaction" lock_ms=29 ai_actions=0
2026-09-14T03:40:22.257782Z  INFO ws_message:game_session{game=KH6NQR player=PlayerId(0)}: server_core::session: action applied game=KH6NQR player=PlayerId(0) action_type="PassPriority" event_count=1
2026-09-14T03:40:22.267255Z  INFO ws_message:game_session{game=KH6NQR player=PlayerId(0)}: phase_server: game submission processed (lock held) game=KH6NQR kind="action" lock_ms=13 ai_actions=0
2026-09-14T03:40:22.415108Z  INFO ws_message:game_session{game=KH6NQR player=PlayerId(1)}: server_core::session: action applied game=KH6NQR player=PlayerId(1) action_type="PassPriority" event_count=1
2026-09-14T03:40:22.429053Z  INFO ws_message:game_session{game=KH6NQR player=PlayerId(1)}: phase_server: game submission processed (lock held) game=KH6NQR kind="action" lock_ms=17 ai_actions=0
2026-09-14T03:40:22.843196Z  INFO ws_message:game_session{game=KH6NQR player=PlayerId(0)}: server_core::session: action applied game=KH6NQR player=PlayerId(0) action_type="PassPriority" event_count=1
2026-09-14T03:40:22.850438Z  INFO ws_message:game_session{game=KH6NQR player=PlayerId(0)}: phase_server: game submission processed (lock held) game=KH6NQR kind="action" lock_ms=10 ai_actions=0
