[12:57:54] server identity hashes recomputed against on-disk pinned artifacts
[12:57:54] ServerHello: version=0.103.0 build=ec27a8d protocol=106 mode=Full
[12:57:54] data-level check: ok=True notes=[]
[12:57:55] connecting P1...
[12:57:56] game 4TJ3TL mode=accept; P0 seat=0 P1 seat=1
[12:57:56] [301-accept] keep 7: ['island', 'island', 'island', 'island', 'island', 'island', 'island']
[12:57:56] [P1301-accept] keep 7: ['island', 'island', 'island', 'island', 'island', 'island', 'island']
[12:57:57] [301-accept] playing land island
[12:57:59] [P1301-accept] playing land island
[12:57:59] [P1301-accept] tap land for mana used_for=any
[12:57:59] [P1301-accept] submitting interaction iid=4TJ3TL.0.22 choice=4TJ3TL.0.22.c1 (Island)
[12:58:02] [301-accept] playing land island
[12:58:05] [P1301-accept] tap land for mana used_for=any
[12:58:05] [P1301-accept] submitting interaction iid=4TJ3TL.0.48 choice=4TJ3TL.0.48.c1 (Island)
[12:58:06] [P1301-accept] playing land island
[12:58:06] [P1301-accept] tap land for mana used_for=any
[12:58:06] [P1301-accept] submitting interaction iid=4TJ3TL.0.54 choice=4TJ3TL.0.54.c1 (Island)
[12:58:09] [301-accept] playing land island
[12:58:11] [P1301-accept] tap land for mana used_for=any
[12:58:11] [P1301-accept] submitting interaction iid=4TJ3TL.0.80 choice=4TJ3TL.0.80.c1 (Island)
[12:58:11] [P1301-accept] tap land for mana used_for=any
[12:58:11] [P1301-accept] submitting interaction iid=4TJ3TL.0.81 choice=4TJ3TL.0.81.c1 (Island)
[12:58:12] [P1301-accept] playing land island
[12:58:12] [P1301-accept] tap land for mana used_for=any
[12:58:12] [P1301-accept] submitting interaction iid=4TJ3TL.0.87 choice=4TJ3TL.0.87.c1 (Island)
[12:58:15] [301-accept] playing land island
[12:58:16] [P1301-accept] tap land for mana used_for=any
[12:58:16] [P1301-accept] submitting interaction iid=4TJ3TL.0.113 choice=4TJ3TL.0.113.c1 (Island)
[12:58:17] [P1301-accept] tap land for mana used_for=any
[12:58:17] [P1301-accept] submitting interaction iid=4TJ3TL.0.114 choice=4TJ3TL.0.114.c1 (Island)
[12:58:17] [P1301-accept] tap land for mana used_for=any
[12:58:17] [P1301-accept] submitting interaction iid=4TJ3TL.0.115 choice=4TJ3TL.0.115.c1 (Island)
[12:58:18] [P1301-accept] playing land island
[12:58:18] [P1301-accept] tap land for mana used_for=any
[12:58:18] [P1301-accept] submitting interaction iid=4TJ3TL.0.121 choice=4TJ3TL.0.121.c1 (Island)
[12:58:21] [301-accept] DIAG P0301-accept: rev=133 turn=9 phase=Upkeep act=0 prio_acts=[] vikind='choose' real_decision=False my_prio=False ops=[]
[12:58:21] [301-accept] DIAG P1301-accept: rev=133 turn=9 phase=Upkeep act=0 prio_acts=['PassPriority'] vikind='choose' real_decision=False my_prio=True ops=[{"rtype": "exactChoices", "n_items": 1, "codes": ["candidate", "passPriority"]}]
[12:58:22] [301-accept] playing land island
[12:58:23] [P1301-accept] tap land for mana used_for=any
[12:58:23] [P1301-accept] submitting interaction iid=4TJ3TL.0.147 choice=4TJ3TL.0.147.c1 (Island)
[12:58:23] [P1301-accept] tap land for mana used_for=any
[12:58:23] [P1301-accept] submitting interaction iid=4TJ3TL.0.148 choice=4TJ3TL.0.148.c1 (Island)
[12:58:24] [P1301-accept] tap land for mana used_for=any
[12:58:24] [P1301-accept] submitting interaction iid=4TJ3TL.0.149 choice=4TJ3TL.0.149.c1 (Island)
[12:58:24] [P1301-accept] tap land for mana used_for=any
[12:58:24] [P1301-accept] submitting interaction iid=4TJ3TL.0.150 choice=4TJ3TL.0.150.c1 (Island)
[12:58:25] [P1301-accept] playing land island
[12:58:25] [P1301-accept] tap land for mana used_for=any
[12:58:25] [P1301-accept] submitting interaction iid=4TJ3TL.0.156 choice=4TJ3TL.0.156.c1 (Island)
[12:58:27] [301-accept] playing land island
[12:58:29] [P1301-accept] tap land for mana used_for=any
[12:58:29] [P1301-accept] submitting interaction iid=4TJ3TL.0.182 choice=4TJ3TL.0.182.c1 (Island)
[12:58:30] [P1301-accept] tap land for mana used_for=any
[12:58:30] [P1301-accept] submitting interaction iid=4TJ3TL.0.183 choice=4TJ3TL.0.183.c1 (Island)
[12:58:30] [P1301-accept] tap land for mana used_for=any
[12:58:30] [P1301-accept] submitting interaction iid=4TJ3TL.0.184 choice=4TJ3TL.0.184.c1 (Island)
[12:58:30] [P1301-accept] tap land for mana used_for=any
[12:58:30] [P1301-accept] submitting interaction iid=4TJ3TL.0.185 choice=4TJ3TL.0.185.c1 (Island)
[12:58:30] [P1301-accept] tap land for mana used_for=any
[12:58:30] [P1301-accept] submitting interaction iid=4TJ3TL.0.186 choice=4TJ3TL.0.186.c1 (Island)
[12:58:31] [P1301-accept] playing land island
[12:58:31] [P1301-accept] tap land for mana used_for=any
[12:58:31] [P1301-accept] submitting interaction iid=4TJ3TL.0.192 choice=4TJ3TL.0.192.c1 (Island)
[12:58:34] [301-accept] playing land island
[12:58:36] [P1301-accept] tap land for mana used_for=any
[12:58:36] [P1301-accept] submitting interaction iid=4TJ3TL.0.218 choice=4TJ3TL.0.218.c1 (Island)
[12:58:37] [P1301-accept] tap land for mana used_for=any
[12:58:37] [P1301-accept] submitting interaction iid=4TJ3TL.0.219 choice=4TJ3TL.0.219.c1 (Island)
[12:58:37] [P1301-accept] tap land for mana used_for=any
[12:58:37] [P1301-accept] submitting interaction iid=4TJ3TL.0.220 choice=4TJ3TL.0.220.c1 (Island)
[12:58:37] [P1301-accept] tap land for mana used_for=any
[12:58:37] [P1301-accept] submitting interaction iid=4TJ3TL.0.221 choice=4TJ3TL.0.221.c1 (Island)
[12:58:37] [P1301-accept] tap land for mana used_for=any
[12:58:37] [P1301-accept] submitting interaction iid=4TJ3TL.0.222 choice=4TJ3TL.0.222.c1 (Island)
[12:58:38] [P1301-accept] tap land for mana used_for=any
[12:58:38] [P1301-accept] submitting interaction iid=4TJ3TL.0.223 choice=4TJ3TL.0.223.c1 (Island)
[12:58:39] [P1301-accept] playing land island
[12:58:39] [P1301-accept] tap land for mana used_for=any
[12:58:39] [P1301-accept] submitting interaction iid=4TJ3TL.0.229 choice=4TJ3TL.0.229.c1 (Island)
[12:58:42] [301-accept] playing land island
[12:58:44] [P1301-accept] tap land for mana used_for=any
[12:58:44] [P1301-accept] submitting interaction iid=4TJ3TL.0.255 choice=4TJ3TL.0.255.c1 (Island)
[12:58:44] [P1301-accept] tap land for mana used_for=any
[12:58:44] [P1301-accept] submitting interaction iid=4TJ3TL.0.256 choice=4TJ3TL.0.256.c1 (Island)
[12:58:44] [P1301-accept] tap land for mana used_for=any
[12:58:44] [P1301-accept] submitting interaction iid=4TJ3TL.0.257 choice=4TJ3TL.0.257.c1 (Island)
[12:58:44] [P1301-accept] tap land for mana used_for=any
[12:58:44] [P1301-accept] submitting interaction iid=4TJ3TL.0.258 choice=4TJ3TL.0.258.c1 (Island)
[12:58:44] [P1301-accept] tap land for mana used_for=any
[12:58:44] [P1301-accept] submitting interaction iid=4TJ3TL.0.259 choice=4TJ3TL.0.259.c1 (Island)
[12:58:44] [P1301-accept] tap land for mana used_for=any
[12:58:44] [P1301-accept] submitting interaction iid=4TJ3TL.0.260 choice=4TJ3TL.0.260.c1 (Island)
[12:58:44] [P1301-accept] tap land for mana used_for=any
[12:58:44] [P1301-accept] submitting interaction iid=4TJ3TL.0.261 choice=4TJ3TL.0.261.c1 (Island)
[12:58:45] [P1301-accept] playing land island
[12:58:46] [P1301-accept] tap land for mana used_for=any
[12:58:46] [P1301-accept] submitting interaction iid=4TJ3TL.0.267 choice=4TJ3TL.0.267.c1 (Island)
[12:58:46] [301-accept] DIAG P0301-accept: rev=271 turn=16 phase=BeginCombat act=1 prio_acts=['PassPriority'] vikind='choose' real_decision=False my_prio=True ops=[{"rtype": "exactChoices", "n_items": 9, "codes": ["candidate", "passPriority", "tapLandForMana"]}]
[12:58:46] [301-accept] DIAG P1301-accept: rev=271 turn=16 phase=BeginCombat act=1 prio_acts=[] vikind='choose' real_decision=False my_prio=False ops=[]
[12:58:48] [301-accept] playing land island
[12:58:50] [P1301-accept] tap land for mana used_for=any
[12:58:50] [P1301-accept] submitting interaction iid=4TJ3TL.0.293 choice=4TJ3TL.0.293.c1 (Island)
[12:58:50] [P1301-accept] tap land for mana used_for=any
[12:58:50] [P1301-accept] submitting interaction iid=4TJ3TL.0.294 choice=4TJ3TL.0.294.c1 (Island)
[12:58:50] [P1301-accept] tap land for mana used_for=any
[12:58:50] [P1301-accept] submitting interaction iid=4TJ3TL.0.295 choice=4TJ3TL.0.295.c1 (Island)
[12:58:51] [P1301-accept] tap land for mana used_for=any
[12:58:51] [P1301-accept] submitting interaction iid=4TJ3TL.0.296 choice=4TJ3TL.0.296.c1 (Island)
[12:58:51] [P1301-accept] tap land for mana used_for=any
[12:58:51] [P1301-accept] submitting interaction iid=4TJ3TL.0.297 choice=4TJ3TL.0.297.c1 (Island)
[12:58:51] [P1301-accept] tap land for mana used_for=any
[12:58:51] [P1301-accept] submitting interaction iid=4TJ3TL.0.298 choice=4TJ3TL.0.298.c1 (Island)
[12:58:51] [P1301-accept] tap land for mana used_for=any
[12:58:51] [P1301-accept] submitting interaction iid=4TJ3TL.0.299 choice=4TJ3TL.0.299.c1 (Island)
[12:58:51] [P1301-accept] tap land for mana used_for=any
[12:58:51] [P1301-accept] submitting interaction iid=4TJ3TL.0.300 choice=4TJ3TL.0.300.c1 (Island)
[12:58:52] [P1301-accept] playing land island
[12:58:52] [P1301-accept] tap land for mana used_for=any
[12:58:52] [P1301-accept] submitting interaction iid=4TJ3TL.0.306 choice=4TJ3TL.0.306.c1 (Island)
[12:58:55] [301-accept] playing land island
[12:58:55] [301-accept] casting Chaos Wand (oid 40)
[12:58:55] [301-accept] tap land for mana used_for=generic
[12:58:55] [301-accept] submitting interaction iid=4TJ3TL.0.323 choice=4TJ3TL.0.323.c1 (Island)
[12:58:55] [301-accept] tap land for mana used_for=generic
[12:58:55] [301-accept] submitting interaction iid=4TJ3TL.0.324 choice=4TJ3TL.0.324.c1 (Island)
[12:58:55] [301-accept] tap land for mana used_for=generic
[12:58:55] [301-accept] submitting interaction iid=4TJ3TL.0.325 choice=4TJ3TL.0.325.c1 (Island)
[12:58:59] [P1301-accept] tap land for mana used_for=any
[12:58:59] [P1301-accept] submitting interaction iid=4TJ3TL.0.338 choice=4TJ3TL.0.338.c1 (Island)
[12:58:59] [P1301-accept] tap land for mana used_for=any
[12:58:59] [P1301-accept] submitting interaction iid=4TJ3TL.0.339 choice=4TJ3TL.0.339.c1 (Island)
[12:58:59] [P1301-accept] tap land for mana used_for=any
[12:58:59] [P1301-accept] submitting interaction iid=4TJ3TL.0.340 choice=4TJ3TL.0.340.c1 (Island)
[12:58:59] [P1301-accept] tap land for mana used_for=any
[12:58:59] [P1301-accept] submitting interaction iid=4TJ3TL.0.341 choice=4TJ3TL.0.341.c1 (Island)
[12:59:00] [P1301-accept] tap land for mana used_for=any
[12:59:00] [P1301-accept] submitting interaction iid=4TJ3TL.0.342 choice=4TJ3TL.0.342.c1 (Island)
[12:59:00] [P1301-accept] tap land for mana used_for=any
[12:59:00] [P1301-accept] submitting interaction iid=4TJ3TL.0.343 choice=4TJ3TL.0.343.c1 (Island)
[12:59:00] [P1301-accept] tap land for mana used_for=any
[12:59:00] [P1301-accept] submitting interaction iid=4TJ3TL.0.344 choice=4TJ3TL.0.344.c1 (Island)
[12:59:00] [P1301-accept] tap land for mana used_for=any
[12:59:00] [P1301-accept] submitting interaction iid=4TJ3TL.0.345 choice=4TJ3TL.0.345.c1 (Island)
[12:59:00] [P1301-accept] tap land for mana used_for=any
[12:59:00] [P1301-accept] submitting interaction iid=4TJ3TL.0.346 choice=4TJ3TL.0.346.c1 (Island)
[12:59:01] [P1301-accept] playing land island
[12:59:01] [P1301-accept] tap land for mana used_for=any
[12:59:01] [P1301-accept] submitting interaction iid=4TJ3TL.0.352 choice=4TJ3TL.0.352.c1 (Island)
[12:59:04] [301-accept] playing land island
[12:59:06] [P1301-accept] tap land for mana used_for=any
[12:59:06] [P1301-accept] submitting interaction iid=4TJ3TL.0.378 choice=4TJ3TL.0.378.c1 (Island)
[12:59:06] [P1301-accept] tap land for mana used_for=any
[12:59:06] [P1301-accept] submitting interaction iid=4TJ3TL.0.379 choice=4TJ3TL.0.379.c1 (Island)
[12:59:06] [P1301-accept] tap land for mana used_for=any
[12:59:06] [P1301-accept] submitting interaction iid=4TJ3TL.0.380 choice=4TJ3TL.0.380.c1 (Island)
[12:59:06] [P1301-accept] tap land for mana used_for=any
[12:59:06] [P1301-accept] submitting interaction iid=4TJ3TL.0.381 choice=4TJ3TL.0.381.c1 (Island)
[12:59:06] [P1301-accept] tap land for mana used_for=any
[12:59:06] [P1301-accept] submitting interaction iid=4TJ3TL.0.382 choice=4TJ3TL.0.382.c1 (Island)
[12:59:06] [P1301-accept] tap land for mana used_for=any
[12:59:06] [P1301-accept] submitting interaction iid=4TJ3TL.0.383 choice=4TJ3TL.0.383.c1 (Island)
[12:59:07] [P1301-accept] tap land for mana used_for=any
[12:59:07] [P1301-accept] submitting interaction iid=4TJ3TL.0.384 choice=4TJ3TL.0.384.c1 (Island)
[12:59:07] [P1301-accept] tap land for mana used_for=any
[12:59:07] [P1301-accept] submitting interaction iid=4TJ3TL.0.385 choice=4TJ3TL.0.385.c1 (Island)
[12:59:07] [P1301-accept] tap land for mana used_for=any
[12:59:07] [P1301-accept] submitting interaction iid=4TJ3TL.0.386 choice=4TJ3TL.0.386.c1 (Island)
[12:59:07] [P1301-accept] tap land for mana used_for=any
[12:59:07] [P1301-accept] submitting interaction iid=4TJ3TL.0.387 choice=4TJ3TL.0.387.c1 (Island)
[12:59:09] [P1301-accept] playing land island
[12:59:09] [P1301-accept] tap land for mana used_for=any
[12:59:09] [P1301-accept] submitting interaction iid=4TJ3TL.0.393 choice=4TJ3TL.0.393.c1 (Island)
[12:59:11] [301-accept] DIAG P0301-accept: rev=402 turn=22 phase=End act=1 prio_acts=[] vikind='choose' real_decision=False my_prio=False ops=[]
[12:59:11] [301-accept] DIAG P1301-accept: rev=402 turn=22 phase=End act=1 prio_acts=['PassPriority'] vikind='choose' real_decision=False my_prio=True ops=[{"rtype": "exactChoices", "n_items": 1, "codes": ["candidate", "passPriority"]}]
[12:59:12] [301-accept] playing land island
[12:59:13] exporting PRE_ACTIVATION state
[12:59:13] ACTIVATING CHAOS WAND (id 40) via advertised ActivateAbility
[12:59:13] submitting ActivateAbility via ActivateAbility legal_action (holding priority)
[12:59:13] [301-accept] tap land for mana used_for=generic
[12:59:13] [301-accept] submitting interaction iid=4TJ3TL.0.410 choice=4TJ3TL.0.410.c1 (Island)
[12:59:14] [301-accept] tap land for mana used_for=generic
[12:59:14] [301-accept] submitting interaction iid=4TJ3TL.0.411 choice=4TJ3TL.0.411.c1 (Island)
[12:59:14] [301-accept] tap land for mana used_for=generic
[12:59:14] [301-accept] submitting interaction iid=4TJ3TL.0.412 choice=4TJ3TL.0.412.c1 (Island)
[12:59:14] [301-accept] tap land for mana used_for=generic
[12:59:14] [301-accept] submitting interaction iid=4TJ3TL.0.413 choice=4TJ3TL.0.413.c1 (Island)
[12:59:15] [301-accept] activation watch: wand tapped=True stack=1 needs={'generic': 0} pool={"mana": [{"color": "Blue", "source_id": 8, "pip_id": 77, "snow": false, "restrictions": []}, {"color": "Blue", "source_ vikind='choose'
[12:59:15] [301-accept] wand ability on the stack
[12:59:15] exporting POST_EXILE checkpoint
[12:59:16] P0 submitting accept: choice id=4TJ3TL.0.416.c1
[12:59:18] target opportunity found; exporting PRE_TARGET checkpoint
[12:59:18] [301-accept] submitting advertised target: id=4TJ3TL.0.417.t1 kind=sequence
[12:59:19] REJECTION: {"type": "ActionRejected", "data": {"rejection": {"code": "action_not_allowed", "disposition": "unavailable", "message": "That action is not allowed right now.", "related_object_ids": []}}}
[12:59:21] exporting POST_FAILURE state
[12:59:21] connecting P1...
[12:59:22] game BTTB3C mode=decline; P0 seat=0 P1 seat=1
[12:59:22] [301-decline] keep 7: ['island', 'island', 'island', 'island', 'island', 'island', 'island']
[12:59:22] [P1301-decline] keep 7: ['island', 'island', 'island', 'island', 'island', 'island', 'island']
[12:59:23] [P1301-decline] playing land island
[12:59:23] [P1301-decline] tap land for mana used_for=any
[12:59:23] [P1301-decline] submitting interaction iid=BTTB3C.0.7 choice=BTTB3C.0.7.c1 (Island)
[12:59:25] [301-decline] playing land island
[12:59:27] [P1301-decline] tap land for mana used_for=any
[12:59:27] [P1301-decline] submitting interaction iid=BTTB3C.0.33 choice=BTTB3C.0.33.c1 (Island)
[12:59:28] [P1301-decline] playing land island
[12:59:28] [P1301-decline] tap land for mana used_for=any
[12:59:28] [P1301-decline] submitting interaction iid=BTTB3C.0.39 choice=BTTB3C.0.39.c1 (Island)
[12:59:31] [301-decline] playing land island
[12:59:34] [P1301-decline] tap land for mana used_for=any
[12:59:34] [P1301-decline] submitting interaction iid=BTTB3C.0.65 choice=BTTB3C.0.65.c1 (Island)
[12:59:34] [P1301-decline] tap land for mana used_for=any
[12:59:34] [P1301-decline] submitting interaction iid=BTTB3C.0.66 choice=BTTB3C.0.66.c1 (Island)
[12:59:35] [P1301-decline] playing land island
[12:59:36] [P1301-decline] tap land for mana used_for=any
[12:59:36] [P1301-decline] submitting interaction iid=BTTB3C.0.72 choice=BTTB3C.0.72.c1 (Island)
[12:59:38] [301-decline] playing land island
[12:59:39] [301-decline] casting Chaos Wand (oid 4)
[12:59:41] [P1301-decline] tap land for mana used_for=any
[12:59:41] [P1301-decline] submitting interaction iid=BTTB3C.0.101 choice=BTTB3C.0.101.c1 (Island)
[12:59:41] [P1301-decline] tap land for mana used_for=any
[12:59:41] [P1301-decline] submitting interaction iid=BTTB3C.0.102 choice=BTTB3C.0.102.c1 (Island)
[12:59:41] [P1301-decline] tap land for mana used_for=any
[12:59:41] [P1301-decline] submitting interaction iid=BTTB3C.0.103 choice=BTTB3C.0.103.c1 (Island)
[12:59:42] [P1301-decline] playing land island
[12:59:42] [P1301-decline] tap land for mana used_for=any
[12:59:42] [P1301-decline] submitting interaction iid=BTTB3C.0.109 choice=BTTB3C.0.109.c1 (Island)
[12:59:44] [301-decline] tap land for mana used_for=generic
[12:59:44] [301-decline] submitting interaction iid=BTTB3C.0.120 choice=BTTB3C.0.120.c1 (Island)
[12:59:44] [301-decline] tap land for mana used_for=generic
[12:59:44] [301-decline] submitting interaction iid=BTTB3C.0.121 choice=BTTB3C.0.121.c1 (Island)
[12:59:44] [301-decline] tap land for mana used_for=generic
[12:59:44] [301-decline] submitting interaction iid=BTTB3C.0.122 choice=BTTB3C.0.122.c1 (Island)
[12:59:45] [301-decline] playing land island
[12:59:47] [301-decline] DIAG P0301-decline: rev=136 turn=8 phase=End act=0 prio_acts=['PassPriority'] vikind='choose' real_decision=False my_prio=True ops=[{"rtype": "exactChoices", "n_items": 2, "codes": ["candidate", "passPriority", "tapLandForMana"]}]
[12:59:47] [301-decline] DIAG P1301-decline: rev=136 turn=8 phase=End act=0 prio_acts=[] vikind='choose' real_decision=False my_prio=False ops=[]
[12:59:47] [P1301-decline] tap land for mana used_for=any
[12:59:47] [P1301-decline] submitting interaction iid=BTTB3C.0.138 choice=BTTB3C.0.138.c1 (Island)
[12:59:48] [P1301-decline] tap land for mana used_for=any
[12:59:48] [P1301-decline] submitting interaction iid=BTTB3C.0.139 choice=BTTB3C.0.139.c1 (Island)
[12:59:48] [P1301-decline] tap land for mana used_for=any
[12:59:48] [P1301-decline] submitting interaction iid=BTTB3C.0.140 choice=BTTB3C.0.140.c1 (Island)
[12:59:48] [P1301-decline] tap land for mana used_for=any
[12:59:48] [P1301-decline] submitting interaction iid=BTTB3C.0.141 choice=BTTB3C.0.141.c1 (Island)
[12:59:49] [P1301-decline] playing land island
[12:59:50] [P1301-decline] tap land for mana used_for=any
[12:59:50] [P1301-decline] submitting interaction iid=BTTB3C.0.147 choice=BTTB3C.0.147.c1 (Island)
[12:59:52] [301-decline] playing land island
[12:59:54] [P1301-decline] tap land for mana used_for=any
[12:59:54] [P1301-decline] submitting interaction iid=BTTB3C.0.173 choice=BTTB3C.0.173.c1 (Island)
[12:59:54] [P1301-decline] tap land for mana used_for=any
[12:59:54] [P1301-decline] submitting interaction iid=BTTB3C.0.174 choice=BTTB3C.0.174.c1 (Island)
[12:59:54] [P1301-decline] tap land for mana used_for=any
[12:59:54] [P1301-decline] submitting interaction iid=BTTB3C.0.175 choice=BTTB3C.0.175.c1 (Island)
[12:59:54] [P1301-decline] tap land for mana used_for=any
[12:59:54] [P1301-decline] submitting interaction iid=BTTB3C.0.176 choice=BTTB3C.0.176.c1 (Island)
[12:59:54] [P1301-decline] tap land for mana used_for=any
[12:59:54] [P1301-decline] submitting interaction iid=BTTB3C.0.177 choice=BTTB3C.0.177.c1 (Island)
[12:59:55] [P1301-decline] playing land island
[12:59:55] [P1301-decline] tap land for mana used_for=any
[12:59:55] [P1301-decline] submitting interaction iid=BTTB3C.0.183 choice=BTTB3C.0.183.c1 (Island)
[12:59:58] [301-decline] playing land island
[13:00:00] [P1301-decline] tap land for mana used_for=any
[13:00:00] [P1301-decline] submitting interaction iid=BTTB3C.0.209 choice=BTTB3C.0.209.c1 (Island)
[13:00:00] [P1301-decline] tap land for mana used_for=any
[13:00:00] [P1301-decline] submitting interaction iid=BTTB3C.0.210 choice=BTTB3C.0.210.c1 (Island)
[13:00:00] [P1301-decline] tap land for mana used_for=any
[13:00:00] [P1301-decline] submitting interaction iid=BTTB3C.0.211 choice=BTTB3C.0.211.c1 (Island)
[13:00:01] [P1301-decline] tap land for mana used_for=any
[13:00:01] [P1301-decline] submitting interaction iid=BTTB3C.0.212 choice=BTTB3C.0.212.c1 (Island)
[13:00:01] [P1301-decline] tap land for mana used_for=any
[13:00:01] [P1301-decline] submitting interaction iid=BTTB3C.0.213 choice=BTTB3C.0.213.c1 (Island)
[13:00:01] [P1301-decline] tap land for mana used_for=any
[13:00:01] [P1301-decline] submitting interaction iid=BTTB3C.0.214 choice=BTTB3C.0.214.c1 (Island)
[13:00:02] [P1301-decline] playing land island
[13:00:02] [P1301-decline] tap land for mana used_for=any
[13:00:02] [P1301-decline] submitting interaction iid=BTTB3C.0.220 choice=BTTB3C.0.220.c1 (Island)
[13:00:05] [301-decline] playing land island
[13:00:09] [P1301-decline] tap land for mana used_for=any
[13:00:09] [P1301-decline] submitting interaction iid=BTTB3C.0.246 choice=BTTB3C.0.246.c1 (Island)
[13:00:09] [P1301-decline] tap land for mana used_for=any
[13:00:09] [P1301-decline] submitting interaction iid=BTTB3C.0.247 choice=BTTB3C.0.247.c1 (Island)
[13:00:09] [P1301-decline] tap land for mana used_for=any
[13:00:09] [P1301-decline] submitting interaction iid=BTTB3C.0.248 choice=BTTB3C.0.248.c1 (Island)
[13:00:09] [P1301-decline] tap land for mana used_for=any
[13:00:09] [P1301-decline] submitting interaction iid=BTTB3C.0.249 choice=BTTB3C.0.249.c1 (Island)
[13:00:09] [P1301-decline] tap land for mana used_for=any
[13:00:09] [P1301-decline] submitting interaction iid=BTTB3C.0.250 choice=BTTB3C.0.250.c1 (Island)
[13:00:10] [P1301-decline] tap land for mana used_for=any
[13:00:10] [P1301-decline] submitting interaction iid=BTTB3C.0.251 choice=BTTB3C.0.251.c1 (Island)
[13:00:10] [P1301-decline] tap land for mana used_for=any
[13:00:10] [P1301-decline] submitting interaction iid=BTTB3C.0.252 choice=BTTB3C.0.252.c1 (Island)
[13:00:11] [P1301-decline] playing land island
[13:00:11] [P1301-decline] tap land for mana used_for=any
[13:00:11] [P1301-decline] submitting interaction iid=BTTB3C.0.258 choice=BTTB3C.0.258.c1 (Island)
[13:00:12] [301-decline] DIAG P0301-decline: rev=262 turn=15 phase=BeginCombat act=1 prio_acts=['PassPriority', 'ActivateAbility'] vikind='choose' real_decision=False my_prio=True ops=[{"rtype": "exactChoices", "n_items": 9, "codes": ["activateAbility", "candidate", "passPriority", "tapLandForMana"]}]
[13:00:12] [301-decline] DIAG P1301-decline: rev=262 turn=15 phase=BeginCombat act=1 prio_acts=[] vikind='choose' real_decision=False my_prio=False ops=[]
[13:00:14] [301-decline] playing land island
[13:00:16] [P1301-decline] tap land for mana used_for=any
[13:00:16] [P1301-decline] submitting interaction iid=BTTB3C.0.284 choice=BTTB3C.0.284.c1 (Island)
[13:00:16] [P1301-decline] tap land for mana used_for=any
[13:00:16] [P1301-decline] submitting interaction iid=BTTB3C.0.285 choice=BTTB3C.0.285.c1 (Island)
[13:00:16] [P1301-decline] tap land for mana used_for=any
[13:00:16] [P1301-decline] submitting interaction iid=BTTB3C.0.286 choice=BTTB3C.0.286.c1 (Island)
[13:00:16] [P1301-decline] tap land for mana used_for=any
[13:00:16] [P1301-decline] submitting interaction iid=BTTB3C.0.287 choice=BTTB3C.0.287.c1 (Island)
[13:00:16] [P1301-decline] tap land for mana used_for=any
[13:00:16] [P1301-decline] submitting interaction iid=BTTB3C.0.288 choice=BTTB3C.0.288.c1 (Island)
[13:00:16] [P1301-decline] tap land for mana used_for=any
[13:00:16] [P1301-decline] submitting interaction iid=BTTB3C.0.289 choice=BTTB3C.0.289.c1 (Island)
[13:00:17] [P1301-decline] tap land for mana used_for=any
[13:00:17] [P1301-decline] submitting interaction iid=BTTB3C.0.290 choice=BTTB3C.0.290.c1 (Island)
[13:00:17] [P1301-decline] tap land for mana used_for=any
[13:00:17] [P1301-decline] submitting interaction iid=BTTB3C.0.291 choice=BTTB3C.0.291.c1 (Island)
[13:00:18] [P1301-decline] playing land island
[13:00:18] [P1301-decline] tap land for mana used_for=any
[13:00:18] [P1301-decline] submitting interaction iid=BTTB3C.0.297 choice=BTTB3C.0.297.c1 (Island)
[13:00:21] [301-decline] playing land island
[13:00:22] [P1301-decline] tap land for mana used_for=any
[13:00:22] [P1301-decline] submitting interaction iid=BTTB3C.0.323 choice=BTTB3C.0.323.c1 (Island)
[13:00:23] [P1301-decline] tap land for mana used_for=any
[13:00:23] [P1301-decline] submitting interaction iid=BTTB3C.0.324 choice=BTTB3C.0.324.c1 (Island)
[13:00:23] [P1301-decline] tap land for mana used_for=any
[13:00:23] [P1301-decline] submitting interaction iid=BTTB3C.0.325 choice=BTTB3C.0.325.c1 (Island)
[13:00:23] [P1301-decline] tap land for mana used_for=any
[13:00:23] [P1301-decline] submitting interaction iid=BTTB3C.0.326 choice=BTTB3C.0.326.c1 (Island)
[13:00:23] [P1301-decline] tap land for mana used_for=any
[13:00:23] [P1301-decline] submitting interaction iid=BTTB3C.0.327 choice=BTTB3C.0.327.c1 (Island)
[13:00:23] [P1301-decline] tap land for mana used_for=any
[13:00:23] [P1301-decline] submitting interaction iid=BTTB3C.0.328 choice=BTTB3C.0.328.c1 (Island)
[13:00:23] [P1301-decline] tap land for mana used_for=any
[13:00:23] [P1301-decline] submitting interaction iid=BTTB3C.0.329 choice=BTTB3C.0.329.c1 (Island)
[13:00:24] [P1301-decline] tap land for mana used_for=any
[13:00:24] [P1301-decline] submitting interaction iid=BTTB3C.0.330 choice=BTTB3C.0.330.c1 (Island)
[13:00:24] [P1301-decline] tap land for mana used_for=any
[13:00:24] [P1301-decline] submitting interaction iid=BTTB3C.0.331 choice=BTTB3C.0.331.c1 (Island)
[13:00:25] [P1301-decline] playing land island
[13:00:25] [P1301-decline] tap land for mana used_for=any
[13:00:25] [P1301-decline] submitting interaction iid=BTTB3C.0.337 choice=BTTB3C.0.337.c1 (Island)
[13:00:29] [301-decline] playing land island
[13:00:30] [P1301-decline] tap land for mana used_for=any
[13:00:30] [P1301-decline] submitting interaction iid=BTTB3C.0.363 choice=BTTB3C.0.363.c1 (Island)
[13:00:31] [P1301-decline] tap land for mana used_for=any
[13:00:31] [P1301-decline] submitting interaction iid=BTTB3C.0.364 choice=BTTB3C.0.364.c1 (Island)
[13:00:31] [P1301-decline] tap land for mana used_for=any
[13:00:31] [P1301-decline] submitting interaction iid=BTTB3C.0.365 choice=BTTB3C.0.365.c1 (Island)
[13:00:31] [P1301-decline] tap land for mana used_for=any
[13:00:31] [P1301-decline] submitting interaction iid=BTTB3C.0.366 choice=BTTB3C.0.366.c1 (Island)
[13:00:31] [P1301-decline] tap land for mana used_for=any
[13:00:31] [P1301-decline] submitting interaction iid=BTTB3C.0.367 choice=BTTB3C.0.367.c1 (Island)
[13:00:31] [P1301-decline] tap land for mana used_for=any
[13:00:31] [P1301-decline] submitting interaction iid=BTTB3C.0.368 choice=BTTB3C.0.368.c1 (Island)
[13:00:31] [P1301-decline] tap land for mana used_for=any
[13:00:31] [P1301-decline] submitting interaction iid=BTTB3C.0.369 choice=BTTB3C.0.369.c1 (Island)
[13:00:31] [P1301-decline] tap land for mana used_for=any
[13:00:31] [P1301-decline] submitting interaction iid=BTTB3C.0.370 choice=BTTB3C.0.370.c1 (Island)
[13:00:32] [P1301-decline] tap land for mana used_for=any
[13:00:32] [P1301-decline] submitting interaction iid=BTTB3C.0.371 choice=BTTB3C.0.371.c1 (Island)
[13:00:32] [P1301-decline] tap land for mana used_for=any
[13:00:32] [P1301-decline] submitting interaction iid=BTTB3C.0.372 choice=BTTB3C.0.372.c1 (Island)
[13:00:34] [P1301-decline] playing land island
[13:00:34] [P1301-decline] tap land for mana used_for=any
[13:00:34] [P1301-decline] submitting interaction iid=BTTB3C.0.378 choice=BTTB3C.0.378.c1 (Island)
[13:00:37] [301-decline] DIAG P0301-decline: rev=392 turn=22 phase=Draw act=0 prio_acts=[] vikind='choose' real_decision=False my_prio=False ops=[]
[13:00:37] [301-decline] DIAG P1301-decline: rev=392 turn=22 phase=Draw act=0 prio_acts=['PassPriority'] vikind='choose' real_decision=False my_prio=True ops=[{"rtype": "exactChoices", "n_items": 1, "codes": ["candidate", "passPriority"]}]
[13:00:37] [301-decline] playing land island
[13:00:40] [P1301-decline] tap land for mana used_for=any
[13:00:40] [P1301-decline] submitting interaction iid=BTTB3C.0.404 choice=BTTB3C.0.404.c1 (Island)
[13:00:41] [P1301-decline] tap land for mana used_for=any
[13:00:41] [P1301-decline] submitting interaction iid=BTTB3C.0.405 choice=BTTB3C.0.405.c1 (Island)
[13:00:41] [P1301-decline] tap land for mana used_for=any
[13:00:41] [P1301-decline] submitting interaction iid=BTTB3C.0.406 choice=BTTB3C.0.406.c1 (Island)
[13:00:41] [P1301-decline] tap land for mana used_for=any
[13:00:41] [P1301-decline] submitting interaction iid=BTTB3C.0.407 choice=BTTB3C.0.407.c1 (Island)
[13:00:41] [P1301-decline] tap land for mana used_for=any
[13:00:41] [P1301-decline] submitting interaction iid=BTTB3C.0.408 choice=BTTB3C.0.408.c1 (Island)
[13:00:41] [P1301-decline] tap land for mana used_for=any
[13:00:41] [P1301-decline] submitting interaction iid=BTTB3C.0.409 choice=BTTB3C.0.409.c1 (Island)
[13:00:41] [P1301-decline] tap land for mana used_for=any
[13:00:41] [P1301-decline] submitting interaction iid=BTTB3C.0.410 choice=BTTB3C.0.410.c1 (Island)
[13:00:42] [P1301-decline] tap land for mana used_for=any
[13:00:42] [P1301-decline] submitting interaction iid=BTTB3C.0.411 choice=BTTB3C.0.411.c1 (Island)
[13:00:42] [P1301-decline] tap land for mana used_for=any
[13:00:42] [P1301-decline] submitting interaction iid=BTTB3C.0.412 choice=BTTB3C.0.412.c1 (Island)
[13:00:42] [P1301-decline] tap land for mana used_for=any
[13:00:42] [P1301-decline] submitting interaction iid=BTTB3C.0.413 choice=BTTB3C.0.413.c1 (Island)
[13:00:42] [P1301-decline] tap land for mana used_for=any
[13:00:42] [P1301-decline] submitting interaction iid=BTTB3C.0.414 choice=BTTB3C.0.414.c1 (Island)
[13:00:44] [P1301-decline] playing land island
[13:00:44] [P1301-decline] tap land for mana used_for=any
[13:00:44] [P1301-decline] submitting interaction iid=BTTB3C.0.420 choice=BTTB3C.0.420.c1 (Island)
[13:00:49] [301-decline] playing land island
[13:00:49] exporting PRE_ACTIVATION state
[13:00:49] ACTIVATING CHAOS WAND (id 4) via advertised ActivateAbility
[13:00:50] submitting ActivateAbility via ActivateAbility legal_action (holding priority)
[13:00:50] [301-decline] tap land for mana used_for=generic
[13:00:50] [301-decline] submitting interaction iid=BTTB3C.0.437 choice=BTTB3C.0.437.c1 (Island)
[13:00:50] [301-decline] tap land for mana used_for=generic
[13:00:50] [301-decline] submitting interaction iid=BTTB3C.0.438 choice=BTTB3C.0.438.c1 (Island)
[13:00:51] [301-decline] tap land for mana used_for=generic
[13:00:51] [301-decline] submitting interaction iid=BTTB3C.0.439 choice=BTTB3C.0.439.c1 (Island)
[13:00:51] [301-decline] tap land for mana used_for=generic
[13:00:51] [301-decline] submitting interaction iid=BTTB3C.0.440 choice=BTTB3C.0.440.c1 (Island)
[13:00:51] [301-decline] activation watch: wand tapped=True stack=1 needs={'generic': 0} pool={"mana": [{"color": "Blue", "source_id": 5, "pip_id": 89, "snow": false, "restrictions": []}, {"color": "Blue", "source_ vikind='choose'
[13:00:51] [301-decline] wand ability on the stack
[13:00:52] exporting POST_EXILE checkpoint
[13:00:53] P0 submitting decline: choice id=BTTB3C.0.443.c0
[13:00:55] exporting DECLINE_POST state
[13:00:56] VERDICT: reproduced
