data-level check: head=Unimplemented/'unparsed_verb_arguments', sub=Destroy target={'type': 'TrackedSet', 'id': 0}, repeat_for={'type': 'PlayerCount', 'filter': {'type': 'Opponent'}} -> MATCHES ISSUE REPORT
game VR4WA7; P0 seat=0 P1 seat=1
[P0] mulligan #1 (hand: ['plains', 'plains', 'plains', 'plains', 'plains', 'plains', 'plains'])
[P1] keep 7 (hand: ['mountain', 'mountain', 'mountain', 'agent of stromgald', 'cinder wall', 'mountain', 'mountain'])
[P0] keep 7 (hand: ['plains', 'plains', 'plains', 'highcliff felidar', 'plains', 'plains', 'plains'])
[P0] bottoming ['plains']
[P1] casting cinder wall (oid 118)
[P1] tap land for mana: VR4WA7.0.52.c1 symbols=['R'] used_for=R needs={'R': 0, 'generic': 0}
[P1] casting agent of stromgald (oid 86)
[P1] tap land for mana: VR4WA7.0.86.c2 symbols=['R'] used_for=R needs={'R': 0, 'generic': 0}
[P0] cast-gate probe: p1c=[(86, 'agent of stromgald', 1), (118, 'cinder wall', 3)] powers=[1, 3] phase=setup
exported pre.json
[P0] pre.json exported; P1 BF creatures at pre: [(86, 'agent of stromgald', 1), (118, 'cinder wall', 3)]
[P0] casting Highcliff Felidar (oid 2)
[P1] tap land for mana: VR4WA7.0.203.c2 symbols=['R'] used_for=generic needs={'W': 2, 'generic': 4}
[P1] tap land for mana: VR4WA7.0.204.c2 symbols=['R'] used_for=generic needs={'W': 2, 'generic': 3}
[P1] tap land for mana: VR4WA7.0.205.c2 symbols=['R'] used_for=generic needs={'W': 2, 'generic': 2}
[P1] tap land for mana: VR4WA7.0.206.c2 symbols=['R'] used_for=generic needs={'W': 2, 'generic': 1}
[P1] tap land for mana: VR4WA7.0.207.c2 symbols=['R'] used_for=generic needs={'W': 2, 'generic': 0}
Felidar resolved (on P0 battlefield); phase -> resolving
Felidar ETB trigger observed on the stack
[resolving] prompt seen: {"interactionId": "VR4WA7.0.211", "response": {"type": "exactChoices", "data": {"choices": [{"id": "VR4WA7.0.211.c0", "surfaces": [{"type": "summary", "data": {"code": "candidate"}}, {"type": "action", "data": {"code": "passPriority", "actionId": "aa9063230e9a1e8880abc47051b715da0ce68724929194424f44
[resolving] prompt seen: {"interactionId": "VR4WA7.0.213", "response": {"type": "exactChoices", "data": {"choices": [{"id": "VR4WA7.0.213.c0", "surfaces": [{"type": "summary", "data": {"code": "candidate"}}, {"type": "action", "data": {"code": "passPriority", "actionId": "aa9063230e9a1e8880abc47051b715da0ce68724929194424f44
[resolving] prompt seen: {"interactionId": "VR4WA7.0.215", "response": {"type": "exactChoices", "data": {"choices": [{"id": "VR4WA7.0.215.c0", "surfaces": [{"type": "summary", "data": {"code": "candidate"}}, {"type": "action", "data": {"code": "passPriority", "actionId": "aa9063230e9a1e8880abc47051b715da0ce68724929194424f44
[resolving] prompt seen: {"interactionId": "VR4WA7.0.217", "response": {"type": "exactChoices", "data": {"choices": [{"id": "VR4WA7.0.217.c0", "surfaces": [{"type": "summary", "data": {"code": "candidate"}}, {"type": "action", "data": {"code": "passPriority", "actionId": "aa9063230e9a1e8880abc47051b715da0ce68724929194424f44
[resolving] prompt seen: {"interactionId": "VR4WA7.0.219", "response": {"type": "exactChoices", "data": {"choices": [{"id": "VR4WA7.0.219.c0", "surfaces": [{"type": "summary", "data": {"code": "candidate"}}, {"type": "action", "data": {"code": "passPriority", "actionId": "aa9063230e9a1e8880abc47051b715da0ce68724929194424f44
[resolving] prompt seen: {"interactionId": "VR4WA7.0.222", "response": {"type": "exactChoices", "data": {"choices": [{"id": "VR4WA7.0.222.c0", "surfaces": [{"type": "summary", "data": {"code": "candidate"}}, {"type": "action", "data": {"code": "passPriority", "actionId": "aa9063230e9a1e8880abc47051b715da0ce68724929194424f44
[resolving] prompt seen: {"interactionId": "VR4WA7.0.224", "response": {"type": "exactChoices", "data": {"choices": [{"id": "VR4WA7.0.224.c0", "surfaces": [{"type": "summary", "data": {"code": "candidate"}}, {"type": "action", "data": {"code": "passPriority", "actionId": "aa9063230e9a1e8880abc47051b715da0ce68724929194424f44
[P1] casting cinder wall (oid 81)
[P1] tap land for mana: VR4WA7.0.226.c2 symbols=['R'] used_for=R needs={'R': 0, 'generic': 0}
[resolving] prompt seen: {"interactionId": "VR4WA7.0.228", "response": {"type": "exactChoices", "data": {"choices": [{"id": "VR4WA7.0.228.c0", "surfaces": [{"type": "summary", "data": {"code": "candidate"}}, {"type": "action", "data": {"code": "passPriority", "actionId": "aa9063230e9a1e8880abc47051b715da0ce68724929194424f44
[resolving] prompt seen: {"interactionId": "VR4WA7.0.231", "response": {"type": "exactChoices", "data": {"choices": [{"id": "VR4WA7.0.231.c0", "surfaces": [{"type": "summary", "data": {"code": "candidate"}}, {"type": "action", "data": {"code": "passPriority", "actionId": "aa9063230e9a1e8880abc47051b715da0ce68724929194424f44
[resolving] prompt seen: {"interactionId": "VR4WA7.0.233", "response": {"type": "exactChoices", "data": {"choices": [{"id": "VR4WA7.0.233.c0", "surfaces": [{"type": "summary", "data": {"code": "candidate"}}, {"type": "action", "data": {"code": "passPriority", "actionId": "aa9063230e9a1e8880abc47051b715da0ce68724929194424f44
[resolving] prompt seen: {"interactionId": "VR4WA7.0.236", "response": {"type": "exactChoices", "data": {"choices": [{"id": "VR4WA7.0.236.c0", "surfaces": [{"type": "summary", "data": {"code": "candidate"}}, {"type": "action", "data": {"code": "passPriority", "actionId": "aa9063230e9a1e8880abc47051b715da0ce68724929194424f44
[resolving] prompt seen: {"interactionId": "VR4WA7.0.238", "response": {"type": "exactChoices", "data": {"choices": [{"id": "VR4WA7.0.238.c0", "surfaces": [{"type": "summary", "data": {"code": "candidate"}}, {"type": "action", "data": {"code": "passPriority", "actionId": "aa9063230e9a1e8880abc47051b715da0ce68724929194424f44
[resolving] prompt seen: {"interactionId": "VR4WA7.0.240", "response": {"type": "exactChoices", "data": {"choices": [{"id": "VR4WA7.0.240.c0", "surfaces": [{"type": "summary", "data": {"code": "candidate"}}, {"type": "action", "data": {"code": "passPriority", "actionId": "aa9063230e9a1e8880abc47051b715da0ce68724929194424f44
[resolving] prompt seen: {"interactionId": "VR4WA7.0.241", "response": {"type": "exactChoices", "data": {"choices": [{"id": "VR4WA7.0.241.c0", "surfaces": [{"type": "summary", "data": {"code": "candidate"}}, {"type": "action", "data": {"code": "passPriority", "actionId": "aa9063230e9a1e8880abc47051b715da0ce68724929194424f44
[resolving] prompt seen: {"interactionId": "VR4WA7.0.243", "response": {"type": "exactChoices", "data": {"choices": [{"id": "VR4WA7.0.243.c0", "surfaces": [{"type": "summary", "data": {"code": "candidate"}}, {"type": "action", "data": {"code": "passPriority", "actionId": "aa9063230e9a1e8880abc47051b715da0ce68724929194424f44
[resolving] prompt seen: {"interactionId": "VR4WA7.0.245", "response": {"type": "exactChoices", "data": {"choices": [{"id": "VR4WA7.0.245.c0", "surfaces": [{"type": "summary", "data": {"code": "candidate"}}, {"type": "action", "data": {"code": "passPriority", "actionId": "aa9063230e9a1e8880abc47051b715da0ce68724929194424f44
[P0] cast-gate probe: p1c=[(81, 'cinder wall', 3), (86, 'agent of stromgald', 1), (118, 'cinder wall', 3)] powers=[1, 3] phase=resolving
[resolving] prompt seen: {"interactionId": "VR4WA7.0.246", "response": {"type": "exactChoices", "data": {"choices": [{"id": "VR4WA7.0.246.c0", "surfaces": [{"type": "summary", "data": {"code": "candidate"}}, {"type": "action", "data": {"code": "passPriority", "actionId": "aa9063230e9a1e8880abc47051b715da0ce68724929194424f44
[P0] cast-gate probe: p1c=[(81, 'cinder wall', 3), (86, 'agent of stromgald', 1), (118, 'cinder wall', 3)] powers=[1, 3] phase=resolving
[resolving] prompt seen: {"interactionId": "VR4WA7.0.248", "response": {"type": "exactChoices", "data": {"choices": [{"id": "VR4WA7.0.248.c0", "surfaces": [{"type": "summary", "data": {"code": "candidate"}}, {"type": "action", "data": {"code": "passPriority", "actionId": "aa9063230e9a1e8880abc47051b715da0ce68724929194424f44
[resolving] prompt seen: {"interactionId": "VR4WA7.0.250", "response": {"type": "schema", "data": {"spec": {"type": "relations", "data": {"edges": [{"sourceId": "VR4WA7.0.250.r0", "targetIds": ["VR4WA7.0.250.d0"]}], "min": 0, "max": 1, "sourceConstraint": "atMostOne", "allowGroups": true, "confirm": "explicit"}}, "candidate
[resolving] prompt seen: {"interactionId": "VR4WA7.0.251", "response": {"type": "exactChoices", "data": {"choices": [{"id": "VR4WA7.0.251.c0", "surfaces": [{"type": "summary", "data": {"code": "candidate"}}, {"type": "action", "data": {"code": "passPriority", "actionId": "aa9063230e9a1e8880abc47051b715da0ce68724929194424f44
[resolving] prompt seen: {"interactionId": "VR4WA7.0.253", "response": {"type": "exactChoices", "data": {"choices": [{"id": "VR4WA7.0.253.c0", "surfaces": [{"type": "summary", "data": {"code": "candidate"}}, {"type": "action", "data": {"code": "passPriority", "actionId": "aa9063230e9a1e8880abc47051b715da0ce68724929194424f44
[P0] cast-gate probe: p1c=[(81, 'cinder wall', 3), (86, 'agent of stromgald', 1), (118, 'cinder wall', 3)] powers=[1, 3] phase=resolving
[resolving] prompt seen: {"interactionId": "VR4WA7.0.255", "response": {"type": "exactChoices", "data": {"choices": [{"id": "VR4WA7.0.255.c0", "surfaces": [{"type": "summary", "data": {"code": "candidate"}}, {"type": "action", "data": {"code": "passPriority", "actionId": "aa9063230e9a1e8880abc47051b715da0ce68724929194424f44
[resolving] prompt seen: {"interactionId": "VR4WA7.0.258", "response": {"type": "exactChoices", "data": {"choices": [{"id": "VR4WA7.0.258.c0", "surfaces": [{"type": "summary", "data": {"code": "candidate"}}, {"type": "action", "data": {"code": "passPriority", "actionId": "aa9063230e9a1e8880abc47051b715da0ce68724929194424f44
[resolving] prompt seen: {"interactionId": "VR4WA7.0.260", "response": {"type": "exactChoices", "data": {"choices": [{"id": "VR4WA7.0.260.c0", "surfaces": [{"type": "summary", "data": {"code": "candidate"}}, {"type": "action", "data": {"code": "passPriority", "actionId": "aa9063230e9a1e8880abc47051b715da0ce68724929194424f44
[resolving] prompt seen: {"interactionId": "VR4WA7.0.263", "response": {"type": "exactChoices", "data": {"choices": [{"id": "VR4WA7.0.263.c0", "surfaces": [{"type": "summary", "data": {"code": "candidate"}}, {"type": "action", "data": {"code": "passPriority", "actionId": "aa9063230e9a1e8880abc47051b715da0ce68724929194424f44
[resolving] prompt seen: {"interactionId": "VR4WA7.0.265", "response": {"type": "exactChoices", "data": {"choices": [{"id": "VR4WA7.0.265.c0", "surfaces": [{"type": "summary", "data": {"code": "candidate"}}, {"type": "action", "data": {"code": "passPriority", "actionId": "aa9063230e9a1e8880abc47051b715da0ce68724929194424f44
[resolving] prompt seen: {"interactionId": "VR4WA7.0.268", "response": {"type": "exactChoices", "data": {"choices": [{"id": "VR4WA7.0.268.c0", "surfaces": [{"type": "summary", "data": {"code": "candidate"}}, {"type": "action", "data": {"code": "passPriority", "actionId": "aa9063230e9a1e8880abc47051b715da0ce68724929194424f44
[resolving] prompt seen: {"interactionId": "VR4WA7.0.270", "response": {"type": "exactChoices", "data": {"choices": [{"id": "VR4WA7.0.270.c0", "surfaces": [{"type": "summary", "data": {"code": "candidate"}}, {"type": "action", "data": {"code": "passPriority", "actionId": "aa9063230e9a1e8880abc47051b715da0ce68724929194424f44
[resolving] prompt seen: {"interactionId": "VR4WA7.0.272", "response": {"type": "exactChoices", "data": {"choices": [{"id": "VR4WA7.0.272.c0", "surfaces": [{"type": "summary", "data": {"code": "candidate"}}, {"type": "action", "data": {"code": "passPriority", "actionId": "aa9063230e9a1e8880abc47051b715da0ce68724929194424f44
[resolving] prompt seen: {"interactionId": "VR4WA7.0.273", "response": {"type": "exactChoices", "data": {"choices": [{"id": "VR4WA7.0.273.c0", "surfaces": [{"type": "summary", "data": {"code": "candidate"}}, {"type": "action", "data": {"code": "passPriority", "actionId": "aa9063230e9a1e8880abc47051b715da0ce68724929194424f44
[resolving] prompt seen: {"interactionId": "VR4WA7.0.275", "response": {"type": "exactChoices", "data": {"choices": [{"id": "VR4WA7.0.275.c0", "surfaces": [{"type": "summary", "data": {"code": "candidate"}}, {"type": "action", "data": {"code": "passPriority", "actionId": "aa9063230e9a1e8880abc47051b715da0ce68724929194424f44
settled: stack empty, Priority, 8s idle; exporting post
exported post.json
finalizing
