data-level check: head=Unimplemented/unrecognized_clause_head/"Heist! — Exile the top two cards of target opponent's library"; sub=GrantCastingPermission/perm={"type": "PlayFromExile", "duration": "UntilEndOfTurn", "granted_to": 0, "mana_spend_permission": "AnyTypeOrColor"}/target={"type": "TrackedSet", "id": 0}; cost={"type": "Loyalty", "amount": -2}; loyalty=5; mana={"type": "Cost", "shards": ["Red"], "generic": 3}
game created: code=MHTLZ3
[P0] keep 7
[P1] keep 7
[P0] casting Mr. Monopoly, On the Go (oid 26)
exported pre.json
[arm] pre.json exported: monopoly loyalty 5, P1 library 50 cards
[P0] activating Heist! [-2] (ability_index 1), loyalty was 5
[window] Heist! [-2] ability observed on the stack
exported mid_stack.json
[window] stack dump written (heist_on_stack); 1 entries
[resolving/P0] prompt: {"interactionId": "MHTLZ3.0.101", "response": {"type": "exactChoices", "data": {"choices": [{"id": "MHTLZ3.0.101.c0", "surfaces": [{"type": "summary", "data": {"code": "candidate"}}, {"type": "action", "data": {"code": "passPriority", "actionId": "aa9063230e9a
[resolving/P1] prompt: {"interactionId": "MHTLZ3.0.102", "response": {"type": "exactChoices", "data": {"choices": [{"id": "MHTLZ3.0.102.c0", "surfaces": [{"type": "summary", "data": {"code": "candidate"}}, {"type": "action", "data": {"code": "passPriority", "actionId": "aa9063230e9a
[window] Heist! [-2] resolved; starting settle clock
[resolving/P0] prompt: {"interactionId": "MHTLZ3.0.103", "response": {"type": "exactChoices", "data": {"choices": [{"id": "MHTLZ3.0.103.c0", "surfaces": [{"type": "summary", "data": {"code": "candidate"}}, {"type": "action", "data": {"code": "passPriority", "actionId": "aa9063230e9a
[resolving/P1] prompt: {"interactionId": "MHTLZ3.0.104", "response": {"type": "exactChoices", "data": {"choices": [{"id": "MHTLZ3.0.104.c0", "surfaces": [{"type": "summary", "data": {"code": "candidate"}}, {"type": "action", "data": {"code": "passPriority", "actionId": "aa9063230e9a
[resolving/P0] prompt: {"interactionId": "MHTLZ3.0.105", "response": {"type": "exactChoices", "data": {"choices": [{"id": "MHTLZ3.0.105.c0", "surfaces": [{"type": "summary", "data": {"code": "candidate"}}, {"type": "action", "data": {"code": "passPriority", "actionId": "aa9063230e9a
[resolving/P1] prompt: {"interactionId": "MHTLZ3.0.106", "response": {"type": "exactChoices", "data": {"choices": [{"id": "MHTLZ3.0.106.c0", "surfaces": [{"type": "summary", "data": {"code": "candidate"}}, {"type": "action", "data": {"code": "passPriority", "actionId": "aa9063230e9a
[resolving/P0] prompt: {"interactionId": "MHTLZ3.0.107", "response": {"type": "exactChoices", "data": {"choices": [{"id": "MHTLZ3.0.107.c0", "surfaces": [{"type": "summary", "data": {"code": "candidate"}}, {"type": "action", "data": {"code": "passPriority", "actionId": "aa9063230e9a
[resolving/P1] prompt: {"interactionId": "MHTLZ3.0.108", "response": {"type": "exactChoices", "data": {"choices": [{"id": "MHTLZ3.0.108.c0", "surfaces": [{"type": "summary", "data": {"code": "candidate"}}, {"type": "action", "data": {"code": "passPriority", "actionId": "aa9063230e9a
[resolving/P0] prompt: {"interactionId": "MHTLZ3.0.109", "response": {"type": "exactChoices", "data": {"choices": [{"id": "MHTLZ3.0.109.c0", "surfaces": [{"type": "summary", "data": {"code": "candidate"}}, {"type": "action", "data": {"code": "passPriority", "actionId": "aa9063230e9a
[resolving/P1] prompt: {"interactionId": "MHTLZ3.0.110", "response": {"type": "exactChoices", "data": {"choices": [{"id": "MHTLZ3.0.110.c0", "surfaces": [{"type": "summary", "data": {"code": "candidate"}}, {"type": "action", "data": {"code": "passPriority", "actionId": "aa9063230e9a
[resolving/P0] prompt: {"interactionId": "MHTLZ3.0.111", "response": {"type": "exactChoices", "data": {"choices": [{"id": "MHTLZ3.0.111.c0", "surfaces": [{"type": "summary", "data": {"code": "candidate"}}, {"type": "action", "data": {"code": "passPriority", "actionId": "aa9063230e9a
[resolving/P1] prompt: {"interactionId": "MHTLZ3.0.112", "response": {"type": "exactChoices", "data": {"choices": [{"id": "MHTLZ3.0.112.c0", "surfaces": [{"type": "summary", "data": {"code": "candidate"}}, {"type": "action", "data": {"code": "passPriority", "actionId": "aa9063230e9a
[resolving/P1] prompt: {"interactionId": "MHTLZ3.0.113", "response": {"type": "exactChoices", "data": {"choices": [{"id": "MHTLZ3.0.113.c0", "surfaces": [{"type": "summary", "data": {"code": "candidate"}}, {"type": "action", "data": {"code": "passPriority", "actionId": "aa9063230e9a
[resolving/P0] prompt: {"interactionId": "MHTLZ3.0.114", "response": {"type": "exactChoices", "data": {"choices": [{"id": "MHTLZ3.0.114.c0", "surfaces": [{"type": "summary", "data": {"code": "candidate"}}, {"type": "action", "data": {"code": "passPriority", "actionId": "aa9063230e9a
[resolving/P1] prompt: {"interactionId": "MHTLZ3.0.115", "response": {"type": "exactChoices", "data": {"choices": [{"id": "MHTLZ3.0.115.c0", "surfaces": [{"type": "summary", "data": {"code": "candidate"}}, {"type": "action", "data": {"code": "passPriority", "actionId": "aa9063230e9a
[resolving/P0] prompt: {"interactionId": "MHTLZ3.0.116", "response": {"type": "exactChoices", "data": {"choices": [{"id": "MHTLZ3.0.116.c0", "surfaces": [{"type": "summary", "data": {"code": "candidate"}}, {"type": "action", "data": {"code": "passPriority", "actionId": "aa9063230e9a
[resolving/P1] prompt: {"interactionId": "MHTLZ3.0.117", "response": {"type": "exactChoices", "data": {"choices": [{"id": "MHTLZ3.0.117.c0", "surfaces": [{"type": "summary", "data": {"code": "candidate"}}, {"type": "action", "data": {"code": "passPriority", "actionId": "aa9063230e9a
[resolving/P0] prompt: {"interactionId": "MHTLZ3.0.118", "response": {"type": "exactChoices", "data": {"choices": [{"id": "MHTLZ3.0.118.c0", "surfaces": [{"type": "summary", "data": {"code": "candidate"}}, {"type": "action", "data": {"code": "passPriority", "actionId": "aa9063230e9a
[resolving/P1] prompt: {"interactionId": "MHTLZ3.0.119", "response": {"type": "exactChoices", "data": {"choices": [{"id": "MHTLZ3.0.119.c0", "surfaces": [{"type": "summary", "data": {"code": "candidate"}}, {"type": "action", "data": {"code": "passPriority", "actionId": "aa9063230e9a
[resolving/P0] prompt: {"interactionId": "MHTLZ3.0.120", "response": {"type": "exactChoices", "data": {"choices": [{"id": "MHTLZ3.0.120.c0", "surfaces": [{"type": "summary", "data": {"code": "candidate"}}, {"type": "action", "data": {"code": "passPriority", "actionId": "aa9063230e9a
[resolving/P1] prompt: {"interactionId": "MHTLZ3.0.121", "response": {"type": "exactChoices", "data": {"choices": [{"id": "MHTLZ3.0.121.c0", "surfaces": [{"type": "summary", "data": {"code": "candidate"}}, {"type": "action", "data": {"code": "passPriority", "actionId": "aa9063230e9a
[resolving/P0] prompt: {"interactionId": "MHTLZ3.0.122", "response": {"type": "exactChoices", "data": {"choices": [{"id": "MHTLZ3.0.122.c0", "surfaces": [{"type": "summary", "data": {"code": "candidate"}}, {"type": "action", "data": {"code": "passPriority", "actionId": "aa9063230e9a
[resolving/P1] prompt: {"interactionId": "MHTLZ3.0.123", "response": {"type": "exactChoices", "data": {"choices": [{"id": "MHTLZ3.0.123.c0", "surfaces": [{"type": "summary", "data": {"code": "candidate"}}, {"type": "action", "data": {"code": "passPriority", "actionId": "aa9063230e9a
[resolving/P0] prompt: {"interactionId": "MHTLZ3.0.124", "response": {"type": "exactChoices", "data": {"choices": [{"id": "MHTLZ3.0.124.c0", "surfaces": [{"type": "summary", "data": {"code": "candidate"}}, {"type": "action", "data": {"code": "passPriority", "actionId": "aa9063230e9a
[resolving/P1] prompt: {"interactionId": "MHTLZ3.0.125", "response": {"type": "exactChoices", "data": {"choices": [{"id": "MHTLZ3.0.125.c0", "surfaces": [{"type": "summary", "data": {"code": "candidate"}}, {"type": "action", "data": {"code": "passPriority", "actionId": "aa9063230e9a
[resolving/P0] prompt: {"interactionId": "MHTLZ3.0.126", "response": {"type": "exactChoices", "data": {"choices": [{"id": "MHTLZ3.0.126.c0", "surfaces": [{"type": "summary", "data": {"code": "candidate"}}, {"type": "action", "data": {"code": "passPriority", "actionId": "aa9063230e9a
[resolving/P1] prompt: {"interactionId": "MHTLZ3.0.127", "response": {"type": "schema", "data": {"spec": {"type": "select", "data": {"constraint": {"type": "count", "data": {"min": 1, "max": 1}}, "confirm": "explicit"}}, "candidates": [{"id": "MHTLZ3.0.127.s0", "surfaces": [{"type":
[P1] vi discard-to-hand-size: MHTLZ3.0.127.s0
[resolving/P0] prompt: {"interactionId": "MHTLZ3.0.128", "response": {"type": "exactChoices", "data": {"choices": [{"id": "MHTLZ3.0.128.c0", "surfaces": [{"type": "summary", "data": {"code": "candidate"}}, {"type": "action", "data": {"code": "passPriority", "actionId": "aa9063230e9a
[P0] tap land for mana: MHTLZ3.0.128.c1 symbols=['R'] used_for=R needs={'R': 0, 'generic': 3}
[resolving/P0] prompt: {"interactionId": "MHTLZ3.0.129", "response": {"type": "exactChoices", "data": {"choices": [{"id": "MHTLZ3.0.129.c0", "surfaces": [{"type": "summary", "data": {"code": "candidate"}}, {"type": "action", "data": {"code": "passPriority", "actionId": "aa9063230e9a
[P0] tap land for mana: MHTLZ3.0.129.c1 symbols=['R'] used_for=generic needs={'R': 0, 'generic': 2}
[resolving/P0] prompt: {"interactionId": "MHTLZ3.0.130", "response": {"type": "exactChoices", "data": {"choices": [{"id": "MHTLZ3.0.130.c0", "surfaces": [{"type": "summary", "data": {"code": "candidate"}}, {"type": "action", "data": {"code": "passPriority", "actionId": "aa9063230e9a
[P0] tap land for mana: MHTLZ3.0.130.c1 symbols=['R'] used_for=generic needs={'R': 0, 'generic': 1}
[resolving/P0] prompt: {"interactionId": "MHTLZ3.0.131", "response": {"type": "exactChoices", "data": {"choices": [{"id": "MHTLZ3.0.131.c0", "surfaces": [{"type": "summary", "data": {"code": "candidate"}}, {"type": "action", "data": {"code": "passPriority", "actionId": "aa9063230e9a
[P0] tap land for mana: MHTLZ3.0.131.c1 symbols=['R'] used_for=generic needs={'R': 0, 'generic': 0}
[resolving/P0] prompt: {"interactionId": "MHTLZ3.0.132", "response": {"type": "exactChoices", "data": {"choices": [{"id": "MHTLZ3.0.132.c0", "surfaces": [{"type": "summary", "data": {"code": "candidate"}}, {"type": "action", "data": {"code": "passPriority", "actionId": "aa9063230e9a
[resolving/P1] prompt: {"interactionId": "MHTLZ3.0.133", "response": {"type": "exactChoices", "data": {"choices": [{"id": "MHTLZ3.0.133.c0", "surfaces": [{"type": "summary", "data": {"code": "candidate"}}, {"type": "action", "data": {"code": "passPriority", "actionId": "aa9063230e9a
[resolving/P0] prompt: {"interactionId": "MHTLZ3.0.134", "response": {"type": "exactChoices", "data": {"choices": [{"id": "MHTLZ3.0.134.c0", "surfaces": [{"type": "summary", "data": {"code": "candidate"}}, {"type": "action", "data": {"code": "passPriority", "actionId": "aa9063230e9a
[resolving/P1] prompt: {"interactionId": "MHTLZ3.0.135", "response": {"type": "exactChoices", "data": {"choices": [{"id": "MHTLZ3.0.135.c0", "surfaces": [{"type": "summary", "data": {"code": "candidate"}}, {"type": "action", "data": {"code": "passPriority", "actionId": "aa9063230e9a
[resolving/P0] prompt: {"interactionId": "MHTLZ3.0.136", "response": {"type": "exactChoices", "data": {"choices": [{"id": "MHTLZ3.0.136.c0", "surfaces": [{"type": "summary", "data": {"code": "candidate"}}, {"type": "action", "data": {"code": "passPriority", "actionId": "aa9063230e9a
[resolving/P1] prompt: {"interactionId": "MHTLZ3.0.137", "response": {"type": "exactChoices", "data": {"choices": [{"id": "MHTLZ3.0.137.c0", "surfaces": [{"type": "summary", "data": {"code": "candidate"}}, {"type": "action", "data": {"code": "passPriority", "actionId": "aa9063230e9a
[resolving/P0] prompt: {"interactionId": "MHTLZ3.0.138", "response": {"type": "exactChoices", "data": {"choices": [{"id": "MHTLZ3.0.138.c0", "surfaces": [{"type": "summary", "data": {"code": "candidate"}}, {"type": "action", "data": {"code": "passPriority", "actionId": "aa9063230e9a
[resolving/P1] prompt: {"interactionId": "MHTLZ3.0.139", "response": {"type": "exactChoices", "data": {"choices": [{"id": "MHTLZ3.0.139.c0", "surfaces": [{"type": "summary", "data": {"code": "candidate"}}, {"type": "action", "data": {"code": "passPriority", "actionId": "aa9063230e9a
[resolving/P0] prompt: {"interactionId": "MHTLZ3.0.140", "response": {"type": "exactChoices", "data": {"choices": [{"id": "MHTLZ3.0.140.c0", "surfaces": [{"type": "summary", "data": {"code": "candidate"}}, {"type": "action", "data": {"code": "passPriority", "actionId": "aa9063230e9a
[resolving/P1] prompt: {"interactionId": "MHTLZ3.0.141", "response": {"type": "exactChoices", "data": {"choices": [{"id": "MHTLZ3.0.141.c0", "surfaces": [{"type": "summary", "data": {"code": "candidate"}}, {"type": "action", "data": {"code": "passPriority", "actionId": "aa9063230e9a
[resolving/P0] prompt: {"interactionId": "MHTLZ3.0.142", "response": {"type": "exactChoices", "data": {"choices": [{"id": "MHTLZ3.0.142.c0", "surfaces": [{"type": "summary", "data": {"code": "candidate"}}, {"type": "action", "data": {"code": "passPriority", "actionId": "aa9063230e9a
[resolving/P1] prompt: {"interactionId": "MHTLZ3.0.143", "response": {"type": "exactChoices", "data": {"choices": [{"id": "MHTLZ3.0.143.c0", "surfaces": [{"type": "summary", "data": {"code": "candidate"}}, {"type": "action", "data": {"code": "passPriority", "actionId": "aa9063230e9a
[resolving/P0] prompt: {"interactionId": "MHTLZ3.0.144", "response": {"type": "exactChoices", "data": {"choices": [{"id": "MHTLZ3.0.144.c0", "surfaces": [{"type": "summary", "data": {"code": "candidate"}}, {"type": "action", "data": {"code": "passPriority", "actionId": "aa9063230e9a
[resolving/P1] prompt: {"interactionId": "MHTLZ3.0.145", "response": {"type": "exactChoices", "data": {"choices": [{"id": "MHTLZ3.0.145.c0", "surfaces": [{"type": "summary", "data": {"code": "candidate"}}, {"type": "action", "data": {"code": "passPriority", "actionId": "aa9063230e9a
[resolving/P1] prompt: {"interactionId": "MHTLZ3.0.146", "response": {"type": "exactChoices", "data": {"choices": [{"id": "MHTLZ3.0.146.c0", "surfaces": [{"type": "summary", "data": {"code": "candidate"}}, {"type": "action", "data": {"code": "passPriority", "actionId": "aa9063230e9a
[resolving/P0] prompt: {"interactionId": "MHTLZ3.0.147", "response": {"type": "exactChoices", "data": {"choices": [{"id": "MHTLZ3.0.147.c0", "surfaces": [{"type": "summary", "data": {"code": "candidate"}}, {"type": "action", "data": {"code": "passPriority", "actionId": "aa9063230e9a
[resolving/P1] prompt: {"interactionId": "MHTLZ3.0.148", "response": {"type": "exactChoices", "data": {"choices": [{"id": "MHTLZ3.0.148.c0", "surfaces": [{"type": "summary", "data": {"code": "candidate"}}, {"type": "action", "data": {"code": "passPriority", "actionId": "aa9063230e9a
[resolving/P0] prompt: {"interactionId": "MHTLZ3.0.149", "response": {"type": "exactChoices", "data": {"choices": [{"id": "MHTLZ3.0.149.c0", "surfaces": [{"type": "summary", "data": {"code": "candidate"}}, {"type": "action", "data": {"code": "passPriority", "actionId": "aa9063230e9a
[resolving/P1] prompt: {"interactionId": "MHTLZ3.0.150", "response": {"type": "exactChoices", "data": {"choices": [{"id": "MHTLZ3.0.150.c0", "surfaces": [{"type": "summary", "data": {"code": "candidate"}}, {"type": "action", "data": {"code": "passPriority", "actionId": "aa9063230e9a
[resolving/P0] prompt: {"interactionId": "MHTLZ3.0.151", "response": {"type": "exactChoices", "data": {"choices": [{"id": "MHTLZ3.0.151.c0", "surfaces": [{"type": "summary", "data": {"code": "candidate"}}, {"type": "action", "data": {"code": "passPriority", "actionId": "aa9063230e9a
[resolving/P1] prompt: {"interactionId": "MHTLZ3.0.152", "response": {"type": "exactChoices", "data": {"choices": [{"id": "MHTLZ3.0.152.c0", "surfaces": [{"type": "summary", "data": {"code": "candidate"}}, {"type": "action", "data": {"code": "passPriority", "actionId": "aa9063230e9a
[resolving/P0] prompt: {"interactionId": "MHTLZ3.0.153", "response": {"type": "exactChoices", "data": {"choices": [{"id": "MHTLZ3.0.153.c0", "surfaces": [{"type": "summary", "data": {"code": "candidate"}}, {"type": "action", "data": {"code": "passPriority", "actionId": "aa9063230e9a
[resolving/P1] prompt: {"interactionId": "MHTLZ3.0.154", "response": {"type": "exactChoices", "data": {"choices": [{"id": "MHTLZ3.0.154.c0", "surfaces": [{"type": "summary", "data": {"code": "candidate"}}, {"type": "action", "data": {"code": "passPriority", "actionId": "aa9063230e9a
[resolving/P0] prompt: {"interactionId": "MHTLZ3.0.155", "response": {"type": "exactChoices", "data": {"choices": [{"id": "MHTLZ3.0.155.c0", "surfaces": [{"type": "summary", "data": {"code": "candidate"}}, {"type": "action", "data": {"code": "passPriority", "actionId": "aa9063230e9a
[resolving/P1] prompt: {"interactionId": "MHTLZ3.0.156", "response": {"type": "exactChoices", "data": {"choices": [{"id": "MHTLZ3.0.156.c0", "surfaces": [{"type": "summary", "data": {"code": "candidate"}}, {"type": "action", "data": {"code": "passPriority", "actionId": "aa9063230e9a
[resolving/P0] prompt: {"interactionId": "MHTLZ3.0.157", "response": {"type": "exactChoices", "data": {"choices": [{"id": "MHTLZ3.0.157.c0", "surfaces": [{"type": "summary", "data": {"code": "candidate"}}, {"type": "action", "data": {"code": "passPriority", "actionId": "aa9063230e9a
[resolving/P1] prompt: {"interactionId": "MHTLZ3.0.158", "response": {"type": "exactChoices", "data": {"choices": [{"id": "MHTLZ3.0.158.c0", "surfaces": [{"type": "summary", "data": {"code": "candidate"}}, {"type": "action", "data": {"code": "passPriority", "actionId": "aa9063230e9a
[resolving/P0] prompt: {"interactionId": "MHTLZ3.0.159", "response": {"type": "exactChoices", "data": {"choices": [{"id": "MHTLZ3.0.159.c0", "surfaces": [{"type": "summary", "data": {"code": "candidate"}}, {"type": "action", "data": {"code": "passPriority", "actionId": "aa9063230e9a
[resolving/P1] prompt: {"interactionId": "MHTLZ3.0.160", "response": {"type": "schema", "data": {"spec": {"type": "select", "data": {"constraint": {"type": "count", "data": {"min": 1, "max": 1}}, "confirm": "explicit"}}, "candidates": [{"id": "MHTLZ3.0.160.s0", "surfaces": [{"type":
[P1] vi discard-to-hand-size: MHTLZ3.0.160.s0
[resolving/P0] prompt: {"interactionId": "MHTLZ3.0.161", "response": {"type": "exactChoices", "data": {"choices": [{"id": "MHTLZ3.0.161.c0", "surfaces": [{"type": "summary", "data": {"code": "candidate"}}, {"type": "action", "data": {"code": "passPriority", "actionId": "aa9063230e9a
[resolving/P1] prompt: {"interactionId": "MHTLZ3.0.162", "response": {"type": "exactChoices", "data": {"choices": [{"id": "MHTLZ3.0.162.c0", "surfaces": [{"type": "summary", "data": {"code": "candidate"}}, {"type": "action", "data": {"code": "passPriority", "actionId": "aa9063230e9a
[resolving/P0] prompt: {"interactionId": "MHTLZ3.0.163", "response": {"type": "exactChoices", "data": {"choices": [{"id": "MHTLZ3.0.163.c0", "surfaces": [{"type": "summary", "data": {"code": "candidate"}}, {"type": "action", "data": {"code": "passPriority", "actionId": "aa9063230e9a
[resolving/P1] prompt: {"interactionId": "MHTLZ3.0.164", "response": {"type": "exactChoices", "data": {"choices": [{"id": "MHTLZ3.0.164.c0", "surfaces": [{"type": "summary", "data": {"code": "candidate"}}, {"type": "action", "data": {"code": "passPriority", "actionId": "aa9063230e9a
[resolving/P0] prompt: {"interactionId": "MHTLZ3.0.165", "response": {"type": "exactChoices", "data": {"choices": [{"id": "MHTLZ3.0.165.c0", "surfaces": [{"type": "summary", "data": {"code": "candidate"}}, {"type": "action", "data": {"code": "passPriority", "actionId": "aa9063230e9a
[resolving/P1] prompt: {"interactionId": "MHTLZ3.0.166", "response": {"type": "exactChoices", "data": {"choices": [{"id": "MHTLZ3.0.166.c0", "surfaces": [{"type": "summary", "data": {"code": "candidate"}}, {"type": "action", "data": {"code": "passPriority", "actionId": "aa9063230e9a
[resolving/P0] prompt: {"interactionId": "MHTLZ3.0.167", "response": {"type": "exactChoices", "data": {"choices": [{"id": "MHTLZ3.0.167.c0", "surfaces": [{"type": "summary", "data": {"code": "candidate"}}, {"type": "action", "data": {"code": "passPriority", "actionId": "aa9063230e9a
[resolving/P1] prompt: {"interactionId": "MHTLZ3.0.168", "response": {"type": "exactChoices", "data": {"choices": [{"id": "MHTLZ3.0.168.c0", "surfaces": [{"type": "summary", "data": {"code": "candidate"}}, {"type": "action", "data": {"code": "passPriority", "actionId": "aa9063230e9a
[resolving/P0] prompt: {"interactionId": "MHTLZ3.0.169", "response": {"type": "exactChoices", "data": {"choices": [{"id": "MHTLZ3.0.169.c0", "surfaces": [{"type": "summary", "data": {"code": "candidate"}}, {"type": "action", "data": {"code": "passPriority", "actionId": "aa9063230e9a
[resolving/P1] prompt: {"interactionId": "MHTLZ3.0.170", "response": {"type": "exactChoices", "data": {"choices": [{"id": "MHTLZ3.0.170.c0", "surfaces": [{"type": "summary", "data": {"code": "candidate"}}, {"type": "action", "data": {"code": "passPriority", "actionId": "aa9063230e9a
[resolving/P0] prompt: {"interactionId": "MHTLZ3.0.171", "response": {"type": "exactChoices", "data": {"choices": [{"id": "MHTLZ3.0.171.c0", "surfaces": [{"type": "summary", "data": {"code": "candidate"}}, {"type": "action", "data": {"code": "passPriority", "actionId": "aa9063230e9a
[resolving/P1] prompt: {"interactionId": "MHTLZ3.0.172", "response": {"type": "exactChoices", "data": {"choices": [{"id": "MHTLZ3.0.172.c0", "surfaces": [{"type": "summary", "data": {"code": "candidate"}}, {"type": "action", "data": {"code": "passPriority", "actionId": "aa9063230e9a
[resolving/P0] prompt: {"interactionId": "MHTLZ3.0.173", "response": {"type": "exactChoices", "data": {"choices": [{"id": "MHTLZ3.0.173.c0", "surfaces": [{"type": "summary", "data": {"code": "candidate"}}, {"type": "action", "data": {"code": "passPriority", "actionId": "aa9063230e9a
[resolving/P1] prompt: {"interactionId": "MHTLZ3.0.174", "response": {"type": "exactChoices", "data": {"choices": [{"id": "MHTLZ3.0.174.c0", "surfaces": [{"type": "summary", "data": {"code": "candidate"}}, {"type": "action", "data": {"code": "passPriority", "actionId": "aa9063230e9a
[resolving/P1] prompt: {"interactionId": "MHTLZ3.0.175", "response": {"type": "exactChoices", "data": {"choices": [{"id": "MHTLZ3.0.175.c0", "surfaces": [{"type": "summary", "data": {"code": "candidate"}}, {"type": "action", "data": {"code": "passPriority", "actionId": "aa9063230e9a
[resolving/P0] prompt: {"interactionId": "MHTLZ3.0.176", "response": {"type": "exactChoices", "data": {"choices": [{"id": "MHTLZ3.0.176.c0", "surfaces": [{"type": "summary", "data": {"code": "candidate"}}, {"type": "action", "data": {"code": "passPriority", "actionId": "aa9063230e9a
[resolving/P1] prompt: {"interactionId": "MHTLZ3.0.177", "response": {"type": "exactChoices", "data": {"choices": [{"id": "MHTLZ3.0.177.c0", "surfaces": [{"type": "summary", "data": {"code": "candidate"}}, {"type": "action", "data": {"code": "passPriority", "actionId": "aa9063230e9a
[resolving/P0] prompt: {"interactionId": "MHTLZ3.0.178", "response": {"type": "exactChoices", "data": {"choices": [{"id": "MHTLZ3.0.178.c0", "surfaces": [{"type": "summary", "data": {"code": "candidate"}}, {"type": "action", "data": {"code": "passPriority", "actionId": "aa9063230e9a
[resolving/P1] prompt: {"interactionId": "MHTLZ3.0.179", "response": {"type": "exactChoices", "data": {"choices": [{"id": "MHTLZ3.0.179.c0", "surfaces": [{"type": "summary", "data": {"code": "candidate"}}, {"type": "action", "data": {"code": "passPriority", "actionId": "aa9063230e9a
[resolving/P0] prompt: {"interactionId": "MHTLZ3.0.180", "response": {"type": "exactChoices", "data": {"choices": [{"id": "MHTLZ3.0.180.c0", "surfaces": [{"type": "summary", "data": {"code": "candidate"}}, {"type": "action", "data": {"code": "passPriority", "actionId": "aa9063230e9a
[resolving/P1] prompt: {"interactionId": "MHTLZ3.0.181", "response": {"type": "exactChoices", "data": {"choices": [{"id": "MHTLZ3.0.181.c0", "surfaces": [{"type": "summary", "data": {"code": "candidate"}}, {"type": "action", "data": {"code": "passPriority", "actionId": "aa9063230e9a
[resolving/P0] prompt: {"interactionId": "MHTLZ3.0.182", "response": {"type": "exactChoices", "data": {"choices": [{"id": "MHTLZ3.0.182.c0", "surfaces": [{"type": "summary", "data": {"code": "candidate"}}, {"type": "action", "data": {"code": "passPriority", "actionId": "aa9063230e9a
[resolving/P1] prompt: {"interactionId": "MHTLZ3.0.183", "response": {"type": "exactChoices", "data": {"choices": [{"id": "MHTLZ3.0.183.c0", "surfaces": [{"type": "summary", "data": {"code": "candidate"}}, {"type": "action", "data": {"code": "passPriority", "actionId": "aa9063230e9a
[resolving/P0] prompt: {"interactionId": "MHTLZ3.0.184", "response": {"type": "exactChoices", "data": {"choices": [{"id": "MHTLZ3.0.184.c0", "surfaces": [{"type": "summary", "data": {"code": "candidate"}}, {"type": "action", "data": {"code": "passPriority", "actionId": "aa9063230e9a
[resolving/P1] prompt: {"interactionId": "MHTLZ3.0.185", "response": {"type": "exactChoices", "data": {"choices": [{"id": "MHTLZ3.0.185.c0", "surfaces": [{"type": "summary", "data": {"code": "candidate"}}, {"type": "action", "data": {"code": "passPriority", "actionId": "aa9063230e9a
[resolving/P0] prompt: {"interactionId": "MHTLZ3.0.186", "response": {"type": "exactChoices", "data": {"choices": [{"id": "MHTLZ3.0.186.c0", "surfaces": [{"type": "summary", "data": {"code": "candidate"}}, {"type": "action", "data": {"code": "passPriority", "actionId": "aa9063230e9a
[resolving/P1] prompt: {"interactionId": "MHTLZ3.0.187", "response": {"type": "exactChoices", "data": {"choices": [{"id": "MHTLZ3.0.187.c0", "surfaces": [{"type": "summary", "data": {"code": "candidate"}}, {"type": "action", "data": {"code": "passPriority", "actionId": "aa9063230e9a
[resolving/P0] prompt: {"interactionId": "MHTLZ3.0.188", "response": {"type": "exactChoices", "data": {"choices": [{"id": "MHTLZ3.0.188.c0", "surfaces": [{"type": "summary", "data": {"code": "candidate"}}, {"type": "action", "data": {"code": "passPriority", "actionId": "aa9063230e9a
[resolving/P1] prompt: {"interactionId": "MHTLZ3.0.189", "response": {"type": "schema", "data": {"spec": {"type": "select", "data": {"constraint": {"type": "count", "data": {"min": 1, "max": 1}}, "confirm": "explicit"}}, "candidates": [{"id": "MHTLZ3.0.189.s0", "surfaces": [{"type":
[P1] vi discard-to-hand-size: MHTLZ3.0.189.s0
[resolving/P0] prompt: {"interactionId": "MHTLZ3.0.190", "response": {"type": "exactChoices", "data": {"choices": [{"id": "MHTLZ3.0.190.c0", "surfaces": [{"type": "summary", "data": {"code": "candidate"}}, {"type": "action", "data": {"code": "passPriority", "actionId": "aa9063230e9a
[resolving/P1] prompt: {"interactionId": "MHTLZ3.0.191", "response": {"type": "exactChoices", "data": {"choices": [{"id": "MHTLZ3.0.191.c0", "surfaces": [{"type": "summary", "data": {"code": "candidate"}}, {"type": "action", "data": {"code": "passPriority", "actionId": "aa9063230e9a
[resolving/P0] prompt: {"interactionId": "MHTLZ3.0.192", "response": {"type": "exactChoices", "data": {"choices": [{"id": "MHTLZ3.0.192.c0", "surfaces": [{"type": "summary", "data": {"code": "candidate"}}, {"type": "action", "data": {"code": "passPriority", "actionId": "aa9063230e9a
[resolving/P1] prompt: {"interactionId": "MHTLZ3.0.193", "response": {"type": "exactChoices", "data": {"choices": [{"id": "MHTLZ3.0.193.c0", "surfaces": [{"type": "summary", "data": {"code": "candidate"}}, {"type": "action", "data": {"code": "passPriority", "actionId": "aa9063230e9a
[resolving/P0] prompt: {"interactionId": "MHTLZ3.0.194", "response": {"type": "exactChoices", "data": {"choices": [{"id": "MHTLZ3.0.194.c0", "surfaces": [{"type": "summary", "data": {"code": "candidate"}}, {"type": "action", "data": {"code": "passPriority", "actionId": "aa9063230e9a
[resolving/P1] prompt: {"interactionId": "MHTLZ3.0.195", "response": {"type": "exactChoices", "data": {"choices": [{"id": "MHTLZ3.0.195.c0", "surfaces": [{"type": "summary", "data": {"code": "candidate"}}, {"type": "action", "data": {"code": "passPriority", "actionId": "aa9063230e9a
[resolving/P0] prompt: {"interactionId": "MHTLZ3.0.196", "response": {"type": "exactChoices", "data": {"choices": [{"id": "MHTLZ3.0.196.c0", "surfaces": [{"type": "summary", "data": {"code": "candidate"}}, {"type": "action", "data": {"code": "passPriority", "actionId": "aa9063230e9a
[resolving/P1] prompt: {"interactionId": "MHTLZ3.0.197", "response": {"type": "exactChoices", "data": {"choices": [{"id": "MHTLZ3.0.197.c0", "surfaces": [{"type": "summary", "data": {"code": "candidate"}}, {"type": "action", "data": {"code": "passPriority", "actionId": "aa9063230e9a
[resolving/P0] prompt: {"interactionId": "MHTLZ3.0.198", "response": {"type": "exactChoices", "data": {"choices": [{"id": "MHTLZ3.0.198.c0", "surfaces": [{"type": "summary", "data": {"code": "candidate"}}, {"type": "action", "data": {"code": "passPriority", "actionId": "aa9063230e9a
[resolving/P1] prompt: {"interactionId": "MHTLZ3.0.199", "response": {"type": "exactChoices", "data": {"choices": [{"id": "MHTLZ3.0.199.c0", "surfaces": [{"type": "summary", "data": {"code": "candidate"}}, {"type": "action", "data": {"code": "passPriority", "actionId": "aa9063230e9a
[resolving/P0] prompt: {"interactionId": "MHTLZ3.0.200", "response": {"type": "exactChoices", "data": {"choices": [{"id": "MHTLZ3.0.200.c0", "surfaces": [{"type": "summary", "data": {"code": "candidate"}}, {"type": "action", "data": {"code": "passPriority", "actionId": "aa9063230e9a
[resolving/P1] prompt: {"interactionId": "MHTLZ3.0.201", "response": {"type": "exactChoices", "data": {"choices": [{"id": "MHTLZ3.0.201.c0", "surfaces": [{"type": "summary", "data": {"code": "candidate"}}, {"type": "action", "data": {"code": "passPriority", "actionId": "aa9063230e9a
[resolving/P0] prompt: {"interactionId": "MHTLZ3.0.202", "response": {"type": "exactChoices", "data": {"choices": [{"id": "MHTLZ3.0.202.c0", "surfaces": [{"type": "summary", "data": {"code": "candidate"}}, {"type": "action", "data": {"code": "passPriority", "actionId": "aa9063230e9a
[resolving/P1] prompt: {"interactionId": "MHTLZ3.0.203", "response": {"type": "exactChoices", "data": {"choices": [{"id": "MHTLZ3.0.203.c0", "surfaces": [{"type": "summary", "data": {"code": "candidate"}}, {"type": "action", "data": {"code": "passPriority", "actionId": "aa9063230e9a
[resolving/P0] prompt: {"interactionId": "MHTLZ3.0.204", "response": {"type": "schema", "data": {"spec": {"type": "select", "data": {"constraint": {"type": "count", "data": {"min": 1, "max": 1}}, "confirm": "explicit"}}, "candidates": [{"id": "MHTLZ3.0.204.s0", "surfaces": [{"type":
[P0] vi discard-to-hand-size: MHTLZ3.0.204.s0
[resolving/P1] prompt: {"interactionId": "MHTLZ3.0.205", "response": {"type": "exactChoices", "data": {"choices": [{"id": "MHTLZ3.0.205.c0", "surfaces": [{"type": "summary", "data": {"code": "candidate"}}, {"type": "action", "data": {"code": "passPriority", "actionId": "aa9063230e9a
[window] settle clock done; exporting post
exported post.json
