game created: PJPLLF
P1 joined
[P0] mulligan: keep 7
[P1] mulligan: keep 7
[diag] t=1s cur=None legs_done=[] turn=1 phase=PreCombatMain wf=Priority life=20/20
exported pre.json (turn=6)
[P0] leg1 CAST submitted (oid=15, modes=[1], need=3); p1 life=20 hand=6
[P0] leg1 ModeChoice: 3 choices, unavailable=None
[P0] submitting interaction iid=PJPLLF.0.83 choice=PJPLLF.0.83.o1
[P0] leg1 chose modes [1]
[P0] leg1 TargetSelection: 2 candidates, seats=[0, 1]
exported leg1_pre_target.json (turn=6)
[P0] submitting interaction iid=PJPLLF.0.84 choice=PJPLLF.0.84.t1
[P0] leg1 submitted target seat=1 choice PJPLLF.0.84.t1
[P0] leg1 target submission ACCEPTED (advanced to Priority)
exported leg1_mid.json (turn=6)
[P0] leg1 RESOLVED (spell zone=Graveyard); p1 life 20->17, hand 6->9
exported leg1_post.json (turn=6)
[P1] discarding 2 to hand size
[P1] submitting multi interaction iid=PJPLLF.0.112 choices=['PJPLLF.0.112.s0', 'PJPLLF.0.112.s1']
[P0] leg2 CAST submitted (oid=20, modes=[0], need=3); p1 life=17 hand=7
[P0] leg2 ModeChoice: 3 choices, unavailable=None
[P0] submitting interaction iid=PJPLLF.0.118 choice=PJPLLF.0.118.o0
[P0] leg2 chose modes [0]
[P0] leg2 RESOLVED (spell zone=Graveyard); p1 life 17->17, hand 7->7
exported leg2_post.json (turn=8)
[P0] search prompt (SearchChoice) leg=None: 49 candidates
[P0] submitting interaction iid=PJPLLF.0.121 choice=PJPLLF.0.121.s0
[P0] search chose: PJPLLF.0.121.s0
[P0] leg3 CAST submitted (oid=2, modes=[0, 1], need=5); p1 life=17 hand=7
[P0] leg3 ModeChoice: 3 choices, unavailable=None
[P0] submitting multi interaction iid=PJPLLF.0.154 choices=['PJPLLF.0.154.o0', 'PJPLLF.0.154.o1']
[P0] leg3 chose modes [0, 1]
[P0] leg3 TargetSelection: 2 candidates, seats=[0, 1]
exported leg3_pre_target.json (turn=10)
[P0] submitting interaction iid=PJPLLF.0.155 choice=PJPLLF.0.155.t1
[P0] leg3 submitted target seat=1 choice PJPLLF.0.155.t1
[P0] leg3 target submission ACCEPTED (advanced to Priority)
exported leg3_mid.json (turn=10)
[P0] leg3 RESOLVED (spell zone=Graveyard); p1 life 17->17, hand 7->7
exported leg3_post.json (turn=10)
[P0] search prompt (SearchChoice) leg=None: 48 candidates
[P0] submitting interaction iid=PJPLLF.0.158 choice=PJPLLF.0.158.s0
[P0] search chose: PJPLLF.0.158.s0
all legs done; exporting post and finishing
exported post.json (turn=10)
loaded pre.json
loaded leg1_mid.json
loaded leg1_post.json
loaded leg2_post.json
loaded leg3_post.json
loaded post.json
wrote server.log excerpts (322 lines)
saved summary.png (50542 bytes)
writing manifest.sha256 (last log line before hashing)
