2026-09-15T12:39:50.576023Z  INFO ws_message: server_core::session: game session created game=PJPLLF player_count=2
2026-09-15T12:39:50.595533Z  INFO ws_message: phase_server: game created via lobby game=PJPLLF host=P0 players=2
2026-09-15T12:39:50.658028Z  INFO ws_message: phase_server: JoinGameWithPassword game=PJPLLF joiner=P1
2026-09-15T12:39:50.658268Z  INFO ws_message: server_core::session: player joined session game=PJPLLF player=PlayerId(1) seat=1
2026-09-15T12:39:50.677569Z  INFO ws_message: phase_server: player joined via lobby game=PJPLLF player=PlayerId(1)
2026-09-15T12:39:50.873185Z  WARN phase_server: Full snapshot was no longer current game=PJPLLF disposition=SupersededOrRetired
2026-09-15T12:39:51.067954Z  INFO ws_message:game_session{game=PJPLLF player=PlayerId(0)}: server_core::session: action applied game=PJPLLF player=PlayerId(0) action_type="MulliganDecision" event_count=0
2026-09-15T12:39:51.077589Z  INFO ws_message:game_session{game=PJPLLF player=PlayerId(0)}: phase_server: game submission processed (lock held) game=PJPLLF kind="action" lock_ms=10 ai_actions=0
2026-09-15T12:39:51.150671Z  INFO ws_message:game_session{game=PJPLLF player=PlayerId(1)}: server_core::session: action applied game=PJPLLF player=PlayerId(1) action_type="MulliganDecision" event_count=1
2026-09-15T12:39:51.152021Z  INFO ws_message:game_session{game=PJPLLF player=PlayerId(1)}: phase_server: game submission processed (lock held) game=PJPLLF kind="action" lock_ms=5 ai_actions=0
2026-09-15T12:39:51.321615Z  INFO ws_message:game_session{game=PJPLLF player=PlayerId(1)}: server_core::session: action applied game=PJPLLF player=PlayerId(1) action_type="PassPriority" event_count=1
2026-09-15T12:39:51.326342Z  INFO ws_message:game_session{game=PJPLLF player=PlayerId(1)}: phase_server: game submission processed (lock held) game=PJPLLF kind="action" lock_ms=5 ai_actions=0
2026-09-15T12:39:51.572358Z  INFO ws_message:game_session{game=PJPLLF player=PlayerId(0)}: server_core::session: action applied game=PJPLLF player=PlayerId(0) action_type="PassPriority" event_count=2
2026-09-15T12:39:51.613819Z  INFO ws_message:game_session{game=PJPLLF player=PlayerId(0)}: phase_server: game submission processed (lock held) game=PJPLLF kind="action" lock_ms=42 ai_actions=0
2026-09-15T12:39:51.831249Z  INFO ws_message:game_session{game=PJPLLF player=PlayerId(1)}: server_core::session: action applied game=PJPLLF player=PlayerId(1) action_type="PlayLand" event_count=2
2026-09-15T12:39:51.833633Z  INFO ws_message:game_session{game=PJPLLF player=PlayerId(1)}: phase_server: game submission processed (lock held) game=PJPLLF kind="action" lock_ms=7 ai_actions=0
2026-09-15T12:39:52.078737Z  INFO ws_message:game_session{game=PJPLLF player=PlayerId(1)}: server_core::session: action applied game=PJPLLF player=PlayerId(1) action_type="PassPriority" event_count=1
2026-09-15T12:39:52.083832Z  INFO ws_message:game_session{game=PJPLLF player=PlayerId(1)}: phase_server: game submission processed (lock held) game=PJPLLF kind="action" lock_ms=6 ai_actions=0
2026-09-15T12:39:52.327726Z  INFO ws_message:game_session{game=PJPLLF player=PlayerId(0)}: server_core::session: action applied game=PJPLLF player=PlayerId(0) action_type="PassPriority" event_count=1
2026-09-15T12:39:52.330757Z  INFO ws_message:game_session{game=PJPLLF player=PlayerId(0)}: phase_server: game submission processed (lock held) game=PJPLLF kind="action" lock_ms=3 ai_actions=0
2026-09-15T12:39:52.582278Z  INFO ws_message:game_session{game=PJPLLF player=PlayerId(1)}: server_core::session: action applied game=PJPLLF player=PlayerId(1) action_type="PassPriority" event_count=1
2026-09-15T12:39:52.585630Z  INFO ws_message:game_session{game=PJPLLF player=PlayerId(1)}: phase_server: game submission processed (lock held) game=PJPLLF kind="action" lock_ms=4 ai_actions=0
2026-09-15T12:39:52.834238Z  INFO ws_message:game_session{game=PJPLLF player=PlayerId(0)}: server_core::session: action applied game=PJPLLF player=PlayerId(0) action_type="PassPriority" event_count=3
2026-09-15T12:39:52.836479Z  INFO ws_message:game_session{game=PJPLLF player=PlayerId(0)}: phase_server: game submission processed (lock held) game=PJPLLF kind="action" lock_ms=6 ai_actions=0
2026-09-15T12:39:53.084039Z  INFO ws_message:game_session{game=PJPLLF player=PlayerId(1)}: server_core::session: action applied game=PJPLLF player=PlayerId(1) action_type="PassPriority" event_count=1
2026-09-15T12:39:53.088167Z  INFO ws_message:game_session{game=PJPLLF player=PlayerId(1)}: phase_server: game submission processed (lock held) game=PJPLLF kind="action" lock_ms=5 ai_actions=0
2026-09-15T12:39:53.337971Z  INFO ws_message:game_session{game=PJPLLF player=PlayerId(0)}: server_core::session: action applied game=PJPLLF player=PlayerId(0) action_type="PassPriority" event_count=1
2026-09-15T12:39:53.342323Z  INFO ws_message:game_session{game=PJPLLF player=PlayerId(0)}: phase_server: game submission processed (lock held) game=PJPLLF kind="action" lock_ms=8 ai_actions=0
2026-09-15T12:39:53.586210Z  INFO ws_message:game_session{game=PJPLLF player=PlayerId(1)}: server_core::session: action applied game=PJPLLF player=PlayerId(1) action_type="PassPriority" event_count=1
2026-09-15T12:39:53.589097Z  INFO ws_message:game_session{game=PJPLLF player=PlayerId(1)}: phase_server: game submission processed (lock held) game=PJPLLF kind="action" lock_ms=3 ai_actions=0
2026-09-15T12:39:53.861122Z  INFO ws_message:game_session{game=PJPLLF player=PlayerId(0)}: server_core::session: action applied game=PJPLLF player=PlayerId(0) action_type="PassPriority" event_count=1
2026-09-15T12:39:53.877092Z  INFO ws_message:game_session{game=PJPLLF player=PlayerId(0)}: phase_server: game submission processed (lock held) game=PJPLLF kind="action" lock_ms=39 ai_actions=0
2026-09-15T12:39:54.094437Z  INFO ws_message:game_session{game=PJPLLF player=PlayerId(1)}: server_core::session: action applied game=PJPLLF player=PlayerId(1) action_type="PassPriority" event_count=1
2026-09-15T12:39:54.104754Z  INFO ws_message:game_session{game=PJPLLF player=PlayerId(1)}: phase_server: game submission processed (lock held) game=PJPLLF kind="action" lock_ms=12 ai_actions=0
2026-09-15T12:39:54.348697Z  INFO ws_message:game_session{game=PJPLLF player=PlayerId(0)}: server_core::session: action applied game=PJPLLF player=PlayerId(0) action_type="PassPriority" event_count=4
2026-09-15T12:39:54.350762Z  INFO ws_message:game_session{game=PJPLLF player=PlayerId(0)}: phase_server: game submission processed (lock held) game=PJPLLF kind="action" lock_ms=7 ai_actions=0
2026-09-15T12:39:54.595935Z  INFO ws_message:game_session{game=PJPLLF player=PlayerId(0)}: server_core::session: action applied game=PJPLLF player=PlayerId(0) action_type="PassPriority" event_count=1
2026-09-15T12:39:54.598033Z  INFO ws_message:game_session{game=PJPLLF player=PlayerId(0)}: phase_server: game submission processed (lock held) game=PJPLLF kind="action" lock_ms=2 ai_actions=0
2026-09-15T12:39:54.857734Z  INFO ws_message:game_session{game=PJPLLF player=PlayerId(1)}: server_core::session: action applied game=PJPLLF player=PlayerId(1) action_type="PassPriority" event_count=4
2026-09-15T12:39:54.861813Z  INFO ws_message:game_session{game=PJPLLF player=PlayerId(1)}: phase_server: game submission processed (lock held) game=PJPLLF kind="action" lock_ms=14 ai_actions=0
2026-09-15T12:39:55.097599Z  INFO ws_message:game_session{game=PJPLLF player=PlayerId(0)}: server_core::session: action applied game=PJPLLF player=PlayerId(0) action_type="PassPriority" event_count=1
2026-09-15T12:39:55.099751Z  INFO ws_message:game_session{game=PJPLLF player=PlayerId(0)}: phase_server: game submission processed (lock held) game=PJPLLF kind="action" lock_ms=3 ai_actions=0
2026-09-15T12:39:55.349545Z  INFO ws_message:game_session{game=PJPLLF player=PlayerId(1)}: server_core::session: action applied game=PJPLLF player=PlayerId(1) action_type="PassPriority" event_count=1
2026-09-15T12:39:55.371171Z  INFO ws_message:game_session{game=PJPLLF player=PlayerId(1)}: phase_server: game submission processed (lock held) game=PJPLLF kind="action" lock_ms=22 ai_actions=0
2026-09-15T12:39:55.604115Z  INFO ws_message:game_session{game=PJPLLF player=PlayerId(0)}: server_core::session: action applied game=PJPLLF player=PlayerId(0) action_type="PlayLand" event_count=2
2026-09-15T12:39:55.637354Z  INFO ws_message:game_session{game=PJPLLF player=PlayerId(0)}: phase_server: game submission processed (lock held) game=PJPLLF kind="action" lock_ms=37 ai_actions=0
2026-09-15T12:39:55.853869Z  INFO ws_message:game_session{game=PJPLLF player=PlayerId(0)}: server_core::session: action applied game=PJPLLF player=PlayerId(0) action_type="PassPriority" event_count=1
2026-09-15T12:39:55.856887Z  INFO ws_message:game_session{game=PJPLLF player=PlayerId(0)}: phase_server: game submission processed (lock held) game=PJPLLF kind="action" lock_ms=4 ai_actions=0
2026-09-15T12:39:56.104880Z  INFO ws_message:game_session{game=PJPLLF player=PlayerId(1)}: server_core::session: action applied game=PJPLLF player=PlayerId(1) action_type="PassPriority" event_count=1
2026-09-15T12:39:56.108866Z  INFO ws_message:game_session{game=PJPLLF player=PlayerId(1)}: phase_server: game submission processed (lock held) game=PJPLLF kind="action" lock_ms=5 ai_actions=0
2026-09-15T12:39:56.356639Z  INFO ws_message:game_session{game=PJPLLF player=PlayerId(0)}: server_core::session: action applied game=PJPLLF player=PlayerId(0) action_type="PassPriority" event_count=1
2026-09-15T12:39:56.359512Z  INFO ws_message:game_session{game=PJPLLF player=PlayerId(0)}: phase_server: game submission processed (lock held) game=PJPLLF kind="action" lock_ms=4 ai_actions=0
2026-09-15T12:39:56.612562Z  INFO ws_message:game_session{game=PJPLLF player=PlayerId(1)}: server_core::session: action applied game=PJPLLF player=PlayerId(1) action_type="PassPriority" event_count=3
2026-09-15T12:39:56.617370Z  INFO ws_message:game_session{game=PJPLLF player=PlayerId(1)}: phase_server: game submission processed (lock held) game=PJPLLF kind="action" lock_ms=10 ai_actions=0
2026-09-15T12:39:56.859670Z  INFO ws_message:game_session{game=PJPLLF player=PlayerId(0)}: server_core::session: action applied game=PJPLLF player=PlayerId(0) action_type="PassPriority" event_count=1
2026-09-15T12:39:56.861835Z  INFO ws_message:game_session{game=PJPLLF player=PlayerId(0)}: phase_server: game submission processed (lock held) game=PJPLLF kind="action" lock_ms=4 ai_actions=0
2026-09-15T12:39:57.113903Z  INFO ws_message:game_session{game=PJPLLF player=PlayerId(1)}: server_core::session: action applied game=PJPLLF player=PlayerId(1) action_type="PassPriority" event_count=1
2026-09-15T12:39:57.136692Z  INFO ws_message:game_session{game=PJPLLF player=PlayerId(1)}: phase_server: game submission processed (lock held) game=PJPLLF kind="action" lock_ms=27 ai_actions=0
2026-09-15T12:39:57.363036Z  INFO ws_message:game_session{game=PJPLLF player=PlayerId(0)}: server_core::session: action applied game=PJPLLF player=PlayerId(0) action_type="PassPriority" event_count=1
2026-09-15T12:39:57.365109Z  INFO ws_message:game_session{game=PJPLLF player=PlayerId(0)}: phase_server: game submission processed (lock held) game=PJPLLF kind="action" lock_ms=3 ai_actions=0
2026-09-15T12:39:57.618025Z  INFO ws_message:game_session{game=PJPLLF player=PlayerId(1)}: server_core::session: action applied game=PJPLLF player=PlayerId(1) action_type="PassPriority" event_count=1
2026-09-15T12:39:57.624256Z  INFO ws_message:game_session{game=PJPLLF player=PlayerId(1)}: phase_server: game submission processed (lock held) game=PJPLLF kind="action" lock_ms=11 ai_actions=0
2026-09-15T12:39:57.865628Z  INFO ws_message:game_session{game=PJPLLF player=PlayerId(0)}: server_core::session: action applied game=PJPLLF player=PlayerId(0) action_type="PassPriority" event_count=1
2026-09-15T12:39:57.867904Z  INFO ws_message:game_session{game=PJPLLF player=PlayerId(0)}: phase_server: game submission processed (lock held) game=PJPLLF kind="action" lock_ms=3 ai_actions=0
2026-09-15T12:39:58.120551Z  INFO ws_message:game_session{game=PJPLLF player=PlayerId(1)}: server_core::session: action applied game=PJPLLF player=PlayerId(1) action_type="PassPriority" event_count=4
2026-09-15T12:39:58.121877Z  INFO ws_message:game_session{game=PJPLLF player=PlayerId(1)}: phase_server: game submission processed (lock held) game=PJPLLF kind="action" lock_ms=5 ai_actions=0
2026-09-15T12:39:58.368340Z  INFO ws_message:game_session{game=PJPLLF player=PlayerId(1)}: server_core::session: action applied game=PJPLLF player=PlayerId(1) action_type="PassPriority" event_count=1
2026-09-15T12:39:58.371714Z  INFO ws_message:game_session{game=PJPLLF player=PlayerId(1)}: phase_server: game submission processed (lock held) game=PJPLLF kind="action" lock_ms=4 ai_actions=0
2026-09-15T12:39:58.626992Z  INFO ws_message:game_session{game=PJPLLF player=PlayerId(0)}: server_core::session: action applied game=PJPLLF player=PlayerId(0) action_type="PassPriority" event_count=4
2026-09-15T12:39:58.631159Z  INFO ws_message:game_session{game=PJPLLF player=PlayerId(0)}: phase_server: game submission processed (lock held) game=PJPLLF kind="action" lock_ms=12 ai_actions=0
2026-09-15T12:39:58.871358Z  INFO ws_message:game_session{game=PJPLLF player=PlayerId(1)}: server_core::session: action applied game=PJPLLF player=PlayerId(1) action_type="PassPriority" event_count=1
2026-09-15T12:39:58.874802Z  INFO ws_message:game_session{game=PJPLLF player=PlayerId(1)}: phase_server: game submission processed (lock held) game=PJPLLF kind="action" lock_ms=4 ai_actions=0
2026-09-15T12:39:59.121686Z  INFO ws_message:game_session{game=PJPLLF player=PlayerId(0)}: server_core::session: action applied game=PJPLLF player=PlayerId(0) action_type="PassPriority" event_count=1
2026-09-15T12:39:59.151823Z  INFO ws_message:game_session{game=PJPLLF player=PlayerId(0)}: phase_server: game submission processed (lock held) game=PJPLLF kind="action" lock_ms=31 ai_actions=0
2026-09-15T12:39:59.377341Z  INFO ws_message:game_session{game=PJPLLF player=PlayerId(1)}: server_core::session: action applied game=PJPLLF player=PlayerId(1) action_type="PlayLand" event_count=2
2026-09-15T12:39:59.380352Z  INFO ws_message:game_session{game=PJPLLF player=PlayerId(1)}: phase_server: game submission processed (lock held) game=PJPLLF kind="action" lock_ms=8 ai_actions=0
2026-09-15T12:39:59.625547Z  INFO ws_message:game_session{game=PJPLLF player=PlayerId(1)}: server_core::session: action applied game=PJPLLF player=PlayerId(1) action_type="PassPriority" event_count=1
2026-09-15T12:39:59.633186Z  INFO ws_message:game_session{game=PJPLLF player=PlayerId(1)}: phase_server: game submission processed (lock held) game=PJPLLF kind="action" lock_ms=9 ai_actions=0
2026-09-15T12:39:59.875487Z  INFO ws_message:game_session{game=PJPLLF player=PlayerId(0)}: server_core::session: action applied game=PJPLLF player=PlayerId(0) action_type="PassPriority" event_count=1
2026-09-15T12:39:59.878373Z  INFO ws_message:game_session{game=PJPLLF player=PlayerId(0)}: phase_server: game submission processed (lock held) game=PJPLLF kind="action" lock_ms=4 ai_actions=0
2026-09-15T12:40:00.127617Z  INFO ws_message:game_session{game=PJPLLF player=PlayerId(1)}: server_core::session: action applied game=PJPLLF player=PlayerId(1) action_type="PassPriority" event_count=1
2026-09-15T12:40:00.131184Z  INFO ws_message:game_session{game=PJPLLF player=PlayerId(1)}: phase_server: game submission processed (lock held) game=PJPLLF kind="action" lock_ms=5 ai_actions=0
2026-09-15T12:40:00.381710Z  INFO ws_message:game_session{game=PJPLLF player=PlayerId(0)}: server_core::session: action applied game=PJPLLF player=PlayerId(0) action_type="PassPriority" event_count=3
2026-09-15T12:40:00.385261Z  INFO ws_message:game_session{game=PJPLLF player=PlayerId(0)}: phase_server: game submission processed (lock held) game=PJPLLF kind="action" lock_ms=8 ai_actions=0
2026-09-15T12:40:00.630782Z  INFO ws_message:game_session{game=PJPLLF player=PlayerId(1)}: server_core::session: action applied game=PJPLLF player=PlayerId(1) action_type="PassPriority" event_count=1
2026-09-15T12:40:00.634487Z  INFO ws_message:game_session{game=PJPLLF player=PlayerId(1)}: phase_server: game submission processed (lock held) game=PJPLLF kind="action" lock_ms=5 ai_actions=0
2026-09-15T12:40:00.885094Z  INFO ws_message:game_session{game=PJPLLF player=PlayerId(0)}: server_core::session: action applied game=PJPLLF player=PlayerId(0) action_type="PassPriority" event_count=1
2026-09-15T12:40:00.890687Z  INFO ws_message:game_session{game=PJPLLF player=PlayerId(0)}: phase_server: game submission processed (lock held) game=PJPLLF kind="action" lock_ms=10 ai_actions=0
2026-09-15T12:40:01.135800Z  INFO ws_message:game_session{game=PJPLLF player=PlayerId(1)}: server_core::session: action applied game=PJPLLF player=PlayerId(1) action_type="PassPriority" event_count=1
2026-09-15T12:40:01.140740Z  INFO ws_message:game_session{game=PJPLLF player=PlayerId(1)}: phase_server: game submission processed (lock held) game=PJPLLF kind="action" lock_ms=7 ai_actions=0
2026-09-15T12:40:01.387704Z  INFO ws_message:game_session{game=PJPLLF player=PlayerId(0)}: server_core::session: action applied game=PJPLLF player=PlayerId(0) action_type="PassPriority" event_count=1
2026-09-15T12:40:01.391639Z  INFO ws_message:game_session{game=PJPLLF player=PlayerId(0)}: phase_server: game submission processed (lock held) game=PJPLLF kind="action" lock_ms=8 ai_actions=0
2026-09-15T12:40:01.636363Z  INFO ws_message:game_session{game=PJPLLF player=PlayerId(1)}: server_core::session: action applied game=PJPLLF player=PlayerId(1) action_type="PassPriority" event_count=1
2026-09-15T12:40:01.640177Z  INFO ws_message:game_session{game=PJPLLF player=PlayerId(1)}: phase_server: game submission processed (lock held) game=PJPLLF kind="action" lock_ms=4 ai_actions=0
2026-09-15T12:40:01.891181Z  INFO ws_message:game_session{game=PJPLLF player=PlayerId(0)}: server_core::session: action applied game=PJPLLF player=PlayerId(0) action_type="PassPriority" event_count=4
2026-09-15T12:40:01.893602Z  INFO ws_message:game_session{game=PJPLLF player=PlayerId(0)}: phase_server: game submission processed (lock held) game=PJPLLF kind="action" lock_ms=8 ai_actions=0
2026-09-15T12:40:02.138275Z  INFO ws_message:game_session{game=PJPLLF player=PlayerId(0)}: server_core::session: action applied game=PJPLLF player=PlayerId(0) action_type="PassPriority" event_count=1
2026-09-15T12:40:02.140985Z  INFO ws_message:game_session{game=PJPLLF player=PlayerId(0)}: phase_server: game submission processed (lock held) game=PJPLLF kind="action" lock_ms=3 ai_actions=0
2026-09-15T12:40:02.394797Z  INFO ws_message:game_session{game=PJPLLF player=PlayerId(1)}: server_core::session: action applied game=PJPLLF player=PlayerId(1) action_type="PassPriority" event_count=4
2026-09-15T12:40:02.397602Z  INFO ws_message:game_session{game=PJPLLF player=PlayerId(1)}: phase_server: game submission processed (lock held) game=PJPLLF kind="action" lock_ms=8 ai_actions=0
2026-09-15T12:40:02.641007Z  INFO ws_message:game_session{game=PJPLLF player=PlayerId(0)}: server_core::session: action applied game=PJPLLF player=PlayerId(0) action_type="PassPriority" event_count=1
2026-09-15T12:40:02.644936Z  INFO ws_message:game_session{game=PJPLLF player=PlayerId(0)}: phase_server: game submission processed (lock held) game=PJPLLF kind="action" lock_ms=5 ai_actions=0
2026-09-15T12:40:02.892454Z  INFO ws_message:game_session{game=PJPLLF player=PlayerId(1)}: server_core::session: action applied game=PJPLLF player=PlayerId(1) action_type="PassPriority" event_count=1
2026-09-15T12:40:02.931312Z  INFO ws_message:game_session{game=PJPLLF player=PlayerId(1)}: phase_server: game submission processed (lock held) game=PJPLLF kind="action" lock_ms=40 ai_actions=0
2026-09-15T12:40:03.146252Z  INFO ws_message:game_session{game=PJPLLF player=PlayerId(0)}: server_core::session: action applied game=PJPLLF player=PlayerId(0) action_type="PlayLand" event_count=2
2026-09-15T12:40:03.195846Z  INFO ws_message:game_session{game=PJPLLF player=PlayerId(0)}: phase_server: game submission processed (lock held) game=PJPLLF kind="action" lock_ms=54 ai_actions=0
2026-09-15T12:40:03.395921Z  INFO ws_message:game_session{game=PJPLLF player=PlayerId(0)}: server_core::session: action applied game=PJPLLF player=PlayerId(0) action_type="PassPriority" event_count=1
2026-09-15T12:40:03.399097Z  INFO ws_message:game_session{game=PJPLLF player=PlayerId(0)}: phase_server: game submission processed (lock held) game=PJPLLF kind="action" lock_ms=5 ai_actions=0
2026-09-15T12:40:03.646727Z  INFO ws_message:game_session{game=PJPLLF player=PlayerId(1)}: server_core::session: action applied game=PJPLLF player=PlayerId(1) action_type="PassPriority" event_count=1
2026-09-15T12:40:03.651412Z  INFO ws_message:game_session{game=PJPLLF player=PlayerId(1)}: phase_server: game submission processed (lock held) game=PJPLLF kind="action" lock_ms=6 ai_actions=0
2026-09-15T12:40:03.898692Z  INFO ws_message:game_session{game=PJPLLF player=PlayerId(0)}: server_core::session: action applied game=PJPLLF player=PlayerId(0) action_type="PassPriority" event_count=1
2026-09-15T12:40:03.901366Z  INFO ws_message:game_session{game=PJPLLF player=PlayerId(0)}: phase_server: game submission processed (lock held) game=PJPLLF kind="action" lock_ms=4 ai_actions=0
2026-09-15T12:40:04.154226Z  INFO ws_message:game_session{game=PJPLLF player=PlayerId(1)}: server_core::session: action applied game=PJPLLF player=PlayerId(1) action_type="PassPriority" event_count=3
2026-09-15T12:40:04.158840Z  INFO ws_message:game_session{game=PJPLLF player=PlayerId(1)}: phase_server: game submission processed (lock held) game=PJPLLF kind="action" lock_ms=10 ai_actions=0
2026-09-15T12:40:04.400991Z  INFO ws_message:game_session{game=PJPLLF player=PlayerId(0)}: server_core::session: action applied game=PJPLLF player=PlayerId(0) action_type="PassPriority" event_count=1
2026-09-15T12:40:04.403558Z  INFO ws_message:game_session{game=PJPLLF player=PlayerId(0)}: phase_server: game submission processed (lock held) game=PJPLLF kind="action" lock_ms=4 ai_actions=0
2026-09-15T12:40:04.656580Z  INFO ws_message:game_session{game=PJPLLF player=PlayerId(1)}: server_core::session: action applied game=PJPLLF player=PlayerId(1) action_type="PassPriority" event_count=1
2026-09-15T12:40:04.705494Z  INFO ws_message:game_session{game=PJPLLF player=PlayerId(1)}: phase_server: game submission processed (lock held) game=PJPLLF kind="action" lock_ms=53 ai_actions=0
2026-09-15T12:40:04.906498Z  INFO ws_message:game_session{game=PJPLLF player=PlayerId(0)}: server_core::session: action applied game=PJPLLF player=PlayerId(0) action_type="PassPriority" event_count=1
2026-09-15T12:40:04.909076Z  INFO ws_message:game_session{game=PJPLLF player=PlayerId(0)}: phase_server: game submission processed (lock held) game=PJPLLF kind="action" lock_ms=5 ai_actions=0
2026-09-15T12:40:05.159378Z  INFO ws_message:game_session{game=PJPLLF player=PlayerId(1)}: server_core::session: action applied game=PJPLLF player=PlayerId(1) action_type="PassPriority" event_count=1
2026-09-15T12:40:05.163644Z  INFO ws_message:game_session{game=PJPLLF player=PlayerId(1)}: phase_server: game submission processed (lock held) game=PJPLLF kind="action" lock_ms=8 ai_actions=0
2026-09-15T12:40:05.407712Z  INFO ws_message:game_session{game=PJPLLF player=PlayerId(0)}: server_core::session: action applied game=PJPLLF player=PlayerId(0) action_type="PassPriority" event_count=1
2026-09-15T12:40:05.410389Z  INFO ws_message:game_session{game=PJPLLF player=PlayerId(0)}: phase_server: game submission processed (lock held) game=PJPLLF kind="action" lock_ms=4 ai_actions=0
2026-09-15T12:40:05.662963Z  INFO ws_message:game_session{game=PJPLLF player=PlayerId(1)}: server_core::session: action applied game=PJPLLF player=PlayerId(1) action_type="PassPriority" event_count=4
2026-09-15T12:40:05.664185Z  INFO ws_message:game_session{game=PJPLLF player=PlayerId(1)}: phase_server: game submission processed (lock held) game=PJPLLF kind="action" lock_ms=6 ai_actions=0
2026-09-15T12:40:05.911712Z  INFO ws_message:game_session{game=PJPLLF player=PlayerId(1)}: server_core::session: action applied game=PJPLLF player=PlayerId(1) action_type="PassPriority" event_count=1
2026-09-15T12:40:05.916126Z  INFO ws_message:game_session{game=PJPLLF player=PlayerId(1)}: phase_server: game submission processed (lock held) game=PJPLLF kind="action" lock_ms=5 ai_actions=0
2026-09-15T12:40:06.167050Z  INFO ws_message:game_session{game=PJPLLF player=PlayerId(0)}: server_core::session: action applied game=PJPLLF player=PlayerId(0) action_type="PassPriority" event_count=4
2026-09-15T12:40:06.168512Z  INFO ws_message:game_session{game=PJPLLF player=PlayerId(0)}: phase_server: game submission processed (lock held) game=PJPLLF kind="action" lock_ms=7 ai_actions=0
2026-09-15T12:40:06.415777Z  INFO ws_message:game_session{game=PJPLLF player=PlayerId(1)}: server_core::session: action applied game=PJPLLF player=PlayerId(1) action_type="PassPriority" event_count=1
2026-09-15T12:40:06.433391Z  INFO ws_message:game_session{game=PJPLLF player=PlayerId(1)}: phase_server: game submission processed (lock held) game=PJPLLF kind="action" lock_ms=19 ai_actions=0
2026-09-15T12:40:06.666045Z  INFO ws_message:game_session{game=PJPLLF player=PlayerId(0)}: server_core::session: action applied game=PJPLLF player=PlayerId(0) action_type="PassPriority" event_count=1
2026-09-15T12:40:06.704209Z  INFO ws_message:game_session{game=PJPLLF player=PlayerId(0)}: phase_server: game submission processed (lock held) game=PJPLLF kind="action" lock_ms=39 ai_actions=0
2026-09-15T12:40:06.921508Z  INFO ws_message:game_session{game=PJPLLF player=PlayerId(1)}: server_core::session: action applied game=PJPLLF player=PlayerId(1) action_type="PlayLand" event_count=2
2026-09-15T12:40:06.924312Z  INFO ws_message:game_session{game=PJPLLF player=PlayerId(1)}: phase_server: game submission processed (lock held) game=PJPLLF kind="action" lock_ms=7 ai_actions=0
2026-09-15T12:40:07.170372Z  INFO ws_message:game_session{game=PJPLLF player=PlayerId(1)}: server_core::session: action applied game=PJPLLF player=PlayerId(1) action_type="PassPriority" event_count=1
2026-09-15T12:40:07.175014Z  INFO ws_message:game_session{game=PJPLLF player=PlayerId(1)}: phase_server: game submission processed (lock held) game=PJPLLF kind="action" lock_ms=7 ai_actions=0
2026-09-15T12:40:07.420345Z  INFO ws_message:game_session{game=PJPLLF player=PlayerId(0)}: server_core::session: action applied game=PJPLLF player=PlayerId(0) action_type="PassPriority" event_count=1
2026-09-15T12:40:07.424216Z  INFO ws_message:game_session{game=PJPLLF player=PlayerId(0)}: phase_server: game submission processed (lock held) game=PJPLLF kind="action" lock_ms=5 ai_actions=0
2026-09-15T12:40:07.673735Z  INFO ws_message:game_session{game=PJPLLF player=PlayerId(1)}: server_core::session: action applied game=PJPLLF player=PlayerId(1) action_type="PassPriority" event_count=1
2026-09-15T12:40:07.679331Z  INFO ws_message:game_session{game=PJPLLF player=PlayerId(1)}: phase_server: game submission processed (lock held) game=PJPLLF kind="action" lock_ms=8 ai_actions=0
2026-09-15T12:40:07.950250Z  INFO ws_message:game_session{game=PJPLLF player=PlayerId(0)}: server_core::session: action applied game=PJPLLF player=PlayerId(0) action_type="PassPriority" event_count=3
2026-09-15T12:40:07.958179Z  INFO ws_message:game_session{game=PJPLLF player=PlayerId(0)}: phase_server: game submission processed (lock held) game=PJPLLF kind="action" lock_ms=32 ai_actions=0
2026-09-15T12:40:08.177547Z  INFO ws_message:game_session{game=PJPLLF player=PlayerId(1)}: server_core::session: action applied game=PJPLLF player=PlayerId(1) action_type="PassPriority" event_count=1
2026-09-15T12:40:08.183065Z  INFO ws_message:game_session{game=PJPLLF player=PlayerId(1)}: phase_server: game submission processed (lock held) game=PJPLLF kind="action" lock_ms=7 ai_actions=0
2026-09-15T12:40:08.435068Z  INFO ws_message:game_session{game=PJPLLF player=PlayerId(0)}: server_core::session: action applied game=PJPLLF player=PlayerId(0) action_type="PassPriority" event_count=1
2026-09-15T12:40:08.440368Z  INFO ws_message:game_session{game=PJPLLF player=PlayerId(0)}: phase_server: game submission processed (lock held) game=PJPLLF kind="action" lock_ms=13 ai_actions=0
2026-09-15T12:40:08.680735Z  INFO ws_message:game_session{game=PJPLLF player=PlayerId(1)}: server_core::session: action applied game=PJPLLF player=PlayerId(1) action_type="PassPriority" event_count=1
2026-09-15T12:40:08.684834Z  INFO ws_message:game_session{game=PJPLLF player=PlayerId(1)}: phase_server: game submission processed (lock held) game=PJPLLF kind="action" lock_ms=6 ai_actions=0
2026-09-15T12:40:08.933738Z  INFO ws_message:game_session{game=PJPLLF player=PlayerId(0)}: server_core::session: action applied game=PJPLLF player=PlayerId(0) action_type="PassPriority" event_count=1
2026-09-15T12:40:08.937324Z  INFO ws_message:game_session{game=PJPLLF player=PlayerId(0)}: phase_server: game submission processed (lock held) game=PJPLLF kind="action" lock_ms=7 ai_actions=0
2026-09-15T12:40:09.185740Z  INFO ws_message:game_session{game=PJPLLF player=PlayerId(1)}: server_core::session: action applied game=PJPLLF player=PlayerId(1) action_type="PassPriority" event_count=1
2026-09-15T12:40:09.191050Z  INFO ws_message:game_session{game=PJPLLF player=PlayerId(1)}: phase_server: game submission processed (lock held) game=PJPLLF kind="action" lock_ms=9 ai_actions=0
2026-09-15T12:40:09.437208Z  INFO ws_message:game_session{game=PJPLLF player=PlayerId(0)}: server_core::session: action applied game=PJPLLF player=PlayerId(0) action_type="PassPriority" event_count=4
2026-09-15T12:40:09.439278Z  INFO ws_message:game_session{game=PJPLLF player=PlayerId(0)}: phase_server: game submission processed (lock held) game=PJPLLF kind="action" lock_ms=7 ai_actions=0
2026-09-15T12:40:09.684847Z  INFO ws_message:game_session{game=PJPLLF player=PlayerId(0)}: server_core::session: action applied game=PJPLLF player=PlayerId(0) action_type="PassPriority" event_count=1
2026-09-15T12:40:09.687762Z  INFO ws_message:game_session{game=PJPLLF player=PlayerId(0)}: phase_server: game submission processed (lock held) game=PJPLLF kind="action" lock_ms=4 ai_actions=0
2026-09-15T12:40:09.943573Z  INFO ws_message:game_session{game=PJPLLF player=PlayerId(1)}: server_core::session: action applied game=PJPLLF player=PlayerId(1) action_type="PassPriority" event_count=4
2026-09-15T12:40:09.946473Z  INFO ws_message:game_session{game=PJPLLF player=PlayerId(1)}: phase_server: game submission processed (lock held) game=PJPLLF kind="action" lock_ms=10 ai_actions=0
2026-09-15T12:40:10.187736Z  INFO ws_message:game_session{game=PJPLLF player=PlayerId(0)}: server_core::session: action applied game=PJPLLF player=PlayerId(0) action_type="PassPriority" event_count=1
2026-09-15T12:40:10.191655Z  INFO ws_message:game_session{game=PJPLLF player=PlayerId(0)}: phase_server: game submission processed (lock held) game=PJPLLF kind="action" lock_ms=5 ai_actions=0
2026-09-15T12:40:10.440414Z  INFO ws_message:game_session{game=PJPLLF player=PlayerId(1)}: server_core::session: action applied game=PJPLLF player=PlayerId(1) action_type="PassPriority" event_count=1
2026-09-15T12:40:10.510063Z  INFO ws_message:game_session{game=PJPLLF player=PlayerId(1)}: phase_server: game submission processed (lock held) game=PJPLLF kind="action" lock_ms=71 ai_actions=0
2026-09-15T12:40:10.693405Z  INFO ws_message:game_session{game=PJPLLF player=PlayerId(0)}: server_core::session: action applied game=PJPLLF player=PlayerId(0) action_type="PlayLand" event_count=2
2026-09-15T12:40:10.709516Z  INFO ws_message:game_session{game=PJPLLF player=PlayerId(0)}: phase_server: game submission processed (lock held) game=PJPLLF kind="action" lock_ms=20 ai_actions=0
2026-09-15T12:40:11.030457Z  INFO ws_message:game_session{game=PJPLLF player=PlayerId(0)}: server_core::session: action applied game=PJPLLF player=PlayerId(0) action_type="CastSpell" event_count=1
2026-09-15T12:40:11.041585Z  INFO ws_message:game_session{game=PJPLLF player=PlayerId(0)}: phase_server: game submission processed (lock held) game=PJPLLF kind="action" lock_ms=13 ai_actions=0
2026-09-15T12:40:11.291420Z  INFO ws_message:game_session{game=PJPLLF player=PlayerId(0)}: server_core::session: interaction applied game=PJPLLF player=PlayerId(0) action_type="SelectModes" event_count=0
2026-09-15T12:40:11.314417Z  INFO ws_message:game_session{game=PJPLLF player=PlayerId(0)}: phase_server: game submission processed (lock held) game=PJPLLF kind="interaction" lock_ms=34 ai_actions=0
2026-09-15T12:40:11.660152Z  INFO ws_message:game_session{game=PJPLLF player=PlayerId(0)}: server_core::session: interaction applied game=PJPLLF player=PlayerId(0) action_type="ChooseTarget" event_count=17
2026-09-15T12:40:11.662157Z  INFO ws_message:game_session{game=PJPLLF player=PlayerId(0)}: phase_server: game submission processed (lock held) game=PJPLLF kind="interaction" lock_ms=14 ai_actions=0
2026-09-15T12:40:11.982933Z  INFO ws_message:game_session{game=PJPLLF player=PlayerId(0)}: server_core::session: action applied game=PJPLLF player=PlayerId(0) action_type="PassPriority" event_count=1
2026-09-15T12:40:11.989149Z  INFO ws_message:game_session{game=PJPLLF player=PlayerId(0)}: phase_server: game submission processed (lock held) game=PJPLLF kind="action" lock_ms=8 ai_actions=0
2026-09-15T12:40:12.240059Z  INFO ws_message:game_session{game=PJPLLF player=PlayerId(1)}: server_core::session: action applied game=PJPLLF player=PlayerId(1) action_type="PassPriority" event_count=12
2026-09-15T12:40:12.246366Z  INFO ws_message:game_session{game=PJPLLF player=PlayerId(1)}: phase_server: game submission processed (lock held) game=PJPLLF kind="action" lock_ms=13 ai_actions=0
2026-09-15T12:40:12.573507Z  INFO ws_message:game_session{game=PJPLLF player=PlayerId(0)}: server_core::session: action applied game=PJPLLF player=PlayerId(0) action_type="PassPriority" event_count=1
2026-09-15T12:40:12.578397Z  INFO ws_message:game_session{game=PJPLLF player=PlayerId(0)}: phase_server: game submission processed (lock held) game=PJPLLF kind="action" lock_ms=6 ai_actions=0
2026-09-15T12:40:12.738496Z  INFO ws_message:game_session{game=PJPLLF player=PlayerId(1)}: server_core::session: action applied game=PJPLLF player=PlayerId(1) action_type="PassPriority" event_count=1
2026-09-15T12:40:12.741763Z  INFO ws_message:game_session{game=PJPLLF player=PlayerId(1)}: phase_server: game submission processed (lock held) game=PJPLLF kind="action" lock_ms=6 ai_actions=0
2026-09-15T12:40:12.825338Z  INFO ws_message:game_session{game=PJPLLF player=PlayerId(0)}: server_core::session: action applied game=PJPLLF player=PlayerId(0) action_type="PassPriority" event_count=1
2026-09-15T12:40:12.832499Z  INFO ws_message:game_session{game=PJPLLF player=PlayerId(0)}: phase_server: game submission processed (lock held) game=PJPLLF kind="action" lock_ms=9 ai_actions=0
2026-09-15T12:40:12.992435Z  INFO ws_message:game_session{game=PJPLLF player=PlayerId(1)}: server_core::session: action applied game=PJPLLF player=PlayerId(1) action_type="PassPriority" event_count=3
2026-09-15T12:40:12.995624Z  INFO ws_message:game_session{game=PJPLLF player=PlayerId(1)}: phase_server: game submission processed (lock held) game=PJPLLF kind="action" lock_ms=8 ai_actions=0
2026-09-15T12:40:13.084766Z  INFO ws_message:game_session{game=PJPLLF player=PlayerId(0)}: server_core::session: action applied game=PJPLLF player=PlayerId(0) action_type="PassPriority" event_count=1
2026-09-15T12:40:13.099855Z  INFO ws_message:game_session{game=PJPLLF player=PlayerId(0)}: phase_server: game submission processed (lock held) game=PJPLLF kind="action" lock_ms=24 ai_actions=0
2026-09-15T12:40:13.244679Z  INFO ws_message:game_session{game=PJPLLF player=PlayerId(1)}: server_core::session: action applied game=PJPLLF player=PlayerId(1) action_type="PassPriority" event_count=1
2026-09-15T12:40:13.250767Z  INFO ws_message:game_session{game=PJPLLF player=PlayerId(1)}: phase_server: game submission processed (lock held) game=PJPLLF kind="action" lock_ms=10 ai_actions=0
2026-09-15T12:40:13.332779Z  INFO ws_message:game_session{game=PJPLLF player=PlayerId(0)}: server_core::session: action applied game=PJPLLF player=PlayerId(0) action_type="PassPriority" event_count=1
2026-09-15T12:40:13.339594Z  INFO ws_message:game_session{game=PJPLLF player=PlayerId(0)}: phase_server: game submission processed (lock held) game=PJPLLF kind="action" lock_ms=10 ai_actions=0
2026-09-15T12:40:13.496515Z  INFO ws_message:game_session{game=PJPLLF player=PlayerId(1)}: server_core::session: action applied game=PJPLLF player=PlayerId(1) action_type="PassPriority" event_count=1
2026-09-15T12:40:13.500237Z  INFO ws_message:game_session{game=PJPLLF player=PlayerId(1)}: phase_server: game submission processed (lock held) game=PJPLLF kind="action" lock_ms=8 ai_actions=0
2026-09-15T12:40:13.582849Z  INFO ws_message:game_session{game=PJPLLF player=PlayerId(0)}: server_core::session: action applied game=PJPLLF player=PlayerId(0) action_type="PassPriority" event_count=1
2026-09-15T12:40:13.588581Z  INFO ws_message:game_session{game=PJPLLF player=PlayerId(0)}: phase_server: game submission processed (lock held) game=PJPLLF kind="action" lock_ms=7 ai_actions=0
2026-09-15T12:40:13.751984Z  INFO ws_message:game_session{game=PJPLLF player=PlayerId(1)}: server_core::session: action applied game=PJPLLF player=PlayerId(1) action_type="PassPriority" event_count=4
2026-09-15T12:40:13.754800Z  INFO ws_message:game_session{game=PJPLLF player=PlayerId(1)}: phase_server: game submission processed (lock held) game=PJPLLF kind="action" lock_ms=11 ai_actions=0
2026-09-15T12:40:13.998007Z  INFO ws_message:game_session{game=PJPLLF player=PlayerId(1)}: server_core::session: action applied game=PJPLLF player=PlayerId(1) action_type="PassPriority" event_count=1
2026-09-15T12:40:14.001401Z  INFO ws_message:game_session{game=PJPLLF player=PlayerId(1)}: phase_server: game submission processed (lock held) game=PJPLLF kind="action" lock_ms=5 ai_actions=0
2026-09-15T12:40:14.091164Z  INFO ws_message:game_session{game=PJPLLF player=PlayerId(0)}: server_core::session: action applied game=PJPLLF player=PlayerId(0) action_type="PassPriority" event_count=4
2026-09-15T12:40:14.092848Z  INFO ws_message:game_session{game=PJPLLF player=PlayerId(0)}: phase_server: game submission processed (lock held) game=PJPLLF kind="action" lock_ms=7 ai_actions=0
2026-09-15T12:40:14.251015Z  INFO ws_message:game_session{game=PJPLLF player=PlayerId(1)}: server_core::session: action applied game=PJPLLF player=PlayerId(1) action_type="PassPriority" event_count=1
2026-09-15T12:40:14.254865Z  INFO ws_message:game_session{game=PJPLLF player=PlayerId(1)}: phase_server: game submission processed (lock held) game=PJPLLF kind="action" lock_ms=6 ai_actions=0
2026-09-15T12:40:14.338902Z  INFO ws_message:game_session{game=PJPLLF player=PlayerId(0)}: server_core::session: action applied game=PJPLLF player=PlayerId(0) action_type="PassPriority" event_count=1
2026-09-15T12:40:14.384321Z  INFO ws_message:game_session{game=PJPLLF player=PlayerId(0)}: phase_server: game submission processed (lock held) game=PJPLLF kind="action" lock_ms=47 ai_actions=0
2026-09-15T12:40:14.759387Z  INFO ws_message:game_session{game=PJPLLF player=PlayerId(1)}: server_core::session: action applied game=PJPLLF player=PlayerId(1) action_type="PlayLand" event_count=2
2026-09-15T12:40:14.763700Z  INFO ws_message:game_session{game=PJPLLF player=PlayerId(1)}: phase_server: game submission processed (lock held) game=PJPLLF kind="action" lock_ms=9 ai_actions=0
2026-09-15T12:40:15.007982Z  INFO ws_message:game_session{game=PJPLLF player=PlayerId(1)}: server_core::session: action applied game=PJPLLF player=PlayerId(1) action_type="PassPriority" event_count=1
2026-09-15T12:40:15.011220Z  INFO ws_message:game_session{game=PJPLLF player=PlayerId(1)}: phase_server: game submission processed (lock held) game=PJPLLF kind="action" lock_ms=5 ai_actions=0
2026-09-15T12:40:15.093148Z  INFO ws_message:game_session{game=PJPLLF player=PlayerId(0)}: server_core::session: action applied game=PJPLLF player=PlayerId(0) action_type="PassPriority" event_count=1
2026-09-15T12:40:15.097877Z  INFO ws_message:game_session{game=PJPLLF player=PlayerId(0)}: phase_server: game submission processed (lock held) game=PJPLLF kind="action" lock_ms=6 ai_actions=0
2026-09-15T12:40:15.260236Z  INFO ws_message:game_session{game=PJPLLF player=PlayerId(1)}: server_core::session: action applied game=PJPLLF player=PlayerId(1) action_type="PassPriority" event_count=1
2026-09-15T12:40:15.263337Z  INFO ws_message:game_session{game=PJPLLF player=PlayerId(1)}: phase_server: game submission processed (lock held) game=PJPLLF kind="action" lock_ms=6 ai_actions=0
2026-09-15T12:40:15.607534Z  INFO ws_message:game_session{game=PJPLLF player=PlayerId(0)}: server_core::session: action applied game=PJPLLF player=PlayerId(0) action_type="PassPriority" event_count=3
2026-09-15T12:40:15.612104Z  INFO ws_message:game_session{game=PJPLLF player=PlayerId(0)}: phase_server: game submission processed (lock held) game=PJPLLF kind="action" lock_ms=9 ai_actions=0
2026-09-15T12:40:15.765345Z  INFO ws_message:game_session{game=PJPLLF player=PlayerId(1)}: server_core::session: action applied game=PJPLLF player=PlayerId(1) action_type="PassPriority" event_count=1
2026-09-15T12:40:15.770144Z  INFO ws_message:game_session{game=PJPLLF player=PlayerId(1)}: phase_server: game submission processed (lock held) game=PJPLLF kind="action" lock_ms=9 ai_actions=0
2026-09-15T12:40:15.859566Z  INFO ws_message:game_session{game=PJPLLF player=PlayerId(0)}: server_core::session: action applied game=PJPLLF player=PlayerId(0) action_type="PassPriority" event_count=1
2026-09-15T12:40:15.865407Z  INFO ws_message:game_session{game=PJPLLF player=PlayerId(0)}: phase_server: game submission processed (lock held) game=PJPLLF kind="action" lock_ms=10 ai_actions=0
2026-09-15T12:40:16.017659Z  INFO ws_message:game_session{game=PJPLLF player=PlayerId(1)}: server_core::session: action applied game=PJPLLF player=PlayerId(1) action_type="PassPriority" event_count=1
2026-09-15T12:40:16.021163Z  INFO ws_message:game_session{game=PJPLLF player=PlayerId(1)}: phase_server: game submission processed (lock held) game=PJPLLF kind="action" lock_ms=6 ai_actions=0
2026-09-15T12:40:16.111335Z  INFO ws_message:game_session{game=PJPLLF player=PlayerId(0)}: server_core::session: action applied game=PJPLLF player=PlayerId(0) action_type="PassPriority" event_count=1
2026-09-15T12:40:16.116164Z  INFO ws_message:game_session{game=PJPLLF player=PlayerId(0)}: phase_server: game submission processed (lock held) game=PJPLLF kind="action" lock_ms=9 ai_actions=0
2026-09-15T12:40:16.271969Z  INFO ws_message:game_session{game=PJPLLF player=PlayerId(1)}: server_core::session: action applied game=PJPLLF player=PlayerId(1) action_type="PassPriority" event_count=1
2026-09-15T12:40:16.275408Z  INFO ws_message:game_session{game=PJPLLF player=PlayerId(1)}: phase_server: game submission processed (lock held) game=PJPLLF kind="action" lock_ms=6 ai_actions=0
2026-09-15T12:40:16.365922Z  INFO ws_message:game_session{game=PJPLLF player=PlayerId(0)}: server_core::session: action applied game=PJPLLF player=PlayerId(0) action_type="PassPriority" event_count=1
2026-09-15T12:40:16.537154Z  INFO ws_message:game_session{game=PJPLLF player=PlayerId(0)}: phase_server: game submission processed (lock held) game=PJPLLF kind="action" lock_ms=176 ai_actions=0
2026-09-15T12:40:16.785182Z  INFO ws_message:game_session{game=PJPLLF player=PlayerId(1)}: server_core::session: interaction applied game=PJPLLF player=PlayerId(1) action_type="SelectCards" event_count=10
2026-09-15T12:40:16.788252Z  INFO ws_message:game_session{game=PJPLLF player=PlayerId(1)}: phase_server: game submission processed (lock held) game=PJPLLF kind="interaction" lock_ms=14 ai_actions=0
2026-09-15T12:40:16.865306Z  INFO ws_message:game_session{game=PJPLLF player=PlayerId(0)}: server_core::session: action applied game=PJPLLF player=PlayerId(0) action_type="PassPriority" event_count=1
2026-09-15T12:40:16.870563Z  INFO ws_message:game_session{game=PJPLLF player=PlayerId(0)}: phase_server: game submission processed (lock held) game=PJPLLF kind="action" lock_ms=7 ai_actions=0
2026-09-15T12:40:17.031976Z  INFO ws_message:game_session{game=PJPLLF player=PlayerId(1)}: server_core::session: action applied game=PJPLLF player=PlayerId(1) action_type="PassPriority" event_count=4
2026-09-15T12:40:17.034283Z  INFO ws_message:game_session{game=PJPLLF player=PlayerId(1)}: phase_server: game submission processed (lock held) game=PJPLLF kind="action" lock_ms=7 ai_actions=0
2026-09-15T12:40:17.116672Z  INFO ws_message:game_session{game=PJPLLF player=PlayerId(0)}: server_core::session: action applied game=PJPLLF player=PlayerId(0) action_type="PassPriority" event_count=1
2026-09-15T12:40:17.122420Z  INFO ws_message:game_session{game=PJPLLF player=PlayerId(0)}: phase_server: game submission processed (lock held) game=PJPLLF kind="action" lock_ms=7 ai_actions=0
2026-09-15T12:40:17.281229Z  INFO ws_message:game_session{game=PJPLLF player=PlayerId(1)}: server_core::session: action applied game=PJPLLF player=PlayerId(1) action_type="PassPriority" event_count=1
2026-09-15T12:40:17.303447Z  INFO ws_message:game_session{game=PJPLLF player=PlayerId(1)}: phase_server: game submission processed (lock held) game=PJPLLF kind="action" lock_ms=24 ai_actions=0
2026-09-15T12:40:17.622809Z  INFO ws_message:game_session{game=PJPLLF player=PlayerId(0)}: server_core::session: action applied game=PJPLLF player=PlayerId(0) action_type="CastSpell" event_count=1
2026-09-15T12:40:17.635360Z  INFO ws_message:game_session{game=PJPLLF player=PlayerId(0)}: phase_server: game submission processed (lock held) game=PJPLLF kind="action" lock_ms=15 ai_actions=0
2026-09-15T12:40:17.885963Z  INFO ws_message:game_session{game=PJPLLF player=PlayerId(0)}: server_core::session: interaction applied game=PJPLLF player=PlayerId(0) action_type="SelectModes" event_count=15
2026-09-15T12:40:17.887909Z  INFO ws_message:game_session{game=PJPLLF player=PlayerId(0)}: phase_server: game submission processed (lock held) game=PJPLLF kind="interaction" lock_ms=15 ai_actions=0
2026-09-15T12:40:18.127399Z  INFO ws_message:game_session{game=PJPLLF player=PlayerId(0)}: server_core::session: action applied game=PJPLLF player=PlayerId(0) action_type="PassPriority" event_count=1
2026-09-15T12:40:18.136298Z  INFO ws_message:game_session{game=PJPLLF player=PlayerId(0)}: phase_server: game submission processed (lock held) game=PJPLLF kind="action" lock_ms=11 ai_actions=0
2026-09-15T12:40:18.288054Z  INFO ws_message:game_session{game=PJPLLF player=PlayerId(1)}: server_core::session: action applied game=PJPLLF player=PlayerId(1) action_type="PassPriority" event_count=5
2026-09-15T12:40:18.289744Z  INFO ws_message:game_session{game=PJPLLF player=PlayerId(1)}: phase_server: game submission processed (lock held) game=PJPLLF kind="action" lock_ms=5 ai_actions=0
2026-09-15T12:40:18.470751Z  INFO ws_message:game_session{game=PJPLLF player=PlayerId(0)}: server_core::session: interaction applied game=PJPLLF player=PlayerId(0) action_type="SelectCards" event_count=3
2026-09-15T12:40:18.485667Z  INFO ws_message:game_session{game=PJPLLF player=PlayerId(0)}: phase_server: game submission processed (lock held) game=PJPLLF kind="interaction" lock_ms=24 ai_actions=0
2026-09-15T12:40:18.738214Z  INFO ws_message:game_session{game=PJPLLF player=PlayerId(0)}: server_core::session: action applied game=PJPLLF player=PlayerId(0) action_type="PlayLand" event_count=2
2026-09-15T12:40:18.832150Z  INFO ws_message:game_session{game=PJPLLF player=PlayerId(0)}: phase_server: game submission processed (lock held) game=PJPLLF kind="action" lock_ms=117 ai_actions=0
2026-09-15T12:40:19.071573Z  INFO ws_message:game_session{game=PJPLLF player=PlayerId(0)}: server_core::session: action applied game=PJPLLF player=PlayerId(0) action_type="PassPriority" event_count=1
2026-09-15T12:40:19.079397Z  INFO ws_message:game_session{game=PJPLLF player=PlayerId(0)}: phase_server: game submission processed (lock held) game=PJPLLF kind="action" lock_ms=16 ai_actions=0
2026-09-15T12:40:19.294644Z  INFO ws_message:game_session{game=PJPLLF player=PlayerId(1)}: server_core::session: action applied game=PJPLLF player=PlayerId(1) action_type="PassPriority" event_count=1
2026-09-15T12:40:19.304050Z  INFO ws_message:game_session{game=PJPLLF player=PlayerId(1)}: phase_server: game submission processed (lock held) game=PJPLLF kind="action" lock_ms=12 ai_actions=0
2026-09-15T12:40:19.483847Z  INFO ws_message:game_session{game=PJPLLF player=PlayerId(0)}: server_core::session: action applied game=PJPLLF player=PlayerId(0) action_type="PassPriority" event_count=1
2026-09-15T12:40:19.490529Z  INFO ws_message:game_session{game=PJPLLF player=PlayerId(0)}: phase_server: game submission processed (lock held) game=PJPLLF kind="action" lock_ms=8 ai_actions=0
2026-09-15T12:40:19.800353Z  INFO ws_message:game_session{game=PJPLLF player=PlayerId(1)}: server_core::session: action applied game=PJPLLF player=PlayerId(1) action_type="PassPriority" event_count=3
2026-09-15T12:40:19.804473Z  INFO ws_message:game_session{game=PJPLLF player=PlayerId(1)}: phase_server: game submission processed (lock held) game=PJPLLF kind="action" lock_ms=9 ai_actions=0
2026-09-15T12:40:19.987228Z  INFO ws_message:game_session{game=PJPLLF player=PlayerId(0)}: server_core::session: action applied game=PJPLLF player=PlayerId(0) action_type="PassPriority" event_count=1
2026-09-15T12:40:19.993202Z  INFO ws_message:game_session{game=PJPLLF player=PlayerId(0)}: phase_server: game submission processed (lock held) game=PJPLLF kind="action" lock_ms=8 ai_actions=0
2026-09-15T12:40:20.304014Z  INFO ws_message:game_session{game=PJPLLF player=PlayerId(1)}: server_core::session: action applied game=PJPLLF player=PlayerId(1) action_type="PassPriority" event_count=1
2026-09-15T12:40:20.373531Z  INFO ws_message:game_session{game=PJPLLF player=PlayerId(1)}: phase_server: game submission processed (lock held) game=PJPLLF kind="action" lock_ms=75 ai_actions=0
2026-09-15T12:40:20.742324Z  INFO ws_message:game_session{game=PJPLLF player=PlayerId(0)}: server_core::session: action applied game=PJPLLF player=PlayerId(0) action_type="PassPriority" event_count=1
2026-09-15T12:40:20.749854Z  INFO ws_message:game_session{game=PJPLLF player=PlayerId(0)}: phase_server: game submission processed (lock held) game=PJPLLF kind="action" lock_ms=9 ai_actions=0
2026-09-15T12:40:21.058249Z  INFO ws_message:game_session{game=PJPLLF player=PlayerId(1)}: server_core::session: action applied game=PJPLLF player=PlayerId(1) action_type="PassPriority" event_count=1
2026-09-15T12:40:21.064073Z  INFO ws_message:game_session{game=PJPLLF player=PlayerId(1)}: phase_server: game submission processed (lock held) game=PJPLLF kind="action" lock_ms=11 ai_actions=0
2026-09-15T12:40:21.244919Z  INFO ws_message:game_session{game=PJPLLF player=PlayerId(0)}: server_core::session: action applied game=PJPLLF player=PlayerId(0) action_type="PassPriority" event_count=1
2026-09-15T12:40:21.250999Z  INFO ws_message:game_session{game=PJPLLF player=PlayerId(0)}: phase_server: game submission processed (lock held) game=PJPLLF kind="action" lock_ms=8 ai_actions=0
2026-09-15T12:40:21.565057Z  INFO ws_message:game_session{game=PJPLLF player=PlayerId(1)}: server_core::session: action applied game=PJPLLF player=PlayerId(1) action_type="PassPriority" event_count=4
2026-09-15T12:40:21.577864Z  INFO ws_message:game_session{game=PJPLLF player=PlayerId(1)}: phase_server: game submission processed (lock held) game=PJPLLF kind="action" lock_ms=20 ai_actions=0
2026-09-15T12:40:21.811245Z  INFO ws_message:game_session{game=PJPLLF player=PlayerId(1)}: server_core::session: action applied game=PJPLLF player=PlayerId(1) action_type="PassPriority" event_count=1
2026-09-15T12:40:21.815524Z  INFO ws_message:game_session{game=PJPLLF player=PlayerId(1)}: phase_server: game submission processed (lock held) game=PJPLLF kind="action" lock_ms=6 ai_actions=0
2026-09-15T12:40:22.001392Z  INFO ws_message:game_session{game=PJPLLF player=PlayerId(0)}: server_core::session: action applied game=PJPLLF player=PlayerId(0) action_type="PassPriority" event_count=4
2026-09-15T12:40:22.002912Z  INFO ws_message:game_session{game=PJPLLF player=PlayerId(0)}: phase_server: game submission processed (lock held) game=PJPLLF kind="action" lock_ms=7 ai_actions=0
2026-09-15T12:40:22.321612Z  INFO ws_message:game_session{game=PJPLLF player=PlayerId(1)}: server_core::session: action applied game=PJPLLF player=PlayerId(1) action_type="PassPriority" event_count=1
2026-09-15T12:40:22.326874Z  INFO ws_message:game_session{game=PJPLLF player=PlayerId(1)}: phase_server: game submission processed (lock held) game=PJPLLF kind="action" lock_ms=8 ai_actions=0
2026-09-15T12:40:22.503270Z  INFO ws_message:game_session{game=PJPLLF player=PlayerId(0)}: server_core::session: action applied game=PJPLLF player=PlayerId(0) action_type="PassPriority" event_count=1
2026-09-15T12:40:22.551441Z  INFO ws_message:game_session{game=PJPLLF player=PlayerId(0)}: phase_server: game submission processed (lock held) game=PJPLLF kind="action" lock_ms=51 ai_actions=0
2026-09-15T12:40:22.829308Z  INFO ws_message:game_session{game=PJPLLF player=PlayerId(1)}: server_core::session: action applied game=PJPLLF player=PlayerId(1) action_type="PlayLand" event_count=2
2026-09-15T12:40:22.836206Z  INFO ws_message:game_session{game=PJPLLF player=PlayerId(1)}: phase_server: game submission processed (lock held) game=PJPLLF kind="action" lock_ms=12 ai_actions=0
2026-09-15T12:40:23.080934Z  INFO ws_message:game_session{game=PJPLLF player=PlayerId(1)}: server_core::session: action applied game=PJPLLF player=PlayerId(1) action_type="PassPriority" event_count=1
2026-09-15T12:40:23.085303Z  INFO ws_message:game_session{game=PJPLLF player=PlayerId(1)}: phase_server: game submission processed (lock held) game=PJPLLF kind="action" lock_ms=8 ai_actions=0
2026-09-15T12:40:23.257207Z  INFO ws_message:game_session{game=PJPLLF player=PlayerId(0)}: server_core::session: action applied game=PJPLLF player=PlayerId(0) action_type="PassPriority" event_count=1
2026-09-15T12:40:23.265527Z  INFO ws_message:game_session{game=PJPLLF player=PlayerId(0)}: phase_server: game submission processed (lock held) game=PJPLLF kind="action" lock_ms=11 ai_actions=0
2026-09-15T12:40:23.333404Z  INFO ws_message:game_session{game=PJPLLF player=PlayerId(1)}: server_core::session: action applied game=PJPLLF player=PlayerId(1) action_type="PassPriority" event_count=1
2026-09-15T12:40:23.338029Z  INFO ws_message:game_session{game=PJPLLF player=PlayerId(1)}: phase_server: game submission processed (lock held) game=PJPLLF kind="action" lock_ms=8 ai_actions=0
2026-09-15T12:40:23.515104Z  INFO ws_message:game_session{game=PJPLLF player=PlayerId(0)}: server_core::session: action applied game=PJPLLF player=PlayerId(0) action_type="PassPriority" event_count=3
2026-09-15T12:40:23.522844Z  INFO ws_message:game_session{game=PJPLLF player=PlayerId(0)}: phase_server: game submission processed (lock held) game=PJPLLF kind="action" lock_ms=15 ai_actions=0
2026-09-15T12:40:23.590628Z  INFO ws_message:game_session{game=PJPLLF player=PlayerId(1)}: server_core::session: action applied game=PJPLLF player=PlayerId(1) action_type="PassPriority" event_count=1
2026-09-15T12:40:23.597146Z  INFO ws_message:game_session{game=PJPLLF player=PlayerId(1)}: phase_server: game submission processed (lock held) game=PJPLLF kind="action" lock_ms=10 ai_actions=0
2026-09-15T12:40:23.765166Z  INFO ws_message:game_session{game=PJPLLF player=PlayerId(0)}: server_core::session: action applied game=PJPLLF player=PlayerId(0) action_type="PassPriority" event_count=1
2026-09-15T12:40:23.773085Z  INFO ws_message:game_session{game=PJPLLF player=PlayerId(0)}: phase_server: game submission processed (lock held) game=PJPLLF kind="action" lock_ms=13 ai_actions=0
2026-09-15T12:40:24.094938Z  INFO ws_message:game_session{game=PJPLLF player=PlayerId(1)}: server_core::session: action applied game=PJPLLF player=PlayerId(1) action_type="PassPriority" event_count=1
2026-09-15T12:40:24.101187Z  INFO ws_message:game_session{game=PJPLLF player=PlayerId(1)}: phase_server: game submission processed (lock held) game=PJPLLF kind="action" lock_ms=11 ai_actions=0
2026-09-15T12:40:24.266257Z  INFO ws_message:game_session{game=PJPLLF player=PlayerId(0)}: server_core::session: action applied game=PJPLLF player=PlayerId(0) action_type="PassPriority" event_count=1
2026-09-15T12:40:24.282502Z  INFO ws_message:game_session{game=PJPLLF player=PlayerId(0)}: phase_server: game submission processed (lock held) game=PJPLLF kind="action" lock_ms=20 ai_actions=0
2026-09-15T12:40:24.597392Z  INFO ws_message:game_session{game=PJPLLF player=PlayerId(1)}: server_core::session: action applied game=PJPLLF player=PlayerId(1) action_type="PassPriority" event_count=1
2026-09-15T12:40:24.601802Z  INFO ws_message:game_session{game=PJPLLF player=PlayerId(1)}: phase_server: game submission processed (lock held) game=PJPLLF kind="action" lock_ms=6 ai_actions=0
2026-09-15T12:40:24.769486Z  INFO ws_message:game_session{game=PJPLLF player=PlayerId(0)}: server_core::session: action applied game=PJPLLF player=PlayerId(0) action_type="PassPriority" event_count=7
2026-09-15T12:40:24.772725Z  INFO ws_message:game_session{game=PJPLLF player=PlayerId(0)}: phase_server: game submission processed (lock held) game=PJPLLF kind="action" lock_ms=8 ai_actions=0
2026-09-15T12:40:25.018714Z  INFO ws_message:game_session{game=PJPLLF player=PlayerId(0)}: server_core::session: action applied game=PJPLLF player=PlayerId(0) action_type="PassPriority" event_count=1
2026-09-15T12:40:25.025421Z  INFO ws_message:game_session{game=PJPLLF player=PlayerId(0)}: phase_server: game submission processed (lock held) game=PJPLLF kind="action" lock_ms=9 ai_actions=0
2026-09-15T12:40:25.103460Z  INFO ws_message:game_session{game=PJPLLF player=PlayerId(1)}: server_core::session: action applied game=PJPLLF player=PlayerId(1) action_type="PassPriority" event_count=4
2026-09-15T12:40:25.105846Z  INFO ws_message:game_session{game=PJPLLF player=PlayerId(1)}: phase_server: game submission processed (lock held) game=PJPLLF kind="action" lock_ms=8 ai_actions=0
2026-09-15T12:40:25.277891Z  INFO ws_message:game_session{game=PJPLLF player=PlayerId(0)}: server_core::session: action applied game=PJPLLF player=PlayerId(0) action_type="PassPriority" event_count=1
2026-09-15T12:40:25.310315Z  INFO ws_message:game_session{game=PJPLLF player=PlayerId(0)}: phase_server: game submission processed (lock held) game=PJPLLF kind="action" lock_ms=41 ai_actions=0
2026-09-15T12:40:25.604060Z  INFO ws_message:game_session{game=PJPLLF player=PlayerId(1)}: server_core::session: action applied game=PJPLLF player=PlayerId(1) action_type="PassPriority" event_count=1
2026-09-15T12:40:25.639171Z  INFO ws_message:game_session{game=PJPLLF player=PlayerId(1)}: phase_server: game submission processed (lock held) game=PJPLLF kind="action" lock_ms=39 ai_actions=0
2026-09-15T12:40:26.029517Z  INFO ws_message:game_session{game=PJPLLF player=PlayerId(0)}: server_core::session: action applied game=PJPLLF player=PlayerId(0) action_type="PlayLand" event_count=2
2026-09-15T12:40:26.042505Z  INFO ws_message:game_session{game=PJPLLF player=PlayerId(0)}: phase_server: game submission processed (lock held) game=PJPLLF kind="action" lock_ms=18 ai_actions=0
2026-09-15T12:40:26.278988Z  INFO ws_message:game_session{game=PJPLLF player=PlayerId(0)}: server_core::session: action applied game=PJPLLF player=PlayerId(0) action_type="CastSpell" event_count=1
2026-09-15T12:40:26.294122Z  INFO ws_message:game_session{game=PJPLLF player=PlayerId(0)}: phase_server: game submission processed (lock held) game=PJPLLF kind="action" lock_ms=18 ai_actions=0
2026-09-15T12:40:26.553374Z  INFO ws_message:game_session{game=PJPLLF player=PlayerId(0)}: server_core::session: interaction applied game=PJPLLF player=PlayerId(0) action_type="SelectModes" event_count=0
2026-09-15T12:40:26.588153Z  INFO ws_message:game_session{game=PJPLLF player=PlayerId(0)}: phase_server: game submission processed (lock held) game=PJPLLF kind="interaction" lock_ms=56 ai_actions=0
2026-09-15T12:40:26.966021Z  INFO ws_message:game_session{game=PJPLLF player=PlayerId(0)}: server_core::session: interaction applied game=PJPLLF player=PlayerId(0) action_type="ChooseTarget" event_count=25
2026-09-15T12:40:26.969156Z  INFO ws_message:game_session{game=PJPLLF player=PlayerId(0)}: phase_server: game submission processed (lock held) game=PJPLLF kind="interaction" lock_ms=24 ai_actions=0
2026-09-15T12:40:27.280352Z  INFO ws_message:game_session{game=PJPLLF player=PlayerId(0)}: server_core::session: action applied game=PJPLLF player=PlayerId(0) action_type="PassPriority" event_count=1
2026-09-15T12:40:27.289764Z  INFO ws_message:game_session{game=PJPLLF player=PlayerId(0)}: phase_server: game submission processed (lock held) game=PJPLLF kind="action" lock_ms=12 ai_actions=0
2026-09-15T12:40:27.372504Z  INFO ws_message:game_session{game=PJPLLF player=PlayerId(1)}: server_core::session: action applied game=PJPLLF player=PlayerId(1) action_type="PassPriority" event_count=5
2026-09-15T12:40:27.373039Z  INFO ws_message:game_session{game=PJPLLF player=PlayerId(1)}: phase_server: game submission processed (lock held) game=PJPLLF kind="action" lock_ms=4 ai_actions=0
2026-09-15T12:40:27.639945Z  INFO ws_message:game_session{game=PJPLLF player=PlayerId(0)}: server_core::session: interaction applied game=PJPLLF player=PlayerId(0) action_type="SelectCards" event_count=13
2026-09-15T12:40:27.646003Z  INFO ws_message:game_session{game=PJPLLF player=PlayerId(0)}: phase_server: game submission processed (lock held) game=PJPLLF kind="interaction" lock_ms=18 ai_actions=0
2026-09-15T12:40:27.884747Z  INFO ws_message:game_session{game=PJPLLF player=PlayerId(0)}: server_core::session: action applied game=PJPLLF player=PlayerId(0) action_type="PassPriority" event_count=1
2026-09-15T12:40:27.896053Z  INFO ws_message:game_session{game=PJPLLF player=PlayerId(0)}: phase_server: game submission processed (lock held) game=PJPLLF kind="action" lock_ms=15 ai_actions=0
