[21:44:27] starting issue #4345 run run-4345-reval-v01040-20261008-2130
[21:44:27] ServerHello: version=0.104.0 build=4227122 protocol=118 mode=Full
[21:44:30] parse_evidence.json written (Ghostly Prison parse captured)
[21:44:30] game 8UOEZ6 P0seat=0 P1seat=1
[21:44:30] [P0] keep 7: ['forest', 'grizzly bears', 'forest', 'forest', 'forest', 'forest', 'grizzly bears']
[21:44:30] [P1] keep 7: ['plains', 'ghostly prison', 'plains', 'plains', 'plains', 'plains', 'plains']
[21:44:30] DIAG turn=1 active=1 phase=Untap decline_mode=False P0bears=0 P1prison=False life1=20 taxwaits=0 vikind='mulligan'
[21:44:31] [P1] vi choose (pass): choice=8UOEZ6.0.4.c0 action=passPriority obj=None
[21:44:31] [P0] vi choose (pass): choice=8UOEZ6.0.5.c0 action=passPriority obj=None
[21:44:31] [P1] vi choose (play plains): choice=8UOEZ6.0.6.c1 action=playLand obj=plains
[21:44:31] [P1] vi choose (pass): choice=8UOEZ6.0.7.c0 action=passPriority obj=None
[21:44:31] [P0] vi choose (pass): choice=8UOEZ6.0.8.c0 action=passPriority obj=None
[21:44:32] [P1] vi choose (pass): choice=8UOEZ6.0.9.c0 action=passPriority obj=None
[21:44:32] [P0] vi choose (pass): choice=8UOEZ6.0.10.c0 action=passPriority obj=None
[21:44:32] [P1] vi choose (pass): choice=8UOEZ6.0.11.c0 action=passPriority obj=None
[21:44:32] [P0] vi choose (pass): choice=8UOEZ6.0.12.c0 action=passPriority obj=None
[21:44:32] [P1] vi choose (pass): choice=8UOEZ6.0.13.c0 action=passPriority obj=None
[21:44:32] [P0] vi choose (pass): choice=8UOEZ6.0.14.c0 action=passPriority obj=None
[21:44:32] [P1] vi choose (pass): choice=8UOEZ6.0.15.c0 action=passPriority obj=None
[21:44:33] [P0] vi choose (pass): choice=8UOEZ6.0.16.c0 action=passPriority obj=None
[21:44:33] [P0] vi choose (pass): choice=8UOEZ6.0.17.c0 action=passPriority obj=None
[21:44:33] [P1] vi choose (pass): choice=8UOEZ6.0.18.c0 action=passPriority obj=None
[21:44:33] [P0] vi choose (pass): choice=8UOEZ6.0.19.c0 action=passPriority obj=None
[21:44:33] [P1] vi choose (pass): choice=8UOEZ6.0.20.c0 action=passPriority obj=None
[21:44:33] [P0] discarding 1 to hand size
[21:44:34] [P0] vi choose (pass): choice=8UOEZ6.0.22.c0 action=passPriority obj=None
[21:44:34] [P1] vi choose (pass): choice=8UOEZ6.0.23.c0 action=passPriority obj=None
[21:44:34] [P0] vi choose (pass): choice=8UOEZ6.0.24.c0 action=passPriority obj=None
[21:44:34] [P1] vi choose (pass): choice=8UOEZ6.0.25.c0 action=passPriority obj=None
[21:44:34] [P0] vi choose (pass): choice=8UOEZ6.0.26.c0 action=passPriority obj=None
[21:44:34] [P1] vi choose (pass): choice=8UOEZ6.0.27.c0 action=passPriority obj=None
[21:44:34] [P0] vi choose (pass): choice=8UOEZ6.0.28.c0 action=passPriority obj=None
[21:44:35] [P1] vi choose (pass): choice=8UOEZ6.0.29.c0 action=passPriority obj=None
[21:44:35] [P0] vi choose (pass): choice=8UOEZ6.0.30.c0 action=passPriority obj=None
[21:44:35] [P1] vi choose (pass): choice=8UOEZ6.0.31.c0 action=passPriority obj=None
[21:44:35] [P1] vi choose (pass): choice=8UOEZ6.0.32.c0 action=passPriority obj=None
[21:44:35] [P0] vi choose (pass): choice=8UOEZ6.0.33.c0 action=passPriority obj=None
[21:44:35] [P1] vi choose (pass): choice=8UOEZ6.0.34.c0 action=passPriority obj=None
[21:44:36] [P0] vi choose (pass): choice=8UOEZ6.0.35.c0 action=passPriority obj=None
[21:44:36] [P1] vi choose (play plains): choice=8UOEZ6.0.36.c1 action=playLand obj=plains
[21:44:36] [P1] vi choose (pass): choice=8UOEZ6.0.37.c0 action=passPriority obj=None
[21:44:36] [P0] vi choose (pass): choice=8UOEZ6.0.38.c0 action=passPriority obj=None
[21:44:36] [P1] vi choose (pass): choice=8UOEZ6.0.39.c0 action=passPriority obj=None
[21:44:36] [P0] vi choose (pass): choice=8UOEZ6.0.40.c0 action=passPriority obj=None
[21:44:37] [P1] vi choose (pass): choice=8UOEZ6.0.41.c0 action=passPriority obj=None
[21:44:37] [P0] vi choose (pass): choice=8UOEZ6.0.42.c0 action=passPriority obj=None
[21:44:37] [P1] vi choose (pass): choice=8UOEZ6.0.43.c0 action=passPriority obj=None
[21:44:37] [P0] vi choose (pass): choice=8UOEZ6.0.44.c0 action=passPriority obj=None
[21:44:37] [P1] vi choose (pass): choice=8UOEZ6.0.45.c0 action=passPriority obj=None
[21:44:37] [P0] vi choose (pass): choice=8UOEZ6.0.46.c0 action=passPriority obj=None
[21:44:37] [P0] vi choose (pass): choice=8UOEZ6.0.47.c0 action=passPriority obj=None
[21:44:38] [P1] vi choose (pass): choice=8UOEZ6.0.48.c0 action=passPriority obj=None
[21:44:38] [P0] vi choose (pass): choice=8UOEZ6.0.49.c0 action=passPriority obj=None
[21:44:38] [P1] vi choose (pass): choice=8UOEZ6.0.50.c0 action=passPriority obj=None
[21:44:38] [P0] discarding 1 to hand size
[21:44:38] [P0] vi choose (cast grizzly bears): choice=8UOEZ6.0.52.c1 action=castSpell obj=grizzly bears
[21:44:38] [P0] vi choose (pass): choice=8UOEZ6.0.53.c0 action=passPriority obj=None
[21:44:39] [P1] vi choose (pass): choice=8UOEZ6.0.54.c0 action=passPriority obj=None
[21:44:39] [P0] vi choose (pass): choice=8UOEZ6.0.55.c0 action=passPriority obj=None
[21:44:39] [P1] vi choose (pass): choice=8UOEZ6.0.56.c0 action=passPriority obj=None
[21:44:39] [P0] vi choose (pass): choice=8UOEZ6.0.57.c0 action=passPriority obj=None
[21:44:39] [P1] vi choose (pass): choice=8UOEZ6.0.58.c0 action=passPriority obj=None
[21:44:39] [P0] vi choose (pass): choice=8UOEZ6.0.59.c0 action=passPriority obj=None
[21:44:39] [P1] vi choose (pass): choice=8UOEZ6.0.60.c0 action=passPriority obj=None
[21:44:40] [P0] vi choose (pass): choice=8UOEZ6.0.61.c0 action=passPriority obj=None
[21:44:40] [P1] vi choose (pass): choice=8UOEZ6.0.62.c0 action=passPriority obj=None
[21:44:40] [P0] vi choose (pass): choice=8UOEZ6.0.63.c0 action=passPriority obj=None
[21:44:40] [P1] vi choose (pass): choice=8UOEZ6.0.64.c0 action=passPriority obj=None
[21:44:40] [P1] vi choose (pass): choice=8UOEZ6.0.65.c0 action=passPriority obj=None
[21:44:40] [P0] vi choose (pass): choice=8UOEZ6.0.66.c0 action=passPriority obj=None
[21:44:41] [P1] vi choose (pass): choice=8UOEZ6.0.67.c0 action=passPriority obj=None
[21:44:41] [P0] vi choose (pass): choice=8UOEZ6.0.68.c0 action=passPriority obj=None
[21:44:41] [P1] vi choose (play plains): choice=8UOEZ6.0.69.c1 action=playLand obj=plains
[21:44:41] [P1] vi choose (cast ghostly prison): choice=8UOEZ6.0.70.c1 action=castSpell obj=ghostly prison
[21:44:41] [P1] vi choose (pass): choice=8UOEZ6.0.71.c0 action=passPriority obj=None
[21:44:41] [P0] vi choose (pass): choice=8UOEZ6.0.72.c0 action=passPriority obj=None
[21:44:42] [P1] vi choose (pass): choice=8UOEZ6.0.73.c0 action=passPriority obj=None
[21:44:42] [P0] vi choose (pass): choice=8UOEZ6.0.74.c0 action=passPriority obj=None
[21:44:42] [P1] vi choose (pass): choice=8UOEZ6.0.75.c0 action=passPriority obj=None
[21:44:42] [P0] vi choose (pass): choice=8UOEZ6.0.76.c0 action=passPriority obj=None
[21:44:42] [P1] vi choose (pass): choice=8UOEZ6.0.77.c0 action=passPriority obj=None
[21:44:42] [P0] vi choose (pass): choice=8UOEZ6.0.78.c0 action=passPriority obj=None
[21:44:43] [P1] vi choose (pass): choice=8UOEZ6.0.79.c0 action=passPriority obj=None
[21:44:43] [P0] vi choose (pass): choice=8UOEZ6.0.80.c0 action=passPriority obj=None
[21:44:43] [P1] vi choose (pass): choice=8UOEZ6.0.81.c0 action=passPriority obj=None
[21:44:43] [P0] vi choose (pass): choice=8UOEZ6.0.82.c0 action=passPriority obj=None
[21:44:43] [P0] vi choose (pass): choice=8UOEZ6.0.83.c0 action=passPriority obj=None
[21:44:43] [P1] vi choose (pass): choice=8UOEZ6.0.84.c0 action=passPriority obj=None
[21:44:43] [P0] vi choose (pass): choice=8UOEZ6.0.85.c0 action=passPriority obj=None
[21:44:44] [P1] vi choose (pass): choice=8UOEZ6.0.86.c0 action=passPriority obj=None
[21:44:44] [P0] vi choose (cast grizzly bears): choice=8UOEZ6.0.87.c6 action=castSpell obj=grizzly bears
[21:44:44] [P0] vi choose (pass): choice=8UOEZ6.0.88.c0 action=passPriority obj=None
[21:44:44] [P1] vi choose (pass): choice=8UOEZ6.0.89.c0 action=passPriority obj=None
[21:44:44] [P0] vi choose (play forest): choice=8UOEZ6.0.90.c1 action=playLand obj=forest
[21:44:44] [P0] vi choose (pass): choice=8UOEZ6.0.91.c0 action=passPriority obj=None
[21:44:44] [P1] vi choose (pass): choice=8UOEZ6.0.92.c0 action=passPriority obj=None
[21:44:45] [P0] vi choose (pass): choice=8UOEZ6.0.93.c0 action=passPriority obj=None
[21:44:45] [P1] vi choose (pass): choice=8UOEZ6.0.94.c0 action=passPriority obj=None
[21:44:45] [P0] declares no attackers (prison=True ready=1 mana_ok=False decline_mode=False)
[21:44:45] [P0] vi choose (pass): choice=8UOEZ6.0.96.c0 action=passPriority obj=None
[21:44:45] [P1] vi choose (pass): choice=8UOEZ6.0.97.c0 action=passPriority obj=None
[21:44:45] [P0] vi choose (pass): choice=8UOEZ6.0.98.c0 action=passPriority obj=None
[21:44:46] [P1] vi choose (pass): choice=8UOEZ6.0.99.c0 action=passPriority obj=None
[21:44:46] [P0] vi choose (pass): choice=8UOEZ6.0.100.c0 action=passPriority obj=None
[21:44:46] [P1] vi choose (pass): choice=8UOEZ6.0.101.c0 action=passPriority obj=None
[21:44:46] [P1] vi choose (pass): choice=8UOEZ6.0.102.c0 action=passPriority obj=None
[21:44:46] [P0] vi choose (pass): choice=8UOEZ6.0.103.c0 action=passPriority obj=None
[21:44:46] [P1] vi choose (pass): choice=8UOEZ6.0.104.c0 action=passPriority obj=None
[21:44:46] [P0] vi choose (pass): choice=8UOEZ6.0.105.c0 action=passPriority obj=None
[21:44:47] [P1] vi choose (play plains): choice=8UOEZ6.0.106.c1 action=playLand obj=plains
[21:44:47] [P1] vi choose (pass): choice=8UOEZ6.0.107.c0 action=passPriority obj=None
[21:44:47] [P0] vi choose (pass): choice=8UOEZ6.0.108.c0 action=passPriority obj=None
[21:44:47] [P1] vi choose (pass): choice=8UOEZ6.0.109.c0 action=passPriority obj=None
[21:44:47] [P0] vi choose (pass): choice=8UOEZ6.0.110.c0 action=passPriority obj=None
[21:44:48] [P1] vi choose (pass): choice=8UOEZ6.0.111.c0 action=passPriority obj=None
[21:44:48] [P0] vi choose (pass): choice=8UOEZ6.0.112.c0 action=passPriority obj=None
[21:44:48] [P1] vi choose (pass): choice=8UOEZ6.0.113.c0 action=passPriority obj=None
[21:44:48] [P0] vi choose (pass): choice=8UOEZ6.0.114.c0 action=passPriority obj=None
[21:44:48] [P1] vi choose (pass): choice=8UOEZ6.0.115.c0 action=passPriority obj=None
[21:44:48] [P0] vi choose (pass): choice=8UOEZ6.0.116.c0 action=passPriority obj=None
[21:44:49] [P0] vi choose (pass): choice=8UOEZ6.0.117.c0 action=passPriority obj=None
[21:44:49] [P1] vi choose (pass): choice=8UOEZ6.0.118.c0 action=passPriority obj=None
[21:44:49] [P0] vi choose (pass): choice=8UOEZ6.0.119.c0 action=passPriority obj=None
[21:44:49] [P1] vi choose (pass): choice=8UOEZ6.0.120.c0 action=passPriority obj=None
[21:44:49] [P0] vi choose (cast grizzly bears): choice=8UOEZ6.0.121.c5 action=castSpell obj=grizzly bears
[21:44:49] [P0] vi choose (pass): choice=8UOEZ6.0.122.c0 action=passPriority obj=None
[21:44:49] [P1] vi choose (pass): choice=8UOEZ6.0.123.c0 action=passPriority obj=None
[21:44:50] [P0] vi choose (play forest): choice=8UOEZ6.0.124.c1 action=playLand obj=forest
[21:44:50] [P0] vi choose (cast grizzly bears): choice=8UOEZ6.0.125.c1 action=castSpell obj=grizzly bears
[21:44:50] [P0] vi choose (pass): choice=8UOEZ6.0.126.c0 action=passPriority obj=None
[21:44:50] [P1] vi choose (pass): choice=8UOEZ6.0.127.c0 action=passPriority obj=None
[21:44:50] [P0] vi choose (pass): choice=8UOEZ6.0.128.c0 action=passPriority obj=None
[21:44:50] [P1] vi choose (pass): choice=8UOEZ6.0.129.c0 action=passPriority obj=None
[21:44:51] [P0] vi choose (pass): choice=8UOEZ6.0.130.c0 action=passPriority obj=None
[21:44:51] [P1] vi choose (pass): choice=8UOEZ6.0.131.c0 action=passPriority obj=None
[21:44:51] [P0] declares no attackers (prison=True ready=2 mana_ok=False decline_mode=False)
[21:44:51] [P0] vi choose (pass): choice=8UOEZ6.0.133.c0 action=passPriority obj=None
[21:44:51] [P1] vi choose (pass): choice=8UOEZ6.0.134.c0 action=passPriority obj=None
[21:44:51] [P0] vi choose (pass): choice=8UOEZ6.0.135.c0 action=passPriority obj=None
[21:44:51] [P1] vi choose (pass): choice=8UOEZ6.0.136.c0 action=passPriority obj=None
[21:44:52] [P0] vi choose (pass): choice=8UOEZ6.0.137.c0 action=passPriority obj=None
[21:44:52] [P1] vi choose (pass): choice=8UOEZ6.0.138.c0 action=passPriority obj=None
[21:44:52] [P1] vi choose (pass): choice=8UOEZ6.0.139.c0 action=passPriority obj=None
[21:44:52] [P0] vi choose (pass): choice=8UOEZ6.0.140.c0 action=passPriority obj=None
[21:44:52] [P1] vi choose (pass): choice=8UOEZ6.0.141.c0 action=passPriority obj=None
[21:44:52] [P0] vi choose (pass): choice=8UOEZ6.0.142.c0 action=passPriority obj=None
[21:44:52] [P1] vi choose (play plains): choice=8UOEZ6.0.143.c1 action=playLand obj=plains
[21:44:53] [P1] vi choose (pass): choice=8UOEZ6.0.144.c0 action=passPriority obj=None
[21:44:53] [P0] vi choose (pass): choice=8UOEZ6.0.145.c0 action=passPriority obj=None
[21:44:53] [P1] vi choose (pass): choice=8UOEZ6.0.146.c0 action=passPriority obj=None
[21:44:53] [P0] vi choose (pass): choice=8UOEZ6.0.147.c0 action=passPriority obj=None
[21:44:53] [P1] vi choose (pass): choice=8UOEZ6.0.148.c0 action=passPriority obj=None
[21:44:53] [P0] vi choose (pass): choice=8UOEZ6.0.149.c0 action=passPriority obj=None
[21:44:54] [P1] vi choose (pass): choice=8UOEZ6.0.150.c0 action=passPriority obj=None
[21:44:54] [P0] vi choose (pass): choice=8UOEZ6.0.151.c0 action=passPriority obj=None
[21:44:54] [P1] vi choose (pass): choice=8UOEZ6.0.152.c0 action=passPriority obj=None
[21:44:54] [P0] vi choose (pass): choice=8UOEZ6.0.153.c0 action=passPriority obj=None
[21:44:54] [P0] vi choose (pass): choice=8UOEZ6.0.154.c0 action=passPriority obj=None
[21:44:54] [P1] vi choose (pass): choice=8UOEZ6.0.155.c0 action=passPriority obj=None
[21:44:54] [P0] vi choose (pass): choice=8UOEZ6.0.156.c0 action=passPriority obj=None
[21:44:55] [P1] vi choose (pass): choice=8UOEZ6.0.157.c0 action=passPriority obj=None
[21:44:55] [P0] vi choose (play forest): choice=8UOEZ6.0.158.c1 action=playLand obj=forest
[21:44:55] [P0] vi choose (pass): choice=8UOEZ6.0.159.c0 action=passPriority obj=None
[21:44:55] [P1] vi choose (pass): choice=8UOEZ6.0.160.c0 action=passPriority obj=None
[21:44:55] [P0] vi choose (pass): choice=8UOEZ6.0.161.c0 action=passPriority obj=None
[21:44:55] [P1] vi choose (pass): choice=8UOEZ6.0.162.c0 action=passPriority obj=None
[21:44:56] [P0] declares attack: Bear 7 -> P1 (mode=pay)
[21:44:56] [P0] CombatTaxPayment wait (mode=pay): avail=2 pay_offered=True decline_offered=True
[21:44:56] [P0] dumped tax_decision_dump.json
[21:44:56] [P0] exported mid_tax.json (first tax wait, pre-answer)
[21:44:56] [P0] exported pre.json (first taxed DeclareAttackers; P1 life 20)
[21:44:56] [P0] vi choose (tax pay): choice=8UOEZ6.0.164.c1 action=payCombatTax obj=None
[21:44:56] [P0] vi choose (pass): choice=8UOEZ6.0.165.c0 action=passPriority obj=None
[21:44:56] [P1] vi choose (pass): choice=8UOEZ6.0.166.c0 action=passPriority obj=None
[21:44:56] [P0] vi choose (pass): choice=8UOEZ6.0.167.c0 action=passPriority obj=None
[21:44:56] [P1] vi choose (pass): choice=8UOEZ6.0.168.c0 action=passPriority obj=None
[21:44:57] [P0] vi choose (pass): choice=8UOEZ6.0.169.c0 action=passPriority obj=None
[21:44:57] switched to DECLINE mode
[21:44:57] [P1] vi choose (pass): choice=8UOEZ6.0.170.c0 action=passPriority obj=None
[21:44:57] [P0] vi choose (pass): choice=8UOEZ6.0.171.c0 action=passPriority obj=None
[21:44:57] [P1] vi choose (pass): choice=8UOEZ6.0.172.c0 action=passPriority obj=None
[21:44:57] [P0] vi choose (pass): choice=8UOEZ6.0.173.c0 action=passPriority obj=None
[21:44:57] [P1] vi choose (pass): choice=8UOEZ6.0.174.c0 action=passPriority obj=None
[21:44:57] [P0] vi choose (pass): choice=8UOEZ6.0.175.c0 action=passPriority obj=None
[21:44:58] [P1] vi choose (pass): choice=8UOEZ6.0.176.c0 action=passPriority obj=None
[21:44:58] [P1] vi choose (pass): choice=8UOEZ6.0.177.c0 action=passPriority obj=None
[21:44:58] [P0] vi choose (pass): choice=8UOEZ6.0.178.c0 action=passPriority obj=None
[21:44:58] [P1] vi choose (pass): choice=8UOEZ6.0.179.c0 action=passPriority obj=None
[21:44:58] [P0] vi choose (pass): choice=8UOEZ6.0.180.c0 action=passPriority obj=None
[21:44:58] [P1] vi choose (cast ghostly prison): choice=8UOEZ6.0.181.c6 action=castSpell obj=ghostly prison
[21:44:59] [P1] vi choose (pass): choice=8UOEZ6.0.182.c0 action=passPriority obj=None
[21:44:59] [P0] vi choose (pass): choice=8UOEZ6.0.183.c0 action=passPriority obj=None
[21:44:59] [P1] vi choose (play plains): choice=8UOEZ6.0.184.c1 action=playLand obj=plains
[21:44:59] [P1] vi choose (pass): choice=8UOEZ6.0.185.c0 action=passPriority obj=None
[21:44:59] [P0] vi choose (pass): choice=8UOEZ6.0.186.c0 action=passPriority obj=None
[21:44:59] [P1] vi choose (pass): choice=8UOEZ6.0.187.c0 action=passPriority obj=None
[21:44:59] [P0] vi choose (pass): choice=8UOEZ6.0.188.c0 action=passPriority obj=None
[21:45:00] [P1] vi choose (pass): choice=8UOEZ6.0.189.c0 action=passPriority obj=None
[21:45:00] [P0] vi choose (pass): choice=8UOEZ6.0.190.c0 action=passPriority obj=None
[21:45:00] [P1] vi choose (pass): choice=8UOEZ6.0.191.c0 action=passPriority obj=None
[21:45:00] [P0] vi choose (pass): choice=8UOEZ6.0.192.c0 action=passPriority obj=None
[21:45:00] [P1] vi choose (pass): choice=8UOEZ6.0.193.c0 action=passPriority obj=None
[21:45:00] [P0] vi choose (pass): choice=8UOEZ6.0.194.c0 action=passPriority obj=None
[21:45:01] [P0] vi choose (pass): choice=8UOEZ6.0.195.c0 action=passPriority obj=None
[21:45:01] [P1] vi choose (pass): choice=8UOEZ6.0.196.c0 action=passPriority obj=None
[21:45:01] [P0] vi choose (pass): choice=8UOEZ6.0.197.c0 action=passPriority obj=None
[21:45:01] [P1] vi choose (pass): choice=8UOEZ6.0.198.c0 action=passPriority obj=None
[21:45:01] [P0] vi choose (play forest): choice=8UOEZ6.0.199.c1 action=playLand obj=forest
[21:45:01] [P0] vi choose (pass): choice=8UOEZ6.0.200.c0 action=passPriority obj=None
[21:45:01] [P1] vi choose (pass): choice=8UOEZ6.0.201.c0 action=passPriority obj=None
[21:45:02] [P0] vi choose (pass): choice=8UOEZ6.0.202.c0 action=passPriority obj=None
[21:45:02] [P1] vi choose (pass): choice=8UOEZ6.0.203.c0 action=passPriority obj=None
[21:45:02] [P0] declares attack: Bear 7 -> P1 (mode=decline)
[21:45:02] [P0] CombatTaxPayment wait (mode=decline): avail=2 pay_offered=True decline_offered=True
[21:45:02] [P0] vi choose (tax decline): choice=8UOEZ6.0.205.c0 action=payCombatTax obj=None
[21:45:02] [P0] declares no attackers (prison=True ready=4 mana_ok=True decline_mode=True)
[21:45:02] [P0] vi choose (pass): choice=8UOEZ6.0.207.c0 action=passPriority obj=None
[21:45:02] [P1] vi choose (pass): choice=8UOEZ6.0.208.c0 action=passPriority obj=None
[21:45:03] [P0] vi choose (pass): choice=8UOEZ6.0.209.c0 action=passPriority obj=None
[21:45:03] exported post.json (P1 life 18)
[21:45:03] done flag set; finishing
[21:45:03] game finished ok=True decline_mode=True
[21:45:03] rendered summary.png
