P0 creating game...
P1 joining...
game ZO5O7Z; seats 0/1
[P0] keeps (seat 0)
[P1] keeps (seat 1)
[P0] plays Island
exported pre_cast.json
[armed] pre_cast exported turn 1 hand=6 lib=53
[P0] casts Breakthrough
[P0] Breakthrough X-choice -> X=0 (wanted 2, range [0,0])
exported post_cast.json
[post] post_cast exported turn 1 phase=PostCombatMain hand=9 lib=49
A1_setup_ok: passed
A2_x_announced: passed
A3_draw_completed: passed
A4_choose_prompted: failed
A5_discard_happened: failed
A6_cleanup: passed
WF sequence: ['MulliganDecision', 'Priority', 'ChooseXValue', 'Priority']
verdict: reproduced
