Excerpts from runs/20260918-6771/server.log (phase-server v0.86.0, port 9375).
Final attempt game ZO5O7Z = the run in pre_cast.json/post_cast.json.
Attempt 1 (game C68ZGK): P0 answered the X prompt with value 2, which was
outside the advertised range [0,0]; no 'interaction applied' line appears for
it — the answer never advanced the game (silent stall at ChooseXValue).

2026-09-18T06:01:26.789638Z action -18T06:01:26.789638Z  WARN phase_server: Full snapshot was no longer current game=ZO5O7Z disposition=SupersededOrRetired
2026-09-18T06:01:27.063264Z action MulliganDecision events=0
2026-09-18T06:01:27.141490Z action MulliganDecision events=1
2026-09-18T06:01:27.315065Z action PassPriority events=1
2026-09-18T06:01:27.568192Z action PassPriority events=2
2026-09-18T06:01:27.827014Z action PlayLand events=2
2026-09-18T06:01:28.075841Z action PassPriority events=1
2026-09-18T06:01:28.421818Z action PassPriority events=1
2026-09-18T06:01:28.675889Z action PassPriority events=1
2026-09-18T06:01:28.930285Z action PassPriority events=3
2026-09-18T06:01:29.178069Z action PassPriority events=1
2026-09-18T06:01:29.434055Z action PassPriority events=1
2026-09-18T06:01:29.685513Z action CastSpell events=1
2026-09-18T06:01:29.946354Z interaction ChooseX events=8
2026-09-18T06:01:30.191370Z action PassPriority events=1
2026-09-18T06:01:30.447262Z action PassPriority events=12
2026-09-18T06:01:30.694304Z action PassPriority events=1
