2026-09-10T17:44:19.093235Z  INFO ws_message: phase_server: ClientHello accepted version=driver-0.1 commit=driver
2026-09-10T17:44:19.187549Z  INFO ws_message: phase_server: ClientHello accepted version=driver-0.1 commit=driver
2026-09-10T17:46:25.923515Z  INFO ws_message: phase_server: ClientHello accepted version=driver-0.1 commit=driver
2026-09-10T17:46:26.005978Z  INFO ws_message: phase_server: ClientHello accepted version=driver-0.1 commit=driver
2026-09-10T17:48:14.771489Z  INFO ws_message: phase_server: ClientHello accepted version=driver-0.1 commit=driver
2026-09-10T17:48:14.772242Z  INFO ws_message: server_core::session: game session created game=ZZ569N player_count=2
2026-09-10T17:48:14.792418Z  INFO ws_message: phase_server: game created via lobby game=ZZ569N host=P0 players=2
2026-09-10T17:48:14.865936Z  INFO ws_message: phase_server: ClientHello accepted version=driver-0.1 commit=driver
2026-09-10T17:48:14.866438Z  INFO ws_message: phase_server: JoinGameWithPassword game=ZZ569N joiner=P1
2026-09-10T17:48:14.866690Z  INFO ws_message: server_core::session: player joined session game=ZZ569N player=PlayerId(1) seat=1
2026-09-10T17:48:14.901062Z  INFO ws_message: phase_server: player joined via lobby game=ZZ569N player=PlayerId(1)
2026-09-10T17:48:15.142682Z  WARN phase_server: Full snapshot was no longer current game=ZZ569N disposition=SupersededOrRetired
2026-09-10T17:48:15.229210Z  INFO ws_message:game_session{game=ZZ569N player=PlayerId(0)}: server_core::session: action applied game=ZZ569N player=PlayerId(0) action_type="MulliganDecision" event_count=0
2026-09-10T17:48:15.239254Z  INFO ws_message:game_session{game=ZZ569N player=PlayerId(0)}: phase_server: game submission processed (lock held) game=ZZ569N kind="action" lock_ms=11 ai_actions=0
2026-09-10T17:48:15.313755Z  INFO ws_message:game_session{game=ZZ569N player=PlayerId(1)}: server_core::session: action applied game=ZZ569N player=PlayerId(1) action_type="MulliganDecision" event_count=1
2026-09-10T17:48:15.315234Z  INFO ws_message:game_session{game=ZZ569N player=PlayerId(1)}: phase_server: game submission processed (lock held) game=ZZ569N kind="action" lock_ms=5 ai_actions=0
2026-09-10T17:48:15.431570Z  INFO ws_message:game_session{game=ZZ569N player=PlayerId(1)}: server_core::session: action applied game=ZZ569N player=PlayerId(1) action_type="PassPriority" event_count=1
2026-09-10T17:48:15.433678Z  INFO ws_message:game_session{game=ZZ569N player=PlayerId(1)}: phase_server: game submission processed (lock held) game=ZZ569N kind="action" lock_ms=2 ai_actions=0
2026-09-10T17:48:15.532901Z  INFO ws_message:game_session{game=ZZ569N player=PlayerId(0)}: server_core::session: action applied game=ZZ569N player=PlayerId(0) action_type="PassPriority" event_count=2
2026-09-10T17:48:15.565450Z  INFO ws_message:game_session{game=ZZ569N player=PlayerId(0)}: phase_server: game submission processed (lock held) game=ZZ569N kind="action" lock_ms=33 ai_actions=0
2026-09-10T17:48:15.738494Z  INFO ws_message:game_session{game=ZZ569N player=PlayerId(1)}: server_core::session: action applied game=ZZ569N player=PlayerId(1) action_type="PlayLand" event_count=2
2026-09-10T17:48:15.740802Z  INFO ws_message:game_session{game=ZZ569N player=PlayerId(1)}: phase_server: game submission processed (lock held) game=ZZ569N kind="action" lock_ms=7 ai_actions=0
2026-09-10T17:48:15.836666Z  INFO ws_message:game_session{game=ZZ569N player=PlayerId(1)}: server_core::session: action applied game=ZZ569N player=PlayerId(1) action_type="PassPriority" event_count=1
2026-09-10T17:48:15.838556Z  INFO ws_message:game_session{game=ZZ569N player=PlayerId(1)}: phase_server: game submission processed (lock held) game=ZZ569N kind="action" lock_ms=2 ai_actions=0
2026-09-10T17:48:15.937219Z  INFO ws_message:game_session{game=ZZ569N player=PlayerId(0)}: server_core::session: action applied game=ZZ569N player=PlayerId(0) action_type="PassPriority" event_count=1
2026-09-10T17:48:15.939633Z  INFO ws_message:game_session{game=ZZ569N player=PlayerId(0)}: phase_server: game submission processed (lock held) game=ZZ569N kind="action" lock_ms=3 ai_actions=0
2026-09-10T17:48:16.038638Z  INFO ws_message:game_session{game=ZZ569N player=PlayerId(1)}: server_core::session: action applied game=ZZ569N player=PlayerId(1) action_type="PassPriority" event_count=1
2026-09-10T17:48:16.040448Z  INFO ws_message:game_session{game=ZZ569N player=PlayerId(1)}: phase_server: game submission processed (lock held) game=ZZ569N kind="action" lock_ms=2 ai_actions=0
2026-09-10T17:48:16.245894Z  INFO ws_message:game_session{game=ZZ569N player=PlayerId(0)}: server_core::session: action applied game=ZZ569N player=PlayerId(0) action_type="PassPriority" event_count=3
2026-09-10T17:48:16.248346Z  INFO ws_message:game_session{game=ZZ569N player=PlayerId(0)}: phase_server: game submission processed (lock held) game=ZZ569N kind="action" lock_ms=6 ai_actions=0
