game YTBMSW; P0 seat=0 P1 seat=1
P0 keeps opening hand
P1 keeps opening hand
DIAG turn=1 active=1 phase=Untap wf=MulliganDecision P0bf=[] P1bf=[] P0hand=['Swamp', 'Mountain', 'Mountain', 'Swamp', 'Swamp', 'Gixian Infiltrator', 'Swamp'] setup=False blk=False
P1 casts Goblin Bushwhacker
P1 casts Blazing Rootwalla
P0 casts Gixian Infiltrator
P1 casts Clockwork Percussionist
P0 declares no attackers
P0 declares no attackers
P0 declares no attackers
P0 declares no attackers
P0 declares no attackers
P1 casts Goblin Bushwhacker
P0 non-priority decision: OptionalCostChoice acts=[]
P1 declines optional cost (kicker)
P0 declares no attackers
DIAG turn=18 active=0 phase=Draw wf=Priority P0bf=['Forest', 'Forest', 'Forest', 'Swamp', 'Mountain', 'Gixian Infiltrator', 'Mountain', 'Swamp', 'Swamp'] P1bf=['Mountain', 'Mountain', 'Mountain', 'Blazing Rootwalla', 'Mountain', 'Mountain', 'Mountain', 'Goblin Bushwhacker'] P0hand=['Swamp', 'Swamp', 'Gixian Infiltrator', 'Forest', 'Gixian Infiltrator', 'Swamp', 'Swamp'] setup=False blk=False
P0 declares no attackers
P0 declares no attackers
P0 declares no attackers
P0 declares no attackers
P0 declares no attackers
P0 declares no attackers
P1 casts Goblin Bushwhacker
P0 non-priority decision: OptionalCostChoice acts=[]
P1 declines optional cost (kicker)
P0 declares no attackers
P0 declares no attackers
P1 casts Blazing Rootwalla
DIAG turn=33 active=1 phase=End wf=Priority P0bf=['Swamp', 'Forest', 'Forest', 'Forest', 'Swamp', 'Mountain', 'Gixian Infiltrator', 'Mountain', 'Swamp', 'Mountain', 'Swamp', 'Swamp'] P1bf=['Goblin Bushwhacker', 'Mountain', 'Mountain', 'Mountain', 'Mountain', 'Mountain', 'Mountain', 'Blazing Rootwalla'] P0hand=['Swamp', 'Gixian Infiltrator', 'Gixian Infiltrator', 'Forest', 'Gixian Infiltrator', 'Mountain'] setup=False blk=False
P0 declares no attackers
P0 declares no attackers
P1 casts Clockwork Percussionist
P0 declares no attackers
P0 declares no attackers
P0 declares no attackers
P0 declares no attackers
P0 declares no attackers
P0 declares no attackers
DIAG turn=49 active=1 phase=BeginCombat wf=Priority P0bf=['Swamp', 'Forest', 'Swamp', 'Forest', 'Forest', 'Swamp', 'Mountain', 'Gixian Infiltrator', 'Mountain', 'Mountain', 'Forest', 'Forest'] P1bf=['Goblin Bushwhacker', 'Mountain', 'Mountain', 'Mountain', 'Mountain', 'Mountain', 'Mountain', 'Mountain'] P0hand=['Swamp', 'Gixian Infiltrator', 'Gixian Infiltrator', 'Forest', 'Gixian Infiltrator', 'Forest'] setup=False blk=False
P0 declares no attackers
P0 declares no attackers
P0 declares no attackers
P1 casts Clockwork Percussionist
P0 declares no attackers
P0 declares no attackers
P0 declares no attackers
P1 casts Clockwork Percussionist
P0 declares no attackers
P0 casts Writhing Chrysalis (spawn replenish 0->2)
SETUP COMPLETE: P0 has Infiltrator+Chrysalis+2 spawns; P1 has all three attackers
P0 declares no attackers
DIAG turn=64 active=0 phase=EndCombat wf=Priority P0bf=['Swamp', 'Forest', 'Swamp', 'Swamp', 'Forest', 'Forest', 'Swamp', 'Writhing Chrysalis', 'Forest', 'Mountain', 'Gixian Infiltrator', 'Mountain'] P1bf=['Mountain', 'Goblin Bushwhacker', 'Mountain', 'Mountain', 'Mountain', 'Mountain', 'Mountain', 'Mountain'] P0hand=['Swamp', 'Gixian Infiltrator', 'Gixian Infiltrator', 'Gixian Infiltrator', 'Forest'] setup=True blk=False
P1 attacks with ['Clockwork Percussionist', 'Goblin Bushwhacker', 'Blazing Rootwalla']
DeclareBlockers action shape: {"type": "DeclareBlockers", "data": {"assignments": []}}
blockers: chrys=13 inf=16 spawns=[122, 123] | attackers: rw=76 bw=63 pc=81
P0 declares blockers: Chrysalis->Rootwalla, Infiltrator->Bushwhacker, Spawn(122)->Percussionist
exporting PRE (blockers declared, P0 priority, pre-sac)
combat state: {"attacked_defenders_this_combat": {"1": [0]}, "attackers": [{"attack_target": {"data": 0, "type": "Player"}, "band_id": null, "blocked": true, "defending_player": 0, "object_id": 81}, {"attack_target": {"data": 0, "type": "Player"}, "band_id": null, "blocked": true, "defending_player": 0, "object_id": 63}, {"attack_target": {"data": 0, "type": "Player"}, "band_id": null, "blocked": true, "defending_player": 0, "object_id": 76}], "attacking_incarnations_this_combat": [{"incarnation": 3, "object_id": 63}, {"incarnation": 3, "object_id": 76}, {"incarnation": 3, "object_id": 81}], "blocker_assignments": {"63": [16], "76": [13], "81": [122]}, "blocker_to_attacker": {"122": [81], "13": [76], "16": [63]}, "blockers_declared_by": [0], "creature_attacked_defenders_this_combat": {"63": [0], "76": [0], "81": [0]}, "creature_blocked_attackers_this_combat": [{"attacker": {"incarnation": 3, "object_id": 76}, "blocker": {"incarnation": 3, "object_id": 13}}, {"attacker": {"incarnation": 3, "object_id": 63}, "blocker": {"incarnation": 3, "object_id": 16}}, {"attacker": {"incarnation": 3, "object_id": 81}, "blocker": {"incarnation": 1, "object_id": 122}}], "damage_assignments": {}, "damage_step_ind
block assignments observed: {('Writhing Chrysalis', 'Blazing Rootwalla'), ('Eldrazi Spawn', 'Clockwork Percussionist'), ('Gixian Infiltrator', 'Goblin Bushwhacker')}
Spawn activation offered: {"type": "ActivateAbility", "data": {"source_id": 122, "ability_index": 0}, "_src_oid": "122"}
P0 activates Spawn sac ability (offered channel)
P0 non-priority decision: OrderTriggers acts=[('OrderTriggers', ['order']), ('OrderTriggers', ['order'])]
P0 submits trigger order as advertised
post-activation: spawns_on_bf=1 (was 2) colorless_in_pool=1 (was 0) phase=DeclareBlockers rejections=[]
counters Gixian Infiltrator(16): 0 -> 0
counters Writhing Chrysalis(13): 0 -> 0
counters Gixian Infiltrator(16): 0 -> 0
counters Writhing Chrysalis(13): 0 -> 1
counters Gixian Infiltrator(16): 0 -> 1
counters Writhing Chrysalis(13): 0 -> 1
all assertions resolved; finishing
summary.png rendered
