game 5HG2JQ; seats P0=0 P1=1 P2=2 RUN_ID=20260913-7139
P0 keeps
P1 keeps
P2 keeps
DIAG turn=1 active=0 phase=Untap wf=MulliganDecision pp=0 P0swamps=0 gcast=False entered=False exile=False offered=False samples=0 csub=False pre=False post=False stack=0
[P1] UNEXPECTED PROMPT iid=5HG2JQ.0.3 n=2 texts=['keep', 'mulligan']
[P2] UNEXPECTED PROMPT iid=5HG2JQ.0.4 n=2 texts=['keep', 'mulligan']
[P1] UNEXPECTED PROMPT iid=5HG2JQ.0.48 n=8 texts=['Lightning Bolt', 'Lightning Bolt', 'Lightning Bolt', 'Lightning Bolt']
[P1] UNEXPECTED PROMPT iid=5HG2JQ.0.48 n=8 texts=['Lightning Bolt', 'Lightning Bolt', 'Lightning Bolt', 'Lightning Bolt']
[P1] UNEXPECTED PROMPT iid=5HG2JQ.0.48 n=8 texts=['Lightning Bolt', 'Lightning Bolt', 'Lightning Bolt', 'Lightning Bolt']
[P1] UNEXPECTED PROMPT iid=5HG2JQ.0.48 n=8 texts=['Lightning Bolt', 'Lightning Bolt', 'Lightning Bolt', 'Lightning Bolt']
[P1] auto-answering prompt after 15s stall: Lightning Bolt
[P1] submitting interaction iid=5HG2JQ.0.48 choice=5HG2JQ.0.48.s0 (Lightning Bolt)
[P1] UNEXPECTED PROMPT iid=5HG2JQ.0.114 n=8 texts=['Lightning Bolt', 'Lightning Bolt', 'Lightning Bolt', 'Lightning Bolt']
[P1] UNEXPECTED PROMPT iid=5HG2JQ.0.114 n=8 texts=['Lightning Bolt', 'Lightning Bolt', 'Lightning Bolt', 'Lightning Bolt']
[P1] UNEXPECTED PROMPT iid=5HG2JQ.0.114 n=8 texts=['Lightning Bolt', 'Lightning Bolt', 'Lightning Bolt', 'Lightning Bolt']
[P1] UNEXPECTED PROMPT iid=5HG2JQ.0.114 n=8 texts=['Lightning Bolt', 'Lightning Bolt', 'Lightning Bolt', 'Lightning Bolt']
[P1] auto-answering prompt after 15s stall: Lightning Bolt
[P1] submitting interaction iid=5HG2JQ.0.114 choice=5HG2JQ.0.114.s0 (Lightning Bolt)
[P1] UNEXPECTED PROMPT iid=5HG2JQ.0.180 n=8 texts=['Lightning Bolt', 'Lightning Bolt', 'Lightning Bolt', 'Lightning Bolt']
DIAG turn=8 active=1 phase=Cleanup wf=DiscardToHandSize pp=1 P0swamps=3 gcast=False entered=False exile=False offered=False samples=0 csub=False pre=False post=False stack=0
[P1] UNEXPECTED PROMPT iid=5HG2JQ.0.180 n=8 texts=['Lightning Bolt', 'Lightning Bolt', 'Lightning Bolt', 'Lightning Bolt']
[P1] UNEXPECTED PROMPT iid=5HG2JQ.0.180 n=8 texts=['Lightning Bolt', 'Lightning Bolt', 'Lightning Bolt', 'Lightning Bolt']
[P1] UNEXPECTED PROMPT iid=5HG2JQ.0.180 n=8 texts=['Lightning Bolt', 'Lightning Bolt', 'Lightning Bolt', 'Lightning Bolt']
[P1] auto-answering prompt after 15s stall: Lightning Bolt
[P1] submitting interaction iid=5HG2JQ.0.180 choice=5HG2JQ.0.180.s0 (Lightning Bolt)
[P0] casting gonti, lord of luxury via CastSpell (oid 181)
Gonti entered: oid=181 owner=0 controller=0 etb_target_offered=False
[P0] UNEXPECTED PROMPT iid=5HG2JQ.0.214 n=2 texts=['', '']
[P0] GONTI ETB TARGET prompt: waiting_for=TriggerTargetSelection seats=[1, 2]
[P0] submitting interaction iid=5HG2JQ.0.214 choice=5HG2JQ.0.214.t0 ()
[P0] GONTI EXILE-CHOICE prompt: waiting_for=Priority n=1 pick=
[P0] submitting interaction iid=5HG2JQ.0.215 choice=5HG2JQ.0.215.c0 ()
[P0] UNEXPECTED PROMPT iid=5HG2JQ.0.218 n=4 texts=['Lightning Bolt', 'Lightning Bolt', 'Lightning Bolt', 'Lightning Bolt']
[P0] UNEXPECTED PROMPT iid=5HG2JQ.0.218 n=4 texts=['Lightning Bolt', 'Lightning Bolt', 'Lightning Bolt', 'Lightning Bolt']
[P0] UNEXPECTED PROMPT iid=5HG2JQ.0.218 n=4 texts=['Lightning Bolt', 'Lightning Bolt', 'Lightning Bolt', 'Lightning Bolt']
[P0] UNEXPECTED PROMPT iid=5HG2JQ.0.218 n=4 texts=['Lightning Bolt', 'Lightning Bolt', 'Lightning Bolt', 'Lightning Bolt']
[P0] auto-answering prompt after 15s stall: Lightning Bolt
[P0] submitting interaction iid=5HG2JQ.0.218 choice=5HG2JQ.0.218.s0 (Lightning Bolt)
EXILE DONE: oid=82 name=lightning bolt grant_fields={'cast': True, 'permission': True, 'granted': True, 'as_though': True}
exported PRE (Bolt exiled, cast window opens)
[P0] cast-sample turn=10 offered=False untapped_swamps=0 cast_actions=[] vi_opps=1
[P1] UNEXPECTED PROMPT iid=5HG2JQ.0.255 n=8 texts=['Lightning Bolt', 'Lightning Bolt', 'Lightning Bolt', 'Lightning Bolt']
[P1] UNEXPECTED PROMPT iid=5HG2JQ.0.255 n=8 texts=['Lightning Bolt', 'Lightning Bolt', 'Lightning Bolt', 'Lightning Bolt']
[P1] UNEXPECTED PROMPT iid=5HG2JQ.0.255 n=8 texts=['Lightning Bolt', 'Lightning Bolt', 'Lightning Bolt', 'Lightning Bolt']
DIAG turn=11 active=1 phase=Cleanup wf=DiscardToHandSize pp=1 P0swamps=0 gcast=True entered=True exile=True offered=False samples=1 csub=False pre=True post=False stack=0
[P1] UNEXPECTED PROMPT iid=5HG2JQ.0.255 n=8 texts=['Lightning Bolt', 'Lightning Bolt', 'Lightning Bolt', 'Lightning Bolt']
[P1] auto-answering prompt after 15s stall: Lightning Bolt
[P1] submitting interaction iid=5HG2JQ.0.255 choice=5HG2JQ.0.255.s0 (Lightning Bolt)
[P0] cast-sample turn=13 offered=True untapped_swamps=4 cast_actions=['CastSpell'] vi_opps=1
[P0] submitting stolen Bolt cast (oid 82)
[P0] BOLT TARGET prompt: waiting_for=TargetSelection targeting P1
[P0] submitting interaction iid=5HG2JQ.0.285 choice=5HG2JQ.0.285.t1 ()
P0 declares empty combat
[P1] UNEXPECTED PROMPT iid=5HG2JQ.0.327 n=8 texts=['Lightning Bolt', 'Lightning Bolt', 'Lightning Bolt', 'Lightning Bolt']
[P1] UNEXPECTED PROMPT iid=5HG2JQ.0.327 n=8 texts=['Lightning Bolt', 'Lightning Bolt', 'Lightning Bolt', 'Lightning Bolt']
[P1] UNEXPECTED PROMPT iid=5HG2JQ.0.327 n=8 texts=['Lightning Bolt', 'Lightning Bolt', 'Lightning Bolt', 'Lightning Bolt']
[P1] UNEXPECTED PROMPT iid=5HG2JQ.0.327 n=8 texts=['Lightning Bolt', 'Lightning Bolt', 'Lightning Bolt', 'Lightning Bolt']
[P1] auto-answering prompt after 15s stall: Lightning Bolt
[P1] submitting interaction iid=5HG2JQ.0.327 choice=5HG2JQ.0.327.s0 (Lightning Bolt)
P0 declares empty combat
[P1] UNEXPECTED PROMPT iid=5HG2JQ.0.394 n=8 texts=['Lightning Bolt', 'Lightning Bolt', 'Lightning Bolt', 'Lightning Bolt']
[P1] UNEXPECTED PROMPT iid=5HG2JQ.0.394 n=8 texts=['Lightning Bolt', 'Lightning Bolt', 'Lightning Bolt', 'Lightning Bolt']
[P1] UNEXPECTED PROMPT iid=5HG2JQ.0.394 n=8 texts=['Lightning Bolt', 'Lightning Bolt', 'Lightning Bolt', 'Lightning Bolt']
[P1] UNEXPECTED PROMPT iid=5HG2JQ.0.394 n=8 texts=['Lightning Bolt', 'Lightning Bolt', 'Lightning Bolt', 'Lightning Bolt']
[P1] auto-answering prompt after 15s stall: Lightning Bolt
[P1] submitting interaction iid=5HG2JQ.0.394 choice=5HG2JQ.0.394.s0 (Lightning Bolt)
DIAG turn=18 active=2 phase=PostCombatMain wf=Priority pp=2 P0swamps=6 gcast=True entered=True exile=True offered=True samples=2 csub=True pre=True post=False stack=0
P0 declares empty combat
[P1] UNEXPECTED PROMPT iid=5HG2JQ.0.461 n=8 texts=['Lightning Bolt', 'Lightning Bolt', 'Lightning Bolt', 'Lightning Bolt']
[P1] UNEXPECTED PROMPT iid=5HG2JQ.0.461 n=8 texts=['Lightning Bolt', 'Lightning Bolt', 'Lightning Bolt', 'Lightning Bolt']
[P1] UNEXPECTED PROMPT iid=5HG2JQ.0.461 n=8 texts=['Lightning Bolt', 'Lightning Bolt', 'Lightning Bolt', 'Lightning Bolt']
[P1] UNEXPECTED PROMPT iid=5HG2JQ.0.461 n=8 texts=['Lightning Bolt', 'Lightning Bolt', 'Lightning Bolt', 'Lightning Bolt']
[P1] auto-answering prompt after 15s stall: Lightning Bolt
[P1] submitting interaction iid=5HG2JQ.0.461 choice=5HG2JQ.0.461.s0 (Lightning Bolt)
P0 declares empty combat
[P1] UNEXPECTED PROMPT iid=5HG2JQ.0.528 n=8 texts=['Lightning Bolt', 'Lightning Bolt', 'Lightning Bolt', 'Lightning Bolt']
[P1] UNEXPECTED PROMPT iid=5HG2JQ.0.528 n=8 texts=['Lightning Bolt', 'Lightning Bolt', 'Lightning Bolt', 'Lightning Bolt']
[P1] UNEXPECTED PROMPT iid=5HG2JQ.0.528 n=8 texts=['Lightning Bolt', 'Lightning Bolt', 'Lightning Bolt', 'Lightning Bolt']
[P1] UNEXPECTED PROMPT iid=5HG2JQ.0.528 n=8 texts=['Lightning Bolt', 'Lightning Bolt', 'Lightning Bolt', 'Lightning Bolt']
[P1] auto-answering prompt after 15s stall: Lightning Bolt
[P1] submitting interaction iid=5HG2JQ.0.528 choice=5HG2JQ.0.528.s0 (Lightning Bolt)
P0 declares empty combat
DIAG turn=26 active=1 phase=BeginCombat wf=Priority pp=1 P0swamps=9 gcast=True entered=True exile=True offered=True samples=2 csub=True pre=True post=False stack=0
[P1] UNEXPECTED PROMPT iid=5HG2JQ.0.595 n=8 texts=['Lightning Bolt', 'Lightning Bolt', 'Lightning Bolt', 'Lightning Bolt']
[P1] UNEXPECTED PROMPT iid=5HG2JQ.0.595 n=8 texts=['Lightning Bolt', 'Lightning Bolt', 'Lightning Bolt', 'Lightning Bolt']
[P1] UNEXPECTED PROMPT iid=5HG2JQ.0.595 n=8 texts=['Lightning Bolt', 'Lightning Bolt', 'Lightning Bolt', 'Lightning Bolt']
[P1] UNEXPECTED PROMPT iid=5HG2JQ.0.595 n=8 texts=['Lightning Bolt', 'Lightning Bolt', 'Lightning Bolt', 'Lightning Bolt']
[P1] auto-answering prompt after 15s stall: Lightning Bolt
[P1] submitting interaction iid=5HG2JQ.0.595 choice=5HG2JQ.0.595.s0 (Lightning Bolt)
P0 declares empty combat
[P1] UNEXPECTED PROMPT iid=5HG2JQ.0.662 n=8 texts=['Lightning Bolt', 'Lightning Bolt', 'Lightning Bolt', 'Lightning Bolt']
[P1] UNEXPECTED PROMPT iid=5HG2JQ.0.662 n=8 texts=['Lightning Bolt', 'Lightning Bolt', 'Lightning Bolt', 'Lightning Bolt']
[P1] UNEXPECTED PROMPT iid=5HG2JQ.0.662 n=8 texts=['Lightning Bolt', 'Lightning Bolt', 'Lightning Bolt', 'Lightning Bolt']
[P1] UNEXPECTED PROMPT iid=5HG2JQ.0.662 n=8 texts=['Lightning Bolt', 'Lightning Bolt', 'Lightning Bolt', 'Lightning Bolt']
[P1] auto-answering prompt after 15s stall: Lightning Bolt
[P1] submitting interaction iid=5HG2JQ.0.662 choice=5HG2JQ.0.662.s0 (Lightning Bolt)
P0 declares empty combat
[P1] UNEXPECTED PROMPT iid=5HG2JQ.0.729 n=8 texts=['Lightning Bolt', 'Lightning Bolt', 'Lightning Bolt', 'Lightning Bolt']
DIAG turn=32 active=1 phase=Cleanup wf=DiscardToHandSize pp=1 P0swamps=11 gcast=True entered=True exile=True offered=True samples=2 csub=True pre=True post=False stack=0
[P1] UNEXPECTED PROMPT iid=5HG2JQ.0.729 n=8 texts=['Lightning Bolt', 'Lightning Bolt', 'Lightning Bolt', 'Lightning Bolt']
[P1] UNEXPECTED PROMPT iid=5HG2JQ.0.729 n=8 texts=['Lightning Bolt', 'Lightning Bolt', 'Lightning Bolt', 'Lightning Bolt']
[P1] UNEXPECTED PROMPT iid=5HG2JQ.0.729 n=8 texts=['Lightning Bolt', 'Lightning Bolt', 'Lightning Bolt', 'Lightning Bolt']
[P1] auto-answering prompt after 15s stall: Lightning Bolt
[P1] submitting interaction iid=5HG2JQ.0.729 choice=5HG2JQ.0.729.s0 (Lightning Bolt)
P0 declares empty combat
[P1] UNEXPECTED PROMPT iid=5HG2JQ.0.796 n=8 texts=['Lightning Bolt', 'Lightning Bolt', 'Lightning Bolt', 'Lightning Bolt']
[P1] UNEXPECTED PROMPT iid=5HG2JQ.0.796 n=8 texts=['Lightning Bolt', 'Lightning Bolt', 'Lightning Bolt', 'Lightning Bolt']
[P1] UNEXPECTED PROMPT iid=5HG2JQ.0.796 n=8 texts=['Lightning Bolt', 'Lightning Bolt', 'Lightning Bolt', 'Lightning Bolt']
[P1] UNEXPECTED PROMPT iid=5HG2JQ.0.796 n=8 texts=['Lightning Bolt', 'Lightning Bolt', 'Lightning Bolt', 'Lightning Bolt']
[P1] auto-answering prompt after 15s stall: Lightning Bolt
[P1] submitting interaction iid=5HG2JQ.0.796 choice=5HG2JQ.0.796.s0 (Lightning Bolt)
P0 declares empty combat
[P1] UNEXPECTED PROMPT iid=5HG2JQ.0.863 n=8 texts=['Lightning Bolt', 'Lightning Bolt', 'Lightning Bolt', 'Lightning Bolt']
[P1] UNEXPECTED PROMPT iid=5HG2JQ.0.863 n=8 texts=['Lightning Bolt', 'Lightning Bolt', 'Lightning Bolt', 'Lightning Bolt']
DIAG turn=38 active=1 phase=Cleanup wf=DiscardToHandSize pp=1 P0swamps=13 gcast=True entered=True exile=True offered=True samples=2 csub=True pre=True post=False stack=0
[P1] UNEXPECTED PROMPT iid=5HG2JQ.0.863 n=8 texts=['Lightning Bolt', 'Lightning Bolt', 'Lightning Bolt', 'Lightning Bolt']
[P1] UNEXPECTED PROMPT iid=5HG2JQ.0.863 n=8 texts=['Lightning Bolt', 'Lightning Bolt', 'Lightning Bolt', 'Lightning Bolt']
[P1] auto-answering prompt after 15s stall: Lightning Bolt
[P1] submitting interaction iid=5HG2JQ.0.863 choice=5HG2JQ.0.863.s0 (Lightning Bolt)
P0 declares empty combat
[P1] UNEXPECTED PROMPT iid=5HG2JQ.0.930 n=8 texts=['Lightning Bolt', 'Lightning Bolt', 'Lightning Bolt', 'Lightning Bolt']
[P1] UNEXPECTED PROMPT iid=5HG2JQ.0.930 n=8 texts=['Lightning Bolt', 'Lightning Bolt', 'Lightning Bolt', 'Lightning Bolt']
[P1] UNEXPECTED PROMPT iid=5HG2JQ.0.930 n=8 texts=['Lightning Bolt', 'Lightning Bolt', 'Lightning Bolt', 'Lightning Bolt']
[P1] UNEXPECTED PROMPT iid=5HG2JQ.0.930 n=8 texts=['Lightning Bolt', 'Lightning Bolt', 'Lightning Bolt', 'Lightning Bolt']
[P1] auto-answering prompt after 15s stall: Lightning Bolt
[P1] submitting interaction iid=5HG2JQ.0.930 choice=5HG2JQ.0.930.s0 (Lightning Bolt)
P0 declares empty combat
[P1] UNEXPECTED PROMPT iid=5HG2JQ.0.997 n=8 texts=['Lightning Bolt', 'Lightning Bolt', 'Lightning Bolt', 'Lightning Bolt']
[P1] UNEXPECTED PROMPT iid=5HG2JQ.0.997 n=8 texts=['Lightning Bolt', 'Lightning Bolt', 'Lightning Bolt', 'Lightning Bolt']
[P1] UNEXPECTED PROMPT iid=5HG2JQ.0.997 n=8 texts=['Lightning Bolt', 'Lightning Bolt', 'Lightning Bolt', 'Lightning Bolt']
DIAG turn=44 active=1 phase=Cleanup wf=DiscardToHandSize pp=1 P0swamps=15 gcast=True entered=True exile=True offered=True samples=2 csub=True pre=True post=False stack=0
[P1] UNEXPECTED PROMPT iid=5HG2JQ.0.997 n=8 texts=['Lightning Bolt', 'Lightning Bolt', 'Lightning Bolt', 'Lightning Bolt']
[P1] auto-answering prompt after 15s stall: Lightning Bolt
[P1] submitting interaction iid=5HG2JQ.0.997 choice=5HG2JQ.0.997.s0 (Lightning Bolt)
P0 declares empty combat
[P1] UNEXPECTED PROMPT iid=5HG2JQ.0.1064 n=8 texts=['Lightning Bolt', 'Lightning Bolt', 'Lightning Bolt', 'Lightning Bolt']
[P1] UNEXPECTED PROMPT iid=5HG2JQ.0.1064 n=8 texts=['Lightning Bolt', 'Lightning Bolt', 'Lightning Bolt', 'Lightning Bolt']
[P1] UNEXPECTED PROMPT iid=5HG2JQ.0.1064 n=8 texts=['Lightning Bolt', 'Lightning Bolt', 'Lightning Bolt', 'Lightning Bolt']
[P1] UNEXPECTED PROMPT iid=5HG2JQ.0.1064 n=8 texts=['Lightning Bolt', 'Lightning Bolt', 'Lightning Bolt', 'Lightning Bolt']
[P1] auto-answering prompt after 15s stall: Lightning Bolt
[P1] submitting interaction iid=5HG2JQ.0.1064 choice=5HG2JQ.0.1064.s0 (Lightning Bolt)
P0 declares empty combat
[P1] UNEXPECTED PROMPT iid=5HG2JQ.0.1131 n=8 texts=['Lightning Bolt', 'Lightning Bolt', 'Lightning Bolt', 'Lightning Bolt']
[P1] UNEXPECTED PROMPT iid=5HG2JQ.0.1131 n=8 texts=['Lightning Bolt', 'Lightning Bolt', 'Lightning Bolt', 'Lightning Bolt']
[P1] UNEXPECTED PROMPT iid=5HG2JQ.0.1131 n=8 texts=['Lightning Bolt', 'Lightning Bolt', 'Lightning Bolt', 'Lightning Bolt']
DIAG turn=50 active=1 phase=Cleanup wf=DiscardToHandSize pp=1 P0swamps=17 gcast=True entered=True exile=True offered=True samples=2 csub=True pre=True post=False stack=0
[P1] UNEXPECTED PROMPT iid=5HG2JQ.0.1131 n=8 texts=['Lightning Bolt', 'Lightning Bolt', 'Lightning Bolt', 'Lightning Bolt']
[P1] auto-answering prompt after 15s stall: Lightning Bolt
[P1] submitting interaction iid=5HG2JQ.0.1131 choice=5HG2JQ.0.1131.s0 (Lightning Bolt)
P0 declares empty combat
[P1] UNEXPECTED PROMPT iid=5HG2JQ.0.1198 n=8 texts=['Lightning Bolt', 'Lightning Bolt', 'Lightning Bolt', 'Lightning Bolt']
[P1] UNEXPECTED PROMPT iid=5HG2JQ.0.1198 n=8 texts=['Lightning Bolt', 'Lightning Bolt', 'Lightning Bolt', 'Lightning Bolt']
[P1] UNEXPECTED PROMPT iid=5HG2JQ.0.1198 n=8 texts=['Lightning Bolt', 'Lightning Bolt', 'Lightning Bolt', 'Lightning Bolt']
[P1] UNEXPECTED PROMPT iid=5HG2JQ.0.1198 n=8 texts=['Lightning Bolt', 'Lightning Bolt', 'Lightning Bolt', 'Lightning Bolt']
[P1] auto-answering prompt after 15s stall: Lightning Bolt
[P1] submitting interaction iid=5HG2JQ.0.1198 choice=5HG2JQ.0.1198.s0 (Lightning Bolt)
P0 declares empty combat
[P1] UNEXPECTED PROMPT iid=5HG2JQ.0.1265 n=8 texts=['Lightning Bolt', 'Lightning Bolt', 'Lightning Bolt', 'Lightning Bolt']
[P1] UNEXPECTED PROMPT iid=5HG2JQ.0.1265 n=8 texts=['Lightning Bolt', 'Lightning Bolt', 'Lightning Bolt', 'Lightning Bolt']
[P1] UNEXPECTED PROMPT iid=5HG2JQ.0.1265 n=8 texts=['Lightning Bolt', 'Lightning Bolt', 'Lightning Bolt', 'Lightning Bolt']
DIAG turn=56 active=1 phase=Cleanup wf=DiscardToHandSize pp=1 P0swamps=19 gcast=True entered=True exile=True offered=True samples=2 csub=True pre=True post=False stack=0
[P1] UNEXPECTED PROMPT iid=5HG2JQ.0.1265 n=8 texts=['Lightning Bolt', 'Lightning Bolt', 'Lightning Bolt', 'Lightning Bolt']
[P1] auto-answering prompt after 15s stall: Lightning Bolt
[P1] submitting interaction iid=5HG2JQ.0.1265 choice=5HG2JQ.0.1265.s0 (Lightning Bolt)
P0 declares empty combat
[P1] UNEXPECTED PROMPT iid=5HG2JQ.0.1332 n=8 texts=['Lightning Bolt', 'Lightning Bolt', 'Lightning Bolt', 'Lightning Bolt']
[P1] UNEXPECTED PROMPT iid=5HG2JQ.0.1332 n=8 texts=['Lightning Bolt', 'Lightning Bolt', 'Lightning Bolt', 'Lightning Bolt']
[P1] UNEXPECTED PROMPT iid=5HG2JQ.0.1332 n=8 texts=['Lightning Bolt', 'Lightning Bolt', 'Lightning Bolt', 'Lightning Bolt']
[P1] UNEXPECTED PROMPT iid=5HG2JQ.0.1332 n=8 texts=['Lightning Bolt', 'Lightning Bolt', 'Lightning Bolt', 'Lightning Bolt']
[P1] auto-answering prompt after 15s stall: Lightning Bolt
[P1] submitting interaction iid=5HG2JQ.0.1332 choice=5HG2JQ.0.1332.s0 (Lightning Bolt)
P0 declares empty combat
[P1] UNEXPECTED PROMPT iid=5HG2JQ.0.1399 n=8 texts=['Lightning Bolt', 'Lightning Bolt', 'Lightning Bolt', 'Lightning Bolt']
DIAG turn=62 active=1 phase=Cleanup wf=DiscardToHandSize pp=1 P0swamps=21 gcast=True entered=True exile=True offered=True samples=2 csub=True pre=True post=False stack=0
[P1] UNEXPECTED PROMPT iid=5HG2JQ.0.1399 n=8 texts=['Lightning Bolt', 'Lightning Bolt', 'Lightning Bolt', 'Lightning Bolt']
[P1] UNEXPECTED PROMPT iid=5HG2JQ.0.1399 n=8 texts=['Lightning Bolt', 'Lightning Bolt', 'Lightning Bolt', 'Lightning Bolt']
[P1] UNEXPECTED PROMPT iid=5HG2JQ.0.1399 n=8 texts=['Lightning Bolt', 'Lightning Bolt', 'Lightning Bolt', 'Lightning Bolt']
[P1] auto-answering prompt after 15s stall: Lightning Bolt
[P1] submitting interaction iid=5HG2JQ.0.1399 choice=5HG2JQ.0.1399.s0 (Lightning Bolt)
P0 declares empty combat
[P1] UNEXPECTED PROMPT iid=5HG2JQ.0.1466 n=8 texts=['Lightning Bolt', 'Lightning Bolt', 'Lightning Bolt', 'Lightning Bolt']
[P1] UNEXPECTED PROMPT iid=5HG2JQ.0.1466 n=8 texts=['Lightning Bolt', 'Lightning Bolt', 'Lightning Bolt', 'Lightning Bolt']
[P1] UNEXPECTED PROMPT iid=5HG2JQ.0.1466 n=8 texts=['Lightning Bolt', 'Lightning Bolt', 'Lightning Bolt', 'Lightning Bolt']
[P1] UNEXPECTED PROMPT iid=5HG2JQ.0.1466 n=8 texts=['Lightning Bolt', 'Lightning Bolt', 'Lightning Bolt', 'Lightning Bolt']
[P1] auto-answering prompt after 15s stall: Lightning Bolt
[P1] submitting interaction iid=5HG2JQ.0.1466 choice=5HG2JQ.0.1466.s0 (Lightning Bolt)
P0 declares empty combat
[P1] UNEXPECTED PROMPT iid=5HG2JQ.0.1533 n=8 texts=['Lightning Bolt', 'Lightning Bolt', 'Lightning Bolt', 'Lightning Bolt']
DIAG turn=68 active=1 phase=Cleanup wf=DiscardToHandSize pp=1 P0swamps=23 gcast=True entered=True exile=True offered=True samples=2 csub=True pre=True post=False stack=0
[P1] UNEXPECTED PROMPT iid=5HG2JQ.0.1533 n=8 texts=['Lightning Bolt', 'Lightning Bolt', 'Lightning Bolt', 'Lightning Bolt']
[P1] UNEXPECTED PROMPT iid=5HG2JQ.0.1533 n=8 texts=['Lightning Bolt', 'Lightning Bolt', 'Lightning Bolt', 'Lightning Bolt']
[P1] UNEXPECTED PROMPT iid=5HG2JQ.0.1533 n=8 texts=['Lightning Bolt', 'Lightning Bolt', 'Lightning Bolt', 'Lightning Bolt']
[P1] auto-answering prompt after 15s stall: Lightning Bolt
[P1] submitting interaction iid=5HG2JQ.0.1533 choice=5HG2JQ.0.1533.s0 (Lightning Bolt)
P0 declares empty combat
[P1] UNEXPECTED PROMPT iid=5HG2JQ.0.1600 n=8 texts=['Lightning Bolt', 'Lightning Bolt', 'Lightning Bolt', 'Lightning Bolt']
[P1] UNEXPECTED PROMPT iid=5HG2JQ.0.1600 n=8 texts=['Lightning Bolt', 'Lightning Bolt', 'Lightning Bolt', 'Lightning Bolt']
[P1] UNEXPECTED PROMPT iid=5HG2JQ.0.1600 n=8 texts=['Lightning Bolt', 'Lightning Bolt', 'Lightning Bolt', 'Lightning Bolt']
[P1] UNEXPECTED PROMPT iid=5HG2JQ.0.1600 n=8 texts=['Lightning Bolt', 'Lightning Bolt', 'Lightning Bolt', 'Lightning Bolt']
[P1] auto-answering prompt after 15s stall: Lightning Bolt
[P1] submitting interaction iid=5HG2JQ.0.1600 choice=5HG2JQ.0.1600.s0 (Lightning Bolt)
P0 declares empty combat
DIAG turn=73 active=0 phase=PostCombatMain wf=Priority pp=1 P0swamps=25 gcast=True entered=True exile=True offered=True samples=2 csub=True pre=True post=False stack=0
[P1] UNEXPECTED PROMPT iid=5HG2JQ.0.1667 n=8 texts=['Lightning Bolt', 'Lightning Bolt', 'Lightning Bolt', 'Lightning Bolt']
[P1] UNEXPECTED PROMPT iid=5HG2JQ.0.1667 n=8 texts=['Lightning Bolt', 'Lightning Bolt', 'Lightning Bolt', 'Lightning Bolt']
[P1] UNEXPECTED PROMPT iid=5HG2JQ.0.1667 n=8 texts=['Lightning Bolt', 'Lightning Bolt', 'Lightning Bolt', 'Lightning Bolt']
[P1] UNEXPECTED PROMPT iid=5HG2JQ.0.1667 n=8 texts=['Lightning Bolt', 'Lightning Bolt', 'Lightning Bolt', 'Lightning Bolt']
[P1] auto-answering prompt after 15s stall: Lightning Bolt
[P1] submitting interaction iid=5HG2JQ.0.1667 choice=5HG2JQ.0.1667.s0 (Lightning Bolt)
P0 declares empty combat
[P1] UNEXPECTED PROMPT iid=5HG2JQ.0.1734 n=8 texts=['Lightning Bolt', 'Lightning Bolt', 'Lightning Bolt', 'Lightning Bolt']
[P1] UNEXPECTED PROMPT iid=5HG2JQ.0.1734 n=8 texts=['Lightning Bolt', 'Lightning Bolt', 'Lightning Bolt', 'Lightning Bolt']
[P1] UNEXPECTED PROMPT iid=5HG2JQ.0.1734 n=8 texts=['Lightning Bolt', 'Lightning Bolt', 'Lightning Bolt', 'Lightning Bolt']
[P1] UNEXPECTED PROMPT iid=5HG2JQ.0.1734 n=8 texts=['Lightning Bolt', 'Lightning Bolt', 'Lightning Bolt', 'Lightning Bolt']
[P1] auto-answering prompt after 15s stall: Lightning Bolt
[P1] submitting interaction iid=5HG2JQ.0.1734 choice=5HG2JQ.0.1734.s0 (Lightning Bolt)
DIAG turn=79 active=0 phase=Draw wf=Priority pp=2 P0swamps=26 gcast=True entered=True exile=True offered=True samples=2 csub=True pre=True post=False stack=0
P0 declares empty combat
[P1] UNEXPECTED PROMPT iid=5HG2JQ.0.1801 n=8 texts=['Lightning Bolt', 'Lightning Bolt', 'Lightning Bolt', 'Lightning Bolt']
[P1] UNEXPECTED PROMPT iid=5HG2JQ.0.1801 n=8 texts=['Lightning Bolt', 'Lightning Bolt', 'Lightning Bolt', 'Lightning Bolt']
[P1] UNEXPECTED PROMPT iid=5HG2JQ.0.1801 n=8 texts=['Lightning Bolt', 'Lightning Bolt', 'Lightning Bolt', 'Lightning Bolt']
[P1] UNEXPECTED PROMPT iid=5HG2JQ.0.1801 n=8 texts=['Lightning Bolt', 'Lightning Bolt', 'Lightning Bolt', 'Lightning Bolt']
[P1] auto-answering prompt after 15s stall: Lightning Bolt
[P1] submitting interaction iid=5HG2JQ.0.1801 choice=5HG2JQ.0.1801.s0 (Lightning Bolt)
P0 declares empty combat
DIAG turn=83 active=1 phase=End wf=Priority pp=0 P0swamps=28 gcast=True entered=True exile=True offered=True samples=2 csub=True pre=True post=False stack=0
tick error P0: sent 1011 (internal error) keepalive ping timeout; no close frame received
tick error P0: sent 1011 (internal error) keepalive ping timeout; no close frame received
tick error P0: sent 1011 (internal error) keepalive ping timeout; no close frame received
tick error P0: sent 1011 (internal error) keepalive ping timeout; no close frame received
tick error P0: sent 1011 (internal error) keepalive ping timeout; no close frame received
tick error P0: sent 1011 (internal error) keepalive ping timeout; no close frame received
tick error P0: sent 1011 (internal error) keepalive ping timeout; no close frame received
DIAG turn=83 active=1 phase=End wf=Priority pp=0 P0swamps=28 gcast=True entered=True exile=True offered=True samples=2 csub=True pre=True post=False stack=0
tick error P0: sent 1011 (internal error) keepalive ping timeout; no close frame received
tick error P0: sent 1011 (internal error) keepalive ping timeout; no close frame received
tick error P0: sent 1011 (internal error) keepalive ping timeout; no close frame received
tick error P0: sent 1011 (internal error) keepalive ping timeout; no close frame received
tick error P0: sent 1011 (internal error) keepalive ping timeout; no close frame received
tick error P0: sent 1011 (internal error) keepalive ping timeout; no close frame received
tick error P0: sent 1011 (internal error) keepalive ping timeout; no close frame received
tick error P0: sent 1011 (internal error) keepalive ping timeout; no close frame received
tick error P0: sent 1011 (internal error) keepalive ping timeout; no close frame received
tick error P0: sent 1011 (internal error) keepalive ping timeout; no close frame received
tick error P0: sent 1011 (internal error) keepalive ping timeout; no close frame received
tick error P0: sent 1011 (internal error) keepalive ping timeout; no close frame received
DIAG turn=83 active=1 phase=End wf=Priority pp=0 P0swamps=28 gcast=True entered=True exile=True offered=True samples=2 csub=True pre=True post=False stack=0
tick error P0: sent 1011 (internal error) keepalive ping timeout; no close frame received
tick error P0: sent 1011 (internal error) keepalive ping timeout; no close frame received
tick error P0: sent 1011 (internal error) keepalive ping timeout; no close frame received
tick error P0: sent 1011 (internal error) keepalive ping timeout; no close frame received
tick error P0: sent 1011 (internal error) keepalive ping timeout; no close frame received
tick error P0: sent 1011 (internal error) keepalive ping timeout; no close frame received
tick error P0: sent 1011 (internal error) keepalive ping timeout; no close frame received
tick error P0: sent 1011 (internal error) keepalive ping timeout; no close frame received
tick error P0: sent 1011 (internal error) keepalive ping timeout; no close frame received
tick error P0: sent 1011 (internal error) keepalive ping timeout; no close frame received
tick error P0: sent 1011 (internal error) keepalive ping timeout; no close frame received
tick error P0: sent 1011 (internal error) keepalive ping timeout; no close frame received
DIAG turn=83 active=1 phase=End wf=Priority pp=0 P0swamps=28 gcast=True entered=True exile=True offered=True samples=2 csub=True pre=True post=False stack=0
tick error P0: sent 1011 (internal error) keepalive ping timeout; no close frame received
tick error P0: sent 1011 (internal error) keepalive ping timeout; no close frame received
tick error P0: sent 1011 (internal error) keepalive ping timeout; no close frame received
tick error P0: sent 1011 (internal error) keepalive ping timeout; no close frame received
tick error P0: sent 1011 (internal error) keepalive ping timeout; no close frame received
tick error P0: sent 1011 (internal error) keepalive ping timeout; no close frame received
tick error P0: sent 1011 (internal error) keepalive ping timeout; no close frame received
tick error P0: sent 1011 (internal error) keepalive ping timeout; no close frame received
tick error P0: sent 1011 (internal error) keepalive ping timeout; no close frame received
tick error P0: sent 1011 (internal error) keepalive ping timeout; no close frame received
tick error P0: sent 1011 (internal error) keepalive ping timeout; no close frame received
DIAG turn=83 active=1 phase=End wf=Priority pp=0 P0swamps=28 gcast=True entered=True exile=True offered=True samples=2 csub=True pre=True post=False stack=0
tick error P0: sent 1011 (internal error) keepalive ping timeout; no close frame received
tick error P0: sent 1011 (internal error) keepalive ping timeout; no close frame received
tick error P0: sent 1011 (internal error) keepalive ping timeout; no close frame received
tick error P0: sent 1011 (internal error) keepalive ping timeout; no close frame received
tick error P0: sent 1011 (internal error) keepalive ping timeout; no close frame received
tick error P0: sent 1011 (internal error) keepalive ping timeout; no close frame received
tick error P0: sent 1011 (internal error) keepalive ping timeout; no close frame received
tick error P0: sent 1011 (internal error) keepalive ping timeout; no close frame received
tick error P0: sent 1011 (internal error) keepalive ping timeout; no close frame received
tick error P0: sent 1011 (internal error) keepalive ping timeout; no close frame received
tick error P0: sent 1011 (internal error) keepalive ping timeout; no close frame received
tick error P0: sent 1011 (internal error) keepalive ping timeout; no close frame received
DIAG turn=83 active=1 phase=End wf=Priority pp=0 P0swamps=28 gcast=True entered=True exile=True offered=True samples=2 csub=True pre=True post=False stack=0
tick error P0: sent 1011 (internal error) keepalive ping timeout; no close frame received
tick error P0: sent 1011 (internal error) keepalive ping timeout; no close frame received
tick error P0: sent 1011 (internal error) keepalive ping timeout; no close frame received
tick error P0: sent 1011 (internal error) keepalive ping timeout; no close frame received
tick error P0: sent 1011 (internal error) keepalive ping timeout; no close frame received
tick error P0: sent 1011 (internal error) keepalive ping timeout; no close frame received
tick error P0: sent 1011 (internal error) keepalive ping timeout; no close frame received
tick error P0: sent 1011 (internal error) keepalive ping timeout; no close frame received
tick error P0: sent 1011 (internal error) keepalive ping timeout; no close frame received
tick error P0: sent 1011 (internal error) keepalive ping timeout; no close frame received
tick error P0: sent 1011 (internal error) keepalive ping timeout; no close frame received
tick error P0: sent 1011 (internal error) keepalive ping timeout; no close frame received
WATCHDOG: finishing with evidence
loaded pre.json
copied scenario_7139.py and server.log into EVDIR
