[19:45:55] server identity hashes verified against on-disk pinned artifacts
[19:45:59] ServerHello: version=0.103.0 build=ec27a8d protocol=106 mode=Full
[19:45:59] data-level: 2 triggers; wolf-enter execute=GainLife sub_ability=None
[19:46:00] P0 creating game...
[19:46:00] P1 joining...
[19:46:00] game P34OOF; P0 seat=0 P1 seat=1
[19:46:00] [P0] mulligan -> Keep (hand=['tolsimir, friend to wolves', 'plains', 'forest', 'forest', 'forest', 'forest', 'plains'])
[19:46:00] [P1] mulligan -> Keep (hand=['forest', 'forest', 'forest', 'grizzly bears', 'forest', 'grizzly bears', 'forest'])
[19:46:01] [P0] playing land plains
[19:46:05] [P1] playing land forest
[19:46:09] [P0] playing land forest
[19:46:13] [P1] playing land forest
[19:46:14] [P1] casts Grizzly Bears (100)
[19:46:18] [P0] playing land forest
[19:46:22] [P1] playing land forest
[19:46:22] [P1] casts Grizzly Bears (79)
[19:46:24] [P1] declare no attackers
[19:46:27] [P0] playing land forest
[19:46:31] [P1] playing land forest
[19:46:32] [P1] declare no attackers
[19:46:35] [P0] playing land forest
[19:46:36] exported pre.json
[19:46:36] [P0] casts Tolsimir, Friend to Wolves (37)
[19:46:37] wolf trigger ON STACK id=121
[19:46:38] exported mid_trigger.json
[19:46:38] Voja token on P0 battlefield at turn 9 PreCombatMain
[19:46:39] [P0] TRIGGER-stage prompt kind=choose rtype=exactChoices spec= nrefs=0
[19:46:39] wolf trigger RESOLVED; P0 life now 23
[19:46:39] exported post.json
[19:46:39] post.json exported; stopping
[19:46:39] loop ended: stage=DONE elapsed=40s
[19:46:39] A1_setup_ok: passed
[19:46:39] A2_wolf_trigger: passed
[19:46:39] A3_life_gain: passed
[19:46:39] A4_fight_prompted: failed
[19:46:39] A5_fight_resolved: not-run
[19:46:39] A6_cleanup: passed
[19:46:39] verdict=reproduced
[19:46:39] DONE verdict=reproduced assertions={"A1_setup_ok": "passed", "A2_wolf_trigger": "passed", "A3_life_gain": "passed", "A4_fight_prompted": "failed", "A5_fight_resolved": "not-run", "A6_cleanup": "passed"}
[19:46:40] rendered /home/hatch/workspace/dev/phase-backfill/evidence/6889/20261007-6889/summary.png
[19:46:40] copied driver into evidence dir
[19:46:40] manifest written (12 files)
