both clients connected
game created: FSUFIG
P1 joined
[P0] mulligan: keep 7
[P1] mulligan: keep 7
[diag] t=1s turn=1 active=0 phase=PreCombatMain wf=Priority P0bears=0 P1bears=0 life=20/20 attacked=False p1empty=False declares=0
[P0] casting Grizzly Bears
[P1] casting Grizzly Bears
[P0] casting Grizzly Bears
[P0] DeclareAttackers wait: action not yet advertised (tick; turn 5)
exported pre.json (turn=5)
[P0] attacking P1 with bears [12] (turn 5)
[P1] declares no blockers
[P1] declaring NO attackers (turn 6)
exported post.json (turn=6)
exported POST
loaded pre.json
loaded post.json
server run dir: runs/20260915-3233b
wrote server.log excerpts (218 lines)
wrote summary.png
