2026-09-16T02:54:20.060183Z  INFO ws_message: server_core::session: game session created game=FSUFIG player_count=2
2026-09-16T02:54:20.077668Z  INFO ws_message: phase_server: game created via lobby game=FSUFIG host=P0-declare players=2
2026-09-16T02:54:20.136159Z  INFO ws_message: phase_server: JoinGameWithPassword game=FSUFIG joiner=P1-empty
2026-09-16T02:54:20.136327Z  INFO ws_message: server_core::session: player joined session game=FSUFIG player=PlayerId(1) seat=1
2026-09-16T02:54:20.157445Z  INFO ws_message: phase_server: player joined via lobby game=FSUFIG player=PlayerId(1)
2026-09-16T02:54:20.325700Z  WARN phase_server: Full snapshot was no longer current game=FSUFIG disposition=SupersededOrRetired
2026-09-16T02:54:20.596425Z  INFO ws_message:game_session{game=FSUFIG player=PlayerId(0)}: server_core::session: action applied game=FSUFIG player=PlayerId(0) action_type="MulliganDecision" event_count=0
2026-09-16T02:54:20.607274Z  INFO ws_message:game_session{game=FSUFIG player=PlayerId(0)}: phase_server: game submission processed (lock held) game=FSUFIG kind="action" lock_ms=11 ai_actions=0
2026-09-16T02:54:20.678718Z  INFO ws_message:game_session{game=FSUFIG player=PlayerId(1)}: server_core::session: action applied game=FSUFIG player=PlayerId(1) action_type="MulliganDecision" event_count=1
2026-09-16T02:54:20.680755Z  INFO ws_message:game_session{game=FSUFIG player=PlayerId(1)}: phase_server: game submission processed (lock held) game=FSUFIG kind="action" lock_ms=5 ai_actions=0
2026-09-16T02:54:20.847965Z  INFO ws_message:game_session{game=FSUFIG player=PlayerId(0)}: server_core::session: action applied game=FSUFIG player=PlayerId(0) action_type="PassPriority" event_count=1
2026-09-16T02:54:20.850039Z  INFO ws_message:game_session{game=FSUFIG player=PlayerId(0)}: phase_server: game submission processed (lock held) game=FSUFIG kind="action" lock_ms=2 ai_actions=0
2026-09-16T02:54:21.100419Z  INFO ws_message:game_session{game=FSUFIG player=PlayerId(1)}: server_core::session: action applied game=FSUFIG player=PlayerId(1) action_type="PassPriority" event_count=2
2026-09-16T02:54:21.125492Z  INFO ws_message:game_session{game=FSUFIG player=PlayerId(1)}: phase_server: game submission processed (lock held) game=FSUFIG kind="action" lock_ms=25 ai_actions=0
2026-09-16T02:54:21.356365Z  INFO ws_message:game_session{game=FSUFIG player=PlayerId(0)}: server_core::session: action applied game=FSUFIG player=PlayerId(0) action_type="PlayLand" event_count=2
2026-09-16T02:54:21.370728Z  INFO ws_message:game_session{game=FSUFIG player=PlayerId(0)}: phase_server: game submission processed (lock held) game=FSUFIG kind="action" lock_ms=19 ai_actions=0
2026-09-16T02:54:21.603250Z  INFO ws_message:game_session{game=FSUFIG player=PlayerId(0)}: server_core::session: action applied game=FSUFIG player=PlayerId(0) action_type="PassPriority" event_count=1
2026-09-16T02:54:21.606352Z  INFO ws_message:game_session{game=FSUFIG player=PlayerId(0)}: phase_server: game submission processed (lock held) game=FSUFIG kind="action" lock_ms=4 ai_actions=0
2026-09-16T02:54:21.854955Z  INFO ws_message:game_session{game=FSUFIG player=PlayerId(1)}: server_core::session: action applied game=FSUFIG player=PlayerId(1) action_type="PassPriority" event_count=1
2026-09-16T02:54:21.857867Z  INFO ws_message:game_session{game=FSUFIG player=PlayerId(1)}: phase_server: game submission processed (lock held) game=FSUFIG kind="action" lock_ms=3 ai_actions=0
2026-09-16T02:54:22.108620Z  INFO ws_message:game_session{game=FSUFIG player=PlayerId(0)}: server_core::session: action applied game=FSUFIG player=PlayerId(0) action_type="PassPriority" event_count=1
2026-09-16T02:54:22.110719Z  INFO ws_message:game_session{game=FSUFIG player=PlayerId(0)}: phase_server: game submission processed (lock held) game=FSUFIG kind="action" lock_ms=3 ai_actions=0
2026-09-16T02:54:22.364362Z  INFO ws_message:game_session{game=FSUFIG player=PlayerId(1)}: server_core::session: action applied game=FSUFIG player=PlayerId(1) action_type="PassPriority" event_count=3
2026-09-16T02:54:22.367352Z  INFO ws_message:game_session{game=FSUFIG player=PlayerId(1)}: phase_server: game submission processed (lock held) game=FSUFIG kind="action" lock_ms=7 ai_actions=0
2026-09-16T02:54:22.610992Z  INFO ws_message:game_session{game=FSUFIG player=PlayerId(0)}: server_core::session: action applied game=FSUFIG player=PlayerId(0) action_type="PassPriority" event_count=1
2026-09-16T02:54:22.613810Z  INFO ws_message:game_session{game=FSUFIG player=PlayerId(0)}: phase_server: game submission processed (lock held) game=FSUFIG kind="action" lock_ms=3 ai_actions=0
2026-09-16T02:54:22.867710Z  INFO ws_message:game_session{game=FSUFIG player=PlayerId(1)}: server_core::session: action applied game=FSUFIG player=PlayerId(1) action_type="PassPriority" event_count=1
2026-09-16T02:54:22.875439Z  INFO ws_message:game_session{game=FSUFIG player=PlayerId(1)}: phase_server: game submission processed (lock held) game=FSUFIG kind="action" lock_ms=12 ai_actions=0
2026-09-16T02:54:23.114233Z  INFO ws_message:game_session{game=FSUFIG player=PlayerId(0)}: server_core::session: action applied game=FSUFIG player=PlayerId(0) action_type="PassPriority" event_count=1
2026-09-16T02:54:23.116498Z  INFO ws_message:game_session{game=FSUFIG player=PlayerId(0)}: phase_server: game submission processed (lock held) game=FSUFIG kind="action" lock_ms=3 ai_actions=0
2026-09-16T02:54:23.369127Z  INFO ws_message:game_session{game=FSUFIG player=PlayerId(1)}: server_core::session: action applied game=FSUFIG player=PlayerId(1) action_type="PassPriority" event_count=1
2026-09-16T02:54:23.371909Z  INFO ws_message:game_session{game=FSUFIG player=PlayerId(1)}: phase_server: game submission processed (lock held) game=FSUFIG kind="action" lock_ms=7 ai_actions=0
2026-09-16T02:54:23.616976Z  INFO ws_message:game_session{game=FSUFIG player=PlayerId(0)}: server_core::session: action applied game=FSUFIG player=PlayerId(0) action_type="PassPriority" event_count=1
2026-09-16T02:54:23.619116Z  INFO ws_message:game_session{game=FSUFIG player=PlayerId(0)}: phase_server: game submission processed (lock held) game=FSUFIG kind="action" lock_ms=4 ai_actions=0
2026-09-16T02:54:23.871940Z  INFO ws_message:game_session{game=FSUFIG player=PlayerId(1)}: server_core::session: action applied game=FSUFIG player=PlayerId(1) action_type="PassPriority" event_count=4
2026-09-16T02:54:23.873244Z  INFO ws_message:game_session{game=FSUFIG player=PlayerId(1)}: phase_server: game submission processed (lock held) game=FSUFIG kind="action" lock_ms=6 ai_actions=0
2026-09-16T02:54:24.120108Z  INFO ws_message:game_session{game=FSUFIG player=PlayerId(1)}: server_core::session: action applied game=FSUFIG player=PlayerId(1) action_type="PassPriority" event_count=1
2026-09-16T02:54:24.122839Z  INFO ws_message:game_session{game=FSUFIG player=PlayerId(1)}: phase_server: game submission processed (lock held) game=FSUFIG kind="action" lock_ms=3 ai_actions=0
2026-09-16T02:54:24.377281Z  INFO ws_message:game_session{game=FSUFIG player=PlayerId(0)}: server_core::session: action applied game=FSUFIG player=PlayerId(0) action_type="PassPriority" event_count=4
2026-09-16T02:54:24.379337Z  INFO ws_message:game_session{game=FSUFIG player=PlayerId(0)}: phase_server: game submission processed (lock held) game=FSUFIG kind="action" lock_ms=8 ai_actions=0
2026-09-16T02:54:24.623606Z  INFO ws_message:game_session{game=FSUFIG player=PlayerId(1)}: server_core::session: action applied game=FSUFIG player=PlayerId(1) action_type="PassPriority" event_count=1
2026-09-16T02:54:24.626367Z  INFO ws_message:game_session{game=FSUFIG player=PlayerId(1)}: phase_server: game submission processed (lock held) game=FSUFIG kind="action" lock_ms=3 ai_actions=0
2026-09-16T02:54:24.875805Z  INFO ws_message:game_session{game=FSUFIG player=PlayerId(0)}: server_core::session: action applied game=FSUFIG player=PlayerId(0) action_type="PassPriority" event_count=1
2026-09-16T02:54:24.910338Z  INFO ws_message:game_session{game=FSUFIG player=PlayerId(0)}: phase_server: game submission processed (lock held) game=FSUFIG kind="action" lock_ms=36 ai_actions=0
2026-09-16T02:54:25.130403Z  INFO ws_message:game_session{game=FSUFIG player=PlayerId(1)}: server_core::session: action applied game=FSUFIG player=PlayerId(1) action_type="PlayLand" event_count=2
2026-09-16T02:54:25.135435Z  INFO ws_message:game_session{game=FSUFIG player=PlayerId(1)}: phase_server: game submission processed (lock held) game=FSUFIG kind="action" lock_ms=9 ai_actions=0
2026-09-16T02:54:25.378946Z  INFO ws_message:game_session{game=FSUFIG player=PlayerId(1)}: server_core::session: action applied game=FSUFIG player=PlayerId(1) action_type="PassPriority" event_count=1
2026-09-16T02:54:25.381518Z  INFO ws_message:game_session{game=FSUFIG player=PlayerId(1)}: phase_server: game submission processed (lock held) game=FSUFIG kind="action" lock_ms=4 ai_actions=0
2026-09-16T02:54:25.628545Z  INFO ws_message:game_session{game=FSUFIG player=PlayerId(0)}: server_core::session: action applied game=FSUFIG player=PlayerId(0) action_type="PassPriority" event_count=1
2026-09-16T02:54:25.631802Z  INFO ws_message:game_session{game=FSUFIG player=PlayerId(0)}: phase_server: game submission processed (lock held) game=FSUFIG kind="action" lock_ms=4 ai_actions=0
2026-09-16T02:54:25.881708Z  INFO ws_message:game_session{game=FSUFIG player=PlayerId(1)}: server_core::session: action applied game=FSUFIG player=PlayerId(1) action_type="PassPriority" event_count=1
2026-09-16T02:54:25.884817Z  INFO ws_message:game_session{game=FSUFIG player=PlayerId(1)}: phase_server: game submission processed (lock held) game=FSUFIG kind="action" lock_ms=5 ai_actions=0
2026-09-16T02:54:26.134514Z  INFO ws_message:game_session{game=FSUFIG player=PlayerId(0)}: server_core::session: action applied game=FSUFIG player=PlayerId(0) action_type="PassPriority" event_count=3
2026-09-16T02:54:26.139670Z  INFO ws_message:game_session{game=FSUFIG player=PlayerId(0)}: phase_server: game submission processed (lock held) game=FSUFIG kind="action" lock_ms=9 ai_actions=0
2026-09-16T02:54:26.384796Z  INFO ws_message:game_session{game=FSUFIG player=PlayerId(1)}: server_core::session: action applied game=FSUFIG player=PlayerId(1) action_type="PassPriority" event_count=1
2026-09-16T02:54:26.388502Z  INFO ws_message:game_session{game=FSUFIG player=PlayerId(1)}: phase_server: game submission processed (lock held) game=FSUFIG kind="action" lock_ms=5 ai_actions=0
2026-09-16T02:54:26.638131Z  INFO ws_message:game_session{game=FSUFIG player=PlayerId(0)}: server_core::session: action applied game=FSUFIG player=PlayerId(0) action_type="PassPriority" event_count=1
2026-09-16T02:54:26.646418Z  INFO ws_message:game_session{game=FSUFIG player=PlayerId(0)}: phase_server: game submission processed (lock held) game=FSUFIG kind="action" lock_ms=12 ai_actions=0
2026-09-16T02:54:26.889703Z  INFO ws_message:game_session{game=FSUFIG player=PlayerId(1)}: server_core::session: action applied game=FSUFIG player=PlayerId(1) action_type="PassPriority" event_count=1
2026-09-16T02:54:26.893562Z  INFO ws_message:game_session{game=FSUFIG player=PlayerId(1)}: phase_server: game submission processed (lock held) game=FSUFIG kind="action" lock_ms=6 ai_actions=0
2026-09-16T02:54:27.142228Z  INFO ws_message:game_session{game=FSUFIG player=PlayerId(0)}: server_core::session: action applied game=FSUFIG player=PlayerId(0) action_type="PassPriority" event_count=1
2026-09-16T02:54:27.145524Z  INFO ws_message:game_session{game=FSUFIG player=PlayerId(0)}: phase_server: game submission processed (lock held) game=FSUFIG kind="action" lock_ms=7 ai_actions=0
2026-09-16T02:54:27.392978Z  INFO ws_message:game_session{game=FSUFIG player=PlayerId(1)}: server_core::session: action applied game=FSUFIG player=PlayerId(1) action_type="PassPriority" event_count=1
2026-09-16T02:54:27.397162Z  INFO ws_message:game_session{game=FSUFIG player=PlayerId(1)}: phase_server: game submission processed (lock held) game=FSUFIG kind="action" lock_ms=5 ai_actions=0
2026-09-16T02:54:27.647470Z  INFO ws_message:game_session{game=FSUFIG player=PlayerId(0)}: server_core::session: action applied game=FSUFIG player=PlayerId(0) action_type="PassPriority" event_count=4
2026-09-16T02:54:27.649243Z  INFO ws_message:game_session{game=FSUFIG player=PlayerId(0)}: phase_server: game submission processed (lock held) game=FSUFIG kind="action" lock_ms=7 ai_actions=0
2026-09-16T02:54:27.895921Z  INFO ws_message:game_session{game=FSUFIG player=PlayerId(0)}: server_core::session: action applied game=FSUFIG player=PlayerId(0) action_type="PassPriority" event_count=1
2026-09-16T02:54:27.898502Z  INFO ws_message:game_session{game=FSUFIG player=PlayerId(0)}: phase_server: game submission processed (lock held) game=FSUFIG kind="action" lock_ms=3 ai_actions=0
2026-09-16T02:54:28.153453Z  INFO ws_message:game_session{game=FSUFIG player=PlayerId(1)}: server_core::session: action applied game=FSUFIG player=PlayerId(1) action_type="PassPriority" event_count=4
2026-09-16T02:54:28.155123Z  INFO ws_message:game_session{game=FSUFIG player=PlayerId(1)}: phase_server: game submission processed (lock held) game=FSUFIG kind="action" lock_ms=7 ai_actions=0
2026-09-16T02:54:28.399792Z  INFO ws_message:game_session{game=FSUFIG player=PlayerId(0)}: server_core::session: action applied game=FSUFIG player=PlayerId(0) action_type="PassPriority" event_count=1
2026-09-16T02:54:28.402851Z  INFO ws_message:game_session{game=FSUFIG player=PlayerId(0)}: phase_server: game submission processed (lock held) game=FSUFIG kind="action" lock_ms=4 ai_actions=0
2026-09-16T02:54:28.651300Z  INFO ws_message:game_session{game=FSUFIG player=PlayerId(1)}: server_core::session: action applied game=FSUFIG player=PlayerId(1) action_type="PassPriority" event_count=1
2026-09-16T02:54:28.679807Z  INFO ws_message:game_session{game=FSUFIG player=PlayerId(1)}: phase_server: game submission processed (lock held) game=FSUFIG kind="action" lock_ms=29 ai_actions=0
2026-09-16T02:54:28.907223Z  INFO ws_message:game_session{game=FSUFIG player=PlayerId(0)}: server_core::session: action applied game=FSUFIG player=PlayerId(0) action_type="PlayLand" event_count=2
2026-09-16T02:54:28.913088Z  INFO ws_message:game_session{game=FSUFIG player=PlayerId(0)}: phase_server: game submission processed (lock held) game=FSUFIG kind="action" lock_ms=10 ai_actions=0
2026-09-16T02:54:29.161050Z  INFO ws_message:game_session{game=FSUFIG player=PlayerId(0)}: server_core::session: action applied game=FSUFIG player=PlayerId(0) action_type="CastSpell" event_count=12
2026-09-16T02:54:29.162163Z  INFO ws_message:game_session{game=FSUFIG player=PlayerId(0)}: phase_server: game submission processed (lock held) game=FSUFIG kind="action" lock_ms=8 ai_actions=0
2026-09-16T02:54:29.407001Z  INFO ws_message:game_session{game=FSUFIG player=PlayerId(0)}: server_core::session: action applied game=FSUFIG player=PlayerId(0) action_type="PassPriority" event_count=1
2026-09-16T02:54:29.410413Z  INFO ws_message:game_session{game=FSUFIG player=PlayerId(0)}: phase_server: game submission processed (lock held) game=FSUFIG kind="action" lock_ms=4 ai_actions=0
2026-09-16T02:54:29.660462Z  INFO ws_message:game_session{game=FSUFIG player=PlayerId(1)}: server_core::session: action applied game=FSUFIG player=PlayerId(1) action_type="PassPriority" event_count=2
2026-09-16T02:54:29.663258Z  INFO ws_message:game_session{game=FSUFIG player=PlayerId(1)}: phase_server: game submission processed (lock held) game=FSUFIG kind="action" lock_ms=5 ai_actions=0
2026-09-16T02:54:29.910760Z  INFO ws_message:game_session{game=FSUFIG player=PlayerId(0)}: server_core::session: action applied game=FSUFIG player=PlayerId(0) action_type="PassPriority" event_count=1
2026-09-16T02:54:29.916676Z  INFO ws_message:game_session{game=FSUFIG player=PlayerId(0)}: phase_server: game submission processed (lock held) game=FSUFIG kind="action" lock_ms=7 ai_actions=0
2026-09-16T02:54:30.163973Z  INFO ws_message:game_session{game=FSUFIG player=PlayerId(1)}: server_core::session: action applied game=FSUFIG player=PlayerId(1) action_type="PassPriority" event_count=1
2026-09-16T02:54:30.167234Z  INFO ws_message:game_session{game=FSUFIG player=PlayerId(1)}: phase_server: game submission processed (lock held) game=FSUFIG kind="action" lock_ms=5 ai_actions=0
2026-09-16T02:54:30.413812Z  INFO ws_message:game_session{game=FSUFIG player=PlayerId(0)}: server_core::session: action applied game=FSUFIG player=PlayerId(0) action_type="PassPriority" event_count=1
2026-09-16T02:54:30.416586Z  INFO ws_message:game_session{game=FSUFIG player=PlayerId(0)}: phase_server: game submission processed (lock held) game=FSUFIG kind="action" lock_ms=4 ai_actions=0
2026-09-16T02:54:30.669339Z  INFO ws_message:game_session{game=FSUFIG player=PlayerId(1)}: server_core::session: action applied game=FSUFIG player=PlayerId(1) action_type="PassPriority" event_count=3
2026-09-16T02:54:30.671588Z  INFO ws_message:game_session{game=FSUFIG player=PlayerId(1)}: phase_server: game submission processed (lock held) game=FSUFIG kind="action" lock_ms=7 ai_actions=0
2026-09-16T02:54:30.915891Z  INFO ws_message:game_session{game=FSUFIG player=PlayerId(0)}: server_core::session: action applied game=FSUFIG player=PlayerId(0) action_type="PassPriority" event_count=1
2026-09-16T02:54:30.918803Z  INFO ws_message:game_session{game=FSUFIG player=PlayerId(0)}: phase_server: game submission processed (lock held) game=FSUFIG kind="action" lock_ms=4 ai_actions=0
2026-09-16T02:54:31.171258Z  INFO ws_message:game_session{game=FSUFIG player=PlayerId(1)}: server_core::session: action applied game=FSUFIG player=PlayerId(1) action_type="PassPriority" event_count=1
2026-09-16T02:54:31.173610Z  INFO ws_message:game_session{game=FSUFIG player=PlayerId(1)}: phase_server: game submission processed (lock held) game=FSUFIG kind="action" lock_ms=6 ai_actions=0
2026-09-16T02:54:31.418814Z  INFO ws_message:game_session{game=FSUFIG player=PlayerId(0)}: server_core::session: action applied game=FSUFIG player=PlayerId(0) action_type="PassPriority" event_count=1
2026-09-16T02:54:31.421821Z  INFO ws_message:game_session{game=FSUFIG player=PlayerId(0)}: phase_server: game submission processed (lock held) game=FSUFIG kind="action" lock_ms=4 ai_actions=0
2026-09-16T02:54:31.673456Z  INFO ws_message:game_session{game=FSUFIG player=PlayerId(1)}: server_core::session: action applied game=FSUFIG player=PlayerId(1) action_type="PassPriority" event_count=1
2026-09-16T02:54:31.676017Z  INFO ws_message:game_session{game=FSUFIG player=PlayerId(1)}: phase_server: game submission processed (lock held) game=FSUFIG kind="action" lock_ms=7 ai_actions=0
2026-09-16T02:54:31.923682Z  INFO ws_message:game_session{game=FSUFIG player=PlayerId(0)}: server_core::session: action applied game=FSUFIG player=PlayerId(0) action_type="PassPriority" event_count=1
2026-09-16T02:54:31.926773Z  INFO ws_message:game_session{game=FSUFIG player=PlayerId(0)}: phase_server: game submission processed (lock held) game=FSUFIG kind="action" lock_ms=6 ai_actions=0
2026-09-16T02:54:32.179040Z  INFO ws_message:game_session{game=FSUFIG player=PlayerId(1)}: server_core::session: action applied game=FSUFIG player=PlayerId(1) action_type="PassPriority" event_count=4
2026-09-16T02:54:32.182208Z  INFO ws_message:game_session{game=FSUFIG player=PlayerId(1)}: phase_server: game submission processed (lock held) game=FSUFIG kind="action" lock_ms=9 ai_actions=0
2026-09-16T02:54:32.425158Z  INFO ws_message:game_session{game=FSUFIG player=PlayerId(1)}: server_core::session: action applied game=FSUFIG player=PlayerId(1) action_type="PassPriority" event_count=1
2026-09-16T02:54:32.427177Z  INFO ws_message:game_session{game=FSUFIG player=PlayerId(1)}: phase_server: game submission processed (lock held) game=FSUFIG kind="action" lock_ms=3 ai_actions=0
2026-09-16T02:54:32.679027Z  INFO ws_message:game_session{game=FSUFIG player=PlayerId(0)}: server_core::session: action applied game=FSUFIG player=PlayerId(0) action_type="PassPriority" event_count=4
2026-09-16T02:54:32.681099Z  INFO ws_message:game_session{game=FSUFIG player=PlayerId(0)}: phase_server: game submission processed (lock held) game=FSUFIG kind="action" lock_ms=7 ai_actions=0
2026-09-16T02:54:32.927395Z  INFO ws_message:game_session{game=FSUFIG player=PlayerId(1)}: server_core::session: action applied game=FSUFIG player=PlayerId(1) action_type="PassPriority" event_count=1
2026-09-16T02:54:32.931982Z  INFO ws_message:game_session{game=FSUFIG player=PlayerId(1)}: phase_server: game submission processed (lock held) game=FSUFIG kind="action" lock_ms=6 ai_actions=0
2026-09-16T02:54:33.178283Z  INFO ws_message:game_session{game=FSUFIG player=PlayerId(0)}: server_core::session: action applied game=FSUFIG player=PlayerId(0) action_type="PassPriority" event_count=1
2026-09-16T02:54:33.212316Z  INFO ws_message:game_session{game=FSUFIG player=PlayerId(0)}: phase_server: game submission processed (lock held) game=FSUFIG kind="action" lock_ms=35 ai_actions=0
2026-09-16T02:54:33.433956Z  INFO ws_message:game_session{game=FSUFIG player=PlayerId(1)}: server_core::session: action applied game=FSUFIG player=PlayerId(1) action_type="PlayLand" event_count=2
2026-09-16T02:54:33.438929Z  INFO ws_message:game_session{game=FSUFIG player=PlayerId(1)}: phase_server: game submission processed (lock held) game=FSUFIG kind="action" lock_ms=10 ai_actions=0
2026-09-16T02:54:33.689524Z  INFO ws_message:game_session{game=FSUFIG player=PlayerId(1)}: server_core::session: action applied game=FSUFIG player=PlayerId(1) action_type="CastSpell" event_count=12
2026-09-16T02:54:33.691221Z  INFO ws_message:game_session{game=FSUFIG player=PlayerId(1)}: phase_server: game submission processed (lock held) game=FSUFIG kind="action" lock_ms=11 ai_actions=0
2026-09-16T02:54:33.933001Z  INFO ws_message:game_session{game=FSUFIG player=PlayerId(1)}: server_core::session: action applied game=FSUFIG player=PlayerId(1) action_type="PassPriority" event_count=1
2026-09-16T02:54:33.934816Z  INFO ws_message:game_session{game=FSUFIG player=PlayerId(1)}: phase_server: game submission processed (lock held) game=FSUFIG kind="action" lock_ms=3 ai_actions=0
2026-09-16T02:54:34.185278Z  INFO ws_message:game_session{game=FSUFIG player=PlayerId(0)}: server_core::session: action applied game=FSUFIG player=PlayerId(0) action_type="PassPriority" event_count=2
2026-09-16T02:54:34.187161Z  INFO ws_message:game_session{game=FSUFIG player=PlayerId(0)}: phase_server: game submission processed (lock held) game=FSUFIG kind="action" lock_ms=5 ai_actions=0
2026-09-16T02:54:34.435189Z  INFO ws_message:game_session{game=FSUFIG player=PlayerId(1)}: server_core::session: action applied game=FSUFIG player=PlayerId(1) action_type="PassPriority" event_count=1
2026-09-16T02:54:34.436996Z  INFO ws_message:game_session{game=FSUFIG player=PlayerId(1)}: phase_server: game submission processed (lock held) game=FSUFIG kind="action" lock_ms=3 ai_actions=0
2026-09-16T02:54:34.686078Z  INFO ws_message:game_session{game=FSUFIG player=PlayerId(0)}: server_core::session: action applied game=FSUFIG player=PlayerId(0) action_type="PassPriority" event_count=1
2026-09-16T02:54:34.688576Z  INFO ws_message:game_session{game=FSUFIG player=PlayerId(0)}: phase_server: game submission processed (lock held) game=FSUFIG kind="action" lock_ms=5 ai_actions=0
2026-09-16T02:54:34.938159Z  INFO ws_message:game_session{game=FSUFIG player=PlayerId(1)}: server_core::session: action applied game=FSUFIG player=PlayerId(1) action_type="PassPriority" event_count=1
2026-09-16T02:54:34.942664Z  INFO ws_message:game_session{game=FSUFIG player=PlayerId(1)}: phase_server: game submission processed (lock held) game=FSUFIG kind="action" lock_ms=6 ai_actions=0
2026-09-16T02:54:35.193027Z  INFO ws_message:game_session{game=FSUFIG player=PlayerId(0)}: server_core::session: action applied game=FSUFIG player=PlayerId(0) action_type="PassPriority" event_count=3
2026-09-16T02:54:35.195998Z  INFO ws_message:game_session{game=FSUFIG player=PlayerId(0)}: phase_server: game submission processed (lock held) game=FSUFIG kind="action" lock_ms=8 ai_actions=0
2026-09-16T02:54:35.440911Z  INFO ws_message:game_session{game=FSUFIG player=PlayerId(1)}: server_core::session: action applied game=FSUFIG player=PlayerId(1) action_type="PassPriority" event_count=1
2026-09-16T02:54:35.442991Z  INFO ws_message:game_session{game=FSUFIG player=PlayerId(1)}: phase_server: game submission processed (lock held) game=FSUFIG kind="action" lock_ms=3 ai_actions=0
2026-09-16T02:54:35.694070Z  INFO ws_message:game_session{game=FSUFIG player=PlayerId(0)}: server_core::session: action applied game=FSUFIG player=PlayerId(0) action_type="PassPriority" event_count=1
2026-09-16T02:54:35.695754Z  INFO ws_message:game_session{game=FSUFIG player=PlayerId(0)}: phase_server: game submission processed (lock held) game=FSUFIG kind="action" lock_ms=6 ai_actions=0
2026-09-16T02:54:35.943208Z  INFO ws_message:game_session{game=FSUFIG player=PlayerId(1)}: server_core::session: action applied game=FSUFIG player=PlayerId(1) action_type="PassPriority" event_count=1
2026-09-16T02:54:35.945039Z  INFO ws_message:game_session{game=FSUFIG player=PlayerId(1)}: phase_server: game submission processed (lock held) game=FSUFIG kind="action" lock_ms=3 ai_actions=0
2026-09-16T02:54:36.197594Z  INFO ws_message:game_session{game=FSUFIG player=PlayerId(0)}: server_core::session: action applied game=FSUFIG player=PlayerId(0) action_type="PassPriority" event_count=1
2026-09-16T02:54:36.199506Z  INFO ws_message:game_session{game=FSUFIG player=PlayerId(0)}: phase_server: game submission processed (lock held) game=FSUFIG kind="action" lock_ms=6 ai_actions=0
2026-09-16T02:54:36.450038Z  INFO ws_message:game_session{game=FSUFIG player=PlayerId(1)}: server_core::session: action applied game=FSUFIG player=PlayerId(1) action_type="PassPriority" event_count=1
2026-09-16T02:54:36.452107Z  INFO ws_message:game_session{game=FSUFIG player=PlayerId(1)}: phase_server: game submission processed (lock held) game=FSUFIG kind="action" lock_ms=5 ai_actions=0
2026-09-16T02:54:36.703149Z  INFO ws_message:game_session{game=FSUFIG player=PlayerId(0)}: server_core::session: action applied game=FSUFIG player=PlayerId(0) action_type="PassPriority" event_count=6
2026-09-16T02:54:36.706671Z  INFO ws_message:game_session{game=FSUFIG player=PlayerId(0)}: phase_server: game submission processed (lock held) game=FSUFIG kind="action" lock_ms=9 ai_actions=0
2026-09-16T02:54:36.950360Z  INFO ws_message:game_session{game=FSUFIG player=PlayerId(0)}: server_core::session: action applied game=FSUFIG player=PlayerId(0) action_type="PassPriority" event_count=1
2026-09-16T02:54:36.952431Z  INFO ws_message:game_session{game=FSUFIG player=PlayerId(0)}: phase_server: game submission processed (lock held) game=FSUFIG kind="action" lock_ms=3 ai_actions=0
2026-09-16T02:54:37.205572Z  INFO ws_message:game_session{game=FSUFIG player=PlayerId(1)}: server_core::session: action applied game=FSUFIG player=PlayerId(1) action_type="PassPriority" event_count=4
2026-09-16T02:54:37.207364Z  INFO ws_message:game_session{game=FSUFIG player=PlayerId(1)}: phase_server: game submission processed (lock held) game=FSUFIG kind="action" lock_ms=6 ai_actions=0
2026-09-16T02:54:37.452935Z  INFO ws_message:game_session{game=FSUFIG player=PlayerId(0)}: server_core::session: action applied game=FSUFIG player=PlayerId(0) action_type="PassPriority" event_count=1
2026-09-16T02:54:37.454854Z  INFO ws_message:game_session{game=FSUFIG player=PlayerId(0)}: phase_server: game submission processed (lock held) game=FSUFIG kind="action" lock_ms=3 ai_actions=0
2026-09-16T02:54:37.704012Z  INFO ws_message:game_session{game=FSUFIG player=PlayerId(1)}: server_core::session: action applied game=FSUFIG player=PlayerId(1) action_type="PassPriority" event_count=1
2026-09-16T02:54:37.729160Z  INFO ws_message:game_session{game=FSUFIG player=PlayerId(1)}: phase_server: game submission processed (lock held) game=FSUFIG kind="action" lock_ms=26 ai_actions=0
2026-09-16T02:54:37.959585Z  INFO ws_message:game_session{game=FSUFIG player=PlayerId(0)}: server_core::session: action applied game=FSUFIG player=PlayerId(0) action_type="PlayLand" event_count=2
2026-09-16T02:54:37.963361Z  INFO ws_message:game_session{game=FSUFIG player=PlayerId(0)}: phase_server: game submission processed (lock held) game=FSUFIG kind="action" lock_ms=8 ai_actions=0
2026-09-16T02:54:38.213854Z  INFO ws_message:game_session{game=FSUFIG player=PlayerId(0)}: server_core::session: action applied game=FSUFIG player=PlayerId(0) action_type="CastSpell" event_count=12
2026-09-16T02:54:38.214785Z  INFO ws_message:game_session{game=FSUFIG player=PlayerId(0)}: phase_server: game submission processed (lock held) game=FSUFIG kind="action" lock_ms=8 ai_actions=0
2026-09-16T02:54:38.459509Z  INFO ws_message:game_session{game=FSUFIG player=PlayerId(0)}: server_core::session: action applied game=FSUFIG player=PlayerId(0) action_type="PassPriority" event_count=1
2026-09-16T02:54:38.461245Z  INFO ws_message:game_session{game=FSUFIG player=PlayerId(0)}: phase_server: game submission processed (lock held) game=FSUFIG kind="action" lock_ms=3 ai_actions=0
2026-09-16T02:54:38.712478Z  INFO ws_message:game_session{game=FSUFIG player=PlayerId(1)}: server_core::session: action applied game=FSUFIG player=PlayerId(1) action_type="PassPriority" event_count=2
2026-09-16T02:54:38.714766Z  INFO ws_message:game_session{game=FSUFIG player=PlayerId(1)}: phase_server: game submission processed (lock held) game=FSUFIG kind="action" lock_ms=5 ai_actions=0
2026-09-16T02:54:38.962170Z  INFO ws_message:game_session{game=FSUFIG player=PlayerId(0)}: server_core::session: action applied game=FSUFIG player=PlayerId(0) action_type="PassPriority" event_count=1
2026-09-16T02:54:38.963922Z  INFO ws_message:game_session{game=FSUFIG player=PlayerId(0)}: phase_server: game submission processed (lock held) game=FSUFIG kind="action" lock_ms=3 ai_actions=0
2026-09-16T02:54:39.215088Z  INFO ws_message:game_session{game=FSUFIG player=PlayerId(1)}: server_core::session: action applied game=FSUFIG player=PlayerId(1) action_type="PassPriority" event_count=1
2026-09-16T02:54:39.217438Z  INFO ws_message:game_session{game=FSUFIG player=PlayerId(1)}: phase_server: game submission processed (lock held) game=FSUFIG kind="action" lock_ms=4 ai_actions=0
2026-09-16T02:54:39.465618Z  INFO ws_message:game_session{game=FSUFIG player=PlayerId(0)}: server_core::session: action applied game=FSUFIG player=PlayerId(0) action_type="PassPriority" event_count=1
2026-09-16T02:54:39.468764Z  INFO ws_message:game_session{game=FSUFIG player=PlayerId(0)}: phase_server: game submission processed (lock held) game=FSUFIG kind="action" lock_ms=5 ai_actions=0
2026-09-16T02:54:39.716767Z  INFO ws_message:game_session{game=FSUFIG player=PlayerId(1)}: server_core::session: action applied game=FSUFIG player=PlayerId(1) action_type="PassPriority" event_count=1
2026-09-16T02:54:39.726353Z  INFO ws_message:game_session{game=FSUFIG player=PlayerId(1)}: phase_server: game submission processed (lock held) game=FSUFIG kind="action" lock_ms=11 ai_actions=0
2026-09-16T02:54:40.033302Z  INFO ws_message:game_session{game=FSUFIG player=PlayerId(0)}: server_core::session: action applied game=FSUFIG player=PlayerId(0) action_type="DeclareAttackers" event_count=2
2026-09-16T02:54:40.035373Z  INFO ws_message:game_session{game=FSUFIG player=PlayerId(0)}: phase_server: game submission processed (lock held) game=FSUFIG kind="action" lock_ms=6 ai_actions=0
2026-09-16T02:54:40.282044Z  INFO ws_message:game_session{game=FSUFIG player=PlayerId(0)}: server_core::session: action applied game=FSUFIG player=PlayerId(0) action_type="PassPriority" event_count=1
2026-09-16T02:54:40.284730Z  INFO ws_message:game_session{game=FSUFIG player=PlayerId(0)}: phase_server: game submission processed (lock held) game=FSUFIG kind="action" lock_ms=4 ai_actions=0
2026-09-16T02:54:40.470414Z  INFO ws_message:game_session{game=FSUFIG player=PlayerId(1)}: server_core::session: action applied game=FSUFIG player=PlayerId(1) action_type="PassPriority" event_count=1
2026-09-16T02:54:40.473970Z  INFO ws_message:game_session{game=FSUFIG player=PlayerId(1)}: phase_server: game submission processed (lock held) game=FSUFIG kind="action" lock_ms=4 ai_actions=0
2026-09-16T02:54:40.722040Z  INFO ws_message:game_session{game=FSUFIG player=PlayerId(1)}: server_core::session: action applied game=FSUFIG player=PlayerId(1) action_type="DeclareBlockers" event_count=1
2026-09-16T02:54:40.724136Z  INFO ws_message:game_session{game=FSUFIG player=PlayerId(1)}: phase_server: game submission processed (lock held) game=FSUFIG kind="action" lock_ms=4 ai_actions=0
2026-09-16T02:54:40.786942Z  INFO ws_message:game_session{game=FSUFIG player=PlayerId(0)}: server_core::session: action applied game=FSUFIG player=PlayerId(0) action_type="PassPriority" event_count=1
2026-09-16T02:54:40.788932Z  INFO ws_message:game_session{game=FSUFIG player=PlayerId(0)}: phase_server: game submission processed (lock held) game=FSUFIG kind="action" lock_ms=4 ai_actions=0
2026-09-16T02:54:40.978071Z  INFO ws_message:game_session{game=FSUFIG player=PlayerId(1)}: server_core::session: action applied game=FSUFIG player=PlayerId(1) action_type="PassPriority" event_count=4
2026-09-16T02:54:40.980117Z  INFO ws_message:game_session{game=FSUFIG player=PlayerId(1)}: phase_server: game submission processed (lock held) game=FSUFIG kind="action" lock_ms=8 ai_actions=0
2026-09-16T02:54:41.037181Z  INFO ws_message:game_session{game=FSUFIG player=PlayerId(0)}: server_core::session: action applied game=FSUFIG player=PlayerId(0) action_type="PassPriority" event_count=1
2026-09-16T02:54:41.039034Z  INFO ws_message:game_session{game=FSUFIG player=PlayerId(0)}: phase_server: game submission processed (lock held) game=FSUFIG kind="action" lock_ms=3 ai_actions=0
2026-09-16T02:54:41.226127Z  INFO ws_message:game_session{game=FSUFIG player=PlayerId(1)}: server_core::session: action applied game=FSUFIG player=PlayerId(1) action_type="PassPriority" event_count=1
2026-09-16T02:54:41.228211Z  INFO ws_message:game_session{game=FSUFIG player=PlayerId(1)}: phase_server: game submission processed (lock held) game=FSUFIG kind="action" lock_ms=4 ai_actions=0
2026-09-16T02:54:41.289343Z  INFO ws_message:game_session{game=FSUFIG player=PlayerId(0)}: server_core::session: action applied game=FSUFIG player=PlayerId(0) action_type="PassPriority" event_count=1
2026-09-16T02:54:41.291117Z  INFO ws_message:game_session{game=FSUFIG player=PlayerId(0)}: phase_server: game submission processed (lock held) game=FSUFIG kind="action" lock_ms=3 ai_actions=0
2026-09-16T02:54:41.480714Z  INFO ws_message:game_session{game=FSUFIG player=PlayerId(1)}: server_core::session: action applied game=FSUFIG player=PlayerId(1) action_type="PassPriority" event_count=1
2026-09-16T02:54:41.482855Z  INFO ws_message:game_session{game=FSUFIG player=PlayerId(1)}: phase_server: game submission processed (lock held) game=FSUFIG kind="action" lock_ms=6 ai_actions=0
2026-09-16T02:54:41.541202Z  INFO ws_message:game_session{game=FSUFIG player=PlayerId(0)}: server_core::session: action applied game=FSUFIG player=PlayerId(0) action_type="PassPriority" event_count=1
2026-09-16T02:54:41.543061Z  INFO ws_message:game_session{game=FSUFIG player=PlayerId(0)}: phase_server: game submission processed (lock held) game=FSUFIG kind="action" lock_ms=3 ai_actions=0
2026-09-16T02:54:41.734598Z  INFO ws_message:game_session{game=FSUFIG player=PlayerId(1)}: server_core::session: action applied game=FSUFIG player=PlayerId(1) action_type="PassPriority" event_count=1
2026-09-16T02:54:41.736749Z  INFO ws_message:game_session{game=FSUFIG player=PlayerId(1)}: phase_server: game submission processed (lock held) game=FSUFIG kind="action" lock_ms=7 ai_actions=0
2026-09-16T02:54:41.794444Z  INFO ws_message:game_session{game=FSUFIG player=PlayerId(0)}: server_core::session: action applied game=FSUFIG player=PlayerId(0) action_type="PassPriority" event_count=1
2026-09-16T02:54:41.807741Z  INFO ws_message:game_session{game=FSUFIG player=PlayerId(0)}: phase_server: game submission processed (lock held) game=FSUFIG kind="action" lock_ms=15 ai_actions=0
2026-09-16T02:54:41.989586Z  INFO ws_message:game_session{game=FSUFIG player=PlayerId(1)}: server_core::session: action applied game=FSUFIG player=PlayerId(1) action_type="PassPriority" event_count=6
2026-09-16T02:54:41.991276Z  INFO ws_message:game_session{game=FSUFIG player=PlayerId(1)}: phase_server: game submission processed (lock held) game=FSUFIG kind="action" lock_ms=7 ai_actions=0
2026-09-16T02:54:42.238999Z  INFO ws_message:game_session{game=FSUFIG player=PlayerId(1)}: server_core::session: action applied game=FSUFIG player=PlayerId(1) action_type="PassPriority" event_count=1
2026-09-16T02:54:42.241040Z  INFO ws_message:game_session{game=FSUFIG player=PlayerId(1)}: phase_server: game submission processed (lock held) game=FSUFIG kind="action" lock_ms=3 ai_actions=0
2026-09-16T02:54:42.299610Z  INFO ws_message:game_session{game=FSUFIG player=PlayerId(0)}: server_core::session: action applied game=FSUFIG player=PlayerId(0) action_type="PassPriority" event_count=4
2026-09-16T02:54:42.301003Z  INFO ws_message:game_session{game=FSUFIG player=PlayerId(0)}: phase_server: game submission processed (lock held) game=FSUFIG kind="action" lock_ms=6 ai_actions=0
2026-09-16T02:54:42.491451Z  INFO ws_message:game_session{game=FSUFIG player=PlayerId(1)}: server_core::session: action applied game=FSUFIG player=PlayerId(1) action_type="PassPriority" event_count=1
2026-09-16T02:54:42.494847Z  INFO ws_message:game_session{game=FSUFIG player=PlayerId(1)}: phase_server: game submission processed (lock held) game=FSUFIG kind="action" lock_ms=5 ai_actions=0
2026-09-16T02:54:42.547990Z  INFO ws_message:game_session{game=FSUFIG player=PlayerId(0)}: server_core::session: action applied game=FSUFIG player=PlayerId(0) action_type="PassPriority" event_count=1
2026-09-16T02:54:42.580664Z  INFO ws_message:game_session{game=FSUFIG player=PlayerId(0)}: phase_server: game submission processed (lock held) game=FSUFIG kind="action" lock_ms=34 ai_actions=0
2026-09-16T02:54:42.747219Z  INFO ws_message:game_session{game=FSUFIG player=PlayerId(1)}: server_core::session: action applied game=FSUFIG player=PlayerId(1) action_type="PlayLand" event_count=2
2026-09-16T02:54:42.750612Z  INFO ws_message:game_session{game=FSUFIG player=PlayerId(1)}: phase_server: game submission processed (lock held) game=FSUFIG kind="action" lock_ms=8 ai_actions=0
2026-09-16T02:54:42.996867Z  INFO ws_message:game_session{game=FSUFIG player=PlayerId(1)}: server_core::session: action applied game=FSUFIG player=PlayerId(1) action_type="PassPriority" event_count=1
2026-09-16T02:54:43.000099Z  INFO ws_message:game_session{game=FSUFIG player=PlayerId(1)}: phase_server: game submission processed (lock held) game=FSUFIG kind="action" lock_ms=5 ai_actions=0
2026-09-16T02:54:43.302287Z  INFO ws_message:game_session{game=FSUFIG player=PlayerId(0)}: server_core::session: action applied game=FSUFIG player=PlayerId(0) action_type="PassPriority" event_count=1
2026-09-16T02:54:43.306126Z  INFO ws_message:game_session{game=FSUFIG player=PlayerId(0)}: phase_server: game submission processed (lock held) game=FSUFIG kind="action" lock_ms=5 ai_actions=0
2026-09-16T02:54:43.499811Z  INFO ws_message:game_session{game=FSUFIG player=PlayerId(1)}: server_core::session: action applied game=FSUFIG player=PlayerId(1) action_type="PassPriority" event_count=1
2026-09-16T02:54:43.501946Z  INFO ws_message:game_session{game=FSUFIG player=PlayerId(1)}: phase_server: game submission processed (lock held) game=FSUFIG kind="action" lock_ms=4 ai_actions=0
2026-09-16T02:54:43.552611Z  INFO ws_message:game_session{game=FSUFIG player=PlayerId(0)}: server_core::session: action applied game=FSUFIG player=PlayerId(0) action_type="PassPriority" event_count=1
2026-09-16T02:54:43.572254Z  INFO ws_message:game_session{game=FSUFIG player=PlayerId(0)}: phase_server: game submission processed (lock held) game=FSUFIG kind="action" lock_ms=20 ai_actions=0
2026-09-16T02:54:43.753829Z  INFO ws_message:game_session{game=FSUFIG player=PlayerId(1)}: server_core::session: action applied game=FSUFIG player=PlayerId(1) action_type="DeclareAttackers" event_count=2
2026-09-16T02:54:43.756941Z  INFO ws_message:game_session{game=FSUFIG player=PlayerId(1)}: phase_server: game submission processed (lock held) game=FSUFIG kind="action" lock_ms=8 ai_actions=0
2026-09-16T02:54:44.001982Z  INFO ws_message:game_session{game=FSUFIG player=PlayerId(1)}: server_core::session: action applied game=FSUFIG player=PlayerId(1) action_type="PassPriority" event_count=1
2026-09-16T02:54:44.004235Z  INFO ws_message:game_session{game=FSUFIG player=PlayerId(1)}: phase_server: game submission processed (lock held) game=FSUFIG kind="action" lock_ms=4 ai_actions=0
2026-09-16T02:54:44.059809Z  INFO ws_message:game_session{game=FSUFIG player=PlayerId(0)}: server_core::session: action applied game=FSUFIG player=PlayerId(0) action_type="PassPriority" event_count=1
2026-09-16T02:54:44.063328Z  INFO ws_message:game_session{game=FSUFIG player=PlayerId(0)}: phase_server: game submission processed (lock held) game=FSUFIG kind="action" lock_ms=8 ai_actions=0
2026-09-16T02:54:44.253831Z  INFO ws_message:game_session{game=FSUFIG player=PlayerId(1)}: server_core::session: action applied game=FSUFIG player=PlayerId(1) action_type="PassPriority" event_count=1
2026-09-16T02:54:44.256884Z  INFO ws_message:game_session{game=FSUFIG player=PlayerId(1)}: phase_server: game submission processed (lock held) game=FSUFIG kind="action" lock_ms=4 ai_actions=0
2026-09-16T02:54:44.310477Z  INFO ws_message:game_session{game=FSUFIG player=PlayerId(0)}: server_core::session: action applied game=FSUFIG player=PlayerId(0) action_type="PassPriority" event_count=1
2026-09-16T02:54:44.313796Z  INFO ws_message:game_session{game=FSUFIG player=PlayerId(0)}: phase_server: game submission processed (lock held) game=FSUFIG kind="action" lock_ms=7 ai_actions=0
