[18:32:46] server identity hashes verified against on-disk pinned artifacts
[18:32:50] ServerHello: version=0.103.0 build=ec27a8d protocol=106 mode=Full
[18:32:50] data-level: grant kind=Activated effect=ControlNextTurn mana_generic=15 exile_filter=GrantingObject restrictions=['AsSorcery']
[18:32:52] P0 creating game...
[18:32:52] P1 joining...
[18:32:53] game L7MB3O; P0 seat=0 P1 seat=1
[18:32:53] [P0] mulligan -> Keep (hand=['swamp', 'swamp', 'swamp', 'yargle, glutton of urborg', 'swamp', 'the dominion bracelet', 'swamp'])
[18:32:53] [P1] mulligan -> Keep (hand=['swamp', 'swamp', 'swamp', 'swamp', 'swamp', 'swamp', 'swamp'])
[18:32:54] [P0] playing land swamp
[18:32:58] [P1] playing land swamp
[18:33:02] [P0] playing land swamp
[18:33:08] [P1] playing land swamp
[18:33:12] [P0] playing land swamp
[18:33:17] [P1] playing land swamp
[18:33:21] [P0] playing land swamp
[18:33:26] [P1] playing land swamp
[18:33:32] [P0] playing land swamp
[18:33:32] P0 casts Yargle, Glutton of Urborg (oid 21)
[18:33:33] Yargle on BF turn 9
[18:33:37] [P1] playing land swamp
[18:33:39] [P0] tap land for mana used_for=B
[18:33:39] [P0] submitting interaction iid=L7MB3O.0.155 choice=L7MB3O.0.155.c1 (Swamp)
[18:33:40] [P0] tap land for mana used_for=B
[18:33:40] [P0] submitting interaction iid=L7MB3O.0.156 choice=L7MB3O.0.156.c1 (Swamp)
[18:33:40] [P0] tap land for mana used_for=B
[18:33:40] [P0] submitting interaction iid=L7MB3O.0.157 choice=L7MB3O.0.157.c1 (Swamp)
[18:33:40] [P0] tap land for mana used_for=B
[18:33:40] [P0] submitting interaction iid=L7MB3O.0.158 choice=L7MB3O.0.158.c1 (Swamp)
[18:33:40] [P0] tap land for mana used_for=B
[18:33:40] [P0] submitting interaction iid=L7MB3O.0.159 choice=L7MB3O.0.159.c1 (Swamp)
[18:33:42] [P0] playing land swamp
[18:33:43] [P0] declare no attackers
[18:33:46] [P1] playing land swamp
[18:33:50] [P0] playing land swamp
[18:33:50] P0 casts The Dominion Bracelet (oid 9)
[18:33:50] [P0] tap land for mana used_for=B
[18:33:50] [P0] submitting interaction iid=L7MB3O.0.197 choice=L7MB3O.0.197.c1 (Swamp)
[18:33:50] [P0] tap land for mana used_for=B
[18:33:50] [P0] submitting interaction iid=L7MB3O.0.198 choice=L7MB3O.0.198.c1 (Swamp)
[18:33:51] [P0] equip options: 2
[18:33:51] P0 activates Equip {1}
[18:33:51] [P0] tap land for mana used_for=B
[18:33:52] [P0] submitting interaction iid=L7MB3O.0.202 choice=L7MB3O.0.202.c1 (Swamp)
[18:33:52] [P0] equip auto-targeted Yargle (no prompt)
[18:33:52] Bracelet attached to Yargle turn 13
[18:33:52] === stage -> PROOF ===
[18:33:53] DIAG P0: rev=207 turn=13 phase=BeginCombat prio=True decision=False stage=PROOF attached=True grant_act=False untapped_swamps=2
[18:33:53] [P0] declare no attackers
[18:33:56] [P1] playing land swamp
[18:34:00] [P0] playing land swamp
[18:34:00] exported pre_grant.json
[18:34:00] [P0] pre_grant exported (turn 15); Yargle oid=21
[18:34:05] [P0] grant probe (turn 15): advertised ActivateAbility on Yargle = 0; object abilities = 1
[18:34:05]     obj ability: {15}, Exile The Dominion Bracelet: You control target opponent during their next turn. This ability 
[18:34:05] [P0] granted ability NOT advertised on equipped Yargle
[18:34:06] [P0] declare no attackers
[18:34:09] [P1] playing land swamp
[18:34:13] [P0] playing land swamp
[18:34:13] [P0] grant probe (turn 17): advertised ActivateAbility on Yargle = 0; object abilities = 1
[18:34:13]     obj ability: {15}, Exile The Dominion Bracelet: You control target opponent during their next turn. This ability 
[18:34:14] [P0] declare no attackers
[18:34:19] [P1] playing land swamp
[18:34:25] [P0] playing land swamp
[18:34:25] [P0] grant probe (turn 19): advertised ActivateAbility on Yargle = 0; object abilities = 1
[18:34:25]     obj ability: {15}, Exile The Dominion Bracelet: You control target opponent during their next turn. This ability 
[18:34:26] [P0] declare no attackers
[18:34:29] [P1] playing land swamp
[18:34:33] [P0] playing land swamp
[18:34:33] [P0] grant probe (turn 21): advertised ActivateAbility on Yargle = 0; object abilities = 1
[18:34:33]     obj ability: {15}, Exile The Dominion Bracelet: You control target opponent during their next turn. This ability 
[18:34:34] [P0] declare no attackers
[18:34:37] [P1] playing land swamp
[18:34:41] [P0] playing land swamp
[18:34:41] [P0] grant probe (turn 23): advertised ActivateAbility on Yargle = 0; object abilities = 1
[18:34:41]     obj ability: {15}, Exile The Dominion Bracelet: You control target opponent during their next turn. This ability 
[18:34:42] [P0] declare no attackers
[18:34:45] [P1] playing land swamp
[18:34:49] [P0] playing land swamp
[18:34:50] [P0] grant probe (turn 25): advertised ActivateAbility on Yargle = 0; object abilities = 1
[18:34:50]     obj ability: {15}, Exile The Dominion Bracelet: You control target opponent during their next turn. This ability 
[18:34:51] [P0] declare no attackers
[18:34:53] DIAG P0: rev=402 turn=26 phase=Upkeep prio=False decision=False stage=PROOF attached=True grant_act=False untapped_swamps=13
[18:34:54] [P1] playing land swamp
[18:34:58] [P0] playing land swamp
[18:34:59] [P0] grant probe (turn 27): advertised ActivateAbility on Yargle = 0; object abilities = 1
[18:34:59]     obj ability: {15}, Exile The Dominion Bracelet: You control target opponent during their next turn. This ability 
[18:35:00] [P0] declare no attackers
[18:35:03] [P1] playing land swamp
[18:35:07] [P0] playing land swamp
[18:35:07] [P0] grant probe (turn 29): advertised ActivateAbility on Yargle = 0; object abilities = 1
[18:35:07]     obj ability: {15}, Exile The Dominion Bracelet: You control target opponent during their next turn. This ability 
[18:35:08] [P0] declare no attackers
[18:35:11] [P1] playing land swamp
[18:35:16] [P0] playing land swamp
[18:35:17] [P0] grant probe (turn 31): advertised ActivateAbility on Yargle = 0; object abilities = 1
[18:35:17]     obj ability: {15}, Exile The Dominion Bracelet: You control target opponent during their next turn. This ability 
[18:35:18] [P0] declare no attackers
[18:35:21] [P1] playing land swamp
[18:35:26] [P0] playing land swamp
[18:35:26] [P0] grant probe (turn 33): advertised ActivateAbility on Yargle = 0; object abilities = 1
[18:35:26]     obj ability: {15}, Exile The Dominion Bracelet: You control target opponent during their next turn. This ability 
[18:35:27] [P0] declare no attackers
[18:35:30] [P1] playing land swamp
[18:35:34] [P0] playing land swamp
[18:35:34] [P0] grant probe (turn 35): advertised ActivateAbility on Yargle = 0; object abilities = 1
[18:35:34]     obj ability: {15}, Exile The Dominion Bracelet: You control target opponent during their next turn. This ability 
[18:35:35] [P0] declare no attackers
[18:35:35] granted ability never offered after 90s; exporting post (captured failure)
[18:35:36] exported post.json
[18:35:36] A1_setup_ok: passed
[18:35:36] A2_granted_exposed: failed
[18:35:36] A3_activation_completes: not-run
[18:35:36] A4_control_recorded: not-run
[18:35:36] A5_cleanup: passed
[18:35:36] verdict: reproduced
[18:35:37] DONE verdict=reproduced assertions={"A1_setup_ok": "passed", "A2_granted_exposed": "failed", "A3_activation_completes": "not-run", "A4_control_recorded": "not-run", "A5_cleanup": "passed"}
[18:35:37] rendered /home/hatch/workspace/dev/phase-backfill/evidence/6872/20261007-6872/summary.png
[18:35:37] copied driver into evidence dir
[18:35:37] manifest written (11 files)
