[13:20:09] ServerHello: version=0.106.0 build=29e0db3 protocol=126 mode=Full
[13:20:09] data-level check: ok=True notes=[]
[13:20:09] ===== GAME A: cabal ritual {1}{B} =====
[13:20:11] [A] game V2YJY4; P0 seat=0 P1 seat=1
[13:20:11] [P0A] keep 7: ['cabal ritual', 'cabal ritual', 'phyrexian altar', 'swamp', 'swamp', 'cabal ritual', 'swamp']
[13:20:11] [P1A] keep 7: ['forest', 'forest', 'forest', 'forest', 'forest', 'forest', 'forest']
[13:20:12] [A] playing land swamp
[13:20:15] [P1A] NOTE: hand=8>7 but vi kind code='choose'; not answering yet
[13:20:16] [P1A] playing land forest
[13:20:16] [P1A] tap land for mana used_for=any
[13:20:16] [P1A] submitting interaction iid=V2YJY4.0.22 choice=V2YJY4.0.22.c1 (Forest)
[13:20:19] [A] playing land swamp
[13:20:19] [A] P0 casts diregraf ghoul (oid 4) needs={'B': 1}
[13:20:19] [A] tap land for mana used_for=B
[13:20:19] [A] submitting interaction iid=V2YJY4.0.39 choice=V2YJY4.0.39.c1 (Swamp)
[13:20:23] [P1A] tap land for mana used_for=any
[13:20:23] [P1A] submitting interaction iid=V2YJY4.0.52 choice=V2YJY4.0.52.c1 (Forest)
[13:20:23] [P1A] playing land forest
[13:20:24] [P1A] tap land for mana used_for=any
[13:20:24] [P1A] submitting interaction iid=V2YJY4.0.58 choice=V2YJY4.0.58.c1 (Forest)
[13:20:26] [A] playing land swamp
[13:20:26] [A] P0 casts phyrexian altar (oid 50) needs={'generic': 3}
[13:20:29] [P1A] tap land for mana used_for=any
[13:20:29] [P1A] submitting interaction iid=V2YJY4.0.88 choice=V2YJY4.0.88.c1 (Forest)
[13:20:29] [P1A] tap land for mana used_for=any
[13:20:29] [P1A] submitting interaction iid=V2YJY4.0.89 choice=V2YJY4.0.89.c1 (Forest)
[13:20:30] [P1A] playing land forest
[13:20:30] [P1A] tap land for mana used_for=any
[13:20:30] [P1A] submitting interaction iid=V2YJY4.0.95 choice=V2YJY4.0.95.c1 (Forest)
[13:20:32] [A] tap land for mana used_for=generic
[13:20:32] [A] submitting interaction iid=V2YJY4.0.106 choice=V2YJY4.0.106.c10 (Swamp)
[13:20:32] [A] tap land for mana used_for=generic
[13:20:32] [A] submitting interaction iid=V2YJY4.0.107 choice=V2YJY4.0.107.c10 (Swamp)
[13:20:32] [A] tap land for mana used_for=generic
[13:20:32] [A] submitting interaction iid=V2YJY4.0.108 choice=V2YJY4.0.108.c10 (Swamp)
[13:20:33] [A] playing land swamp
[13:20:33] [A] setup complete -> assert phase
[13:20:33] [A] exported pre_A.json
[13:20:33] [A] PRE exported; setup ready (turn 7)
[13:20:36] [P1A] tap land for mana used_for=any
[13:20:36] [P1A] submitting interaction iid=V2YJY4.0.125 choice=V2YJY4.0.125.c1 (Forest)
[13:20:36] [P1A] tap land for mana used_for=any
[13:20:36] [P1A] submitting interaction iid=V2YJY4.0.126 choice=V2YJY4.0.126.c1 (Forest)
[13:20:36] [P1A] tap land for mana used_for=any
[13:20:36] [P1A] submitting interaction iid=V2YJY4.0.127 choice=V2YJY4.0.127.c1 (Forest)
[13:20:37] [P1A] playing land forest
[13:20:37] [P1A] tap land for mana used_for=any
[13:20:37] [P1A] submitting interaction iid=V2YJY4.0.133 choice=V2YJY4.0.133.c1 (Forest)
[13:20:39] [A] gate assertion A2a_gate_offers_1B: offered_seen=True want_offered=True -> passed (obs=4)
[13:20:39] [A] -> act phase
[13:20:39] [A] activating phyrexian altar via ActivateAbility legal_action
[13:20:40] [A] submitting interaction iid=V2YJY4.0.149 choice=V2YJY4.0.149.s0 (Diregraf Ghoul)
[13:20:40] [A] sacrificed for phyrexian altar (#1): Diregraf Ghoul
[13:20:41] [A] submitting interaction iid=V2YJY4.0.150 choice=V2YJY4.0.150.m2 ()
[13:20:41] [A] chose mana color: 
[13:20:47] [A] casting cabal ritual
[13:20:48] [A] tap land for mana used_for=B
[13:20:48] [A] submitting interaction iid=V2YJY4.0.152 choice=V2YJY4.0.152.c7 (Swamp)
[13:20:48] [A] tap land for mana used_for=generic
[13:20:48] [A] submitting interaction iid=V2YJY4.0.153 choice=V2YJY4.0.153.c7 (Swamp)
[13:20:48] [A] A2b: ritual resolved; ghoul in gy=True; black pool=5 (want >=3: 1 altar + 1 swamp tap + 3 ritual) -> passed
[13:20:48] [A] exported post_A.json
[13:20:48] [A] POST exported
[13:20:49] ===== GAME B: sign in blood {B}{B} =====
[13:20:49] [B] game OD8GIT; P0 seat=0 P1 seat=1
[13:20:49] [P0B] keep 7: ['memnite', 'forest', 'memnite', 'forest', 'forest', 'forest', 'sign in blood']
[13:20:49] [P1B] keep 7: ['forest', 'forest', 'forest', 'forest', 'forest', 'forest', 'forest']
[13:20:49] [B] playing land forest
[13:20:50] [B] P0 casts memnite (oid 18) needs={'generic': 0}
[13:20:51] [B] P0 casts memnite (oid 40) needs={'generic': 0}
[13:20:53] [P1B] NOTE: hand=8>7 but vi kind code='choose'; not answering yet
[13:20:54] [P1B] playing land forest
[13:20:54] [P1B] tap land for mana used_for=any
[13:20:54] [P1B] submitting interaction iid=OD8GIT.0.28 choice=OD8GIT.0.28.c1 (Forest)
[13:20:57] [B] playing land forest
[13:20:59] [P1B] tap land for mana used_for=any
[13:20:59] [P1B] submitting interaction iid=OD8GIT.0.55 choice=OD8GIT.0.55.c1 (Forest)
[13:21:00] [P1B] playing land forest
[13:21:00] [P1B] tap land for mana used_for=any
[13:21:00] [P1B] submitting interaction iid=OD8GIT.0.61 choice=OD8GIT.0.61.c1 (Forest)
[13:21:03] [B] playing land forest
[13:21:04] [P1B] tap land for mana used_for=any
[13:21:04] [P1B] submitting interaction iid=OD8GIT.0.88 choice=OD8GIT.0.88.c1 (Forest)
[13:21:05] [P1B] tap land for mana used_for=any
[13:21:05] [P1B] submitting interaction iid=OD8GIT.0.89 choice=OD8GIT.0.89.c1 (Forest)
[13:21:05] [P1B] playing land forest
[13:21:06] [P1B] tap land for mana used_for=any
[13:21:06] [P1B] submitting interaction iid=OD8GIT.0.95 choice=OD8GIT.0.95.c1 (Forest)
[13:21:08] [B] playing land forest
[13:21:09] [B] P0 casts phyrexian altar (oid 59) needs={'generic': 3}
[13:21:10] [B] tap land for mana used_for=generic
[13:21:10] [B] submitting interaction iid=OD8GIT.0.112 choice=OD8GIT.0.112.c1 (Forest)
[13:21:10] [B] setup complete -> assert phase
[13:21:10] [B] exported pre_B.json
[13:21:10] [B] PRE exported; setup ready (turn 7)
[13:21:12] [P1B] tap land for mana used_for=any
[13:21:12] [P1B] submitting interaction iid=OD8GIT.0.126 choice=OD8GIT.0.126.c1 (Forest)
[13:21:12] [P1B] tap land for mana used_for=any
[13:21:12] [P1B] submitting interaction iid=OD8GIT.0.127 choice=OD8GIT.0.127.c1 (Forest)
[13:21:12] [P1B] tap land for mana used_for=any
[13:21:12] [P1B] submitting interaction iid=OD8GIT.0.128 choice=OD8GIT.0.128.c1 (Forest)
[13:21:13] [P1B] playing land forest
[13:21:13] [P1B] tap land for mana used_for=any
[13:21:13] [P1B] submitting interaction iid=OD8GIT.0.134 choice=OD8GIT.0.134.c1 (Forest)
[13:21:15] [B] tap land for mana used_for=generic
[13:21:15] [B] submitting interaction iid=OD8GIT.0.145 choice=OD8GIT.0.145.c2 (Forest)
[13:21:15] [B] tap land for mana used_for=generic
[13:21:15] [B] submitting interaction iid=OD8GIT.0.146 choice=OD8GIT.0.146.c2 (Forest)
[13:21:16] [B] gate assertion A3a_gate_offers_BB: offered_seen=False want_offered=True -> failed (obs=4)
[13:21:16] [B] -> act phase
[13:21:16] [B] activating phyrexian altar via ActivateAbility legal_action
[13:21:17] [B] submitting interaction iid=OD8GIT.0.152 choice=OD8GIT.0.152.s0 (Memnite)
[13:21:17] [B] sacrificed for phyrexian altar (#1): Memnite
[13:21:18] [B] submitting interaction iid=OD8GIT.0.153 choice=OD8GIT.0.153.m2 ()
[13:21:18] [B] chose mana color: 
[13:21:24] [B] activating phyrexian altar via ActivateAbility legal_action
[13:21:25] [B] submitting interaction iid=OD8GIT.0.155 choice=OD8GIT.0.155.s0 (Memnite)
[13:21:25] [B] sacrificed for phyrexian altar (#2): Memnite
[13:21:26] [B] submitting interaction iid=OD8GIT.0.156 choice=OD8GIT.0.156.m2 ()
[13:21:26] [B] chose mana color: 
[13:21:26] [B] both activations done; pool={'B': 2}
[13:21:32] [B] exported mid_B.json
[13:21:32] [B] MID exported; pool={'B': 2}
[13:21:32] [B] A3b: with {B}{B} floating, gate now offers sign in blood -> passed (bug confirmed: feasibility analysis, not resources, blocked the offer)
[13:21:32] [B] casting sign in blood
[13:21:33] [B] submitting interaction iid=OD8GIT.0.158 choice=OD8GIT.0.158.t1 ()
[13:21:33] [B] targeted P1 for sign in blood
[13:21:34] [B] Sign in Blood resolved: P1 life=18 (want 18) -> passed
[13:21:34] [B] exported post_B.json
[13:21:34] [B] POST exported
[13:21:34] ===== GAME C: dark ritual {B} =====
[13:21:34] [C] game BB55A6; P0 seat=0 P1 seat=1
[13:21:35] [P0C] mulligan (7 cards, hand=['forest', 'forest', 'forest', 'forest', 'forest', 'forest', 'forest'])
[13:21:35] [P1C] keep 7: ['forest', 'forest', 'forest', 'forest', 'forest', 'forest', 'forest']
[13:21:35] [P0C] keep 7: ['forest', 'forest', 'forest', 'phyrexian altar', 'forest', 'forest', 'dark ritual']
[13:21:35] [P0C] bottoming ['forest'] via vi
[13:21:35] [P1C] playing land forest
[13:21:36] [P1C] tap land for mana used_for=any
[13:21:36] [P1C] submitting interaction iid=BB55A6.0.9 choice=BB55A6.0.9.c1 (Forest)
[13:21:38] [C] playing land forest
[13:21:40] [P1C] tap land for mana used_for=any
[13:21:40] [P1C] submitting interaction iid=BB55A6.0.35 choice=BB55A6.0.35.c1 (Forest)
[13:21:40] [P1C] playing land forest
[13:21:40] [P1C] tap land for mana used_for=any
[13:21:40] [P1C] submitting interaction iid=BB55A6.0.41 choice=BB55A6.0.41.c1 (Forest)
[13:21:44] [C] playing land forest
[13:21:46] [P1C] tap land for mana used_for=any
[13:21:46] [P1C] submitting interaction iid=BB55A6.0.67 choice=BB55A6.0.67.c1 (Forest)
[13:21:46] [P1C] tap land for mana used_for=any
[13:21:46] [P1C] submitting interaction iid=BB55A6.0.68 choice=BB55A6.0.68.c1 (Forest)
[13:21:47] [P1C] playing land forest
[13:21:47] [P1C] tap land for mana used_for=any
[13:21:47] [P1C] submitting interaction iid=BB55A6.0.74 choice=BB55A6.0.74.c1 (Forest)
[13:21:49] [C] playing land forest
[13:21:50] [C] P0 casts phyrexian altar (oid 20) needs={'generic': 3}
[13:21:50] [C] setup complete -> assert phase
[13:21:51] [C] exported pre_C.json
[13:21:51] [C] PRE exported; setup ready (turn 6)
[13:21:52] [P1C] tap land for mana used_for=any
[13:21:52] [P1C] submitting interaction iid=BB55A6.0.103 choice=BB55A6.0.103.c1 (Forest)
[13:21:52] [P1C] tap land for mana used_for=any
[13:21:52] [P1C] submitting interaction iid=BB55A6.0.104 choice=BB55A6.0.104.c1 (Forest)
[13:21:52] [P1C] tap land for mana used_for=any
[13:21:52] [P1C] submitting interaction iid=BB55A6.0.105 choice=BB55A6.0.105.c1 (Forest)
[13:21:53] [P1C] playing land forest
[13:21:53] [P1C] tap land for mana used_for=any
[13:21:53] [P1C] submitting interaction iid=BB55A6.0.111 choice=BB55A6.0.111.c1 (Forest)
[13:21:55] [C] tap land for mana used_for=generic
[13:21:55] [C] submitting interaction iid=BB55A6.0.122 choice=BB55A6.0.122.c1 (Forest)
[13:21:55] [C] tap land for mana used_for=generic
[13:21:55] [C] submitting interaction iid=BB55A6.0.123 choice=BB55A6.0.123.c1 (Forest)
[13:21:56] [C] tap land for mana used_for=generic
[13:21:56] [C] submitting interaction iid=BB55A6.0.124 choice=BB55A6.0.124.c1 (Forest)
[13:21:57] [C] gate assertion A4_gate_rejects_B: offered_seen=False want_offered=False -> passed (obs=4)
[13:21:57] [C] exported post_C.json
[13:21:57] [C] POST exported (observe-only)
[13:21:57] ===== GAME D: steel overseer {2} =====
[13:21:58] [D] game L9JZP8; P0 seat=0 P1 seat=1
[13:21:58] [P0D] keep 7: ['forest', 'forest', 'memnite', 'krark-clan ironworks', 'forest', 'krark-clan ironworks', 'steel overseer']
[13:21:58] [P1D] keep 7: ['forest', 'forest', 'forest', 'forest', 'forest', 'forest', 'forest']
[13:21:59] [P1D] playing land forest
[13:21:59] [P1D] tap land for mana used_for=any
[13:21:59] [P1D] submitting interaction iid=L9JZP8.0.7 choice=L9JZP8.0.7.c1 (Forest)
[13:22:01] [P0D] NOTE: hand=8>7 but vi kind code='choose'; not answering yet
[13:22:01] [D] playing land forest
[13:22:01] [D] P0 casts memnite (oid 57) needs={'generic': 0}
[13:22:04] [P1D] tap land for mana used_for=any
[13:22:04] [P1D] submitting interaction iid=L9JZP8.0.36 choice=L9JZP8.0.36.c1 (Forest)
[13:22:05] [P1D] playing land forest
[13:22:05] [P1D] tap land for mana used_for=any
[13:22:05] [P1D] submitting interaction iid=L9JZP8.0.42 choice=L9JZP8.0.42.c1 (Forest)
[13:22:07] [D] playing land forest
[13:22:09] [P1D] tap land for mana used_for=any
[13:22:09] [P1D] submitting interaction iid=L9JZP8.0.69 choice=L9JZP8.0.69.c1 (Forest)
[13:22:09] [P1D] tap land for mana used_for=any
[13:22:09] [P1D] submitting interaction iid=L9JZP8.0.70 choice=L9JZP8.0.70.c1 (Forest)
[13:22:10] [P1D] playing land forest
[13:22:10] [P1D] tap land for mana used_for=any
[13:22:10] [P1D] submitting interaction iid=L9JZP8.0.76 choice=L9JZP8.0.76.c1 (Forest)
[13:22:14] [D] playing land forest
[13:22:16] [P1D] tap land for mana used_for=any
[13:22:16] [P1D] submitting interaction iid=L9JZP8.0.103 choice=L9JZP8.0.103.c1 (Forest)
[13:22:16] [P1D] tap land for mana used_for=any
[13:22:16] [P1D] submitting interaction iid=L9JZP8.0.104 choice=L9JZP8.0.104.c1 (Forest)
[13:22:17] [P1D] tap land for mana used_for=any
[13:22:17] [P1D] submitting interaction iid=L9JZP8.0.105 choice=L9JZP8.0.105.c1 (Forest)
[13:22:17] [P1D] playing land forest
[13:22:18] [P1D] tap land for mana used_for=any
[13:22:18] [P1D] submitting interaction iid=L9JZP8.0.111 choice=L9JZP8.0.111.c1 (Forest)
[13:22:20] [D] playing land forest
[13:22:20] [D] P0 casts krark-clan ironworks (oid 3) needs={'generic': 4}
[13:22:21] [D] setup complete -> assert phase
[13:22:21] [D] exported pre_D.json
[13:22:21] [D] PRE exported; setup ready (turn 8)
[13:22:23] [P1D] tap land for mana used_for=any
[13:22:23] [P1D] submitting interaction iid=L9JZP8.0.141 choice=L9JZP8.0.141.c1 (Forest)
[13:22:23] [P1D] tap land for mana used_for=any
[13:22:23] [P1D] submitting interaction iid=L9JZP8.0.142 choice=L9JZP8.0.142.c1 (Forest)
[13:22:23] [P1D] tap land for mana used_for=any
[13:22:23] [P1D] submitting interaction iid=L9JZP8.0.143 choice=L9JZP8.0.143.c1 (Forest)
[13:22:23] [P1D] tap land for mana used_for=any
[13:22:23] [P1D] submitting interaction iid=L9JZP8.0.144 choice=L9JZP8.0.144.c1 (Forest)
[13:22:24] [P1D] playing land forest
[13:22:24] [P1D] tap land for mana used_for=any
[13:22:24] [P1D] submitting interaction iid=L9JZP8.0.150 choice=L9JZP8.0.150.c1 (Forest)
[13:22:26] [D] tap land for mana used_for=generic
[13:22:26] [D] submitting interaction iid=L9JZP8.0.161 choice=L9JZP8.0.161.c2 (Forest)
[13:22:26] [D] tap land for mana used_for=generic
[13:22:26] [D] submitting interaction iid=L9JZP8.0.162 choice=L9JZP8.0.162.c2 (Forest)
[13:22:26] [D] tap land for mana used_for=generic
[13:22:26] [D] submitting interaction iid=L9JZP8.0.163 choice=L9JZP8.0.163.c2 (Forest)
[13:22:27] [D] tap land for mana used_for=generic
[13:22:27] [D] submitting interaction iid=L9JZP8.0.164 choice=L9JZP8.0.164.c2 (Forest)
[13:22:28] [D] gate assertion A5a_gate_offers_2: offered_seen=True want_offered=True -> passed (obs=4)
[13:22:28] [D] -> act phase
[13:22:28] [D] activating krark-clan ironworks via ActivateAbility legal_action
[13:22:29] [D] submitting interaction iid=L9JZP8.0.170 choice=L9JZP8.0.170.s0 (Memnite)
[13:22:29] [D] sacrificed for krark-clan ironworks (#1): Memnite
[13:22:35] [D] casting steel overseer
[13:22:36] [D] A5b: Overseer on battlefield; Memnite in gy=True -> passed
[13:22:36] [D] exported post_D.json
[13:22:36] [D] POST exported
[13:22:36] VERDICT: reproduced
