server identity hashes verified against on-disk pinned artifacts
data-level check: trigger mode=Transformed; head=Unimplemented/unparsed_verb_arguments; sub=ChangeZone/{'type': 'TrackedSet', 'id': 0}; subsub=Unimplemented/unrecognized_clause_head; subsubsub=CastFromZone/ParentTarget/optional=None; moon ability=Activated/Transform/cost=6
game created: code=Y2FGVW
[P0] mulligan #1 (hand: ['swamp', 'swamp', 'swamp', 'swamp', 'swamp', 'swamp', 'swamp'])
[P0] mulligan #2 (hand: ['swamp', 'swamp', 'swamp', 'swamp', 'swamp', 'swamp', 'swamp'])
[P1] keep 7 (hand: ['swamp', 'swamp', 'swamp', 'swamp', 'swamp', 'swamp', 'swamp'])
[P0] keep 7 (hand: ['swamp', 'swamp', 'swamp', 'swamp', 'swamp', 'swamp', 'swamp'])
[P0] bottoming ['swamp', 'swamp']
[P0] casting Nightmare Moon (oid 15)
[P0] cast oid 15 left hand (zone Stack); payment complete, needs cleared
exported pre.json
[arm] pre.json exported: moon on P0 battlefield oid=15; turn=14; phase=PreCombatMain
[P0] activating {6}: Transform Nightmare Moon (DECISIVE; oid 15)
[window] transform activation observed on the stack
[resolving/P0] prompt class=pass_priority: {"interactionId": "Y2FGVW.0.208", "response": {"type": "exactChoices", "data": {"choices": [{"id": "Y2FGVW.0.208.c0", "surfaces": [{"type": "summary", "data": {"code": "candidate"}}, {"type": "action", "data": {"code": "passPriority", "actionId": "aa9063230e9a
[P0] transform ability on stack; payment complete, needs cleared
[resolving/P1] prompt class=mana_payment: {"interactionId": "Y2FGVW.0.209", "response": {"type": "exactChoices", "data": {"choices": [{"id": "Y2FGVW.0.209.c0", "surfaces": [{"type": "summary", "data": {"code": "candidate"}}, {"type": "action", "data": {"code": "passPriority", "actionId": "aa9063230e9a
[window] transform activation resolved
[window] stack dump written (activation_resolved); 1 entries
[window] Princess Luna transform trigger observed on the stack; exporting mid_stack
[resolving/P0] prompt class=pass_priority: {"interactionId": "Y2FGVW.0.210", "response": {"type": "exactChoices", "data": {"choices": [{"id": "Y2FGVW.0.210.c0", "surfaces": [{"type": "summary", "data": {"code": "candidate"}}, {"type": "action", "data": {"code": "passPriority", "actionId": "aa9063230e9a
exported mid_stack.json
[resolving/P1] prompt class=mana_payment: {"interactionId": "Y2FGVW.0.211", "response": {"type": "exactChoices", "data": {"choices": [{"id": "Y2FGVW.0.211.c0", "surfaces": [{"type": "summary", "data": {"code": "candidate"}}, {"type": "action", "data": {"code": "passPriority", "actionId": "aa9063230e9a
[window] Princess Luna trigger resolved; starting settle clock
[resolving/P0] prompt class=choice_shaped: {"interactionId": "Y2FGVW.0.212", "response": {"type": "exactChoices", "data": {"choices": [{"id": "Y2FGVW.0.212.c0", "surfaces": [{"type": "summary", "data": {"code": "candidate"}}, {"type": "action", "data": {"code": "passPriority", "actionId": "aa9063230e9a
[resolving/P1] prompt class=mana_payment: {"interactionId": "Y2FGVW.0.213", "response": {"type": "exactChoices", "data": {"choices": [{"id": "Y2FGVW.0.213.c0", "surfaces": [{"type": "summary", "data": {"code": "candidate"}}, {"type": "action", "data": {"code": "passPriority", "actionId": "aa9063230e9a
[resolving/P0] prompt class=pass_priority: {"interactionId": "Y2FGVW.0.214", "response": {"type": "exactChoices", "data": {"choices": [{"id": "Y2FGVW.0.214.c0", "surfaces": [{"type": "summary", "data": {"code": "candidate"}}, {"type": "action", "data": {"code": "passPriority", "actionId": "aa9063230e9a
[resolving/P1] prompt class=mana_payment: {"interactionId": "Y2FGVW.0.215", "response": {"type": "exactChoices", "data": {"choices": [{"id": "Y2FGVW.0.215.c0", "surfaces": [{"type": "summary", "data": {"code": "candidate"}}, {"type": "action", "data": {"code": "passPriority", "actionId": "aa9063230e9a
[resolving/P0] prompt class=choice_shaped: {"interactionId": "Y2FGVW.0.216", "response": {"type": "schema", "data": {"spec": {"type": "relations", "data": {"edges": [{"sourceId": "Y2FGVW.0.216.r0", "targetIds": ["Y2FGVW.0.216.d0"]}], "min": 0, "max": 1, "sourceConstraint": "atMostOne", "allowGroups": t
[resolving/P0] prompt class=pass_priority: {"interactionId": "Y2FGVW.0.217", "response": {"type": "exactChoices", "data": {"choices": [{"id": "Y2FGVW.0.217.c0", "surfaces": [{"type": "summary", "data": {"code": "candidate"}}, {"type": "action", "data": {"code": "passPriority", "actionId": "aa9063230e9a
[resolving/P1] prompt class=mana_payment: {"interactionId": "Y2FGVW.0.218", "response": {"type": "exactChoices", "data": {"choices": [{"id": "Y2FGVW.0.218.c0", "surfaces": [{"type": "summary", "data": {"code": "candidate"}}, {"type": "action", "data": {"code": "passPriority", "actionId": "aa9063230e9a
[resolving/P0] prompt class=choice_shaped: {"interactionId": "Y2FGVW.0.219", "response": {"type": "exactChoices", "data": {"choices": [{"id": "Y2FGVW.0.219.c0", "surfaces": [{"type": "summary", "data": {"code": "candidate"}}, {"type": "action", "data": {"code": "passPriority", "actionId": "aa9063230e9a
[resolving/P1] prompt class=mana_payment: {"interactionId": "Y2FGVW.0.220", "response": {"type": "exactChoices", "data": {"choices": [{"id": "Y2FGVW.0.220.c0", "surfaces": [{"type": "summary", "data": {"code": "candidate"}}, {"type": "action", "data": {"code": "passPriority", "actionId": "aa9063230e9a
[resolving/P0] prompt class=pass_priority: {"interactionId": "Y2FGVW.0.221", "response": {"type": "exactChoices", "data": {"choices": [{"id": "Y2FGVW.0.221.c0", "surfaces": [{"type": "summary", "data": {"code": "candidate"}}, {"type": "action", "data": {"code": "passPriority", "actionId": "aa9063230e9a
[resolving/P1] prompt class=mana_payment: {"interactionId": "Y2FGVW.0.222", "response": {"type": "exactChoices", "data": {"choices": [{"id": "Y2FGVW.0.222.c0", "surfaces": [{"type": "summary", "data": {"code": "candidate"}}, {"type": "action", "data": {"code": "passPriority", "actionId": "aa9063230e9a
[resolving/P1] prompt class=mana_payment: {"interactionId": "Y2FGVW.0.223", "response": {"type": "exactChoices", "data": {"choices": [{"id": "Y2FGVW.0.223.c0", "surfaces": [{"type": "summary", "data": {"code": "candidate"}}, {"type": "action", "data": {"code": "passPriority", "actionId": "aa9063230e9a
[resolving/P0] prompt class=pass_priority: {"interactionId": "Y2FGVW.0.224", "response": {"type": "exactChoices", "data": {"choices": [{"id": "Y2FGVW.0.224.c0", "surfaces": [{"type": "summary", "data": {"code": "candidate"}}, {"type": "action", "data": {"code": "passPriority", "actionId": "aa9063230e9a
[resolving/P1] prompt class=mana_payment: {"interactionId": "Y2FGVW.0.225", "response": {"type": "exactChoices", "data": {"choices": [{"id": "Y2FGVW.0.225.c0", "surfaces": [{"type": "summary", "data": {"code": "candidate"}}, {"type": "action", "data": {"code": "passPriority", "actionId": "aa9063230e9a
[resolving/P0] prompt class=pass_priority: {"interactionId": "Y2FGVW.0.226", "response": {"type": "exactChoices", "data": {"choices": [{"id": "Y2FGVW.0.226.c0", "surfaces": [{"type": "summary", "data": {"code": "candidate"}}, {"type": "action", "data": {"code": "passPriority", "actionId": "aa9063230e9a
[resolving/P1] prompt class=mana_payment: {"interactionId": "Y2FGVW.0.227", "response": {"type": "exactChoices", "data": {"choices": [{"id": "Y2FGVW.0.227.c0", "surfaces": [{"type": "summary", "data": {"code": "candidate"}}, {"type": "action", "data": {"code": "passPriority", "actionId": "aa9063230e9a
[resolving/P0] prompt class=pass_priority: {"interactionId": "Y2FGVW.0.228", "response": {"type": "exactChoices", "data": {"choices": [{"id": "Y2FGVW.0.228.c0", "surfaces": [{"type": "summary", "data": {"code": "candidate"}}, {"type": "action", "data": {"code": "passPriority", "actionId": "aa9063230e9a
[resolving/P1] prompt class=mana_payment: {"interactionId": "Y2FGVW.0.229", "response": {"type": "exactChoices", "data": {"choices": [{"id": "Y2FGVW.0.229.c0", "surfaces": [{"type": "summary", "data": {"code": "candidate"}}, {"type": "action", "data": {"code": "passPriority", "actionId": "aa9063230e9a
[resolving/P0] prompt class=pass_priority: {"interactionId": "Y2FGVW.0.230", "response": {"type": "exactChoices", "data": {"choices": [{"id": "Y2FGVW.0.230.c0", "surfaces": [{"type": "summary", "data": {"code": "candidate"}}, {"type": "action", "data": {"code": "passPriority", "actionId": "aa9063230e9a
[resolving/P1] prompt class=mana_payment: {"interactionId": "Y2FGVW.0.231", "response": {"type": "exactChoices", "data": {"choices": [{"id": "Y2FGVW.0.231.c0", "surfaces": [{"type": "summary", "data": {"code": "candidate"}}, {"type": "action", "data": {"code": "passPriority", "actionId": "aa9063230e9a
[resolving/P0] prompt class=pass_priority: {"interactionId": "Y2FGVW.0.232", "response": {"type": "exactChoices", "data": {"choices": [{"id": "Y2FGVW.0.232.c0", "surfaces": [{"type": "summary", "data": {"code": "candidate"}}, {"type": "action", "data": {"code": "passPriority", "actionId": "aa9063230e9a
[resolving/P1] prompt class=mana_payment: {"interactionId": "Y2FGVW.0.233", "response": {"type": "exactChoices", "data": {"choices": [{"id": "Y2FGVW.0.233.c0", "surfaces": [{"type": "summary", "data": {"code": "candidate"}}, {"type": "action", "data": {"code": "passPriority", "actionId": "aa9063230e9a
[resolving/P0] prompt class=pass_priority: {"interactionId": "Y2FGVW.0.234", "response": {"type": "exactChoices", "data": {"choices": [{"id": "Y2FGVW.0.234.c0", "surfaces": [{"type": "summary", "data": {"code": "candidate"}}, {"type": "action", "data": {"code": "passPriority", "actionId": "aa9063230e9a
[resolving/P1] prompt class=mana_payment: {"interactionId": "Y2FGVW.0.235", "response": {"type": "exactChoices", "data": {"choices": [{"id": "Y2FGVW.0.235.c0", "surfaces": [{"type": "summary", "data": {"code": "candidate"}}, {"type": "action", "data": {"code": "passPriority", "actionId": "aa9063230e9a
[resolving/P0] prompt class=pass_priority: {"interactionId": "Y2FGVW.0.236", "response": {"type": "exactChoices", "data": {"choices": [{"id": "Y2FGVW.0.236.c0", "surfaces": [{"type": "summary", "data": {"code": "candidate"}}, {"type": "action", "data": {"code": "passPriority", "actionId": "aa9063230e9a
[resolving/P0] prompt class=mana_payment: {"interactionId": "Y2FGVW.0.237", "response": {"type": "exactChoices", "data": {"choices": [{"id": "Y2FGVW.0.237.c0", "surfaces": [{"type": "summary", "data": {"code": "candidate"}}, {"type": "action", "data": {"code": "passPriority", "actionId": "aa9063230e9a
[resolving/P1] prompt class=mana_payment: {"interactionId": "Y2FGVW.0.238", "response": {"type": "exactChoices", "data": {"choices": [{"id": "Y2FGVW.0.238.c0", "surfaces": [{"type": "summary", "data": {"code": "candidate"}}, {"type": "action", "data": {"code": "passPriority", "actionId": "aa9063230e9a
[resolving/P0] prompt class=mana_payment: {"interactionId": "Y2FGVW.0.239", "response": {"type": "exactChoices", "data": {"choices": [{"id": "Y2FGVW.0.239.c0", "surfaces": [{"type": "summary", "data": {"code": "candidate"}}, {"type": "action", "data": {"code": "passPriority", "actionId": "aa9063230e9a
[resolving/P1] prompt class=mana_payment: {"interactionId": "Y2FGVW.0.240", "response": {"type": "exactChoices", "data": {"choices": [{"id": "Y2FGVW.0.240.c0", "surfaces": [{"type": "summary", "data": {"code": "candidate"}}, {"type": "action", "data": {"code": "passPriority", "actionId": "aa9063230e9a
[resolving/P0] prompt class=mana_payment: {"interactionId": "Y2FGVW.0.241", "response": {"type": "exactChoices", "data": {"choices": [{"id": "Y2FGVW.0.241.c0", "surfaces": [{"type": "summary", "data": {"code": "candidate"}}, {"type": "action", "data": {"code": "passPriority", "actionId": "aa9063230e9a
[resolving/P1] prompt class=mana_payment: {"interactionId": "Y2FGVW.0.242", "response": {"type": "exactChoices", "data": {"choices": [{"id": "Y2FGVW.0.242.c0", "surfaces": [{"type": "summary", "data": {"code": "candidate"}}, {"type": "action", "data": {"code": "passPriority", "actionId": "aa9063230e9a
[resolving/P0] prompt class=mana_payment: {"interactionId": "Y2FGVW.0.243", "response": {"type": "exactChoices", "data": {"choices": [{"id": "Y2FGVW.0.243.c0", "surfaces": [{"type": "summary", "data": {"code": "candidate"}}, {"type": "action", "data": {"code": "passPriority", "actionId": "aa9063230e9a
[resolving/P1] prompt class=mana_payment: {"interactionId": "Y2FGVW.0.244", "response": {"type": "exactChoices", "data": {"choices": [{"id": "Y2FGVW.0.244.c0", "surfaces": [{"type": "summary", "data": {"code": "candidate"}}, {"type": "action", "data": {"code": "passPriority", "actionId": "aa9063230e9a
[resolving/P0] prompt class=choice_shaped: {"interactionId": "Y2FGVW.0.245", "response": {"type": "schema", "data": {"spec": {"type": "relations", "data": {"edges": [{"sourceId": "Y2FGVW.0.245.r0", "targetIds": ["Y2FGVW.0.245.d0"]}], "min": 0, "max": 1, "sourceConstraint": "atMostOne", "allowGroups": t
[resolving/P0] prompt class=mana_payment: {"interactionId": "Y2FGVW.0.246", "response": {"type": "exactChoices", "data": {"choices": [{"id": "Y2FGVW.0.246.c0", "surfaces": [{"type": "summary", "data": {"code": "candidate"}}, {"type": "action", "data": {"code": "passPriority", "actionId": "aa9063230e9a
[resolving/P1] prompt class=mana_payment: {"interactionId": "Y2FGVW.0.247", "response": {"type": "exactChoices", "data": {"choices": [{"id": "Y2FGVW.0.247.c0", "surfaces": [{"type": "summary", "data": {"code": "candidate"}}, {"type": "action", "data": {"code": "passPriority", "actionId": "aa9063230e9a
[resolving/P0] prompt class=mana_payment: {"interactionId": "Y2FGVW.0.248", "response": {"type": "exactChoices", "data": {"choices": [{"id": "Y2FGVW.0.248.c0", "surfaces": [{"type": "summary", "data": {"code": "candidate"}}, {"type": "action", "data": {"code": "passPriority", "actionId": "aa9063230e9a
[resolving/P1] prompt class=mana_payment: {"interactionId": "Y2FGVW.0.249", "response": {"type": "exactChoices", "data": {"choices": [{"id": "Y2FGVW.0.249.c0", "surfaces": [{"type": "summary", "data": {"code": "candidate"}}, {"type": "action", "data": {"code": "passPriority", "actionId": "aa9063230e9a
[resolving/P0] prompt class=mana_payment: {"interactionId": "Y2FGVW.0.250", "response": {"type": "exactChoices", "data": {"choices": [{"id": "Y2FGVW.0.250.c0", "surfaces": [{"type": "summary", "data": {"code": "candidate"}}, {"type": "action", "data": {"code": "passPriority", "actionId": "aa9063230e9a
[resolving/P1] prompt class=mana_payment: {"interactionId": "Y2FGVW.0.251", "response": {"type": "exactChoices", "data": {"choices": [{"id": "Y2FGVW.0.251.c0", "surfaces": [{"type": "summary", "data": {"code": "candidate"}}, {"type": "action", "data": {"code": "passPriority", "actionId": "aa9063230e9a
[resolving/P1] prompt class=mana_payment: {"interactionId": "Y2FGVW.0.252", "response": {"type": "exactChoices", "data": {"choices": [{"id": "Y2FGVW.0.252.c0", "surfaces": [{"type": "summary", "data": {"code": "candidate"}}, {"type": "action", "data": {"code": "passPriority", "actionId": "aa9063230e9a
[resolving/P0] prompt class=mana_payment: {"interactionId": "Y2FGVW.0.253", "response": {"type": "exactChoices", "data": {"choices": [{"id": "Y2FGVW.0.253.c0", "surfaces": [{"type": "summary", "data": {"code": "candidate"}}, {"type": "action", "data": {"code": "passPriority", "actionId": "aa9063230e9a
[resolving/P1] prompt class=mana_payment: {"interactionId": "Y2FGVW.0.254", "response": {"type": "exactChoices", "data": {"choices": [{"id": "Y2FGVW.0.254.c0", "surfaces": [{"type": "summary", "data": {"code": "candidate"}}, {"type": "action", "data": {"code": "passPriority", "actionId": "aa9063230e9a
[resolving/P0] prompt class=mana_payment: {"interactionId": "Y2FGVW.0.255", "response": {"type": "exactChoices", "data": {"choices": [{"id": "Y2FGVW.0.255.c0", "surfaces": [{"type": "summary", "data": {"code": "candidate"}}, {"type": "action", "data": {"code": "passPriority", "actionId": "aa9063230e9a
[resolving/P1] prompt class=mana_payment: {"interactionId": "Y2FGVW.0.256", "response": {"type": "exactChoices", "data": {"choices": [{"id": "Y2FGVW.0.256.c0", "surfaces": [{"type": "summary", "data": {"code": "candidate"}}, {"type": "action", "data": {"code": "passPriority", "actionId": "aa9063230e9a
[resolving/P0] prompt class=mana_payment: {"interactionId": "Y2FGVW.0.257", "response": {"type": "exactChoices", "data": {"choices": [{"id": "Y2FGVW.0.257.c0", "surfaces": [{"type": "summary", "data": {"code": "candidate"}}, {"type": "action", "data": {"code": "passPriority", "actionId": "aa9063230e9a
[resolving/P1] prompt class=mana_payment: {"interactionId": "Y2FGVW.0.258", "response": {"type": "exactChoices", "data": {"choices": [{"id": "Y2FGVW.0.258.c0", "surfaces": [{"type": "summary", "data": {"code": "candidate"}}, {"type": "action", "data": {"code": "passPriority", "actionId": "aa9063230e9a
[resolving/P0] prompt class=mana_payment: {"interactionId": "Y2FGVW.0.259", "response": {"type": "exactChoices", "data": {"choices": [{"id": "Y2FGVW.0.259.c0", "surfaces": [{"type": "summary", "data": {"code": "candidate"}}, {"type": "action", "data": {"code": "passPriority", "actionId": "aa9063230e9a
[resolving/P1] prompt class=mana_payment: {"interactionId": "Y2FGVW.0.260", "response": {"type": "exactChoices", "data": {"choices": [{"id": "Y2FGVW.0.260.c0", "surfaces": [{"type": "summary", "data": {"code": "candidate"}}, {"type": "action", "data": {"code": "passPriority", "actionId": "aa9063230e9a
[resolving/P0] prompt class=mana_payment: {"interactionId": "Y2FGVW.0.261", "response": {"type": "exactChoices", "data": {"choices": [{"id": "Y2FGVW.0.261.c0", "surfaces": [{"type": "summary", "data": {"code": "candidate"}}, {"type": "action", "data": {"code": "passPriority", "actionId": "aa9063230e9a
[resolving/P1] prompt class=mana_payment: {"interactionId": "Y2FGVW.0.262", "response": {"type": "exactChoices", "data": {"choices": [{"id": "Y2FGVW.0.262.c0", "surfaces": [{"type": "summary", "data": {"code": "candidate"}}, {"type": "action", "data": {"code": "passPriority", "actionId": "aa9063230e9a
[resolving/P0] prompt class=mana_payment: {"interactionId": "Y2FGVW.0.263", "response": {"type": "exactChoices", "data": {"choices": [{"id": "Y2FGVW.0.263.c0", "surfaces": [{"type": "summary", "data": {"code": "candidate"}}, {"type": "action", "data": {"code": "passPriority", "actionId": "aa9063230e9a
[resolving/P1] prompt class=mana_payment: {"interactionId": "Y2FGVW.0.264", "response": {"type": "exactChoices", "data": {"choices": [{"id": "Y2FGVW.0.264.c0", "surfaces": [{"type": "summary", "data": {"code": "candidate"}}, {"type": "action", "data": {"code": "passPriority", "actionId": "aa9063230e9a
[resolving/P0] prompt class=mana_payment: {"interactionId": "Y2FGVW.0.265", "response": {"type": "exactChoices", "data": {"choices": [{"id": "Y2FGVW.0.265.c0", "surfaces": [{"type": "summary", "data": {"code": "candidate"}}, {"type": "action", "data": {"code": "passPriority", "actionId": "aa9063230e9a
[resolving/P1] prompt class=choice_shaped: {"interactionId": "Y2FGVW.0.266", "response": {"type": "schema", "data": {"spec": {"type": "select", "data": {"constraint": {"type": "count", "data": {"min": 1, "max": 1}}, "confirm": "explicit"}}, "candidates": [{"id": "Y2FGVW.0.266.s0", "surfaces": [{"type":
[P1] vi discard-to-hand-size: Y2FGVW.0.266.s0
[resolving/P0] prompt class=mana_payment: {"interactionId": "Y2FGVW.0.267", "response": {"type": "exactChoices", "data": {"choices": [{"id": "Y2FGVW.0.267.c0", "surfaces": [{"type": "summary", "data": {"code": "candidate"}}, {"type": "action", "data": {"code": "passPriority", "actionId": "aa9063230e9a
[resolving/P1] prompt class=mana_payment: {"interactionId": "Y2FGVW.0.268", "response": {"type": "exactChoices", "data": {"choices": [{"id": "Y2FGVW.0.268.c0", "surfaces": [{"type": "summary", "data": {"code": "candidate"}}, {"type": "action", "data": {"code": "passPriority", "actionId": "aa9063230e9a
[resolving/P0] prompt class=mana_payment: {"interactionId": "Y2FGVW.0.269", "response": {"type": "exactChoices", "data": {"choices": [{"id": "Y2FGVW.0.269.c0", "surfaces": [{"type": "summary", "data": {"code": "candidate"}}, {"type": "action", "data": {"code": "passPriority", "actionId": "aa9063230e9a
[resolving/P1] prompt class=mana_payment: {"interactionId": "Y2FGVW.0.270", "response": {"type": "exactChoices", "data": {"choices": [{"id": "Y2FGVW.0.270.c0", "surfaces": [{"type": "summary", "data": {"code": "candidate"}}, {"type": "action", "data": {"code": "passPriority", "actionId": "aa9063230e9a
[resolving/P0] prompt class=mana_payment: {"interactionId": "Y2FGVW.0.271", "response": {"type": "exactChoices", "data": {"choices": [{"id": "Y2FGVW.0.271.c0", "surfaces": [{"type": "summary", "data": {"code": "candidate"}}, {"type": "action", "data": {"code": "passPriority", "actionId": "aa9063230e9a
[resolving/P1] prompt class=mana_payment: {"interactionId": "Y2FGVW.0.272", "response": {"type": "exactChoices", "data": {"choices": [{"id": "Y2FGVW.0.272.c0", "surfaces": [{"type": "summary", "data": {"code": "candidate"}}, {"type": "action", "data": {"code": "passPriority", "actionId": "aa9063230e9a
[resolving/P0] prompt class=mana_payment: {"interactionId": "Y2FGVW.0.273", "response": {"type": "exactChoices", "data": {"choices": [{"id": "Y2FGVW.0.273.c0", "surfaces": [{"type": "summary", "data": {"code": "candidate"}}, {"type": "action", "data": {"code": "passPriority", "actionId": "aa9063230e9a
[resolving/P1] prompt class=mana_payment: {"interactionId": "Y2FGVW.0.274", "response": {"type": "exactChoices", "data": {"choices": [{"id": "Y2FGVW.0.274.c0", "surfaces": [{"type": "summary", "data": {"code": "candidate"}}, {"type": "action", "data": {"code": "passPriority", "actionId": "aa9063230e9a
[resolving/P0] prompt class=choice_shaped: {"interactionId": "Y2FGVW.0.275", "response": {"type": "schema", "data": {"spec": {"type": "relations", "data": {"edges": [{"sourceId": "Y2FGVW.0.275.r0", "targetIds": ["Y2FGVW.0.275.d0"]}], "min": 0, "max": 1, "sourceConstraint": "atMostOne", "allowGroups": t
[resolving/P0] prompt class=mana_payment: {"interactionId": "Y2FGVW.0.276", "response": {"type": "exactChoices", "data": {"choices": [{"id": "Y2FGVW.0.276.c0", "surfaces": [{"type": "summary", "data": {"code": "candidate"}}, {"type": "action", "data": {"code": "passPriority", "actionId": "aa9063230e9a
[resolving/P1] prompt class=mana_payment: {"interactionId": "Y2FGVW.0.277", "response": {"type": "exactChoices", "data": {"choices": [{"id": "Y2FGVW.0.277.c0", "surfaces": [{"type": "summary", "data": {"code": "candidate"}}, {"type": "action", "data": {"code": "passPriority", "actionId": "aa9063230e9a
[resolving/P0] prompt class=mana_payment: {"interactionId": "Y2FGVW.0.278", "response": {"type": "exactChoices", "data": {"choices": [{"id": "Y2FGVW.0.278.c0", "surfaces": [{"type": "summary", "data": {"code": "candidate"}}, {"type": "action", "data": {"code": "passPriority", "actionId": "aa9063230e9a
[resolving/P1] prompt class=mana_payment: {"interactionId": "Y2FGVW.0.279", "response": {"type": "exactChoices", "data": {"choices": [{"id": "Y2FGVW.0.279.c0", "surfaces": [{"type": "summary", "data": {"code": "candidate"}}, {"type": "action", "data": {"code": "passPriority", "actionId": "aa9063230e9a
[resolving/P0] prompt class=mana_payment: {"interactionId": "Y2FGVW.0.280", "response": {"type": "exactChoices", "data": {"choices": [{"id": "Y2FGVW.0.280.c0", "surfaces": [{"type": "summary", "data": {"code": "candidate"}}, {"type": "action", "data": {"code": "passPriority", "actionId": "aa9063230e9a
[resolving/P1] prompt class=mana_payment: {"interactionId": "Y2FGVW.0.281", "response": {"type": "exactChoices", "data": {"choices": [{"id": "Y2FGVW.0.281.c0", "surfaces": [{"type": "summary", "data": {"code": "candidate"}}, {"type": "action", "data": {"code": "passPriority", "actionId": "aa9063230e9a
[resolving/P1] prompt class=mana_payment: {"interactionId": "Y2FGVW.0.282", "response": {"type": "exactChoices", "data": {"choices": [{"id": "Y2FGVW.0.282.c0", "surfaces": [{"type": "summary", "data": {"code": "candidate"}}, {"type": "action", "data": {"code": "passPriority", "actionId": "aa9063230e9a
[resolving/P0] prompt class=mana_payment: {"interactionId": "Y2FGVW.0.283", "response": {"type": "exactChoices", "data": {"choices": [{"id": "Y2FGVW.0.283.c0", "surfaces": [{"type": "summary", "data": {"code": "candidate"}}, {"type": "action", "data": {"code": "passPriority", "actionId": "aa9063230e9a
[resolving/P1] prompt class=mana_payment: {"interactionId": "Y2FGVW.0.284", "response": {"type": "exactChoices", "data": {"choices": [{"id": "Y2FGVW.0.284.c0", "surfaces": [{"type": "summary", "data": {"code": "candidate"}}, {"type": "action", "data": {"code": "passPriority", "actionId": "aa9063230e9a
[resolving/P0] prompt class=mana_payment: {"interactionId": "Y2FGVW.0.285", "response": {"type": "exactChoices", "data": {"choices": [{"id": "Y2FGVW.0.285.c0", "surfaces": [{"type": "summary", "data": {"code": "candidate"}}, {"type": "action", "data": {"code": "passPriority", "actionId": "aa9063230e9a
[resolving/P1] prompt class=mana_payment: {"interactionId": "Y2FGVW.0.286", "response": {"type": "exactChoices", "data": {"choices": [{"id": "Y2FGVW.0.286.c0", "surfaces": [{"type": "summary", "data": {"code": "candidate"}}, {"type": "action", "data": {"code": "passPriority", "actionId": "aa9063230e9a
[resolving/P0] prompt class=mana_payment: {"interactionId": "Y2FGVW.0.287", "response": {"type": "exactChoices", "data": {"choices": [{"id": "Y2FGVW.0.287.c0", "surfaces": [{"type": "summary", "data": {"code": "candidate"}}, {"type": "action", "data": {"code": "passPriority", "actionId": "aa9063230e9a
[resolving/P1] prompt class=mana_payment: {"interactionId": "Y2FGVW.0.288", "response": {"type": "exactChoices", "data": {"choices": [{"id": "Y2FGVW.0.288.c0", "surfaces": [{"type": "summary", "data": {"code": "candidate"}}, {"type": "action", "data": {"code": "passPriority", "actionId": "aa9063230e9a
[resolving/P0] prompt class=mana_payment: {"interactionId": "Y2FGVW.0.289", "response": {"type": "exactChoices", "data": {"choices": [{"id": "Y2FGVW.0.289.c0", "surfaces": [{"type": "summary", "data": {"code": "candidate"}}, {"type": "action", "data": {"code": "passPriority", "actionId": "aa9063230e9a
[resolving/P1] prompt class=mana_payment: {"interactionId": "Y2FGVW.0.290", "response": {"type": "exactChoices", "data": {"choices": [{"id": "Y2FGVW.0.290.c0", "surfaces": [{"type": "summary", "data": {"code": "candidate"}}, {"type": "action", "data": {"code": "passPriority", "actionId": "aa9063230e9a
[resolving/P0] prompt class=mana_payment: {"interactionId": "Y2FGVW.0.291", "response": {"type": "exactChoices", "data": {"choices": [{"id": "Y2FGVW.0.291.c0", "surfaces": [{"type": "summary", "data": {"code": "candidate"}}, {"type": "action", "data": {"code": "passPriority", "actionId": "aa9063230e9a
[resolving/P1] prompt class=mana_payment: {"interactionId": "Y2FGVW.0.292", "response": {"type": "exactChoices", "data": {"choices": [{"id": "Y2FGVW.0.292.c0", "surfaces": [{"type": "summary", "data": {"code": "candidate"}}, {"type": "action", "data": {"code": "passPriority", "actionId": "aa9063230e9a
[resolving/P0] prompt class=mana_payment: {"interactionId": "Y2FGVW.0.293", "response": {"type": "exactChoices", "data": {"choices": [{"id": "Y2FGVW.0.293.c0", "surfaces": [{"type": "summary", "data": {"code": "candidate"}}, {"type": "action", "data": {"code": "passPriority", "actionId": "aa9063230e9a
[resolving/P1] prompt class=mana_payment: {"interactionId": "Y2FGVW.0.294", "response": {"type": "exactChoices", "data": {"choices": [{"id": "Y2FGVW.0.294.c0", "surfaces": [{"type": "summary", "data": {"code": "candidate"}}, {"type": "action", "data": {"code": "passPriority", "actionId": "aa9063230e9a
[resolving/P0] prompt class=mana_payment: {"interactionId": "Y2FGVW.0.295", "response": {"type": "exactChoices", "data": {"choices": [{"id": "Y2FGVW.0.295.c0", "surfaces": [{"type": "summary", "data": {"code": "candidate"}}, {"type": "action", "data": {"code": "passPriority", "actionId": "aa9063230e9a
[resolving/P1] prompt class=choice_shaped: {"interactionId": "Y2FGVW.0.296", "response": {"type": "schema", "data": {"spec": {"type": "select", "data": {"constraint": {"type": "count", "data": {"min": 1, "max": 1}}, "confirm": "explicit"}}, "candidates": [{"id": "Y2FGVW.0.296.s0", "surfaces": [{"type":
[P1] vi discard-to-hand-size: Y2FGVW.0.296.s0
[resolving/P0] prompt class=mana_payment: {"interactionId": "Y2FGVW.0.297", "response": {"type": "exactChoices", "data": {"choices": [{"id": "Y2FGVW.0.297.c0", "surfaces": [{"type": "summary", "data": {"code": "candidate"}}, {"type": "action", "data": {"code": "passPriority", "actionId": "aa9063230e9a
[resolving/P1] prompt class=mana_payment: {"interactionId": "Y2FGVW.0.298", "response": {"type": "exactChoices", "data": {"choices": [{"id": "Y2FGVW.0.298.c0", "surfaces": [{"type": "summary", "data": {"code": "candidate"}}, {"type": "action", "data": {"code": "passPriority", "actionId": "aa9063230e9a
[resolving/P0] prompt class=mana_payment: {"interactionId": "Y2FGVW.0.299", "response": {"type": "exactChoices", "data": {"choices": [{"id": "Y2FGVW.0.299.c0", "surfaces": [{"type": "summary", "data": {"code": "candidate"}}, {"type": "action", "data": {"code": "passPriority", "actionId": "aa9063230e9a
[resolving/P1] prompt class=mana_payment: {"interactionId": "Y2FGVW.0.300", "response": {"type": "exactChoices", "data": {"choices": [{"id": "Y2FGVW.0.300.c0", "surfaces": [{"type": "summary", "data": {"code": "candidate"}}, {"type": "action", "data": {"code": "passPriority", "actionId": "aa9063230e9a
[window] settle clock done; exporting post
[window] settle clock done; exporting post
exported post.json
exported post.json
FINAL VERDICT: not-reproduced
{
 "verdict": "not-reproduced",
 "assertions": {
  "A1_data_level": "passed",
  "A2_setup_ok": "passed",
  "A3_cast_resolved": "passed",
  "A4_no_exile_window": "passed",
  "A5_no_choice_prompt": "failed",
  "A6_cleanup": "passed"
 }
}
EXIT: 0
