2026-10-07 run 20261007-6337: re-validation of #6337 on v0.103.0 (stale: validated v0.102.0 2026-10-05).
- GitHub releases checked: latest stable still v0.103.0 (published 2026-10-06); pin unchanged.
- Pinned artifacts re-verified before use: minisign signatures OK for the
  phase-server-slim binary and release-server-v0.103.0.json against the
  repo-pinned SERVER_ARTIFACT_PUBLIC_KEY; data files match the signed manifest.
  Verified binary sha256: a991fec48a21e11d8892200fa10fcd9e830bb2adf97ba6dc7b8255d907d54dbc
  (NOTE: the #6557 ledger entry recorded 5b79f0c5... for the same pin; the
  file at the pin dir signature-verifies, so a991fec4 is the true digest —
  #6557's ledger digest needs reconciliation, flagged in driver_notes.)
- Issue still open, labels: bug, status:confirmed, area:deckbuilder, priority:p2-wrong-game-result.
- Fetched crates/draft-wasm/src/bot_ai.rs, suggest.rs and crates/phase-ai/src/draft_eval.rs
  from the v0.103.0 tag via raw.githubusercontent.com.
  All three are byte-identical to the v0.102.0 copies (same sha256).
- find_best_colors (suggest.rs:354; sort at :376):
  `sorted.sort_by(|a, b| b.1.partial_cmp(a.1).unwrap_or(std::cmp::Ordering::Equal));`
  — function body byte-identical to v0.102.0; still no secondary tie-break. A2 passed.
- color_preference (bot_ai.rs:304) still delegates to draft_eval::dominant_colors(&colors, 3).
- dominant_colors (draft_eval.rs:223; tie-break at :238):
  `b.1.cmp(&a.1).then_with(|| a.0.cmp(b.0))` — total order intact. A3 passed.
- Built harness (harness/src/main.rs, release) and ran the binary in 30 separate OS processes
  over the tied pool (one card of each W/U/B/R/G, constant score 1.0).
  find_best_colors: 15 distinct top-2 orderings in 30 runs (see observations.json). A4 passed.
  dominant_colors: B,G in all 30 runs. A5 passed.
  fixed control (house-style .then_with tie-break): B,G in all 30 runs. A6 passed.
Verdict: reproduced (unchanged since v0.102.0). No webhook (prior validated verdict already reproduced).
No muse-job spawn (trigger is NEW reproduced verdicts only).
