data-level check: trigger mode=Attacks, head=Unimplemented/'unbound_subject', sub=Draw count=Ref/FilteredTrackedSetSize filter=['Land'] target=Controller -> MATCHES ISSUE REPORT
game O47QBF; P0 seat=0 P1 seat=1
[P0] mulligan #1 (hand: ['swamp', 'swamp', 'swamp', 'swamp', 'swamp', 'swamp', 'swamp'])
[P1] keep 7 (hand: ['forest', 'grizzly bears', 'forest', 'forest', 'grizzly bears', 'forest', 'grizzly bears'])
[P0] keep 7 (hand: ['eumidian wastewaker', 'swamp', 'swamp', 'swamp', 'swamp', 'swamp', 'swamp'])
[P0] bottoming ['swamp']
[P1] casting Grizzly Bears (oid 104)
[P1] casting Grizzly Bears (oid 114)
[P1] casting Grizzly Bears (oid 115)
[P0] casting Eumidian Wastewaker (oid 35)
Wastewaker resolved (on P0 battlefield); phase -> pre_attack
[P1] casting Grizzly Bears (oid 70)
exported pre.json
[P0] pre.json exported; Wastewaker oid=35; hand={'0': 5, '1': 2} gy={'0': 0, '1': 0} perm={'0': 6, '1': 9}
[P0] attacking P1 with Eumidian Wastewaker (oid 35); phase -> attacking
[attacking/P0] prompt seen: {"interactionId": "O47QBF.0.167", "response": {"type": "exactChoices", "data": {"choices": [{"id": "O47QBF.0.167.c0", "surfaces": [{"type": "summary", "data": {"code": "candidate"}}, {"type": "action", "data": {"code": "passPriority", "acti
attack trigger observed on the stack
[attacking/P1] prompt seen: {"interactionId": "O47QBF.0.168", "response": {"type": "exactChoices", "data": {"choices": [{"id": "O47QBF.0.168.c0", "surfaces": [{"type": "summary", "data": {"code": "candidate"}}, {"type": "action", "data": {"code": "passPriority", "acti
[attacking/P0] prompt seen: {"interactionId": "O47QBF.0.169", "response": {"type": "exactChoices", "data": {"choices": [{"id": "O47QBF.0.169.c0", "surfaces": [{"type": "summary", "data": {"code": "candidate"}}, {"type": "action", "data": {"code": "passPriority", "acti
window_end.json written from observed state (turn 10, phase DeclareAttackers)
trigger window complete: hand_delta={'0': 0, '1': 0} gy_delta={'0': 0, '1': 0} perm_delta={'0': 0, '1': 0}
[attacking/P1] prompt seen: {"interactionId": "O47QBF.0.170", "response": {"type": "exactChoices", "data": {"choices": [{"id": "O47QBF.0.170.c0", "surfaces": [{"type": "summary", "data": {"code": "candidate"}}, {"type": "action", "data": {"code": "passPriority", "acti
[attacking/P1] prompt seen: {"interactionId": "O47QBF.0.171", "response": {"type": "schema", "data": {"spec": {"type": "relations", "data": {"edges": [{"sourceId": "O47QBF.0.171.r0", "targetIds": ["O47QBF.0.171.d0"]}, {"sourceId": "O47QBF.0.171.r1", "targetIds": ["O47
[attacking/P0] prompt seen: {"interactionId": "O47QBF.0.172", "response": {"type": "exactChoices", "data": {"choices": [{"id": "O47QBF.0.172.c0", "surfaces": [{"type": "summary", "data": {"code": "candidate"}}, {"type": "action", "data": {"code": "passPriority", "acti
[attacking/P1] prompt seen: {"interactionId": "O47QBF.0.173", "response": {"type": "exactChoices", "data": {"choices": [{"id": "O47QBF.0.173.c0", "surfaces": [{"type": "summary", "data": {"code": "candidate"}}, {"type": "action", "data": {"code": "passPriority", "acti
[attacking/P0] prompt seen: {"interactionId": "O47QBF.0.174", "response": {"type": "exactChoices", "data": {"choices": [{"id": "O47QBF.0.174.c0", "surfaces": [{"type": "summary", "data": {"code": "candidate"}}, {"type": "action", "data": {"code": "passPriority", "acti
[attacking/P1] prompt seen: {"interactionId": "O47QBF.0.175", "response": {"type": "exactChoices", "data": {"choices": [{"id": "O47QBF.0.175.c0", "surfaces": [{"type": "summary", "data": {"code": "candidate"}}, {"type": "action", "data": {"code": "passPriority", "acti
[attacking/P0] prompt seen: {"interactionId": "O47QBF.0.176", "response": {"type": "exactChoices", "data": {"choices": [{"id": "O47QBF.0.176.c0", "surfaces": [{"type": "summary", "data": {"code": "candidate"}}, {"type": "action", "data": {"code": "passPriority", "acti
[attacking/P1] prompt seen: {"interactionId": "O47QBF.0.177", "response": {"type": "exactChoices", "data": {"choices": [{"id": "O47QBF.0.177.c0", "surfaces": [{"type": "summary", "data": {"code": "candidate"}}, {"type": "action", "data": {"code": "passPriority", "acti
[attacking/P0] prompt seen: {"interactionId": "O47QBF.0.178", "response": {"type": "exactChoices", "data": {"choices": [{"id": "O47QBF.0.178.c0", "surfaces": [{"type": "summary", "data": {"code": "candidate"}}, {"type": "action", "data": {"code": "passPriority", "acti
[attacking/P1] prompt seen: {"interactionId": "O47QBF.0.179", "response": {"type": "exactChoices", "data": {"choices": [{"id": "O47QBF.0.179.c0", "surfaces": [{"type": "summary", "data": {"code": "candidate"}}, {"type": "action", "data": {"code": "passPriority", "acti
[attacking/P0] prompt seen: {"interactionId": "O47QBF.0.180", "response": {"type": "exactChoices", "data": {"choices": [{"id": "O47QBF.0.180.c0", "surfaces": [{"type": "summary", "data": {"code": "candidate"}}, {"type": "action", "data": {"code": "passPriority", "acti
[attacking/P1] prompt seen: {"interactionId": "O47QBF.0.181", "response": {"type": "exactChoices", "data": {"choices": [{"id": "O47QBF.0.181.c0", "surfaces": [{"type": "summary", "data": {"code": "candidate"}}, {"type": "action", "data": {"code": "passPriority", "acti
[attacking/P1] prompt seen: {"interactionId": "O47QBF.0.182", "response": {"type": "exactChoices", "data": {"choices": [{"id": "O47QBF.0.182.c0", "surfaces": [{"type": "summary", "data": {"code": "candidate"}}, {"type": "action", "data": {"code": "passPriority", "acti
[attacking/P0] prompt seen: {"interactionId": "O47QBF.0.183", "response": {"type": "exactChoices", "data": {"choices": [{"id": "O47QBF.0.183.c0", "surfaces": [{"type": "summary", "data": {"code": "candidate"}}, {"type": "action", "data": {"code": "passPriority", "acti
[attacking/P1] prompt seen: {"interactionId": "O47QBF.0.184", "response": {"type": "exactChoices", "data": {"choices": [{"id": "O47QBF.0.184.c0", "surfaces": [{"type": "summary", "data": {"code": "candidate"}}, {"type": "action", "data": {"code": "passPriority", "acti
[attacking/P0] prompt seen: {"interactionId": "O47QBF.0.185", "response": {"type": "exactChoices", "data": {"choices": [{"id": "O47QBF.0.185.c0", "surfaces": [{"type": "summary", "data": {"code": "candidate"}}, {"type": "action", "data": {"code": "passPriority", "acti
[attacking/P1] prompt seen: {"interactionId": "O47QBF.0.186", "response": {"type": "exactChoices", "data": {"choices": [{"id": "O47QBF.0.186.c0", "surfaces": [{"type": "summary", "data": {"code": "candidate"}}, {"type": "action", "data": {"code": "passPriority", "acti
[attacking/P1] prompt seen: {"interactionId": "O47QBF.0.187", "response": {"type": "exactChoices", "data": {"choices": [{"id": "O47QBF.0.187.c0", "surfaces": [{"type": "summary", "data": {"code": "candidate"}}, {"type": "action", "data": {"code": "passPriority", "acti
[attacking/P0] prompt seen: {"interactionId": "O47QBF.0.188", "response": {"type": "exactChoices", "data": {"choices": [{"id": "O47QBF.0.188.c0", "surfaces": [{"type": "summary", "data": {"code": "candidate"}}, {"type": "action", "data": {"code": "passPriority", "acti
[attacking/P1] prompt seen: {"interactionId": "O47QBF.0.189", "response": {"type": "exactChoices", "data": {"choices": [{"id": "O47QBF.0.189.c0", "surfaces": [{"type": "summary", "data": {"code": "candidate"}}, {"type": "action", "data": {"code": "passPriority", "acti
[attacking/P0] prompt seen: {"interactionId": "O47QBF.0.190", "response": {"type": "exactChoices", "data": {"choices": [{"id": "O47QBF.0.190.c0", "surfaces": [{"type": "summary", "data": {"code": "candidate"}}, {"type": "action", "data": {"code": "passPriority", "acti
[attacking/P1] prompt seen: {"interactionId": "O47QBF.0.191", "response": {"type": "schema", "data": {"spec": {"type": "relations", "data": {"edges": [{"sourceId": "O47QBF.0.191.r0", "targetIds": ["O47QBF.0.191.d0"]}, {"sourceId": "O47QBF.0.191.r1", "targetIds": ["O47
[attacking/P1] prompt seen: {"interactionId": "O47QBF.0.192", "response": {"type": "exactChoices", "data": {"choices": [{"id": "O47QBF.0.192.c0", "surfaces": [{"type": "summary", "data": {"code": "candidate"}}, {"type": "action", "data": {"code": "passPriority", "acti
[attacking/P0] prompt seen: {"interactionId": "O47QBF.0.193", "response": {"type": "exactChoices", "data": {"choices": [{"id": "O47QBF.0.193.c0", "surfaces": [{"type": "summary", "data": {"code": "candidate"}}, {"type": "action", "data": {"code": "passPriority", "acti
[attacking/P1] prompt seen: {"interactionId": "O47QBF.0.194", "response": {"type": "exactChoices", "data": {"choices": [{"id": "O47QBF.0.194.c0", "surfaces": [{"type": "summary", "data": {"code": "candidate"}}, {"type": "action", "data": {"code": "passPriority", "acti
[attacking/P0] prompt seen: {"interactionId": "O47QBF.0.195", "response": {"type": "exactChoices", "data": {"choices": [{"id": "O47QBF.0.195.c0", "surfaces": [{"type": "summary", "data": {"code": "candidate"}}, {"type": "action", "data": {"code": "passPriority", "acti
[attacking/P1] prompt seen: {"interactionId": "O47QBF.0.196", "response": {"type": "exactChoices", "data": {"choices": [{"id": "O47QBF.0.196.c0", "surfaces": [{"type": "summary", "data": {"code": "candidate"}}, {"type": "action", "data": {"code": "passPriority", "acti
[attacking/P0] prompt seen: {"interactionId": "O47QBF.0.197", "response": {"type": "exactChoices", "data": {"choices": [{"id": "O47QBF.0.197.c0", "surfaces": [{"type": "summary", "data": {"code": "candidate"}}, {"type": "action", "data": {"code": "passPriority", "acti
[attacking/P0] prompt seen: {"interactionId": "O47QBF.0.198", "response": {"type": "exactChoices", "data": {"choices": [{"id": "O47QBF.0.198.c0", "surfaces": [{"type": "summary", "data": {"code": "candidate"}}, {"type": "action", "data": {"code": "passPriority", "acti
[attacking/P1] prompt seen: {"interactionId": "O47QBF.0.199", "response": {"type": "exactChoices", "data": {"choices": [{"id": "O47QBF.0.199.c0", "surfaces": [{"type": "summary", "data": {"code": "candidate"}}, {"type": "action", "data": {"code": "passPriority", "acti
[attacking/P0] prompt seen: {"interactionId": "O47QBF.0.200", "response": {"type": "exactChoices", "data": {"choices": [{"id": "O47QBF.0.200.c0", "surfaces": [{"type": "summary", "data": {"code": "candidate"}}, {"type": "action", "data": {"code": "passPriority", "acti
[attacking/P1] prompt seen: {"interactionId": "O47QBF.0.201", "response": {"type": "exactChoices", "data": {"choices": [{"id": "O47QBF.0.201.c0", "surfaces": [{"type": "summary", "data": {"code": "candidate"}}, {"type": "action", "data": {"code": "passPriority", "acti
[attacking/P0] prompt seen: {"interactionId": "O47QBF.0.202", "response": {"type": "exactChoices", "data": {"choices": [{"id": "O47QBF.0.202.c0", "surfaces": [{"type": "summary", "data": {"code": "candidate"}}, {"type": "action", "data": {"code": "passPriority", "acti
[attacking/P0] prompt seen: {"interactionId": "O47QBF.0.203", "response": {"type": "exactChoices", "data": {"choices": [{"id": "O47QBF.0.203.c0", "surfaces": [{"type": "summary", "data": {"code": "candidate"}}, {"type": "action", "data": {"code": "passPriority", "acti
[attacking/P1] prompt seen: {"interactionId": "O47QBF.0.204", "response": {"type": "exactChoices", "data": {"choices": [{"id": "O47QBF.0.204.c0", "surfaces": [{"type": "summary", "data": {"code": "candidate"}}, {"type": "action", "data": {"code": "passPriority", "acti
[attacking/P0] prompt seen: {"interactionId": "O47QBF.0.205", "response": {"type": "exactChoices", "data": {"choices": [{"id": "O47QBF.0.205.c0", "surfaces": [{"type": "summary", "data": {"code": "candidate"}}, {"type": "action", "data": {"code": "passPriority", "acti
[attacking/P1] prompt seen: {"interactionId": "O47QBF.0.206", "response": {"type": "exactChoices", "data": {"choices": [{"id": "O47QBF.0.206.c0", "surfaces": [{"type": "summary", "data": {"code": "candidate"}}, {"type": "action", "data": {"code": "passPriority", "acti
[attacking/P0] prompt seen: {"interactionId": "O47QBF.0.207", "response": {"type": "schema", "data": {"spec": {"type": "relations", "data": {"edges": [{"sourceId": "O47QBF.0.207.r0", "targetIds": ["O47QBF.0.207.d0"]}], "min": 0, "max": 1, "sourceConstraint": "atMostOn
[attacking/P0] prompt seen: {"interactionId": "O47QBF.0.208", "response": {"type": "exactChoices", "data": {"choices": [{"id": "O47QBF.0.208.c0", "surfaces": [{"type": "summary", "data": {"code": "candidate"}}, {"type": "action", "data": {"code": "passPriority", "acti
[attacking/P1] prompt seen: {"interactionId": "O47QBF.0.209", "response": {"type": "exactChoices", "data": {"choices": [{"id": "O47QBF.0.209.c0", "surfaces": [{"type": "summary", "data": {"code": "candidate"}}, {"type": "action", "data": {"code": "passPriority", "acti
[attacking/P0] prompt seen: {"interactionId": "O47QBF.0.210", "response": {"type": "exactChoices", "data": {"choices": [{"id": "O47QBF.0.210.c0", "surfaces": [{"type": "summary", "data": {"code": "candidate"}}, {"type": "action", "data": {"code": "passPriority", "acti
[attacking/P1] prompt seen: {"interactionId": "O47QBF.0.211", "response": {"type": "exactChoices", "data": {"choices": [{"id": "O47QBF.0.211.c0", "surfaces": [{"type": "summary", "data": {"code": "candidate"}}, {"type": "action", "data": {"code": "passPriority", "acti
[attacking/P0] prompt seen: {"interactionId": "O47QBF.0.212", "response": {"type": "exactChoices", "data": {"choices": [{"id": "O47QBF.0.212.c0", "surfaces": [{"type": "summary", "data": {"code": "candidate"}}, {"type": "action", "data": {"code": "passPriority", "acti
[attacking/P1] prompt seen: {"interactionId": "O47QBF.0.213", "response": {"type": "exactChoices", "data": {"choices": [{"id": "O47QBF.0.213.c0", "surfaces": [{"type": "summary", "data": {"code": "candidate"}}, {"type": "action", "data": {"code": "passPriority", "acti
[attacking/P1] prompt seen: {"interactionId": "O47QBF.0.214", "response": {"type": "exactChoices", "data": {"choices": [{"id": "O47QBF.0.214.c0", "surfaces": [{"type": "summary", "data": {"code": "candidate"}}, {"type": "action", "data": {"code": "passPriority", "acti
[attacking/P0] prompt seen: {"interactionId": "O47QBF.0.215", "response": {"type": "exactChoices", "data": {"choices": [{"id": "O47QBF.0.215.c0", "surfaces": [{"type": "summary", "data": {"code": "candidate"}}, {"type": "action", "data": {"code": "passPriority", "acti
[attacking/P1] prompt seen: {"interactionId": "O47QBF.0.216", "response": {"type": "exactChoices", "data": {"choices": [{"id": "O47QBF.0.216.c0", "surfaces": [{"type": "summary", "data": {"code": "candidate"}}, {"type": "action", "data": {"code": "passPriority", "acti
[attacking/P0] prompt seen: {"interactionId": "O47QBF.0.217", "response": {"type": "exactChoices", "data": {"choices": [{"id": "O47QBF.0.217.c0", "surfaces": [{"type": "summary", "data": {"code": "candidate"}}, {"type": "action", "data": {"code": "passPriority", "acti
[attacking/P1] prompt seen: {"interactionId": "O47QBF.0.218", "response": {"type": "exactChoices", "data": {"choices": [{"id": "O47QBF.0.218.c0", "surfaces": [{"type": "summary", "data": {"code": "candidate"}}, {"type": "action", "data": {"code": "passPriority", "acti
[attacking/P1] prompt seen: {"interactionId": "O47QBF.0.219", "response": {"type": "exactChoices", "data": {"choices": [{"id": "O47QBF.0.219.c0", "surfaces": [{"type": "summary", "data": {"code": "candidate"}}, {"type": "action", "data": {"code": "passPriority", "acti
[attacking/P0] prompt seen: {"interactionId": "O47QBF.0.220", "response": {"type": "exactChoices", "data": {"choices": [{"id": "O47QBF.0.220.c0", "surfaces": [{"type": "summary", "data": {"code": "candidate"}}, {"type": "action", "data": {"code": "passPriority", "acti
settled: stack empty, Priority, 8s idle; exporting post
exported post.json
finalizing
