[19:08:09] ServerHello: version=0.102.0 build=e17f6fd protocol=106 mode=Full
[19:08:09] data-level check: ok=True modal_dfc fronts={'tony stark': 'modal_dfc', 'tergrid, god of fright': 'modal_dfc'} backs=True
[19:08:11] game=51XVED run=20261004-5474e
[19:08:11] [P0] keep 7: ['island', 'island', 'island', 'tony stark', 'island', 'island', 'island']
[19:08:11] [P1] mulligan #1 (7 cards, hand=['forest', 'forest', 'forest', 'forest', 'forest', 'forest', 'forest'])
[19:08:11] DIAG turn=1 phase=Untap stage=g1_setup tony_bf=[] ironman_bf=[] stack=0
[19:08:11] [P1] mulligan #2 (7 cards, hand=['forest', 'forest', 'forest', 'forest', 'forest', 'forest', 'forest'])
[19:08:12] [P1] mulligan #3 (7 cards, hand=['forest', 'forest', 'forest', 'forest', 'forest', 'forest', 'forest'])
[19:08:12] [P1] keep 7: ['forest', 'forest', 'forest', 'forest', 'forest', 'forest', 'forest']
[19:08:13] [P1] bottoming ['forest', 'forest', 'forest'] via vi
[19:08:13] [P1] playing land forest
[19:08:18] [P0] playing land island
[19:08:22] [P1] playing land forest
[19:08:27] [P0] playing land island
[19:08:28] [P0] casting tony stark (oid 16) needs={'U': 1, 'generic': 1} via legacy
[19:08:28] STAGE -> g1_face1 (cast 1 submitted; exporting pre)
[19:08:28] exported pre.json (turn=4)
[19:08:28] ModalFaceChoice [g1_cast1]: faces=[('front', 'front')] canSubmit=True kind=choose legalChooseModalFace=1
[19:08:28] [g1_cast1] answering ModalFaceChoice: face=front choice=51XVED.0.57.c0 (front)
[19:08:29] STAGE -> g1_cast2_prep (Tony Stark #1 on BF; exporting post_front)
[19:08:29] exported post_front.json (turn=4)
[19:08:31] [P0] cast2 check: can_pay(RR+3)=False tony_oid=None untapped_mountains=0 untapped_lands=0 hand=['island', 'island', 'island', 'island', 'island', 'mountain']
[19:08:32] [P1] playing land forest
[19:08:35] [P0] tap land for mana used_for=U needs={'U': 0, 'generic': 1}
[19:08:35] [P0] submitting interaction iid=51XVED.0.85 choice=51XVED.0.85.c2 (Island)
[19:08:35] [P0] tap land for mana used_for=generic needs={'U': 0, 'generic': 0}
[19:08:35] [P0] submitting interaction iid=51XVED.0.86 choice=51XVED.0.86.c2 (Island)
[19:08:36] [P0] playing land mountain
[19:08:39] [P1] playing land forest
[19:08:43] [P0] playing land mountain
[19:08:46] [P1] playing land forest
[19:08:52] [P0] cast2 check: can_pay(RR+3)=False tony_oid=None untapped_mountains=2 untapped_lands=4 hand=['island', 'island', 'island', 'island', 'island', 'island', 'island']
[19:08:53] [P1] playing land forest
[19:08:59] [P0] discarding to hand size via vi (select): picks=['51XVED.0.194.s0']
[19:09:00] [P1] playing land forest
[19:09:04] [P0] playing land mountain
[19:09:08] [P1] playing land forest
[19:09:11] [P0] playing land mountain
[19:09:11] DIAG turn=16 phase=PreCombatMain stage=g1_cast2_prep tony_bf=[16] ironman_bf=[] stack=0
[19:09:13] [P0] cast2 check: can_pay(RR+3)=True tony_oid=None untapped_mountains=4 untapped_lands=6 hand=['island', 'island', 'island', 'island', 'island', 'island', 'island']
[19:09:16] [P1] playing land forest
[19:09:19] [P0] playing land mountain
[19:09:24] [P1] playing land forest
[19:09:32] [P0] discarding to hand size via vi (select): picks=['51XVED.0.318.s0']
[19:09:33] [P1] playing land forest
[19:09:37] [P0] playing land mountain
[19:09:37] [P0] cast2 check: can_pay(RR+3)=True tony_oid=None untapped_mountains=6 untapped_lands=8 hand=['island', 'island', 'island', 'island', 'island', 'island', 'island']
[19:09:41] [P1] playing land forest
[19:09:45] [P0] playing land mountain
[19:09:48] [P1] playing land forest
[19:09:52] [P0] playing land mountain
[19:09:56] [P1] playing land forest
[19:10:00] [P0] playing land mountain
[19:10:00] [P0] cast2 check: can_pay(RR+3)=True tony_oid=None untapped_mountains=9 untapped_lands=11 hand=['island', 'island', 'island', 'island', 'island', 'island', 'island']
[19:10:04] [P1] playing land forest
[19:10:09] [P0] playing land mountain
[19:10:11] DIAG turn=30 phase=EndCombat stage=g1_cast2_prep tony_bf=[16] ironman_bf=[] stack=0
[19:10:13] [P1] playing land forest
[19:10:17] [P0] playing land mountain
[19:10:21] [P1] playing land forest
[19:10:25] [P0] cast2 check: can_pay(RR+3)=True tony_oid=9 untapped_mountains=11 untapped_lands=13 hand=['island', 'island', 'island', 'island', 'island', 'island', 'island', 'tony stark']
[19:10:25] [P0] casting tony stark (oid 9) needs={'R': 2, 'generic': 3} via legacy
[19:10:25] STAGE -> g1_face2 (cast 2 submitted; exporting pre_cast2)
[19:10:26] exported pre_cast2.json (turn=34)
[19:10:26] ModalFaceChoice [g1_cast2]: faces=[('front', 'front'), ('back', 'back')] canSubmit=True kind=choose legalChooseModalFace=2
[19:10:26] [P0] exploratory: ChooseModalFace back_face=true (advertised=True)
[19:10:26] [P0] tap land for mana used_for=R needs={'R': 1, 'generic': 3}
[19:10:26] [P0] submitting interaction iid=51XVED.0.526 choice=51XVED.0.526.c2 (Mountain)
[19:10:26] [P0] tap land for mana used_for=R needs={'R': 0, 'generic': 3}
[19:10:26] [P0] submitting interaction iid=51XVED.0.527 choice=51XVED.0.527.c2 (Mountain)
[19:10:27] [P0] tap land for mana used_for=generic needs={'R': 0, 'generic': 2}
[19:10:27] [P0] submitting interaction iid=51XVED.0.528 choice=51XVED.0.528.c2 (Mountain)
[19:10:27] [P0] tap land for mana used_for=generic needs={'R': 0, 'generic': 1}
[19:10:27] [P0] submitting interaction iid=51XVED.0.529 choice=51XVED.0.529.c2 (Mountain)
[19:10:27] [P0] tap land for mana used_for=generic needs={'R': 0, 'generic': 0}
[19:10:27] [P0] submitting interaction iid=51XVED.0.530 choice=51XVED.0.530.c2 (Mountain)
[19:11:11] DIAG turn=34 phase=BeginCombat stage=g1_face2 tony_bf=[16] ironman_bf=[] stack=0
[19:11:14] WATCHDOG stale P0: rev 537 turn=34 phase=BeginCombat holding_priority=False stage=g1_face2
[19:11:14] WATCHDOG stale P1: rev 537 turn=34 phase=BeginCombat holding_priority=False stage=g1_face2
[19:11:59] WATCHDOG stale P0: rev 537 turn=34 phase=BeginCombat holding_priority=False stage=g1_face2
[19:11:59] WATCHDOG stale P1: rev 537 turn=34 phase=BeginCombat holding_priority=False stage=g1_face2
[19:11:59] WEDGE detected: engine froze after back-face probe; exporting mid_stall.json
[19:11:59] exported mid_stall.json (turn=34)
[19:11:59] game 1 loop ended ok=True stage=game1_done
[19:12:01] game=HGWIU1 run=20261004-5474e
[19:12:02] [P0] keep 7: ['swamp', 'swamp', 'swamp', 'tergrid, god of fright', 'swamp', 'swamp', 'tergrid, god of fright']
[19:12:02] [P1] keep 7: ['forest', 'forest', 'forest', 'forest', 'forest', 'forest', 'forest']
[19:12:02] DIAG turn=1 phase=Untap stage=g2_setup tony_bf=[] ironman_bf=[] stack=0
[19:12:03] [P0] playing land swamp
[19:12:06] [P1] playing land forest
[19:12:09] [P0] playing land swamp
[19:12:13] [P1] playing land forest
[19:12:17] [P0] playing land swamp
[19:12:20] [P1] playing land forest
[19:12:27] [P0] playing land swamp
[19:12:30] [P1] playing land forest
[19:12:34] [P0] playing land swamp
[19:12:34] [P0] casting tergrid, god of fright (oid 27) needs={'B': 2, 'generic': 3} via legacy
[19:12:34] STAGE -> g2_face (Tergrid cast submitted; exporting g2_pre)
[19:12:34] exported g2_pre.json (turn=9)
[19:12:35] ModalFaceChoice [g2_cast1]: faces=[('front', 'front'), ('back', 'back')] canSubmit=True kind=choose legalChooseModalFace=2
[19:12:35] [g2_cast1] answering ModalFaceChoice: face=front choice=HGWIU1.0.128.c0 (front)
[19:12:35] game 2 done (Tergrid on BF); exporting g2_post
[19:12:35] exported g2_post.json (turn=9)
[19:12:35] game 2 loop ended ok=True stage=game2_done
[19:12:35] verdict=reproduced assertions={"A1_setup_ok": "passed", "A2_modal_offered": "passed", "A3_choice_accepted": "passed", "A4_front_completes": "passed", "A5_back_reachable": "failed", "A6_cleanup": "not-run", "B1_tergrid_setup": "passed", "B2_tergrid_offered": "passed", "B3_tergrid_accepted": "passed", "B4_tergrid_completes": "passed"}
[19:12:35] closing logs before manifest computation
