ServerHello: 0.105.0/965e243/protocol 120/Full
data-level check: ok=True notes=[]
game V4396I; P0 seat=0 P1 seat=1
[P0] keep 7: ['mountain', 'mountain', 'mountain', 'mountain', 'fateful tempest', 'mountain', 'mountain'] (mull_count=1)
[P1] keep 7: ['mountain', 'mountain', 'mountain', 'mountain', 'mountain', 'mountain', 'mountain'] (mull_count=1)
DIAG turn=1 active=1 phase=Untap vikind=mulligan P0hand=['mountain', 'mountain', 'mountain', 'mountain', 'fateful tempest', 'mountain', 'mountain'] P0lands=0 life=20/20 stack=0 cast=False vote=False pre=False post=False
[P1] tap land for mana used_for=any
[P1] submitting interaction iid=V4396I.0.7 choice=V4396I.0.7.c1 (candidate | tapLandForMana | Mountain)
[P1] tap land for mana used_for=any
[P1] submitting interaction iid=V4396I.0.33 choice=V4396I.0.33.c1 (candidate | tapLandForMana | Mountain)
[P1] tap land for mana used_for=any
[P1] submitting interaction iid=V4396I.0.39 choice=V4396I.0.39.c1 (candidate | tapLandForMana | Mountain)
[P1] tap land for mana used_for=any
[P1] submitting interaction iid=V4396I.0.65 choice=V4396I.0.65.c1 (candidate | tapLandForMana | Mountain)
[P1] tap land for mana used_for=any
[P1] submitting interaction iid=V4396I.0.66 choice=V4396I.0.66.c1 (candidate | tapLandForMana | Mountain)
[P1] tap land for mana used_for=any
[P1] submitting interaction iid=V4396I.0.72 choice=V4396I.0.72.c1 (candidate | tapLandForMana | Mountain)
[P0] P0 main phase: exporting PRE, then casting Fateful Tempest
[P0] P0 casts Fateful Tempest (turn 6, oid 2)
[P0] exported MID (Tempest on stack)
[P0] Tempest resolved; exporting POST
[P0] exported POST
post exported; finishing
milled=[] mv_sum=0 dmg_p1=0 exiled=[]
