2026-10-08T10:21:39.080801Z  INFO ws_message: server_core::session: game session created game=7R8JLA player_count=2
2026-10-08T10:21:39.094455Z  INFO ws_message: phase_server: game created via lobby game=7R8JLA host=P06983r players=2
2026-10-08T10:21:39.157550Z  INFO ws_message: phase_server: JoinGameWithPassword game=7R8JLA joiner=P16983r
2026-10-08T10:21:39.158864Z  INFO ws_message: server_core::session: player joined session game=7R8JLA player=PlayerId(1) seat=1
2026-10-08T10:21:39.207506Z  INFO ws_message: phase_server: player joined game=7R8JLA player=PlayerId(1)
2026-10-08T10:21:39.479303Z  WARN phase_server: Full snapshot was no longer current game=7R8JLA disposition=SupersededOrRetired
2026-10-08T10:21:41.004675Z  INFO ws_message:game_session{game=7R8JLA player=PlayerId(0)}: server_core::session: action applied game=7R8JLA player=PlayerId(0) action_type="MulliganDecision" event_count=0
2026-10-08T10:21:41.026402Z  INFO ws_message:game_session{game=7R8JLA player=PlayerId(0)}: phase_server: game submission processed (lock held) game=7R8JLA kind="action" lock_ms=22 ai_actions=0
2026-10-08T10:21:41.117192Z  INFO ws_message:game_session{game=7R8JLA player=PlayerId(1)}: server_core::session: action applied game=7R8JLA player=PlayerId(1) action_type="MulliganDecision" event_count=1
2026-10-08T10:21:41.119101Z  INFO ws_message:game_session{game=7R8JLA player=PlayerId(1)}: phase_server: game submission processed (lock held) game=7R8JLA kind="action" lock_ms=6 ai_actions=0
2026-10-08T10:21:41.256678Z  INFO ws_message:game_session{game=7R8JLA player=PlayerId(0)}: server_core::session: action applied game=7R8JLA player=PlayerId(0) action_type="PassPriority" event_count=1
2026-10-08T10:21:41.260661Z  INFO ws_message:game_session{game=7R8JLA player=PlayerId(0)}: phase_server: game submission processed (lock held) game=7R8JLA kind="action" lock_ms=4 ai_actions=0
2026-10-08T10:21:41.508991Z  INFO ws_message:game_session{game=7R8JLA player=PlayerId(1)}: server_core::session: action applied game=7R8JLA player=PlayerId(1) action_type="PassPriority" event_count=2
2026-10-08T10:21:41.532593Z  INFO ws_message:game_session{game=7R8JLA player=PlayerId(1)}: phase_server: game submission processed (lock held) game=7R8JLA kind="action" lock_ms=24 ai_actions=0
2026-10-08T10:21:41.768296Z  INFO ws_message:game_session{game=7R8JLA player=PlayerId(0)}: server_core::session: action applied game=7R8JLA player=PlayerId(0) action_type="PlayLand" event_count=2
2026-10-08T10:21:41.778545Z  INFO ws_message:game_session{game=7R8JLA player=PlayerId(0)}: phase_server: game submission processed (lock held) game=7R8JLA kind="action" lock_ms=16 ai_actions=0
2026-10-08T10:21:42.014577Z  INFO ws_message:game_session{game=7R8JLA player=PlayerId(0)}: server_core::session: action applied game=7R8JLA player=PlayerId(0) action_type="PassPriority" event_count=1
2026-10-08T10:21:42.018146Z  INFO ws_message:game_session{game=7R8JLA player=PlayerId(0)}: phase_server: game submission processed (lock held) game=7R8JLA kind="action" lock_ms=4 ai_actions=0
2026-10-08T10:21:42.266405Z  INFO ws_message:game_session{game=7R8JLA player=PlayerId(1)}: server_core::session: action applied game=7R8JLA player=PlayerId(1) action_type="PassPriority" event_count=1
2026-10-08T10:21:42.271683Z  INFO ws_message:game_session{game=7R8JLA player=PlayerId(1)}: phase_server: game submission processed (lock held) game=7R8JLA kind="action" lock_ms=6 ai_actions=0
2026-10-08T10:21:42.519070Z  INFO ws_message:game_session{game=7R8JLA player=PlayerId(0)}: server_core::session: action applied game=7R8JLA player=PlayerId(0) action_type="PassPriority" event_count=1
2026-10-08T10:21:42.523056Z  INFO ws_message:game_session{game=7R8JLA player=PlayerId(0)}: phase_server: game submission processed (lock held) game=7R8JLA kind="action" lock_ms=4 ai_actions=0
2026-10-08T10:21:42.774531Z  INFO ws_message:game_session{game=7R8JLA player=PlayerId(1)}: server_core::session: action applied game=7R8JLA player=PlayerId(1) action_type="PassPriority" event_count=3
2026-10-08T10:21:42.778803Z  INFO ws_message:game_session{game=7R8JLA player=PlayerId(1)}: phase_server: game submission processed (lock held) game=7R8JLA kind="action" lock_ms=9 ai_actions=0
2026-10-08T10:21:43.022143Z  INFO ws_message:game_session{game=7R8JLA player=PlayerId(0)}: server_core::session: action applied game=7R8JLA player=PlayerId(0) action_type="PassPriority" event_count=1
2026-10-08T10:21:43.026184Z  INFO ws_message:game_session{game=7R8JLA player=PlayerId(0)}: phase_server: game submission processed (lock held) game=7R8JLA kind="action" lock_ms=4 ai_actions=0
2026-10-08T10:21:43.277724Z  INFO ws_message:game_session{game=7R8JLA player=PlayerId(1)}: server_core::session: action applied game=7R8JLA player=PlayerId(1) action_type="PassPriority" event_count=1
2026-10-08T10:21:43.283450Z  INFO ws_message:game_session{game=7R8JLA player=PlayerId(1)}: phase_server: game submission processed (lock held) game=7R8JLA kind="action" lock_ms=10 ai_actions=0
2026-10-08T10:21:43.525542Z  INFO ws_message:game_session{game=7R8JLA player=PlayerId(0)}: server_core::session: action applied game=7R8JLA player=PlayerId(0) action_type="PassPriority" event_count=1
2026-10-08T10:21:43.529527Z  INFO ws_message:game_session{game=7R8JLA player=PlayerId(0)}: phase_server: game submission processed (lock held) game=7R8JLA kind="action" lock_ms=4 ai_actions=0
2026-10-08T10:21:43.788976Z  INFO ws_message:game_session{game=7R8JLA player=PlayerId(1)}: server_core::session: action applied game=7R8JLA player=PlayerId(1) action_type="PassPriority" event_count=1
2026-10-08T10:21:43.793961Z  INFO ws_message:game_session{game=7R8JLA player=PlayerId(1)}: phase_server: game submission processed (lock held) game=7R8JLA kind="action" lock_ms=14 ai_actions=0
2026-10-08T10:21:44.031147Z  INFO ws_message:game_session{game=7R8JLA player=PlayerId(0)}: server_core::session: action applied game=7R8JLA player=PlayerId(0) action_type="PassPriority" event_count=1
2026-10-08T10:21:44.034876Z  INFO ws_message:game_session{game=7R8JLA player=PlayerId(0)}: phase_server: game submission processed (lock held) game=7R8JLA kind="action" lock_ms=5 ai_actions=0
2026-10-08T10:21:44.287596Z  INFO ws_message:game_session{game=7R8JLA player=PlayerId(1)}: server_core::session: action applied game=7R8JLA player=PlayerId(1) action_type="PassPriority" event_count=4
2026-10-08T10:21:44.289852Z  INFO ws_message:game_session{game=7R8JLA player=PlayerId(1)}: phase_server: game submission processed (lock held) game=7R8JLA kind="action" lock_ms=8 ai_actions=0
2026-10-08T10:21:44.534229Z  INFO ws_message:game_session{game=7R8JLA player=PlayerId(1)}: server_core::session: action applied game=7R8JLA player=PlayerId(1) action_type="PassPriority" event_count=1
2026-10-08T10:21:44.543716Z  INFO ws_message:game_session{game=7R8JLA player=PlayerId(1)}: phase_server: game submission processed (lock held) game=7R8JLA kind="action" lock_ms=10 ai_actions=0
2026-10-08T10:21:44.790800Z  INFO ws_message:game_session{game=7R8JLA player=PlayerId(0)}: server_core::session: action applied game=7R8JLA player=PlayerId(0) action_type="PassPriority" event_count=4
2026-10-08T10:21:44.793103Z  INFO ws_message:game_session{game=7R8JLA player=PlayerId(0)}: phase_server: game submission processed (lock held) game=7R8JLA kind="action" lock_ms=8 ai_actions=0
2026-10-08T10:21:45.038219Z  INFO ws_message:game_session{game=7R8JLA player=PlayerId(1)}: server_core::session: action applied game=7R8JLA player=PlayerId(1) action_type="PassPriority" event_count=1
2026-10-08T10:21:45.042382Z  INFO ws_message:game_session{game=7R8JLA player=PlayerId(1)}: phase_server: game submission processed (lock held) game=7R8JLA kind="action" lock_ms=5 ai_actions=0
2026-10-08T10:21:45.289502Z  INFO ws_message:game_session{game=7R8JLA player=PlayerId(0)}: server_core::session: action applied game=7R8JLA player=PlayerId(0) action_type="PassPriority" event_count=1
2026-10-08T10:21:45.310838Z  INFO ws_message:game_session{game=7R8JLA player=PlayerId(0)}: phase_server: game submission processed (lock held) game=7R8JLA kind="action" lock_ms=22 ai_actions=0
2026-10-08T10:21:45.545011Z  INFO ws_message:game_session{game=7R8JLA player=PlayerId(1)}: server_core::session: action applied game=7R8JLA player=PlayerId(1) action_type="PlayLand" event_count=2
2026-10-08T10:21:45.552357Z  INFO ws_message:game_session{game=7R8JLA player=PlayerId(1)}: phase_server: game submission processed (lock held) game=7R8JLA kind="action" lock_ms=12 ai_actions=0
2026-10-08T10:21:45.793242Z  INFO ws_message:game_session{game=7R8JLA player=PlayerId(1)}: server_core::session: action applied game=7R8JLA player=PlayerId(1) action_type="PassPriority" event_count=1
2026-10-08T10:21:45.797281Z  INFO ws_message:game_session{game=7R8JLA player=PlayerId(1)}: phase_server: game submission processed (lock held) game=7R8JLA kind="action" lock_ms=6 ai_actions=0
2026-10-08T10:21:46.044304Z  INFO ws_message:game_session{game=7R8JLA player=PlayerId(0)}: server_core::session: action applied game=7R8JLA player=PlayerId(0) action_type="PassPriority" event_count=1
2026-10-08T10:21:46.052014Z  INFO ws_message:game_session{game=7R8JLA player=PlayerId(0)}: phase_server: game submission processed (lock held) game=7R8JLA kind="action" lock_ms=8 ai_actions=0
2026-10-08T10:21:46.296846Z  INFO ws_message:game_session{game=7R8JLA player=PlayerId(1)}: server_core::session: action applied game=7R8JLA player=PlayerId(1) action_type="PassPriority" event_count=1
2026-10-08T10:21:46.300818Z  INFO ws_message:game_session{game=7R8JLA player=PlayerId(1)}: phase_server: game submission processed (lock held) game=7R8JLA kind="action" lock_ms=6 ai_actions=0
2026-10-08T10:21:46.554539Z  INFO ws_message:game_session{game=7R8JLA player=PlayerId(0)}: server_core::session: action applied game=7R8JLA player=PlayerId(0) action_type="PassPriority" event_count=3
2026-10-08T10:21:46.563386Z  INFO ws_message:game_session{game=7R8JLA player=PlayerId(0)}: phase_server: game submission processed (lock held) game=7R8JLA kind="action" lock_ms=17 ai_actions=0
2026-10-08T10:21:46.800898Z  INFO ws_message:game_session{game=7R8JLA player=PlayerId(1)}: server_core::session: action applied game=7R8JLA player=PlayerId(1) action_type="PassPriority" event_count=1
2026-10-08T10:21:46.805320Z  INFO ws_message:game_session{game=7R8JLA player=PlayerId(1)}: phase_server: game submission processed (lock held) game=7R8JLA kind="action" lock_ms=7 ai_actions=0
2026-10-08T10:21:47.056660Z  INFO ws_message:game_session{game=7R8JLA player=PlayerId(0)}: server_core::session: action applied game=7R8JLA player=PlayerId(0) action_type="PassPriority" event_count=1
2026-10-08T10:21:47.063860Z  INFO ws_message:game_session{game=7R8JLA player=PlayerId(0)}: phase_server: game submission processed (lock held) game=7R8JLA kind="action" lock_ms=11 ai_actions=0
2026-10-08T10:21:47.306399Z  INFO ws_message:game_session{game=7R8JLA player=PlayerId(1)}: server_core::session: action applied game=7R8JLA player=PlayerId(1) action_type="PassPriority" event_count=1
2026-10-08T10:21:47.310479Z  INFO ws_message:game_session{game=7R8JLA player=PlayerId(1)}: phase_server: game submission processed (lock held) game=7R8JLA kind="action" lock_ms=6 ai_actions=0
2026-10-08T10:21:47.560046Z  INFO ws_message:game_session{game=7R8JLA player=PlayerId(0)}: server_core::session: action applied game=7R8JLA player=PlayerId(0) action_type="PassPriority" event_count=1
2026-10-08T10:21:47.567226Z  INFO ws_message:game_session{game=7R8JLA player=PlayerId(0)}: phase_server: game submission processed (lock held) game=7R8JLA kind="action" lock_ms=11 ai_actions=0
2026-10-08T10:21:47.809032Z  INFO ws_message:game_session{game=7R8JLA player=PlayerId(1)}: server_core::session: action applied game=7R8JLA player=PlayerId(1) action_type="PassPriority" event_count=1
2026-10-08T10:21:47.812942Z  INFO ws_message:game_session{game=7R8JLA player=PlayerId(1)}: phase_server: game submission processed (lock held) game=7R8JLA kind="action" lock_ms=5 ai_actions=0
2026-10-08T10:21:48.065463Z  INFO ws_message:game_session{game=7R8JLA player=PlayerId(0)}: server_core::session: action applied game=7R8JLA player=PlayerId(0) action_type="PassPriority" event_count=4
2026-10-08T10:21:48.067733Z  INFO ws_message:game_session{game=7R8JLA player=PlayerId(0)}: phase_server: game submission processed (lock held) game=7R8JLA kind="action" lock_ms=7 ai_actions=0
2026-10-08T10:21:48.315931Z  INFO ws_message:game_session{game=7R8JLA player=PlayerId(0)}: server_core::session: action applied game=7R8JLA player=PlayerId(0) action_type="PassPriority" event_count=1
2026-10-08T10:21:48.330974Z  INFO ws_message:game_session{game=7R8JLA player=PlayerId(0)}: phase_server: game submission processed (lock held) game=7R8JLA kind="action" lock_ms=18 ai_actions=0
2026-10-08T10:21:48.578207Z  INFO ws_message:game_session{game=7R8JLA player=PlayerId(1)}: server_core::session: action applied game=7R8JLA player=PlayerId(1) action_type="PassPriority" event_count=4
2026-10-08T10:21:48.581412Z  INFO ws_message:game_session{game=7R8JLA player=PlayerId(1)}: phase_server: game submission processed (lock held) game=7R8JLA kind="action" lock_ms=16 ai_actions=0
2026-10-08T10:21:48.817837Z  INFO ws_message:game_session{game=7R8JLA player=PlayerId(0)}: server_core::session: action applied game=7R8JLA player=PlayerId(0) action_type="PassPriority" event_count=1
2026-10-08T10:21:48.825497Z  INFO ws_message:game_session{game=7R8JLA player=PlayerId(0)}: phase_server: game submission processed (lock held) game=7R8JLA kind="action" lock_ms=8 ai_actions=0
2026-10-08T10:21:49.070055Z  INFO ws_message:game_session{game=7R8JLA player=PlayerId(1)}: server_core::session: action applied game=7R8JLA player=PlayerId(1) action_type="PassPriority" event_count=1
2026-10-08T10:21:49.094347Z  INFO ws_message:game_session{game=7R8JLA player=PlayerId(1)}: phase_server: game submission processed (lock held) game=7R8JLA kind="action" lock_ms=25 ai_actions=0
2026-10-08T10:21:49.326761Z  INFO ws_message:game_session{game=7R8JLA player=PlayerId(0)}: server_core::session: action applied game=7R8JLA player=PlayerId(0) action_type="PlayLand" event_count=2
2026-10-08T10:21:49.335418Z  INFO ws_message:game_session{game=7R8JLA player=PlayerId(0)}: phase_server: game submission processed (lock held) game=7R8JLA kind="action" lock_ms=14 ai_actions=0
2026-10-08T10:21:49.581455Z  INFO ws_message:game_session{game=7R8JLA player=PlayerId(0)}: server_core::session: action applied game=7R8JLA player=PlayerId(0) action_type="CastSpell" event_count=14
2026-10-08T10:21:49.583265Z  INFO ws_message:game_session{game=7R8JLA player=PlayerId(0)}: phase_server: game submission processed (lock held) game=7R8JLA kind="action" lock_ms=10 ai_actions=0
2026-10-08T10:21:49.834738Z  INFO ws_message:game_session{game=7R8JLA player=PlayerId(0)}: server_core::session: action applied game=7R8JLA player=PlayerId(0) action_type="PassPriority" event_count=1
2026-10-08T10:21:49.844687Z  INFO ws_message:game_session{game=7R8JLA player=PlayerId(0)}: phase_server: game submission processed (lock held) game=7R8JLA kind="action" lock_ms=17 ai_actions=0
2026-10-08T10:21:50.079874Z  INFO ws_message:game_session{game=7R8JLA player=PlayerId(1)}: server_core::session: action applied game=7R8JLA player=PlayerId(1) action_type="PassPriority" event_count=2
2026-10-08T10:21:50.082541Z  INFO ws_message:game_session{game=7R8JLA player=PlayerId(1)}: phase_server: game submission processed (lock held) game=7R8JLA kind="action" lock_ms=5 ai_actions=0
2026-10-08T10:21:50.331157Z  INFO ws_message:game_session{game=7R8JLA player=PlayerId(0)}: server_core::session: action applied game=7R8JLA player=PlayerId(0) action_type="PassPriority" event_count=1
2026-10-08T10:21:50.339419Z  INFO ws_message:game_session{game=7R8JLA player=PlayerId(0)}: phase_server: game submission processed (lock held) game=7R8JLA kind="action" lock_ms=10 ai_actions=0
2026-10-08T10:21:50.582340Z  INFO ws_message:game_session{game=7R8JLA player=PlayerId(1)}: server_core::session: action applied game=7R8JLA player=PlayerId(1) action_type="PassPriority" event_count=1
2026-10-08T10:21:50.584850Z  INFO ws_message:game_session{game=7R8JLA player=PlayerId(1)}: phase_server: game submission processed (lock held) game=7R8JLA kind="action" lock_ms=4 ai_actions=0
2026-10-08T10:21:50.833188Z  INFO ws_message:game_session{game=7R8JLA player=PlayerId(0)}: server_core::session: action applied game=7R8JLA player=PlayerId(0) action_type="PassPriority" event_count=1
2026-10-08T10:21:50.841939Z  INFO ws_message:game_session{game=7R8JLA player=PlayerId(0)}: phase_server: game submission processed (lock held) game=7R8JLA kind="action" lock_ms=10 ai_actions=0
2026-10-08T10:21:51.089506Z  INFO ws_message:game_session{game=7R8JLA player=PlayerId(1)}: server_core::session: action applied game=7R8JLA player=PlayerId(1) action_type="PassPriority" event_count=3
2026-10-08T10:21:51.092089Z  INFO ws_message:game_session{game=7R8JLA player=PlayerId(1)}: phase_server: game submission processed (lock held) game=7R8JLA kind="action" lock_ms=8 ai_actions=0
2026-10-08T10:21:52.017868Z  INFO ws_message:game_session{game=7R8JLA player=PlayerId(0)}: server_core::session: action applied game=7R8JLA player=PlayerId(0) action_type="PassPriority" event_count=1
2026-10-08T10:21:52.026638Z  INFO ws_message:game_session{game=7R8JLA player=PlayerId(0)}: phase_server: game submission processed (lock held) game=7R8JLA kind="action" lock_ms=10 ai_actions=0
2026-10-08T10:21:52.274642Z  INFO ws_message:game_session{game=7R8JLA player=PlayerId(1)}: server_core::session: action applied game=7R8JLA player=PlayerId(1) action_type="PassPriority" event_count=1
2026-10-08T10:21:52.277410Z  INFO ws_message:game_session{game=7R8JLA player=PlayerId(1)}: phase_server: game submission processed (lock held) game=7R8JLA kind="action" lock_ms=7 ai_actions=0
2026-10-08T10:21:52.523366Z  INFO ws_message:game_session{game=7R8JLA player=PlayerId(0)}: server_core::session: action applied game=7R8JLA player=PlayerId(0) action_type="PassPriority" event_count=1
2026-10-08T10:21:52.532079Z  INFO ws_message:game_session{game=7R8JLA player=PlayerId(0)}: phase_server: game submission processed (lock held) game=7R8JLA kind="action" lock_ms=10 ai_actions=0
2026-10-08T10:21:52.778773Z  INFO ws_message:game_session{game=7R8JLA player=PlayerId(1)}: server_core::session: action applied game=7R8JLA player=PlayerId(1) action_type="PassPriority" event_count=1
2026-10-08T10:21:52.781108Z  INFO ws_message:game_session{game=7R8JLA player=PlayerId(1)}: phase_server: game submission processed (lock held) game=7R8JLA kind="action" lock_ms=7 ai_actions=0
2026-10-08T10:21:53.029468Z  INFO ws_message:game_session{game=7R8JLA player=PlayerId(0)}: server_core::session: action applied game=7R8JLA player=PlayerId(0) action_type="PassPriority" event_count=1
2026-10-08T10:21:53.039396Z  INFO ws_message:game_session{game=7R8JLA player=PlayerId(0)}: phase_server: game submission processed (lock held) game=7R8JLA kind="action" lock_ms=12 ai_actions=0
2026-10-08T10:21:53.285432Z  INFO ws_message:game_session{game=7R8JLA player=PlayerId(1)}: server_core::session: action applied game=7R8JLA player=PlayerId(1) action_type="PassPriority" event_count=4
2026-10-08T10:21:53.292516Z  INFO ws_message:game_session{game=7R8JLA player=PlayerId(1)}: phase_server: game submission processed (lock held) game=7R8JLA kind="action" lock_ms=13 ai_actions=0
2026-10-08T10:21:53.532444Z  INFO ws_message:game_session{game=7R8JLA player=PlayerId(1)}: server_core::session: action applied game=7R8JLA player=PlayerId(1) action_type="PassPriority" event_count=1
2026-10-08T10:21:53.534839Z  INFO ws_message:game_session{game=7R8JLA player=PlayerId(1)}: phase_server: game submission processed (lock held) game=7R8JLA kind="action" lock_ms=3 ai_actions=0
2026-10-08T10:21:53.788309Z  INFO ws_message:game_session{game=7R8JLA player=PlayerId(0)}: server_core::session: action applied game=7R8JLA player=PlayerId(0) action_type="PassPriority" event_count=4
2026-10-08T10:21:53.796600Z  INFO ws_message:game_session{game=7R8JLA player=PlayerId(0)}: phase_server: game submission processed (lock held) game=7R8JLA kind="action" lock_ms=13 ai_actions=0
2026-10-08T10:21:54.036156Z  INFO ws_message:game_session{game=7R8JLA player=PlayerId(1)}: server_core::session: action applied game=7R8JLA player=PlayerId(1) action_type="PassPriority" event_count=1
2026-10-08T10:21:54.038691Z  INFO ws_message:game_session{game=7R8JLA player=PlayerId(1)}: phase_server: game submission processed (lock held) game=7R8JLA kind="action" lock_ms=4 ai_actions=0
2026-10-08T10:21:54.288540Z  INFO ws_message:game_session{game=7R8JLA player=PlayerId(0)}: server_core::session: action applied game=7R8JLA player=PlayerId(0) action_type="PassPriority" event_count=1
2026-10-08T10:21:54.315485Z  INFO ws_message:game_session{game=7R8JLA player=PlayerId(0)}: phase_server: game submission processed (lock held) game=7R8JLA kind="action" lock_ms=28 ai_actions=0
2026-10-08T10:21:54.543933Z  INFO ws_message:game_session{game=7R8JLA player=PlayerId(1)}: server_core::session: action applied game=7R8JLA player=PlayerId(1) action_type="PlayLand" event_count=2
2026-10-08T10:21:54.554177Z  INFO ws_message:game_session{game=7R8JLA player=PlayerId(1)}: phase_server: game submission processed (lock held) game=7R8JLA kind="action" lock_ms=15 ai_actions=0
2026-10-08T10:21:54.797446Z  INFO ws_message:game_session{game=7R8JLA player=PlayerId(1)}: server_core::session: action applied game=7R8JLA player=PlayerId(1) action_type="PassPriority" event_count=1
2026-10-08T10:21:54.805470Z  INFO ws_message:game_session{game=7R8JLA player=PlayerId(1)}: phase_server: game submission processed (lock held) game=7R8JLA kind="action" lock_ms=13 ai_actions=0
2026-10-08T10:21:55.047846Z  INFO ws_message:game_session{game=7R8JLA player=PlayerId(0)}: server_core::session: action applied game=7R8JLA player=PlayerId(0) action_type="PassPriority" event_count=1
2026-10-08T10:21:55.055788Z  INFO ws_message:game_session{game=7R8JLA player=PlayerId(0)}: phase_server: game submission processed (lock held) game=7R8JLA kind="action" lock_ms=9 ai_actions=0
2026-10-08T10:21:55.300239Z  INFO ws_message:game_session{game=7R8JLA player=PlayerId(1)}: server_core::session: action applied game=7R8JLA player=PlayerId(1) action_type="PassPriority" event_count=1
2026-10-08T10:21:55.302625Z  INFO ws_message:game_session{game=7R8JLA player=PlayerId(1)}: phase_server: game submission processed (lock held) game=7R8JLA kind="action" lock_ms=4 ai_actions=0
2026-10-08T10:21:55.557569Z  INFO ws_message:game_session{game=7R8JLA player=PlayerId(0)}: server_core::session: action applied game=7R8JLA player=PlayerId(0) action_type="PassPriority" event_count=3
2026-10-08T10:21:55.571906Z  INFO ws_message:game_session{game=7R8JLA player=PlayerId(0)}: phase_server: game submission processed (lock held) game=7R8JLA kind="action" lock_ms=22 ai_actions=0
2026-10-08T10:21:55.803144Z  INFO ws_message:game_session{game=7R8JLA player=PlayerId(1)}: server_core::session: action applied game=7R8JLA player=PlayerId(1) action_type="PassPriority" event_count=1
2026-10-08T10:21:55.805426Z  INFO ws_message:game_session{game=7R8JLA player=PlayerId(1)}: phase_server: game submission processed (lock held) game=7R8JLA kind="action" lock_ms=4 ai_actions=0
2026-10-08T10:21:56.056613Z  INFO ws_message:game_session{game=7R8JLA player=PlayerId(0)}: server_core::session: action applied game=7R8JLA player=PlayerId(0) action_type="PassPriority" event_count=1
2026-10-08T10:21:56.065081Z  INFO ws_message:game_session{game=7R8JLA player=PlayerId(0)}: phase_server: game submission processed (lock held) game=7R8JLA kind="action" lock_ms=13 ai_actions=0
2026-10-08T10:21:56.306633Z  INFO ws_message:game_session{game=7R8JLA player=PlayerId(1)}: server_core::session: action applied game=7R8JLA player=PlayerId(1) action_type="PassPriority" event_count=1
2026-10-08T10:21:56.308939Z  INFO ws_message:game_session{game=7R8JLA player=PlayerId(1)}: phase_server: game submission processed (lock held) game=7R8JLA kind="action" lock_ms=4 ai_actions=0
2026-10-08T10:21:56.560587Z  INFO ws_message:game_session{game=7R8JLA player=PlayerId(0)}: server_core::session: action applied game=7R8JLA player=PlayerId(0) action_type="PassPriority" event_count=1
2026-10-08T10:21:56.569677Z  INFO ws_message:game_session{game=7R8JLA player=PlayerId(0)}: phase_server: game submission processed (lock held) game=7R8JLA kind="action" lock_ms=13 ai_actions=0
2026-10-08T10:21:56.810730Z  INFO ws_message:game_session{game=7R8JLA player=PlayerId(1)}: server_core::session: action applied game=7R8JLA player=PlayerId(1) action_type="PassPriority" event_count=1
2026-10-08T10:21:56.813358Z  INFO ws_message:game_session{game=7R8JLA player=PlayerId(1)}: phase_server: game submission processed (lock held) game=7R8JLA kind="action" lock_ms=4 ai_actions=0
2026-10-08T10:21:57.066788Z  INFO ws_message:game_session{game=7R8JLA player=PlayerId(0)}: server_core::session: action applied game=7R8JLA player=PlayerId(0) action_type="PassPriority" event_count=6
2026-10-08T10:21:57.071030Z  INFO ws_message:game_session{game=7R8JLA player=PlayerId(0)}: phase_server: game submission processed (lock held) game=7R8JLA kind="action" lock_ms=9 ai_actions=0
2026-10-08T10:21:57.315098Z  INFO ws_message:game_session{game=7R8JLA player=PlayerId(0)}: server_core::session: action applied game=7R8JLA player=PlayerId(0) action_type="PassPriority" event_count=1
2026-10-08T10:21:57.322472Z  INFO ws_message:game_session{game=7R8JLA player=PlayerId(0)}: phase_server: game submission processed (lock held) game=7R8JLA kind="action" lock_ms=8 ai_actions=0
2026-10-08T10:21:57.571961Z  INFO ws_message:game_session{game=7R8JLA player=PlayerId(1)}: server_core::session: action applied game=7R8JLA player=PlayerId(1) action_type="PassPriority" event_count=4
2026-10-08T10:21:57.576039Z  INFO ws_message:game_session{game=7R8JLA player=PlayerId(1)}: phase_server: game submission processed (lock held) game=7R8JLA kind="action" lock_ms=10 ai_actions=0
2026-10-08T10:21:57.818759Z  INFO ws_message:game_session{game=7R8JLA player=PlayerId(0)}: server_core::session: action applied game=7R8JLA player=PlayerId(0) action_type="PassPriority" event_count=1
2026-10-08T10:21:57.826280Z  INFO ws_message:game_session{game=7R8JLA player=PlayerId(0)}: phase_server: game submission processed (lock held) game=7R8JLA kind="action" lock_ms=9 ai_actions=0
2026-10-08T10:21:58.072562Z  INFO ws_message:game_session{game=7R8JLA player=PlayerId(1)}: server_core::session: action applied game=7R8JLA player=PlayerId(1) action_type="PassPriority" event_count=1
2026-10-08T10:21:58.104412Z  INFO ws_message:game_session{game=7R8JLA player=PlayerId(1)}: phase_server: game submission processed (lock held) game=7R8JLA kind="action" lock_ms=35 ai_actions=0
2026-10-08T10:21:58.326224Z  INFO ws_message:game_session{game=7R8JLA player=PlayerId(0)}: server_core::session: action applied game=7R8JLA player=PlayerId(0) action_type="PlayLand" event_count=2
2026-10-08T10:21:58.331206Z  INFO ws_message:game_session{game=7R8JLA player=PlayerId(0)}: phase_server: game submission processed (lock held) game=7R8JLA kind="action" lock_ms=10 ai_actions=0
2026-10-08T10:21:58.575551Z  INFO ws_message:game_session{game=7R8JLA player=PlayerId(0)}: server_core::session: action applied game=7R8JLA player=PlayerId(0) action_type="PassPriority" event_count=1
2026-10-08T10:21:58.587131Z  INFO ws_message:game_session{game=7R8JLA player=PlayerId(0)}: phase_server: game submission processed (lock held) game=7R8JLA kind="action" lock_ms=14 ai_actions=0
2026-10-08T10:21:58.826740Z  INFO ws_message:game_session{game=7R8JLA player=PlayerId(1)}: server_core::session: action applied game=7R8JLA player=PlayerId(1) action_type="PassPriority" event_count=1
2026-10-08T10:21:58.831775Z  INFO ws_message:game_session{game=7R8JLA player=PlayerId(1)}: phase_server: game submission processed (lock held) game=7R8JLA kind="action" lock_ms=6 ai_actions=0
2026-10-08T10:21:59.079032Z  INFO ws_message:game_session{game=7R8JLA player=PlayerId(0)}: server_core::session: action applied game=7R8JLA player=PlayerId(0) action_type="PassPriority" event_count=1
2026-10-08T10:21:59.086515Z  INFO ws_message:game_session{game=7R8JLA player=PlayerId(0)}: phase_server: game submission processed (lock held) game=7R8JLA kind="action" lock_ms=10 ai_actions=0
2026-10-08T10:21:59.329615Z  INFO ws_message:game_session{game=7R8JLA player=PlayerId(1)}: server_core::session: action applied game=7R8JLA player=PlayerId(1) action_type="PassPriority" event_count=1
2026-10-08T10:21:59.341654Z  INFO ws_message:game_session{game=7R8JLA player=PlayerId(1)}: phase_server: game submission processed (lock held) game=7R8JLA kind="action" lock_ms=13 ai_actions=0
2026-10-08T10:21:59.585996Z  INFO ws_message:game_session{game=7R8JLA player=PlayerId(0)}: server_core::session: action applied game=7R8JLA player=PlayerId(0) action_type="DeclareAttackers" event_count=2
2026-10-08T10:21:59.590595Z  INFO ws_message:game_session{game=7R8JLA player=PlayerId(0)}: phase_server: game submission processed (lock held) game=7R8JLA kind="action" lock_ms=10 ai_actions=0
2026-10-08T10:21:59.835381Z  INFO ws_message:game_session{game=7R8JLA player=PlayerId(0)}: server_core::session: action applied game=7R8JLA player=PlayerId(0) action_type="PassPriority" event_count=1
2026-10-08T10:21:59.853444Z  INFO ws_message:game_session{game=7R8JLA player=PlayerId(0)}: phase_server: game submission processed (lock held) game=7R8JLA kind="action" lock_ms=21 ai_actions=0
2026-10-08T10:22:00.090355Z  INFO ws_message:game_session{game=7R8JLA player=PlayerId(1)}: server_core::session: action applied game=7R8JLA player=PlayerId(1) action_type="PassPriority" event_count=1
2026-10-08T10:22:00.095074Z  INFO ws_message:game_session{game=7R8JLA player=PlayerId(1)}: phase_server: game submission processed (lock held) game=7R8JLA kind="action" lock_ms=10 ai_actions=0
2026-10-08T10:22:00.338353Z  INFO ws_message:game_session{game=7R8JLA player=PlayerId(0)}: server_core::session: action applied game=7R8JLA player=PlayerId(0) action_type="PassPriority" event_count=1
2026-10-08T10:22:00.346000Z  INFO ws_message:game_session{game=7R8JLA player=PlayerId(0)}: phase_server: game submission processed (lock held) game=7R8JLA kind="action" lock_ms=9 ai_actions=0
2026-10-08T10:22:00.593163Z  INFO ws_message:game_session{game=7R8JLA player=PlayerId(1)}: server_core::session: action applied game=7R8JLA player=PlayerId(1) action_type="PassPriority" event_count=1
2026-10-08T10:22:00.597872Z  INFO ws_message:game_session{game=7R8JLA player=PlayerId(1)}: phase_server: game submission processed (lock held) game=7R8JLA kind="action" lock_ms=9 ai_actions=0
2026-10-08T10:22:00.843604Z  INFO ws_message:game_session{game=7R8JLA player=PlayerId(0)}: server_core::session: action applied game=7R8JLA player=PlayerId(0) action_type="PassPriority" event_count=1
2026-10-08T10:22:00.851756Z  INFO ws_message:game_session{game=7R8JLA player=PlayerId(0)}: phase_server: game submission processed (lock held) game=7R8JLA kind="action" lock_ms=9 ai_actions=0
2026-10-08T10:22:01.099648Z  INFO ws_message:game_session{game=7R8JLA player=PlayerId(1)}: server_core::session: action applied game=7R8JLA player=PlayerId(1) action_type="PassPriority" event_count=4
2026-10-08T10:22:01.106868Z  INFO ws_message:game_session{game=7R8JLA player=PlayerId(1)}: phase_server: game submission processed (lock held) game=7R8JLA kind="action" lock_ms=12 ai_actions=0
2026-10-08T10:22:01.349130Z  INFO ws_message:game_session{game=7R8JLA player=PlayerId(1)}: server_core::session: action applied game=7R8JLA player=PlayerId(1) action_type="PassPriority" event_count=1
2026-10-08T10:22:01.355339Z  INFO ws_message:game_session{game=7R8JLA player=PlayerId(1)}: phase_server: game submission processed (lock held) game=7R8JLA kind="action" lock_ms=9 ai_actions=0
2026-10-08T10:22:01.609668Z  INFO ws_message:game_session{game=7R8JLA player=PlayerId(0)}: server_core::session: action applied game=7R8JLA player=PlayerId(0) action_type="PassPriority" event_count=4
2026-10-08T10:22:01.619009Z  INFO ws_message:game_session{game=7R8JLA player=PlayerId(0)}: phase_server: game submission processed (lock held) game=7R8JLA kind="action" lock_ms=20 ai_actions=0
2026-10-08T10:22:01.852259Z  INFO ws_message:game_session{game=7R8JLA player=PlayerId(1)}: server_core::session: action applied game=7R8JLA player=PlayerId(1) action_type="PassPriority" event_count=1
2026-10-08T10:22:01.859713Z  INFO ws_message:game_session{game=7R8JLA player=PlayerId(1)}: phase_server: game submission processed (lock held) game=7R8JLA kind="action" lock_ms=9 ai_actions=0
2026-10-08T10:22:02.105863Z  INFO ws_message:game_session{game=7R8JLA player=PlayerId(0)}: server_core::session: action applied game=7R8JLA player=PlayerId(0) action_type="PassPriority" event_count=1
2026-10-08T10:22:02.135529Z  INFO ws_message:game_session{game=7R8JLA player=PlayerId(0)}: phase_server: game submission processed (lock held) game=7R8JLA kind="action" lock_ms=31 ai_actions=0
2026-10-08T10:22:02.361400Z  INFO ws_message:game_session{game=7R8JLA player=PlayerId(1)}: server_core::session: action applied game=7R8JLA player=PlayerId(1) action_type="PlayLand" event_count=2
2026-10-08T10:22:02.369124Z  INFO ws_message:game_session{game=7R8JLA player=PlayerId(1)}: phase_server: game submission processed (lock held) game=7R8JLA kind="action" lock_ms=12 ai_actions=0
2026-10-08T10:22:02.610876Z  INFO ws_message:game_session{game=7R8JLA player=PlayerId(1)}: server_core::session: action applied game=7R8JLA player=PlayerId(1) action_type="PassPriority" event_count=1
2026-10-08T10:22:02.615630Z  INFO ws_message:game_session{game=7R8JLA player=PlayerId(1)}: phase_server: game submission processed (lock held) game=7R8JLA kind="action" lock_ms=7 ai_actions=0
2026-10-08T10:22:02.861973Z  INFO ws_message:game_session{game=7R8JLA player=PlayerId(0)}: server_core::session: action applied game=7R8JLA player=PlayerId(0) action_type="PassPriority" event_count=1
2026-10-08T10:22:02.869722Z  INFO ws_message:game_session{game=7R8JLA player=PlayerId(0)}: phase_server: game submission processed (lock held) game=7R8JLA kind="action" lock_ms=9 ai_actions=0
2026-10-08T10:22:03.115670Z  INFO ws_message:game_session{game=7R8JLA player=PlayerId(1)}: server_core::session: action applied game=7R8JLA player=PlayerId(1) action_type="PassPriority" event_count=1
2026-10-08T10:22:03.120141Z  INFO ws_message:game_session{game=7R8JLA player=PlayerId(1)}: phase_server: game submission processed (lock held) game=7R8JLA kind="action" lock_ms=7 ai_actions=0
2026-10-08T10:22:03.370155Z  INFO ws_message:game_session{game=7R8JLA player=PlayerId(0)}: server_core::session: action applied game=7R8JLA player=PlayerId(0) action_type="PassPriority" event_count=3
2026-10-08T10:22:03.378881Z  INFO ws_message:game_session{game=7R8JLA player=PlayerId(0)}: phase_server: game submission processed (lock held) game=7R8JLA kind="action" lock_ms=13 ai_actions=0
2026-10-08T10:22:03.619972Z  INFO ws_message:game_session{game=7R8JLA player=PlayerId(1)}: server_core::session: action applied game=7R8JLA player=PlayerId(1) action_type="PassPriority" event_count=1
2026-10-08T10:22:03.624685Z  INFO ws_message:game_session{game=7R8JLA player=PlayerId(1)}: phase_server: game submission processed (lock held) game=7R8JLA kind="action" lock_ms=7 ai_actions=0
2026-10-08T10:22:03.875235Z  INFO ws_message:game_session{game=7R8JLA player=PlayerId(0)}: server_core::session: action applied game=7R8JLA player=PlayerId(0) action_type="PassPriority" event_count=1
2026-10-08T10:22:03.888559Z  INFO ws_message:game_session{game=7R8JLA player=PlayerId(0)}: phase_server: game submission processed (lock held) game=7R8JLA kind="action" lock_ms=19 ai_actions=0
2026-10-08T10:22:04.124197Z  INFO ws_message:game_session{game=7R8JLA player=PlayerId(1)}: server_core::session: action applied game=7R8JLA player=PlayerId(1) action_type="PassPriority" event_count=1
2026-10-08T10:22:04.128561Z  INFO ws_message:game_session{game=7R8JLA player=PlayerId(1)}: phase_server: game submission processed (lock held) game=7R8JLA kind="action" lock_ms=7 ai_actions=0
2026-10-08T10:22:04.377820Z  INFO ws_message:game_session{game=7R8JLA player=PlayerId(0)}: server_core::session: action applied game=7R8JLA player=PlayerId(0) action_type="PassPriority" event_count=1
2026-10-08T10:22:04.386415Z  INFO ws_message:game_session{game=7R8JLA player=PlayerId(0)}: phase_server: game submission processed (lock held) game=7R8JLA kind="action" lock_ms=13 ai_actions=0
2026-10-08T10:22:04.628114Z  INFO ws_message:game_session{game=7R8JLA player=PlayerId(1)}: server_core::session: action applied game=7R8JLA player=PlayerId(1) action_type="PassPriority" event_count=1
2026-10-08T10:22:04.632709Z  INFO ws_message:game_session{game=7R8JLA player=PlayerId(1)}: phase_server: game submission processed (lock held) game=7R8JLA kind="action" lock_ms=6 ai_actions=0
2026-10-08T10:22:04.883894Z  INFO ws_message:game_session{game=7R8JLA player=PlayerId(0)}: server_core::session: action applied game=7R8JLA player=PlayerId(0) action_type="PassPriority" event_count=4
2026-10-08T10:22:04.889335Z  INFO ws_message:game_session{game=7R8JLA player=PlayerId(0)}: phase_server: game submission processed (lock held) game=7R8JLA kind="action" lock_ms=12 ai_actions=0
2026-10-08T10:22:05.131082Z  INFO ws_message:game_session{game=7R8JLA player=PlayerId(0)}: server_core::session: action applied game=7R8JLA player=PlayerId(0) action_type="PassPriority" event_count=1
2026-10-08T10:22:05.139585Z  INFO ws_message:game_session{game=7R8JLA player=PlayerId(0)}: phase_server: game submission processed (lock held) game=7R8JLA kind="action" lock_ms=10 ai_actions=0
2026-10-08T10:22:05.387647Z  INFO ws_message:game_session{game=7R8JLA player=PlayerId(1)}: server_core::session: action applied game=7R8JLA player=PlayerId(1) action_type="PassPriority" event_count=4
2026-10-08T10:22:05.391526Z  INFO ws_message:game_session{game=7R8JLA player=PlayerId(1)}: phase_server: game submission processed (lock held) game=7R8JLA kind="action" lock_ms=10 ai_actions=0
2026-10-08T10:22:05.634578Z  INFO ws_message:game_session{game=7R8JLA player=PlayerId(0)}: server_core::session: action applied game=7R8JLA player=PlayerId(0) action_type="PassPriority" event_count=1
2026-10-08T10:22:05.643410Z  INFO ws_message:game_session{game=7R8JLA player=PlayerId(0)}: phase_server: game submission processed (lock held) game=7R8JLA kind="action" lock_ms=10 ai_actions=0
2026-10-08T10:22:05.886434Z  INFO ws_message:game_session{game=7R8JLA player=PlayerId(1)}: server_core::session: action applied game=7R8JLA player=PlayerId(1) action_type="PassPriority" event_count=1
2026-10-08T10:22:05.908140Z  INFO ws_message:game_session{game=7R8JLA player=PlayerId(1)}: phase_server: game submission processed (lock held) game=7R8JLA kind="action" lock_ms=24 ai_actions=0
2026-10-08T10:22:06.141705Z  INFO ws_message:game_session{game=7R8JLA player=PlayerId(0)}: server_core::session: action applied game=7R8JLA player=PlayerId(0) action_type="PlayLand" event_count=2
2026-10-08T10:22:06.147683Z  INFO ws_message:game_session{game=7R8JLA player=PlayerId(0)}: phase_server: game submission processed (lock held) game=7R8JLA kind="action" lock_ms=11 ai_actions=0
2026-10-08T10:22:06.391472Z  INFO ws_message:game_session{game=7R8JLA player=PlayerId(0)}: server_core::session: action applied game=7R8JLA player=PlayerId(0) action_type="PassPriority" event_count=1
2026-10-08T10:22:06.399483Z  INFO ws_message:game_session{game=7R8JLA player=PlayerId(0)}: phase_server: game submission processed (lock held) game=7R8JLA kind="action" lock_ms=10 ai_actions=0
2026-10-08T10:22:06.642461Z  INFO ws_message:game_session{game=7R8JLA player=PlayerId(1)}: server_core::session: action applied game=7R8JLA player=PlayerId(1) action_type="PassPriority" event_count=1
2026-10-08T10:22:06.646982Z  INFO ws_message:game_session{game=7R8JLA player=PlayerId(1)}: phase_server: game submission processed (lock held) game=7R8JLA kind="action" lock_ms=6 ai_actions=0
2026-10-08T10:22:06.894540Z  INFO ws_message:game_session{game=7R8JLA player=PlayerId(0)}: server_core::session: action applied game=7R8JLA player=PlayerId(0) action_type="PassPriority" event_count=1
2026-10-08T10:22:06.902335Z  INFO ws_message:game_session{game=7R8JLA player=PlayerId(0)}: phase_server: game submission processed (lock held) game=7R8JLA kind="action" lock_ms=10 ai_actions=0
2026-10-08T10:22:07.144450Z  INFO ws_message:game_session{game=7R8JLA player=PlayerId(1)}: server_core::session: action applied game=7R8JLA player=PlayerId(1) action_type="PassPriority" event_count=1
2026-10-08T10:22:07.157008Z  INFO ws_message:game_session{game=7R8JLA player=PlayerId(1)}: phase_server: game submission processed (lock held) game=7R8JLA kind="action" lock_ms=13 ai_actions=0
2026-10-08T10:22:07.401354Z  INFO ws_message:game_session{game=7R8JLA player=PlayerId(0)}: server_core::session: action applied game=7R8JLA player=PlayerId(0) action_type="DeclareAttackers" event_count=2
2026-10-08T10:22:07.408856Z  INFO ws_message:game_session{game=7R8JLA player=PlayerId(0)}: phase_server: game submission processed (lock held) game=7R8JLA kind="action" lock_ms=13 ai_actions=0
2026-10-08T10:22:07.649560Z  INFO ws_message:game_session{game=7R8JLA player=PlayerId(0)}: server_core::session: action applied game=7R8JLA player=PlayerId(0) action_type="PassPriority" event_count=1
2026-10-08T10:22:07.658086Z  INFO ws_message:game_session{game=7R8JLA player=PlayerId(0)}: phase_server: game submission processed (lock held) game=7R8JLA kind="action" lock_ms=11 ai_actions=0
2026-10-08T10:22:07.905628Z  INFO ws_message:game_session{game=7R8JLA player=PlayerId(1)}: server_core::session: action applied game=7R8JLA player=PlayerId(1) action_type="PassPriority" event_count=1
2026-10-08T10:22:07.912097Z  INFO ws_message:game_session{game=7R8JLA player=PlayerId(1)}: phase_server: game submission processed (lock held) game=7R8JLA kind="action" lock_ms=11 ai_actions=0
2026-10-08T10:22:08.153819Z  INFO ws_message:game_session{game=7R8JLA player=PlayerId(0)}: server_core::session: action applied game=7R8JLA player=PlayerId(0) action_type="PassPriority" event_count=1
2026-10-08T10:22:08.161816Z  INFO ws_message:game_session{game=7R8JLA player=PlayerId(0)}: phase_server: game submission processed (lock held) game=7R8JLA kind="action" lock_ms=9 ai_actions=0
2026-10-08T10:22:08.409296Z  INFO ws_message:game_session{game=7R8JLA player=PlayerId(1)}: server_core::session: action applied game=7R8JLA player=PlayerId(1) action_type="PassPriority" event_count=1
2026-10-08T10:22:08.414185Z  INFO ws_message:game_session{game=7R8JLA player=PlayerId(1)}: phase_server: game submission processed (lock held) game=7R8JLA kind="action" lock_ms=9 ai_actions=0
2026-10-08T10:22:08.658686Z  INFO ws_message:game_session{game=7R8JLA player=PlayerId(0)}: server_core::session: action applied game=7R8JLA player=PlayerId(0) action_type="PassPriority" event_count=1
2026-10-08T10:22:08.671144Z  INFO ws_message:game_session{game=7R8JLA player=PlayerId(0)}: phase_server: game submission processed (lock held) game=7R8JLA kind="action" lock_ms=14 ai_actions=0
2026-10-08T10:22:08.914557Z  INFO ws_message:game_session{game=7R8JLA player=PlayerId(1)}: server_core::session: action applied game=7R8JLA player=PlayerId(1) action_type="PassPriority" event_count=4
2026-10-08T10:22:08.923091Z  INFO ws_message:game_session{game=7R8JLA player=PlayerId(1)}: phase_server: game submission processed (lock held) game=7R8JLA kind="action" lock_ms=14 ai_actions=0
2026-10-08T10:22:09.162751Z  INFO ws_message:game_session{game=7R8JLA player=PlayerId(1)}: server_core::session: action applied game=7R8JLA player=PlayerId(1) action_type="PassPriority" event_count=1
2026-10-08T10:22:09.167604Z  INFO ws_message:game_session{game=7R8JLA player=PlayerId(1)}: phase_server: game submission processed (lock held) game=7R8JLA kind="action" lock_ms=7 ai_actions=0
2026-10-08T10:22:09.424001Z  INFO ws_message:game_session{game=7R8JLA player=PlayerId(0)}: server_core::session: action applied game=7R8JLA player=PlayerId(0) action_type="PassPriority" event_count=4
2026-10-08T10:22:09.444814Z  INFO ws_message:game_session{game=7R8JLA player=PlayerId(0)}: phase_server: game submission processed (lock held) game=7R8JLA kind="action" lock_ms=32 ai_actions=0
2026-10-08T10:22:09.665505Z  INFO ws_message:game_session{game=7R8JLA player=PlayerId(1)}: server_core::session: action applied game=7R8JLA player=PlayerId(1) action_type="PassPriority" event_count=1
2026-10-08T10:22:09.670070Z  INFO ws_message:game_session{game=7R8JLA player=PlayerId(1)}: phase_server: game submission processed (lock held) game=7R8JLA kind="action" lock_ms=6 ai_actions=0
2026-10-08T10:22:09.917966Z  INFO ws_message:game_session{game=7R8JLA player=PlayerId(0)}: server_core::session: action applied game=7R8JLA player=PlayerId(0) action_type="PassPriority" event_count=1
2026-10-08T10:22:09.944624Z  INFO ws_message:game_session{game=7R8JLA player=PlayerId(0)}: phase_server: game submission processed (lock held) game=7R8JLA kind="action" lock_ms=28 ai_actions=0
2026-10-08T10:22:10.185865Z  INFO ws_message:game_session{game=7R8JLA player=PlayerId(1)}: server_core::session: action applied game=7R8JLA player=PlayerId(1) action_type="PlayLand" event_count=2
2026-10-08T10:22:10.203175Z  INFO ws_message:game_session{game=7R8JLA player=PlayerId(1)}: phase_server: game submission processed (lock held) game=7R8JLA kind="action" lock_ms=33 ai_actions=0
2026-10-08T10:22:10.426427Z  INFO ws_message:game_session{game=7R8JLA player=PlayerId(1)}: server_core::session: action applied game=7R8JLA player=PlayerId(1) action_type="PassPriority" event_count=1
2026-10-08T10:22:10.431148Z  INFO ws_message:game_session{game=7R8JLA player=PlayerId(1)}: phase_server: game submission processed (lock held) game=7R8JLA kind="action" lock_ms=7 ai_actions=0
2026-10-08T10:22:10.677759Z  INFO ws_message:game_session{game=7R8JLA player=PlayerId(0)}: server_core::session: action applied game=7R8JLA player=PlayerId(0) action_type="PassPriority" event_count=1
2026-10-08T10:22:10.685325Z  INFO ws_message:game_session{game=7R8JLA player=PlayerId(0)}: phase_server: game submission processed (lock held) game=7R8JLA kind="action" lock_ms=9 ai_actions=0
2026-10-08T10:22:10.931013Z  INFO ws_message:game_session{game=7R8JLA player=PlayerId(1)}: server_core::session: action applied game=7R8JLA player=PlayerId(1) action_type="PassPriority" event_count=1
2026-10-08T10:22:10.936120Z  INFO ws_message:game_session{game=7R8JLA player=PlayerId(1)}: phase_server: game submission processed (lock held) game=7R8JLA kind="action" lock_ms=8 ai_actions=0
2026-10-08T10:22:11.184585Z  INFO ws_message:game_session{game=7R8JLA player=PlayerId(0)}: server_core::session: action applied game=7R8JLA player=PlayerId(0) action_type="PassPriority" event_count=3
2026-10-08T10:22:11.192499Z  INFO ws_message:game_session{game=7R8JLA player=PlayerId(0)}: phase_server: game submission processed (lock held) game=7R8JLA kind="action" lock_ms=13 ai_actions=0
2026-10-08T10:22:11.449416Z  INFO ws_message:game_session{game=7R8JLA player=PlayerId(1)}: server_core::session: action applied game=7R8JLA player=PlayerId(1) action_type="PassPriority" event_count=1
2026-10-08T10:22:11.455779Z  INFO ws_message:game_session{game=7R8JLA player=PlayerId(1)}: phase_server: game submission processed (lock held) game=7R8JLA kind="action" lock_ms=11 ai_actions=0
2026-10-08T10:22:11.703654Z  INFO ws_message:game_session{game=7R8JLA player=PlayerId(0)}: server_core::session: action applied game=7R8JLA player=PlayerId(0) action_type="PassPriority" event_count=1
2026-10-08T10:22:11.715397Z  INFO ws_message:game_session{game=7R8JLA player=PlayerId(0)}: phase_server: game submission processed (lock held) game=7R8JLA kind="action" lock_ms=18 ai_actions=0
2026-10-08T10:22:11.954593Z  INFO ws_message:game_session{game=7R8JLA player=PlayerId(1)}: server_core::session: action applied game=7R8JLA player=PlayerId(1) action_type="PassPriority" event_count=1
2026-10-08T10:22:11.959705Z  INFO ws_message:game_session{game=7R8JLA player=PlayerId(1)}: phase_server: game submission processed (lock held) game=7R8JLA kind="action" lock_ms=9 ai_actions=0
2026-10-08T10:22:12.211864Z  INFO ws_message:game_session{game=7R8JLA player=PlayerId(0)}: server_core::session: action applied game=7R8JLA player=PlayerId(0) action_type="PassPriority" event_count=1
2026-10-08T10:22:12.234060Z  INFO ws_message:game_session{game=7R8JLA player=PlayerId(0)}: phase_server: game submission processed (lock held) game=7R8JLA kind="action" lock_ms=28 ai_actions=0
2026-10-08T10:22:12.459483Z  INFO ws_message:game_session{game=7R8JLA player=PlayerId(1)}: server_core::session: action applied game=7R8JLA player=PlayerId(1) action_type="PassPriority" event_count=1
2026-10-08T10:22:12.464686Z  INFO ws_message:game_session{game=7R8JLA player=PlayerId(1)}: phase_server: game submission processed (lock held) game=7R8JLA kind="action" lock_ms=7 ai_actions=0
2026-10-08T10:22:12.714857Z  INFO ws_message:game_session{game=7R8JLA player=PlayerId(0)}: server_core::session: action applied game=7R8JLA player=PlayerId(0) action_type="PassPriority" event_count=4
2026-10-08T10:22:12.719540Z  INFO ws_message:game_session{game=7R8JLA player=PlayerId(0)}: phase_server: game submission processed (lock held) game=7R8JLA kind="action" lock_ms=10 ai_actions=0
2026-10-08T10:22:12.963619Z  INFO ws_message:game_session{game=7R8JLA player=PlayerId(0)}: server_core::session: action applied game=7R8JLA player=PlayerId(0) action_type="PassPriority" event_count=1
2026-10-08T10:22:12.971984Z  INFO ws_message:game_session{game=7R8JLA player=PlayerId(0)}: phase_server: game submission processed (lock held) game=7R8JLA kind="action" lock_ms=10 ai_actions=0
2026-10-08T10:22:13.221779Z  INFO ws_message:game_session{game=7R8JLA player=PlayerId(1)}: server_core::session: action applied game=7R8JLA player=PlayerId(1) action_type="PassPriority" event_count=4
2026-10-08T10:22:13.227751Z  INFO ws_message:game_session{game=7R8JLA player=PlayerId(1)}: phase_server: game submission processed (lock held) game=7R8JLA kind="action" lock_ms=15 ai_actions=0
2026-10-08T10:22:13.466654Z  INFO ws_message:game_session{game=7R8JLA player=PlayerId(0)}: server_core::session: action applied game=7R8JLA player=PlayerId(0) action_type="PassPriority" event_count=1
2026-10-08T10:22:13.478413Z  INFO ws_message:game_session{game=7R8JLA player=PlayerId(0)}: phase_server: game submission processed (lock held) game=7R8JLA kind="action" lock_ms=14 ai_actions=0
2026-10-08T10:22:13.718930Z  INFO ws_message:game_session{game=7R8JLA player=PlayerId(1)}: server_core::session: action applied game=7R8JLA player=PlayerId(1) action_type="PassPriority" event_count=1
2026-10-08T10:22:13.746358Z  INFO ws_message:game_session{game=7R8JLA player=PlayerId(1)}: phase_server: game submission processed (lock held) game=7R8JLA kind="action" lock_ms=30 ai_actions=0
2026-10-08T10:22:13.979103Z  INFO ws_message:game_session{game=7R8JLA player=PlayerId(0)}: server_core::session: action applied game=7R8JLA player=PlayerId(0) action_type="PlayLand" event_count=2
2026-10-08T10:22:13.990072Z  INFO ws_message:game_session{game=7R8JLA player=PlayerId(0)}: phase_server: game submission processed (lock held) game=7R8JLA kind="action" lock_ms=21 ai_actions=0
2026-10-08T10:22:14.224098Z  INFO ws_message:game_session{game=7R8JLA player=PlayerId(0)}: server_core::session: action applied game=7R8JLA player=PlayerId(0) action_type="PassPriority" event_count=1
2026-10-08T10:22:14.234395Z  INFO ws_message:game_session{game=7R8JLA player=PlayerId(0)}: phase_server: game submission processed (lock held) game=7R8JLA kind="action" lock_ms=13 ai_actions=0
2026-10-08T10:22:14.476229Z  INFO ws_message:game_session{game=7R8JLA player=PlayerId(1)}: server_core::session: action applied game=7R8JLA player=PlayerId(1) action_type="PassPriority" event_count=1
2026-10-08T10:22:14.483395Z  INFO ws_message:game_session{game=7R8JLA player=PlayerId(1)}: phase_server: game submission processed (lock held) game=7R8JLA kind="action" lock_ms=9 ai_actions=0
2026-10-08T10:22:14.728893Z  INFO ws_message:game_session{game=7R8JLA player=PlayerId(0)}: server_core::session: action applied game=7R8JLA player=PlayerId(0) action_type="PassPriority" event_count=1
2026-10-08T10:22:14.736739Z  INFO ws_message:game_session{game=7R8JLA player=PlayerId(0)}: phase_server: game submission processed (lock held) game=7R8JLA kind="action" lock_ms=10 ai_actions=0
2026-10-08T10:22:14.980626Z  INFO ws_message:game_session{game=7R8JLA player=PlayerId(1)}: server_core::session: action applied game=7R8JLA player=PlayerId(1) action_type="PassPriority" event_count=1
2026-10-08T10:22:14.995666Z  INFO ws_message:game_session{game=7R8JLA player=PlayerId(1)}: phase_server: game submission processed (lock held) game=7R8JLA kind="action" lock_ms=16 ai_actions=0
2026-10-08T10:22:15.239827Z  INFO ws_message:game_session{game=7R8JLA player=PlayerId(0)}: server_core::session: action applied game=7R8JLA player=PlayerId(0) action_type="DeclareAttackers" event_count=2
2026-10-08T10:22:15.244999Z  INFO ws_message:game_session{game=7R8JLA player=PlayerId(0)}: phase_server: game submission processed (lock held) game=7R8JLA kind="action" lock_ms=11 ai_actions=0
2026-10-08T10:22:15.488715Z  INFO ws_message:game_session{game=7R8JLA player=PlayerId(0)}: server_core::session: action applied game=7R8JLA player=PlayerId(0) action_type="PassPriority" event_count=1
2026-10-08T10:22:15.497324Z  INFO ws_message:game_session{game=7R8JLA player=PlayerId(0)}: phase_server: game submission processed (lock held) game=7R8JLA kind="action" lock_ms=11 ai_actions=0
2026-10-08T10:22:15.745441Z  INFO ws_message:game_session{game=7R8JLA player=PlayerId(1)}: server_core::session: action applied game=7R8JLA player=PlayerId(1) action_type="PassPriority" event_count=1
2026-10-08T10:22:15.752625Z  INFO ws_message:game_session{game=7R8JLA player=PlayerId(1)}: phase_server: game submission processed (lock held) game=7R8JLA kind="action" lock_ms=12 ai_actions=0
2026-10-08T10:22:15.993106Z  INFO ws_message:game_session{game=7R8JLA player=PlayerId(0)}: server_core::session: action applied game=7R8JLA player=PlayerId(0) action_type="PassPriority" event_count=1
2026-10-08T10:22:16.001418Z  INFO ws_message:game_session{game=7R8JLA player=PlayerId(0)}: phase_server: game submission processed (lock held) game=7R8JLA kind="action" lock_ms=10 ai_actions=0
2026-10-08T10:22:16.248310Z  INFO ws_message:game_session{game=7R8JLA player=PlayerId(1)}: server_core::session: action applied game=7R8JLA player=PlayerId(1) action_type="PassPriority" event_count=1
2026-10-08T10:22:16.253018Z  INFO ws_message:game_session{game=7R8JLA player=PlayerId(1)}: phase_server: game submission processed (lock held) game=7R8JLA kind="action" lock_ms=9 ai_actions=0
2026-10-08T10:22:16.497389Z  INFO ws_message:game_session{game=7R8JLA player=PlayerId(0)}: server_core::session: action applied game=7R8JLA player=PlayerId(0) action_type="PassPriority" event_count=1
2026-10-08T10:22:16.506220Z  INFO ws_message:game_session{game=7R8JLA player=PlayerId(0)}: phase_server: game submission processed (lock held) game=7R8JLA kind="action" lock_ms=11 ai_actions=0
2026-10-08T10:22:16.753077Z  INFO ws_message:game_session{game=7R8JLA player=PlayerId(1)}: server_core::session: action applied game=7R8JLA player=PlayerId(1) action_type="PassPriority" event_count=4
2026-10-08T10:22:16.762557Z  INFO ws_message:game_session{game=7R8JLA player=PlayerId(1)}: phase_server: game submission processed (lock held) game=7R8JLA kind="action" lock_ms=15 ai_actions=0
2026-10-08T10:22:17.004470Z  INFO ws_message:game_session{game=7R8JLA player=PlayerId(1)}: server_core::session: action applied game=7R8JLA player=PlayerId(1) action_type="PassPriority" event_count=1
2026-10-08T10:22:17.009435Z  INFO ws_message:game_session{game=7R8JLA player=PlayerId(1)}: phase_server: game submission processed (lock held) game=7R8JLA kind="action" lock_ms=8 ai_actions=0
2026-10-08T10:22:17.260400Z  INFO ws_message:game_session{game=7R8JLA player=PlayerId(0)}: server_core::session: action applied game=7R8JLA player=PlayerId(0) action_type="PassPriority" event_count=4
2026-10-08T10:22:17.268465Z  INFO ws_message:game_session{game=7R8JLA player=PlayerId(0)}: phase_server: game submission processed (lock held) game=7R8JLA kind="action" lock_ms=14 ai_actions=0
2026-10-08T10:22:17.511039Z  INFO ws_message:game_session{game=7R8JLA player=PlayerId(1)}: server_core::session: action applied game=7R8JLA player=PlayerId(1) action_type="PassPriority" event_count=1
2026-10-08T10:22:17.516130Z  INFO ws_message:game_session{game=7R8JLA player=PlayerId(1)}: phase_server: game submission processed (lock held) game=7R8JLA kind="action" lock_ms=7 ai_actions=0
2026-10-08T10:22:17.764549Z  INFO ws_message:game_session{game=7R8JLA player=PlayerId(0)}: server_core::session: action applied game=7R8JLA player=PlayerId(0) action_type="PassPriority" event_count=1
2026-10-08T10:22:17.800657Z  INFO ws_message:game_session{game=7R8JLA player=PlayerId(0)}: phase_server: game submission processed (lock held) game=7R8JLA kind="action" lock_ms=39 ai_actions=0
2026-10-08T10:22:18.018754Z  INFO ws_message:game_session{game=7R8JLA player=PlayerId(1)}: server_core::session: action applied game=7R8JLA player=PlayerId(1) action_type="PlayLand" event_count=2
2026-10-08T10:22:18.027601Z  INFO ws_message:game_session{game=7R8JLA player=PlayerId(1)}: phase_server: game submission processed (lock held) game=7R8JLA kind="action" lock_ms=13 ai_actions=0
2026-10-08T10:22:18.269174Z  INFO ws_message:game_session{game=7R8JLA player=PlayerId(1)}: server_core::session: action applied game=7R8JLA player=PlayerId(1) action_type="PassPriority" event_count=1
2026-10-08T10:22:18.274042Z  INFO ws_message:game_session{game=7R8JLA player=PlayerId(1)}: phase_server: game submission processed (lock held) game=7R8JLA kind="action" lock_ms=8 ai_actions=0
2026-10-08T10:22:18.520055Z  INFO ws_message:game_session{game=7R8JLA player=PlayerId(0)}: server_core::session: action applied game=7R8JLA player=PlayerId(0) action_type="PassPriority" event_count=1
2026-10-08T10:22:18.529096Z  INFO ws_message:game_session{game=7R8JLA player=PlayerId(0)}: phase_server: game submission processed (lock held) game=7R8JLA kind="action" lock_ms=11 ai_actions=0
2026-10-08T10:22:18.773396Z  INFO ws_message:game_session{game=7R8JLA player=PlayerId(1)}: server_core::session: action applied game=7R8JLA player=PlayerId(1) action_type="PassPriority" event_count=1
2026-10-08T10:22:18.778229Z  INFO ws_message:game_session{game=7R8JLA player=PlayerId(1)}: phase_server: game submission processed (lock held) game=7R8JLA kind="action" lock_ms=8 ai_actions=0
2026-10-08T10:22:19.028293Z  INFO ws_message:game_session{game=7R8JLA player=PlayerId(0)}: server_core::session: action applied game=7R8JLA player=PlayerId(0) action_type="PassPriority" event_count=3
2026-10-08T10:22:19.039201Z  INFO ws_message:game_session{game=7R8JLA player=PlayerId(0)}: phase_server: game submission processed (lock held) game=7R8JLA kind="action" lock_ms=17 ai_actions=0
2026-10-08T10:22:19.279343Z  INFO ws_message:game_session{game=7R8JLA player=PlayerId(1)}: server_core::session: action applied game=7R8JLA player=PlayerId(1) action_type="PassPriority" event_count=1
2026-10-08T10:22:19.284495Z  INFO ws_message:game_session{game=7R8JLA player=PlayerId(1)}: phase_server: game submission processed (lock held) game=7R8JLA kind="action" lock_ms=9 ai_actions=0
2026-10-08T10:22:19.532226Z  INFO ws_message:game_session{game=7R8JLA player=PlayerId(0)}: server_core::session: action applied game=7R8JLA player=PlayerId(0) action_type="PassPriority" event_count=1
2026-10-08T10:22:19.540755Z  INFO ws_message:game_session{game=7R8JLA player=PlayerId(0)}: phase_server: game submission processed (lock held) game=7R8JLA kind="action" lock_ms=13 ai_actions=0
2026-10-08T10:22:19.782364Z  INFO ws_message:game_session{game=7R8JLA player=PlayerId(1)}: server_core::session: action applied game=7R8JLA player=PlayerId(1) action_type="PassPriority" event_count=1
2026-10-08T10:22:19.787453Z  INFO ws_message:game_session{game=7R8JLA player=PlayerId(1)}: phase_server: game submission processed (lock held) game=7R8JLA kind="action" lock_ms=8 ai_actions=0
2026-10-08T10:22:20.038212Z  INFO ws_message:game_session{game=7R8JLA player=PlayerId(0)}: server_core::session: action applied game=7R8JLA player=PlayerId(0) action_type="PassPriority" event_count=1
2026-10-08T10:22:20.047440Z  INFO ws_message:game_session{game=7R8JLA player=PlayerId(0)}: phase_server: game submission processed (lock held) game=7R8JLA kind="action" lock_ms=14 ai_actions=0
2026-10-08T10:22:20.291949Z  INFO ws_message:game_session{game=7R8JLA player=PlayerId(1)}: server_core::session: action applied game=7R8JLA player=PlayerId(1) action_type="PassPriority" event_count=1
2026-10-08T10:22:20.307387Z  INFO ws_message:game_session{game=7R8JLA player=PlayerId(1)}: phase_server: game submission processed (lock held) game=7R8JLA kind="action" lock_ms=22 ai_actions=0
2026-10-08T10:22:20.546816Z  INFO ws_message:game_session{game=7R8JLA player=PlayerId(0)}: server_core::session: action applied game=7R8JLA player=PlayerId(0) action_type="PassPriority" event_count=4
2026-10-08T10:22:20.560467Z  INFO ws_message:game_session{game=7R8JLA player=PlayerId(0)}: phase_server: game submission processed (lock held) game=7R8JLA kind="action" lock_ms=22 ai_actions=0
2026-10-08T10:22:20.794197Z  INFO ws_message:game_session{game=7R8JLA player=PlayerId(0)}: server_core::session: action applied game=7R8JLA player=PlayerId(0) action_type="PassPriority" event_count=1
2026-10-08T10:22:20.825430Z  INFO ws_message:game_session{game=7R8JLA player=PlayerId(0)}: phase_server: game submission processed (lock held) game=7R8JLA kind="action" lock_ms=34 ai_actions=0
2026-10-08T10:22:21.181462Z  INFO ws_message:game_session{game=7R8JLA player=PlayerId(1)}: server_core::session: action applied game=7R8JLA player=PlayerId(1) action_type="PassPriority" event_count=4
2026-10-08T10:22:21.204840Z  INFO ws_message:game_session{game=7R8JLA player=PlayerId(1)}: phase_server: game submission processed (lock held) game=7R8JLA kind="action" lock_ms=42 ai_actions=0
2026-10-08T10:22:21.668101Z  INFO ws_message:game_session{game=7R8JLA player=PlayerId(0)}: server_core::session: action applied game=7R8JLA player=PlayerId(0) action_type="PassPriority" event_count=1
2026-10-08T10:22:21.682113Z  INFO ws_message:game_session{game=7R8JLA player=PlayerId(0)}: phase_server: game submission processed (lock held) game=7R8JLA kind="action" lock_ms=21 ai_actions=0
2026-10-08T10:22:21.914515Z  INFO ws_message:game_session{game=7R8JLA player=PlayerId(1)}: server_core::session: action applied game=7R8JLA player=PlayerId(1) action_type="PassPriority" event_count=1
2026-10-08T10:22:21.933181Z  INFO ws_message:game_session{game=7R8JLA player=PlayerId(1)}: phase_server: game submission processed (lock held) game=7R8JLA kind="action" lock_ms=21 ai_actions=0
2026-10-08T10:22:22.174178Z  INFO ws_message:game_session{game=7R8JLA player=PlayerId(0)}: server_core::session: action applied game=7R8JLA player=PlayerId(0) action_type="PlayLand" event_count=2
2026-10-08T10:22:22.193851Z  INFO ws_message:game_session{game=7R8JLA player=PlayerId(0)}: phase_server: game submission processed (lock held) game=7R8JLA kind="action" lock_ms=29 ai_actions=0
2026-10-08T10:22:22.426968Z  INFO ws_message:game_session{game=7R8JLA player=PlayerId(0)}: server_core::session: action applied game=7R8JLA player=PlayerId(0) action_type="CastSpell" event_count=19
2026-10-08T10:22:22.430159Z  INFO ws_message:game_session{game=7R8JLA player=PlayerId(0)}: phase_server: game submission processed (lock held) game=7R8JLA kind="action" lock_ms=13 ai_actions=0
2026-10-08T10:22:22.671395Z  INFO ws_message:game_session{game=7R8JLA player=PlayerId(0)}: server_core::session: action applied game=7R8JLA player=PlayerId(0) action_type="PassPriority" event_count=1
2026-10-08T10:22:22.684173Z  INFO ws_message:game_session{game=7R8JLA player=PlayerId(0)}: phase_server: game submission processed (lock held) game=7R8JLA kind="action" lock_ms=15 ai_actions=0
2026-10-08T10:22:22.926309Z  INFO ws_message:game_session{game=7R8JLA player=PlayerId(1)}: server_core::session: action applied game=7R8JLA player=PlayerId(1) action_type="PassPriority" event_count=2
2026-10-08T10:22:22.932610Z  INFO ws_message:game_session{game=7R8JLA player=PlayerId(1)}: phase_server: game submission processed (lock held) game=7R8JLA kind="action" lock_ms=10 ai_actions=0
2026-10-08T10:22:23.176512Z  INFO ws_message:game_session{game=7R8JLA player=PlayerId(0)}: server_core::session: action applied game=7R8JLA player=PlayerId(0) action_type="PassPriority" event_count=1
2026-10-08T10:22:23.185347Z  INFO ws_message:game_session{game=7R8JLA player=PlayerId(0)}: phase_server: game submission processed (lock held) game=7R8JLA kind="action" lock_ms=11 ai_actions=0
2026-10-08T10:22:23.433709Z  INFO ws_message:game_session{game=7R8JLA player=PlayerId(1)}: server_core::session: action applied game=7R8JLA player=PlayerId(1) action_type="PassPriority" event_count=1
2026-10-08T10:22:23.442309Z  INFO ws_message:game_session{game=7R8JLA player=PlayerId(1)}: phase_server: game submission processed (lock held) game=7R8JLA kind="action" lock_ms=13 ai_actions=0
2026-10-08T10:22:23.682590Z  INFO ws_message:game_session{game=7R8JLA player=PlayerId(0)}: server_core::session: action applied game=7R8JLA player=PlayerId(0) action_type="PassPriority" event_count=1
2026-10-08T10:22:23.695843Z  INFO ws_message:game_session{game=7R8JLA player=PlayerId(0)}: phase_server: game submission processed (lock held) game=7R8JLA kind="action" lock_ms=17 ai_actions=0
2026-10-08T10:22:23.936989Z  INFO ws_message:game_session{game=7R8JLA player=PlayerId(1)}: server_core::session: action applied game=7R8JLA player=PlayerId(1) action_type="PassPriority" event_count=1
2026-10-08T10:22:23.957408Z  INFO ws_message:game_session{game=7R8JLA player=PlayerId(1)}: phase_server: game submission processed (lock held) game=7R8JLA kind="action" lock_ms=23 ai_actions=0
2026-10-08T10:22:24.197290Z  INFO ws_message:game_session{game=7R8JLA player=PlayerId(0)}: server_core::session: action applied game=7R8JLA player=PlayerId(0) action_type="DeclareAttackers" event_count=2
2026-10-08T10:22:24.206390Z  INFO ws_message:game_session{game=7R8JLA player=PlayerId(0)}: phase_server: game submission processed (lock held) game=7R8JLA kind="action" lock_ms=23 ai_actions=0
2026-10-08T10:22:24.487031Z  INFO ws_message:game_session{game=7R8JLA player=PlayerId(0)}: server_core::session: action applied game=7R8JLA player=PlayerId(0) action_type="PassPriority" event_count=1
2026-10-08T10:22:24.498454Z  INFO ws_message:game_session{game=7R8JLA player=PlayerId(0)}: phase_server: game submission processed (lock held) game=7R8JLA kind="action" lock_ms=34 ai_actions=0
2026-10-08T10:22:24.746114Z  INFO ws_message:game_session{game=7R8JLA player=PlayerId(1)}: server_core::session: action applied game=7R8JLA player=PlayerId(1) action_type="PassPriority" event_count=1
2026-10-08T10:22:24.752271Z  INFO ws_message:game_session{game=7R8JLA player=PlayerId(1)}: phase_server: game submission processed (lock held) game=7R8JLA kind="action" lock_ms=14 ai_actions=0
2026-10-08T10:22:24.993796Z  INFO ws_message:game_session{game=7R8JLA player=PlayerId(0)}: server_core::session: action applied game=7R8JLA player=PlayerId(0) action_type="PassPriority" event_count=1
2026-10-08T10:22:25.001883Z  INFO ws_message:game_session{game=7R8JLA player=PlayerId(0)}: phase_server: game submission processed (lock held) game=7R8JLA kind="action" lock_ms=11 ai_actions=0
2026-10-08T10:22:25.248178Z  INFO ws_message:game_session{game=7R8JLA player=PlayerId(1)}: server_core::session: action applied game=7R8JLA player=PlayerId(1) action_type="PassPriority" event_count=1
2026-10-08T10:22:25.254070Z  INFO ws_message:game_session{game=7R8JLA player=PlayerId(1)}: phase_server: game submission processed (lock held) game=7R8JLA kind="action" lock_ms=11 ai_actions=0
2026-10-08T10:22:25.501302Z  INFO ws_message:game_session{game=7R8JLA player=PlayerId(0)}: server_core::session: action applied game=7R8JLA player=PlayerId(0) action_type="PassPriority" event_count=1
2026-10-08T10:22:25.515006Z  INFO ws_message:game_session{game=7R8JLA player=PlayerId(0)}: phase_server: game submission processed (lock held) game=7R8JLA kind="action" lock_ms=20 ai_actions=0
2026-10-08T10:22:25.755101Z  INFO ws_message:game_session{game=7R8JLA player=PlayerId(1)}: server_core::session: action applied game=7R8JLA player=PlayerId(1) action_type="PassPriority" event_count=4
2026-10-08T10:22:25.767701Z  INFO ws_message:game_session{game=7R8JLA player=PlayerId(1)}: phase_server: game submission processed (lock held) game=7R8JLA kind="action" lock_ms=20 ai_actions=0
2026-10-08T10:22:26.002780Z  INFO ws_message:game_session{game=7R8JLA player=PlayerId(1)}: server_core::session: action applied game=7R8JLA player=PlayerId(1) action_type="PassPriority" event_count=1
2026-10-08T10:22:26.011024Z  INFO ws_message:game_session{game=7R8JLA player=PlayerId(1)}: phase_server: game submission processed (lock held) game=7R8JLA kind="action" lock_ms=12 ai_actions=0
2026-10-08T10:22:26.265595Z  INFO ws_message:game_session{game=7R8JLA player=PlayerId(0)}: server_core::session: action applied game=7R8JLA player=PlayerId(0) action_type="PassPriority" event_count=4
2026-10-08T10:22:26.279549Z  INFO ws_message:game_session{game=7R8JLA player=PlayerId(0)}: phase_server: game submission processed (lock held) game=7R8JLA kind="action" lock_ms=27 ai_actions=0
2026-10-08T10:22:26.510158Z  INFO ws_message:game_session{game=7R8JLA player=PlayerId(1)}: server_core::session: action applied game=7R8JLA player=PlayerId(1) action_type="PassPriority" event_count=1
2026-10-08T10:22:26.519398Z  INFO ws_message:game_session{game=7R8JLA player=PlayerId(1)}: phase_server: game submission processed (lock held) game=7R8JLA kind="action" lock_ms=12 ai_actions=0
2026-10-08T10:22:26.761983Z  INFO ws_message:game_session{game=7R8JLA player=PlayerId(0)}: server_core::session: action applied game=7R8JLA player=PlayerId(0) action_type="PassPriority" event_count=1
2026-10-08T10:22:26.802348Z  INFO ws_message:game_session{game=7R8JLA player=PlayerId(0)}: phase_server: game submission processed (lock held) game=7R8JLA kind="action" lock_ms=44 ai_actions=0
2026-10-08T10:22:27.017079Z  INFO ws_message:game_session{game=7R8JLA player=PlayerId(1)}: server_core::session: action applied game=7R8JLA player=PlayerId(1) action_type="PlayLand" event_count=2
2026-10-08T10:22:27.025911Z  INFO ws_message:game_session{game=7R8JLA player=PlayerId(1)}: phase_server: game submission processed (lock held) game=7R8JLA kind="action" lock_ms=14 ai_actions=0
2026-10-08T10:22:27.269741Z  INFO ws_message:game_session{game=7R8JLA player=PlayerId(1)}: server_core::session: action applied game=7R8JLA player=PlayerId(1) action_type="PassPriority" event_count=1
2026-10-08T10:22:27.276512Z  INFO ws_message:game_session{game=7R8JLA player=PlayerId(1)}: phase_server: game submission processed (lock held) game=7R8JLA kind="action" lock_ms=12 ai_actions=0
2026-10-08T10:22:27.519087Z  INFO ws_message:game_session{game=7R8JLA player=PlayerId(0)}: server_core::session: action applied game=7R8JLA player=PlayerId(0) action_type="PassPriority" event_count=1
2026-10-08T10:22:27.535235Z  INFO ws_message:game_session{game=7R8JLA player=PlayerId(0)}: phase_server: game submission processed (lock held) game=7R8JLA kind="action" lock_ms=19 ai_actions=0
2026-10-08T10:22:27.772203Z  INFO ws_message:game_session{game=7R8JLA player=PlayerId(1)}: server_core::session: action applied game=7R8JLA player=PlayerId(1) action_type="PassPriority" event_count=1
2026-10-08T10:22:27.778801Z  INFO ws_message:game_session{game=7R8JLA player=PlayerId(1)}: phase_server: game submission processed (lock held) game=7R8JLA kind="action" lock_ms=11 ai_actions=0
2026-10-08T10:22:28.025364Z  INFO ws_message:game_session{game=7R8JLA player=PlayerId(0)}: server_core::session: action applied game=7R8JLA player=PlayerId(0) action_type="PassPriority" event_count=3
2026-10-08T10:22:28.033348Z  INFO ws_message:game_session{game=7R8JLA player=PlayerId(0)}: phase_server: game submission processed (lock held) game=7R8JLA kind="action" lock_ms=13 ai_actions=0
2026-10-08T10:22:28.275190Z  INFO ws_message:game_session{game=7R8JLA player=PlayerId(1)}: server_core::session: action applied game=7R8JLA player=PlayerId(1) action_type="PassPriority" event_count=1
2026-10-08T10:22:28.282389Z  INFO ws_message:game_session{game=7R8JLA player=PlayerId(1)}: phase_server: game submission processed (lock held) game=7R8JLA kind="action" lock_ms=10 ai_actions=0
2026-10-08T10:22:28.528459Z  INFO ws_message:game_session{game=7R8JLA player=PlayerId(0)}: server_core::session: action applied game=7R8JLA player=PlayerId(0) action_type="PassPriority" event_count=1
2026-10-08T10:22:28.536362Z  INFO ws_message:game_session{game=7R8JLA player=PlayerId(0)}: phase_server: game submission processed (lock held) game=7R8JLA kind="action" lock_ms=12 ai_actions=0
2026-10-08T10:22:28.780069Z  INFO ws_message:game_session{game=7R8JLA player=PlayerId(1)}: server_core::session: action applied game=7R8JLA player=PlayerId(1) action_type="PassPriority" event_count=1
2026-10-08T10:22:28.785914Z  INFO ws_message:game_session{game=7R8JLA player=PlayerId(1)}: phase_server: game submission processed (lock held) game=7R8JLA kind="action" lock_ms=9 ai_actions=0
2026-10-08T10:22:29.033191Z  INFO ws_message:game_session{game=7R8JLA player=PlayerId(0)}: server_core::session: action applied game=7R8JLA player=PlayerId(0) action_type="PassPriority" event_count=1
2026-10-08T10:22:29.041481Z  INFO ws_message:game_session{game=7R8JLA player=PlayerId(0)}: phase_server: game submission processed (lock held) game=7R8JLA kind="action" lock_ms=12 ai_actions=0
2026-10-08T10:22:29.285509Z  INFO ws_message:game_session{game=7R8JLA player=PlayerId(1)}: server_core::session: action applied game=7R8JLA player=PlayerId(1) action_type="PassPriority" event_count=1
2026-10-08T10:22:29.291674Z  INFO ws_message:game_session{game=7R8JLA player=PlayerId(1)}: phase_server: game submission processed (lock held) game=7R8JLA kind="action" lock_ms=11 ai_actions=0
2026-10-08T10:22:29.541159Z  INFO ws_message:game_session{game=7R8JLA player=PlayerId(0)}: server_core::session: action applied game=7R8JLA player=PlayerId(0) action_type="PassPriority" event_count=7
2026-10-08T10:22:29.548144Z  INFO ws_message:game_session{game=7R8JLA player=PlayerId(0)}: phase_server: game submission processed (lock held) game=7R8JLA kind="action" lock_ms=14 ai_actions=0
2026-10-08T10:22:29.790356Z  INFO ws_message:game_session{game=7R8JLA player=PlayerId(0)}: server_core::session: action applied game=7R8JLA player=PlayerId(0) action_type="PassPriority" event_count=1
2026-10-08T10:22:29.798192Z  INFO ws_message:game_session{game=7R8JLA player=PlayerId(0)}: phase_server: game submission processed (lock held) game=7R8JLA kind="action" lock_ms=10 ai_actions=0
2026-10-08T10:22:30.047546Z  INFO ws_message:game_session{game=7R8JLA player=PlayerId(1)}: server_core::session: action applied game=7R8JLA player=PlayerId(1) action_type="PassPriority" event_count=4
2026-10-08T10:22:30.056133Z  INFO ws_message:game_session{game=7R8JLA player=PlayerId(1)}: phase_server: game submission processed (lock held) game=7R8JLA kind="action" lock_ms=15 ai_actions=0
2026-10-08T10:22:30.296133Z  INFO ws_message:game_session{game=7R8JLA player=PlayerId(0)}: server_core::session: action applied game=7R8JLA player=PlayerId(0) action_type="PassPriority" event_count=1
2026-10-08T10:22:30.304667Z  INFO ws_message:game_session{game=7R8JLA player=PlayerId(0)}: phase_server: game submission processed (lock held) game=7R8JLA kind="action" lock_ms=11 ai_actions=0
2026-10-08T10:22:30.547848Z  INFO ws_message:game_session{game=7R8JLA player=PlayerId(1)}: server_core::session: action applied game=7R8JLA player=PlayerId(1) action_type="PassPriority" event_count=1
2026-10-08T10:22:30.564273Z  INFO ws_message:game_session{game=7R8JLA player=PlayerId(1)}: phase_server: game submission processed (lock held) game=7R8JLA kind="action" lock_ms=19 ai_actions=0
2026-10-08T10:22:30.807743Z  INFO ws_message:game_session{game=7R8JLA player=PlayerId(0)}: server_core::session: action applied game=7R8JLA player=PlayerId(0) action_type="PlayLand" event_count=2
2026-10-08T10:22:30.824535Z  INFO ws_message:game_session{game=7R8JLA player=PlayerId(0)}: phase_server: game submission processed (lock held) game=7R8JLA kind="action" lock_ms=26 ai_actions=0
2026-10-08T10:22:31.053685Z  INFO ws_message:game_session{game=7R8JLA player=PlayerId(0)}: server_core::session: action applied game=7R8JLA player=PlayerId(0) action_type="PassPriority" event_count=1
2026-10-08T10:22:31.062386Z  INFO ws_message:game_session{game=7R8JLA player=PlayerId(0)}: phase_server: game submission processed (lock held) game=7R8JLA kind="action" lock_ms=12 ai_actions=0
2026-10-08T10:22:31.306444Z  INFO ws_message:game_session{game=7R8JLA player=PlayerId(1)}: server_core::session: action applied game=7R8JLA player=PlayerId(1) action_type="CastSpell" event_count=1
2026-10-08T10:22:31.333967Z  INFO ws_message:game_session{game=7R8JLA player=PlayerId(1)}: phase_server: game submission processed (lock held) game=7R8JLA kind="action" lock_ms=31 ai_actions=0
2026-10-08T10:22:31.572914Z  INFO ws_message:game_session{game=7R8JLA player=PlayerId(1)}: server_core::session: interaction applied game=7R8JLA player=PlayerId(1) action_type="ChooseTarget" event_count=10
2026-10-08T10:22:31.580044Z  INFO ws_message:game_session{game=7R8JLA player=PlayerId(1)}: phase_server: game submission processed (lock held) game=7R8JLA kind="interaction" lock_ms=23 ai_actions=0
2026-10-08T10:22:31.810858Z  INFO ws_message:game_session{game=7R8JLA player=PlayerId(1)}: server_core::session: action applied game=7R8JLA player=PlayerId(1) action_type="CastSpell" event_count=1
2026-10-08T10:22:31.839036Z  INFO ws_message:game_session{game=7R8JLA player=PlayerId(1)}: phase_server: game submission processed (lock held) game=7R8JLA kind="action" lock_ms=29 ai_actions=0
2026-10-08T10:22:32.075569Z  INFO ws_message:game_session{game=7R8JLA player=PlayerId(1)}: server_core::session: interaction applied game=7R8JLA player=PlayerId(1) action_type="ChooseTarget" event_count=10
2026-10-08T10:22:32.081789Z  INFO ws_message:game_session{game=7R8JLA player=PlayerId(1)}: phase_server: game submission processed (lock held) game=7R8JLA kind="interaction" lock_ms=20 ai_actions=0
2026-10-08T10:22:32.316643Z  INFO ws_message:game_session{game=7R8JLA player=PlayerId(1)}: server_core::session: action applied game=7R8JLA player=PlayerId(1) action_type="PassPriority" event_count=1
2026-10-08T10:22:32.330337Z  INFO ws_message:game_session{game=7R8JLA player=PlayerId(1)}: phase_server: game submission processed (lock held) game=7R8JLA kind="action" lock_ms=16 ai_actions=0
2026-10-08T10:22:32.600712Z  INFO ws_message:game_session{game=7R8JLA player=PlayerId(0)}: server_core::session: action applied game=7R8JLA player=PlayerId(0) action_type="CastSpell" event_count=1
2026-10-08T10:22:32.609268Z  INFO ws_message:game_session{game=7R8JLA player=PlayerId(0)}: phase_server: game submission processed (lock held) game=7R8JLA kind="action" lock_ms=11 ai_actions=0
2026-10-08T10:22:32.859687Z  INFO ws_message:game_session{game=7R8JLA player=PlayerId(0)}: server_core::session: interaction applied game=7R8JLA player=PlayerId(0) action_type="ChooseTarget" event_count=1
2026-10-08T10:22:32.910280Z  INFO ws_message:game_session{game=7R8JLA player=PlayerId(0)}: phase_server: game submission processed (lock held) game=7R8JLA kind="interaction" lock_ms=60 ai_actions=0
2026-10-08T10:22:33.120865Z  INFO ws_message:game_session{game=7R8JLA player=PlayerId(0)}: server_core::session: interaction applied game=7R8JLA player=PlayerId(0) action_type="ChooseX" event_count=14
2026-10-08T10:22:33.129969Z  INFO ws_message:game_session{game=7R8JLA player=PlayerId(0)}: phase_server: game submission processed (lock held) game=7R8JLA kind="interaction" lock_ms=27 ai_actions=0
2026-10-08T10:22:33.358122Z  INFO ws_message:game_session{game=7R8JLA player=PlayerId(0)}: server_core::session: action applied game=7R8JLA player=PlayerId(0) action_type="PassPriority" event_count=1
2026-10-08T10:22:33.366938Z  INFO ws_message:game_session{game=7R8JLA player=PlayerId(0)}: phase_server: game submission processed (lock held) game=7R8JLA kind="action" lock_ms=12 ai_actions=0
2026-10-08T10:22:33.611173Z  INFO ws_message:game_session{game=7R8JLA player=PlayerId(1)}: server_core::session: action applied game=7R8JLA player=PlayerId(1) action_type="PassPriority" event_count=3
2026-10-08T10:22:33.622208Z  INFO ws_message:game_session{game=7R8JLA player=PlayerId(1)}: phase_server: game submission processed (lock held) game=7R8JLA kind="action" lock_ms=15 ai_actions=0
2026-10-08T10:22:33.862926Z  INFO ws_message:game_session{game=7R8JLA player=PlayerId(0)}: server_core::session: action applied game=7R8JLA player=PlayerId(0) action_type="PassPriority" event_count=1
2026-10-08T10:22:33.869936Z  INFO ws_message:game_session{game=7R8JLA player=PlayerId(0)}: phase_server: game submission processed (lock held) game=7R8JLA kind="action" lock_ms=11 ai_actions=0
2026-10-08T10:22:34.115669Z  INFO ws_message:game_session{game=7R8JLA player=PlayerId(1)}: server_core::session: action applied game=7R8JLA player=PlayerId(1) action_type="PassPriority" event_count=5
2026-10-08T10:22:34.126971Z  INFO ws_message:game_session{game=7R8JLA player=PlayerId(1)}: phase_server: game submission processed (lock held) game=7R8JLA kind="action" lock_ms=15 ai_actions=0
2026-10-08T10:22:34.370038Z  INFO ws_message:game_session{game=7R8JLA player=PlayerId(0)}: server_core::session: action applied game=7R8JLA player=PlayerId(0) action_type="PassPriority" event_count=1
2026-10-08T10:22:34.377918Z  INFO ws_message:game_session{game=7R8JLA player=PlayerId(0)}: phase_server: game submission processed (lock held) game=7R8JLA kind="action" lock_ms=12 ai_actions=0
2026-10-08T10:22:34.622445Z  INFO ws_message:game_session{game=7R8JLA player=PlayerId(1)}: server_core::session: action applied game=7R8JLA player=PlayerId(1) action_type="PassPriority" event_count=5
2026-10-08T10:22:34.641392Z  INFO ws_message:game_session{game=7R8JLA player=PlayerId(1)}: phase_server: game submission processed (lock held) game=7R8JLA kind="action" lock_ms=24 ai_actions=0
2026-10-08T10:22:34.893217Z  INFO ws_message:game_session{game=7R8JLA player=PlayerId(0)}: server_core::session: action applied game=7R8JLA player=PlayerId(0) action_type="PassPriority" event_count=1
2026-10-08T10:22:34.927516Z  INFO ws_message:game_session{game=7R8JLA player=PlayerId(0)}: phase_server: game submission processed (lock held) game=7R8JLA kind="action" lock_ms=53 ai_actions=0
2026-10-08T10:22:35.135346Z  INFO ws_message:game_session{game=7R8JLA player=PlayerId(1)}: server_core::session: action applied game=7R8JLA player=PlayerId(1) action_type="PassPriority" event_count=1
2026-10-08T10:22:35.147556Z  INFO ws_message:game_session{game=7R8JLA player=PlayerId(1)}: phase_server: game submission processed (lock held) game=7R8JLA kind="action" lock_ms=16 ai_actions=0
2026-10-08T10:22:35.386511Z  INFO ws_message:game_session{game=7R8JLA player=PlayerId(0)}: server_core::session: action applied game=7R8JLA player=PlayerId(0) action_type="PassPriority" event_count=1
2026-10-08T10:22:35.395896Z  INFO ws_message:game_session{game=7R8JLA player=PlayerId(0)}: phase_server: game submission processed (lock held) game=7R8JLA kind="action" lock_ms=13 ai_actions=0
2026-10-08T10:22:35.637442Z  INFO ws_message:game_session{game=7R8JLA player=PlayerId(1)}: server_core::session: action applied game=7R8JLA player=PlayerId(1) action_type="PassPriority" event_count=1
2026-10-08T10:22:35.656398Z  INFO ws_message:game_session{game=7R8JLA player=PlayerId(1)}: phase_server: game submission processed (lock held) game=7R8JLA kind="action" lock_ms=20 ai_actions=0
2026-10-08T10:22:35.895512Z  INFO ws_message:game_session{game=7R8JLA player=PlayerId(0)}: server_core::session: action applied game=7R8JLA player=PlayerId(0) action_type="DeclareAttackers" event_count=2
2026-10-08T10:22:35.908895Z  INFO ws_message:game_session{game=7R8JLA player=PlayerId(0)}: phase_server: game submission processed (lock held) game=7R8JLA kind="action" lock_ms=21 ai_actions=0
2026-10-08T10:22:36.143546Z  INFO ws_message:game_session{game=7R8JLA player=PlayerId(0)}: server_core::session: action applied game=7R8JLA player=PlayerId(0) action_type="PassPriority" event_count=1
2026-10-08T10:22:36.152326Z  INFO ws_message:game_session{game=7R8JLA player=PlayerId(0)}: phase_server: game submission processed (lock held) game=7R8JLA kind="action" lock_ms=12 ai_actions=0
2026-10-08T10:22:36.397328Z  INFO ws_message:game_session{game=7R8JLA player=PlayerId(1)}: server_core::session: action applied game=7R8JLA player=PlayerId(1) action_type="PassPriority" event_count=1
2026-10-08T10:22:36.412129Z  INFO ws_message:game_session{game=7R8JLA player=PlayerId(1)}: phase_server: game submission processed (lock held) game=7R8JLA kind="action" lock_ms=20 ai_actions=0
2026-10-08T10:22:36.647625Z  INFO ws_message:game_session{game=7R8JLA player=PlayerId(0)}: server_core::session: action applied game=7R8JLA player=PlayerId(0) action_type="PassPriority" event_count=1
2026-10-08T10:22:36.656570Z  INFO ws_message:game_session{game=7R8JLA player=PlayerId(0)}: phase_server: game submission processed (lock held) game=7R8JLA kind="action" lock_ms=12 ai_actions=0
2026-10-08T10:22:36.902460Z  INFO ws_message:game_session{game=7R8JLA player=PlayerId(1)}: server_core::session: action applied game=7R8JLA player=PlayerId(1) action_type="PassPriority" event_count=1
2026-10-08T10:22:36.913152Z  INFO ws_message:game_session{game=7R8JLA player=PlayerId(1)}: phase_server: game submission processed (lock held) game=7R8JLA kind="action" lock_ms=16 ai_actions=0
2026-10-08T10:22:37.153296Z  INFO ws_message:game_session{game=7R8JLA player=PlayerId(0)}: server_core::session: action applied game=7R8JLA player=PlayerId(0) action_type="PassPriority" event_count=1
2026-10-08T10:22:37.162841Z  INFO ws_message:game_session{game=7R8JLA player=PlayerId(0)}: phase_server: game submission processed (lock held) game=7R8JLA kind="action" lock_ms=13 ai_actions=0
2026-10-08T10:22:37.408240Z  INFO ws_message:game_session{game=7R8JLA player=PlayerId(1)}: server_core::session: action applied game=7R8JLA player=PlayerId(1) action_type="PassPriority" event_count=6
2026-10-08T10:22:37.416429Z  INFO ws_message:game_session{game=7R8JLA player=PlayerId(1)}: phase_server: game submission processed (lock held) game=7R8JLA kind="action" lock_ms=15 ai_actions=0
2026-10-08T10:22:37.656963Z  INFO ws_message:game_session{game=7R8JLA player=PlayerId(1)}: server_core::session: action applied game=7R8JLA player=PlayerId(1) action_type="PassPriority" event_count=1
2026-10-08T10:22:37.669352Z  INFO ws_message:game_session{game=7R8JLA player=PlayerId(1)}: phase_server: game submission processed (lock held) game=7R8JLA kind="action" lock_ms=17 ai_actions=0
2026-10-08T10:22:37.912194Z  INFO ws_message:game_session{game=7R8JLA player=PlayerId(0)}: server_core::session: action applied game=7R8JLA player=PlayerId(0) action_type="PassPriority" event_count=4
2026-10-08T10:22:37.919359Z  INFO ws_message:game_session{game=7R8JLA player=PlayerId(0)}: phase_server: game submission processed (lock held) game=7R8JLA kind="action" lock_ms=15 ai_actions=0
2026-10-08T10:22:38.160042Z  INFO ws_message:game_session{game=7R8JLA player=PlayerId(1)}: server_core::session: action applied game=7R8JLA player=PlayerId(1) action_type="PassPriority" event_count=1
2026-10-08T10:22:38.171794Z  INFO ws_message:game_session{game=7R8JLA player=PlayerId(1)}: phase_server: game submission processed (lock held) game=7R8JLA kind="action" lock_ms=15 ai_actions=0
2026-10-08T10:22:38.412439Z  INFO ws_message:game_session{game=7R8JLA player=PlayerId(0)}: server_core::session: action applied game=7R8JLA player=PlayerId(0) action_type="PassPriority" event_count=1
2026-10-08T10:22:38.439478Z  INFO ws_message:game_session{game=7R8JLA player=PlayerId(0)}: phase_server: game submission processed (lock held) game=7R8JLA kind="action" lock_ms=30 ai_actions=0
2026-10-08T10:22:38.666825Z  INFO ws_message:game_session{game=7R8JLA player=PlayerId(1)}: server_core::session: action applied game=7R8JLA player=PlayerId(1) action_type="PlayLand" event_count=2
2026-10-08T10:22:38.674917Z  INFO ws_message:game_session{game=7R8JLA player=PlayerId(1)}: phase_server: game submission processed (lock held) game=7R8JLA kind="action" lock_ms=13 ai_actions=0
2026-10-08T10:22:38.917206Z  INFO ws_message:game_session{game=7R8JLA player=PlayerId(1)}: server_core::session: action applied game=7R8JLA player=PlayerId(1) action_type="PassPriority" event_count=1
2026-10-08T10:22:38.927842Z  INFO ws_message:game_session{game=7R8JLA player=PlayerId(1)}: phase_server: game submission processed (lock held) game=7R8JLA kind="action" lock_ms=14 ai_actions=0
2026-10-08T10:22:39.168238Z  INFO ws_message:game_session{game=7R8JLA player=PlayerId(0)}: server_core::session: action applied game=7R8JLA player=PlayerId(0) action_type="PassPriority" event_count=1
2026-10-08T10:22:39.176679Z  INFO ws_message:game_session{game=7R8JLA player=PlayerId(0)}: phase_server: game submission processed (lock held) game=7R8JLA kind="action" lock_ms=11 ai_actions=0
2026-10-08T10:22:39.420994Z  INFO ws_message:game_session{game=7R8JLA player=PlayerId(1)}: server_core::session: action applied game=7R8JLA player=PlayerId(1) action_type="PassPriority" event_count=1
2026-10-08T10:22:39.430898Z  INFO ws_message:game_session{game=7R8JLA player=PlayerId(1)}: phase_server: game submission processed (lock held) game=7R8JLA kind="action" lock_ms=13 ai_actions=0
2026-10-08T10:22:39.676814Z  INFO ws_message:game_session{game=7R8JLA player=PlayerId(0)}: server_core::session: action applied game=7R8JLA player=PlayerId(0) action_type="PassPriority" event_count=3
2026-10-08T10:22:39.687782Z  INFO ws_message:game_session{game=7R8JLA player=PlayerId(0)}: phase_server: game submission processed (lock held) game=7R8JLA kind="action" lock_ms=19 ai_actions=0
2026-10-08T10:22:39.924715Z  INFO ws_message:game_session{game=7R8JLA player=PlayerId(1)}: server_core::session: action applied game=7R8JLA player=PlayerId(1) action_type="PassPriority" event_count=1
2026-10-08T10:22:39.935487Z  INFO ws_message:game_session{game=7R8JLA player=PlayerId(1)}: phase_server: game submission processed (lock held) game=7R8JLA kind="action" lock_ms=14 ai_actions=0
2026-10-08T10:22:40.177230Z  INFO ws_message:game_session{game=7R8JLA player=PlayerId(0)}: server_core::session: action applied game=7R8JLA player=PlayerId(0) action_type="PassPriority" event_count=1
2026-10-08T10:22:40.185592Z  INFO ws_message:game_session{game=7R8JLA player=PlayerId(0)}: phase_server: game submission processed (lock held) game=7R8JLA kind="action" lock_ms=13 ai_actions=0
2026-10-08T10:22:40.428637Z  INFO ws_message:game_session{game=7R8JLA player=PlayerId(1)}: server_core::session: action applied game=7R8JLA player=PlayerId(1) action_type="PassPriority" event_count=1
2026-10-08T10:22:40.438804Z  INFO ws_message:game_session{game=7R8JLA player=PlayerId(1)}: phase_server: game submission processed (lock held) game=7R8JLA kind="action" lock_ms=14 ai_actions=0
2026-10-08T10:22:40.681465Z  INFO ws_message:game_session{game=7R8JLA player=PlayerId(0)}: server_core::session: action applied game=7R8JLA player=PlayerId(0) action_type="PassPriority" event_count=1
2026-10-08T10:22:40.689772Z  INFO ws_message:game_session{game=7R8JLA player=PlayerId(0)}: phase_server: game submission processed (lock held) game=7R8JLA kind="action" lock_ms=12 ai_actions=0
2026-10-08T10:22:40.932845Z  INFO ws_message:game_session{game=7R8JLA player=PlayerId(1)}: server_core::session: action applied game=7R8JLA player=PlayerId(1) action_type="PassPriority" event_count=1
2026-10-08T10:22:40.943482Z  INFO ws_message:game_session{game=7R8JLA player=PlayerId(1)}: phase_server: game submission processed (lock held) game=7R8JLA kind="action" lock_ms=14 ai_actions=0
2026-10-08T10:22:41.189892Z  INFO ws_message:game_session{game=7R8JLA player=PlayerId(0)}: server_core::session: action applied game=7R8JLA player=PlayerId(0) action_type="PassPriority" event_count=6
2026-10-08T10:22:41.203571Z  INFO ws_message:game_session{game=7R8JLA player=PlayerId(0)}: phase_server: game submission processed (lock held) game=7R8JLA kind="action" lock_ms=21 ai_actions=0
2026-10-08T10:22:41.438280Z  INFO ws_message:game_session{game=7R8JLA player=PlayerId(0)}: server_core::session: action applied game=7R8JLA player=PlayerId(0) action_type="PassPriority" event_count=1
2026-10-08T10:22:41.446202Z  INFO ws_message:game_session{game=7R8JLA player=PlayerId(0)}: phase_server: game submission processed (lock held) game=7R8JLA kind="action" lock_ms=11 ai_actions=0
2026-10-08T10:22:41.708412Z  INFO ws_message:game_session{game=7R8JLA player=PlayerId(1)}: server_core::session: action applied game=7R8JLA player=PlayerId(1) action_type="PassPriority" event_count=4
2026-10-08T10:22:41.723756Z  INFO ws_message:game_session{game=7R8JLA player=PlayerId(1)}: phase_server: game submission processed (lock held) game=7R8JLA kind="action" lock_ms=36 ai_actions=0
2026-10-08T10:22:41.944575Z  INFO ws_message:game_session{game=7R8JLA player=PlayerId(0)}: server_core::session: action applied game=7R8JLA player=PlayerId(0) action_type="PassPriority" event_count=1
2026-10-08T10:22:41.958106Z  INFO ws_message:game_session{game=7R8JLA player=PlayerId(0)}: phase_server: game submission processed (lock held) game=7R8JLA kind="action" lock_ms=17 ai_actions=0
2026-10-08T10:22:42.198249Z  INFO ws_message:game_session{game=7R8JLA player=PlayerId(1)}: server_core::session: action applied game=7R8JLA player=PlayerId(1) action_type="PassPriority" event_count=1
2026-10-08T10:22:42.218504Z  INFO ws_message:game_session{game=7R8JLA player=PlayerId(1)}: phase_server: game submission processed (lock held) game=7R8JLA kind="action" lock_ms=23 ai_actions=0
2026-10-08T10:22:42.452792Z  INFO ws_message:game_session{game=7R8JLA player=PlayerId(0)}: server_core::session: action applied game=7R8JLA player=PlayerId(0) action_type="PlayLand" event_count=2
2026-10-08T10:22:42.476549Z  INFO ws_message:game_session{game=7R8JLA player=PlayerId(0)}: phase_server: game submission processed (lock held) game=7R8JLA kind="action" lock_ms=30 ai_actions=0
2026-10-08T10:22:42.705132Z  INFO ws_message:game_session{game=7R8JLA player=PlayerId(0)}: server_core::session: action applied game=7R8JLA player=PlayerId(0) action_type="PassPriority" event_count=1
2026-10-08T10:22:42.713252Z  INFO ws_message:game_session{game=7R8JLA player=PlayerId(0)}: phase_server: game submission processed (lock held) game=7R8JLA kind="action" lock_ms=14 ai_actions=0
2026-10-08T10:22:42.982824Z  INFO ws_message:game_session{game=7R8JLA player=PlayerId(1)}: server_core::session: action applied game=7R8JLA player=PlayerId(1) action_type="PassPriority" event_count=1
2026-10-08T10:22:42.992892Z  INFO ws_message:game_session{game=7R8JLA player=PlayerId(1)}: phase_server: game submission processed (lock held) game=7R8JLA kind="action" lock_ms=13 ai_actions=0
