[19:14:55] server identity hashes recomputed against on-disk pinned artifacts
[19:14:55] ServerHello: version=0.103.0 build=ec27a8d protocol=106 mode=Full
[19:14:55] data-level check: ok=True notes=[]
[19:14:56] game ZLCQDJ created; P0 forests/bears, P1 islands/unsummon
[19:14:56] [P0] mulligan keep
[19:14:56] [P1] mulligan keep
[19:14:57] [P0] playing land forest
[19:15:00] [P1] playing land island
[19:15:03] [P0] playing land forest
[19:15:03] [P0] casting grizzly bears (oid 3)
[19:15:04] bears on battlefield oid=3; capturing PRE state
[19:15:08] [P1] playing land island
[19:15:11] [P0] playing land forest
[19:15:14] [P1] playing land island
[19:15:17] [P0] playing land forest
[19:15:20] [P1] playing land island
[19:15:23] [P0] playing land forest
[19:15:26] [P1] playing land island
[19:15:29] [P0] playing land forest
[19:15:33] [P1] playing land island
[19:15:36] [P0] playing land forest
[19:15:40] [P1] playing land island
[19:15:43] [P0] playing land forest
[19:15:46] [P1] playing land island
[19:15:49] [P0] playing land forest
[19:15:52] [P1] playing land island
[19:15:55] [P0] playing land forest
[19:15:58] [P1] playing land island
[19:16:03] [P0] playing land forest
[19:16:06] [P1] playing land island
[19:16:09] [P0] playing land forest
[19:16:12] [P1] playing land island
[19:16:15] [P0] playing land forest
[19:16:18] [P1] playing land island
[19:16:21] [P0] playing land forest
[19:16:25] [P1] playing land island
[19:16:28] [P0] playing land forest
[19:16:31] [P1] playing land island
[19:16:35] [P0] playing land forest
[19:16:38] [P1] playing land island
[19:16:39] [P1] casting unsummon (oid 50)
[19:16:39] [P1] tap land for mana used_for=U
[19:16:39] [P1] targeting oid 3 (choose)
[19:16:39] bears bounced to P0 hand; capturing POST state
[19:16:40] assertions: {"A1_setup_ok": "passed", "A2_bounced_hidden": "passed", "A3_lki_leak": "passed", "A4_ledger_leak": "passed", "A5_leak_identity": "passed"}
[19:16:40] verdict: reproduced
[19:16:41] summary.png rendered (1100, 1000)
