[20:48:29] ServerHello: version=0.105.0 build=965e243 protocol=120 mode=Full
[20:48:29] data-level check: ok=True notes=[]
[20:48:29] ===== GAME A: banefire {X}{R} (X=0) =====
[20:48:30] [A] game FU6TRH; P0 seat=0 P1 seat=1
[20:48:30] [P0A] keep 7: ['banefire', 'krark-clan ironworks', 'memnite', 'banefire', 'memnite', 'memnite', 'mountain']
[20:48:30] [P1A] keep 7: ['forest', 'forest', 'forest', 'forest', 'forest', 'forest', 'forest']
[20:48:32] [P1A] playing land forest
[20:48:32] [P1A] tap land for mana used_for=any
[20:48:32] [P1A] submitting interaction iid=FU6TRH.0.7 choice=FU6TRH.0.7.c1 (Forest)
[20:48:34] [P0A] NOTE: hand=8>7 but vi kind code='choose'; vi_ops=1; trying SelectCards fallback
[20:48:34] [P0A] NOTE: hand=8>7 but vi kind code='choose'; vi_ops=0; trying SelectCards fallback
[20:48:34] [P0A] NOTE: hand=8>7 but vi kind code='choose'; vi_ops=1; trying SelectCards fallback
[20:48:34] [P0A] playing land mountain
[20:48:34] [A] P0 casts memnite (oid 3) needs={'generic': 0}
[20:48:37] [P1A] tap land for mana used_for=any
[20:48:37] [P1A] submitting interaction iid=FU6TRH.0.36 choice=FU6TRH.0.36.c1 (Forest)
[20:48:38] [P1A] playing land forest
[20:48:38] [P1A] tap land for mana used_for=any
[20:48:38] [P1A] submitting interaction iid=FU6TRH.0.42 choice=FU6TRH.0.42.c1 (Forest)
[20:48:43] [P1A] tap land for mana used_for=any
[20:48:43] [P1A] submitting interaction iid=FU6TRH.0.68 choice=FU6TRH.0.68.c1 (Forest)
[20:48:43] [P1A] tap land for mana used_for=any
[20:48:43] [P1A] submitting interaction iid=FU6TRH.0.69 choice=FU6TRH.0.69.c1 (Forest)
[20:48:44] [P1A] playing land forest
[20:48:44] [P1A] tap land for mana used_for=any
[20:48:44] [P1A] submitting interaction iid=FU6TRH.0.75 choice=FU6TRH.0.75.c1 (Forest)
[20:48:46] [P0A] NOTE: hand=8>7 but vi kind code='choose'; vi_ops=1; trying SelectCards fallback
[20:48:46] [P0A] NOTE: hand=8>7 but vi kind code='choose'; vi_ops=0; trying SelectCards fallback
[20:48:47] [P0A] NOTE: hand=8>7 but vi kind code='choose'; vi_ops=1; trying SelectCards fallback
[20:48:47] [P0A] NOTE: hand=8>7 but vi kind code='choose'; vi_ops=0; trying SelectCards fallback
[20:48:47] [P0A] NOTE: hand=8>7 but vi kind code='choose'; vi_ops=1; trying SelectCards fallback
[20:48:47] [P0A] NOTE: hand=8>7 but vi kind code='choose'; vi_ops=0; trying SelectCards fallback
[20:48:47] [P0A] NOTE: hand=8>7 but vi kind code='relations'; vi_ops=1; trying SelectCards fallback
[20:48:48] [P0A] NOTE: hand=8>7 but vi kind code='choose'; vi_ops=1; trying SelectCards fallback
[20:48:48] [P0A] NOTE: hand=8>7 but vi kind code='choose'; vi_ops=0; trying SelectCards fallback
[20:48:48] [P0A] NOTE: hand=8>7 but vi kind code='choose'; vi_ops=1; trying SelectCards fallback
[20:48:48] [P0A] NOTE: hand=8>7 but vi kind code='choose'; vi_ops=0; trying SelectCards fallback
[20:48:48] [P0A] NOTE: hand=8>7 but vi kind code='choose'; vi_ops=1; trying SelectCards fallback
[20:48:48] [P0A] NOTE: hand=8>7 but vi kind code='choose'; vi_ops=0; trying SelectCards fallback
[20:48:48] [P0A] NOTE: hand=8>7 but vi kind code='select'; vi_ops=1; trying SelectCards fallback
[20:48:48] [P0A] discarding 1 via verbatim SelectCards: ['krark-clan ironworks']
[20:48:49] [P1A] tap land for mana used_for=any
[20:48:49] [P1A] submitting interaction iid=FU6TRH.0.102 choice=FU6TRH.0.102.c1 (Forest)
[20:48:49] [P1A] tap land for mana used_for=any
[20:48:49] [P1A] submitting interaction iid=FU6TRH.0.103 choice=FU6TRH.0.103.c1 (Forest)
[20:48:49] [P1A] tap land for mana used_for=any
[20:48:49] [P1A] submitting interaction iid=FU6TRH.0.104 choice=FU6TRH.0.104.c1 (Forest)
[20:48:50] [P1A] playing land forest
[20:48:50] [P1A] tap land for mana used_for=any
[20:48:50] [P1A] submitting interaction iid=FU6TRH.0.110 choice=FU6TRH.0.110.c1 (Forest)
[20:48:53] [P0A] NOTE: hand=8>7 but vi kind code='choose'; vi_ops=1; trying SelectCards fallback
[20:48:53] [P0A] NOTE: hand=8>7 but vi kind code='choose'; vi_ops=0; trying SelectCards fallback
[20:48:54] [P0A] NOTE: hand=8>7 but vi kind code='choose'; vi_ops=1; trying SelectCards fallback
[20:48:54] [P0A] playing land mountain
[20:48:55] [P1A] tap land for mana used_for=any
[20:48:55] [P1A] submitting interaction iid=FU6TRH.0.137 choice=FU6TRH.0.137.c1 (Forest)
[20:48:56] [P1A] tap land for mana used_for=any
[20:48:56] [P1A] submitting interaction iid=FU6TRH.0.138 choice=FU6TRH.0.138.c1 (Forest)
[20:48:56] [P1A] tap land for mana used_for=any
[20:48:56] [P1A] submitting interaction iid=FU6TRH.0.139 choice=FU6TRH.0.139.c1 (Forest)
[20:48:56] [P1A] tap land for mana used_for=any
[20:48:56] [P1A] submitting interaction iid=FU6TRH.0.140 choice=FU6TRH.0.140.c1 (Forest)
[20:48:57] [P1A] playing land forest
[20:48:57] [P1A] tap land for mana used_for=any
[20:48:57] [P1A] submitting interaction iid=FU6TRH.0.146 choice=FU6TRH.0.146.c1 (Forest)
[20:48:59] [P0A] NOTE: hand=8>7 but vi kind code='choose'; vi_ops=1; trying SelectCards fallback
[20:48:59] [P0A] NOTE: hand=8>7 but vi kind code='choose'; vi_ops=0; trying SelectCards fallback
[20:48:59] [P0A] NOTE: hand=8>7 but vi kind code='choose'; vi_ops=1; trying SelectCards fallback
[20:48:59] [P0A] NOTE: hand=8>7 but vi kind code='choose'; vi_ops=0; trying SelectCards fallback
[20:48:59] [P0A] NOTE: hand=8>7 but vi kind code='choose'; vi_ops=1; trying SelectCards fallback
[20:49:00] [P0A] NOTE: hand=8>7 but vi kind code='choose'; vi_ops=0; trying SelectCards fallback
[20:49:00] [P0A] NOTE: hand=8>7 but vi kind code='relations'; vi_ops=1; trying SelectCards fallback
[20:49:00] [P0A] NOTE: hand=8>7 but vi kind code='choose'; vi_ops=1; trying SelectCards fallback
[20:49:00] [P0A] NOTE: hand=8>7 but vi kind code='choose'; vi_ops=0; trying SelectCards fallback
[20:49:00] [P0A] NOTE: hand=8>7 but vi kind code='choose'; vi_ops=1; trying SelectCards fallback
[20:49:01] [P0A] NOTE: hand=8>7 but vi kind code='choose'; vi_ops=0; trying SelectCards fallback
[20:49:01] [P0A] NOTE: hand=8>7 but vi kind code='choose'; vi_ops=1; trying SelectCards fallback
[20:49:01] [P0A] NOTE: hand=8>7 but vi kind code='choose'; vi_ops=0; trying SelectCards fallback
[20:49:02] [P0A] NOTE: hand=8>7 but vi kind code='select'; vi_ops=1; trying SelectCards fallback
[20:49:02] [P0A] discarding 1 via verbatim SelectCards: ['krark-clan ironworks']
[20:49:03] [P1A] tap land for mana used_for=any
[20:49:03] [P1A] submitting interaction iid=FU6TRH.0.173 choice=FU6TRH.0.173.c1 (Forest)
[20:49:03] [P1A] tap land for mana used_for=any
[20:49:03] [P1A] submitting interaction iid=FU6TRH.0.174 choice=FU6TRH.0.174.c1 (Forest)
[20:49:03] [P1A] tap land for mana used_for=any
[20:49:03] [P1A] submitting interaction iid=FU6TRH.0.175 choice=FU6TRH.0.175.c1 (Forest)
[20:49:03] [P1A] tap land for mana used_for=any
[20:49:03] [P1A] submitting interaction iid=FU6TRH.0.176 choice=FU6TRH.0.176.c1 (Forest)
[20:49:03] [P1A] tap land for mana used_for=any
[20:49:03] [P1A] submitting interaction iid=FU6TRH.0.177 choice=FU6TRH.0.177.c1 (Forest)
[20:49:04] [P1A] playing land forest
[20:49:04] [P1A] tap land for mana used_for=any
[20:49:04] [P1A] submitting interaction iid=FU6TRH.0.183 choice=FU6TRH.0.183.c1 (Forest)
[20:49:06] [P0A] NOTE: hand=8>7 but vi kind code='choose'; vi_ops=1; trying SelectCards fallback
[20:49:07] [P0A] NOTE: hand=8>7 but vi kind code='choose'; vi_ops=0; trying SelectCards fallback
[20:49:07] [P0A] NOTE: hand=8>7 but vi kind code='choose'; vi_ops=1; trying SelectCards fallback
[20:49:07] [P0A] NOTE: hand=8>7 but vi kind code='choose'; vi_ops=0; trying SelectCards fallback
[20:49:07] [P0A] NOTE: hand=8>7 but vi kind code='choose'; vi_ops=1; trying SelectCards fallback
[20:49:07] [P0A] NOTE: hand=8>7 but vi kind code='choose'; vi_ops=0; trying SelectCards fallback
[20:49:07] [P0A] NOTE: hand=8>7 but vi kind code='relations'; vi_ops=1; trying SelectCards fallback
[20:49:08] [P0A] NOTE: hand=8>7 but vi kind code='choose'; vi_ops=1; trying SelectCards fallback
[20:49:08] [P0A] NOTE: hand=8>7 but vi kind code='choose'; vi_ops=0; trying SelectCards fallback
[20:49:08] [P0A] NOTE: hand=8>7 but vi kind code='choose'; vi_ops=1; trying SelectCards fallback
[20:49:08] [P0A] NOTE: hand=8>7 but vi kind code='choose'; vi_ops=0; trying SelectCards fallback
[20:49:08] [P0A] NOTE: hand=8>7 but vi kind code='choose'; vi_ops=1; trying SelectCards fallback
[20:49:08] [P0A] NOTE: hand=8>7 but vi kind code='choose'; vi_ops=0; trying SelectCards fallback
[20:49:09] [P0A] NOTE: hand=8>7 but vi kind code='select'; vi_ops=1; trying SelectCards fallback
[20:49:09] [P0A] discarding 1 via verbatim SelectCards: ['krark-clan ironworks']
[20:49:09] [P1A] tap land for mana used_for=any
[20:49:09] [P1A] submitting interaction iid=FU6TRH.0.210 choice=FU6TRH.0.210.c1 (Forest)
[20:49:09] [P1A] tap land for mana used_for=any
[20:49:09] [P1A] submitting interaction iid=FU6TRH.0.211 choice=FU6TRH.0.211.c1 (Forest)
[20:49:09] [P1A] tap land for mana used_for=any
[20:49:09] [P1A] submitting interaction iid=FU6TRH.0.212 choice=FU6TRH.0.212.c1 (Forest)
[20:49:10] [P1A] tap land for mana used_for=any
[20:49:10] [P1A] submitting interaction iid=FU6TRH.0.213 choice=FU6TRH.0.213.c1 (Forest)
[20:49:10] [P1A] tap land for mana used_for=any
[20:49:10] [P1A] submitting interaction iid=FU6TRH.0.214 choice=FU6TRH.0.214.c1 (Forest)
[20:49:10] [P1A] tap land for mana used_for=any
[20:49:10] [P1A] submitting interaction iid=FU6TRH.0.215 choice=FU6TRH.0.215.c1 (Forest)
[20:49:12] [P1A] playing land forest
[20:49:12] [P1A] tap land for mana used_for=any
[20:49:12] [P1A] submitting interaction iid=FU6TRH.0.221 choice=FU6TRH.0.221.c1 (Forest)
[20:49:14] [P0A] NOTE: hand=8>7 but vi kind code='choose'; vi_ops=1; trying SelectCards fallback
[20:49:14] [P0A] NOTE: hand=8>7 but vi kind code='choose'; vi_ops=0; trying SelectCards fallback
[20:49:15] [P0A] NOTE: hand=8>7 but vi kind code='choose'; vi_ops=1; trying SelectCards fallback
[20:49:15] [P0A] playing land mountain
[20:49:17] [P1A] tap land for mana used_for=any
[20:49:17] [P1A] submitting interaction iid=FU6TRH.0.248 choice=FU6TRH.0.248.c1 (Forest)
[20:49:17] [P1A] tap land for mana used_for=any
[20:49:17] [P1A] submitting interaction iid=FU6TRH.0.249 choice=FU6TRH.0.249.c1 (Forest)
[20:49:17] [P1A] tap land for mana used_for=any
[20:49:17] [P1A] submitting interaction iid=FU6TRH.0.250 choice=FU6TRH.0.250.c1 (Forest)
[20:49:17] [P1A] tap land for mana used_for=any
[20:49:17] [P1A] submitting interaction iid=FU6TRH.0.251 choice=FU6TRH.0.251.c1 (Forest)
[20:49:17] [P1A] tap land for mana used_for=any
[20:49:17] [P1A] submitting interaction iid=FU6TRH.0.252 choice=FU6TRH.0.252.c1 (Forest)
[20:49:17] [P1A] tap land for mana used_for=any
[20:49:17] [P1A] submitting interaction iid=FU6TRH.0.253 choice=FU6TRH.0.253.c1 (Forest)
[20:49:18] [P1A] tap land for mana used_for=any
[20:49:18] [P1A] submitting interaction iid=FU6TRH.0.254 choice=FU6TRH.0.254.c1 (Forest)
[20:49:19] [P1A] playing land forest
[20:49:19] [P1A] tap land for mana used_for=any
[20:49:19] [P1A] submitting interaction iid=FU6TRH.0.260 choice=FU6TRH.0.260.c1 (Forest)
[20:49:21] [P0A] NOTE: hand=8>7 but vi kind code='choose'; vi_ops=1; trying SelectCards fallback
[20:49:21] [P0A] NOTE: hand=8>7 but vi kind code='choose'; vi_ops=0; trying SelectCards fallback
[20:49:21] [P0A] NOTE: hand=8>7 but vi kind code='choose'; vi_ops=1; trying SelectCards fallback
[20:49:21] [P0A] NOTE: hand=8>7 but vi kind code='choose'; vi_ops=0; trying SelectCards fallback
[20:49:21] [P0A] NOTE: hand=8>7 but vi kind code='choose'; vi_ops=1; trying SelectCards fallback
[20:49:22] [P0A] NOTE: hand=8>7 but vi kind code='choose'; vi_ops=0; trying SelectCards fallback
[20:49:22] [P0A] NOTE: hand=8>7 but vi kind code='relations'; vi_ops=1; trying SelectCards fallback
[20:49:22] [P0A] NOTE: hand=8>7 but vi kind code='choose'; vi_ops=1; trying SelectCards fallback
[20:49:22] [P0A] NOTE: hand=8>7 but vi kind code='choose'; vi_ops=0; trying SelectCards fallback
[20:49:22] [P0A] NOTE: hand=8>7 but vi kind code='choose'; vi_ops=1; trying SelectCards fallback
[20:49:22] [P0A] NOTE: hand=8>7 but vi kind code='choose'; vi_ops=0; trying SelectCards fallback
[20:49:23] [P0A] NOTE: hand=8>7 but vi kind code='choose'; vi_ops=1; trying SelectCards fallback
[20:49:23] [P0A] NOTE: hand=8>7 but vi kind code='choose'; vi_ops=0; trying SelectCards fallback
[20:49:23] [P0A] NOTE: hand=8>7 but vi kind code='select'; vi_ops=1; trying SelectCards fallback
[20:49:23] [P0A] discarding 1 via verbatim SelectCards: ['memnite']
[20:49:23] [P1A] tap land for mana used_for=any
[20:49:23] [P1A] submitting interaction iid=FU6TRH.0.287 choice=FU6TRH.0.287.c1 (Forest)
[20:49:24] [P1A] tap land for mana used_for=any
[20:49:24] [P1A] submitting interaction iid=FU6TRH.0.288 choice=FU6TRH.0.288.c1 (Forest)
[20:49:24] [P1A] tap land for mana used_for=any
[20:49:24] [P1A] submitting interaction iid=FU6TRH.0.289 choice=FU6TRH.0.289.c1 (Forest)
[20:49:24] [P1A] tap land for mana used_for=any
[20:49:24] [P1A] submitting interaction iid=FU6TRH.0.290 choice=FU6TRH.0.290.c1 (Forest)
[20:49:24] [P1A] tap land for mana used_for=any
[20:49:24] [P1A] submitting interaction iid=FU6TRH.0.291 choice=FU6TRH.0.291.c1 (Forest)
[20:49:24] [P1A] tap land for mana used_for=any
[20:49:24] [P1A] submitting interaction iid=FU6TRH.0.292 choice=FU6TRH.0.292.c1 (Forest)
[20:49:24] [P1A] tap land for mana used_for=any
[20:49:24] [P1A] submitting interaction iid=FU6TRH.0.293 choice=FU6TRH.0.293.c1 (Forest)
[20:49:25] [P1A] tap land for mana used_for=any
[20:49:25] [P1A] submitting interaction iid=FU6TRH.0.294 choice=FU6TRH.0.294.c1 (Forest)
[20:49:25] [P1A] playing land forest
[20:49:26] [P1A] tap land for mana used_for=any
[20:49:26] [P1A] submitting interaction iid=FU6TRH.0.300 choice=FU6TRH.0.300.c1 (Forest)
[20:49:28] [P0A] NOTE: hand=8>7 but vi kind code='choose'; vi_ops=1; trying SelectCards fallback
[20:49:28] [P0A] NOTE: hand=8>7 but vi kind code='choose'; vi_ops=0; trying SelectCards fallback
[20:49:28] [P0A] NOTE: hand=8>7 but vi kind code='choose'; vi_ops=1; trying SelectCards fallback
[20:49:28] [P0A] NOTE: hand=8>7 but vi kind code='choose'; vi_ops=0; trying SelectCards fallback
[20:49:28] [P0A] NOTE: hand=8>7 but vi kind code='choose'; vi_ops=1; trying SelectCards fallback
[20:49:29] [P0A] NOTE: hand=8>7 but vi kind code='choose'; vi_ops=0; trying SelectCards fallback
[20:49:29] [P0A] NOTE: hand=8>7 but vi kind code='relations'; vi_ops=1; trying SelectCards fallback
[20:49:29] [P0A] NOTE: hand=8>7 but vi kind code='choose'; vi_ops=1; trying SelectCards fallback
[20:49:29] [P0A] NOTE: hand=8>7 but vi kind code='choose'; vi_ops=0; trying SelectCards fallback
[20:49:29] [P0A] NOTE: hand=8>7 but vi kind code='choose'; vi_ops=1; trying SelectCards fallback
[20:49:29] [P0A] NOTE: hand=8>7 but vi kind code='choose'; vi_ops=0; trying SelectCards fallback
[20:49:30] [P0A] NOTE: hand=8>7 but vi kind code='choose'; vi_ops=1; trying SelectCards fallback
[20:49:30] [P0A] NOTE: hand=8>7 but vi kind code='choose'; vi_ops=0; trying SelectCards fallback
[20:49:30] [P0A] NOTE: hand=8>7 but vi kind code='select'; vi_ops=1; trying SelectCards fallback
[20:49:30] [P0A] discarding 1 via verbatim SelectCards: ['memnite']
[20:49:30] [P1A] tap land for mana used_for=any
[20:49:30] [P1A] submitting interaction iid=FU6TRH.0.327 choice=FU6TRH.0.327.c1 (Forest)
[20:49:30] [P1A] tap land for mana used_for=any
[20:49:30] [P1A] submitting interaction iid=FU6TRH.0.328 choice=FU6TRH.0.328.c1 (Forest)
[20:49:31] [P1A] tap land for mana used_for=any
[20:49:31] [P1A] submitting interaction iid=FU6TRH.0.329 choice=FU6TRH.0.329.c1 (Forest)
[20:49:31] [P1A] tap land for mana used_for=any
[20:49:31] [P1A] submitting interaction iid=FU6TRH.0.330 choice=FU6TRH.0.330.c1 (Forest)
[20:49:31] [P1A] tap land for mana used_for=any
[20:49:31] [P1A] submitting interaction iid=FU6TRH.0.331 choice=FU6TRH.0.331.c1 (Forest)
[20:49:31] [P1A] tap land for mana used_for=any
[20:49:31] [P1A] submitting interaction iid=FU6TRH.0.332 choice=FU6TRH.0.332.c1 (Forest)
[20:49:32] [P1A] tap land for mana used_for=any
[20:49:32] [P1A] submitting interaction iid=FU6TRH.0.333 choice=FU6TRH.0.333.c1 (Forest)
[20:49:33] [P1A] tap land for mana used_for=any
[20:49:33] [P1A] submitting interaction iid=FU6TRH.0.334 choice=FU6TRH.0.334.c1 (Forest)
[20:49:33] [P1A] tap land for mana used_for=any
[20:49:33] [P1A] submitting interaction iid=FU6TRH.0.335 choice=FU6TRH.0.335.c1 (Forest)
[20:49:34] [P1A] playing land forest
[20:49:34] [P1A] tap land for mana used_for=any
[20:49:34] [P1A] submitting interaction iid=FU6TRH.0.341 choice=FU6TRH.0.341.c1 (Forest)
[20:49:36] [P0A] NOTE: hand=8>7 but vi kind code='choose'; vi_ops=1; trying SelectCards fallback
[20:49:36] [P0A] NOTE: hand=8>7 but vi kind code='choose'; vi_ops=0; trying SelectCards fallback
[20:49:36] [P0A] NOTE: hand=8>7 but vi kind code='choose'; vi_ops=1; trying SelectCards fallback
[20:49:36] [P0A] NOTE: hand=8>7 but vi kind code='choose'; vi_ops=0; trying SelectCards fallback
[20:49:37] [P0A] NOTE: hand=8>7 but vi kind code='choose'; vi_ops=1; trying SelectCards fallback
[20:49:37] [P0A] NOTE: hand=8>7 but vi kind code='choose'; vi_ops=0; trying SelectCards fallback
[20:49:37] [P0A] NOTE: hand=8>7 but vi kind code='relations'; vi_ops=1; trying SelectCards fallback
[20:49:37] [P0A] NOTE: hand=8>7 but vi kind code='choose'; vi_ops=1; trying SelectCards fallback
[20:49:37] [P0A] NOTE: hand=8>7 but vi kind code='choose'; vi_ops=0; trying SelectCards fallback
[20:49:37] [P0A] NOTE: hand=8>7 but vi kind code='choose'; vi_ops=1; trying SelectCards fallback
[20:49:38] [P0A] NOTE: hand=8>7 but vi kind code='choose'; vi_ops=0; trying SelectCards fallback
[20:49:38] [P0A] NOTE: hand=8>7 but vi kind code='choose'; vi_ops=1; trying SelectCards fallback
[20:49:38] [P0A] NOTE: hand=8>7 but vi kind code='choose'; vi_ops=0; trying SelectCards fallback
[20:49:38] [P0A] NOTE: hand=8>7 but vi kind code='select'; vi_ops=1; trying SelectCards fallback
[20:49:38] [P0A] discarding 1 via verbatim SelectCards: ['krark-clan ironworks']
[20:49:38] [P1A] tap land for mana used_for=any
[20:49:38] [P1A] submitting interaction iid=FU6TRH.0.368 choice=FU6TRH.0.368.c1 (Forest)
[20:49:39] [P1A] tap land for mana used_for=any
[20:49:39] [P1A] submitting interaction iid=FU6TRH.0.369 choice=FU6TRH.0.369.c1 (Forest)
[20:49:39] [P1A] tap land for mana used_for=any
[20:49:39] [P1A] submitting interaction iid=FU6TRH.0.370 choice=FU6TRH.0.370.c1 (Forest)
[20:49:39] [P1A] tap land for mana used_for=any
[20:49:39] [P1A] submitting interaction iid=FU6TRH.0.371 choice=FU6TRH.0.371.c1 (Forest)
[20:49:39] [P1A] tap land for mana used_for=any
[20:49:39] [P1A] submitting interaction iid=FU6TRH.0.372 choice=FU6TRH.0.372.c1 (Forest)
[20:49:39] [P1A] tap land for mana used_for=any
[20:49:39] [P1A] submitting interaction iid=FU6TRH.0.373 choice=FU6TRH.0.373.c1 (Forest)
[20:49:39] [P1A] tap land for mana used_for=any
[20:49:39] [P1A] submitting interaction iid=FU6TRH.0.374 choice=FU6TRH.0.374.c1 (Forest)
[20:49:40] [P1A] tap land for mana used_for=any
[20:49:40] [P1A] submitting interaction iid=FU6TRH.0.375 choice=FU6TRH.0.375.c1 (Forest)
[20:49:40] [P1A] tap land for mana used_for=any
[20:49:40] [P1A] submitting interaction iid=FU6TRH.0.376 choice=FU6TRH.0.376.c1 (Forest)
[20:49:40] [P1A] tap land for mana used_for=any
[20:49:40] [P1A] submitting interaction iid=FU6TRH.0.377 choice=FU6TRH.0.377.c1 (Forest)
[20:49:41] [P1A] playing land forest
[20:49:42] [P1A] tap land for mana used_for=any
[20:49:42] [P1A] submitting interaction iid=FU6TRH.0.383 choice=FU6TRH.0.383.c1 (Forest)
[20:49:44] [P0A] NOTE: hand=8>7 but vi kind code='choose'; vi_ops=1; trying SelectCards fallback
[20:49:44] [P0A] NOTE: hand=8>7 but vi kind code='choose'; vi_ops=0; trying SelectCards fallback
[20:49:45] [P0A] NOTE: hand=8>7 but vi kind code='choose'; vi_ops=1; trying SelectCards fallback
[20:49:45] [P0A] playing land mountain
[20:49:47] [P1A] tap land for mana used_for=any
[20:49:47] [P1A] submitting interaction iid=FU6TRH.0.410 choice=FU6TRH.0.410.c1 (Forest)
[20:49:47] [P1A] tap land for mana used_for=any
[20:49:47] [P1A] submitting interaction iid=FU6TRH.0.411 choice=FU6TRH.0.411.c1 (Forest)
[20:49:47] [P1A] tap land for mana used_for=any
[20:49:47] [P1A] submitting interaction iid=FU6TRH.0.412 choice=FU6TRH.0.412.c1 (Forest)
[20:49:47] [P1A] tap land for mana used_for=any
[20:49:47] [P1A] submitting interaction iid=FU6TRH.0.413 choice=FU6TRH.0.413.c1 (Forest)
[20:49:47] [P1A] tap land for mana used_for=any
[20:49:47] [P1A] submitting interaction iid=FU6TRH.0.414 choice=FU6TRH.0.414.c1 (Forest)
[20:49:48] [P1A] tap land for mana used_for=any
[20:49:48] [P1A] submitting interaction iid=FU6TRH.0.415 choice=FU6TRH.0.415.c1 (Forest)
[20:49:48] [P1A] tap land for mana used_for=any
[20:49:48] [P1A] submitting interaction iid=FU6TRH.0.416 choice=FU6TRH.0.416.c1 (Forest)
[20:49:48] [P1A] tap land for mana used_for=any
[20:49:48] [P1A] submitting interaction iid=FU6TRH.0.417 choice=FU6TRH.0.417.c1 (Forest)
[20:49:48] [P1A] tap land for mana used_for=any
[20:49:48] [P1A] submitting interaction iid=FU6TRH.0.418 choice=FU6TRH.0.418.c1 (Forest)
[20:49:48] [P1A] tap land for mana used_for=any
[20:49:48] [P1A] submitting interaction iid=FU6TRH.0.419 choice=FU6TRH.0.419.c1 (Forest)
[20:49:48] [P1A] tap land for mana used_for=any
[20:49:48] [P1A] submitting interaction iid=FU6TRH.0.420 choice=FU6TRH.0.420.c1 (Forest)
[20:49:49] [P1A] playing land forest
[20:49:49] [P1A] tap land for mana used_for=any
[20:49:49] [P1A] submitting interaction iid=FU6TRH.0.426 choice=FU6TRH.0.426.c1 (Forest)
[20:49:51] [P0A] NOTE: hand=8>7 but vi kind code='choose'; vi_ops=1; trying SelectCards fallback
[20:49:52] [P0A] NOTE: hand=8>7 but vi kind code='choose'; vi_ops=0; trying SelectCards fallback
[20:49:52] [P0A] NOTE: hand=8>7 but vi kind code='choose'; vi_ops=1; trying SelectCards fallback
[20:49:52] [A] P0 casts krark-clan ironworks (oid 2) needs={'generic': 4}
[20:49:55] [P1A] tap land for mana used_for=any
[20:49:55] [P1A] submitting interaction iid=FU6TRH.0.455 choice=FU6TRH.0.455.c1 (Forest)
[20:49:55] [P1A] tap land for mana used_for=any
[20:49:55] [P1A] submitting interaction iid=FU6TRH.0.456 choice=FU6TRH.0.456.c1 (Forest)
[20:49:55] [P1A] tap land for mana used_for=any
[20:49:55] [P1A] submitting interaction iid=FU6TRH.0.457 choice=FU6TRH.0.457.c1 (Forest)
[20:49:55] [P1A] tap land for mana used_for=any
[20:49:55] [P1A] submitting interaction iid=FU6TRH.0.458 choice=FU6TRH.0.458.c1 (Forest)
[20:49:55] [P1A] tap land for mana used_for=any
[20:49:55] [P1A] submitting interaction iid=FU6TRH.0.459 choice=FU6TRH.0.459.c1 (Forest)
[20:49:55] [P1A] tap land for mana used_for=any
[20:49:55] [P1A] submitting interaction iid=FU6TRH.0.460 choice=FU6TRH.0.460.c1 (Forest)
[20:49:55] [P1A] tap land for mana used_for=any
[20:49:55] [P1A] submitting interaction iid=FU6TRH.0.461 choice=FU6TRH.0.461.c1 (Forest)
[20:49:56] [P1A] tap land for mana used_for=any
[20:49:56] [P1A] submitting interaction iid=FU6TRH.0.462 choice=FU6TRH.0.462.c1 (Forest)
[20:49:56] [P1A] tap land for mana used_for=any
[20:49:56] [P1A] submitting interaction iid=FU6TRH.0.463 choice=FU6TRH.0.463.c1 (Forest)
[20:49:56] [P1A] tap land for mana used_for=any
[20:49:56] [P1A] submitting interaction iid=FU6TRH.0.464 choice=FU6TRH.0.464.c1 (Forest)
[20:49:56] [P1A] tap land for mana used_for=any
[20:49:56] [P1A] submitting interaction iid=FU6TRH.0.465 choice=FU6TRH.0.465.c1 (Forest)
[20:49:56] [P1A] tap land for mana used_for=any
[20:49:56] [P1A] submitting interaction iid=FU6TRH.0.466 choice=FU6TRH.0.466.c1 (Forest)
[20:49:57] [P1A] playing land forest
[20:49:59] [P1A] tap land for mana used_for=any
[20:49:59] [P1A] submitting interaction iid=FU6TRH.0.472 choice=FU6TRH.0.472.c1 (Forest)
[20:50:01] [A] tap land for mana used_for=generic
[20:50:01] [A] submitting interaction iid=FU6TRH.0.483 choice=FU6TRH.0.483.c2 (Mountain)
[20:50:02] [A] tap land for mana used_for=generic
[20:50:02] [A] submitting interaction iid=FU6TRH.0.484 choice=FU6TRH.0.484.c2 (Mountain)
[20:50:02] [A] tap land for mana used_for=generic
[20:50:02] [A] submitting interaction iid=FU6TRH.0.485 choice=FU6TRH.0.485.c2 (Mountain)
[20:50:02] [A] tap land for mana used_for=generic
[20:50:02] [A] submitting interaction iid=FU6TRH.0.486 choice=FU6TRH.0.486.c2 (Mountain)
[20:50:02] [P0A] NOTE: hand=8>7 but vi kind code='choose'; vi_ops=1; trying SelectCards fallback
[20:50:03] [P0A] NOTE: hand=8>7 but vi kind code='choose'; vi_ops=0; trying SelectCards fallback
[20:50:03] [P0A] NOTE: hand=8>7 but vi kind code='choose'; vi_ops=1; trying SelectCards fallback
[20:50:03] [P0A] playing land mountain
[20:50:05] [P1A] tap land for mana used_for=any
[20:50:05] [P1A] submitting interaction iid=FU6TRH.0.503 choice=FU6TRH.0.503.c1 (Forest)
[20:50:05] [P1A] tap land for mana used_for=any
[20:50:05] [P1A] submitting interaction iid=FU6TRH.0.504 choice=FU6TRH.0.504.c1 (Forest)
[20:50:05] [P1A] tap land for mana used_for=any
[20:50:05] [P1A] submitting interaction iid=FU6TRH.0.505 choice=FU6TRH.0.505.c1 (Forest)
[20:50:06] [P1A] tap land for mana used_for=any
[20:50:06] [P1A] submitting interaction iid=FU6TRH.0.506 choice=FU6TRH.0.506.c1 (Forest)
[20:50:06] [P1A] tap land for mana used_for=any
[20:50:06] [P1A] submitting interaction iid=FU6TRH.0.507 choice=FU6TRH.0.507.c1 (Forest)
[20:50:06] [P1A] tap land for mana used_for=any
[20:50:06] [P1A] submitting interaction iid=FU6TRH.0.508 choice=FU6TRH.0.508.c1 (Forest)
[20:50:06] [P1A] tap land for mana used_for=any
[20:50:06] [P1A] submitting interaction iid=FU6TRH.0.509 choice=FU6TRH.0.509.c1 (Forest)
[20:50:06] [P1A] tap land for mana used_for=any
[20:50:06] [P1A] submitting interaction iid=FU6TRH.0.510 choice=FU6TRH.0.510.c1 (Forest)
[20:50:06] [P1A] tap land for mana used_for=any
[20:50:06] [P1A] submitting interaction iid=FU6TRH.0.511 choice=FU6TRH.0.511.c1 (Forest)
[20:50:06] [P1A] tap land for mana used_for=any
[20:50:06] [P1A] submitting interaction iid=FU6TRH.0.512 choice=FU6TRH.0.512.c1 (Forest)
[20:50:07] [P1A] tap land for mana used_for=any
[20:50:07] [P1A] submitting interaction iid=FU6TRH.0.513 choice=FU6TRH.0.513.c1 (Forest)
[20:50:07] [P1A] tap land for mana used_for=any
[20:50:07] [P1A] submitting interaction iid=FU6TRH.0.514 choice=FU6TRH.0.514.c1 (Forest)
[20:50:07] [P1A] tap land for mana used_for=any
[20:50:07] [P1A] submitting interaction iid=FU6TRH.0.515 choice=FU6TRH.0.515.c1 (Forest)
[20:50:08] [P1A] playing land forest
[20:50:08] [P1A] tap land for mana used_for=any
[20:50:08] [P1A] submitting interaction iid=FU6TRH.0.521 choice=FU6TRH.0.521.c1 (Forest)
[20:50:10] [P0A] NOTE: hand=8>7 but vi kind code='choose'; vi_ops=1; trying SelectCards fallback
[20:50:10] [P0A] NOTE: hand=8>7 but vi kind code='choose'; vi_ops=0; trying SelectCards fallback
[20:50:10] [P0A] NOTE: hand=8>7 but vi kind code='choose'; vi_ops=1; trying SelectCards fallback
[20:50:10] [P0A] playing land mountain
[20:50:13] [P1A] tap land for mana used_for=any
[20:50:13] [P1A] submitting interaction iid=FU6TRH.0.548 choice=FU6TRH.0.548.c1 (Forest)
[20:50:13] [P1A] tap land for mana used_for=any
[20:50:13] [P1A] submitting interaction iid=FU6TRH.0.549 choice=FU6TRH.0.549.c1 (Forest)
[20:50:13] [P1A] tap land for mana used_for=any
[20:50:13] [P1A] submitting interaction iid=FU6TRH.0.550 choice=FU6TRH.0.550.c1 (Forest)
[20:50:13] [P1A] tap land for mana used_for=any
[20:50:13] [P1A] submitting interaction iid=FU6TRH.0.551 choice=FU6TRH.0.551.c1 (Forest)
[20:50:13] [P1A] tap land for mana used_for=any
[20:50:13] [P1A] submitting interaction iid=FU6TRH.0.552 choice=FU6TRH.0.552.c1 (Forest)
[20:50:13] [P1A] tap land for mana used_for=any
[20:50:13] [P1A] submitting interaction iid=FU6TRH.0.553 choice=FU6TRH.0.553.c1 (Forest)
[20:50:14] [P1A] tap land for mana used_for=any
[20:50:14] [P1A] submitting interaction iid=FU6TRH.0.554 choice=FU6TRH.0.554.c1 (Forest)
[20:50:14] [P1A] tap land for mana used_for=any
[20:50:14] [P1A] submitting interaction iid=FU6TRH.0.555 choice=FU6TRH.0.555.c1 (Forest)
[20:50:14] [P1A] tap land for mana used_for=any
[20:50:14] [P1A] submitting interaction iid=FU6TRH.0.556 choice=FU6TRH.0.556.c1 (Forest)
[20:50:14] [P1A] tap land for mana used_for=any
[20:50:14] [P1A] submitting interaction iid=FU6TRH.0.557 choice=FU6TRH.0.557.c1 (Forest)
[20:50:14] [P1A] tap land for mana used_for=any
[20:50:14] [P1A] submitting interaction iid=FU6TRH.0.558 choice=FU6TRH.0.558.c1 (Forest)
[20:50:14] [P1A] tap land for mana used_for=any
[20:50:14] [P1A] submitting interaction iid=FU6TRH.0.559 choice=FU6TRH.0.559.c1 (Forest)
[20:50:14] [P1A] tap land for mana used_for=any
[20:50:14] [P1A] submitting interaction iid=FU6TRH.0.560 choice=FU6TRH.0.560.c1 (Forest)
[20:50:15] [P1A] tap land for mana used_for=any
[20:50:15] [P1A] submitting interaction iid=FU6TRH.0.561 choice=FU6TRH.0.561.c1 (Forest)
[20:50:16] [P1A] playing land forest
[20:50:16] [P1A] tap land for mana used_for=any
[20:50:16] [P1A] submitting interaction iid=FU6TRH.0.567 choice=FU6TRH.0.567.c1 (Forest)
[20:50:18] [P0A] NOTE: hand=8>7 but vi kind code='choose'; vi_ops=1; trying SelectCards fallback
[20:50:18] [P0A] NOTE: hand=8>7 but vi kind code='choose'; vi_ops=0; trying SelectCards fallback
[20:50:18] [P0A] NOTE: hand=8>7 but vi kind code='choose'; vi_ops=1; trying SelectCards fallback
[20:50:18] [P0A] playing land mountain
[20:50:20] [P1A] tap land for mana used_for=any
[20:50:20] [P1A] submitting interaction iid=FU6TRH.0.594 choice=FU6TRH.0.594.c1 (Forest)
[20:50:21] [P1A] tap land for mana used_for=any
[20:50:21] [P1A] submitting interaction iid=FU6TRH.0.595 choice=FU6TRH.0.595.c1 (Forest)
[20:50:21] [P1A] tap land for mana used_for=any
[20:50:21] [P1A] submitting interaction iid=FU6TRH.0.596 choice=FU6TRH.0.596.c1 (Forest)
[20:50:21] [P1A] tap land for mana used_for=any
[20:50:21] [P1A] submitting interaction iid=FU6TRH.0.597 choice=FU6TRH.0.597.c1 (Forest)
[20:50:21] [P1A] tap land for mana used_for=any
[20:50:21] [P1A] submitting interaction iid=FU6TRH.0.598 choice=FU6TRH.0.598.c1 (Forest)
[20:50:21] [P1A] tap land for mana used_for=any
[20:50:21] [P1A] submitting interaction iid=FU6TRH.0.599 choice=FU6TRH.0.599.c1 (Forest)
[20:50:21] [P1A] tap land for mana used_for=any
[20:50:21] [P1A] submitting interaction iid=FU6TRH.0.600 choice=FU6TRH.0.600.c1 (Forest)
[20:50:21] [P1A] tap land for mana used_for=any
[20:50:21] [P1A] submitting interaction iid=FU6TRH.0.601 choice=FU6TRH.0.601.c1 (Forest)
[20:50:22] [P1A] tap land for mana used_for=any
[20:50:22] [P1A] submitting interaction iid=FU6TRH.0.602 choice=FU6TRH.0.602.c1 (Forest)
[20:50:22] [P1A] tap land for mana used_for=any
[20:50:22] [P1A] submitting interaction iid=FU6TRH.0.603 choice=FU6TRH.0.603.c1 (Forest)
[20:50:22] [P1A] tap land for mana used_for=any
[20:50:22] [P1A] submitting interaction iid=FU6TRH.0.604 choice=FU6TRH.0.604.c1 (Forest)
[20:50:22] [P1A] tap land for mana used_for=any
[20:50:22] [P1A] submitting interaction iid=FU6TRH.0.605 choice=FU6TRH.0.605.c1 (Forest)
[20:50:22] [P1A] tap land for mana used_for=any
[20:50:22] [P1A] submitting interaction iid=FU6TRH.0.606 choice=FU6TRH.0.606.c1 (Forest)
[20:50:23] [P1A] tap land for mana used_for=any
[20:50:23] [P1A] submitting interaction iid=FU6TRH.0.607 choice=FU6TRH.0.607.c1 (Forest)
[20:50:23] [P1A] tap land for mana used_for=any
[20:50:23] [P1A] submitting interaction iid=FU6TRH.0.608 choice=FU6TRH.0.608.c1 (Forest)
[20:50:24] [P1A] playing land forest
[20:50:24] [P1A] tap land for mana used_for=any
[20:50:24] [P1A] submitting interaction iid=FU6TRH.0.614 choice=FU6TRH.0.614.c1 (Forest)
[20:50:26] [P0A] NOTE: hand=8>7 but vi kind code='choose'; vi_ops=1; trying SelectCards fallback
[20:50:26] [P0A] NOTE: hand=8>7 but vi kind code='choose'; vi_ops=0; trying SelectCards fallback
[20:50:27] [P0A] NOTE: hand=8>7 but vi kind code='choose'; vi_ops=1; trying SelectCards fallback
[20:50:27] [A] P0 casts krark-clan ironworks (oid 51) needs={'generic': 4}
[20:50:27] [A] tap land for mana used_for=generic
[20:50:27] [A] submitting interaction iid=FU6TRH.0.630 choice=FU6TRH.0.630.c2 (Mountain)
[20:50:27] [A] tap land for mana used_for=generic
[20:50:27] [A] submitting interaction iid=FU6TRH.0.631 choice=FU6TRH.0.631.c2 (Mountain)
[20:50:27] [A] tap land for mana used_for=generic
[20:50:27] [A] submitting interaction iid=FU6TRH.0.632 choice=FU6TRH.0.632.c2 (Mountain)
[20:50:31] [A] setup complete -> assert phase
[20:50:31] [A] exported pre_A.json
[20:50:31] [A] PRE exported; setup ready (turn 32)
[20:50:31] [P1A] tap land for mana used_for=any
[20:50:31] [P1A] submitting interaction iid=FU6TRH.0.646 choice=FU6TRH.0.646.c1 (Forest)
[20:50:32] [P1A] tap land for mana used_for=any
[20:50:32] [P1A] submitting interaction iid=FU6TRH.0.647 choice=FU6TRH.0.647.c1 (Forest)
[20:50:32] [P1A] tap land for mana used_for=any
[20:50:32] [P1A] submitting interaction iid=FU6TRH.0.648 choice=FU6TRH.0.648.c1 (Forest)
[20:50:32] [P1A] tap land for mana used_for=any
[20:50:32] [P1A] submitting interaction iid=FU6TRH.0.649 choice=FU6TRH.0.649.c1 (Forest)
[20:50:32] [P1A] tap land for mana used_for=any
[20:50:32] [P1A] submitting interaction iid=FU6TRH.0.650 choice=FU6TRH.0.650.c1 (Forest)
[20:50:32] [P1A] tap land for mana used_for=any
[20:50:32] [P1A] submitting interaction iid=FU6TRH.0.651 choice=FU6TRH.0.651.c1 (Forest)
[20:50:32] [P1A] tap land for mana used_for=any
[20:50:32] [P1A] submitting interaction iid=FU6TRH.0.652 choice=FU6TRH.0.652.c1 (Forest)
[20:50:32] [P1A] tap land for mana used_for=any
[20:50:32] [P1A] submitting interaction iid=FU6TRH.0.653 choice=FU6TRH.0.653.c1 (Forest)
[20:50:33] [P1A] tap land for mana used_for=any
[20:50:33] [P1A] submitting interaction iid=FU6TRH.0.654 choice=FU6TRH.0.654.c1 (Forest)
[20:50:33] [P1A] tap land for mana used_for=any
[20:50:33] [P1A] submitting interaction iid=FU6TRH.0.655 choice=FU6TRH.0.655.c1 (Forest)
[20:50:33] [P1A] tap land for mana used_for=any
[20:50:33] [P1A] submitting interaction iid=FU6TRH.0.656 choice=FU6TRH.0.656.c1 (Forest)
[20:50:33] [P1A] tap land for mana used_for=any
[20:50:33] [P1A] submitting interaction iid=FU6TRH.0.657 choice=FU6TRH.0.657.c1 (Forest)
[20:50:33] [P1A] tap land for mana used_for=any
[20:50:33] [P1A] submitting interaction iid=FU6TRH.0.658 choice=FU6TRH.0.658.c1 (Forest)
[20:50:33] [P1A] tap land for mana used_for=any
[20:50:33] [P1A] submitting interaction iid=FU6TRH.0.659 choice=FU6TRH.0.659.c1 (Forest)
[20:50:34] [P1A] tap land for mana used_for=any
[20:50:34] [P1A] submitting interaction iid=FU6TRH.0.660 choice=FU6TRH.0.660.c1 (Forest)
[20:50:34] [P1A] tap land for mana used_for=any
[20:50:34] [P1A] submitting interaction iid=FU6TRH.0.661 choice=FU6TRH.0.661.c1 (Forest)
[20:50:35] [P1A] playing land forest
[20:50:35] [P1A] tap land for mana used_for=any
[20:50:35] [P1A] submitting interaction iid=FU6TRH.0.667 choice=FU6TRH.0.667.c1 (Forest)
[20:50:36] [A] tap land for mana used_for=generic
[20:50:36] [A] submitting interaction iid=FU6TRH.0.678 choice=FU6TRH.0.678.c3 (Mountain)
[20:50:37] [P0A] NOTE: hand=8>7 but vi kind code='choose'; vi_ops=1; trying SelectCards fallback
[20:50:37] [P0A] NOTE: hand=8>7 but vi kind code='choose'; vi_ops=0; trying SelectCards fallback
[20:50:37] [P0A] NOTE: hand=8>7 but vi kind code='choose'; vi_ops=1; trying SelectCards fallback
[20:50:38] [P0A] NOTE: hand=8>7 but vi kind code='choose'; vi_ops=0; trying SelectCards fallback
[20:50:38] [P0A] NOTE: hand=8>7 but vi kind code='choose'; vi_ops=1; trying SelectCards fallback
[20:50:38] [P0A] NOTE: hand=8>7 but vi kind code='choose'; vi_ops=0; trying SelectCards fallback
[20:50:38] [P0A] NOTE: hand=8>7 but vi kind code='relations'; vi_ops=1; trying SelectCards fallback
[20:50:38] [P0A] NOTE: hand=8>7 but vi kind code='choose'; vi_ops=1; trying SelectCards fallback
[20:50:38] [P0A] NOTE: hand=8>7 but vi kind code='choose'; vi_ops=0; trying SelectCards fallback
[20:50:39] [P0A] NOTE: hand=8>7 but vi kind code='choose'; vi_ops=1; trying SelectCards fallback
[20:50:39] [A] gate: CastSpell(banefire) offered_seen=True (obs=4)
[20:50:39] [A] -> act phase
[20:50:39] [A] casting banefire
[20:50:40] [P0A] NOTE: hand=8>7 but vi kind code='sequence'; vi_ops=1; trying SelectCards fallback
[20:50:40] [A] submitting interaction iid=FU6TRH.0.691 choice=FU6TRH.0.691.t1 ()
[20:50:40] [A] targeted P1 for banefire
[20:50:41] [P0A] NOTE: hand=8>7 but vi kind code='choose'; vi_ops=1; trying SelectCards fallback
[20:50:41] [A] X-choice offered: min=0 max=9 (turn 34, bf=[('krark-clan ironworks', 2), ('memnite', 1), ('mountain', 6), ('mountain(tapped)', 1)])
[20:50:41] [A] A2_x_cap_overcounted: max=9 vs bounded-flow acceptance 7 (mtn=6 kci=2 memnite=1); delta=+2 -> passed
[20:50:41] [A] submitting number X=0
[20:50:41] [A] chose X=0 for banefire
[20:50:42] [A] tap land for mana used_for=R
[20:50:42] [A] submitting interaction iid=FU6TRH.0.693 choice=FU6TRH.0.693.c3 (Mountain)
[20:50:42] [A] A3: cast Banefire (oid 7) resolved at X=0; P1 life=20 (want 20) -> passed
[20:50:42] [A] POST exported
[20:50:42] ===== GAME B: endless one {X} (X=3) =====
[20:50:43] [B] game HGGSKF; P0 seat=0 P1 seat=1
[20:50:43] [P0B] keep 7: ['mountain', 'endless one', 'endless one', 'mountain', 'memnite', 'mountain', 'mountain']
[20:50:43] [P1B] keep 7: ['forest', 'forest', 'forest', 'forest', 'forest', 'forest', 'forest']
[20:50:43] [P1B] playing land forest
[20:50:44] [P1B] tap land for mana used_for=any
[20:50:44] [P1B] submitting interaction iid=HGGSKF.0.7 choice=HGGSKF.0.7.c1 (Forest)
[20:50:46] [P0B] NOTE: hand=8>7 but vi kind code='choose'; vi_ops=1; trying SelectCards fallback
[20:50:46] [P0B] NOTE: hand=8>7 but vi kind code='choose'; vi_ops=0; trying SelectCards fallback
[20:50:46] [P0B] NOTE: hand=8>7 but vi kind code='choose'; vi_ops=1; trying SelectCards fallback
[20:50:46] [P0B] playing land mountain
[20:50:46] [B] P0 casts memnite (oid 58) needs={'generic': 0}
[20:50:49] [P1B] tap land for mana used_for=any
[20:50:49] [P1B] submitting interaction iid=HGGSKF.0.36 choice=HGGSKF.0.36.c1 (Forest)
[20:50:49] [P1B] playing land forest
[20:50:50] [P1B] tap land for mana used_for=any
[20:50:50] [P1B] submitting interaction iid=HGGSKF.0.42 choice=HGGSKF.0.42.c1 (Forest)
[20:50:52] [P0B] playing land mountain
[20:50:54] [P1B] tap land for mana used_for=any
[20:50:54] [P1B] submitting interaction iid=HGGSKF.0.69 choice=HGGSKF.0.69.c1 (Forest)
[20:50:55] [P1B] tap land for mana used_for=any
[20:50:55] [P1B] submitting interaction iid=HGGSKF.0.70 choice=HGGSKF.0.70.c1 (Forest)
[20:50:55] [P1B] playing land forest
[20:50:55] [P1B] tap land for mana used_for=any
[20:50:55] [P1B] submitting interaction iid=HGGSKF.0.76 choice=HGGSKF.0.76.c1 (Forest)
[20:50:58] [P0B] playing land mountain
[20:51:00] [P1B] tap land for mana used_for=any
[20:51:00] [P1B] submitting interaction iid=HGGSKF.0.103 choice=HGGSKF.0.103.c1 (Forest)
[20:51:00] [P1B] tap land for mana used_for=any
[20:51:00] [P1B] submitting interaction iid=HGGSKF.0.104 choice=HGGSKF.0.104.c1 (Forest)
[20:51:00] [P1B] tap land for mana used_for=any
[20:51:00] [P1B] submitting interaction iid=HGGSKF.0.105 choice=HGGSKF.0.105.c1 (Forest)
[20:51:01] [P1B] playing land forest
[20:51:01] [P1B] tap land for mana used_for=any
[20:51:01] [P1B] submitting interaction iid=HGGSKF.0.111 choice=HGGSKF.0.111.c1 (Forest)
[20:51:04] [P0B] playing land mountain
[20:51:05] [P1B] tap land for mana used_for=any
[20:51:05] [P1B] submitting interaction iid=HGGSKF.0.138 choice=HGGSKF.0.138.c1 (Forest)
[20:51:06] [P1B] tap land for mana used_for=any
[20:51:06] [P1B] submitting interaction iid=HGGSKF.0.139 choice=HGGSKF.0.139.c1 (Forest)
[20:51:06] [P1B] tap land for mana used_for=any
[20:51:06] [P1B] submitting interaction iid=HGGSKF.0.140 choice=HGGSKF.0.140.c1 (Forest)
[20:51:06] [P1B] tap land for mana used_for=any
[20:51:06] [P1B] submitting interaction iid=HGGSKF.0.141 choice=HGGSKF.0.141.c1 (Forest)
[20:51:07] [P1B] playing land forest
[20:51:07] [P1B] tap land for mana used_for=any
[20:51:07] [P1B] submitting interaction iid=HGGSKF.0.147 choice=HGGSKF.0.147.c1 (Forest)
[20:51:09] [P0B] playing land mountain
[20:51:13] [P1B] tap land for mana used_for=any
[20:51:13] [P1B] submitting interaction iid=HGGSKF.0.174 choice=HGGSKF.0.174.c1 (Forest)
[20:51:13] [P1B] tap land for mana used_for=any
[20:51:13] [P1B] submitting interaction iid=HGGSKF.0.175 choice=HGGSKF.0.175.c1 (Forest)
[20:51:13] [P1B] tap land for mana used_for=any
[20:51:13] [P1B] submitting interaction iid=HGGSKF.0.176 choice=HGGSKF.0.176.c1 (Forest)
[20:51:13] [P1B] tap land for mana used_for=any
[20:51:13] [P1B] submitting interaction iid=HGGSKF.0.177 choice=HGGSKF.0.177.c1 (Forest)
[20:51:14] [P1B] tap land for mana used_for=any
[20:51:14] [P1B] submitting interaction iid=HGGSKF.0.178 choice=HGGSKF.0.178.c1 (Forest)
[20:51:14] [P1B] playing land forest
[20:51:15] [P1B] tap land for mana used_for=any
[20:51:15] [P1B] submitting interaction iid=HGGSKF.0.184 choice=HGGSKF.0.184.c1 (Forest)
[20:51:17] [P0B] playing land mountain
[20:51:19] [P1B] tap land for mana used_for=any
[20:51:19] [P1B] submitting interaction iid=HGGSKF.0.211 choice=HGGSKF.0.211.c1 (Forest)
[20:51:19] [P1B] tap land for mana used_for=any
[20:51:19] [P1B] submitting interaction iid=HGGSKF.0.212 choice=HGGSKF.0.212.c1 (Forest)
[20:51:19] [P1B] tap land for mana used_for=any
[20:51:19] [P1B] submitting interaction iid=HGGSKF.0.213 choice=HGGSKF.0.213.c1 (Forest)
[20:51:19] [P1B] tap land for mana used_for=any
[20:51:19] [P1B] submitting interaction iid=HGGSKF.0.214 choice=HGGSKF.0.214.c1 (Forest)
[20:51:19] [P1B] tap land for mana used_for=any
[20:51:19] [P1B] submitting interaction iid=HGGSKF.0.215 choice=HGGSKF.0.215.c1 (Forest)
[20:51:19] [P1B] tap land for mana used_for=any
[20:51:19] [P1B] submitting interaction iid=HGGSKF.0.216 choice=HGGSKF.0.216.c1 (Forest)
[20:51:20] [P1B] playing land forest
[20:51:20] [P1B] tap land for mana used_for=any
[20:51:20] [P1B] submitting interaction iid=HGGSKF.0.222 choice=HGGSKF.0.222.c1 (Forest)
[20:51:23] [B] P0 casts phyrexian altar (oid 7) needs={'generic': 3}
[20:51:23] [B] tap land for mana used_for=generic
[20:51:23] [B] submitting interaction iid=HGGSKF.0.238 choice=HGGSKF.0.238.c1 (Mountain)
[20:51:24] [B] tap land for mana used_for=generic
[20:51:24] [B] submitting interaction iid=HGGSKF.0.239 choice=HGGSKF.0.239.c1 (Mountain)
[20:51:24] [B] tap land for mana used_for=generic
[20:51:24] [B] submitting interaction iid=HGGSKF.0.240 choice=HGGSKF.0.240.c1 (Mountain)
[20:51:26] [P1B] tap land for mana used_for=any
[20:51:26] [P1B] submitting interaction iid=HGGSKF.0.254 choice=HGGSKF.0.254.c1 (Forest)
[20:51:26] [P1B] tap land for mana used_for=any
[20:51:26] [P1B] submitting interaction iid=HGGSKF.0.255 choice=HGGSKF.0.255.c1 (Forest)
[20:51:26] [P1B] tap land for mana used_for=any
[20:51:26] [P1B] submitting interaction iid=HGGSKF.0.256 choice=HGGSKF.0.256.c1 (Forest)
[20:51:26] [P1B] tap land for mana used_for=any
[20:51:26] [P1B] submitting interaction iid=HGGSKF.0.257 choice=HGGSKF.0.257.c1 (Forest)
[20:51:26] [P1B] tap land for mana used_for=any
[20:51:26] [P1B] submitting interaction iid=HGGSKF.0.258 choice=HGGSKF.0.258.c1 (Forest)
[20:51:27] [P1B] tap land for mana used_for=any
[20:51:27] [P1B] submitting interaction iid=HGGSKF.0.259 choice=HGGSKF.0.259.c1 (Forest)
[20:51:27] [P1B] tap land for mana used_for=any
[20:51:27] [P1B] submitting interaction iid=HGGSKF.0.260 choice=HGGSKF.0.260.c1 (Forest)
[20:51:28] [P1B] playing land forest
[20:51:28] [P1B] tap land for mana used_for=any
[20:51:28] [P1B] submitting interaction iid=HGGSKF.0.266 choice=HGGSKF.0.266.c1 (Forest)
[20:51:32] [P1B] tap land for mana used_for=any
[20:51:32] [P1B] submitting interaction iid=HGGSKF.0.292 choice=HGGSKF.0.292.c1 (Forest)
[20:51:32] [P1B] tap land for mana used_for=any
[20:51:32] [P1B] submitting interaction iid=HGGSKF.0.293 choice=HGGSKF.0.293.c1 (Forest)
[20:51:32] [P1B] tap land for mana used_for=any
[20:51:32] [P1B] submitting interaction iid=HGGSKF.0.294 choice=HGGSKF.0.294.c1 (Forest)
[20:51:33] [P1B] tap land for mana used_for=any
[20:51:33] [P1B] submitting interaction iid=HGGSKF.0.295 choice=HGGSKF.0.295.c1 (Forest)
[20:51:33] [P1B] tap land for mana used_for=any
[20:51:33] [P1B] submitting interaction iid=HGGSKF.0.296 choice=HGGSKF.0.296.c1 (Forest)
[20:51:33] [P1B] tap land for mana used_for=any
[20:51:33] [P1B] submitting interaction iid=HGGSKF.0.297 choice=HGGSKF.0.297.c1 (Forest)
[20:51:33] [P1B] tap land for mana used_for=any
[20:51:33] [P1B] submitting interaction iid=HGGSKF.0.298 choice=HGGSKF.0.298.c1 (Forest)
[20:51:33] [P1B] tap land for mana used_for=any
[20:51:33] [P1B] submitting interaction iid=HGGSKF.0.299 choice=HGGSKF.0.299.c1 (Forest)
[20:51:34] [P1B] playing land forest
[20:51:34] [P1B] tap land for mana used_for=any
[20:51:34] [P1B] submitting interaction iid=HGGSKF.0.305 choice=HGGSKF.0.305.c1 (Forest)
[20:51:36] [P0B] NOTE: hand=8>7 but vi kind code='choose'; vi_ops=1; trying SelectCards fallback
[20:51:36] [P0B] NOTE: hand=8>7 but vi kind code='choose'; vi_ops=0; trying SelectCards fallback
[20:51:36] [P0B] NOTE: hand=8>7 but vi kind code='choose'; vi_ops=1; trying SelectCards fallback
[20:51:37] [P0B] NOTE: hand=8>7 but vi kind code='choose'; vi_ops=0; trying SelectCards fallback
[20:51:37] [P0B] NOTE: hand=8>7 but vi kind code='choose'; vi_ops=1; trying SelectCards fallback
[20:51:37] [P0B] NOTE: hand=8>7 but vi kind code='choose'; vi_ops=0; trying SelectCards fallback
[20:51:37] [P0B] NOTE: hand=8>7 but vi kind code='relations'; vi_ops=1; trying SelectCards fallback
[20:51:37] [P0B] NOTE: hand=8>7 but vi kind code='choose'; vi_ops=1; trying SelectCards fallback
[20:51:38] [P0B] NOTE: hand=8>7 but vi kind code='choose'; vi_ops=0; trying SelectCards fallback
[20:51:38] [P0B] NOTE: hand=8>7 but vi kind code='choose'; vi_ops=1; trying SelectCards fallback
[20:51:38] [P0B] NOTE: hand=8>7 but vi kind code='choose'; vi_ops=0; trying SelectCards fallback
[20:51:38] [P0B] NOTE: hand=8>7 but vi kind code='choose'; vi_ops=1; trying SelectCards fallback
[20:51:38] [P0B] NOTE: hand=8>7 but vi kind code='choose'; vi_ops=0; trying SelectCards fallback
[20:51:38] [P0B] NOTE: hand=8>7 but vi kind code='select'; vi_ops=1; trying SelectCards fallback
[20:51:38] [P0B] discarding 1 via verbatim SelectCards: ['memnite']
[20:51:39] [P1B] tap land for mana used_for=any
[20:51:39] [P1B] submitting interaction iid=HGGSKF.0.332 choice=HGGSKF.0.332.c1 (Forest)
[20:51:39] [P1B] tap land for mana used_for=any
[20:51:39] [P1B] submitting interaction iid=HGGSKF.0.333 choice=HGGSKF.0.333.c1 (Forest)
[20:51:39] [P1B] tap land for mana used_for=any
[20:51:39] [P1B] submitting interaction iid=HGGSKF.0.334 choice=HGGSKF.0.334.c1 (Forest)
[20:51:39] [P1B] tap land for mana used_for=any
[20:51:39] [P1B] submitting interaction iid=HGGSKF.0.335 choice=HGGSKF.0.335.c1 (Forest)
[20:51:39] [P1B] tap land for mana used_for=any
[20:51:39] [P1B] submitting interaction iid=HGGSKF.0.336 choice=HGGSKF.0.336.c1 (Forest)
[20:51:39] [P1B] tap land for mana used_for=any
[20:51:39] [P1B] submitting interaction iid=HGGSKF.0.337 choice=HGGSKF.0.337.c1 (Forest)
[20:51:40] [P1B] tap land for mana used_for=any
[20:51:40] [P1B] submitting interaction iid=HGGSKF.0.338 choice=HGGSKF.0.338.c1 (Forest)
[20:51:40] [P1B] tap land for mana used_for=any
[20:51:40] [P1B] submitting interaction iid=HGGSKF.0.339 choice=HGGSKF.0.339.c1 (Forest)
[20:51:40] [P1B] tap land for mana used_for=any
[20:51:40] [P1B] submitting interaction iid=HGGSKF.0.340 choice=HGGSKF.0.340.c1 (Forest)
[20:51:41] [P1B] playing land forest
[20:51:41] [P1B] tap land for mana used_for=any
[20:51:41] [P1B] submitting interaction iid=HGGSKF.0.346 choice=HGGSKF.0.346.c1 (Forest)
[20:51:43] [P0B] NOTE: hand=8>7 but vi kind code='choose'; vi_ops=1; trying SelectCards fallback
[20:51:45] [P0B] NOTE: hand=8>7 but vi kind code='choose'; vi_ops=0; trying SelectCards fallback
[20:51:45] [P0B] NOTE: hand=8>7 but vi kind code='choose'; vi_ops=1; trying SelectCards fallback
[20:51:45] [P0B] playing land mountain
[20:51:47] [P1B] tap land for mana used_for=any
[20:51:47] [P1B] submitting interaction iid=HGGSKF.0.373 choice=HGGSKF.0.373.c1 (Forest)
[20:51:48] [P1B] tap land for mana used_for=any
[20:51:48] [P1B] submitting interaction iid=HGGSKF.0.374 choice=HGGSKF.0.374.c1 (Forest)
[20:51:48] [P1B] tap land for mana used_for=any
[20:51:48] [P1B] submitting interaction iid=HGGSKF.0.375 choice=HGGSKF.0.375.c1 (Forest)
[20:51:48] [P1B] tap land for mana used_for=any
[20:51:48] [P1B] submitting interaction iid=HGGSKF.0.376 choice=HGGSKF.0.376.c1 (Forest)
[20:51:48] [P1B] tap land for mana used_for=any
[20:51:48] [P1B] submitting interaction iid=HGGSKF.0.377 choice=HGGSKF.0.377.c1 (Forest)
[20:51:48] [P1B] tap land for mana used_for=any
[20:51:48] [P1B] submitting interaction iid=HGGSKF.0.378 choice=HGGSKF.0.378.c1 (Forest)
[20:51:48] [P1B] tap land for mana used_for=any
[20:51:48] [P1B] submitting interaction iid=HGGSKF.0.379 choice=HGGSKF.0.379.c1 (Forest)
[20:51:48] [P1B] tap land for mana used_for=any
[20:51:48] [P1B] submitting interaction iid=HGGSKF.0.380 choice=HGGSKF.0.380.c1 (Forest)
[20:51:49] [P1B] tap land for mana used_for=any
[20:51:49] [P1B] submitting interaction iid=HGGSKF.0.381 choice=HGGSKF.0.381.c1 (Forest)
[20:51:49] [P1B] tap land for mana used_for=any
[20:51:49] [P1B] submitting interaction iid=HGGSKF.0.382 choice=HGGSKF.0.382.c1 (Forest)
[20:51:50] [P1B] playing land forest
[20:51:50] [P1B] tap land for mana used_for=any
[20:51:50] [P1B] submitting interaction iid=HGGSKF.0.388 choice=HGGSKF.0.388.c1 (Forest)
[20:51:52] [P0B] NOTE: hand=8>7 but vi kind code='choose'; vi_ops=1; trying SelectCards fallback
[20:51:52] [P0B] NOTE: hand=8>7 but vi kind code='choose'; vi_ops=0; trying SelectCards fallback
[20:51:52] [P0B] NOTE: hand=8>7 but vi kind code='choose'; vi_ops=1; trying SelectCards fallback
[20:51:52] [P0B] playing land mountain
[20:51:54] [P1B] tap land for mana used_for=any
[20:51:54] [P1B] submitting interaction iid=HGGSKF.0.415 choice=HGGSKF.0.415.c1 (Forest)
[20:51:54] [P1B] tap land for mana used_for=any
[20:51:54] [P1B] submitting interaction iid=HGGSKF.0.416 choice=HGGSKF.0.416.c1 (Forest)
[20:51:55] [P1B] tap land for mana used_for=any
[20:51:55] [P1B] submitting interaction iid=HGGSKF.0.417 choice=HGGSKF.0.417.c1 (Forest)
[20:51:55] [P1B] tap land for mana used_for=any
[20:51:55] [P1B] submitting interaction iid=HGGSKF.0.418 choice=HGGSKF.0.418.c1 (Forest)
[20:51:55] [P1B] tap land for mana used_for=any
[20:51:55] [P1B] submitting interaction iid=HGGSKF.0.419 choice=HGGSKF.0.419.c1 (Forest)
[20:51:55] [P1B] tap land for mana used_for=any
[20:51:55] [P1B] submitting interaction iid=HGGSKF.0.420 choice=HGGSKF.0.420.c1 (Forest)
[20:51:55] [P1B] tap land for mana used_for=any
[20:51:55] [P1B] submitting interaction iid=HGGSKF.0.421 choice=HGGSKF.0.421.c1 (Forest)
[20:51:55] [P1B] tap land for mana used_for=any
[20:51:55] [P1B] submitting interaction iid=HGGSKF.0.422 choice=HGGSKF.0.422.c1 (Forest)
[20:51:55] [P1B] tap land for mana used_for=any
[20:51:55] [P1B] submitting interaction iid=HGGSKF.0.423 choice=HGGSKF.0.423.c1 (Forest)
[20:51:56] [P1B] tap land for mana used_for=any
[20:51:56] [P1B] submitting interaction iid=HGGSKF.0.424 choice=HGGSKF.0.424.c1 (Forest)
[20:51:56] [P1B] tap land for mana used_for=any
[20:51:56] [P1B] submitting interaction iid=HGGSKF.0.425 choice=HGGSKF.0.425.c1 (Forest)
[20:51:57] [P1B] playing land forest
[20:51:57] [P1B] tap land for mana used_for=any
[20:51:57] [P1B] submitting interaction iid=HGGSKF.0.431 choice=HGGSKF.0.431.c1 (Forest)
[20:51:59] [P0B] NOTE: hand=8>7 but vi kind code='choose'; vi_ops=1; trying SelectCards fallback
[20:51:59] [P0B] NOTE: hand=8>7 but vi kind code='choose'; vi_ops=0; trying SelectCards fallback
[20:51:59] [P0B] NOTE: hand=8>7 but vi kind code='choose'; vi_ops=1; trying SelectCards fallback
[20:52:00] [P0B] NOTE: hand=8>7 but vi kind code='choose'; vi_ops=0; trying SelectCards fallback
[20:52:00] [P0B] NOTE: hand=8>7 but vi kind code='choose'; vi_ops=1; trying SelectCards fallback
[20:52:00] [P0B] NOTE: hand=8>7 but vi kind code='choose'; vi_ops=0; trying SelectCards fallback
[20:52:00] [P0B] NOTE: hand=8>7 but vi kind code='relations'; vi_ops=1; trying SelectCards fallback
[20:52:00] [P0B] NOTE: hand=8>7 but vi kind code='choose'; vi_ops=1; trying SelectCards fallback
[20:52:00] [P0B] NOTE: hand=8>7 but vi kind code='choose'; vi_ops=0; trying SelectCards fallback
[20:52:00] [P0B] NOTE: hand=8>7 but vi kind code='choose'; vi_ops=1; trying SelectCards fallback
[20:52:01] [P0B] NOTE: hand=8>7 but vi kind code='choose'; vi_ops=0; trying SelectCards fallback
[20:52:01] [P0B] NOTE: hand=8>7 but vi kind code='choose'; vi_ops=1; trying SelectCards fallback
[20:52:01] [P0B] NOTE: hand=8>7 but vi kind code='choose'; vi_ops=0; trying SelectCards fallback
[20:52:01] [P0B] NOTE: hand=8>7 but vi kind code='select'; vi_ops=1; trying SelectCards fallback
[20:52:01] [P0B] discarding 1 via verbatim SelectCards: ['memnite']
[20:52:02] [P1B] tap land for mana used_for=any
[20:52:02] [P1B] submitting interaction iid=HGGSKF.0.458 choice=HGGSKF.0.458.c1 (Forest)
[20:52:02] [P1B] tap land for mana used_for=any
[20:52:02] [P1B] submitting interaction iid=HGGSKF.0.459 choice=HGGSKF.0.459.c1 (Forest)
[20:52:02] [P1B] tap land for mana used_for=any
[20:52:02] [P1B] submitting interaction iid=HGGSKF.0.460 choice=HGGSKF.0.460.c1 (Forest)
[20:52:02] [P1B] tap land for mana used_for=any
[20:52:02] [P1B] submitting interaction iid=HGGSKF.0.461 choice=HGGSKF.0.461.c1 (Forest)
[20:52:02] [P1B] tap land for mana used_for=any
[20:52:02] [P1B] submitting interaction iid=HGGSKF.0.462 choice=HGGSKF.0.462.c1 (Forest)
[20:52:02] [P1B] tap land for mana used_for=any
[20:52:02] [P1B] submitting interaction iid=HGGSKF.0.463 choice=HGGSKF.0.463.c1 (Forest)
[20:52:02] [P1B] tap land for mana used_for=any
[20:52:02] [P1B] submitting interaction iid=HGGSKF.0.464 choice=HGGSKF.0.464.c1 (Forest)
[20:52:03] [P1B] tap land for mana used_for=any
[20:52:03] [P1B] submitting interaction iid=HGGSKF.0.465 choice=HGGSKF.0.465.c1 (Forest)
[20:52:03] [P1B] tap land for mana used_for=any
[20:52:03] [P1B] submitting interaction iid=HGGSKF.0.466 choice=HGGSKF.0.466.c1 (Forest)
[20:52:03] [P1B] tap land for mana used_for=any
[20:52:03] [P1B] submitting interaction iid=HGGSKF.0.467 choice=HGGSKF.0.467.c1 (Forest)
[20:52:03] [P1B] tap land for mana used_for=any
[20:52:03] [P1B] submitting interaction iid=HGGSKF.0.468 choice=HGGSKF.0.468.c1 (Forest)
[20:52:03] [P1B] tap land for mana used_for=any
[20:52:03] [P1B] submitting interaction iid=HGGSKF.0.469 choice=HGGSKF.0.469.c1 (Forest)
[20:52:04] [P1B] playing land forest
[20:52:04] [P1B] tap land for mana used_for=any
[20:52:04] [P1B] submitting interaction iid=HGGSKF.0.475 choice=HGGSKF.0.475.c1 (Forest)
[20:52:07] [P0B] NOTE: hand=8>7 but vi kind code='choose'; vi_ops=1; trying SelectCards fallback
[20:52:07] [P0B] NOTE: hand=8>7 but vi kind code='choose'; vi_ops=0; trying SelectCards fallback
[20:52:07] [P0B] NOTE: hand=8>7 but vi kind code='choose'; vi_ops=1; trying SelectCards fallback
[20:52:07] [P0B] playing land mountain
[20:52:09] [P1B] tap land for mana used_for=any
[20:52:09] [P1B] submitting interaction iid=HGGSKF.0.502 choice=HGGSKF.0.502.c1 (Forest)
[20:52:10] [P1B] tap land for mana used_for=any
[20:52:10] [P1B] submitting interaction iid=HGGSKF.0.503 choice=HGGSKF.0.503.c1 (Forest)
[20:52:10] [P1B] tap land for mana used_for=any
[20:52:10] [P1B] submitting interaction iid=HGGSKF.0.504 choice=HGGSKF.0.504.c1 (Forest)
[20:52:10] [P1B] tap land for mana used_for=any
[20:52:10] [P1B] submitting interaction iid=HGGSKF.0.505 choice=HGGSKF.0.505.c1 (Forest)
[20:52:10] [P1B] tap land for mana used_for=any
[20:52:10] [P1B] submitting interaction iid=HGGSKF.0.506 choice=HGGSKF.0.506.c1 (Forest)
[20:52:10] [P1B] tap land for mana used_for=any
[20:52:10] [P1B] submitting interaction iid=HGGSKF.0.507 choice=HGGSKF.0.507.c1 (Forest)
[20:52:10] [P1B] tap land for mana used_for=any
[20:52:10] [P1B] submitting interaction iid=HGGSKF.0.508 choice=HGGSKF.0.508.c1 (Forest)
[20:52:11] [P1B] tap land for mana used_for=any
[20:52:11] [P1B] submitting interaction iid=HGGSKF.0.509 choice=HGGSKF.0.509.c1 (Forest)
[20:52:11] [P1B] tap land for mana used_for=any
[20:52:11] [P1B] submitting interaction iid=HGGSKF.0.510 choice=HGGSKF.0.510.c1 (Forest)
[20:52:11] [P1B] tap land for mana used_for=any
[20:52:11] [P1B] submitting interaction iid=HGGSKF.0.511 choice=HGGSKF.0.511.c1 (Forest)
[20:52:11] [P1B] tap land for mana used_for=any
[20:52:11] [P1B] submitting interaction iid=HGGSKF.0.512 choice=HGGSKF.0.512.c1 (Forest)
[20:52:11] [P1B] tap land for mana used_for=any
[20:52:11] [P1B] submitting interaction iid=HGGSKF.0.513 choice=HGGSKF.0.513.c1 (Forest)
[20:52:11] [P1B] tap land for mana used_for=any
[20:52:11] [P1B] submitting interaction iid=HGGSKF.0.514 choice=HGGSKF.0.514.c1 (Forest)
[20:52:12] [P1B] playing land forest
[20:52:12] [P1B] tap land for mana used_for=any
[20:52:12] [P1B] submitting interaction iid=HGGSKF.0.520 choice=HGGSKF.0.520.c1 (Forest)
[20:52:14] [P0B] NOTE: hand=8>7 but vi kind code='choose'; vi_ops=1; trying SelectCards fallback
[20:52:14] [P0B] NOTE: hand=8>7 but vi kind code='choose'; vi_ops=0; trying SelectCards fallback
[20:52:15] [P0B] NOTE: hand=8>7 but vi kind code='choose'; vi_ops=1; trying SelectCards fallback
[20:52:15] [B] P0 casts krark-clan ironworks (oid 24) needs={'generic': 4}
[20:52:16] [B] tap land for mana used_for=generic
[20:52:16] [B] submitting interaction iid=HGGSKF.0.536 choice=HGGSKF.0.536.c2 (Mountain)
[20:52:16] [B] tap land for mana used_for=generic
[20:52:16] [B] submitting interaction iid=HGGSKF.0.537 choice=HGGSKF.0.537.c2 (Mountain)
[20:52:16] [B] tap land for mana used_for=generic
[20:52:16] [B] submitting interaction iid=HGGSKF.0.538 choice=HGGSKF.0.538.c2 (Mountain)
[20:52:16] [B] tap land for mana used_for=generic
[20:52:16] [B] submitting interaction iid=HGGSKF.0.539 choice=HGGSKF.0.539.c2 (Mountain)
[20:52:18] [B] setup complete -> assert phase
[20:52:18] [B] exported pre_B.json
[20:52:18] [B] PRE exported; setup ready (turn 28)
[20:52:18] [P1B] tap land for mana used_for=any
[20:52:18] [P1B] submitting interaction iid=HGGSKF.0.553 choice=HGGSKF.0.553.c1 (Forest)
[20:52:19] [P1B] tap land for mana used_for=any
[20:52:19] [P1B] submitting interaction iid=HGGSKF.0.554 choice=HGGSKF.0.554.c1 (Forest)
[20:52:19] [P1B] tap land for mana used_for=any
[20:52:19] [P1B] submitting interaction iid=HGGSKF.0.555 choice=HGGSKF.0.555.c1 (Forest)
[20:52:19] [P1B] tap land for mana used_for=any
[20:52:19] [P1B] submitting interaction iid=HGGSKF.0.556 choice=HGGSKF.0.556.c1 (Forest)
[20:52:19] [P1B] tap land for mana used_for=any
[20:52:19] [P1B] submitting interaction iid=HGGSKF.0.557 choice=HGGSKF.0.557.c1 (Forest)
[20:52:19] [P1B] tap land for mana used_for=any
[20:52:19] [P1B] submitting interaction iid=HGGSKF.0.558 choice=HGGSKF.0.558.c1 (Forest)
[20:52:19] [P1B] tap land for mana used_for=any
[20:52:19] [P1B] submitting interaction iid=HGGSKF.0.559 choice=HGGSKF.0.559.c1 (Forest)
[20:52:19] [P1B] tap land for mana used_for=any
[20:52:19] [P1B] submitting interaction iid=HGGSKF.0.560 choice=HGGSKF.0.560.c1 (Forest)
[20:52:20] [P1B] tap land for mana used_for=any
[20:52:20] [P1B] submitting interaction iid=HGGSKF.0.561 choice=HGGSKF.0.561.c1 (Forest)
[20:52:20] [P1B] tap land for mana used_for=any
[20:52:20] [P1B] submitting interaction iid=HGGSKF.0.562 choice=HGGSKF.0.562.c1 (Forest)
[20:52:20] [P1B] tap land for mana used_for=any
[20:52:20] [P1B] submitting interaction iid=HGGSKF.0.563 choice=HGGSKF.0.563.c1 (Forest)
[20:52:20] [P1B] tap land for mana used_for=any
[20:52:20] [P1B] submitting interaction iid=HGGSKF.0.564 choice=HGGSKF.0.564.c1 (Forest)
[20:52:20] [P1B] tap land for mana used_for=any
[20:52:20] [P1B] submitting interaction iid=HGGSKF.0.565 choice=HGGSKF.0.565.c1 (Forest)
[20:52:20] [P1B] tap land for mana used_for=any
[20:52:20] [P1B] submitting interaction iid=HGGSKF.0.566 choice=HGGSKF.0.566.c1 (Forest)
[20:52:21] [P1B] playing land forest
[20:52:21] [P1B] tap land for mana used_for=any
[20:52:21] [P1B] submitting interaction iid=HGGSKF.0.572 choice=HGGSKF.0.572.c1 (Forest)
[20:52:24] [P0B] NOTE: hand=8>7 but vi kind code='choose'; vi_ops=1; trying SelectCards fallback
[20:52:24] [P0B] NOTE: hand=8>7 but vi kind code='choose'; vi_ops=0; trying SelectCards fallback
[20:52:24] [P0B] NOTE: hand=8>7 but vi kind code='choose'; vi_ops=1; trying SelectCards fallback
[20:52:27] [P0B] NOTE: hand=8>7 but vi kind code='choose'; vi_ops=0; trying SelectCards fallback
[20:52:27] [P0B] NOTE: hand=8>7 but vi kind code='choose'; vi_ops=1; trying SelectCards fallback
[20:52:27] [P0B] NOTE: hand=8>7 but vi kind code='choose'; vi_ops=0; trying SelectCards fallback
[20:52:27] [P0B] NOTE: hand=8>7 but vi kind code='relations'; vi_ops=1; trying SelectCards fallback
[20:52:27] [P0B] NOTE: hand=8>7 but vi kind code='choose'; vi_ops=1; trying SelectCards fallback
[20:52:28] [P0B] NOTE: hand=8>7 but vi kind code='choose'; vi_ops=0; trying SelectCards fallback
[20:52:28] [P0B] NOTE: hand=8>7 but vi kind code='choose'; vi_ops=1; trying SelectCards fallback
[20:52:28] [B] gate: CastSpell(endless one) offered_seen=True (obs=4)
[20:52:28] [B] -> act phase
[20:52:28] [B] casting endless one
[20:52:29] [P0B] NOTE: hand=8>7 but vi kind code='choose'; vi_ops=1; trying SelectCards fallback
[20:52:29] [B] X-choice offered: min=0 max=12 (turn 30, bf=[('krark-clan ironworks', 1), ('memnite', 1), ('mountain', 9), ('phyrexian altar', 1)])
[20:52:29] [B] B2_x_cap_overcounted: max=12 vs bounded-flow acceptance 11 (mtn=9 kci=1 memnite=1); delta=+1 -> passed
[20:52:29] [B] submitting number X=3
[20:52:29] [B] chose X=3 for endless one
[20:52:30] [B] tap land for mana used_for=generic
[20:52:30] [B] submitting interaction iid=HGGSKF.0.596 choice=HGGSKF.0.596.c3 (Mountain)
[20:52:30] [B] tap land for mana used_for=generic
[20:52:30] [B] submitting interaction iid=HGGSKF.0.597 choice=HGGSKF.0.597.c3 (Mountain)
[20:52:30] [B] tap land for mana used_for=generic
[20:52:30] [B] submitting interaction iid=HGGSKF.0.598 choice=HGGSKF.0.598.c3 (Mountain)
[20:52:30] [B] unmatched interaction while expecting=pay: rtype=exactChoices
[20:52:30] [B] pay telemetry: pool={'R': 3}, stack_spells=1, ones_bf=0, vikind=choose, pending_cast=False
[20:52:30] [B] B3: X=3 payment completed: pool={'R': 3}, stack_spells=1, ones_bf=0, sacs=None
[20:52:30] [B] mid-pay state exported
[20:53:16] WATCHDOG stale P0B: rev 599 turn=30 phase=PostCombatMain legal=['PassPriority'] vikind=choose
[20:53:16] WATCHDOG stale P1B: rev 599 turn=30 phase=PostCombatMain legal=[] vikind=choose
[20:53:16] [B] B3: paid spell not resolved after passes (stack_spells=1)
[20:53:17] [B] POST exported
[20:53:17] [B] expecting pay timed out; clearing
[20:53:17] ===== GAME C: endless one {X} (X=2) =====
[20:53:17] [C] game JTEW3W; P0 seat=0 P1 seat=1
[20:53:17] [P0C] keep 7: ['mountain', 'memnite', 'memnite', 'endless one', 'mountain', 'mountain', 'memnite']
[20:53:17] [P1C] keep 7: ['forest', 'forest', 'forest', 'forest', 'forest', 'forest', 'forest']
[20:53:18] [P1C] playing land forest
[20:53:18] [P1C] tap land for mana used_for=any
[20:53:18] [P1C] submitting interaction iid=JTEW3W.0.7 choice=JTEW3W.0.7.c1 (Forest)
[20:53:20] [P0C] NOTE: hand=8>7 but vi kind code='choose'; vi_ops=1; trying SelectCards fallback
[20:53:20] [P0C] NOTE: hand=8>7 but vi kind code='choose'; vi_ops=0; trying SelectCards fallback
[20:53:21] [P0C] NOTE: hand=8>7 but vi kind code='choose'; vi_ops=1; trying SelectCards fallback
[20:53:21] [P0C] playing land mountain
[20:53:21] [C] P0 casts memnite (oid 4) needs={'generic': 0}
[20:53:23] [P1C] tap land for mana used_for=any
[20:53:23] [P1C] submitting interaction iid=JTEW3W.0.36 choice=JTEW3W.0.36.c1 (Forest)
[20:53:24] [P1C] playing land forest
[20:53:24] [P1C] tap land for mana used_for=any
[20:53:24] [P1C] submitting interaction iid=JTEW3W.0.42 choice=JTEW3W.0.42.c1 (Forest)
[20:53:27] [P0C] playing land mountain
[20:53:29] [P1C] tap land for mana used_for=any
[20:53:29] [P1C] submitting interaction iid=JTEW3W.0.69 choice=JTEW3W.0.69.c1 (Forest)
[20:53:29] [P1C] tap land for mana used_for=any
[20:53:29] [P1C] submitting interaction iid=JTEW3W.0.70 choice=JTEW3W.0.70.c1 (Forest)
[20:53:30] [P1C] playing land forest
[20:53:30] [P1C] tap land for mana used_for=any
[20:53:30] [P1C] submitting interaction iid=JTEW3W.0.76 choice=JTEW3W.0.76.c1 (Forest)
[20:53:32] [P0C] playing land mountain
[20:53:32] [C] P0 casts phyrexian altar (oid 20) needs={'generic': 3}
[20:53:35] [P1C] tap land for mana used_for=any
[20:53:35] [P1C] submitting interaction iid=JTEW3W.0.106 choice=JTEW3W.0.106.c1 (Forest)
[20:53:35] [P1C] tap land for mana used_for=any
[20:53:35] [P1C] submitting interaction iid=JTEW3W.0.107 choice=JTEW3W.0.107.c1 (Forest)
[20:53:35] [P1C] tap land for mana used_for=any
[20:53:35] [P1C] submitting interaction iid=JTEW3W.0.108 choice=JTEW3W.0.108.c1 (Forest)
[20:53:36] [P1C] playing land forest
[20:53:36] [P1C] tap land for mana used_for=any
[20:53:36] [P1C] submitting interaction iid=JTEW3W.0.114 choice=JTEW3W.0.114.c1 (Forest)
[20:53:38] [C] tap land for mana used_for=generic
[20:53:38] [C] submitting interaction iid=JTEW3W.0.125 choice=JTEW3W.0.125.c2 (Mountain)
[20:53:38] [C] tap land for mana used_for=generic
[20:53:38] [C] submitting interaction iid=JTEW3W.0.126 choice=JTEW3W.0.126.c2 (Mountain)
[20:53:38] [C] tap land for mana used_for=generic
[20:53:38] [C] submitting interaction iid=JTEW3W.0.127 choice=JTEW3W.0.127.c2 (Mountain)
[20:53:39] [P0C] playing land mountain
[20:53:41] [P1C] tap land for mana used_for=any
[20:53:41] [P1C] submitting interaction iid=JTEW3W.0.144 choice=JTEW3W.0.144.c1 (Forest)
[20:53:41] [P1C] tap land for mana used_for=any
[20:53:41] [P1C] submitting interaction iid=JTEW3W.0.145 choice=JTEW3W.0.145.c1 (Forest)
[20:53:42] [P1C] tap land for mana used_for=any
[20:53:42] [P1C] submitting interaction iid=JTEW3W.0.146 choice=JTEW3W.0.146.c1 (Forest)
[20:53:42] [P1C] tap land for mana used_for=any
[20:53:42] [P1C] submitting interaction iid=JTEW3W.0.147 choice=JTEW3W.0.147.c1 (Forest)
[20:53:43] [P1C] playing land forest
[20:53:43] [P1C] tap land for mana used_for=any
[20:53:43] [P1C] submitting interaction iid=JTEW3W.0.153 choice=JTEW3W.0.153.c1 (Forest)
[20:53:45] [C] P0 casts krark-clan ironworks (oid 23) needs={'generic': 4}
[20:53:46] [C] setup complete -> assert phase
[20:53:46] [C] exported pre_C.json
[20:53:46] [C] PRE exported; setup ready (turn 10)
[20:53:48] [P1C] tap land for mana used_for=any
[20:53:48] [P1C] submitting interaction iid=JTEW3W.0.182 choice=JTEW3W.0.182.c1 (Forest)
[20:53:48] [P1C] tap land for mana used_for=any
[20:53:48] [P1C] submitting interaction iid=JTEW3W.0.183 choice=JTEW3W.0.183.c1 (Forest)
[20:53:48] [P1C] tap land for mana used_for=any
[20:53:48] [P1C] submitting interaction iid=JTEW3W.0.184 choice=JTEW3W.0.184.c1 (Forest)
[20:53:48] [P1C] tap land for mana used_for=any
[20:53:48] [P1C] submitting interaction iid=JTEW3W.0.185 choice=JTEW3W.0.185.c1 (Forest)
[20:53:49] [P1C] tap land for mana used_for=any
[20:53:49] [P1C] submitting interaction iid=JTEW3W.0.186 choice=JTEW3W.0.186.c1 (Forest)
[20:53:49] [P1C] playing land forest
[20:53:50] [P1C] tap land for mana used_for=any
[20:53:50] [P1C] submitting interaction iid=JTEW3W.0.192 choice=JTEW3W.0.192.c1 (Forest)
[20:53:51] [C] tap land for mana used_for=generic
[20:53:51] [C] submitting interaction iid=JTEW3W.0.203 choice=JTEW3W.0.203.c3 (Mountain)
[20:53:51] [C] tap land for mana used_for=generic
[20:53:51] [C] submitting interaction iid=JTEW3W.0.204 choice=JTEW3W.0.204.c3 (Mountain)
[20:53:52] [C] tap land for mana used_for=generic
[20:53:52] [C] submitting interaction iid=JTEW3W.0.205 choice=JTEW3W.0.205.c3 (Mountain)
[20:53:52] [C] tap land for mana used_for=generic
[20:53:52] [C] submitting interaction iid=JTEW3W.0.206 choice=JTEW3W.0.206.c3 (Mountain)
[20:53:53] [C] gate: CastSpell(endless one) offered_seen=True (obs=4)
[20:53:53] [C] -> act phase
[20:53:53] [C] casting endless one
[20:53:53] [C] X-choice offered: min=0 max=3 (turn 12, bf=[('krark-clan ironworks', 1), ('memnite', 1), ('mountain(tapped)', 4), ('phyrexian altar', 1)])
[20:53:53] [C] C2_x_cap_observed: max=3
[20:53:53] [C] submitting number X=2
[20:53:53] [C] chose X=2 for endless one
[20:53:54] [C] unmatched interaction while expecting=pay: rtype=exactChoices
[20:53:54] [C] activating Krark-Clan Ironworks (ActivateAbility legal_action)
[20:53:55] [C] submitting interaction iid=JTEW3W.0.214 choice=JTEW3W.0.214.s0 (Memnite)
[20:53:55] [C] sacrificed (#1): memnite
[20:53:56] [C] spend pool mana for payment (paid=0/2)
[20:53:56] [C] submitting interaction iid=JTEW3W.0.215 choice=JTEW3W.0.215.p3 ()
[20:53:57] [C] spend pool mana for payment (paid=1/2)
[20:53:57] [C] submitting interaction iid=JTEW3W.0.216 choice=JTEW3W.0.216.p4 ()
[20:53:58] [C] unmatched interaction while expecting=pay: rtype=exactChoices
[20:54:42] WATCHDOG stale P1C: rev 217 turn=12 phase=PreCombatMain legal=[] vikind=choose
[20:54:43] WATCHDOG stale P0C: rev 217 turn=12 phase=PreCombatMain legal=['PassPriority', 'ActivateAbility', 'CancelCast'] vikind=choose
[20:54:44] [C] expecting pay timed out; clearing
[20:54:54] [C] C3: payment never completed in 60s
[20:54:54] [C] POST exported
[20:54:54] server excerpts: 3046 game-code lines, 0 CastSpell-applied lines
